Initialized native services in: C:\Users\user\.gradle\native
Initialized jansi services in: C:\Users\user\.gradle\native
Received JVM installation metadata from 'C:\Program Files\Java\jdk-21': {JAVA_HOME=C:\Program Files\Java\jdk-21, JAVA_VERSION=21.0.8, JAVA_VENDOR=Oracle Corporation, RUNTIME_NAME=Java(TM) SE Runtime Environment, RUNTIME_VERSION=21.0.8+12-LTS-250, VM_NAME=Java HotSpot(TM) 64-Bit Server VM, VM_VERSION=21.0.8+12-LTS-250, VM_VENDOR=Oracle Corporation, OS_ARCH=amd64}
Checking if the launcher JVM can be re-used for build. To be re-used, the launcher JVM needs to match the parameters required for the build process: --add-opens=java.base/java.util=ALL-UNNAMED --add-opens=java.base/java.lang=ALL-UNNAMED --add-opens=java.base/java.lang.invoke=ALL-UNNAMED --add-opens=java.prefs/java.util.prefs=ALL-UNNAMED --add-opens=java.base/java.nio.charset=ALL-UNNAMED --add-opens=java.base/java.net=ALL-UNNAMED --add-opens=java.base/java.util.concurrent.atomic=ALL-UNNAMED -Xmx2048m -Dfile.encoding=UTF-8 -Duser.country=US -Duser.language=en -Duser.variant
To honour the JVM settings for this build a single-use Daemon process will be forked. For more on this, please refer to https://docs.gradle.org/8.5/userguide/gradle_daemon.html#sec:disabling_the_daemon in the Gradle documentation.
Starting process 'Gradle build daemon'. Working directory: C:\Users\user\.gradle\daemon\8.5 Command: C:\Program Files\Java\jdk-21\bin\java.exe --add-opens=java.base/java.util=ALL-UNNAMED --add-opens=java.base/java.lang=ALL-UNNAMED --add-opens=java.base/java.lang.invoke=ALL-UNNAMED --add-opens=java.prefs/java.util.prefs=ALL-UNNAMED --add-opens=java.base/java.nio.charset=ALL-UNNAMED --add-opens=java.base/java.net=ALL-UNNAMED --add-opens=java.base/java.util.concurrent.atomic=ALL-UNNAMED -Xmx2048m -Dfile.encoding=UTF-8 -Duser.country=US -Duser.language=en -Duser.variant -cp C:\Users\user\.gradle\wrapper\dists\gradle-8.5-bin\5t9huq95ubn472n8rpzujfbqh\gradle-8.5\lib\gradle-launcher-8.5.jar -javaagent:C:\Users\user\.gradle\wrapper\dists\gradle-8.5-bin\5t9huq95ubn472n8rpzujfbqh\gradle-8.5\lib\agents\gradle-instrumentation-agent-8.5.jar org.gradle.launcher.daemon.bootstrap.GradleDaemon 8.5
Successfully started process 'Gradle build daemon'
An attempt to start the daemon took 3.756 secs.
The client will now receive all logging from the daemon (pid: 27392). The daemon log file: C:\Users\user\.gradle\daemon\8.5\daemon-27392.out.log
Closing daemon's stdin at end of input.
The daemon will no longer process any standard input.
Daemon will be stopped at the end of the build 
Using 12 worker leases.
Received JVM installation metadata from 'C:\Program Files\Java\jdk-21': {JAVA_HOME=C:\Program Files\Java\jdk-21, JAVA_VERSION=21.0.8, JAVA_VENDOR=Oracle Corporation, RUNTIME_NAME=Java(TM) SE Runtime Environment, RUNTIME_VERSION=21.0.8+12-LTS-250, VM_NAME=Java HotSpot(TM) 64-Bit Server VM, VM_VERSION=21.0.8+12-LTS-250, VM_VENDOR=Oracle Corporation, OS_ARCH=amd64}
Watching the file system is configured to be enabled if available
Now considering [C:\Users\user\Desktop\projects\Football Live Score (Topon)\Live Football] as hierarchies to watch
File system watching is active
Starting Build
Settings evaluated using settings file 'C:\Users\user\Desktop\projects\Football Live Score (Topon)\Live Football\settings.gradle'.
Projects loaded. Root project using build file 'C:\Users\user\Desktop\projects\Football Live Score (Topon)\Live Football\build.gradle'.
Included projects: [root project 'Score24Seven', project ':app']

> Configure project :
Evaluating root project 'Score24Seven' using build file 'C:\Users\user\Desktop\projects\Football Live Score (Topon)\Live Football\build.gradle'.

> Configure project :app
Evaluating project ':app' using build file 'C:\Users\user\Desktop\projects\Football Live Score (Topon)\Live Football\app\build.gradle'.
Using default execution profile
Using Kotlin Gradle Plugin gradle82 variant
Parsed shrinker version: 8.2.47
All projects evaluated.
Task name matched 'assembleRelease'
Selected primary task 'assembleRelease' from project :
Warning: SDK processing. This version only understands SDK XML versions up to 3 but an SDK XML file of version 4 was encountered. This can happen if you use versions of Android Studio and the command-line tools that were released at different times.
Tasks to be executed: [task ':app:buildKotlinToolingMetadata', task ':app:checkKotlinGradlePluginConfigurationErrors', task ':app:preBuild', task ':app:preReleaseBuild', task ':app:checkReleaseAarMetadata', task ':app:generateReleaseResValues', task ':app:mapReleaseSourceSetPaths', task ':app:generateReleaseResources', task ':app:mergeReleaseResources', task ':app:packageReleaseResources', task ':app:parseReleaseLocalResources', task ':app:createReleaseCompatibleScreenManifests', task ':app:extractDeepLinksRelease', task ':app:processReleaseMainManifest', task ':app:processReleaseManifest', task ':app:processReleaseManifestForPackage', task ':app:processReleaseResources', task ':app:kaptGenerateStubsReleaseKotlin', task ':app:kaptReleaseKotlin', task ':app:compileReleaseKotlin', task ':app:javaPreCompileRelease', task ':app:compileReleaseJavaWithJavac', task ':app:extractProguardFiles', task ':app:hiltAggregateDepsRelease', task ':app:hiltJavaCompileRelease', task ':app:generateReleaseLintVitalReportModel', task ':app:lintVitalAnalyzeRelease', task ':app:lintVitalReportRelease', task ':app:lintVitalRelease', task ':app:mergeReleaseJniLibFolders', task ':app:mergeReleaseNativeLibs', task ':app:stripReleaseDebugSymbols', task ':app:extractReleaseNativeSymbolTables', task ':app:mergeReleaseNativeDebugMetadata', task ':app:checkReleaseDuplicateClasses', task ':app:mergeReleaseArtProfile', task ':app:transformReleaseClassesWithAsm', task ':app:expandReleaseArtProfileWildcards', task ':app:mergeReleaseGeneratedProguardFiles', task ':app:processReleaseJavaRes', task ':app:mergeReleaseJavaResource', task ':app:minifyReleaseWithR8', task ':app:compileReleaseArtProfile', task ':app:mergeReleaseShaders', task ':app:compileReleaseShaders', task ':app:generateReleaseAssets', task ':app:mergeReleaseAssets', task ':app:compressReleaseAssets', task ':app:optimizeReleaseResources', task ':app:collectReleaseDependencies', task ':app:sdkReleaseDependencyData', task ':app:writeReleaseAppMetadata', task ':app:writeReleaseSigningConfigVersions', task ':app:packageRelease', task ':app:createReleaseApkListingFileRedirect', task ':app:assembleRelease']
Tasks that were excluded: []
Resolve mutations for :app:buildKotlinToolingMetadata (Thread[#84,Execution worker,5,main]) started.
:app:buildKotlinToolingMetadata (Thread[#84,Execution worker,5,main]) started.

> Task :app:buildKotlinToolingMetadata UP-TO-DATE
Caching disabled for task ':app:buildKotlinToolingMetadata' because:
  Build cache is disabled
Skipping task ':app:buildKotlinToolingMetadata' as it is up-to-date.
Resolve mutations for :app:checkKotlinGradlePluginConfigurationErrors (Thread[#84,Execution worker,5,main]) started.
:app:checkKotlinGradlePluginConfigurationErrors (Thread[#84,Execution worker,5,main]) started.

> Task :app:checkKotlinGradlePluginConfigurationErrors
Caching disabled for task ':app:checkKotlinGradlePluginConfigurationErrors' because:
  Build cache is disabled
Task ':app:checkKotlinGradlePluginConfigurationErrors' is not up-to-date because:
  Task has not declared any outputs despite executing actions.
Resolve mutations for :app:preBuild (Thread[#84,Execution worker,5,main]) started.
:app:preBuild (Thread[#84,Execution worker,5,main]) started.

> Task :app:preBuild UP-TO-DATE
Skipping task ':app:preBuild' as it has no actions.
Resolve mutations for :app:preReleaseBuild (Thread[#84,Execution worker,5,main]) started.
:app:preReleaseBuild (Thread[#84,Execution worker,5,main]) started.

> Task :app:preReleaseBuild UP-TO-DATE
Skipping task ':app:preReleaseBuild' as it has no actions.
Resolve mutations for :app:checkReleaseAarMetadata (Thread[#84,Execution worker,5,main]) started.
:app:checkReleaseAarMetadata (Thread[#89,Execution worker Thread 6,5,main]) started.

> Task :app:checkReleaseAarMetadata
Transforming lottie-compose-6.1.0.aar (com.airbnb.android:lottie-compose:6.1.0) with JetifyTransform
Transforming lottie-6.1.0.aar (com.airbnb.android:lottie:6.1.0) with JetifyTransform
Transforming material-1.11.0.aar (com.google.android.material:material:1.11.0) with JetifyTransform
Transforming coil-compose-2.5.0.aar (io.coil-kt:coil-compose:2.5.0) with JetifyTransform
Transforming appcompat-1.6.1.aar (androidx.appcompat:appcompat:1.6.1) with JetifyTransform
Transforming coil-compose-base-2.5.0.aar (io.coil-kt:coil-compose-base:2.5.0) with JetifyTransform
Transforming coil-2.5.0.aar (io.coil-kt:coil:2.5.0) with JetifyTransform
Transforming coil-base-2.5.0.aar (io.coil-kt:coil-base:2.5.0) with JetifyTransform
Transforming appcompat-resources-1.6.1.aar (androidx.appcompat:appcompat-resources:1.6.1) with JetifyTransform
Transforming constraintlayout-2.0.1.aar (androidx.constraintlayout:constraintlayout:2.0.1) with JetifyTransform
Transforming viewpager2-1.0.0.aar (androidx.viewpager2:viewpager2:1.0.0) with JetifyTransform
Transforming play-services-ads-22.6.0.aar (com.google.android.gms:play-services-ads:22.6.0) with JetifyTransform
Caching disabled for JetifyTransform: C:\Users\user\.gradle\caches\modules-2\files-2.1\io.coil-kt\coil-compose-base\2.5.0\e44141fcefc980376e05d0925afb2cb7e84022\coil-compose-base-2.5.0.aar because:
  Build cache is disabled
Caching disabled for JetifyTransform: C:\Users\user\.gradle\caches\modules-2\files-2.1\com.google.android.material\material\1.11.0\e46abb2e27abed3ad274ba96b169a4c61fbb11fd\material-1.11.0.aar because:
  Build cache is disabled
Caching disabled for JetifyTransform: C:\Users\user\.gradle\caches\modules-2\files-2.1\androidx.appcompat\appcompat-resources\1.6.1\3fe43025e50b556f319b1ff82a730d5a376a31e\appcompat-resources-1.6.1.aar because:
  Build cache is disabled
Caching disabled for JetifyTransform: C:\Users\user\.gradle\caches\modules-2\files-2.1\io.coil-kt\coil-base\2.5.0\2781eb09c2cf68c2c0722b76a5b22f70ff1f909c\coil-base-2.5.0.aar because:
  Build cache is disabled
Caching disabled for JetifyTransform: C:\Users\user\.gradle\caches\modules-2\files-2.1\androidx.viewpager2\viewpager2\1.0.0\91c378a09ddff66e1bb73e90edeac53487d2832b\viewpager2-1.0.0.aar because:
  Build cache is disabled
Caching disabled for JetifyTransform: C:\Users\user\.gradle\caches\modules-2\files-2.1\io.coil-kt\coil\2.5.0\b8715dafc4143e853f897187f163dd32f1c8ab89\coil-2.5.0.aar because:
  Build cache is disabled
Caching disabled for JetifyTransform: C:\Users\user\.gradle\caches\modules-2\files-2.1\io.coil-kt\coil-compose\2.5.0\f8a2b0dd3cd01cb613838b273ca129925bd20642\coil-compose-2.5.0.aar because:
  Build cache is disabled
Caching disabled for JetifyTransform: C:\Users\user\.gradle\caches\modules-2\files-2.1\androidx.constraintlayout\constraintlayout\2.0.1\fab633b1873e5c1fbe49d919fab85ed1f8cf47ca\constraintlayout-2.0.1.aar because:
  Build cache is disabled
Caching disabled for JetifyTransform: C:\Users\user\.gradle\caches\modules-2\files-2.1\com.airbnb.android\lottie\6.1.0\6cf851916bb3e739995867601cf55667975e4e95\lottie-6.1.0.aar because:
  Build cache is disabled
Caching disabled for JetifyTransform: C:\Users\user\.gradle\caches\modules-2\files-2.1\com.google.android.gms\play-services-ads\22.6.0\5bc6cf4b4b6b03c168026f32c11779a9049d1d81\play-services-ads-22.6.0.aar because:
  Build cache is disabled
Caching disabled for JetifyTransform: C:\Users\user\.gradle\caches\modules-2\files-2.1\androidx.appcompat\appcompat\1.6.1\6c7577004b7ebbee5ed87d512b578dd20e3c8c31\appcompat-1.6.1.aar because:
  Build cache is disabled
Caching disabled for JetifyTransform: C:\Users\user\.gradle\caches\modules-2\files-2.1\com.airbnb.android\lottie-compose\6.1.0\db87fd7f0ceb1b062bf65ce24bc026715cce1528\lottie-compose-6.1.0.aar because:
  Build cache is disabled
Skipping JetifyTransform: C:\Users\user\.gradle\caches\modules-2\files-2.1\androidx.appcompat\appcompat\1.6.1\6c7577004b7ebbee5ed87d512b578dd20e3c8c31\appcompat-1.6.1.aar as it is up-to-date.
Skipping JetifyTransform: C:\Users\user\.gradle\caches\modules-2\files-2.1\io.coil-kt\coil\2.5.0\b8715dafc4143e853f897187f163dd32f1c8ab89\coil-2.5.0.aar as it is up-to-date.
Skipping JetifyTransform: C:\Users\user\.gradle\caches\modules-2\files-2.1\androidx.appcompat\appcompat-resources\1.6.1\3fe43025e50b556f319b1ff82a730d5a376a31e\appcompat-resources-1.6.1.aar as it is up-to-date.
Skipping JetifyTransform: C:\Users\user\.gradle\caches\modules-2\files-2.1\androidx.constraintlayout\constraintlayout\2.0.1\fab633b1873e5c1fbe49d919fab85ed1f8cf47ca\constraintlayout-2.0.1.aar as it is up-to-date.
Skipping JetifyTransform: C:\Users\user\.gradle\caches\modules-2\files-2.1\com.google.android.gms\play-services-ads\22.6.0\5bc6cf4b4b6b03c168026f32c11779a9049d1d81\play-services-ads-22.6.0.aar as it is up-to-date.
Skipping JetifyTransform: C:\Users\user\.gradle\caches\modules-2\files-2.1\io.coil-kt\coil-compose-base\2.5.0\e44141fcefc980376e05d0925afb2cb7e84022\coil-compose-base-2.5.0.aar as it is up-to-date.
Skipping JetifyTransform: C:\Users\user\.gradle\caches\modules-2\files-2.1\com.airbnb.android\lottie-compose\6.1.0\db87fd7f0ceb1b062bf65ce24bc026715cce1528\lottie-compose-6.1.0.aar as it is up-to-date.
Skipping JetifyTransform: C:\Users\user\.gradle\caches\modules-2\files-2.1\com.google.android.material\material\1.11.0\e46abb2e27abed3ad274ba96b169a4c61fbb11fd\material-1.11.0.aar as it is up-to-date.
Skipping JetifyTransform: C:\Users\user\.gradle\caches\modules-2\files-2.1\com.airbnb.android\lottie\6.1.0\6cf851916bb3e739995867601cf55667975e4e95\lottie-6.1.0.aar as it is up-to-date.
Skipping JetifyTransform: C:\Users\user\.gradle\caches\modules-2\files-2.1\io.coil-kt\coil-base\2.5.0\2781eb09c2cf68c2c0722b76a5b22f70ff1f909c\coil-base-2.5.0.aar as it is up-to-date.
Skipping JetifyTransform: C:\Users\user\.gradle\caches\modules-2\files-2.1\io.coil-kt\coil-compose\2.5.0\f8a2b0dd3cd01cb613838b273ca129925bd20642\coil-compose-2.5.0.aar as it is up-to-date.
Skipping JetifyTransform: C:\Users\user\.gradle\caches\modules-2\files-2.1\androidx.viewpager2\viewpager2\1.0.0\91c378a09ddff66e1bb73e90edeac53487d2832b\viewpager2-1.0.0.aar as it is up-to-date.
Transforming lottie-compose-6.1.0.aar (com.airbnb.android:lottie-compose:6.1.0) with ExtractAarTransform
Transforming constraintlayout-2.0.1.aar (androidx.constraintlayout:constraintlayout:2.0.1) with ExtractAarTransform
Transforming appcompat-resources-1.6.1.aar (androidx.appcompat:appcompat-resources:1.6.1) with ExtractAarTransform
Transforming coil-compose-base-2.5.0.aar (io.coil-kt:coil-compose-base:2.5.0) with ExtractAarTransform
Transforming lottie-6.1.0.aar (com.airbnb.android:lottie:6.1.0) with ExtractAarTransform
Transforming coil-base-2.5.0.aar (io.coil-kt:coil-base:2.5.0) with ExtractAarTransform
Transforming play-services-ads-22.6.0.aar (com.google.android.gms:play-services-ads:22.6.0) with ExtractAarTransform
Transforming coil-2.5.0.aar (io.coil-kt:coil:2.5.0) with ExtractAarTransform
Transforming viewpager2-1.0.0.aar (androidx.viewpager2:viewpager2:1.0.0) with ExtractAarTransform
Transforming coil-compose-2.5.0.aar (io.coil-kt:coil-compose:2.5.0) with ExtractAarTransform
Transforming material-1.11.0.aar (com.google.android.material:material:1.11.0) with ExtractAarTransform
Transforming appcompat-1.6.1.aar (androidx.appcompat:appcompat:1.6.1) with ExtractAarTransform
Caching disabled for ExtractAarTransform: C:\Users\user\.gradle\caches\modules-2\files-2.1\androidx.constraintlayout\constraintlayout\2.0.1\fab633b1873e5c1fbe49d919fab85ed1f8cf47ca\constraintlayout-2.0.1.aar because:
  Build cache is disabled
Skipping ExtractAarTransform: C:\Users\user\.gradle\caches\modules-2\files-2.1\androidx.constraintlayout\constraintlayout\2.0.1\fab633b1873e5c1fbe49d919fab85ed1f8cf47ca\constraintlayout-2.0.1.aar as it is up-to-date.
Transforming constraintlayout-2.0.1.aar (androidx.constraintlayout:constraintlayout:2.0.1) with AarTransform
Caching disabled for ExtractAarTransform: C:\Users\user\.gradle\caches\transforms-3\d82ddde7da14eda94f3cca4ae01b694f\transformed\jetified-viewpager2-1.0.0.aar because:
  Build cache is disabled
Skipping ExtractAarTransform: C:\Users\user\.gradle\caches\transforms-3\d82ddde7da14eda94f3cca4ae01b694f\transformed\jetified-viewpager2-1.0.0.aar as it is up-to-date.
Transforming viewpager2-1.0.0.aar (androidx.viewpager2:viewpager2:1.0.0) with AarTransform
Caching disabled for ExtractAarTransform: C:\Users\user\.gradle\caches\transforms-3\0d6660770032877c8bd659e064b2816a\transformed\jetified-coil-compose-2.5.0.aar because:
  Build cache is disabled
Skipping ExtractAarTransform: C:\Users\user\.gradle\caches\transforms-3\0d6660770032877c8bd659e064b2816a\transformed\jetified-coil-compose-2.5.0.aar as it is up-to-date.
Transforming coil-compose-2.5.0.aar (io.coil-kt:coil-compose:2.5.0) with AarTransform
Caching disabled for ExtractAarTransform: C:\Users\user\.gradle\caches\transforms-3\3b83c0859f84fcd6d974c10739ba311c\transformed\jetified-coil-base-2.5.0.aar because:
  Build cache is disabled
Skipping ExtractAarTransform: C:\Users\user\.gradle\caches\transforms-3\3b83c0859f84fcd6d974c10739ba311c\transformed\jetified-coil-base-2.5.0.aar as it is up-to-date.
Transforming coil-base-2.5.0.aar (io.coil-kt:coil-base:2.5.0) with AarTransform
Caching disabled for ExtractAarTransform: C:\Users\user\.gradle\caches\transforms-3\623aee7c30918b0bc372641a54efb960\transformed\jetified-coil-compose-base-2.5.0.aar because:
  Build cache is disabled
Skipping ExtractAarTransform: C:\Users\user\.gradle\caches\transforms-3\623aee7c30918b0bc372641a54efb960\transformed\jetified-coil-compose-base-2.5.0.aar as it is up-to-date.
Transforming coil-compose-base-2.5.0.aar (io.coil-kt:coil-compose-base:2.5.0) with AarTransform
Caching disabled for AarTransform: C:\Users\user\.gradle\caches\transforms-3\ba655bab558f728b21e193f216f3fd5b\transformed\constraintlayout-2.0.1 because:
  Build cache is disabled
Caching disabled for AarTransform: C:\Users\user\.gradle\caches\transforms-3\01af9fa4640328761f93b15ceedbb393\transformed\jetified-coil-compose-2.5.0 because:
  Build cache is disabled
Skipping AarTransform: C:\Users\user\.gradle\caches\transforms-3\ba655bab558f728b21e193f216f3fd5b\transformed\constraintlayout-2.0.1 as it is up-to-date.
Skipping AarTransform: C:\Users\user\.gradle\caches\transforms-3\01af9fa4640328761f93b15ceedbb393\transformed\jetified-coil-compose-2.5.0 as it is up-to-date.
Caching disabled for AarTransform: C:\Users\user\.gradle\caches\transforms-3\7c1ae54e643c59b38470a4f4e87f36e0\transformed\jetified-viewpager2-1.0.0 because:
  Build cache is disabled
Skipping AarTransform: C:\Users\user\.gradle\caches\transforms-3\7c1ae54e643c59b38470a4f4e87f36e0\transformed\jetified-viewpager2-1.0.0 as it is up-to-date.
Caching disabled for ExtractAarTransform: C:\Users\user\.gradle\caches\transforms-3\0a8916c9023a0c8953561b4e842192b7\transformed\jetified-lottie-6.1.0.aar because:
  Build cache is disabled
Skipping ExtractAarTransform: C:\Users\user\.gradle\caches\transforms-3\0a8916c9023a0c8953561b4e842192b7\transformed\jetified-lottie-6.1.0.aar as it is up-to-date.
Caching disabled for ExtractAarTransform: C:\Users\user\.gradle\caches\transforms-3\273c1ccbf3398e02dc2f14b75670e867\transformed\jetified-coil-2.5.0.aar because:
  Build cache is disabled
Caching disabled for AarTransform: C:\Users\user\.gradle\caches\transforms-3\73d67742e5e0faeb12f6359aec9f4317\transformed\jetified-coil-base-2.5.0 because:
  Build cache is disabled
Caching disabled for ExtractAarTransform: C:\Users\user\.gradle\caches\transforms-3\f3d2f13db9cc613f09ac253f5a11d2bc\transformed\jetified-lottie-compose-6.1.0.aar because:
  Build cache is disabled
Skipping AarTransform: C:\Users\user\.gradle\caches\transforms-3\73d67742e5e0faeb12f6359aec9f4317\transformed\jetified-coil-base-2.5.0 as it is up-to-date.
Skipping ExtractAarTransform: C:\Users\user\.gradle\caches\transforms-3\273c1ccbf3398e02dc2f14b75670e867\transformed\jetified-coil-2.5.0.aar as it is up-to-date.
Skipping ExtractAarTransform: C:\Users\user\.gradle\caches\transforms-3\f3d2f13db9cc613f09ac253f5a11d2bc\transformed\jetified-lottie-compose-6.1.0.aar as it is up-to-date.
Transforming coil-2.5.0.aar (io.coil-kt:coil:2.5.0) with AarTransform
Transforming lottie-6.1.0.aar (com.airbnb.android:lottie:6.1.0) with AarTransform
Transforming play-services-appset-16.0.1.aar (com.google.android.gms:play-services-appset:16.0.1) with JetifyTransform
Transforming lottie-compose-6.1.0.aar (com.airbnb.android:lottie-compose:6.1.0) with AarTransform
Transforming play-services-base-18.2.0.aar (com.google.android.gms:play-services-base:18.2.0) with JetifyTransform
Transforming play-services-base-18.2.0.aar (com.google.android.gms:play-services-base:18.2.0) with JetifyTransform
Caching disabled for ExtractAarTransform: C:\Users\user\.gradle\caches\transforms-3\fe561860e56c5a4f4048bb09ce052968\transformed\jetified-appcompat-resources-1.6.1.aar because:
  Build cache is disabled
Skipping ExtractAarTransform: C:\Users\user\.gradle\caches\transforms-3\fe561860e56c5a4f4048bb09ce052968\transformed\jetified-appcompat-resources-1.6.1.aar as it is up-to-date.
Transforming drawerlayout-1.1.1.aar (androidx.drawerlayout:drawerlayout:1.1.1) with JetifyTransform
Transforming appcompat-resources-1.6.1.aar (androidx.appcompat:appcompat-resources:1.6.1) with AarTransform
Caching disabled for AarTransform: C:\Users\user\.gradle\caches\transforms-3\125cb728ef3f46ce7225da4c49aa0884\transformed\jetified-coil-compose-base-2.5.0 because:
  Build cache is disabled
Skipping AarTransform: C:\Users\user\.gradle\caches\transforms-3\125cb728ef3f46ce7225da4c49aa0884\transformed\jetified-coil-compose-base-2.5.0 as it is up-to-date.
Caching disabled for AarTransform: C:\Users\user\.gradle\caches\transforms-3\b279794bd278a40574c8244342fbb052\transformed\jetified-coil-2.5.0 because:
  Build cache is disabled
Caching disabled for AarTransform: C:\Users\user\.gradle\caches\transforms-3\7b64fcd84fbd59187c29faf12635bee6\transformed\jetified-lottie-compose-6.1.0 because:
  Build cache is disabled
Skipping AarTransform: C:\Users\user\.gradle\caches\transforms-3\b279794bd278a40574c8244342fbb052\transformed\jetified-coil-2.5.0 as it is up-to-date.
Skipping AarTransform: C:\Users\user\.gradle\caches\transforms-3\7b64fcd84fbd59187c29faf12635bee6\transformed\jetified-lottie-compose-6.1.0 as it is up-to-date.
Caching disabled for JetifyTransform: C:\Users\user\.gradle\caches\modules-2\files-2.1\com.google.android.gms\play-services-appset\16.0.1\838c5fe9b27980862a8093726121c40a64cb698a\play-services-appset-16.0.1.aar because:
  Build cache is disabled
Caching disabled for AarTransform: C:\Users\user\.gradle\caches\transforms-3\f0c43f23ec6e516e0621ab61a039ef0c\transformed\jetified-lottie-6.1.0 because:
  Build cache is disabled
Skipping JetifyTransform: C:\Users\user\.gradle\caches\modules-2\files-2.1\com.google.android.gms\play-services-appset\16.0.1\838c5fe9b27980862a8093726121c40a64cb698a\play-services-appset-16.0.1.aar as it is up-to-date.
Skipping AarTransform: C:\Users\user\.gradle\caches\transforms-3\f0c43f23ec6e516e0621ab61a039ef0c\transformed\jetified-lottie-6.1.0 as it is up-to-date.
Caching disabled for JetifyTransform: C:\Users\user\.gradle\caches\modules-2\files-2.1\com.google.android.gms\play-services-base\18.2.0\79153dec6cc166823db794889eba5c2802e94c7d\play-services-base-18.2.0.aar because:
  Build cache is disabled
Transforming coordinatorlayout-1.1.0.aar (androidx.coordinatorlayout:coordinatorlayout:1.1.0) with JetifyTransform
Transforming play-services-appset-16.0.1.aar (com.google.android.gms:play-services-appset:16.0.1) with ExtractAarTransform
Skipping JetifyTransform: C:\Users\user\.gradle\caches\modules-2\files-2.1\com.google.android.gms\play-services-base\18.2.0\79153dec6cc166823db794889eba5c2802e94c7d\play-services-base-18.2.0.aar as it is up-to-date.
Transforming play-services-base-18.2.0.aar (com.google.android.gms:play-services-base:18.2.0) with ExtractAarTransform
Transforming play-services-base-18.2.0.aar (com.google.android.gms:play-services-base:18.2.0) with ExtractAarTransform
Transforming vectordrawable-animated-1.1.0.aar (androidx.vectordrawable:vectordrawable-animated:1.1.0) with JetifyTransform
Caching disabled for JetifyTransform: C:\Users\user\.gradle\caches\modules-2\files-2.1\androidx.drawerlayout\drawerlayout\1.1.1\1b2b049e1e88589510ddd4d93f2699b46ecd73dd\drawerlayout-1.1.1.aar because:
  Build cache is disabled
Caching disabled for AarTransform: C:\Users\user\.gradle\caches\transforms-3\14c109339047e7a54ee79e8f23fe26ef\transformed\jetified-appcompat-resources-1.6.1 because:
  Build cache is disabled
Transforming transition-1.2.0.aar (androidx.transition:transition:1.2.0) with JetifyTransform
Skipping JetifyTransform: C:\Users\user\.gradle\caches\modules-2\files-2.1\androidx.drawerlayout\drawerlayout\1.1.1\1b2b049e1e88589510ddd4d93f2699b46ecd73dd\drawerlayout-1.1.1.aar as it is up-to-date.
Skipping AarTransform: C:\Users\user\.gradle\caches\transforms-3\14c109339047e7a54ee79e8f23fe26ef\transformed\jetified-appcompat-resources-1.6.1 as it is up-to-date.
Transforming drawerlayout-1.1.1.aar (androidx.drawerlayout:drawerlayout:1.1.1) with ExtractAarTransform
Caching disabled for JetifyTransform: C:\Users\user\.gradle\caches\modules-2\files-2.1\androidx.coordinatorlayout\coordinatorlayout\1.1.0\8eeb7baf75b9595d017642a460df5af3bb9fa4e1\coordinatorlayout-1.1.0.aar because:
  Build cache is disabled
Transforming dynamicanimation-1.0.0.aar (androidx.dynamicanimation:dynamicanimation:1.0.0) with JetifyTransform
Skipping JetifyTransform: C:\Users\user\.gradle\caches\modules-2\files-2.1\androidx.coordinatorlayout\coordinatorlayout\1.1.0\8eeb7baf75b9595d017642a460df5af3bb9fa4e1\coordinatorlayout-1.1.0.aar as it is up-to-date.
Caching disabled for ExtractAarTransform: C:\Users\user\.gradle\caches\transforms-3\9c5c22aa837753835ca871a8ed9398ae\transformed\jetified-play-services-appset-16.0.1.aar because:
  Build cache is disabled
Transforming coordinatorlayout-1.1.0.aar (androidx.coordinatorlayout:coordinatorlayout:1.1.0) with ExtractAarTransform
Skipping ExtractAarTransform: C:\Users\user\.gradle\caches\transforms-3\9c5c22aa837753835ca871a8ed9398ae\transformed\jetified-play-services-appset-16.0.1.aar as it is up-to-date.
Transforming vectordrawable-1.1.0.aar (androidx.vectordrawable:vectordrawable:1.1.0) with JetifyTransform
Transforming play-services-appset-16.0.1.aar (com.google.android.gms:play-services-appset:16.0.1) with AarTransform
Caching disabled for JetifyTransform: C:\Users\user\.gradle\caches\modules-2\files-2.1\androidx.vectordrawable\vectordrawable-animated\1.1.0\fcda1161354501471c30a4e077af6b5c4d4eddc6\vectordrawable-animated-1.1.0.aar because:
  Build cache is disabled
Skipping JetifyTransform: C:\Users\user\.gradle\caches\modules-2\files-2.1\androidx.vectordrawable\vectordrawable-animated\1.1.0\fcda1161354501471c30a4e077af6b5c4d4eddc6\vectordrawable-animated-1.1.0.aar as it is up-to-date.
Caching disabled for JetifyTransform: C:\Users\user\.gradle\caches\modules-2\files-2.1\androidx.dynamicanimation\dynamicanimation\1.0.0\e980497a58fb319d471f3bb78d066b926a08ba8e\dynamicanimation-1.0.0.aar because:
  Build cache is disabled
Transforming vectordrawable-animated-1.1.0.aar (androidx.vectordrawable:vectordrawable-animated:1.1.0) with ExtractAarTransform
Skipping JetifyTransform: C:\Users\user\.gradle\caches\modules-2\files-2.1\androidx.dynamicanimation\dynamicanimation\1.0.0\e980497a58fb319d471f3bb78d066b926a08ba8e\dynamicanimation-1.0.0.aar as it is up-to-date.
Transforming dynamicanimation-1.0.0.aar (androidx.dynamicanimation:dynamicanimation:1.0.0) with ExtractAarTransform
Caching disabled for AarTransform: C:\Users\user\.gradle\caches\transforms-3\6ed70369f3cbd7b6be9f1b6bf7536159\transformed\jetified-play-services-appset-16.0.1 because:
  Build cache is disabled
Caching disabled for JetifyTransform: C:\Users\user\.gradle\caches\modules-2\files-2.1\androidx.vectordrawable\vectordrawable\1.1.0\eac7a364fff534035a2a6cb17770a1288315f69f\vectordrawable-1.1.0.aar because:
  Build cache is disabled
Caching disabled for ExtractAarTransform: C:\Users\user\.gradle\caches\modules-2\files-2.1\androidx.drawerlayout\drawerlayout\1.1.1\1b2b049e1e88589510ddd4d93f2699b46ecd73dd\drawerlayout-1.1.1.aar because:
  Build cache is disabled
Skipping JetifyTransform: C:\Users\user\.gradle\caches\modules-2\files-2.1\androidx.vectordrawable\vectordrawable\1.1.0\eac7a364fff534035a2a6cb17770a1288315f69f\vectordrawable-1.1.0.aar as it is up-to-date.
Skipping ExtractAarTransform: C:\Users\user\.gradle\caches\modules-2\files-2.1\androidx.drawerlayout\drawerlayout\1.1.1\1b2b049e1e88589510ddd4d93f2699b46ecd73dd\drawerlayout-1.1.1.aar as it is up-to-date.
Transforming vectordrawable-1.1.0.aar (androidx.vectordrawable:vectordrawable:1.1.0) with ExtractAarTransform
Skipping AarTransform: C:\Users\user\.gradle\caches\transforms-3\6ed70369f3cbd7b6be9f1b6bf7536159\transformed\jetified-play-services-appset-16.0.1 as it is up-to-date.
Transforming drawerlayout-1.1.1.aar (androidx.drawerlayout:drawerlayout:1.1.1) with AarTransform
Caching disabled for ExtractAarTransform: C:\Users\user\.gradle\caches\modules-2\files-2.1\androidx.vectordrawable\vectordrawable-animated\1.1.0\fcda1161354501471c30a4e077af6b5c4d4eddc6\vectordrawable-animated-1.1.0.aar because:
  Build cache is disabled
Transforming vectordrawable-1.1.0.aar (androidx.vectordrawable:vectordrawable:1.1.0) with JetifyTransform
Skipping ExtractAarTransform: C:\Users\user\.gradle\caches\modules-2\files-2.1\androidx.vectordrawable\vectordrawable-animated\1.1.0\fcda1161354501471c30a4e077af6b5c4d4eddc6\vectordrawable-animated-1.1.0.aar as it is up-to-date.
Caching disabled for ExtractAarTransform: C:\Users\user\.gradle\caches\modules-2\files-2.1\androidx.coordinatorlayout\coordinatorlayout\1.1.0\8eeb7baf75b9595d017642a460df5af3bb9fa4e1\coordinatorlayout-1.1.0.aar because:
  Build cache is disabled
Transforming vectordrawable-animated-1.1.0.aar (androidx.vectordrawable:vectordrawable-animated:1.1.0) with AarTransform
Skipping ExtractAarTransform: C:\Users\user\.gradle\caches\modules-2\files-2.1\androidx.coordinatorlayout\coordinatorlayout\1.1.0\8eeb7baf75b9595d017642a460df5af3bb9fa4e1\coordinatorlayout-1.1.0.aar as it is up-to-date.
Transforming vectordrawable-1.1.0.aar (androidx.vectordrawable:vectordrawable:1.1.0) with ExtractAarTransform
Transforming coordinatorlayout-1.1.0.aar (androidx.coordinatorlayout:coordinatorlayout:1.1.0) with AarTransform
Caching disabled for AarTransform: C:\Users\user\.gradle\caches\transforms-3\778bb1a5d67e711cfa1d601e315d4ba6\transformed\drawerlayout-1.1.1 because:
  Build cache is disabled
Skipping AarTransform: C:\Users\user\.gradle\caches\transforms-3\778bb1a5d67e711cfa1d601e315d4ba6\transformed\drawerlayout-1.1.1 as it is up-to-date.
Caching disabled for ExtractAarTransform: C:\Users\user\.gradle\caches\modules-2\files-2.1\androidx.dynamicanimation\dynamicanimation\1.0.0\e980497a58fb319d471f3bb78d066b926a08ba8e\dynamicanimation-1.0.0.aar because:
  Build cache is disabled
Skipping ExtractAarTransform: C:\Users\user\.gradle\caches\modules-2\files-2.1\androidx.dynamicanimation\dynamicanimation\1.0.0\e980497a58fb319d471f3bb78d066b926a08ba8e\dynamicanimation-1.0.0.aar as it is up-to-date.
Transforming dynamicanimation-1.0.0.aar (androidx.dynamicanimation:dynamicanimation:1.0.0) with AarTransform
Transforming hilt-navigation-compose-1.1.0.aar (androidx.hilt:hilt-navigation-compose:1.1.0) with JetifyTransform
Caching disabled for AarTransform: C:\Users\user\.gradle\caches\transforms-3\9fd41aa9d8f4ce40527fd11c9e9d8547\transformed\coordinatorlayout-1.1.0 because:
  Build cache is disabled
Skipping AarTransform: C:\Users\user\.gradle\caches\transforms-3\9fd41aa9d8f4ce40527fd11c9e9d8547\transformed\coordinatorlayout-1.1.0 as it is up-to-date.
Transforming hilt-navigation-1.1.0.aar (androidx.hilt:hilt-navigation:1.1.0) with JetifyTransform
Caching disabled for AarTransform: C:\Users\user\.gradle\caches\transforms-3\4d4b3f0524238b36b1a0d4335e32a8e5\transformed\dynamicanimation-1.0.0 because:
  Build cache is disabled
Skipping AarTransform: C:\Users\user\.gradle\caches\transforms-3\4d4b3f0524238b36b1a0d4335e32a8e5\transformed\dynamicanimation-1.0.0 as it is up-to-date.
Caching disabled for JetifyTransform: C:\Users\user\.gradle\caches\modules-2\files-2.1\androidx.hilt\hilt-navigation-compose\1.1.0\3279eaf1336d7ffee21ef65df4f496c5772f75e2\hilt-navigation-compose-1.1.0.aar because:
  Build cache is disabled
Skipping JetifyTransform: C:\Users\user\.gradle\caches\modules-2\files-2.1\androidx.hilt\hilt-navigation-compose\1.1.0\3279eaf1336d7ffee21ef65df4f496c5772f75e2\hilt-navigation-compose-1.1.0.aar as it is up-to-date.
Transforming hilt-navigation-compose-1.1.0.aar (androidx.hilt:hilt-navigation-compose:1.1.0) with ExtractAarTransform
Transforming navigation-common-2.7.6.aar (androidx.navigation:navigation-common:2.7.6) with JetifyTransform
Caching disabled for JetifyTransform: C:\Users\user\.gradle\caches\modules-2\files-2.1\androidx.hilt\hilt-navigation\1.1.0\c8abfe926091a93c427e7ced78df01fa56b73210\hilt-navigation-1.1.0.aar because:
  Build cache is disabled
Skipping JetifyTransform: C:\Users\user\.gradle\caches\modules-2\files-2.1\androidx.hilt\hilt-navigation\1.1.0\c8abfe926091a93c427e7ced78df01fa56b73210\hilt-navigation-1.1.0.aar as it is up-to-date.
Transforming hilt-navigation-1.1.0.aar (androidx.hilt:hilt-navigation:1.1.0) with ExtractAarTransform
Caching disabled for JetifyTransform: C:\Users\user\.gradle\caches\modules-2\files-2.1\androidx.navigation\navigation-common\2.7.6\2eecee45d32487df750c718a19cb1e11f238c4ca\navigation-common-2.7.6.aar because:
  Build cache is disabled
Skipping JetifyTransform: C:\Users\user\.gradle\caches\modules-2\files-2.1\androidx.navigation\navigation-common\2.7.6\2eecee45d32487df750c718a19cb1e11f238c4ca\navigation-common-2.7.6.aar as it is up-to-date.
Transforming navigation-common-2.7.6.aar (androidx.navigation:navigation-common:2.7.6) with ExtractAarTransform
Caching disabled for ExtractAarTransform: C:\Users\user\.gradle\caches\transforms-3\8703479fc05bfedc45f378d16d3920a7\transformed\jetified-hilt-navigation-compose-1.1.0.aar because:
  Build cache is disabled
Skipping ExtractAarTransform: C:\Users\user\.gradle\caches\transforms-3\8703479fc05bfedc45f378d16d3920a7\transformed\jetified-hilt-navigation-compose-1.1.0.aar as it is up-to-date.
Caching disabled for ExtractAarTransform: C:\Users\user\.gradle\caches\transforms-3\f46647568c902cdbd165fc6d17ff62f6\transformed\jetified-hilt-navigation-1.1.0.aar because:
  Build cache is disabled
Transforming hilt-navigation-compose-1.1.0.aar (androidx.hilt:hilt-navigation-compose:1.1.0) with AarTransform
Skipping ExtractAarTransform: C:\Users\user\.gradle\caches\transforms-3\f46647568c902cdbd165fc6d17ff62f6\transformed\jetified-hilt-navigation-1.1.0.aar as it is up-to-date.
Transforming hilt-navigation-1.1.0.aar (androidx.hilt:hilt-navigation:1.1.0) with AarTransform
Caching disabled for AarTransform: C:\Users\user\.gradle\caches\transforms-3\529160eccf25a2390ccb8db066af0ebf\transformed\jetified-hilt-navigation-compose-1.1.0 because:
  Build cache is disabled
Skipping AarTransform: C:\Users\user\.gradle\caches\transforms-3\529160eccf25a2390ccb8db066af0ebf\transformed\jetified-hilt-navigation-compose-1.1.0 as it is up-to-date.
Transforming navigation-runtime-2.7.6.aar (androidx.navigation:navigation-runtime:2.7.6) with JetifyTransform
Caching disabled for JetifyTransform: C:\Users\user\.gradle\caches\modules-2\files-2.1\androidx.navigation\navigation-runtime\2.7.6\4cb5888903afcbf2ef96e7420b3f1998e4431a97\navigation-runtime-2.7.6.aar because:
  Build cache is disabled
Skipping JetifyTransform: C:\Users\user\.gradle\caches\modules-2\files-2.1\androidx.navigation\navigation-runtime\2.7.6\4cb5888903afcbf2ef96e7420b3f1998e4431a97\navigation-runtime-2.7.6.aar as it is up-to-date.
Transforming navigation-runtime-2.7.6.aar (androidx.navigation:navigation-runtime:2.7.6) with ExtractAarTransform
Caching disabled for ExtractAarTransform: C:\Users\user\.gradle\caches\modules-2\files-2.1\androidx.navigation\navigation-runtime\2.7.6\4cb5888903afcbf2ef96e7420b3f1998e4431a97\navigation-runtime-2.7.6.aar because:
  Build cache is disabled
Skipping ExtractAarTransform: C:\Users\user\.gradle\caches\modules-2\files-2.1\androidx.navigation\navigation-runtime\2.7.6\4cb5888903afcbf2ef96e7420b3f1998e4431a97\navigation-runtime-2.7.6.aar as it is up-to-date.
Transforming navigation-runtime-2.7.6.aar (androidx.navigation:navigation-runtime:2.7.6) with AarTransform
Caching disabled for AarTransform: C:\Users\user\.gradle\caches\transforms-3\3ce319f41dad2e0f26341deb50e79fea\transformed\navigation-runtime-2.7.6 because:
  Build cache is disabled
Skipping AarTransform: C:\Users\user\.gradle\caches\transforms-3\3ce319f41dad2e0f26341deb50e79fea\transformed\navigation-runtime-2.7.6 as it is up-to-date.
Transforming navigation-common-ktx-2.7.6.aar (androidx.navigation:navigation-common-ktx:2.7.6) with JetifyTransform
Caching disabled for JetifyTransform: C:\Users\user\.gradle\caches\modules-2\files-2.1\androidx.navigation\navigation-common-ktx\2.7.6\d2a5c5a1ad654392d76b922162d1083bcc367bf8\navigation-common-ktx-2.7.6.aar because:
  Build cache is disabled
Skipping JetifyTransform: C:\Users\user\.gradle\caches\modules-2\files-2.1\androidx.navigation\navigation-common-ktx\2.7.6\d2a5c5a1ad654392d76b922162d1083bcc367bf8\navigation-common-ktx-2.7.6.aar as it is up-to-date.
Transforming navigation-common-ktx-2.7.6.aar (androidx.navigation:navigation-common-ktx:2.7.6) with ExtractAarTransform
Caching disabled for ExtractAarTransform: C:\Users\user\.gradle\caches\transforms-3\d3e8b3030454882f18c17b804f4269a0\transformed\jetified-play-services-ads-22.6.0.aar because:
  Build cache is disabled
Skipping ExtractAarTransform: C:\Users\user\.gradle\caches\transforms-3\d3e8b3030454882f18c17b804f4269a0\transformed\jetified-play-services-ads-22.6.0.aar as it is up-to-date.
Transforming play-services-ads-22.6.0.aar (com.google.android.gms:play-services-ads:22.6.0) with AarTransform
Caching disabled for JetifyTransform: C:\Users\user\.gradle\caches\modules-2\files-2.1\androidx.transition\transition\1.2.0\28003577e8b32f5417bfe899bbdc7a333dc81c9f\transition-1.2.0.aar because:
  Build cache is disabled
Skipping JetifyTransform: C:\Users\user\.gradle\caches\modules-2\files-2.1\androidx.transition\transition\1.2.0\28003577e8b32f5417bfe899bbdc7a333dc81c9f\transition-1.2.0.aar as it is up-to-date.
Transforming transition-1.2.0.aar (androidx.transition:transition:1.2.0) with ExtractAarTransform
Caching disabled for AarTransform: C:\Users\user\.gradle\caches\transforms-3\cb4e1830d0316264aa08d7cecb5d49a4\transformed\jetified-play-services-ads-22.6.0 because:
  Build cache is disabled
Skipping AarTransform: C:\Users\user\.gradle\caches\transforms-3\cb4e1830d0316264aa08d7cecb5d49a4\transformed\jetified-play-services-ads-22.6.0 as it is up-to-date.
Transforming navigation-runtime-ktx-2.7.6.aar (androidx.navigation:navigation-runtime-ktx:2.7.6) with JetifyTransform
Caching disabled for ExtractAarTransform: C:\Users\user\.gradle\caches\modules-2\files-2.1\androidx.transition\transition\1.2.0\28003577e8b32f5417bfe899bbdc7a333dc81c9f\transition-1.2.0.aar because:
  Build cache is disabled
Skipping ExtractAarTransform: C:\Users\user\.gradle\caches\modules-2\files-2.1\androidx.transition\transition\1.2.0\28003577e8b32f5417bfe899bbdc7a333dc81c9f\transition-1.2.0.aar as it is up-to-date.
Transforming transition-1.2.0.aar (androidx.transition:transition:1.2.0) with AarTransform
Caching disabled for JetifyTransform: C:\Users\user\.gradle\caches\modules-2\files-2.1\androidx.navigation\navigation-runtime-ktx\2.7.6\b41134cb853acff7f2a8034dac311bc76d53972e\navigation-runtime-ktx-2.7.6.aar because:
  Build cache is disabled
Skipping JetifyTransform: C:\Users\user\.gradle\caches\modules-2\files-2.1\androidx.navigation\navigation-runtime-ktx\2.7.6\b41134cb853acff7f2a8034dac311bc76d53972e\navigation-runtime-ktx-2.7.6.aar as it is up-to-date.
Transforming navigation-runtime-ktx-2.7.6.aar (androidx.navigation:navigation-runtime-ktx:2.7.6) with ExtractAarTransform
Caching disabled for AarTransform: C:\Users\user\.gradle\caches\transforms-3\c589b80479df8889d96e60fd7d9c5d2b\transformed\transition-1.2.0 because:
  Build cache is disabled
Skipping AarTransform: C:\Users\user\.gradle\caches\transforms-3\c589b80479df8889d96e60fd7d9c5d2b\transformed\transition-1.2.0 as it is up-to-date.
Transforming navigation-compose-2.7.6.aar (androidx.navigation:navigation-compose:2.7.6) with JetifyTransform
Caching disabled for ExtractAarTransform: C:\Users\user\.gradle\caches\modules-2\files-2.1\androidx.navigation\navigation-runtime-ktx\2.7.6\b41134cb853acff7f2a8034dac311bc76d53972e\navigation-runtime-ktx-2.7.6.aar because:
  Build cache is disabled
Caching disabled for JetifyTransform: C:\Users\user\.gradle\caches\modules-2\files-2.1\androidx.navigation\navigation-compose\2.7.6\83590becc5484b9845d109193cb3898996f1c7bb\navigation-compose-2.7.6.aar because:
  Build cache is disabled
Skipping ExtractAarTransform: C:\Users\user\.gradle\caches\modules-2\files-2.1\androidx.navigation\navigation-runtime-ktx\2.7.6\b41134cb853acff7f2a8034dac311bc76d53972e\navigation-runtime-ktx-2.7.6.aar as it is up-to-date.
Skipping JetifyTransform: C:\Users\user\.gradle\caches\modules-2\files-2.1\androidx.navigation\navigation-compose\2.7.6\83590becc5484b9845d109193cb3898996f1c7bb\navigation-compose-2.7.6.aar as it is up-to-date.
Transforming navigation-runtime-ktx-2.7.6.aar (androidx.navigation:navigation-runtime-ktx:2.7.6) with AarTransform
Transforming navigation-compose-2.7.6.aar (androidx.navigation:navigation-compose:2.7.6) with ExtractAarTransform
Caching disabled for AarTransform: C:\Users\user\.gradle\caches\transforms-3\e867abbcf77ff1131be5b6df08de5eee\transformed\navigation-runtime-ktx-2.7.6 because:
  Build cache is disabled
Skipping AarTransform: C:\Users\user\.gradle\caches\transforms-3\e867abbcf77ff1131be5b6df08de5eee\transformed\navigation-runtime-ktx-2.7.6 as it is up-to-date.
Transforming accompanist-permissions-0.32.0.aar (com.google.accompanist:accompanist-permissions:0.32.0) with JetifyTransform
Caching disabled for AarTransform: C:\Users\user\.gradle\caches\transforms-3\5c3aa40a2b81e8d14341f580c5067842\transformed\jetified-hilt-navigation-1.1.0 because:
  Build cache is disabled
Skipping AarTransform: C:\Users\user\.gradle\caches\transforms-3\5c3aa40a2b81e8d14341f580c5067842\transformed\jetified-hilt-navigation-1.1.0 as it is up-to-date.
Caching disabled for ExtractAarTransform: C:\Users\user\.gradle\caches\modules-2\files-2.1\androidx.navigation\navigation-common\2.7.6\2eecee45d32487df750c718a19cb1e11f238c4ca\navigation-common-2.7.6.aar because:
  Build cache is disabled
Skipping ExtractAarTransform: C:\Users\user\.gradle\caches\modules-2\files-2.1\androidx.navigation\navigation-common\2.7.6\2eecee45d32487df750c718a19cb1e11f238c4ca\navigation-common-2.7.6.aar as it is up-to-date.
Caching disabled for ExtractAarTransform: C:\Users\user\.gradle\caches\transforms-3\61271fcaa8905c3b5cac30b730ce8a4d\transformed\jetified-play-services-base-18.2.0.aar because:
  Build cache is disabled
Caching disabled for ExtractAarTransform: C:\Users\user\.gradle\caches\transforms-3\be88080fa349fdda78660acba9c2bea4\transformed\jetified-navigation-compose-2.7.6.aar because:
  Build cache is disabled
Caching disabled for JetifyTransform: C:\Users\user\.gradle\caches\modules-2\files-2.1\com.google.accompanist\accompanist-permissions\0.32.0\d285e76c38d9de545b8f7a24c7bb79f0045dd76b\accompanist-permissions-0.32.0.aar because:
  Build cache is disabled
Skipping ExtractAarTransform: C:\Users\user\.gradle\caches\transforms-3\be88080fa349fdda78660acba9c2bea4\transformed\jetified-navigation-compose-2.7.6.aar as it is up-to-date.
Skipping JetifyTransform: C:\Users\user\.gradle\caches\modules-2\files-2.1\com.google.accompanist\accompanist-permissions\0.32.0\d285e76c38d9de545b8f7a24c7bb79f0045dd76b\accompanist-permissions-0.32.0.aar as it is up-to-date.
Transforming room-ktx-2.6.1.aar (androidx.room:room-ktx:2.6.1) with JetifyTransform
Skipping ExtractAarTransform: C:\Users\user\.gradle\caches\transforms-3\61271fcaa8905c3b5cac30b730ce8a4d\transformed\jetified-play-services-base-18.2.0.aar as it is up-to-date.
Transforming navigation-common-2.7.6.aar (androidx.navigation:navigation-common:2.7.6) with AarTransform
Transforming accompanist-permissions-0.32.0.aar (com.google.accompanist:accompanist-permissions:0.32.0) with ExtractAarTransform
Transforming play-services-base-18.2.0.aar (com.google.android.gms:play-services-base:18.2.0) with AarTransform
Transforming navigation-compose-2.7.6.aar (androidx.navigation:navigation-compose:2.7.6) with AarTransform
Transforming play-services-base-18.2.0.aar (com.google.android.gms:play-services-base:18.2.0) with AarTransform
Caching disabled for JetifyTransform: C:\Users\user\.gradle\caches\modules-2\files-2.1\androidx.room\room-ktx\2.6.1\1f353808ec8a8b2d0a554d2a3f43f0829982df60\room-ktx-2.6.1.aar because:
  Build cache is disabled
Caching disabled for AarTransform: C:\Users\user\.gradle\caches\transforms-3\0f46e4ccc0eeb6bdb32e10768693dbb1\transformed\navigation-common-2.7.6 because:
  Build cache is disabled
Skipping JetifyTransform: C:\Users\user\.gradle\caches\modules-2\files-2.1\androidx.room\room-ktx\2.6.1\1f353808ec8a8b2d0a554d2a3f43f0829982df60\room-ktx-2.6.1.aar as it is up-to-date.
Skipping AarTransform: C:\Users\user\.gradle\caches\transforms-3\0f46e4ccc0eeb6bdb32e10768693dbb1\transformed\navigation-common-2.7.6 as it is up-to-date.
Transforming room-ktx-2.6.1.aar (androidx.room:room-ktx:2.6.1) with ExtractAarTransform
Caching disabled for AarTransform: C:\Users\user\.gradle\caches\transforms-3\401ad4d70a412e15a764e8464bd867fe\transformed\jetified-play-services-base-18.2.0 because:
  Build cache is disabled
Caching disabled for AarTransform: C:\Users\user\.gradle\caches\transforms-3\ae35f69c27c9ae25ab61f505d1c73246\transformed\jetified-navigation-compose-2.7.6 because:
  Build cache is disabled
Transforming play-services-ads-lite-22.6.0.aar (com.google.android.gms:play-services-ads-lite:22.6.0) with JetifyTransform
Skipping AarTransform: C:\Users\user\.gradle\caches\transforms-3\ae35f69c27c9ae25ab61f505d1c73246\transformed\jetified-navigation-compose-2.7.6 as it is up-to-date.
Skipping AarTransform: C:\Users\user\.gradle\caches\transforms-3\401ad4d70a412e15a764e8464bd867fe\transformed\jetified-play-services-base-18.2.0 as it is up-to-date.
Caching disabled for ExtractAarTransform: C:\Users\user\.gradle\caches\transforms-3\e4c38736cad5e9f0f7d4b364dbe54266\transformed\jetified-accompanist-permissions-0.32.0.aar because:
  Build cache is disabled
Skipping ExtractAarTransform: C:\Users\user\.gradle\caches\transforms-3\e4c38736cad5e9f0f7d4b364dbe54266\transformed\jetified-accompanist-permissions-0.32.0.aar as it is up-to-date.
Transforming accompanist-permissions-0.32.0.aar (com.google.accompanist:accompanist-permissions:0.32.0) with AarTransform
Transforming work-runtime-2.7.0.aar (androidx.work:work-runtime:2.7.0) with JetifyTransform
Caching disabled for ExtractAarTransform: C:\Users\user\.gradle\caches\transforms-3\8cc8b512882d99d69412b505acddd976\transformed\jetified-room-ktx-2.6.1.aar because:
  Build cache is disabled
Transforming room-runtime-2.6.1.aar (androidx.room:room-runtime:2.6.1) with JetifyTransform
Skipping ExtractAarTransform: C:\Users\user\.gradle\caches\transforms-3\8cc8b512882d99d69412b505acddd976\transformed\jetified-room-ktx-2.6.1.aar as it is up-to-date.
Transforming room-paging-2.6.1.aar (androidx.room:room-paging:2.6.1) with JetifyTransform
Transforming room-ktx-2.6.1.aar (androidx.room:room-ktx:2.6.1) with AarTransform
Caching disabled for JetifyTransform: C:\Users\user\.gradle\caches\modules-2\files-2.1\com.google.android.gms\play-services-ads-lite\22.6.0\b3bc28c1bfcda404a1e746419574a19e4eb3e0b\play-services-ads-lite-22.6.0.aar because:
  Build cache is disabled
Caching disabled for JetifyTransform: C:\Users\user\.gradle\caches\modules-2\files-2.1\androidx.work\work-runtime\2.7.0\109bbbe00b5b9bd6bb83acccb8d414256a696023\work-runtime-2.7.0.aar because:
  Build cache is disabled
Skipping JetifyTransform: C:\Users\user\.gradle\caches\modules-2\files-2.1\com.google.android.gms\play-services-ads-lite\22.6.0\b3bc28c1bfcda404a1e746419574a19e4eb3e0b\play-services-ads-lite-22.6.0.aar as it is up-to-date.
Caching disabled for JetifyTransform: C:\Users\user\.gradle\caches\modules-2\files-2.1\androidx.room\room-runtime\2.6.1\3ebcd7683411c298dd8aeee635f452c96eaf319\room-runtime-2.6.1.aar because:
  Build cache is disabled
Caching disabled for AarTransform: C:\Users\user\.gradle\caches\transforms-3\deeed389b8629d1b86b0d43d85b80f15\transformed\jetified-room-ktx-2.6.1 because:
  Build cache is disabled
Caching disabled for AarTransform: C:\Users\user\.gradle\caches\transforms-3\f60bd6a2f18e5772f3e63663a99cb4e1\transformed\jetified-accompanist-permissions-0.32.0 because:
  Build cache is disabled
Skipping AarTransform: C:\Users\user\.gradle\caches\transforms-3\deeed389b8629d1b86b0d43d85b80f15\transformed\jetified-room-ktx-2.6.1 as it is up-to-date.
Skipping JetifyTransform: C:\Users\user\.gradle\caches\modules-2\files-2.1\androidx.room\room-runtime\2.6.1\3ebcd7683411c298dd8aeee635f452c96eaf319\room-runtime-2.6.1.aar as it is up-to-date.
Caching disabled for JetifyTransform: C:\Users\user\.gradle\caches\modules-2\files-2.1\androidx.room\room-paging\2.6.1\4647807ac886d906d384a4f04fa04ff9c5e27015\room-paging-2.6.1.aar because:
  Build cache is disabled
Skipping JetifyTransform: C:\Users\user\.gradle\caches\modules-2\files-2.1\androidx.work\work-runtime\2.7.0\109bbbe00b5b9bd6bb83acccb8d414256a696023\work-runtime-2.7.0.aar as it is up-to-date.
Transforming room-runtime-2.6.1.aar (androidx.room:room-runtime:2.6.1) with ExtractAarTransform
Transforming play-services-ads-lite-22.6.0.aar (com.google.android.gms:play-services-ads-lite:22.6.0) with ExtractAarTransform
Skipping AarTransform: C:\Users\user\.gradle\caches\transforms-3\f60bd6a2f18e5772f3e63663a99cb4e1\transformed\jetified-accompanist-permissions-0.32.0 as it is up-to-date.
Transforming work-runtime-2.7.0.aar (androidx.work:work-runtime:2.7.0) with ExtractAarTransform
Skipping JetifyTransform: C:\Users\user\.gradle\caches\modules-2\files-2.1\androidx.room\room-paging\2.6.1\4647807ac886d906d384a4f04fa04ff9c5e27015\room-paging-2.6.1.aar as it is up-to-date.
Transforming paging-runtime-3.2.1.aar (androidx.paging:paging-runtime:3.2.1) with JetifyTransform
Transforming room-paging-2.6.1.aar (androidx.room:room-paging:2.6.1) with ExtractAarTransform
Transforming paging-runtime-ktx-3.2.1.aar (androidx.paging:paging-runtime-ktx:3.2.1) with JetifyTransform
Caching disabled for JetifyTransform: C:\Users\user\.gradle\caches\modules-2\files-2.1\androidx.paging\paging-runtime-ktx\3.2.1\7cc5fecbe3530a54a5cc3927405a6b042819a54a\paging-runtime-ktx-3.2.1.aar because:
  Build cache is disabled
Skipping JetifyTransform: C:\Users\user\.gradle\caches\modules-2\files-2.1\androidx.paging\paging-runtime-ktx\3.2.1\7cc5fecbe3530a54a5cc3927405a6b042819a54a\paging-runtime-ktx-3.2.1.aar as it is up-to-date.
Transforming paging-runtime-ktx-3.2.1.aar (androidx.paging:paging-runtime-ktx:3.2.1) with ExtractAarTransform
Caching disabled for ExtractAarTransform: C:\Users\user\.gradle\caches\modules-2\files-2.1\androidx.room\room-runtime\2.6.1\3ebcd7683411c298dd8aeee635f452c96eaf319\room-runtime-2.6.1.aar because:
  Build cache is disabled
Skipping ExtractAarTransform: C:\Users\user\.gradle\caches\modules-2\files-2.1\androidx.room\room-runtime\2.6.1\3ebcd7683411c298dd8aeee635f452c96eaf319\room-runtime-2.6.1.aar as it is up-to-date.
Transforming room-runtime-2.6.1.aar (androidx.room:room-runtime:2.6.1) with AarTransform
Caching disabled for ExtractAarTransform: C:\Users\user\.gradle\caches\modules-2\files-2.1\androidx.work\work-runtime\2.7.0\109bbbe00b5b9bd6bb83acccb8d414256a696023\work-runtime-2.7.0.aar because:
  Build cache is disabled
Skipping ExtractAarTransform: C:\Users\user\.gradle\caches\modules-2\files-2.1\androidx.work\work-runtime\2.7.0\109bbbe00b5b9bd6bb83acccb8d414256a696023\work-runtime-2.7.0.aar as it is up-to-date.
Transforming work-runtime-2.7.0.aar (androidx.work:work-runtime:2.7.0) with AarTransform
Caching disabled for AarTransform: C:\Users\user\.gradle\caches\transforms-3\a0851db4a7ec9890e76aff435b580121\transformed\room-runtime-2.6.1 because:
  Build cache is disabled
Skipping AarTransform: C:\Users\user\.gradle\caches\transforms-3\a0851db4a7ec9890e76aff435b580121\transformed\room-runtime-2.6.1 as it is up-to-date.
Caching disabled for ExtractAarTransform: C:\Users\user\.gradle\caches\transforms-3\fef780525d70977df774a3b3b3e6b579\transformed\jetified-paging-runtime-ktx-3.2.1.aar because:
  Build cache is disabled
Caching disabled for AarTransform: C:\Users\user\.gradle\caches\transforms-3\d13efe73e15feb692f299aca534190ce\transformed\work-runtime-2.7.0 because:
  Build cache is disabled
Skipping ExtractAarTransform: C:\Users\user\.gradle\caches\transforms-3\fef780525d70977df774a3b3b3e6b579\transformed\jetified-paging-runtime-ktx-3.2.1.aar as it is up-to-date.
Skipping AarTransform: C:\Users\user\.gradle\caches\transforms-3\d13efe73e15feb692f299aca534190ce\transformed\work-runtime-2.7.0 as it is up-to-date.
Transforming paging-compose-3.2.1.aar (androidx.paging:paging-compose:3.2.1) with JetifyTransform
Transforming paging-runtime-ktx-3.2.1.aar (androidx.paging:paging-runtime-ktx:3.2.1) with AarTransform
Transforming material3-release.aar (androidx.compose.material3:material3-android:1.2.0) with JetifyTransform
Caching disabled for AarTransform: C:\Users\user\.gradle\caches\transforms-3\88935f1d435615fcfcf4533f1e74a0c1\transformed\jetified-paging-runtime-ktx-3.2.1 because:
  Build cache is disabled
Caching disabled for JetifyTransform: C:\Users\user\.gradle\caches\modules-2\files-2.1\androidx.paging\paging-compose\3.2.1\2bd3eeb89848df4802f8a8f9dd1477815f23b75b\paging-compose-3.2.1.aar because:
  Build cache is disabled
Skipping AarTransform: C:\Users\user\.gradle\caches\transforms-3\88935f1d435615fcfcf4533f1e74a0c1\transformed\jetified-paging-runtime-ktx-3.2.1 as it is up-to-date.
Skipping JetifyTransform: C:\Users\user\.gradle\caches\modules-2\files-2.1\androidx.paging\paging-compose\3.2.1\2bd3eeb89848df4802f8a8f9dd1477815f23b75b\paging-compose-3.2.1.aar as it is up-to-date.
Transforming paging-compose-3.2.1.aar (androidx.paging:paging-compose:3.2.1) with ExtractAarTransform
Caching disabled for JetifyTransform: C:\Users\user\.gradle\caches\modules-2\files-2.1\androidx.compose.material3\material3-android\1.2.0\543f77149e0a393bedb444c4382ba9d49a5750ca\material3-release.aar because:
  Build cache is disabled
Skipping JetifyTransform: C:\Users\user\.gradle\caches\modules-2\files-2.1\androidx.compose.material3\material3-android\1.2.0\543f77149e0a393bedb444c4382ba9d49a5750ca\material3-release.aar as it is up-to-date.
Transforming material-ripple-release.aar (androidx.compose.material:material-ripple-android:1.6.1) with JetifyTransform
Transforming material3-release.aar (androidx.compose.material3:material3-android:1.2.0) with ExtractAarTransform
Caching disabled for ExtractAarTransform: C:\Users\user\.gradle\caches\transforms-3\1c165f469a0d1ab5f2a6a8759b5982a5\transformed\jetified-paging-compose-3.2.1.aar because:
  Build cache is disabled
Skipping ExtractAarTransform: C:\Users\user\.gradle\caches\transforms-3\1c165f469a0d1ab5f2a6a8759b5982a5\transformed\jetified-paging-compose-3.2.1.aar as it is up-to-date.
Transforming paging-compose-3.2.1.aar (androidx.paging:paging-compose:3.2.1) with AarTransform
Caching disabled for ExtractAarTransform: C:\Users\user\.gradle\caches\modules-2\files-2.1\androidx.appcompat\appcompat\1.6.1\6c7577004b7ebbee5ed87d512b578dd20e3c8c31\appcompat-1.6.1.aar because:
  Build cache is disabled
Skipping ExtractAarTransform: C:\Users\user\.gradle\caches\modules-2\files-2.1\androidx.appcompat\appcompat\1.6.1\6c7577004b7ebbee5ed87d512b578dd20e3c8c31\appcompat-1.6.1.aar as it is up-to-date.
Transforming appcompat-1.6.1.aar (androidx.appcompat:appcompat:1.6.1) with AarTransform
Caching disabled for ExtractAarTransform: C:\Users\user\.gradle\caches\transforms-3\cc8f2761067710b6744b3a67b3790448\transformed\jetified-play-services-ads-lite-22.6.0.aar because:
  Build cache is disabled
Caching disabled for ExtractAarTransform: C:\Users\user\.gradle\caches\modules-2\files-2.1\androidx.vectordrawable\vectordrawable\1.1.0\eac7a364fff534035a2a6cb17770a1288315f69f\vectordrawable-1.1.0.aar because:
  Build cache is disabled
Skipping ExtractAarTransform: C:\Users\user\.gradle\caches\transforms-3\cc8f2761067710b6744b3a67b3790448\transformed\jetified-play-services-ads-lite-22.6.0.aar as it is up-to-date.
Skipping ExtractAarTransform: C:\Users\user\.gradle\caches\modules-2\files-2.1\androidx.vectordrawable\vectordrawable\1.1.0\eac7a364fff534035a2a6cb17770a1288315f69f\vectordrawable-1.1.0.aar as it is up-to-date.
Transforming play-services-ads-lite-22.6.0.aar (com.google.android.gms:play-services-ads-lite:22.6.0) with AarTransform
Transforming vectordrawable-1.1.0.aar (androidx.vectordrawable:vectordrawable:1.1.0) with AarTransform
Transforming vectordrawable-1.1.0.aar (androidx.vectordrawable:vectordrawable:1.1.0) with AarTransform
Caching disabled for JetifyTransform: C:\Users\user\.gradle\caches\modules-2\files-2.1\androidx.compose.material\material-ripple-android\1.6.1\b00045482d0b998be9d580e0b17e0b7d686e37c3\material-ripple-release.aar because:
  Build cache is disabled
Skipping JetifyTransform: C:\Users\user\.gradle\caches\modules-2\files-2.1\androidx.compose.material\material-ripple-android\1.6.1\b00045482d0b998be9d580e0b17e0b7d686e37c3\material-ripple-release.aar as it is up-to-date.
Transforming material-ripple-release.aar (androidx.compose.material:material-ripple-android:1.6.1) with ExtractAarTransform
Caching disabled for AarTransform: C:\Users\user\.gradle\caches\transforms-3\f0f9ccfae522ac4dd97fb98b3f926856\transformed\appcompat-1.6.1 because:
  Build cache is disabled
Caching disabled for AarTransform: C:\Users\user\.gradle\caches\transforms-3\2619ed40ef3fa7bd0956e04ee7e7a9f1\transformed\vectordrawable-1.1.0 because:
  Build cache is disabled
Skipping AarTransform: C:\Users\user\.gradle\caches\transforms-3\f0f9ccfae522ac4dd97fb98b3f926856\transformed\appcompat-1.6.1 as it is up-to-date.
Skipping AarTransform: C:\Users\user\.gradle\caches\transforms-3\2619ed40ef3fa7bd0956e04ee7e7a9f1\transformed\vectordrawable-1.1.0 as it is up-to-date.
Caching disabled for AarTransform: C:\Users\user\.gradle\caches\transforms-3\c4b49199efd8b05d152a707fc92393f9\transformed\jetified-play-services-ads-lite-22.6.0 because:
  Build cache is disabled
Skipping AarTransform: C:\Users\user\.gradle\caches\transforms-3\c4b49199efd8b05d152a707fc92393f9\transformed\jetified-play-services-ads-lite-22.6.0 as it is up-to-date.
Transforming material-icons-core-release.aar (androidx.compose.material:material-icons-core-android:1.6.1) with JetifyTransform
Transforming material-release.aar (androidx.compose.material:material-android:1.6.1) with JetifyTransform
Caching disabled for ExtractAarTransform: C:\Users\user\.gradle\caches\transforms-3\1ecd7f2c9c3b9b8dbba76bd63f38663f\transformed\jetified-material-ripple-release.aar because:
  Build cache is disabled
Skipping ExtractAarTransform: C:\Users\user\.gradle\caches\transforms-3\1ecd7f2c9c3b9b8dbba76bd63f38663f\transformed\jetified-material-ripple-release.aar as it is up-to-date.
Caching disabled for JetifyTransform: C:\Users\user\.gradle\caches\modules-2\files-2.1\androidx.compose.material\material-icons-core-android\1.6.1\be6998192dcc7b06531e18c909030ed16b401681\material-icons-core-release.aar because:
  Build cache is disabled
Transforming animation-core-release.aar (androidx.compose.animation:animation-core-android:1.6.1) with JetifyTransform
Skipping JetifyTransform: C:\Users\user\.gradle\caches\modules-2\files-2.1\androidx.compose.material\material-icons-core-android\1.6.1\be6998192dcc7b06531e18c909030ed16b401681\material-icons-core-release.aar as it is up-to-date.
Transforming material-ripple-release.aar (androidx.compose.material:material-ripple-android:1.6.1) with AarTransform
Transforming animation-release.aar (androidx.compose.animation:animation-android:1.6.1) with JetifyTransform
Caching disabled for JetifyTransform: C:\Users\user\.gradle\caches\modules-2\files-2.1\androidx.compose.material\material-android\1.6.1\7657cce2565164cdc3a70c0a61b68591d7bfe1\material-release.aar because:
  Build cache is disabled
Skipping JetifyTransform: C:\Users\user\.gradle\caches\modules-2\files-2.1\androidx.compose.material\material-android\1.6.1\7657cce2565164cdc3a70c0a61b68591d7bfe1\material-release.aar as it is up-to-date.
Transforming material-icons-core-release.aar (androidx.compose.material:material-icons-core-android:1.6.1) with ExtractAarTransform
Transforming material-release.aar (androidx.compose.material:material-android:1.6.1) with ExtractAarTransform
Caching disabled for JetifyTransform: C:\Users\user\.gradle\caches\modules-2\files-2.1\androidx.compose.animation\animation-core-android\1.6.1\e5d2cf7e510ac07874ec0ef1ca8b5c4e7ebdc28a\animation-core-release.aar because:
  Build cache is disabled
Caching disabled for AarTransform: C:\Users\user\.gradle\caches\transforms-3\b6b0faadec3c628e9c76a6db86636b8a\transformed\jetified-material-ripple-release because:
  Build cache is disabled
Skipping JetifyTransform: C:\Users\user\.gradle\caches\modules-2\files-2.1\androidx.compose.animation\animation-core-android\1.6.1\e5d2cf7e510ac07874ec0ef1ca8b5c4e7ebdc28a\animation-core-release.aar as it is up-to-date.
Skipping AarTransform: C:\Users\user\.gradle\caches\transforms-3\b6b0faadec3c628e9c76a6db86636b8a\transformed\jetified-material-ripple-release as it is up-to-date.
Transforming animation-core-release.aar (androidx.compose.animation:animation-core-android:1.6.1) with ExtractAarTransform
Caching disabled for JetifyTransform: C:\Users\user\.gradle\caches\modules-2\files-2.1\androidx.compose.animation\animation-android\1.6.1\a4d0c38d866ed0c45ca9bccf3e1a4ea8fbb9bae9\animation-release.aar because:
  Build cache is disabled
Skipping JetifyTransform: C:\Users\user\.gradle\caches\modules-2\files-2.1\androidx.compose.animation\animation-android\1.6.1\a4d0c38d866ed0c45ca9bccf3e1a4ea8fbb9bae9\animation-release.aar as it is up-to-date.
Transforming animation-release.aar (androidx.compose.animation:animation-android:1.6.1) with ExtractAarTransform
Transforming foundation-layout-release.aar (androidx.compose.foundation:foundation-layout-android:1.6.1) with JetifyTransform
Caching disabled for ExtractAarTransform: C:\Users\user\.gradle\caches\transforms-3\063821bd26541215de873b02f8ffafa4\transformed\jetified-material-icons-core-release.aar because:
  Build cache is disabled
Skipping ExtractAarTransform: C:\Users\user\.gradle\caches\transforms-3\063821bd26541215de873b02f8ffafa4\transformed\jetified-material-icons-core-release.aar as it is up-to-date.
Transforming material-icons-core-release.aar (androidx.compose.material:material-icons-core-android:1.6.1) with AarTransform
Caching disabled for JetifyTransform: C:\Users\user\.gradle\caches\modules-2\files-2.1\androidx.compose.foundation\foundation-layout-android\1.6.1\9043a12f1dcde353155ed4b2932305b86fc0fe6b\foundation-layout-release.aar because:
  Build cache is disabled
Skipping JetifyTransform: C:\Users\user\.gradle\caches\modules-2\files-2.1\androidx.compose.foundation\foundation-layout-android\1.6.1\9043a12f1dcde353155ed4b2932305b86fc0fe6b\foundation-layout-release.aar as it is up-to-date.
Caching disabled for ExtractAarTransform: C:\Users\user\.gradle\caches\modules-2\files-2.1\com.google.android.material\material\1.11.0\e46abb2e27abed3ad274ba96b169a4c61fbb11fd\material-1.11.0.aar because:
  Build cache is disabled
Caching disabled for AarTransform: C:\Users\user\.gradle\caches\transforms-3\c91da17cc1cab4ba2d28b8a00826b7a4\transformed\vectordrawable-animated-1.1.0 because:
  Build cache is disabled
Skipping ExtractAarTransform: C:\Users\user\.gradle\caches\modules-2\files-2.1\com.google.android.material\material\1.11.0\e46abb2e27abed3ad274ba96b169a4c61fbb11fd\material-1.11.0.aar as it is up-to-date.
Skipping AarTransform: C:\Users\user\.gradle\caches\transforms-3\c91da17cc1cab4ba2d28b8a00826b7a4\transformed\vectordrawable-animated-1.1.0 as it is up-to-date.
Caching disabled for AarTransform: C:\Users\user\.gradle\caches\transforms-3\be77d38c4543d58a04ecd2e2930e4907\transformed\jetified-material-icons-core-release because:
  Build cache is disabled
Transforming material-1.11.0.aar (com.google.android.material:material:1.11.0) with AarTransform
Skipping AarTransform: C:\Users\user\.gradle\caches\transforms-3\be77d38c4543d58a04ecd2e2930e4907\transformed\jetified-material-icons-core-release as it is up-to-date.
Caching disabled for ExtractAarTransform: C:\Users\user\.gradle\caches\transforms-3\1db05b8da6febfd9727417c3f1e9b103\transformed\jetified-material-release.aar because:
  Build cache is disabled
Transforming foundation-layout-release.aar (androidx.compose.foundation:foundation-layout-android:1.6.1) with ExtractAarTransform
Caching disabled for ExtractAarTransform: C:\Users\user\.gradle\caches\transforms-3\3dc0501c76e929524b437f24196d70ff\transformed\jetified-room-paging-2.6.1.aar because:
  Build cache is disabled
Skipping ExtractAarTransform: C:\Users\user\.gradle\caches\transforms-3\3dc0501c76e929524b437f24196d70ff\transformed\jetified-room-paging-2.6.1.aar as it is up-to-date.
Skipping ExtractAarTransform: C:\Users\user\.gradle\caches\transforms-3\1db05b8da6febfd9727417c3f1e9b103\transformed\jetified-material-release.aar as it is up-to-date.
Caching disabled for JetifyTransform: C:\Users\user\.gradle\caches\modules-2\files-2.1\androidx.paging\paging-runtime\3.2.1\d443532f0cf032fa47344b6e329bf0cb67ee638b\paging-runtime-3.2.1.aar because:
  Build cache is disabled
Skipping JetifyTransform: C:\Users\user\.gradle\caches\modules-2\files-2.1\androidx.paging\paging-runtime\3.2.1\d443532f0cf032fa47344b6e329bf0cb67ee638b\paging-runtime-3.2.1.aar as it is up-to-date.
Transforming material-release.aar (androidx.compose.material:material-android:1.6.1) with AarTransform
Transforming foundation-release.aar (androidx.compose.foundation:foundation-android:1.6.1) with JetifyTransform
Transforming paging-runtime-3.2.1.aar (androidx.paging:paging-runtime:3.2.1) with ExtractAarTransform
Caching disabled for ExtractAarTransform: C:\Users\user\.gradle\caches\transforms-3\cbb9300e85ec24256c793b397db19035\transformed\jetified-animation-core-release.aar because:
  Build cache is disabled
Skipping ExtractAarTransform: C:\Users\user\.gradle\caches\transforms-3\cbb9300e85ec24256c793b397db19035\transformed\jetified-animation-core-release.aar as it is up-to-date.
Transforming ui-unit-release.aar (androidx.compose.ui:ui-unit-android:1.6.1) with JetifyTransform
Transforming animation-core-release.aar (androidx.compose.animation:animation-core-android:1.6.1) with AarTransform
Transforming room-paging-2.6.1.aar (androidx.room:room-paging:2.6.1) with AarTransform
Caching disabled for ExtractAarTransform: C:\Users\user\.gradle\caches\modules-2\files-2.1\androidx.navigation\navigation-common-ktx\2.7.6\d2a5c5a1ad654392d76b922162d1083bcc367bf8\navigation-common-ktx-2.7.6.aar because:
  Build cache is disabled
Caching disabled for ExtractAarTransform: C:\Users\user\.gradle\caches\transforms-3\b69437159b1e2ebe72beac37c05e8c22\transformed\jetified-animation-release.aar because:
  Build cache is disabled
Skipping ExtractAarTransform: C:\Users\user\.gradle\caches\modules-2\files-2.1\androidx.navigation\navigation-common-ktx\2.7.6\d2a5c5a1ad654392d76b922162d1083bcc367bf8\navigation-common-ktx-2.7.6.aar as it is up-to-date.
Skipping ExtractAarTransform: C:\Users\user\.gradle\caches\transforms-3\b69437159b1e2ebe72beac37c05e8c22\transformed\jetified-animation-release.aar as it is up-to-date.
Transforming navigation-common-ktx-2.7.6.aar (androidx.navigation:navigation-common-ktx:2.7.6) with AarTransform
Transforming animation-release.aar (androidx.compose.animation:animation-android:1.6.1) with AarTransform
Caching disabled for AarTransform: C:\Users\user\.gradle\caches\transforms-3\d76c3ac89ac3f5a9a20dcb6973cf40e8\transformed\material-1.11.0 because:
  Build cache is disabled
Skipping AarTransform: C:\Users\user\.gradle\caches\transforms-3\d76c3ac89ac3f5a9a20dcb6973cf40e8\transformed\material-1.11.0 as it is up-to-date.
Transforming ui-geometry-release.aar (androidx.compose.ui:ui-geometry-android:1.6.1) with JetifyTransform
Caching disabled for AarTransform: C:\Users\user\.gradle\caches\transforms-3\cbc2465336ded970d23300a578f47882\transformed\jetified-material-release because:
  Build cache is disabled
Caching disabled for JetifyTransform: C:\Users\user\.gradle\caches\modules-2\files-2.1\androidx.compose.foundation\foundation-android\1.6.1\a63525fef18311b31a1470417478901aee324f57\foundation-release.aar because:
  Build cache is disabled
Skipping AarTransform: C:\Users\user\.gradle\caches\transforms-3\cbc2465336ded970d23300a578f47882\transformed\jetified-material-release as it is up-to-date.
Skipping JetifyTransform: C:\Users\user\.gradle\caches\modules-2\files-2.1\androidx.compose.foundation\foundation-android\1.6.1\a63525fef18311b31a1470417478901aee324f57\foundation-release.aar as it is up-to-date.
Caching disabled for ExtractAarTransform: C:\Users\user\.gradle\caches\modules-2\files-2.1\androidx.paging\paging-runtime\3.2.1\d443532f0cf032fa47344b6e329bf0cb67ee638b\paging-runtime-3.2.1.aar because:
  Build cache is disabled
Transforming foundation-release.aar (androidx.compose.foundation:foundation-android:1.6.1) with ExtractAarTransform
Skipping ExtractAarTransform: C:\Users\user\.gradle\caches\modules-2\files-2.1\androidx.paging\paging-runtime\3.2.1\d443532f0cf032fa47344b6e329bf0cb67ee638b\paging-runtime-3.2.1.aar as it is up-to-date.
Transforming paging-runtime-3.2.1.aar (androidx.paging:paging-runtime:3.2.1) with AarTransform
Caching disabled for AarTransform: C:\Users\user\.gradle\caches\transforms-3\72921219f6734e39e36ce1ab1aad6d03\transformed\navigation-common-ktx-2.7.6 because:
  Build cache is disabled
Skipping AarTransform: C:\Users\user\.gradle\caches\transforms-3\72921219f6734e39e36ce1ab1aad6d03\transformed\navigation-common-ktx-2.7.6 as it is up-to-date.
Caching disabled for AarTransform: C:\Users\user\.gradle\caches\transforms-3\8773d98ab94b13f9d6437ce7e24c811e\transformed\jetified-paging-compose-3.2.1 because:
  Build cache is disabled
Caching disabled for AarTransform: C:\Users\user\.gradle\caches\transforms-3\a8d18580fb95d594af0e3ea2434d1f2a\transformed\jetified-animation-core-release because:
  Build cache is disabled
Skipping AarTransform: C:\Users\user\.gradle\caches\transforms-3\8773d98ab94b13f9d6437ce7e24c811e\transformed\jetified-paging-compose-3.2.1 as it is up-to-date.
Caching disabled for JetifyTransform: C:\Users\user\.gradle\caches\modules-2\files-2.1\androidx.compose.ui\ui-unit-android\1.6.1\a6d09090502a8682fc3c2b5896c07e7c874973ab\ui-unit-release.aar because:
  Build cache is disabled
Skipping JetifyTransform: C:\Users\user\.gradle\caches\modules-2\files-2.1\androidx.compose.ui\ui-unit-android\1.6.1\a6d09090502a8682fc3c2b5896c07e7c874973ab\ui-unit-release.aar as it is up-to-date.
Transforming ui-util-release.aar (androidx.compose.ui:ui-util-android:1.6.1) with JetifyTransform
Caching disabled for ExtractAarTransform: C:\Users\user\.gradle\caches\transforms-3\4decf918e3504277ff442969dbb0b64b\transformed\jetified-foundation-layout-release.aar because:
  Build cache is disabled
Skipping ExtractAarTransform: C:\Users\user\.gradle\caches\transforms-3\4decf918e3504277ff442969dbb0b64b\transformed\jetified-foundation-layout-release.aar as it is up-to-date.
Transforming ui-text-release.aar (androidx.compose.ui:ui-text-android:1.6.1) with JetifyTransform
Transforming ui-unit-release.aar (androidx.compose.ui:ui-unit-android:1.6.1) with ExtractAarTransform
Skipping AarTransform: C:\Users\user\.gradle\caches\transforms-3\a8d18580fb95d594af0e3ea2434d1f2a\transformed\jetified-animation-core-release as it is up-to-date.
Transforming foundation-layout-release.aar (androidx.compose.foundation:foundation-layout-android:1.6.1) with AarTransform
Caching disabled for AarTransform: C:\Users\user\.gradle\caches\transforms-3\48cbbb2a7e04ed4bd14f5ee9909e7333\transformed\jetified-room-paging-2.6.1 because:
  Build cache is disabled
Skipping AarTransform: C:\Users\user\.gradle\caches\transforms-3\48cbbb2a7e04ed4bd14f5ee9909e7333\transformed\jetified-room-paging-2.6.1 as it is up-to-date.
Caching disabled for AarTransform: C:\Users\user\.gradle\caches\transforms-3\0a80b947bb60c2e5812c98a4cde80cb9\transformed\jetified-animation-release because:
  Build cache is disabled
Caching disabled for AarTransform: C:\Users\user\.gradle\caches\transforms-3\20b81b3594ace06c7a70dff3a2366e16\transformed\paging-runtime-3.2.1 because:
  Build cache is disabled
Skipping AarTransform: C:\Users\user\.gradle\caches\transforms-3\0a80b947bb60c2e5812c98a4cde80cb9\transformed\jetified-animation-release as it is up-to-date.
Caching disabled for JetifyTransform: C:\Users\user\.gradle\caches\modules-2\files-2.1\androidx.compose.ui\ui-geometry-android\1.6.1\1efe25ebc78c587e16ef448b8ff7d9fb08730b91\ui-geometry-release.aar because:
  Build cache is disabled
Skipping AarTransform: C:\Users\user\.gradle\caches\transforms-3\20b81b3594ace06c7a70dff3a2366e16\transformed\paging-runtime-3.2.1 as it is up-to-date.
Skipping JetifyTransform: C:\Users\user\.gradle\caches\modules-2\files-2.1\androidx.compose.ui\ui-geometry-android\1.6.1\1efe25ebc78c587e16ef448b8ff7d9fb08730b91\ui-geometry-release.aar as it is up-to-date.
Transforming ui-geometry-release.aar (androidx.compose.ui:ui-geometry-android:1.6.1) with ExtractAarTransform
Transforming ui-tooling-preview-release.aar (androidx.compose.ui:ui-tooling-preview-android:1.6.1) with JetifyTransform
Caching disabled for JetifyTransform: C:\Users\user\.gradle\caches\modules-2\files-2.1\androidx.compose.ui\ui-util-android\1.6.1\d64459caf0e9d7a9b34049fedb23adcd5fa7367d\ui-util-release.aar because:
  Build cache is disabled
Skipping JetifyTransform: C:\Users\user\.gradle\caches\modules-2\files-2.1\androidx.compose.ui\ui-util-android\1.6.1\d64459caf0e9d7a9b34049fedb23adcd5fa7367d\ui-util-release.aar as it is up-to-date.
Caching disabled for JetifyTransform: C:\Users\user\.gradle\caches\modules-2\files-2.1\androidx.compose.ui\ui-text-android\1.6.1\7c69dc472e270a5afa4dbdd6e7e2cc4f33857ee3\ui-text-release.aar because:
  Build cache is disabled
Caching disabled for AarTransform: C:\Users\user\.gradle\caches\transforms-3\c0256db1311281ff7005418483771fda\transformed\jetified-foundation-layout-release because:
  Build cache is disabled
Skipping JetifyTransform: C:\Users\user\.gradle\caches\modules-2\files-2.1\androidx.compose.ui\ui-text-android\1.6.1\7c69dc472e270a5afa4dbdd6e7e2cc4f33857ee3\ui-text-release.aar as it is up-to-date.
Skipping AarTransform: C:\Users\user\.gradle\caches\transforms-3\c0256db1311281ff7005418483771fda\transformed\jetified-foundation-layout-release as it is up-to-date.
Transforming ui-graphics-release.aar (androidx.compose.ui:ui-graphics-android:1.6.1) with JetifyTransform
Transforming ui-util-release.aar (androidx.compose.ui:ui-util-android:1.6.1) with ExtractAarTransform
Transforming runtime-saveable-release.aar (androidx.compose.runtime:runtime-saveable-android:1.6.1) with JetifyTransform
Transforming ui-text-release.aar (androidx.compose.ui:ui-text-android:1.6.1) with ExtractAarTransform
Transforming runtime-release.aar (androidx.compose.runtime:runtime-android:1.6.1) with JetifyTransform
Transforming runtime-livedata-1.6.1.aar (androidx.compose.runtime:runtime-livedata:1.6.1) with JetifyTransform
Transforming hilt-android-2.49.aar (com.google.dagger:hilt-android:2.49) with JetifyTransform
Caching disabled for JetifyTransform: C:\Users\user\.gradle\caches\modules-2\files-2.1\androidx.compose.runtime\runtime-saveable-android\1.6.1\bd8fa4b047da4388a2303e7f8a250fcd384fc603\runtime-saveable-release.aar because:
  Build cache is disabled
Caching disabled for JetifyTransform: C:\Users\user\.gradle\caches\modules-2\files-2.1\androidx.compose.ui\ui-tooling-preview-android\1.6.1\8f1e0e501f270d9575daf0919630b48c59dcc3e4\ui-tooling-preview-release.aar because:
  Build cache is disabled
Skipping JetifyTransform: C:\Users\user\.gradle\caches\modules-2\files-2.1\androidx.compose.ui\ui-tooling-preview-android\1.6.1\8f1e0e501f270d9575daf0919630b48c59dcc3e4\ui-tooling-preview-release.aar as it is up-to-date.
Caching disabled for JetifyTransform: C:\Users\user\.gradle\caches\modules-2\files-2.1\androidx.compose.ui\ui-graphics-android\1.6.1\6bb0e4219220791f27c0f57228bb5746595f8a9d\ui-graphics-release.aar because:
  Build cache is disabled
Skipping JetifyTransform: C:\Users\user\.gradle\caches\modules-2\files-2.1\androidx.compose.runtime\runtime-saveable-android\1.6.1\bd8fa4b047da4388a2303e7f8a250fcd384fc603\runtime-saveable-release.aar as it is up-to-date.
Skipping JetifyTransform: C:\Users\user\.gradle\caches\modules-2\files-2.1\androidx.compose.ui\ui-graphics-android\1.6.1\6bb0e4219220791f27c0f57228bb5746595f8a9d\ui-graphics-release.aar as it is up-to-date.
Transforming ui-graphics-release.aar (androidx.compose.ui:ui-graphics-android:1.6.1) with ExtractAarTransform
Transforming ui-tooling-preview-release.aar (androidx.compose.ui:ui-tooling-preview-android:1.6.1) with ExtractAarTransform
Transforming runtime-saveable-release.aar (androidx.compose.runtime:runtime-saveable-android:1.6.1) with ExtractAarTransform
Caching disabled for ExtractAarTransform: C:\Users\user\.gradle\caches\transforms-3\46ab0f5b4f9f580eda14c33aad43a411\transformed\jetified-ui-geometry-release.aar because:
  Build cache is disabled
Caching disabled for JetifyTransform: C:\Users\user\.gradle\caches\modules-2\files-2.1\androidx.compose.runtime\runtime-livedata\1.6.1\f44e84c519c57bbd58f097ee120d121389431d40\runtime-livedata-1.6.1.aar because:
  Build cache is disabled
Skipping ExtractAarTransform: C:\Users\user\.gradle\caches\transforms-3\46ab0f5b4f9f580eda14c33aad43a411\transformed\jetified-ui-geometry-release.aar as it is up-to-date.
Skipping JetifyTransform: C:\Users\user\.gradle\caches\modules-2\files-2.1\androidx.compose.runtime\runtime-livedata\1.6.1\f44e84c519c57bbd58f097ee120d121389431d40\runtime-livedata-1.6.1.aar as it is up-to-date.
Transforming ui-geometry-release.aar (androidx.compose.ui:ui-geometry-android:1.6.1) with AarTransform
Transforming runtime-livedata-1.6.1.aar (androidx.compose.runtime:runtime-livedata:1.6.1) with ExtractAarTransform
Caching disabled for ExtractAarTransform: C:\Users\user\.gradle\caches\transforms-3\a42298fe51b5435229ea73c3dead67aa\transformed\jetified-ui-text-release.aar because:
  Build cache is disabled
Skipping ExtractAarTransform: C:\Users\user\.gradle\caches\transforms-3\a42298fe51b5435229ea73c3dead67aa\transformed\jetified-ui-text-release.aar as it is up-to-date.
Transforming ui-text-release.aar (androidx.compose.ui:ui-text-android:1.6.1) with AarTransform
Caching disabled for AarTransform: C:\Users\user\.gradle\caches\transforms-3\ca905dde751b020875aee835366c918b\transformed\jetified-ui-geometry-release because:
  Build cache is disabled
Skipping AarTransform: C:\Users\user\.gradle\caches\transforms-3\ca905dde751b020875aee835366c918b\transformed\jetified-ui-geometry-release as it is up-to-date.
Caching disabled for JetifyTransform: C:\Users\user\.gradle\caches\modules-2\files-2.1\com.google.dagger\hilt-android\2.49\56f12e4a8eb08fd8e91e72ce96990f4f19ee1a41\hilt-android-2.49.aar because:
  Build cache is disabled
Skipping JetifyTransform: C:\Users\user\.gradle\caches\modules-2\files-2.1\com.google.dagger\hilt-android\2.49\56f12e4a8eb08fd8e91e72ce96990f4f19ee1a41\hilt-android-2.49.aar as it is up-to-date.
Transforming hilt-android-2.49.aar (com.google.dagger:hilt-android:2.49) with ExtractAarTransform
Caching disabled for AarTransform: C:\Users\user\.gradle\caches\transforms-3\153cbe083d7bbbca75db78a9ed87c037\transformed\jetified-ui-text-release because:
  Build cache is disabled
Caching disabled for ExtractAarTransform: C:\Users\user\.gradle\caches\transforms-3\f2ab45029814083fd9eb4f2ef80168cd\transformed\jetified-runtime-livedata-1.6.1.aar because:
  Build cache is disabled
Caching disabled for ExtractAarTransform: C:\Users\user\.gradle\caches\transforms-3\426ce391878339f3c3763bed50de3702\transformed\jetified-ui-util-release.aar because:
  Build cache is disabled
Skipping ExtractAarTransform: C:\Users\user\.gradle\caches\transforms-3\f2ab45029814083fd9eb4f2ef80168cd\transformed\jetified-runtime-livedata-1.6.1.aar as it is up-to-date.
Skipping ExtractAarTransform: C:\Users\user\.gradle\caches\transforms-3\426ce391878339f3c3763bed50de3702\transformed\jetified-ui-util-release.aar as it is up-to-date.
Transforming play-services-tasks-18.0.2.aar (com.google.android.gms:play-services-tasks:18.0.2) with JetifyTransform
Skipping AarTransform: C:\Users\user\.gradle\caches\transforms-3\153cbe083d7bbbca75db78a9ed87c037\transformed\jetified-ui-text-release as it is up-to-date.
Transforming runtime-livedata-1.6.1.aar (androidx.compose.runtime:runtime-livedata:1.6.1) with AarTransform
Transforming ui-util-release.aar (androidx.compose.ui:ui-util-android:1.6.1) with AarTransform
Transforming play-services-tasks-18.0.2.aar (com.google.android.gms:play-services-tasks:18.0.2) with JetifyTransform
Caching disabled for JetifyTransform: C:\Users\user\.gradle\caches\modules-2\files-2.1\androidx.compose.runtime\runtime-android\1.6.1\db1d0632af23b5d8c164310e55be4685b7d53c66\runtime-release.aar because:
  Build cache is disabled
Skipping JetifyTransform: C:\Users\user\.gradle\caches\modules-2\files-2.1\androidx.compose.runtime\runtime-android\1.6.1\db1d0632af23b5d8c164310e55be4685b7d53c66\runtime-release.aar as it is up-to-date.
Caching disabled for ExtractAarTransform: C:\Users\user\.gradle\caches\transforms-3\2fcc2b87b3e049e22adcc07b61f50547\transformed\jetified-ui-graphics-release.aar because:
  Build cache is disabled
Caching disabled for JetifyTransform: C:\Users\user\.gradle\caches\modules-2\files-2.1\com.google.android.gms\play-services-tasks\18.0.2\7742ff703c42a8e78e4b1b548c8abf0f2020170\play-services-tasks-18.0.2.aar because:
  Build cache is disabled
Skipping JetifyTransform: C:\Users\user\.gradle\caches\modules-2\files-2.1\com.google.android.gms\play-services-tasks\18.0.2\7742ff703c42a8e78e4b1b548c8abf0f2020170\play-services-tasks-18.0.2.aar as it is up-to-date.
Transforming runtime-release.aar (androidx.compose.runtime:runtime-android:1.6.1) with ExtractAarTransform
Caching disabled for AarTransform: C:\Users\user\.gradle\caches\transforms-3\86393e3996726b41f76008ce236fad9e\transformed\jetified-runtime-livedata-1.6.1 because:
  Build cache is disabled
Skipping AarTransform: C:\Users\user\.gradle\caches\transforms-3\86393e3996726b41f76008ce236fad9e\transformed\jetified-runtime-livedata-1.6.1 as it is up-to-date.
Transforming play-services-tasks-18.0.2.aar (com.google.android.gms:play-services-tasks:18.0.2) with ExtractAarTransform
Transforming play-services-tasks-18.0.2.aar (com.google.android.gms:play-services-tasks:18.0.2) with JetifyTransform
Transforming play-services-tasks-18.0.2.aar (com.google.android.gms:play-services-tasks:18.0.2) with ExtractAarTransform
Caching disabled for ExtractAarTransform: C:\Users\user\.gradle\caches\transforms-3\69f0777ff229251775eeafe04fd45d45\transformed\jetified-hilt-android-2.49.aar because:
  Build cache is disabled
Skipping ExtractAarTransform: C:\Users\user\.gradle\caches\transforms-3\69f0777ff229251775eeafe04fd45d45\transformed\jetified-hilt-android-2.49.aar as it is up-to-date.
Caching disabled for ExtractAarTransform: C:\Users\user\.gradle\caches\transforms-3\76c9ba4a259aa26ef5bbf103be53c4e2\transformed\jetified-ui-tooling-preview-release.aar because:
  Build cache is disabled
Skipping ExtractAarTransform: C:\Users\user\.gradle\caches\transforms-3\76c9ba4a259aa26ef5bbf103be53c4e2\transformed\jetified-ui-tooling-preview-release.aar as it is up-to-date.
Skipping ExtractAarTransform: C:\Users\user\.gradle\caches\transforms-3\2fcc2b87b3e049e22adcc07b61f50547\transformed\jetified-ui-graphics-release.aar as it is up-to-date.
Transforming play-services-tasks-18.0.2.aar (com.google.android.gms:play-services-tasks:18.0.2) with ExtractAarTransform
Transforming ui-graphics-release.aar (androidx.compose.ui:ui-graphics-android:1.6.1) with AarTransform
Caching disabled for ExtractAarTransform: C:\Users\user\.gradle\caches\transforms-3\bd181becbf892579f1903c907b484321\transformed\jetified-runtime-saveable-release.aar because:
  Build cache is disabled
Transforming ui-tooling-preview-release.aar (androidx.compose.ui:ui-tooling-preview-android:1.6.1) with AarTransform
Skipping ExtractAarTransform: C:\Users\user\.gradle\caches\transforms-3\bd181becbf892579f1903c907b484321\transformed\jetified-runtime-saveable-release.aar as it is up-to-date.
Transforming hilt-android-2.49.aar (com.google.dagger:hilt-android:2.49) with AarTransform
Transforming runtime-saveable-release.aar (androidx.compose.runtime:runtime-saveable-android:1.6.1) with AarTransform
Caching disabled for ExtractAarTransform: C:\Users\user\.gradle\caches\transforms-3\611e91890af6e59cf0249d392aecd2e1\transformed\jetified-play-services-tasks-18.0.2.aar because:
  Build cache is disabled
Caching disabled for AarTransform: C:\Users\user\.gradle\caches\transforms-3\8d3e065e204b9a972c9d9d381b9eab8e\transformed\jetified-ui-tooling-preview-release because:
  Build cache is disabled
Skipping ExtractAarTransform: C:\Users\user\.gradle\caches\transforms-3\611e91890af6e59cf0249d392aecd2e1\transformed\jetified-play-services-tasks-18.0.2.aar as it is up-to-date.
Skipping AarTransform: C:\Users\user\.gradle\caches\transforms-3\8d3e065e204b9a972c9d9d381b9eab8e\transformed\jetified-ui-tooling-preview-release as it is up-to-date.
Transforming play-services-tasks-18.0.2.aar (com.google.android.gms:play-services-tasks:18.0.2) with AarTransform
Transforming play-services-tasks-18.0.2.aar (com.google.android.gms:play-services-tasks:18.0.2) with AarTransform
Transforming play-services-tasks-18.0.2.aar (com.google.android.gms:play-services-tasks:18.0.2) with AarTransform
Caching disabled for ExtractAarTransform: C:\Users\user\.gradle\caches\transforms-3\9813d251edccd767ce84f892b092707a\transformed\jetified-material3-release.aar because:
  Build cache is disabled
Skipping ExtractAarTransform: C:\Users\user\.gradle\caches\transforms-3\9813d251edccd767ce84f892b092707a\transformed\jetified-material3-release.aar as it is up-to-date.
Caching disabled for AarTransform: C:\Users\user\.gradle\caches\transforms-3\d0defa3efce5913b5e3d5a8aac5cb6a4\transformed\jetified-ui-graphics-release because:
  Build cache is disabled
Skipping AarTransform: C:\Users\user\.gradle\caches\transforms-3\d0defa3efce5913b5e3d5a8aac5cb6a4\transformed\jetified-ui-graphics-release as it is up-to-date.
Transforming material3-release.aar (androidx.compose.material3:material3-android:1.2.0) with AarTransform
Caching disabled for AarTransform: C:\Users\user\.gradle\caches\transforms-3\a24bbb3d7412e2af4b948b956c9db569\transformed\jetified-ui-util-release because:
  Build cache is disabled
Caching disabled for AarTransform: C:\Users\user\.gradle\caches\transforms-3\7609d0ec1dd432c286d684064b087864\transformed\jetified-hilt-android-2.49 because:
  Build cache is disabled
Skipping AarTransform: C:\Users\user\.gradle\caches\transforms-3\a24bbb3d7412e2af4b948b956c9db569\transformed\jetified-ui-util-release as it is up-to-date.
Skipping AarTransform: C:\Users\user\.gradle\caches\transforms-3\7609d0ec1dd432c286d684064b087864\transformed\jetified-hilt-android-2.49 as it is up-to-date.
Caching disabled for AarTransform: C:\Users\user\.gradle\caches\transforms-3\09909989bcc6df1cb4cf8f5bc33de582\transformed\jetified-play-services-tasks-18.0.2 because:
  Build cache is disabled
Caching disabled for ExtractAarTransform: C:\Users\user\.gradle\caches\transforms-3\7bbf737b4eca3d5168f2d6960294cf2d\transformed\jetified-runtime-release.aar because:
  Build cache is disabled
Skipping AarTransform: C:\Users\user\.gradle\caches\transforms-3\09909989bcc6df1cb4cf8f5bc33de582\transformed\jetified-play-services-tasks-18.0.2 as it is up-to-date.
Skipping ExtractAarTransform: C:\Users\user\.gradle\caches\transforms-3\7bbf737b4eca3d5168f2d6960294cf2d\transformed\jetified-runtime-release.aar as it is up-to-date.
Transforming runtime-release.aar (androidx.compose.runtime:runtime-android:1.6.1) with AarTransform
Transforming play-services-ads-base-22.6.0.aar (com.google.android.gms:play-services-ads-base:22.6.0) with JetifyTransform
Transforming play-services-ads-base-22.6.0.aar (com.google.android.gms:play-services-ads-base:22.6.0) with JetifyTransform
Caching disabled for AarTransform: C:\Users\user\.gradle\caches\transforms-3\9eb07947c41291dd8dfaea7376b52cb3\transformed\jetified-material3-release because:
  Build cache is disabled
Skipping AarTransform: C:\Users\user\.gradle\caches\transforms-3\9eb07947c41291dd8dfaea7376b52cb3\transformed\jetified-material3-release as it is up-to-date.
Transforming user-messaging-platform-2.1.0.aar (com.google.android.ump:user-messaging-platform:2.1.0) with JetifyTransform
Caching disabled for AarTransform: C:\Users\user\.gradle\caches\transforms-3\40952bfae19697ea740a0392ac032553\transformed\jetified-runtime-release because:
  Build cache is disabled
Skipping AarTransform: C:\Users\user\.gradle\caches\transforms-3\40952bfae19697ea740a0392ac032553\transformed\jetified-runtime-release as it is up-to-date.
Caching disabled for JetifyTransform: C:\Users\user\.gradle\caches\modules-2\files-2.1\com.google.android.gms\play-services-ads-base\22.6.0\63de1582a54574eeb698ac2d3763082ba26d32e6\play-services-ads-base-22.6.0.aar because:
  Build cache is disabled
Skipping JetifyTransform: C:\Users\user\.gradle\caches\modules-2\files-2.1\com.google.android.gms\play-services-ads-base\22.6.0\63de1582a54574eeb698ac2d3763082ba26d32e6\play-services-ads-base-22.6.0.aar as it is up-to-date.
Transforming play-services-ads-base-22.6.0.aar (com.google.android.gms:play-services-ads-base:22.6.0) with ExtractAarTransform
Transforming play-services-ads-base-22.6.0.aar (com.google.android.gms:play-services-ads-base:22.6.0) with ExtractAarTransform
Transforming play-services-ads-identifier-18.0.0.aar (com.google.android.gms:play-services-ads-identifier:18.0.0) with JetifyTransform
Transforming play-services-ads-identifier-18.0.0.aar (com.google.android.gms:play-services-ads-identifier:18.0.0) with JetifyTransform
Transforming play-services-measurement-sdk-api-20.1.2.aar (com.google.android.gms:play-services-measurement-sdk-api:20.1.2) with JetifyTransform
Caching disabled for JetifyTransform: C:\Users\user\.gradle\caches\modules-2\files-2.1\com.google.android.gms\play-services-ads-identifier\18.0.0\222380d276fdbf17d80d6cdc9aa26781f99b30f5\play-services-ads-identifier-18.0.0.aar because:
  Build cache is disabled
Skipping JetifyTransform: C:\Users\user\.gradle\caches\modules-2\files-2.1\com.google.android.gms\play-services-ads-identifier\18.0.0\222380d276fdbf17d80d6cdc9aa26781f99b30f5\play-services-ads-identifier-18.0.0.aar as it is up-to-date.
Transforming play-services-ads-identifier-18.0.0.aar (com.google.android.gms:play-services-ads-identifier:18.0.0) with ExtractAarTransform
Transforming play-services-ads-identifier-18.0.0.aar (com.google.android.gms:play-services-ads-identifier:18.0.0) with ExtractAarTransform
Caching disabled for ExtractAarTransform: C:\Users\user\.gradle\caches\transforms-3\1cd0726061e8774a9fd1adffd0f36036\transformed\jetified-play-services-ads-base-22.6.0.aar because:
  Build cache is disabled
Skipping ExtractAarTransform: C:\Users\user\.gradle\caches\transforms-3\1cd0726061e8774a9fd1adffd0f36036\transformed\jetified-play-services-ads-base-22.6.0.aar as it is up-to-date.
Transforming play-services-measurement-base-20.1.2.aar (com.google.android.gms:play-services-measurement-base:20.1.2) with JetifyTransform
Transforming play-services-ads-base-22.6.0.aar (com.google.android.gms:play-services-ads-base:22.6.0) with AarTransform
Transforming play-services-ads-base-22.6.0.aar (com.google.android.gms:play-services-ads-base:22.6.0) with AarTransform
Transforming play-services-basement-18.2.0.aar (com.google.android.gms:play-services-basement:18.2.0) with JetifyTransform
Transforming play-services-basement-18.2.0.aar (com.google.android.gms:play-services-basement:18.2.0) with JetifyTransform
Caching disabled for JetifyTransform: C:\Users\user\.gradle\caches\modules-2\files-2.1\com.google.android.gms\play-services-measurement-sdk-api\20.1.2\2096d2e8bda63bb5d039b81d06077544c1db1c28\play-services-measurement-sdk-api-20.1.2.aar because:
  Build cache is disabled
Skipping JetifyTransform: C:\Users\user\.gradle\caches\modules-2\files-2.1\com.google.android.gms\play-services-measurement-sdk-api\20.1.2\2096d2e8bda63bb5d039b81d06077544c1db1c28\play-services-measurement-sdk-api-20.1.2.aar as it is up-to-date.
Caching disabled for ExtractAarTransform: C:\Users\user\.gradle\caches\transforms-3\1a489187f48f91f164581add09f4f409\transformed\jetified-play-services-ads-identifier-18.0.0.aar because:
  Build cache is disabled
Skipping ExtractAarTransform: C:\Users\user\.gradle\caches\transforms-3\1a489187f48f91f164581add09f4f409\transformed\jetified-play-services-ads-identifier-18.0.0.aar as it is up-to-date.
Transforming play-services-measurement-sdk-api-20.1.2.aar (com.google.android.gms:play-services-measurement-sdk-api:20.1.2) with ExtractAarTransform
Caching disabled for JetifyTransform: C:\Users\user\.gradle\caches\modules-2\files-2.1\com.google.android.gms\play-services-measurement-base\20.1.2\55d4f07be209a91b0037d1c99cfa0cab1ddf6ea1\play-services-measurement-base-20.1.2.aar because:
  Build cache is disabled
Transforming play-services-ads-identifier-18.0.0.aar (com.google.android.gms:play-services-ads-identifier:18.0.0) with AarTransform
Skipping JetifyTransform: C:\Users\user\.gradle\caches\modules-2\files-2.1\com.google.android.gms\play-services-measurement-base\20.1.2\55d4f07be209a91b0037d1c99cfa0cab1ddf6ea1\play-services-measurement-base-20.1.2.aar as it is up-to-date.
Transforming play-services-ads-identifier-18.0.0.aar (com.google.android.gms:play-services-ads-identifier:18.0.0) with AarTransform
Caching disabled for AarTransform: C:\Users\user\.gradle\caches\transforms-3\fefcfe30ff50cfe07535bb3f9f29fec4\transformed\jetified-play-services-ads-base-22.6.0 because:
  Build cache is disabled
Skipping AarTransform: C:\Users\user\.gradle\caches\transforms-3\fefcfe30ff50cfe07535bb3f9f29fec4\transformed\jetified-play-services-ads-base-22.6.0 as it is up-to-date.
Transforming play-services-measurement-base-20.1.2.aar (com.google.android.gms:play-services-measurement-base:20.1.2) with ExtractAarTransform
Transforming play-services-basement-18.2.0.aar (com.google.android.gms:play-services-basement:18.2.0) with JetifyTransform
Transforming play-services-basement-18.2.0.aar (com.google.android.gms:play-services-basement:18.2.0) with JetifyTransform
Caching disabled for JetifyTransform: C:\Users\user\.gradle\caches\modules-2\files-2.1\com.google.android.gms\play-services-basement\18.2.0\726e058af3c0d8c592ebf1d9b7b68b57b1d710a3\play-services-basement-18.2.0.aar because:
  Build cache is disabled
Skipping JetifyTransform: C:\Users\user\.gradle\caches\modules-2\files-2.1\com.google.android.gms\play-services-basement\18.2.0\726e058af3c0d8c592ebf1d9b7b68b57b1d710a3\play-services-basement-18.2.0.aar as it is up-to-date.
Transforming play-services-basement-18.2.0.aar (com.google.android.gms:play-services-basement:18.2.0) with ExtractAarTransform
Transforming play-services-basement-18.2.0.aar (com.google.android.gms:play-services-basement:18.2.0) with ExtractAarTransform
Transforming play-services-basement-18.2.0.aar (com.google.android.gms:play-services-basement:18.2.0) with ExtractAarTransform
Transforming play-services-basement-18.2.0.aar (com.google.android.gms:play-services-basement:18.2.0) with ExtractAarTransform
Caching disabled for AarTransform: C:\Users\user\.gradle\caches\transforms-3\ff995add00743d0c496c4d8e0ee10f1e\transformed\jetified-play-services-ads-identifier-18.0.0 because:
  Build cache is disabled
Skipping AarTransform: C:\Users\user\.gradle\caches\transforms-3\ff995add00743d0c496c4d8e0ee10f1e\transformed\jetified-play-services-ads-identifier-18.0.0 as it is up-to-date.
Transforming play-services-basement-18.2.0.aar (com.google.android.gms:play-services-basement:18.2.0) with JetifyTransform
Caching disabled for ExtractAarTransform: C:\Users\user\.gradle\caches\transforms-3\07d668fa46fe3c1fc1a5d82f23d4805f\transformed\jetified-play-services-measurement-base-20.1.2.aar because:
  Build cache is disabled
Caching disabled for ExtractAarTransform: C:\Users\user\.gradle\caches\transforms-3\932a7d915eb61cfaf903019a7bfd8dd0\transformed\jetified-play-services-measurement-sdk-api-20.1.2.aar because:
  Build cache is disabled
Transforming play-services-basement-18.2.0.aar (com.google.android.gms:play-services-basement:18.2.0) with JetifyTransform
Skipping ExtractAarTransform: C:\Users\user\.gradle\caches\transforms-3\07d668fa46fe3c1fc1a5d82f23d4805f\transformed\jetified-play-services-measurement-base-20.1.2.aar as it is up-to-date.
Transforming play-services-basement-18.2.0.aar (com.google.android.gms:play-services-basement:18.2.0) with ExtractAarTransform
Skipping ExtractAarTransform: C:\Users\user\.gradle\caches\transforms-3\932a7d915eb61cfaf903019a7bfd8dd0\transformed\jetified-play-services-measurement-sdk-api-20.1.2.aar as it is up-to-date.
Transforming play-services-basement-18.2.0.aar (com.google.android.gms:play-services-basement:18.2.0) with ExtractAarTransform
Transforming play-services-measurement-base-20.1.2.aar (com.google.android.gms:play-services-measurement-base:20.1.2) with AarTransform
Transforming play-services-measurement-sdk-api-20.1.2.aar (com.google.android.gms:play-services-measurement-sdk-api:20.1.2) with AarTransform
Caching disabled for AarTransform: C:\Users\user\.gradle\caches\transforms-3\b28c9dde44421952352d4ece06208963\transformed\jetified-play-services-measurement-sdk-api-20.1.2 because:
  Build cache is disabled
Caching disabled for AarTransform: C:\Users\user\.gradle\caches\transforms-3\7bc33f1b9169acd2dfd1a37a27683ae2\transformed\jetified-play-services-measurement-base-20.1.2 because:
  Build cache is disabled
Skipping AarTransform: C:\Users\user\.gradle\caches\transforms-3\b28c9dde44421952352d4ece06208963\transformed\jetified-play-services-measurement-sdk-api-20.1.2 as it is up-to-date.
Skipping AarTransform: C:\Users\user\.gradle\caches\transforms-3\7bc33f1b9169acd2dfd1a37a27683ae2\transformed\jetified-play-services-measurement-base-20.1.2 as it is up-to-date.
Transforming play-services-basement-18.2.0.aar (com.google.android.gms:play-services-basement:18.2.0) with JetifyTransform
Transforming play-services-basement-18.2.0.aar (com.google.android.gms:play-services-basement:18.2.0) with JetifyTransform
Transforming play-services-basement-18.2.0.aar (com.google.android.gms:play-services-basement:18.2.0) with ExtractAarTransform
Transforming play-services-basement-18.2.0.aar (com.google.android.gms:play-services-basement:18.2.0) with ExtractAarTransform
Caching disabled for ExtractAarTransform: C:\Users\user\.gradle\caches\transforms-3\8d7983209f8bafe0af6b6aa324dcbfc2\transformed\jetified-foundation-release.aar because:
  Build cache is disabled
Skipping ExtractAarTransform: C:\Users\user\.gradle\caches\transforms-3\8d7983209f8bafe0af6b6aa324dcbfc2\transformed\jetified-foundation-release.aar as it is up-to-date.
Transforming foundation-release.aar (androidx.compose.foundation:foundation-android:1.6.1) with AarTransform
Caching disabled for ExtractAarTransform: C:\Users\user\.gradle\caches\transforms-3\ec37f96b192ecdb855dfe54a3b43ec15\transformed\jetified-ui-unit-release.aar because:
  Build cache is disabled
Caching disabled for AarTransform: C:\Users\user\.gradle\caches\transforms-3\a12ebe0bcfa38772b01b24696e6db1a0\transformed\jetified-runtime-saveable-release because:
  Build cache is disabled
Skipping ExtractAarTransform: C:\Users\user\.gradle\caches\transforms-3\ec37f96b192ecdb855dfe54a3b43ec15\transformed\jetified-ui-unit-release.aar as it is up-to-date.
Skipping AarTransform: C:\Users\user\.gradle\caches\transforms-3\a12ebe0bcfa38772b01b24696e6db1a0\transformed\jetified-runtime-saveable-release as it is up-to-date.
Caching disabled for AarTransform: C:\Users\user\.gradle\caches\transforms-3\1371974239ba7d2e1f74577aa0076246\transformed\jetified-foundation-release because:
  Build cache is disabled
Transforming ui-unit-release.aar (androidx.compose.ui:ui-unit-android:1.6.1) with AarTransform
Skipping AarTransform: C:\Users\user\.gradle\caches\transforms-3\1371974239ba7d2e1f74577aa0076246\transformed\jetified-foundation-release as it is up-to-date.
Transforming play-services-basement-18.2.0.aar (com.google.android.gms:play-services-basement:18.2.0) with JetifyTransform
Transforming play-services-basement-18.2.0.aar (com.google.android.gms:play-services-basement:18.2.0) with ExtractAarTransform
Transforming play-services-basement-18.2.0.aar (com.google.android.gms:play-services-basement:18.2.0) with JetifyTransform
Transforming play-services-basement-18.2.0.aar (com.google.android.gms:play-services-basement:18.2.0) with ExtractAarTransform
Caching disabled for JetifyTransform: C:\Users\user\.gradle\caches\modules-2\files-2.1\com.google.android.ump\user-messaging-platform\2.1.0\ee8fa30b4ab4b35319b104095d5c700025b13c3d\user-messaging-platform-2.1.0.aar because:
  Build cache is disabled
Skipping JetifyTransform: C:\Users\user\.gradle\caches\modules-2\files-2.1\com.google.android.ump\user-messaging-platform\2.1.0\ee8fa30b4ab4b35319b104095d5c700025b13c3d\user-messaging-platform-2.1.0.aar as it is up-to-date.
Transforming user-messaging-platform-2.1.0.aar (com.google.android.ump:user-messaging-platform:2.1.0) with ExtractAarTransform
Caching disabled for AarTransform: C:\Users\user\.gradle\caches\transforms-3\a2969d7a46a5d26397bd0a40364b7789\transformed\jetified-ui-unit-release because:
  Build cache is disabled
Skipping AarTransform: C:\Users\user\.gradle\caches\transforms-3\a2969d7a46a5d26397bd0a40364b7789\transformed\jetified-ui-unit-release as it is up-to-date.
Transforming fragment-1.5.1.aar (androidx.fragment:fragment:1.5.1) with JetifyTransform
Caching disabled for ExtractAarTransform: C:\Users\user\.gradle\caches\transforms-3\6a690031960121bfaddf2d9082e2491b\transformed\jetified-user-messaging-platform-2.1.0.aar because:
  Build cache is disabled
Skipping ExtractAarTransform: C:\Users\user\.gradle\caches\transforms-3\6a690031960121bfaddf2d9082e2491b\transformed\jetified-user-messaging-platform-2.1.0.aar as it is up-to-date.
Transforming user-messaging-platform-2.1.0.aar (com.google.android.ump:user-messaging-platform:2.1.0) with AarTransform
Caching disabled for JetifyTransform: C:\Users\user\.gradle\caches\modules-2\files-2.1\androidx.fragment\fragment\1.5.1\39660bdcb1ed2c71e181ec3ac7dbfa65fc0f701f\fragment-1.5.1.aar because:
  Build cache is disabled
Skipping JetifyTransform: C:\Users\user\.gradle\caches\modules-2\files-2.1\androidx.fragment\fragment\1.5.1\39660bdcb1ed2c71e181ec3ac7dbfa65fc0f701f\fragment-1.5.1.aar as it is up-to-date.
Transforming fragment-1.5.1.aar (androidx.fragment:fragment:1.5.1) with ExtractAarTransform
Caching disabled for AarTransform: C:\Users\user\.gradle\caches\transforms-3\2a2496b4dd7bead2a2d5dfdd36faba56\transformed\jetified-user-messaging-platform-2.1.0 because:
  Build cache is disabled
Skipping AarTransform: C:\Users\user\.gradle\caches\transforms-3\2a2496b4dd7bead2a2d5dfdd36faba56\transformed\jetified-user-messaging-platform-2.1.0 as it is up-to-date.
Caching disabled for ExtractAarTransform: C:\Users\user\.gradle\caches\modules-2\files-2.1\androidx.fragment\fragment\1.5.1\39660bdcb1ed2c71e181ec3ac7dbfa65fc0f701f\fragment-1.5.1.aar because:
  Build cache is disabled
Skipping ExtractAarTransform: C:\Users\user\.gradle\caches\modules-2\files-2.1\androidx.fragment\fragment\1.5.1\39660bdcb1ed2c71e181ec3ac7dbfa65fc0f701f\fragment-1.5.1.aar as it is up-to-date.
Transforming fragment-1.5.1.aar (androidx.fragment:fragment:1.5.1) with JetifyTransform
Transforming fragment-1.5.1.aar (androidx.fragment:fragment:1.5.1) with ExtractAarTransform
Transforming fragment-1.5.1.aar (androidx.fragment:fragment:1.5.1) with AarTransform
Transforming fragment-1.5.1.aar (androidx.fragment:fragment:1.5.1) with AarTransform
Caching disabled for AarTransform: C:\Users\user\.gradle\caches\transforms-3\ce43085ba0af9184b2d8510666d1eb4c\transformed\fragment-1.5.1 because:
  Build cache is disabled
Skipping AarTransform: C:\Users\user\.gradle\caches\transforms-3\ce43085ba0af9184b2d8510666d1eb4c\transformed\fragment-1.5.1 as it is up-to-date.
Transforming emoji2-views-helper-1.3.0.aar (androidx.emoji2:emoji2-views-helper:1.3.0) with JetifyTransform
Transforming emoji2-1.3.0.aar (androidx.emoji2:emoji2:1.3.0) with JetifyTransform
Caching disabled for JetifyTransform: C:\Users\user\.gradle\caches\modules-2\files-2.1\androidx.emoji2\emoji2-views-helper\1.3.0\7bef7c1117bb40ef41ee0641cd1d2d605e2d607c\emoji2-views-helper-1.3.0.aar because:
  Build cache is disabled
Skipping JetifyTransform: C:\Users\user\.gradle\caches\modules-2\files-2.1\androidx.emoji2\emoji2-views-helper\1.3.0\7bef7c1117bb40ef41ee0641cd1d2d605e2d607c\emoji2-views-helper-1.3.0.aar as it is up-to-date.
Transforming emoji2-views-helper-1.3.0.aar (androidx.emoji2:emoji2-views-helper:1.3.0) with ExtractAarTransform
Caching disabled for JetifyTransform: C:\Users\user\.gradle\caches\modules-2\files-2.1\androidx.emoji2\emoji2\1.3.0\37ed42991ddf77924510472dba632314aab1c9d9\emoji2-1.3.0.aar because:
  Build cache is disabled
Skipping JetifyTransform: C:\Users\user\.gradle\caches\modules-2\files-2.1\androidx.emoji2\emoji2\1.3.0\37ed42991ddf77924510472dba632314aab1c9d9\emoji2-1.3.0.aar as it is up-to-date.
Transforming emoji2-1.3.0.aar (androidx.emoji2:emoji2:1.3.0) with ExtractAarTransform
Caching disabled for ExtractAarTransform: C:\Users\user\.gradle\caches\transforms-3\248d9fc074393db7ebb22332088e0a55\transformed\jetified-emoji2-views-helper-1.3.0.aar because:
  Build cache is disabled
Skipping ExtractAarTransform: C:\Users\user\.gradle\caches\transforms-3\248d9fc074393db7ebb22332088e0a55\transformed\jetified-emoji2-views-helper-1.3.0.aar as it is up-to-date.
Caching disabled for ExtractAarTransform: C:\Users\user\.gradle\caches\transforms-3\0d989c535972c1c18d3ced8efba7343d\transformed\jetified-emoji2-1.3.0.aar because:
  Build cache is disabled
Transforming emoji2-views-helper-1.3.0.aar (androidx.emoji2:emoji2-views-helper:1.3.0) with AarTransform
Skipping ExtractAarTransform: C:\Users\user\.gradle\caches\transforms-3\0d989c535972c1c18d3ced8efba7343d\transformed\jetified-emoji2-1.3.0.aar as it is up-to-date.
Transforming emoji2-1.3.0.aar (androidx.emoji2:emoji2:1.3.0) with AarTransform
Caching disabled for AarTransform: C:\Users\user\.gradle\caches\transforms-3\2e6a11253b53f57b3b9d26b8fa62696e\transformed\jetified-emoji2-views-helper-1.3.0 because:
  Build cache is disabled
Skipping AarTransform: C:\Users\user\.gradle\caches\transforms-3\2e6a11253b53f57b3b9d26b8fa62696e\transformed\jetified-emoji2-views-helper-1.3.0 as it is up-to-date.
Caching disabled for AarTransform: C:\Users\user\.gradle\caches\transforms-3\3bde4be5f64196dc9d79c4d702f48306\transformed\jetified-emoji2-1.3.0 because:
  Build cache is disabled
Skipping AarTransform: C:\Users\user\.gradle\caches\transforms-3\3bde4be5f64196dc9d79c4d702f48306\transformed\jetified-emoji2-1.3.0 as it is up-to-date.
Caching disabled for ExtractAarTransform: C:\Users\user\.gradle\caches\transforms-3\3fdee7e1a2e667bb766a44ff6d06c53c\transformed\jetified-play-services-basement-18.2.0.aar because:
  Build cache is disabled
Skipping ExtractAarTransform: C:\Users\user\.gradle\caches\transforms-3\3fdee7e1a2e667bb766a44ff6d06c53c\transformed\jetified-play-services-basement-18.2.0.aar as it is up-to-date.
Transforming play-services-basement-18.2.0.aar (com.google.android.gms:play-services-basement:18.2.0) with AarTransform
Transforming play-services-basement-18.2.0.aar (com.google.android.gms:play-services-basement:18.2.0) with AarTransform
Transforming play-services-basement-18.2.0.aar (com.google.android.gms:play-services-basement:18.2.0) with AarTransform
Transforming play-services-basement-18.2.0.aar (com.google.android.gms:play-services-basement:18.2.0) with AarTransform
Transforming play-services-basement-18.2.0.aar (com.google.android.gms:play-services-basement:18.2.0) with AarTransform
Transforming play-services-basement-18.2.0.aar (com.google.android.gms:play-services-basement:18.2.0) with AarTransform
Transforming lifecycle-process-2.7.0.aar (androidx.lifecycle:lifecycle-process:2.7.0) with JetifyTransform
Transforming play-services-basement-18.2.0.aar (com.google.android.gms:play-services-basement:18.2.0) with AarTransform
Transforming play-services-basement-18.2.0.aar (com.google.android.gms:play-services-basement:18.2.0) with AarTransform
Transforming play-services-basement-18.2.0.aar (com.google.android.gms:play-services-basement:18.2.0) with AarTransform
Transforming play-services-basement-18.2.0.aar (com.google.android.gms:play-services-basement:18.2.0) with AarTransform
Transforming lifecycle-service-2.7.0.aar (androidx.lifecycle:lifecycle-service:2.7.0) with JetifyTransform
Caching disabled for JetifyTransform: C:\Users\user\.gradle\caches\modules-2\files-2.1\androidx.lifecycle\lifecycle-process\2.7.0\10fc9ecc045a9931724c43e710c55680a772d96a\lifecycle-process-2.7.0.aar because:
  Build cache is disabled
Skipping JetifyTransform: C:\Users\user\.gradle\caches\modules-2\files-2.1\androidx.lifecycle\lifecycle-process\2.7.0\10fc9ecc045a9931724c43e710c55680a772d96a\lifecycle-process-2.7.0.aar as it is up-to-date.
Transforming lifecycle-process-2.7.0.aar (androidx.lifecycle:lifecycle-process:2.7.0) with ExtractAarTransform
Caching disabled for AarTransform: C:\Users\user\.gradle\caches\transforms-3\a98fef1d1520166b9b08927ea1e4f9aa\transformed\jetified-play-services-basement-18.2.0 because:
  Build cache is disabled
Caching disabled for JetifyTransform: C:\Users\user\.gradle\caches\modules-2\files-2.1\androidx.lifecycle\lifecycle-service\2.7.0\502a873e0f7f0668854588729f0cde3e6177aea7\lifecycle-service-2.7.0.aar because:
  Build cache is disabled
Skipping AarTransform: C:\Users\user\.gradle\caches\transforms-3\a98fef1d1520166b9b08927ea1e4f9aa\transformed\jetified-play-services-basement-18.2.0 as it is up-to-date.
Skipping JetifyTransform: C:\Users\user\.gradle\caches\modules-2\files-2.1\androidx.lifecycle\lifecycle-service\2.7.0\502a873e0f7f0668854588729f0cde3e6177aea7\lifecycle-service-2.7.0.aar as it is up-to-date.
Transforming lifecycle-service-2.7.0.aar (androidx.lifecycle:lifecycle-service:2.7.0) with ExtractAarTransform
Transforming lifecycle-livedata-ktx-2.7.0.aar (androidx.lifecycle:lifecycle-livedata-ktx:2.7.0) with JetifyTransform
Caching disabled for ExtractAarTransform: C:\Users\user\.gradle\caches\transforms-3\afd8dc91d22b29f1fe41534341f5371b\transformed\jetified-lifecycle-process-2.7.0.aar because:
  Build cache is disabled
Skipping ExtractAarTransform: C:\Users\user\.gradle\caches\transforms-3\afd8dc91d22b29f1fe41534341f5371b\transformed\jetified-lifecycle-process-2.7.0.aar as it is up-to-date.
Transforming lifecycle-process-2.7.0.aar (androidx.lifecycle:lifecycle-process:2.7.0) with AarTransform
Transforming lifecycle-livedata-core-2.7.0.aar (androidx.lifecycle:lifecycle-livedata-core:2.7.0) with JetifyTransform
Caching disabled for JetifyTransform: C:\Users\user\.gradle\caches\modules-2\files-2.1\androidx.lifecycle\lifecycle-livedata-ktx\2.7.0\3ab225fb0a0a61c561c619e57b58dfb3fd45800e\lifecycle-livedata-ktx-2.7.0.aar because:
  Build cache is disabled
Skipping JetifyTransform: C:\Users\user\.gradle\caches\modules-2\files-2.1\androidx.lifecycle\lifecycle-livedata-ktx\2.7.0\3ab225fb0a0a61c561c619e57b58dfb3fd45800e\lifecycle-livedata-ktx-2.7.0.aar as it is up-to-date.
Caching disabled for AarTransform: C:\Users\user\.gradle\caches\transforms-3\befba8fbd8bdeb7a931e0ef64310fd03\transformed\jetified-lifecycle-process-2.7.0 because:
  Build cache is disabled
Transforming lifecycle-livedata-ktx-2.7.0.aar (androidx.lifecycle:lifecycle-livedata-ktx:2.7.0) with ExtractAarTransform
Skipping AarTransform: C:\Users\user\.gradle\caches\transforms-3\befba8fbd8bdeb7a931e0ef64310fd03\transformed\jetified-lifecycle-process-2.7.0 as it is up-to-date.
Transforming legacy-support-core-utils-1.0.0.aar (androidx.legacy:legacy-support-core-utils:1.0.0) with JetifyTransform
Caching disabled for JetifyTransform: C:\Users\user\.gradle\caches\modules-2\files-2.1\androidx.lifecycle\lifecycle-livedata-core\2.7.0\d95c9c0b74a6b9882c416c688f6cf201dc416bed\lifecycle-livedata-core-2.7.0.aar because:
  Build cache is disabled
Caching disabled for ExtractAarTransform: C:\Users\user\.gradle\caches\transforms-3\338a86ad7b3afac223c5a38c6b3353cf\transformed\jetified-lifecycle-service-2.7.0.aar because:
  Build cache is disabled
Transforming lifecycle-viewmodel-savedstate-2.7.0.aar (androidx.lifecycle:lifecycle-viewmodel-savedstate:2.7.0) with JetifyTransform
Skipping ExtractAarTransform: C:\Users\user\.gradle\caches\transforms-3\338a86ad7b3afac223c5a38c6b3353cf\transformed\jetified-lifecycle-service-2.7.0.aar as it is up-to-date.
Skipping JetifyTransform: C:\Users\user\.gradle\caches\modules-2\files-2.1\androidx.lifecycle\lifecycle-livedata-core\2.7.0\d95c9c0b74a6b9882c416c688f6cf201dc416bed\lifecycle-livedata-core-2.7.0.aar as it is up-to-date.
Transforming loader-1.0.0.aar (androidx.loader:loader:1.0.0) with JetifyTransform
Transforming lifecycle-service-2.7.0.aar (androidx.lifecycle:lifecycle-service:2.7.0) with AarTransform
Transforming loader-1.0.0.aar (androidx.loader:loader:1.0.0) with JetifyTransform
Transforming lifecycle-livedata-core-2.7.0.aar (androidx.lifecycle:lifecycle-livedata-core:2.7.0) with ExtractAarTransform
Transforming lifecycle-livedata-2.7.0.aar (androidx.lifecycle:lifecycle-livedata:2.7.0) with JetifyTransform
Caching disabled for JetifyTransform: C:\Users\user\.gradle\caches\modules-2\files-2.1\androidx.legacy\legacy-support-core-utils\1.0.0\9b9570042115da8629519090dfeb71df75da59fc\legacy-support-core-utils-1.0.0.aar because:
  Build cache is disabled
Transforming savedstate-ktx-1.2.1.aar (androidx.savedstate:savedstate-ktx:1.2.1) with JetifyTransform
Skipping JetifyTransform: C:\Users\user\.gradle\caches\modules-2\files-2.1\androidx.legacy\legacy-support-core-utils\1.0.0\9b9570042115da8629519090dfeb71df75da59fc\legacy-support-core-utils-1.0.0.aar as it is up-to-date.
Caching disabled for JetifyTransform: C:\Users\user\.gradle\caches\modules-2\files-2.1\androidx.loader\loader\1.0.0\8af8b6cec0da85c207d03e15840e0722cbc71e70\loader-1.0.0.aar because:
  Build cache is disabled
Caching disabled for AarTransform: C:\Users\user\.gradle\caches\transforms-3\32759966595792c9a2f9091d1711a6d5\transformed\jetified-lifecycle-service-2.7.0 because:
  Build cache is disabled
Skipping JetifyTransform: C:\Users\user\.gradle\caches\modules-2\files-2.1\androidx.loader\loader\1.0.0\8af8b6cec0da85c207d03e15840e0722cbc71e70\loader-1.0.0.aar as it is up-to-date.
Transforming legacy-support-core-utils-1.0.0.aar (androidx.legacy:legacy-support-core-utils:1.0.0) with ExtractAarTransform
Transforming lifecycle-livedata-core-ktx-2.7.0.aar (androidx.lifecycle:lifecycle-livedata-core-ktx:2.7.0) with JetifyTransform
Transforming lifecycle-livedata-2.7.0.aar (androidx.lifecycle:lifecycle-livedata:2.7.0) with JetifyTransform
Skipping AarTransform: C:\Users\user\.gradle\caches\transforms-3\32759966595792c9a2f9091d1711a6d5\transformed\jetified-lifecycle-service-2.7.0 as it is up-to-date.
Caching disabled for ExtractAarTransform: C:\Users\user\.gradle\caches\transforms-3\4128f0bf461b630c3b6d5986f35175d6\transformed\jetified-lifecycle-livedata-ktx-2.7.0.aar because:
  Build cache is disabled
Transforming loader-1.0.0.aar (androidx.loader:loader:1.0.0) with ExtractAarTransform
Skipping ExtractAarTransform: C:\Users\user\.gradle\caches\transforms-3\4128f0bf461b630c3b6d5986f35175d6\transformed\jetified-lifecycle-livedata-ktx-2.7.0.aar as it is up-to-date.
Transforming loader-1.0.0.aar (androidx.loader:loader:1.0.0) with ExtractAarTransform
Transforming lifecycle-livedata-ktx-2.7.0.aar (androidx.lifecycle:lifecycle-livedata-ktx:2.7.0) with AarTransform
Transforming savedstate-1.2.1.aar (androidx.savedstate:savedstate:1.2.1) with JetifyTransform
Caching disabled for JetifyTransform: C:\Users\user\.gradle\caches\modules-2\files-2.1\androidx.lifecycle\lifecycle-livedata\2.7.0\42ad14e1ee00719636e31a36e8cd50d7ce5c45c6\lifecycle-livedata-2.7.0.aar because:
  Build cache is disabled
Skipping JetifyTransform: C:\Users\user\.gradle\caches\modules-2\files-2.1\androidx.lifecycle\lifecycle-livedata\2.7.0\42ad14e1ee00719636e31a36e8cd50d7ce5c45c6\lifecycle-livedata-2.7.0.aar as it is up-to-date.
Transforming lifecycle-viewmodel-ktx-2.7.0.aar (androidx.lifecycle:lifecycle-viewmodel-ktx:2.7.0) with JetifyTransform
Caching disabled for JetifyTransform: C:\Users\user\.gradle\caches\modules-2\files-2.1\androidx.lifecycle\lifecycle-viewmodel-savedstate\2.7.0\1fa14bde5efb3a96fa4fb8ced995f7fdfe99dfd\lifecycle-viewmodel-savedstate-2.7.0.aar because:
  Build cache is disabled
Skipping JetifyTransform: C:\Users\user\.gradle\caches\modules-2\files-2.1\androidx.lifecycle\lifecycle-viewmodel-savedstate\2.7.0\1fa14bde5efb3a96fa4fb8ced995f7fdfe99dfd\lifecycle-viewmodel-savedstate-2.7.0.aar as it is up-to-date.
Transforming lifecycle-livedata-2.7.0.aar (androidx.lifecycle:lifecycle-livedata:2.7.0) with ExtractAarTransform
Transforming lifecycle-livedata-2.7.0.aar (androidx.lifecycle:lifecycle-livedata:2.7.0) with ExtractAarTransform
Caching disabled for JetifyTransform: C:\Users\user\.gradle\caches\modules-2\files-2.1\androidx.savedstate\savedstate-ktx\1.2.1\b86d338d91b1c26193a42b1d87be9bb02123fa16\savedstate-ktx-1.2.1.aar because:
  Build cache is disabled
Caching disabled for ExtractAarTransform: C:\Users\user\.gradle\caches\modules-2\files-2.1\androidx.lifecycle\lifecycle-livedata-core\2.7.0\d95c9c0b74a6b9882c416c688f6cf201dc416bed\lifecycle-livedata-core-2.7.0.aar because:
  Build cache is disabled
Transforming lifecycle-viewmodel-savedstate-2.7.0.aar (androidx.lifecycle:lifecycle-viewmodel-savedstate:2.7.0) with ExtractAarTransform
Skipping ExtractAarTransform: C:\Users\user\.gradle\caches\modules-2\files-2.1\androidx.lifecycle\lifecycle-livedata-core\2.7.0\d95c9c0b74a6b9882c416c688f6cf201dc416bed\lifecycle-livedata-core-2.7.0.aar as it is up-to-date.
Caching disabled for JetifyTransform: C:\Users\user\.gradle\caches\modules-2\files-2.1\androidx.lifecycle\lifecycle-livedata-core-ktx\2.7.0\746c75e5d0a819d11e255ad137083a51c746e953\lifecycle-livedata-core-ktx-2.7.0.aar because:
  Build cache is disabled
Caching disabled for JetifyTransform: C:\Users\user\.gradle\caches\modules-2\files-2.1\androidx.savedstate\savedstate\1.2.1\e364fc9dec32aa569d855f85864e50250318a093\savedstate-1.2.1.aar because:
  Build cache is disabled
Caching disabled for ExtractAarTransform: C:\Users\user\.gradle\caches\modules-2\files-2.1\androidx.legacy\legacy-support-core-utils\1.0.0\9b9570042115da8629519090dfeb71df75da59fc\legacy-support-core-utils-1.0.0.aar because:
  Build cache is disabled
Transforming lifecycle-livedata-core-2.7.0.aar (androidx.lifecycle:lifecycle-livedata-core:2.7.0) with AarTransform
Skipping JetifyTransform: C:\Users\user\.gradle\caches\modules-2\files-2.1\androidx.savedstate\savedstate-ktx\1.2.1\b86d338d91b1c26193a42b1d87be9bb02123fa16\savedstate-ktx-1.2.1.aar as it is up-to-date.
Caching disabled for JetifyTransform: C:\Users\user\.gradle\caches\modules-2\files-2.1\androidx.lifecycle\lifecycle-viewmodel-ktx\2.7.0\421575b66dd75fa2a1bd425f9ab335461dd10721\lifecycle-viewmodel-ktx-2.7.0.aar because:
  Build cache is disabled
Caching disabled for ExtractAarTransform: C:\Users\user\.gradle\caches\modules-2\files-2.1\androidx.loader\loader\1.0.0\8af8b6cec0da85c207d03e15840e0722cbc71e70\loader-1.0.0.aar because:
  Build cache is disabled
Skipping JetifyTransform: C:\Users\user\.gradle\caches\modules-2\files-2.1\androidx.savedstate\savedstate\1.2.1\e364fc9dec32aa569d855f85864e50250318a093\savedstate-1.2.1.aar as it is up-to-date.
Skipping JetifyTransform: C:\Users\user\.gradle\caches\modules-2\files-2.1\androidx.lifecycle\lifecycle-livedata-core-ktx\2.7.0\746c75e5d0a819d11e255ad137083a51c746e953\lifecycle-livedata-core-ktx-2.7.0.aar as it is up-to-date.
Transforming savedstate-ktx-1.2.1.aar (androidx.savedstate:savedstate-ktx:1.2.1) with ExtractAarTransform
Caching disabled for AarTransform: C:\Users\user\.gradle\caches\transforms-3\8bdbdf69ffb075614c5a434d355a0f8b\transformed\jetified-lifecycle-livedata-ktx-2.7.0 because:
  Build cache is disabled
Skipping JetifyTransform: C:\Users\user\.gradle\caches\modules-2\files-2.1\androidx.lifecycle\lifecycle-viewmodel-ktx\2.7.0\421575b66dd75fa2a1bd425f9ab335461dd10721\lifecycle-viewmodel-ktx-2.7.0.aar as it is up-to-date.
Skipping ExtractAarTransform: C:\Users\user\.gradle\caches\modules-2\files-2.1\androidx.loader\loader\1.0.0\8af8b6cec0da85c207d03e15840e0722cbc71e70\loader-1.0.0.aar as it is up-to-date.
Transforming savedstate-1.2.1.aar (androidx.savedstate:savedstate:1.2.1) with ExtractAarTransform
Skipping ExtractAarTransform: C:\Users\user\.gradle\caches\modules-2\files-2.1\androidx.legacy\legacy-support-core-utils\1.0.0\9b9570042115da8629519090dfeb71df75da59fc\legacy-support-core-utils-1.0.0.aar as it is up-to-date.
Transforming lifecycle-viewmodel-ktx-2.7.0.aar (androidx.lifecycle:lifecycle-viewmodel-ktx:2.7.0) with ExtractAarTransform
Transforming legacy-support-core-utils-1.0.0.aar (androidx.legacy:legacy-support-core-utils:1.0.0) with AarTransform
Skipping AarTransform: C:\Users\user\.gradle\caches\transforms-3\8bdbdf69ffb075614c5a434d355a0f8b\transformed\jetified-lifecycle-livedata-ktx-2.7.0 as it is up-to-date.
Transforming lifecycle-livedata-core-ktx-2.7.0.aar (androidx.lifecycle:lifecycle-livedata-core-ktx:2.7.0) with ExtractAarTransform
Transforming loader-1.0.0.aar (androidx.loader:loader:1.0.0) with AarTransform
Transforming loader-1.0.0.aar (androidx.loader:loader:1.0.0) with AarTransform
Caching disabled for AarTransform: C:\Users\user\.gradle\caches\transforms-3\405ea0b6b50f1060e1e85abd75c2300a\transformed\lifecycle-livedata-core-2.7.0 because:
  Build cache is disabled
Skipping AarTransform: C:\Users\user\.gradle\caches\transforms-3\405ea0b6b50f1060e1e85abd75c2300a\transformed\lifecycle-livedata-core-2.7.0 as it is up-to-date.
Transforming lifecycle-viewmodel-2.7.0.aar (androidx.lifecycle:lifecycle-viewmodel:2.7.0) with JetifyTransform
Transforming lifecycle-viewmodel-2.7.0.aar (androidx.lifecycle:lifecycle-viewmodel:2.7.0) with JetifyTransform
Caching disabled for ExtractAarTransform: C:\Users\user\.gradle\caches\modules-2\files-2.1\androidx.lifecycle\lifecycle-livedata\2.7.0\42ad14e1ee00719636e31a36e8cd50d7ce5c45c6\lifecycle-livedata-2.7.0.aar because:
  Build cache is disabled
Caching disabled for AarTransform: C:\Users\user\.gradle\caches\transforms-3\06eaa3d4db2446ae08073b00af0f9f1e\transformed\legacy-support-core-utils-1.0.0 because:
  Build cache is disabled
Skipping ExtractAarTransform: C:\Users\user\.gradle\caches\modules-2\files-2.1\androidx.lifecycle\lifecycle-livedata\2.7.0\42ad14e1ee00719636e31a36e8cd50d7ce5c45c6\lifecycle-livedata-2.7.0.aar as it is up-to-date.
Skipping AarTransform: C:\Users\user\.gradle\caches\transforms-3\06eaa3d4db2446ae08073b00af0f9f1e\transformed\legacy-support-core-utils-1.0.0 as it is up-to-date.
Caching disabled for AarTransform: C:\Users\user\.gradle\caches\transforms-3\aa2ff84b73bdf2fedfb6304d3a34c1c2\transformed\loader-1.0.0 because:
  Build cache is disabled
Transforming lifecycle-livedata-2.7.0.aar (androidx.lifecycle:lifecycle-livedata:2.7.0) with AarTransform
Skipping AarTransform: C:\Users\user\.gradle\caches\transforms-3\aa2ff84b73bdf2fedfb6304d3a34c1c2\transformed\loader-1.0.0 as it is up-to-date.
Transforming lifecycle-livedata-2.7.0.aar (androidx.lifecycle:lifecycle-livedata:2.7.0) with AarTransform
Caching disabled for ExtractAarTransform: C:\Users\user\.gradle\caches\transforms-3\1c5963f8e4fffaad74ee8cb6cd6f3eba\transformed\jetified-savedstate-ktx-1.2.1.aar because:
  Build cache is disabled
Skipping ExtractAarTransform: C:\Users\user\.gradle\caches\transforms-3\1c5963f8e4fffaad74ee8cb6cd6f3eba\transformed\jetified-savedstate-ktx-1.2.1.aar as it is up-to-date.
Caching disabled for JetifyTransform: C:\Users\user\.gradle\caches\modules-2\files-2.1\androidx.lifecycle\lifecycle-viewmodel\2.7.0\ea64fb2e504d200f2b7f03c76f51edd7e9ef62a9\lifecycle-viewmodel-2.7.0.aar because:
  Build cache is disabled
Caching disabled for AarTransform: C:\Users\user\.gradle\caches\transforms-3\be6eabc1e7597f5af8694205534369ad\transformed\lifecycle-livedata-2.7.0 because:
  Build cache is disabled
Transforming lifecycle-runtime-2.7.0.aar (androidx.lifecycle:lifecycle-runtime:2.7.0) with JetifyTransform
Caching disabled for ExtractAarTransform: C:\Users\user\.gradle\caches\transforms-3\176057ce525d9260435c3fc865a4ce78\transformed\jetified-savedstate-1.2.1.aar because:
  Build cache is disabled
Transforming lifecycle-runtime-ktx-2.7.0.aar (androidx.lifecycle:lifecycle-runtime-ktx:2.7.0) with JetifyTransform
Transforming savedstate-ktx-1.2.1.aar (androidx.savedstate:savedstate-ktx:1.2.1) with AarTransform
Caching disabled for ExtractAarTransform: C:\Users\user\.gradle\caches\transforms-3\5b9928826629e1d065af7b415c675cfe\transformed\jetified-lifecycle-viewmodel-savedstate-2.7.0.aar because:
  Build cache is disabled
Skipping ExtractAarTransform: C:\Users\user\.gradle\caches\transforms-3\176057ce525d9260435c3fc865a4ce78\transformed\jetified-savedstate-1.2.1.aar as it is up-to-date.
Skipping AarTransform: C:\Users\user\.gradle\caches\transforms-3\be6eabc1e7597f5af8694205534369ad\transformed\lifecycle-livedata-2.7.0 as it is up-to-date.
Skipping JetifyTransform: C:\Users\user\.gradle\caches\modules-2\files-2.1\androidx.lifecycle\lifecycle-viewmodel\2.7.0\ea64fb2e504d200f2b7f03c76f51edd7e9ef62a9\lifecycle-viewmodel-2.7.0.aar as it is up-to-date.
Skipping ExtractAarTransform: C:\Users\user\.gradle\caches\transforms-3\5b9928826629e1d065af7b415c675cfe\transformed\jetified-lifecycle-viewmodel-savedstate-2.7.0.aar as it is up-to-date.
Transforming lifecycle-viewmodel-compose-2.7.0.aar (androidx.lifecycle:lifecycle-viewmodel-compose:2.7.0) with JetifyTransform
Transforming lifecycle-viewmodel-2.7.0.aar (androidx.lifecycle:lifecycle-viewmodel:2.7.0) with ExtractAarTransform
Transforming lifecycle-viewmodel-savedstate-2.7.0.aar (androidx.lifecycle:lifecycle-viewmodel-savedstate:2.7.0) with AarTransform
Transforming lifecycle-viewmodel-2.7.0.aar (androidx.lifecycle:lifecycle-viewmodel:2.7.0) with ExtractAarTransform
Transforming savedstate-1.2.1.aar (androidx.savedstate:savedstate:1.2.1) with AarTransform
Caching disabled for ExtractAarTransform: C:\Users\user\.gradle\caches\transforms-3\c9df3ceb2e58ba03e52bed7752205083\transformed\jetified-lifecycle-livedata-core-ktx-2.7.0.aar because:
  Build cache is disabled
Skipping ExtractAarTransform: C:\Users\user\.gradle\caches\transforms-3\c9df3ceb2e58ba03e52bed7752205083\transformed\jetified-lifecycle-livedata-core-ktx-2.7.0.aar as it is up-to-date.
Transforming accompanist-drawablepainter-0.32.0.aar (com.google.accompanist:accompanist-drawablepainter:0.32.0) with JetifyTransform
Transforming lifecycle-livedata-core-ktx-2.7.0.aar (androidx.lifecycle:lifecycle-livedata-core-ktx:2.7.0) with AarTransform
Caching disabled for JetifyTransform: C:\Users\user\.gradle\caches\modules-2\files-2.1\androidx.lifecycle\lifecycle-runtime\2.7.0\e46d7c73ab6cb3e288f51a0ad96bf372e90ceb31\lifecycle-runtime-2.7.0.aar because:
  Build cache is disabled
Skipping JetifyTransform: C:\Users\user\.gradle\caches\modules-2\files-2.1\androidx.lifecycle\lifecycle-runtime\2.7.0\e46d7c73ab6cb3e288f51a0ad96bf372e90ceb31\lifecycle-runtime-2.7.0.aar as it is up-to-date.
Transforming ui-release.aar (androidx.compose.ui:ui-android:1.6.1) with JetifyTransform
Caching disabled for AarTransform: C:\Users\user\.gradle\caches\transforms-3\17d74363b6e909a9d3f818c44afa4535\transformed\jetified-lifecycle-viewmodel-savedstate-2.7.0 because:
  Build cache is disabled
Caching disabled for JetifyTransform: C:\Users\user\.gradle\caches\modules-2\files-2.1\androidx.lifecycle\lifecycle-runtime-ktx\2.7.0\99b5608d5971ae4cb95dea85cd0a2bdb1519b89d\lifecycle-runtime-ktx-2.7.0.aar because:
  Build cache is disabled
Skipping AarTransform: C:\Users\user\.gradle\caches\transforms-3\17d74363b6e909a9d3f818c44afa4535\transformed\jetified-lifecycle-viewmodel-savedstate-2.7.0 as it is up-to-date.
Caching disabled for AarTransform: C:\Users\user\.gradle\caches\transforms-3\d13525a792cc64e11bbc6a846969e153\transformed\jetified-savedstate-ktx-1.2.1 because:
  Build cache is disabled
Skipping AarTransform: C:\Users\user\.gradle\caches\transforms-3\d13525a792cc64e11bbc6a846969e153\transformed\jetified-savedstate-ktx-1.2.1 as it is up-to-date.
Transforming lifecycle-runtime-2.7.0.aar (androidx.lifecycle:lifecycle-runtime:2.7.0) with ExtractAarTransform
Skipping JetifyTransform: C:\Users\user\.gradle\caches\modules-2\files-2.1\androidx.lifecycle\lifecycle-runtime-ktx\2.7.0\99b5608d5971ae4cb95dea85cd0a2bdb1519b89d\lifecycle-runtime-ktx-2.7.0.aar as it is up-to-date.
Caching disabled for JetifyTransform: C:\Users\user\.gradle\caches\modules-2\files-2.1\androidx.lifecycle\lifecycle-viewmodel-compose\2.7.0\4b85b0835d9e85593b23862c4c129f31d38ebcd8\lifecycle-viewmodel-compose-2.7.0.aar because:
  Build cache is disabled
Caching disabled for AarTransform: C:\Users\user\.gradle\caches\transforms-3\729f0ee4f5c310ded66695d5e416a80a\transformed\jetified-savedstate-1.2.1 because:
  Build cache is disabled
Transforming activity-ktx-1.8.2.aar (androidx.activity:activity-ktx:1.8.2) with JetifyTransform
Transforming lifecycle-runtime-ktx-2.7.0.aar (androidx.lifecycle:lifecycle-runtime-ktx:2.7.0) with ExtractAarTransform
Skipping AarTransform: C:\Users\user\.gradle\caches\transforms-3\729f0ee4f5c310ded66695d5e416a80a\transformed\jetified-savedstate-1.2.1 as it is up-to-date.
Skipping JetifyTransform: C:\Users\user\.gradle\caches\modules-2\files-2.1\androidx.lifecycle\lifecycle-viewmodel-compose\2.7.0\4b85b0835d9e85593b23862c4c129f31d38ebcd8\lifecycle-viewmodel-compose-2.7.0.aar as it is up-to-date.
Transforming activity-compose-1.8.2.aar (androidx.activity:activity-compose:1.8.2) with JetifyTransform
Transforming activity-1.8.2.aar (androidx.activity:activity:1.8.2) with JetifyTransform
Caching disabled for ExtractAarTransform: C:\Users\user\.gradle\caches\modules-2\files-2.1\androidx.lifecycle\lifecycle-viewmodel\2.7.0\ea64fb2e504d200f2b7f03c76f51edd7e9ef62a9\lifecycle-viewmodel-2.7.0.aar because:
  Build cache is disabled
Skipping ExtractAarTransform: C:\Users\user\.gradle\caches\modules-2\files-2.1\androidx.lifecycle\lifecycle-viewmodel\2.7.0\ea64fb2e504d200f2b7f03c76f51edd7e9ef62a9\lifecycle-viewmodel-2.7.0.aar as it is up-to-date.
Caching disabled for AarTransform: C:\Users\user\.gradle\caches\transforms-3\39183825c891526e3de148cba7025d38\transformed\jetified-lifecycle-livedata-core-ktx-2.7.0 because:
  Build cache is disabled
Skipping AarTransform: C:\Users\user\.gradle\caches\transforms-3\39183825c891526e3de148cba7025d38\transformed\jetified-lifecycle-livedata-core-ktx-2.7.0 as it is up-to-date.
Transforming lifecycle-viewmodel-compose-2.7.0.aar (androidx.lifecycle:lifecycle-viewmodel-compose:2.7.0) with ExtractAarTransform
Caching disabled for ExtractAarTransform: C:\Users\user\.gradle\caches\transforms-3\bea0eb29fc40b83ba61e586efefdbc80\transformed\jetified-lifecycle-viewmodel-ktx-2.7.0.aar because:
  Build cache is disabled
Caching disabled for JetifyTransform: C:\Users\user\.gradle\caches\modules-2\files-2.1\com.google.accompanist\accompanist-drawablepainter\0.32.0\95ccec9539314044fdff3aefac17a2983b53c340\accompanist-drawablepainter-0.32.0.aar because:
  Build cache is disabled
Skipping ExtractAarTransform: C:\Users\user\.gradle\caches\transforms-3\bea0eb29fc40b83ba61e586efefdbc80\transformed\jetified-lifecycle-viewmodel-ktx-2.7.0.aar as it is up-to-date.
Transforming lifecycle-viewmodel-2.7.0.aar (androidx.lifecycle:lifecycle-viewmodel:2.7.0) with AarTransform
Transforming lifecycle-viewmodel-2.7.0.aar (androidx.lifecycle:lifecycle-viewmodel:2.7.0) with AarTransform
Skipping JetifyTransform: C:\Users\user\.gradle\caches\modules-2\files-2.1\com.google.accompanist\accompanist-drawablepainter\0.32.0\95ccec9539314044fdff3aefac17a2983b53c340\accompanist-drawablepainter-0.32.0.aar as it is up-to-date.
Transforming lifecycle-viewmodel-ktx-2.7.0.aar (androidx.lifecycle:lifecycle-viewmodel-ktx:2.7.0) with AarTransform
Transforming accompanist-drawablepainter-0.32.0.aar (com.google.accompanist:accompanist-drawablepainter:0.32.0) with ExtractAarTransform
Caching disabled for JetifyTransform: C:\Users\user\.gradle\caches\modules-2\files-2.1\androidx.activity\activity-ktx\1.8.2\735d4efd33db4ef032d985415be3e39edbaa65c4\activity-ktx-1.8.2.aar because:
  Build cache is disabled
Skipping JetifyTransform: C:\Users\user\.gradle\caches\modules-2\files-2.1\androidx.activity\activity-ktx\1.8.2\735d4efd33db4ef032d985415be3e39edbaa65c4\activity-ktx-1.8.2.aar as it is up-to-date.
Transforming exoplayer-2.19.1.aar (com.google.android.exoplayer:exoplayer:2.19.1) with JetifyTransform
Transforming activity-ktx-1.8.2.aar (androidx.activity:activity-ktx:1.8.2) with ExtractAarTransform
Caching disabled for JetifyTransform: C:\Users\user\.gradle\caches\modules-2\files-2.1\androidx.activity\activity\1.8.2\bce54c84024b17c34f9d4cdeaf1ce39d3e750c9e\activity-1.8.2.aar because:
  Build cache is disabled
Caching disabled for JetifyTransform: C:\Users\user\.gradle\caches\modules-2\files-2.1\androidx.compose.ui\ui-android\1.6.1\150572d5402c95cfea6a2462d8863e124d9a5c1c\ui-release.aar because:
  Build cache is disabled
Skipping JetifyTransform: C:\Users\user\.gradle\caches\modules-2\files-2.1\androidx.activity\activity\1.8.2\bce54c84024b17c34f9d4cdeaf1ce39d3e750c9e\activity-1.8.2.aar as it is up-to-date.
Caching disabled for AarTransform: C:\Users\user\.gradle\caches\transforms-3\d61403040d3c0a7f14b12e75c497150a\transformed\lifecycle-viewmodel-2.7.0 because:
  Build cache is disabled
Skipping JetifyTransform: C:\Users\user\.gradle\caches\modules-2\files-2.1\androidx.compose.ui\ui-android\1.6.1\150572d5402c95cfea6a2462d8863e124d9a5c1c\ui-release.aar as it is up-to-date.
Skipping AarTransform: C:\Users\user\.gradle\caches\transforms-3\d61403040d3c0a7f14b12e75c497150a\transformed\lifecycle-viewmodel-2.7.0 as it is up-to-date.
Transforming activity-1.8.2.aar (androidx.activity:activity:1.8.2) with ExtractAarTransform
Transforming ui-release.aar (androidx.compose.ui:ui-android:1.6.1) with ExtractAarTransform
Caching disabled for AarTransform: C:\Users\user\.gradle\caches\transforms-3\91aa7e25739ba49b8c446850083d9968\transformed\jetified-lifecycle-viewmodel-ktx-2.7.0 because:
  Build cache is disabled
Skipping AarTransform: C:\Users\user\.gradle\caches\transforms-3\91aa7e25739ba49b8c446850083d9968\transformed\jetified-lifecycle-viewmodel-ktx-2.7.0 as it is up-to-date.
Transforming exoplayer-dash-2.19.1.aar (com.google.android.exoplayer:exoplayer-dash:2.19.1) with JetifyTransform
Caching disabled for JetifyTransform: C:\Users\user\.gradle\caches\modules-2\files-2.1\androidx.activity\activity-compose\1.8.2\648fbbfd0bd3b85c4de733dd022fc86741477e43\activity-compose-1.8.2.aar because:
  Build cache is disabled
Skipping JetifyTransform: C:\Users\user\.gradle\caches\modules-2\files-2.1\androidx.activity\activity-compose\1.8.2\648fbbfd0bd3b85c4de733dd022fc86741477e43\activity-compose-1.8.2.aar as it is up-to-date.
Transforming exoplayer-hls-2.19.1.aar (com.google.android.exoplayer:exoplayer-hls:2.19.1) with JetifyTransform
Transforming activity-compose-1.8.2.aar (androidx.activity:activity-compose:1.8.2) with ExtractAarTransform
Transforming exoplayer-rtsp-2.19.1.aar (com.google.android.exoplayer:exoplayer-rtsp:2.19.1) with JetifyTransform
Caching disabled for ExtractAarTransform: C:\Users\user\.gradle\caches\modules-2\files-2.1\androidx.lifecycle\lifecycle-runtime\2.7.0\e46d7c73ab6cb3e288f51a0ad96bf372e90ceb31\lifecycle-runtime-2.7.0.aar because:
  Build cache is disabled
Skipping ExtractAarTransform: C:\Users\user\.gradle\caches\modules-2\files-2.1\androidx.lifecycle\lifecycle-runtime\2.7.0\e46d7c73ab6cb3e288f51a0ad96bf372e90ceb31\lifecycle-runtime-2.7.0.aar as it is up-to-date.
Transforming lifecycle-runtime-2.7.0.aar (androidx.lifecycle:lifecycle-runtime:2.7.0) with AarTransform
Caching disabled for JetifyTransform: C:\Users\user\.gradle\caches\modules-2\files-2.1\com.google.android.exoplayer\exoplayer\2.19.1\843d812dd4107226b2aa643649d16e27284fa249\exoplayer-2.19.1.aar because:
  Build cache is disabled
Caching disabled for ExtractAarTransform: C:\Users\user\.gradle\caches\transforms-3\450afeadfeccb55c1a87d3e5a2f8395c\transformed\jetified-accompanist-drawablepainter-0.32.0.aar because:
  Build cache is disabled
Skipping JetifyTransform: C:\Users\user\.gradle\caches\modules-2\files-2.1\com.google.android.exoplayer\exoplayer\2.19.1\843d812dd4107226b2aa643649d16e27284fa249\exoplayer-2.19.1.aar as it is up-to-date.
Skipping ExtractAarTransform: C:\Users\user\.gradle\caches\transforms-3\450afeadfeccb55c1a87d3e5a2f8395c\transformed\jetified-accompanist-drawablepainter-0.32.0.aar as it is up-to-date.
Caching disabled for ExtractAarTransform: C:\Users\user\.gradle\caches\transforms-3\d5b96462afb12e34fafa301a6432dccb\transformed\jetified-activity-ktx-1.8.2.aar because:
  Build cache is disabled
Skipping ExtractAarTransform: C:\Users\user\.gradle\caches\transforms-3\d5b96462afb12e34fafa301a6432dccb\transformed\jetified-activity-ktx-1.8.2.aar as it is up-to-date.
Transforming accompanist-drawablepainter-0.32.0.aar (com.google.accompanist:accompanist-drawablepainter:0.32.0) with AarTransform
Transforming exoplayer-2.19.1.aar (com.google.android.exoplayer:exoplayer:2.19.1) with ExtractAarTransform
Transforming activity-ktx-1.8.2.aar (androidx.activity:activity-ktx:1.8.2) with AarTransform
Caching disabled for ExtractAarTransform: C:\Users\user\.gradle\caches\transforms-3\fbc8f9cd9ae8e26469fc6bf89567b33b\transformed\jetified-lifecycle-runtime-ktx-2.7.0.aar because:
  Build cache is disabled
Skipping ExtractAarTransform: C:\Users\user\.gradle\caches\transforms-3\fbc8f9cd9ae8e26469fc6bf89567b33b\transformed\jetified-lifecycle-runtime-ktx-2.7.0.aar as it is up-to-date.
Transforming lifecycle-runtime-ktx-2.7.0.aar (androidx.lifecycle:lifecycle-runtime-ktx:2.7.0) with AarTransform
Caching disabled for ExtractAarTransform: C:\Users\user\.gradle\caches\transforms-3\bc3fe3c7aeb4111f80d215a11d8a36df\transformed\jetified-lifecycle-viewmodel-compose-2.7.0.aar because:
  Build cache is disabled
Skipping ExtractAarTransform: C:\Users\user\.gradle\caches\transforms-3\bc3fe3c7aeb4111f80d215a11d8a36df\transformed\jetified-lifecycle-viewmodel-compose-2.7.0.aar as it is up-to-date.
Caching disabled for JetifyTransform: C:\Users\user\.gradle\caches\modules-2\files-2.1\com.google.android.exoplayer\exoplayer-dash\2.19.1\d723efa969b0bd340437cf150b63d2325ab45424\exoplayer-dash-2.19.1.aar because:
  Build cache is disabled
Transforming lifecycle-viewmodel-compose-2.7.0.aar (androidx.lifecycle:lifecycle-viewmodel-compose:2.7.0) with AarTransform
Skipping JetifyTransform: C:\Users\user\.gradle\caches\modules-2\files-2.1\com.google.android.exoplayer\exoplayer-dash\2.19.1\d723efa969b0bd340437cf150b63d2325ab45424\exoplayer-dash-2.19.1.aar as it is up-to-date.
Transforming exoplayer-dash-2.19.1.aar (com.google.android.exoplayer:exoplayer-dash:2.19.1) with ExtractAarTransform
Caching disabled for ExtractAarTransform: C:\Users\user\.gradle\caches\transforms-3\635743f1662fa06f1b77dc6b9f1ee188\transformed\jetified-activity-1.8.2.aar because:
  Build cache is disabled
Skipping ExtractAarTransform: C:\Users\user\.gradle\caches\transforms-3\635743f1662fa06f1b77dc6b9f1ee188\transformed\jetified-activity-1.8.2.aar as it is up-to-date.
Caching disabled for JetifyTransform: C:\Users\user\.gradle\caches\modules-2\files-2.1\com.google.android.exoplayer\exoplayer-hls\2.19.1\d5ac3861fc0b3b42d2b882b58ec6db8ee0a8dd4c\exoplayer-hls-2.19.1.aar because:
  Build cache is disabled
Caching disabled for AarTransform: C:\Users\user\.gradle\caches\transforms-3\8f69b11fed3424c2a2d07f943e7b1442\transformed\jetified-accompanist-drawablepainter-0.32.0 because:
  Build cache is disabled
Skipping JetifyTransform: C:\Users\user\.gradle\caches\modules-2\files-2.1\com.google.android.exoplayer\exoplayer-hls\2.19.1\d5ac3861fc0b3b42d2b882b58ec6db8ee0a8dd4c\exoplayer-hls-2.19.1.aar as it is up-to-date.
Skipping AarTransform: C:\Users\user\.gradle\caches\transforms-3\8f69b11fed3424c2a2d07f943e7b1442\transformed\jetified-accompanist-drawablepainter-0.32.0 as it is up-to-date.
Transforming activity-1.8.2.aar (androidx.activity:activity:1.8.2) with AarTransform
Transforming exoplayer-hls-2.19.1.aar (com.google.android.exoplayer:exoplayer-hls:2.19.1) with ExtractAarTransform
Caching disabled for AarTransform: C:\Users\user\.gradle\caches\transforms-3\4bea3ad7086dd6310416577e679b27ab\transformed\lifecycle-runtime-2.7.0 because:
  Build cache is disabled
Skipping AarTransform: C:\Users\user\.gradle\caches\transforms-3\4bea3ad7086dd6310416577e679b27ab\transformed\lifecycle-runtime-2.7.0 as it is up-to-date.
Caching disabled for AarTransform: C:\Users\user\.gradle\caches\transforms-3\e109843751a45ceb797ac7414dcd1f55\transformed\jetified-lifecycle-runtime-ktx-2.7.0 because:
  Build cache is disabled
Transforming exoplayer-core-2.19.1.aar (com.google.android.exoplayer:exoplayer-core:2.19.1) with JetifyTransform
Skipping AarTransform: C:\Users\user\.gradle\caches\transforms-3\e109843751a45ceb797ac7414dcd1f55\transformed\jetified-lifecycle-runtime-ktx-2.7.0 as it is up-to-date.
Caching disabled for JetifyTransform: C:\Users\user\.gradle\caches\modules-2\files-2.1\com.google.android.exoplayer\exoplayer-rtsp\2.19.1\d4d7ba009d879711957bc34ae502bf0937ff4b4d\exoplayer-rtsp-2.19.1.aar because:
  Build cache is disabled
Transforming exoplayer-smoothstreaming-2.19.1.aar (com.google.android.exoplayer:exoplayer-smoothstreaming:2.19.1) with JetifyTransform
Caching disabled for AarTransform: C:\Users\user\.gradle\caches\transforms-3\4d6838555ad24cf15a99513e72d58fa0\transformed\jetified-lifecycle-viewmodel-compose-2.7.0 because:
  Build cache is disabled
Skipping AarTransform: C:\Users\user\.gradle\caches\transforms-3\4d6838555ad24cf15a99513e72d58fa0\transformed\jetified-lifecycle-viewmodel-compose-2.7.0 as it is up-to-date.
Skipping JetifyTransform: C:\Users\user\.gradle\caches\modules-2\files-2.1\com.google.android.exoplayer\exoplayer-rtsp\2.19.1\d4d7ba009d879711957bc34ae502bf0937ff4b4d\exoplayer-rtsp-2.19.1.aar as it is up-to-date.
Caching disabled for AarTransform: C:\Users\user\.gradle\caches\transforms-3\3ff7e07e96cbf3c15e17ee90dee7c81e\transformed\jetified-activity-1.8.2 because:
  Build cache is disabled
Skipping AarTransform: C:\Users\user\.gradle\caches\transforms-3\3ff7e07e96cbf3c15e17ee90dee7c81e\transformed\jetified-activity-1.8.2 as it is up-to-date.
Transforming exoplayer-rtsp-2.19.1.aar (com.google.android.exoplayer:exoplayer-rtsp:2.19.1) with ExtractAarTransform
Caching disabled for ExtractAarTransform: C:\Users\user\.gradle\caches\transforms-3\a1ff08deaf73c63763b8c21031db89e9\transformed\jetified-exoplayer-hls-2.19.1.aar because:
  Build cache is disabled
Transforming exoplayer-ui-2.19.1.aar (com.google.android.exoplayer:exoplayer-ui:2.19.1) with JetifyTransform
Skipping ExtractAarTransform: C:\Users\user\.gradle\caches\transforms-3\a1ff08deaf73c63763b8c21031db89e9\transformed\jetified-exoplayer-hls-2.19.1.aar as it is up-to-date.
Transforming exoplayer-hls-2.19.1.aar (com.google.android.exoplayer:exoplayer-hls:2.19.1) with AarTransform
Caching disabled for ExtractAarTransform: C:\Users\user\.gradle\caches\transforms-3\6ec9a996bc479418be954afeae09b185\transformed\jetified-exoplayer-2.19.1.aar because:
  Build cache is disabled
Skipping ExtractAarTransform: C:\Users\user\.gradle\caches\transforms-3\6ec9a996bc479418be954afeae09b185\transformed\jetified-exoplayer-2.19.1.aar as it is up-to-date.
Caching disabled for ExtractAarTransform: C:\Users\user\.gradle\caches\transforms-3\277e59d49ca9b50dd896509b14226935\transformed\jetified-exoplayer-dash-2.19.1.aar because:
  Build cache is disabled
Transforming exoplayer-2.19.1.aar (com.google.android.exoplayer:exoplayer:2.19.1) with AarTransform
Skipping ExtractAarTransform: C:\Users\user\.gradle\caches\transforms-3\277e59d49ca9b50dd896509b14226935\transformed\jetified-exoplayer-dash-2.19.1.aar as it is up-to-date.
Caching disabled for ExtractAarTransform: C:\Users\user\.gradle\caches\transforms-3\a565b936f1170809d6cd0d476a4fa53c\transformed\jetified-activity-compose-1.8.2.aar because:
  Build cache is disabled
Skipping ExtractAarTransform: C:\Users\user\.gradle\caches\transforms-3\a565b936f1170809d6cd0d476a4fa53c\transformed\jetified-activity-compose-1.8.2.aar as it is up-to-date.
Transforming exoplayer-dash-2.19.1.aar (com.google.android.exoplayer:exoplayer-dash:2.19.1) with AarTransform
Caching disabled for AarTransform: C:\Users\user\.gradle\caches\transforms-3\86e7631404a3447ccb8c53460349c742\transformed\jetified-exoplayer-hls-2.19.1 because:
  Build cache is disabled
Transforming recyclerview-1.3.0.aar (androidx.recyclerview:recyclerview:1.3.0) with JetifyTransform
Caching disabled for AarTransform: C:\Users\user\.gradle\caches\transforms-3\bd4d0516dc82d593dc75d0d58095804e\transformed\jetified-activity-ktx-1.8.2 because:
  Build cache is disabled
Skipping AarTransform: C:\Users\user\.gradle\caches\transforms-3\bd4d0516dc82d593dc75d0d58095804e\transformed\jetified-activity-ktx-1.8.2 as it is up-to-date.
Caching disabled for JetifyTransform: C:\Users\user\.gradle\caches\modules-2\files-2.1\com.google.android.exoplayer\exoplayer-smoothstreaming\2.19.1\7e740ac4d6291d02ccfc3e3ba93efd8afa02a4ff\exoplayer-smoothstreaming-2.19.1.aar because:
  Build cache is disabled
Transforming recyclerview-1.3.0.aar (androidx.recyclerview:recyclerview:1.3.0) with JetifyTransform
Skipping JetifyTransform: C:\Users\user\.gradle\caches\modules-2\files-2.1\com.google.android.exoplayer\exoplayer-smoothstreaming\2.19.1\7e740ac4d6291d02ccfc3e3ba93efd8afa02a4ff\exoplayer-smoothstreaming-2.19.1.aar as it is up-to-date.
Transforming activity-compose-1.8.2.aar (androidx.activity:activity-compose:1.8.2) with AarTransform
Skipping AarTransform: C:\Users\user\.gradle\caches\transforms-3\86e7631404a3447ccb8c53460349c742\transformed\jetified-exoplayer-hls-2.19.1 as it is up-to-date.
Caching disabled for JetifyTransform: C:\Users\user\.gradle\caches\modules-2\files-2.1\com.google.android.exoplayer\exoplayer-core\2.19.1\cd567e1da367fe15cb10001306f40a4f7322e1\exoplayer-core-2.19.1.aar because:
  Build cache is disabled
Transforming media-1.6.0.aar (androidx.media:media:1.6.0) with JetifyTransform
Skipping JetifyTransform: C:\Users\user\.gradle\caches\modules-2\files-2.1\com.google.android.exoplayer\exoplayer-core\2.19.1\cd567e1da367fe15cb10001306f40a4f7322e1\exoplayer-core-2.19.1.aar as it is up-to-date.
Caching disabled for JetifyTransform: C:\Users\user\.gradle\caches\modules-2\files-2.1\androidx.recyclerview\recyclerview\1.3.0\57b0dfda0105b96dd2f8a6af4eabaa3daa77ce51\recyclerview-1.3.0.aar because:
  Build cache is disabled
Caching disabled for AarTransform: C:\Users\user\.gradle\caches\transforms-3\6b9e330e22f5b80af693a9cc1ed78961\transformed\jetified-exoplayer-dash-2.19.1 because:
  Build cache is disabled
Transforming browser-1.4.0.aar (androidx.browser:browser:1.4.0) with JetifyTransform
Skipping JetifyTransform: C:\Users\user\.gradle\caches\modules-2\files-2.1\androidx.recyclerview\recyclerview\1.3.0\57b0dfda0105b96dd2f8a6af4eabaa3daa77ce51\recyclerview-1.3.0.aar as it is up-to-date.
Skipping AarTransform: C:\Users\user\.gradle\caches\transforms-3\6b9e330e22f5b80af693a9cc1ed78961\transformed\jetified-exoplayer-dash-2.19.1 as it is up-to-date.
Transforming recyclerview-1.3.0.aar (androidx.recyclerview:recyclerview:1.3.0) with ExtractAarTransform
Transforming exoplayer-smoothstreaming-2.19.1.aar (com.google.android.exoplayer:exoplayer-smoothstreaming:2.19.1) with ExtractAarTransform
Transforming viewpager-1.0.0.aar (androidx.viewpager:viewpager:1.0.0) with JetifyTransform
Transforming recyclerview-1.3.0.aar (androidx.recyclerview:recyclerview:1.3.0) with ExtractAarTransform
Transforming exoplayer-core-2.19.1.aar (com.google.android.exoplayer:exoplayer-core:2.19.1) with ExtractAarTransform
Caching disabled for JetifyTransform: C:\Users\user\.gradle\caches\modules-2\files-2.1\androidx.media\media\1.6.0\db8f393321275a13f52eb5ff28f96931f238865e\media-1.6.0.aar because:
  Build cache is disabled
Skipping JetifyTransform: C:\Users\user\.gradle\caches\modules-2\files-2.1\androidx.media\media\1.6.0\db8f393321275a13f52eb5ff28f96931f238865e\media-1.6.0.aar as it is up-to-date.
Caching disabled for AarTransform: C:\Users\user\.gradle\caches\transforms-3\23d54db28db6fd27500c43cbb98a94ee\transformed\jetified-exoplayer-2.19.1 because:
  Build cache is disabled
Caching disabled for JetifyTransform: C:\Users\user\.gradle\caches\modules-2\files-2.1\androidx.viewpager\viewpager\1.0.0\1f90e13820f96c2fb868f9674079a551678d68b2\viewpager-1.0.0.aar because:
  Build cache is disabled
Skipping JetifyTransform: C:\Users\user\.gradle\caches\modules-2\files-2.1\androidx.viewpager\viewpager\1.0.0\1f90e13820f96c2fb868f9674079a551678d68b2\viewpager-1.0.0.aar as it is up-to-date.
Skipping AarTransform: C:\Users\user\.gradle\caches\transforms-3\23d54db28db6fd27500c43cbb98a94ee\transformed\jetified-exoplayer-2.19.1 as it is up-to-date.
Caching disabled for JetifyTransform: C:\Users\user\.gradle\caches\modules-2\files-2.1\androidx.browser\browser\1.4.0\403c3cf31622ec0c70b3c0633be3e903c8062104\browser-1.4.0.aar because:
  Build cache is disabled
Transforming media-1.6.0.aar (androidx.media:media:1.6.0) with ExtractAarTransform
Skipping JetifyTransform: C:\Users\user\.gradle\caches\modules-2\files-2.1\androidx.browser\browser\1.4.0\403c3cf31622ec0c70b3c0633be3e903c8062104\browser-1.4.0.aar as it is up-to-date.
Transforming viewpager-1.0.0.aar (androidx.viewpager:viewpager:1.0.0) with ExtractAarTransform
Transforming browser-1.4.0.aar (androidx.browser:browser:1.4.0) with ExtractAarTransform
Transforming customview-1.1.0.aar (androidx.customview:customview:1.1.0) with JetifyTransform
Caching disabled for AarTransform: C:\Users\user\.gradle\caches\transforms-3\cc2b5325880f19f8fa69e371da0fcec2\transformed\jetified-activity-compose-1.8.2 because:
  Build cache is disabled
Skipping AarTransform: C:\Users\user\.gradle\caches\transforms-3\cc2b5325880f19f8fa69e371da0fcec2\transformed\jetified-activity-compose-1.8.2 as it is up-to-date.
Caching disabled for ExtractAarTransform: C:\Users\user\.gradle\caches\modules-2\files-2.1\androidx.recyclerview\recyclerview\1.3.0\57b0dfda0105b96dd2f8a6af4eabaa3daa77ce51\recyclerview-1.3.0.aar because:
  Build cache is disabled
Caching disabled for ExtractAarTransform: C:\Users\user\.gradle\caches\transforms-3\b23e2cd6e9c03eeaa8a8865bf72867c8\transformed\jetified-exoplayer-rtsp-2.19.1.aar because:
  Build cache is disabled
Skipping ExtractAarTransform: C:\Users\user\.gradle\caches\modules-2\files-2.1\androidx.recyclerview\recyclerview\1.3.0\57b0dfda0105b96dd2f8a6af4eabaa3daa77ce51\recyclerview-1.3.0.aar as it is up-to-date.
Skipping ExtractAarTransform: C:\Users\user\.gradle\caches\transforms-3\b23e2cd6e9c03eeaa8a8865bf72867c8\transformed\jetified-exoplayer-rtsp-2.19.1.aar as it is up-to-date.
Transforming recyclerview-1.3.0.aar (androidx.recyclerview:recyclerview:1.3.0) with AarTransform
Transforming recyclerview-1.3.0.aar (androidx.recyclerview:recyclerview:1.3.0) with AarTransform
Transforming customview-1.1.0.aar (androidx.customview:customview:1.1.0) with JetifyTransform
Transforming exoplayer-rtsp-2.19.1.aar (com.google.android.exoplayer:exoplayer-rtsp:2.19.1) with AarTransform
Caching disabled for AarTransform: C:\Users\user\.gradle\caches\transforms-3\0f7bbe974198c0e6f5daf78e810cfb8e\transformed\recyclerview-1.3.0 because:
  Build cache is disabled
Caching disabled for ExtractAarTransform: C:\Users\user\.gradle\caches\modules-2\files-2.1\androidx.viewpager\viewpager\1.0.0\1f90e13820f96c2fb868f9674079a551678d68b2\viewpager-1.0.0.aar because:
  Build cache is disabled
Skipping AarTransform: C:\Users\user\.gradle\caches\transforms-3\0f7bbe974198c0e6f5daf78e810cfb8e\transformed\recyclerview-1.3.0 as it is up-to-date.
Skipping ExtractAarTransform: C:\Users\user\.gradle\caches\modules-2\files-2.1\androidx.viewpager\viewpager\1.0.0\1f90e13820f96c2fb868f9674079a551678d68b2\viewpager-1.0.0.aar as it is up-to-date.
Caching disabled for ExtractAarTransform: C:\Users\user\.gradle\caches\transforms-3\198e8db8d1459903e877c79812cc2a69\transformed\jetified-exoplayer-smoothstreaming-2.19.1.aar because:
  Build cache is disabled
Transforming viewpager-1.0.0.aar (androidx.viewpager:viewpager:1.0.0) with AarTransform
Skipping ExtractAarTransform: C:\Users\user\.gradle\caches\transforms-3\198e8db8d1459903e877c79812cc2a69\transformed\jetified-exoplayer-smoothstreaming-2.19.1.aar as it is up-to-date.
Caching disabled for JetifyTransform: C:\Users\user\.gradle\caches\modules-2\files-2.1\androidx.customview\customview\1.1.0\a030aaf64c5419a89f7d91a33755c4629a43471\customview-1.1.0.aar because:
  Build cache is disabled
Transforming customview-1.1.0.aar (androidx.customview:customview:1.1.0) with JetifyTransform
Transforming exoplayer-smoothstreaming-2.19.1.aar (com.google.android.exoplayer:exoplayer-smoothstreaming:2.19.1) with AarTransform
Caching disabled for AarTransform: C:\Users\user\.gradle\caches\transforms-3\7988b5c431abeac835ef34d8554a267c\transformed\jetified-exoplayer-rtsp-2.19.1 because:
  Build cache is disabled
Transforming customview-1.1.0.aar (androidx.customview:customview:1.1.0) with JetifyTransform
Skipping AarTransform: C:\Users\user\.gradle\caches\transforms-3\7988b5c431abeac835ef34d8554a267c\transformed\jetified-exoplayer-rtsp-2.19.1 as it is up-to-date.
Skipping JetifyTransform: C:\Users\user\.gradle\caches\modules-2\files-2.1\androidx.customview\customview\1.1.0\a030aaf64c5419a89f7d91a33755c4629a43471\customview-1.1.0.aar as it is up-to-date.
Transforming customview-1.1.0.aar (androidx.customview:customview:1.1.0) with ExtractAarTransform
Transforming customview-1.1.0.aar (androidx.customview:customview:1.1.0) with ExtractAarTransform
Transforming customview-1.1.0.aar (androidx.customview:customview:1.1.0) with ExtractAarTransform
Caching disabled for AarTransform: C:\Users\user\.gradle\caches\transforms-3\04830523360f0a9c22bc3d9783abdb1e\transformed\jetified-exoplayer-smoothstreaming-2.19.1 because:
  Build cache is disabled
Skipping AarTransform: C:\Users\user\.gradle\caches\transforms-3\04830523360f0a9c22bc3d9783abdb1e\transformed\jetified-exoplayer-smoothstreaming-2.19.1 as it is up-to-date.
Transforming customview-1.1.0.aar (androidx.customview:customview:1.1.0) with ExtractAarTransform
Transforming autofill-1.0.0.aar (androidx.autofill:autofill:1.0.0) with JetifyTransform
Transforming core-1.12.0.aar (androidx.core:core:1.12.0) with JetifyTransform
Caching disabled for ExtractAarTransform: C:\Users\user\.gradle\caches\modules-2\files-2.1\androidx.customview\customview\1.1.0\a030aaf64c5419a89f7d91a33755c4629a43471\customview-1.1.0.aar because:
  Build cache is disabled
Skipping ExtractAarTransform: C:\Users\user\.gradle\caches\modules-2\files-2.1\androidx.customview\customview\1.1.0\a030aaf64c5419a89f7d91a33755c4629a43471\customview-1.1.0.aar as it is up-to-date.
Caching disabled for ExtractAarTransform: C:\Users\user\.gradle\caches\modules-2\files-2.1\androidx.media\media\1.6.0\db8f393321275a13f52eb5ff28f96931f238865e\media-1.6.0.aar because:
  Build cache is disabled
Skipping ExtractAarTransform: C:\Users\user\.gradle\caches\modules-2\files-2.1\androidx.media\media\1.6.0\db8f393321275a13f52eb5ff28f96931f238865e\media-1.6.0.aar as it is up-to-date.
Transforming customview-1.1.0.aar (androidx.customview:customview:1.1.0) with AarTransform
Transforming customview-1.1.0.aar (androidx.customview:customview:1.1.0) with AarTransform
Transforming media-1.6.0.aar (androidx.media:media:1.6.0) with AarTransform
Transforming customview-1.1.0.aar (androidx.customview:customview:1.1.0) with AarTransform
Transforming customview-1.1.0.aar (androidx.customview:customview:1.1.0) with AarTransform
Caching disabled for JetifyTransform: C:\Users\user\.gradle\caches\modules-2\files-2.1\androidx.autofill\autofill\1.0.0\d95a6e3b895ad8f037dd01d88c87138b6d5eb507\autofill-1.0.0.aar because:
  Build cache is disabled
Skipping JetifyTransform: C:\Users\user\.gradle\caches\modules-2\files-2.1\androidx.autofill\autofill\1.0.0\d95a6e3b895ad8f037dd01d88c87138b6d5eb507\autofill-1.0.0.aar as it is up-to-date.
Caching disabled for JetifyTransform: C:\Users\user\.gradle\caches\modules-2\files-2.1\androidx.core\core\1.12.0\5aa3088ed93ba8ebaea2b8a83befdfa829339e7a\core-1.12.0.aar because:
  Build cache is disabled
Skipping JetifyTransform: C:\Users\user\.gradle\caches\modules-2\files-2.1\androidx.core\core\1.12.0\5aa3088ed93ba8ebaea2b8a83befdfa829339e7a\core-1.12.0.aar as it is up-to-date.
Caching disabled for AarTransform: C:\Users\user\.gradle\caches\transforms-3\e64e0a3a08ca0f06a8ffeb68df2fb01e\transformed\media-1.6.0 because:
  Build cache is disabled
Transforming autofill-1.0.0.aar (androidx.autofill:autofill:1.0.0) with ExtractAarTransform
Caching disabled for AarTransform: C:\Users\user\.gradle\caches\transforms-3\a2f4c85d9ee4c6259367ff55f3b32260\transformed\customview-1.1.0 because:
  Build cache is disabled
Skipping AarTransform: C:\Users\user\.gradle\caches\transforms-3\e64e0a3a08ca0f06a8ffeb68df2fb01e\transformed\media-1.6.0 as it is up-to-date.
Skipping AarTransform: C:\Users\user\.gradle\caches\transforms-3\a2f4c85d9ee4c6259367ff55f3b32260\transformed\customview-1.1.0 as it is up-to-date.
Transforming core-1.12.0.aar (androidx.core:core:1.12.0) with ExtractAarTransform
Transforming core-1.12.0.aar (androidx.core:core:1.12.0) with JetifyTransform
Transforming core-1.12.0.aar (androidx.core:core:1.12.0) with JetifyTransform
Transforming core-1.12.0.aar (androidx.core:core:1.12.0) with ExtractAarTransform
Transforming core-1.12.0.aar (androidx.core:core:1.12.0) with ExtractAarTransform
Transforming core-1.12.0.aar (androidx.core:core:1.12.0) with JetifyTransform
Transforming core-1.12.0.aar (androidx.core:core:1.12.0) with JetifyTransform
Transforming core-1.12.0.aar (androidx.core:core:1.12.0) with ExtractAarTransform
Transforming core-1.12.0.aar (androidx.core:core:1.12.0) with ExtractAarTransform
Transforming core-1.12.0.aar (androidx.core:core:1.12.0) with JetifyTransform
Transforming core-1.12.0.aar (androidx.core:core:1.12.0) with ExtractAarTransform
Caching disabled for ExtractAarTransform: C:\Users\user\.gradle\caches\transforms-3\f45f6610b784288f41463cea36e99105\transformed\jetified-autofill-1.0.0.aar because:
  Build cache is disabled
Skipping ExtractAarTransform: C:\Users\user\.gradle\caches\transforms-3\f45f6610b784288f41463cea36e99105\transformed\jetified-autofill-1.0.0.aar as it is up-to-date.
Transforming autofill-1.0.0.aar (androidx.autofill:autofill:1.0.0) with AarTransform
Caching disabled for AarTransform: C:\Users\user\.gradle\caches\transforms-3\937d7a61b7111c64ca0de305910a85b2\transformed\jetified-autofill-1.0.0 because:
  Build cache is disabled
Skipping AarTransform: C:\Users\user\.gradle\caches\transforms-3\937d7a61b7111c64ca0de305910a85b2\transformed\jetified-autofill-1.0.0 as it is up-to-date.
Transforming core-1.12.0.aar (androidx.core:core:1.12.0) with JetifyTransform
Transforming core-1.12.0.aar (androidx.core:core:1.12.0) with ExtractAarTransform
Caching disabled for ExtractAarTransform: C:\Users\user\.gradle\caches\transforms-3\fb601a7f62cad805c5e36eb62ca67e9e\transformed\jetified-exoplayer-core-2.19.1.aar because:
  Build cache is disabled
Caching disabled for AarTransform: C:\Users\user\.gradle\caches\transforms-3\57848645458d68f540459ae62d741e32\transformed\viewpager-1.0.0 because:
  Build cache is disabled
Skipping ExtractAarTransform: C:\Users\user\.gradle\caches\transforms-3\fb601a7f62cad805c5e36eb62ca67e9e\transformed\jetified-exoplayer-core-2.19.1.aar as it is up-to-date.
Skipping AarTransform: C:\Users\user\.gradle\caches\transforms-3\57848645458d68f540459ae62d741e32\transformed\viewpager-1.0.0 as it is up-to-date.
Transforming core-1.12.0.aar (androidx.core:core:1.12.0) with JetifyTransform
Caching disabled for ExtractAarTransform: C:\Users\user\.gradle\caches\transforms-3\367145ddcfd7aa731923b5762040bb4a\transformed\jetified-ui-release.aar because:
  Build cache is disabled
Transforming core-1.12.0.aar (androidx.core:core:1.12.0) with ExtractAarTransform
Skipping ExtractAarTransform: C:\Users\user\.gradle\caches\transforms-3\367145ddcfd7aa731923b5762040bb4a\transformed\jetified-ui-release.aar as it is up-to-date.
Transforming exoplayer-core-2.19.1.aar (com.google.android.exoplayer:exoplayer-core:2.19.1) with AarTransform
Transforming ui-release.aar (androidx.compose.ui:ui-android:1.6.1) with AarTransform
Caching disabled for JetifyTransform: C:\Users\user\.gradle\caches\modules-2\files-2.1\com.google.android.exoplayer\exoplayer-ui\2.19.1\f2854c993ee7c931a9970c22ca8a35ace6b3d9af\exoplayer-ui-2.19.1.aar because:
  Build cache is disabled
Skipping JetifyTransform: C:\Users\user\.gradle\caches\modules-2\files-2.1\com.google.android.exoplayer\exoplayer-ui\2.19.1\f2854c993ee7c931a9970c22ca8a35ace6b3d9af\exoplayer-ui-2.19.1.aar as it is up-to-date.
Transforming exoplayer-ui-2.19.1.aar (com.google.android.exoplayer:exoplayer-ui:2.19.1) with ExtractAarTransform
Caching disabled for AarTransform: C:\Users\user\.gradle\caches\transforms-3\6a39333c6856d532570520fbc2bd1c09\transformed\jetified-exoplayer-core-2.19.1 because:
  Build cache is disabled
Skipping AarTransform: C:\Users\user\.gradle\caches\transforms-3\6a39333c6856d532570520fbc2bd1c09\transformed\jetified-exoplayer-core-2.19.1 as it is up-to-date.
Caching disabled for AarTransform: C:\Users\user\.gradle\caches\transforms-3\eb7f95ceb80fe7edaffe686f45c414e3\transformed\jetified-ui-release because:
  Build cache is disabled
Caching disabled for ExtractAarTransform: C:\Users\user\.gradle\caches\modules-2\files-2.1\androidx.browser\browser\1.4.0\403c3cf31622ec0c70b3c0633be3e903c8062104\browser-1.4.0.aar because:
  Build cache is disabled
Skipping ExtractAarTransform: C:\Users\user\.gradle\caches\modules-2\files-2.1\androidx.browser\browser\1.4.0\403c3cf31622ec0c70b3c0633be3e903c8062104\browser-1.4.0.aar as it is up-to-date.
Skipping AarTransform: C:\Users\user\.gradle\caches\transforms-3\eb7f95ceb80fe7edaffe686f45c414e3\transformed\jetified-ui-release as it is up-to-date.
Transforming core-1.12.0.aar (androidx.core:core:1.12.0) with JetifyTransform
Transforming core-1.12.0.aar (androidx.core:core:1.12.0) with ExtractAarTransform
Transforming browser-1.4.0.aar (androidx.browser:browser:1.4.0) with AarTransform
Transforming core-1.12.0.aar (androidx.core:core:1.12.0) with JetifyTransform
Transforming core-1.12.0.aar (androidx.core:core:1.12.0) with ExtractAarTransform
Caching disabled for AarTransform: C:\Users\user\.gradle\caches\transforms-3\756e4599b46450e09c632b813556cee0\transformed\browser-1.4.0 because:
  Build cache is disabled
Skipping AarTransform: C:\Users\user\.gradle\caches\transforms-3\756e4599b46450e09c632b813556cee0\transformed\browser-1.4.0 as it is up-to-date.
Transforming core-1.12.0.aar (androidx.core:core:1.12.0) with JetifyTransform
Transforming core-1.12.0.aar (androidx.core:core:1.12.0) with ExtractAarTransform
Caching disabled for ExtractAarTransform: C:\Users\user\.gradle\caches\modules-2\files-2.1\androidx.core\core\1.12.0\5aa3088ed93ba8ebaea2b8a83befdfa829339e7a\core-1.12.0.aar because:
  Build cache is disabled
Skipping ExtractAarTransform: C:\Users\user\.gradle\caches\modules-2\files-2.1\androidx.core\core\1.12.0\5aa3088ed93ba8ebaea2b8a83befdfa829339e7a\core-1.12.0.aar as it is up-to-date.
Transforming core-1.12.0.aar (androidx.core:core:1.12.0) with AarTransform
Transforming core-1.12.0.aar (androidx.core:core:1.12.0) with AarTransform
Transforming core-1.12.0.aar (androidx.core:core:1.12.0) with AarTransform
Transforming core-1.12.0.aar (androidx.core:core:1.12.0) with AarTransform
Transforming core-1.12.0.aar (androidx.core:core:1.12.0) with AarTransform
Transforming core-1.12.0.aar (androidx.core:core:1.12.0) with AarTransform
Transforming core-1.12.0.aar (androidx.core:core:1.12.0) with AarTransform
Transforming core-1.12.0.aar (androidx.core:core:1.12.0) with AarTransform
Transforming core-1.12.0.aar (androidx.core:core:1.12.0) with AarTransform
Transforming core-1.12.0.aar (androidx.core:core:1.12.0) with AarTransform
Transforming core-1.12.0.aar (androidx.core:core:1.12.0) with AarTransform
Caching disabled for AarTransform: C:\Users\user\.gradle\caches\transforms-3\5c5739f4de2f71729af9e79251007f6b\transformed\core-1.12.0 because:
  Build cache is disabled
Skipping AarTransform: C:\Users\user\.gradle\caches\transforms-3\5c5739f4de2f71729af9e79251007f6b\transformed\core-1.12.0 as it is up-to-date.
Transforming flexbox-3.0.0.aar (com.google.android.flexbox:flexbox:3.0.0) with JetifyTransform
Transforming ads-adservices-1.0.0-beta05.aar (androidx.privacysandbox.ads:ads-adservices:1.0.0-beta05) with JetifyTransform
Transforming ads-adservices-1.0.0-beta05.aar (androidx.privacysandbox.ads:ads-adservices:1.0.0-beta05) with JetifyTransform
Transforming core-splashscreen-1.0.1.aar (androidx.core:core-splashscreen:1.0.1) with JetifyTransform
Transforming core-ktx-1.12.0.aar (androidx.core:core-ktx:1.12.0) with JetifyTransform
Transforming sqlite-framework-2.4.0.aar (androidx.sqlite:sqlite-framework:2.4.0) with JetifyTransform
Caching disabled for JetifyTransform: C:\Users\user\.gradle\caches\modules-2\files-2.1\androidx.privacysandbox.ads\ads-adservices\1.0.0-beta05\d71f9480cad5dd22b7aee38ec0ec208359d63a23\ads-adservices-1.0.0-beta05.aar because:
  Build cache is disabled
Caching disabled for JetifyTransform: C:\Users\user\.gradle\caches\modules-2\files-2.1\com.google.android.flexbox\flexbox\3.0.0\3c7fab1f24a8171448976f30e48b9f99cdc83514\flexbox-3.0.0.aar because:
  Build cache is disabled
Skipping JetifyTransform: C:\Users\user\.gradle\caches\modules-2\files-2.1\com.google.android.flexbox\flexbox\3.0.0\3c7fab1f24a8171448976f30e48b9f99cdc83514\flexbox-3.0.0.aar as it is up-to-date.
Skipping JetifyTransform: C:\Users\user\.gradle\caches\modules-2\files-2.1\androidx.privacysandbox.ads\ads-adservices\1.0.0-beta05\d71f9480cad5dd22b7aee38ec0ec208359d63a23\ads-adservices-1.0.0-beta05.aar as it is up-to-date.
Transforming customview-poolingcontainer-1.0.0.aar (androidx.customview:customview-poolingcontainer:1.0.0) with JetifyTransform
Transforming ads-adservices-1.0.0-beta05.aar (androidx.privacysandbox.ads:ads-adservices:1.0.0-beta05) with ExtractAarTransform
Transforming flexbox-3.0.0.aar (com.google.android.flexbox:flexbox:3.0.0) with ExtractAarTransform
Transforming sqlite-2.4.0.aar (androidx.sqlite:sqlite:2.4.0) with JetifyTransform
Transforming ads-adservices-1.0.0-beta05.aar (androidx.privacysandbox.ads:ads-adservices:1.0.0-beta05) with ExtractAarTransform
Caching disabled for JetifyTransform: C:\Users\user\.gradle\caches\modules-2\files-2.1\androidx.core\core-ktx\1.12.0\1b80a40d6f34eb52c8de87c186feb57aa2a43ada\core-ktx-1.12.0.aar because:
  Build cache is disabled
Skipping JetifyTransform: C:\Users\user\.gradle\caches\modules-2\files-2.1\androidx.core\core-ktx\1.12.0\1b80a40d6f34eb52c8de87c186feb57aa2a43ada\core-ktx-1.12.0.aar as it is up-to-date.
Transforming annotation-experimental-1.4.0.aar (androidx.annotation:annotation-experimental:1.4.0) with JetifyTransform
Caching disabled for JetifyTransform: C:\Users\user\.gradle\caches\modules-2\files-2.1\androidx.core\core-splashscreen\1.0.1\fadbb3c79d38f185997886b932b93278a4d8c2c1\core-splashscreen-1.0.1.aar because:
  Build cache is disabled
Caching disabled for JetifyTransform: C:\Users\user\.gradle\caches\modules-2\files-2.1\androidx.sqlite\sqlite-framework\2.4.0\532d56a4f312d78767534ff1cc2f8084baec6c26\sqlite-framework-2.4.0.aar because:
  Build cache is disabled
Caching disabled for JetifyTransform: C:\Users\user\.gradle\caches\modules-2\files-2.1\androidx.customview\customview-poolingcontainer\1.0.0\579fc832cf0e5be08d8d9571850b50d22d9de3c\customview-poolingcontainer-1.0.0.aar because:
  Build cache is disabled
Transforming core-ktx-1.12.0.aar (androidx.core:core-ktx:1.12.0) with ExtractAarTransform
Skipping JetifyTransform: C:\Users\user\.gradle\caches\modules-2\files-2.1\androidx.sqlite\sqlite-framework\2.4.0\532d56a4f312d78767534ff1cc2f8084baec6c26\sqlite-framework-2.4.0.aar as it is up-to-date.
Transforming ads-adservices-java-1.0.0-beta05.aar (androidx.privacysandbox.ads:ads-adservices-java:1.0.0-beta05) with JetifyTransform
Transforming sqlite-framework-2.4.0.aar (androidx.sqlite:sqlite-framework:2.4.0) with ExtractAarTransform
Caching disabled for JetifyTransform: C:\Users\user\.gradle\caches\modules-2\files-2.1\androidx.sqlite\sqlite\2.4.0\cc553e5621c8ad4e233059a724100afa9e2fd1f4\sqlite-2.4.0.aar because:
  Build cache is disabled
Skipping JetifyTransform: C:\Users\user\.gradle\caches\modules-2\files-2.1\androidx.core\core-splashscreen\1.0.1\fadbb3c79d38f185997886b932b93278a4d8c2c1\core-splashscreen-1.0.1.aar as it is up-to-date.
Caching disabled for ExtractAarTransform: C:\Users\user\.gradle\caches\transforms-3\6633c217f19454b0daaef2039372214b\transformed\jetified-ads-adservices-1.0.0-beta05.aar because:
  Build cache is disabled
Caching disabled for JetifyTransform: C:\Users\user\.gradle\caches\modules-2\files-2.1\androidx.annotation\annotation-experimental\1.4.0\c7a2038d831d0cfbfb9a440890b287c2e839ecf\annotation-experimental-1.4.0.aar because:
  Build cache is disabled
Transforming napier-release.aar (io.github.aakira:napier-android:1.4.1) with JetifyTransform
Transforming core-splashscreen-1.0.1.aar (androidx.core:core-splashscreen:1.0.1) with ExtractAarTransform
Skipping JetifyTransform: C:\Users\user\.gradle\caches\modules-2\files-2.1\androidx.customview\customview-poolingcontainer\1.0.0\579fc832cf0e5be08d8d9571850b50d22d9de3c\customview-poolingcontainer-1.0.0.aar as it is up-to-date.
Skipping JetifyTransform: C:\Users\user\.gradle\caches\modules-2\files-2.1\androidx.annotation\annotation-experimental\1.4.0\c7a2038d831d0cfbfb9a440890b287c2e839ecf\annotation-experimental-1.4.0.aar as it is up-to-date.
Skipping ExtractAarTransform: C:\Users\user\.gradle\caches\transforms-3\6633c217f19454b0daaef2039372214b\transformed\jetified-ads-adservices-1.0.0-beta05.aar as it is up-to-date.
Skipping JetifyTransform: C:\Users\user\.gradle\caches\modules-2\files-2.1\androidx.sqlite\sqlite\2.4.0\cc553e5621c8ad4e233059a724100afa9e2fd1f4\sqlite-2.4.0.aar as it is up-to-date.
Transforming annotation-experimental-1.4.0.aar (androidx.annotation:annotation-experimental:1.4.0) with ExtractAarTransform
Transforming customview-poolingcontainer-1.0.0.aar (androidx.customview:customview-poolingcontainer:1.0.0) with ExtractAarTransform
Transforming sqlite-2.4.0.aar (androidx.sqlite:sqlite:2.4.0) with ExtractAarTransform
Transforming ads-adservices-1.0.0-beta05.aar (androidx.privacysandbox.ads:ads-adservices:1.0.0-beta05) with AarTransform
Transforming ads-adservices-1.0.0-beta05.aar (androidx.privacysandbox.ads:ads-adservices:1.0.0-beta05) with AarTransform
Caching disabled for JetifyTransform: C:\Users\user\.gradle\caches\modules-2\files-2.1\androidx.privacysandbox.ads\ads-adservices-java\1.0.0-beta05\6b85f994ec3b5265e62a8697558974a0311ff1da\ads-adservices-java-1.0.0-beta05.aar because:
  Build cache is disabled
Skipping JetifyTransform: C:\Users\user\.gradle\caches\modules-2\files-2.1\androidx.privacysandbox.ads\ads-adservices-java\1.0.0-beta05\6b85f994ec3b5265e62a8697558974a0311ff1da\ads-adservices-java-1.0.0-beta05.aar as it is up-to-date.
Transforming ads-adservices-java-1.0.0-beta05.aar (androidx.privacysandbox.ads:ads-adservices-java:1.0.0-beta05) with ExtractAarTransform
Caching disabled for ExtractAarTransform: C:\Users\user\.gradle\caches\modules-2\files-2.1\androidx.sqlite\sqlite-framework\2.4.0\532d56a4f312d78767534ff1cc2f8084baec6c26\sqlite-framework-2.4.0.aar because:
  Build cache is disabled
Skipping ExtractAarTransform: C:\Users\user\.gradle\caches\modules-2\files-2.1\androidx.sqlite\sqlite-framework\2.4.0\532d56a4f312d78767534ff1cc2f8084baec6c26\sqlite-framework-2.4.0.aar as it is up-to-date.
Caching disabled for ExtractAarTransform: C:\Users\user\.gradle\caches\transforms-3\9814d943fb1beda357ebd0cd13d5ba21\transformed\jetified-flexbox-3.0.0.aar because:
  Build cache is disabled
Caching disabled for JetifyTransform: C:\Users\user\.gradle\caches\modules-2\files-2.1\io.github.aakira\napier-android\1.4.1\f39fbb065e42bc6d5a27dc5e781d1b8e43214f89\napier-release.aar because:
  Build cache is disabled
Skipping ExtractAarTransform: C:\Users\user\.gradle\caches\transforms-3\9814d943fb1beda357ebd0cd13d5ba21\transformed\jetified-flexbox-3.0.0.aar as it is up-to-date.
Skipping JetifyTransform: C:\Users\user\.gradle\caches\modules-2\files-2.1\io.github.aakira\napier-android\1.4.1\f39fbb065e42bc6d5a27dc5e781d1b8e43214f89\napier-release.aar as it is up-to-date.
Transforming flexbox-3.0.0.aar (com.google.android.flexbox:flexbox:3.0.0) with AarTransform
Transforming sqlite-framework-2.4.0.aar (androidx.sqlite:sqlite-framework:2.4.0) with AarTransform
Caching disabled for ExtractAarTransform: C:\Users\user\.gradle\caches\transforms-3\db555cdd53b85b398646ca1acb377e16\transformed\jetified-core-ktx-1.12.0.aar because:
  Build cache is disabled
Caching disabled for ExtractAarTransform: C:\Users\user\.gradle\caches\transforms-3\52628cd1c421f5e6f538faea8d3ac358\transformed\jetified-annotation-experimental-1.4.0.aar because:
  Build cache is disabled
Skipping ExtractAarTransform: C:\Users\user\.gradle\caches\transforms-3\db555cdd53b85b398646ca1acb377e16\transformed\jetified-core-ktx-1.12.0.aar as it is up-to-date.
Skipping ExtractAarTransform: C:\Users\user\.gradle\caches\transforms-3\52628cd1c421f5e6f538faea8d3ac358\transformed\jetified-annotation-experimental-1.4.0.aar as it is up-to-date.
Transforming core-ktx-1.12.0.aar (androidx.core:core-ktx:1.12.0) with AarTransform
Caching disabled for AarTransform: C:\Users\user\.gradle\caches\transforms-3\88a788eb4554cb70c926faac5961e219\transformed\jetified-ads-adservices-1.0.0-beta05 because:
  Build cache is disabled
Transforming annotation-experimental-1.4.0.aar (androidx.annotation:annotation-experimental:1.4.0) with AarTransform
Caching disabled for AarTransform: C:\Users\user\.gradle\caches\transforms-3\71618b46663af3ea0092ee8c6d5590fe\transformed\sqlite-framework-2.4.0 because:
  Build cache is disabled
Skipping AarTransform: C:\Users\user\.gradle\caches\transforms-3\88a788eb4554cb70c926faac5961e219\transformed\jetified-ads-adservices-1.0.0-beta05 as it is up-to-date.
Skipping AarTransform: C:\Users\user\.gradle\caches\transforms-3\71618b46663af3ea0092ee8c6d5590fe\transformed\sqlite-framework-2.4.0 as it is up-to-date.
Transforming napier-release.aar (io.github.aakira:napier-android:1.4.1) with ExtractAarTransform
Transforming cursoradapter-1.0.0.aar (androidx.cursoradapter:cursoradapter:1.0.0) with JetifyTransform
Transforming cardview-1.0.0.aar (androidx.cardview:cardview:1.0.0) with JetifyTransform
Caching disabled for ExtractAarTransform: C:\Users\user\.gradle\caches\transforms-3\a34133fc3b29218c05b800d3d8b5c055\transformed\jetified-customview-poolingcontainer-1.0.0.aar because:
  Build cache is disabled
Skipping ExtractAarTransform: C:\Users\user\.gradle\caches\transforms-3\a34133fc3b29218c05b800d3d8b5c055\transformed\jetified-customview-poolingcontainer-1.0.0.aar as it is up-to-date.
Transforming core-runtime-2.2.0.aar (androidx.arch.core:core-runtime:2.2.0) with JetifyTransform
Transforming customview-poolingcontainer-1.0.0.aar (androidx.customview:customview-poolingcontainer:1.0.0) with AarTransform
Caching disabled for ExtractAarTransform: C:\Users\user\.gradle\caches\modules-2\files-2.1\androidx.sqlite\sqlite\2.4.0\cc553e5621c8ad4e233059a724100afa9e2fd1f4\sqlite-2.4.0.aar because:
  Build cache is disabled
Caching disabled for AarTransform: C:\Users\user\.gradle\caches\transforms-3\4ec695ed94a8284d6fd7bdbfc66270dc\transformed\jetified-annotation-experimental-1.4.0 because:
  Build cache is disabled
Skipping ExtractAarTransform: C:\Users\user\.gradle\caches\modules-2\files-2.1\androidx.sqlite\sqlite\2.4.0\cc553e5621c8ad4e233059a724100afa9e2fd1f4\sqlite-2.4.0.aar as it is up-to-date.
Skipping AarTransform: C:\Users\user\.gradle\caches\transforms-3\4ec695ed94a8284d6fd7bdbfc66270dc\transformed\jetified-annotation-experimental-1.4.0 as it is up-to-date.
Caching disabled for AarTransform: C:\Users\user\.gradle\caches\transforms-3\9ab85f199ce6032d85aa0cc0c0e855bb\transformed\jetified-core-ktx-1.12.0 because:
  Build cache is disabled
Caching disabled for JetifyTransform: C:\Users\user\.gradle\caches\modules-2\files-2.1\androidx.arch.core\core-runtime\2.2.0\39705982680d78556b679ef9d5400d4f17509b0b\core-runtime-2.2.0.aar because:
  Build cache is disabled
Transforming exoplayer-datasource-2.19.1.aar (com.google.android.exoplayer:exoplayer-datasource:2.19.1) with JetifyTransform
Caching disabled for JetifyTransform: C:\Users\user\.gradle\caches\modules-2\files-2.1\androidx.cursoradapter\cursoradapter\1.0.0\74014983a86b83cbce534dec4e7aa9312f5f5d82\cursoradapter-1.0.0.aar because:
  Build cache is disabled
Caching disabled for ExtractAarTransform: C:\Users\user\.gradle\caches\transforms-3\5bf13ac180e4647e757ba92e7045f6e8\transformed\jetified-ads-adservices-java-1.0.0-beta05.aar because:
  Build cache is disabled
Skipping JetifyTransform: C:\Users\user\.gradle\caches\modules-2\files-2.1\androidx.arch.core\core-runtime\2.2.0\39705982680d78556b679ef9d5400d4f17509b0b\core-runtime-2.2.0.aar as it is up-to-date.
Caching disabled for AarTransform: C:\Users\user\.gradle\caches\transforms-3\bc26dfac284b88af3c813008f6ef1c3e\transformed\jetified-customview-poolingcontainer-1.0.0 because:
  Build cache is disabled
Skipping AarTransform: C:\Users\user\.gradle\caches\transforms-3\bc26dfac284b88af3c813008f6ef1c3e\transformed\jetified-customview-poolingcontainer-1.0.0 as it is up-to-date.
Transforming sqlite-2.4.0.aar (androidx.sqlite:sqlite:2.4.0) with AarTransform
Transforming core-runtime-2.2.0.aar (androidx.arch.core:core-runtime:2.2.0) with ExtractAarTransform
Transforming exoplayer-database-2.19.1.aar (com.google.android.exoplayer:exoplayer-database:2.19.1) with JetifyTransform
Caching disabled for JetifyTransform: C:\Users\user\.gradle\caches\modules-2\files-2.1\androidx.cardview\cardview\1.0.0\158dbc2e2bc502815821191b04446b8f663c1874\cardview-1.0.0.aar because:
  Build cache is disabled
Skipping JetifyTransform: C:\Users\user\.gradle\caches\modules-2\files-2.1\androidx.cardview\cardview\1.0.0\158dbc2e2bc502815821191b04446b8f663c1874\cardview-1.0.0.aar as it is up-to-date.
Skipping AarTransform: C:\Users\user\.gradle\caches\transforms-3\9ab85f199ce6032d85aa0cc0c0e855bb\transformed\jetified-core-ktx-1.12.0 as it is up-to-date.
Skipping ExtractAarTransform: C:\Users\user\.gradle\caches\transforms-3\5bf13ac180e4647e757ba92e7045f6e8\transformed\jetified-ads-adservices-java-1.0.0-beta05.aar as it is up-to-date.
Skipping JetifyTransform: C:\Users\user\.gradle\caches\modules-2\files-2.1\androidx.cursoradapter\cursoradapter\1.0.0\74014983a86b83cbce534dec4e7aa9312f5f5d82\cursoradapter-1.0.0.aar as it is up-to-date.
Transforming cursoradapter-1.0.0.aar (androidx.cursoradapter:cursoradapter:1.0.0) with ExtractAarTransform
Transforming cardview-1.0.0.aar (androidx.cardview:cardview:1.0.0) with ExtractAarTransform
Transforming ads-adservices-java-1.0.0-beta05.aar (androidx.privacysandbox.ads:ads-adservices-java:1.0.0-beta05) with AarTransform
Caching disabled for ExtractAarTransform: C:\Users\user\.gradle\caches\transforms-3\bb00b9eb2ad39ae673fc6facee91937d\transformed\jetified-core-splashscreen-1.0.1.aar because:
  Build cache is disabled
Caching disabled for AarTransform: C:\Users\user\.gradle\caches\transforms-3\a03b3d04d2ceca7ea618a06e3d24afa0\transformed\sqlite-2.4.0 because:
  Build cache is disabled
Caching disabled for JetifyTransform: C:\Users\user\.gradle\caches\modules-2\files-2.1\com.google.android.exoplayer\exoplayer-datasource\2.19.1\bcc6564c34ceb4c9b72067dd60fced34e04159a6\exoplayer-datasource-2.19.1.aar because:
  Build cache is disabled
Caching disabled for AarTransform: C:\Users\user\.gradle\caches\transforms-3\b524aad8313712e1a2099d34ba0009dd\transformed\jetified-flexbox-3.0.0 because:
  Build cache is disabled
Transforming exoplayer-extractor-2.19.1.aar (com.google.android.exoplayer:exoplayer-extractor:2.19.1) with JetifyTransform
Skipping AarTransform: C:\Users\user\.gradle\caches\transforms-3\a03b3d04d2ceca7ea618a06e3d24afa0\transformed\sqlite-2.4.0 as it is up-to-date.
Skipping ExtractAarTransform: C:\Users\user\.gradle\caches\transforms-3\bb00b9eb2ad39ae673fc6facee91937d\transformed\jetified-core-splashscreen-1.0.1.aar as it is up-to-date.
Skipping AarTransform: C:\Users\user\.gradle\caches\transforms-3\b524aad8313712e1a2099d34ba0009dd\transformed\jetified-flexbox-3.0.0 as it is up-to-date.
Skipping JetifyTransform: C:\Users\user\.gradle\caches\modules-2\files-2.1\com.google.android.exoplayer\exoplayer-datasource\2.19.1\bcc6564c34ceb4c9b72067dd60fced34e04159a6\exoplayer-datasource-2.19.1.aar as it is up-to-date.
Transforming exoplayer-datasource-2.19.1.aar (com.google.android.exoplayer:exoplayer-datasource:2.19.1) with ExtractAarTransform
Caching disabled for ExtractAarTransform: C:\Users\user\.gradle\caches\modules-2\files-2.1\androidx.cursoradapter\cursoradapter\1.0.0\74014983a86b83cbce534dec4e7aa9312f5f5d82\cursoradapter-1.0.0.aar because:
  Build cache is disabled
Caching disabled for AarTransform: C:\Users\user\.gradle\caches\transforms-3\c4b75ff235f5060d29e5ddca564ceddc\transformed\jetified-ads-adservices-java-1.0.0-beta05 because:
  Build cache is disabled
Skipping ExtractAarTransform: C:\Users\user\.gradle\caches\modules-2\files-2.1\androidx.cursoradapter\cursoradapter\1.0.0\74014983a86b83cbce534dec4e7aa9312f5f5d82\cursoradapter-1.0.0.aar as it is up-to-date.
Skipping AarTransform: C:\Users\user\.gradle\caches\transforms-3\c4b75ff235f5060d29e5ddca564ceddc\transformed\jetified-ads-adservices-java-1.0.0-beta05 as it is up-to-date.
Caching disabled for JetifyTransform: C:\Users\user\.gradle\caches\modules-2\files-2.1\com.google.android.exoplayer\exoplayer-database\2.19.1\218bbec6e5eda7668d6eba892b92b82670f24ac7\exoplayer-database-2.19.1.aar because:
  Build cache is disabled
Transforming cursoradapter-1.0.0.aar (androidx.cursoradapter:cursoradapter:1.0.0) with AarTransform
Skipping JetifyTransform: C:\Users\user\.gradle\caches\modules-2\files-2.1\com.google.android.exoplayer\exoplayer-database\2.19.1\218bbec6e5eda7668d6eba892b92b82670f24ac7\exoplayer-database-2.19.1.aar as it is up-to-date.
Transforming exoplayer-database-2.19.1.aar (com.google.android.exoplayer:exoplayer-database:2.19.1) with ExtractAarTransform
Transforming core-splashscreen-1.0.1.aar (androidx.core:core-splashscreen:1.0.1) with AarTransform
Caching disabled for ExtractAarTransform: C:\Users\user\.gradle\caches\modules-2\files-2.1\androidx.arch.core\core-runtime\2.2.0\39705982680d78556b679ef9d5400d4f17509b0b\core-runtime-2.2.0.aar because:
  Build cache is disabled
Caching disabled for ExtractAarTransform: C:\Users\user\.gradle\caches\transforms-3\b0d4b01664c59bb050a81bcd60a1dd28\transformed\jetified-napier-release.aar because:
  Build cache is disabled
Skipping ExtractAarTransform: C:\Users\user\.gradle\caches\modules-2\files-2.1\androidx.arch.core\core-runtime\2.2.0\39705982680d78556b679ef9d5400d4f17509b0b\core-runtime-2.2.0.aar as it is up-to-date.
Transforming exoplayer-decoder-2.19.1.aar (com.google.android.exoplayer:exoplayer-decoder:2.19.1) with JetifyTransform
Skipping ExtractAarTransform: C:\Users\user\.gradle\caches\transforms-3\b0d4b01664c59bb050a81bcd60a1dd28\transformed\jetified-napier-release.aar as it is up-to-date.
Transforming core-runtime-2.2.0.aar (androidx.arch.core:core-runtime:2.2.0) with AarTransform
Transforming napier-release.aar (io.github.aakira:napier-android:1.4.1) with AarTransform
Transforming exoplayer-container-2.19.1.aar (com.google.android.exoplayer:exoplayer-container:2.19.1) with JetifyTransform
Transforming exoplayer-common-2.19.1.aar (com.google.android.exoplayer:exoplayer-common:2.19.1) with JetifyTransform
Caching disabled for ExtractAarTransform: C:\Users\user\.gradle\caches\modules-2\files-2.1\androidx.cardview\cardview\1.0.0\158dbc2e2bc502815821191b04446b8f663c1874\cardview-1.0.0.aar because:
  Build cache is disabled
Caching disabled for AarTransform: C:\Users\user\.gradle\caches\transforms-3\43654c406d94ba418e69a2f38c0ce75a\transformed\cursoradapter-1.0.0 because:
  Build cache is disabled
Skipping ExtractAarTransform: C:\Users\user\.gradle\caches\modules-2\files-2.1\androidx.cardview\cardview\1.0.0\158dbc2e2bc502815821191b04446b8f663c1874\cardview-1.0.0.aar as it is up-to-date.
Skipping AarTransform: C:\Users\user\.gradle\caches\transforms-3\43654c406d94ba418e69a2f38c0ce75a\transformed\cursoradapter-1.0.0 as it is up-to-date.
Caching disabled for AarTransform: C:\Users\user\.gradle\caches\transforms-3\8b9d9cccd9cd11d68aeff198447cb46d\transformed\jetified-core-splashscreen-1.0.1 because:
  Build cache is disabled
Skipping AarTransform: C:\Users\user\.gradle\caches\transforms-3\8b9d9cccd9cd11d68aeff198447cb46d\transformed\jetified-core-splashscreen-1.0.1 as it is up-to-date.
Transforming interpolator-1.0.0.aar (androidx.interpolator:interpolator:1.0.0) with JetifyTransform
Transforming interpolator-1.0.0.aar (androidx.interpolator:interpolator:1.0.0) with JetifyTransform
Transforming cardview-1.0.0.aar (androidx.cardview:cardview:1.0.0) with AarTransform
Caching disabled for ExtractAarTransform: C:\Users\user\.gradle\caches\transforms-3\474f56b8a0d4cf2b439663d7b9fc3448\transformed\jetified-exoplayer-database-2.19.1.aar because:
  Build cache is disabled
Caching disabled for JetifyTransform: C:\Users\user\.gradle\caches\modules-2\files-2.1\androidx.interpolator\interpolator\1.0.0\8a01fa254a23b9388571eb6334b03707c7d122d7\interpolator-1.0.0.aar because:
  Build cache is disabled
Caching disabled for JetifyTransform: C:\Users\user\.gradle\caches\modules-2\files-2.1\com.google.android.exoplayer\exoplayer-extractor\2.19.1\7188b1fd1f1f3e4ffe01d758b50779db3ef244fe\exoplayer-extractor-2.19.1.aar because:
  Build cache is disabled
Skipping ExtractAarTransform: C:\Users\user\.gradle\caches\transforms-3\474f56b8a0d4cf2b439663d7b9fc3448\transformed\jetified-exoplayer-database-2.19.1.aar as it is up-to-date.
Caching disabled for ExtractAarTransform: C:\Users\user\.gradle\caches\transforms-3\5a141c4e1361a207e539e5cd0b804db9\transformed\jetified-exoplayer-datasource-2.19.1.aar because:
  Build cache is disabled
Caching disabled for AarTransform: C:\Users\user\.gradle\caches\transforms-3\9736755219de9964c187b9748cea348a\transformed\core-runtime-2.2.0 because:
  Build cache is disabled
Skipping ExtractAarTransform: C:\Users\user\.gradle\caches\transforms-3\5a141c4e1361a207e539e5cd0b804db9\transformed\jetified-exoplayer-datasource-2.19.1.aar as it is up-to-date.
Skipping AarTransform: C:\Users\user\.gradle\caches\transforms-3\9736755219de9964c187b9748cea348a\transformed\core-runtime-2.2.0 as it is up-to-date.
Transforming exoplayer-database-2.19.1.aar (com.google.android.exoplayer:exoplayer-database:2.19.1) with AarTransform
Caching disabled for JetifyTransform: C:\Users\user\.gradle\caches\modules-2\files-2.1\com.google.android.exoplayer\exoplayer-decoder\2.19.1\c36347bb029fe9f15d8b21087e203a3e8a0227c2\exoplayer-decoder-2.19.1.aar because:
  Build cache is disabled
Skipping JetifyTransform: C:\Users\user\.gradle\caches\modules-2\files-2.1\com.google.android.exoplayer\exoplayer-decoder\2.19.1\c36347bb029fe9f15d8b21087e203a3e8a0227c2\exoplayer-decoder-2.19.1.aar as it is up-to-date.
Transforming versionedparcelable-1.1.1.aar (androidx.versionedparcelable:versionedparcelable:1.1.1) with JetifyTransform
Skipping JetifyTransform: C:\Users\user\.gradle\caches\modules-2\files-2.1\com.google.android.exoplayer\exoplayer-extractor\2.19.1\7188b1fd1f1f3e4ffe01d758b50779db3ef244fe\exoplayer-extractor-2.19.1.aar as it is up-to-date.
Skipping JetifyTransform: C:\Users\user\.gradle\caches\modules-2\files-2.1\androidx.interpolator\interpolator\1.0.0\8a01fa254a23b9388571eb6334b03707c7d122d7\interpolator-1.0.0.aar as it is up-to-date.
Transforming exoplayer-extractor-2.19.1.aar (com.google.android.exoplayer:exoplayer-extractor:2.19.1) with ExtractAarTransform
Caching disabled for AarTransform: C:\Users\user\.gradle\caches\transforms-3\3d44061c8964bbe6cad35f32dd98185c\transformed\jetified-napier-release because:
  Build cache is disabled
Skipping AarTransform: C:\Users\user\.gradle\caches\transforms-3\3d44061c8964bbe6cad35f32dd98185c\transformed\jetified-napier-release as it is up-to-date.
Transforming exoplayer-datasource-2.19.1.aar (com.google.android.exoplayer:exoplayer-datasource:2.19.1) with AarTransform
Transforming exoplayer-decoder-2.19.1.aar (com.google.android.exoplayer:exoplayer-decoder:2.19.1) with ExtractAarTransform
Caching disabled for JetifyTransform: C:\Users\user\.gradle\caches\modules-2\files-2.1\com.google.android.exoplayer\exoplayer-container\2.19.1\7d72f052e16d3e0caaa4bff570e86ade22c0e4ac\exoplayer-container-2.19.1.aar because:
  Build cache is disabled
Transforming interpolator-1.0.0.aar (androidx.interpolator:interpolator:1.0.0) with ExtractAarTransform
Skipping JetifyTransform: C:\Users\user\.gradle\caches\modules-2\files-2.1\com.google.android.exoplayer\exoplayer-container\2.19.1\7d72f052e16d3e0caaa4bff570e86ade22c0e4ac\exoplayer-container-2.19.1.aar as it is up-to-date.
Transforming interpolator-1.0.0.aar (androidx.interpolator:interpolator:1.0.0) with ExtractAarTransform
Transforming exoplayer-container-2.19.1.aar (com.google.android.exoplayer:exoplayer-container:2.19.1) with ExtractAarTransform
Caching disabled for AarTransform: C:\Users\user\.gradle\caches\transforms-3\22c98dd52680fc31e34a15f54a9f94d2\transformed\cardview-1.0.0 because:
  Build cache is disabled
Caching disabled for AarTransform: C:\Users\user\.gradle\caches\transforms-3\7f41368f9514b52c773c9c6d9f2b90c2\transformed\jetified-exoplayer-database-2.19.1 because:
  Build cache is disabled
Caching disabled for JetifyTransform: C:\Users\user\.gradle\caches\modules-2\files-2.1\androidx.versionedparcelable\versionedparcelable\1.1.1\18e18071e7715679e0593c570217edeb5ca48b9e\versionedparcelable-1.1.1.aar because:
  Build cache is disabled
Skipping AarTransform: C:\Users\user\.gradle\caches\transforms-3\7f41368f9514b52c773c9c6d9f2b90c2\transformed\jetified-exoplayer-database-2.19.1 as it is up-to-date.
Skipping JetifyTransform: C:\Users\user\.gradle\caches\modules-2\files-2.1\androidx.versionedparcelable\versionedparcelable\1.1.1\18e18071e7715679e0593c570217edeb5ca48b9e\versionedparcelable-1.1.1.aar as it is up-to-date.
Transforming versionedparcelable-1.1.1.aar (androidx.versionedparcelable:versionedparcelable:1.1.1) with ExtractAarTransform
Skipping AarTransform: C:\Users\user\.gradle\caches\transforms-3\22c98dd52680fc31e34a15f54a9f94d2\transformed\cardview-1.0.0 as it is up-to-date.
Caching disabled for AarTransform: C:\Users\user\.gradle\caches\transforms-3\378ae54a4a79477d991a76c42d10201e\transformed\jetified-exoplayer-datasource-2.19.1 because:
  Build cache is disabled
Caching disabled for JetifyTransform: C:\Users\user\.gradle\caches\modules-2\files-2.1\com.google.android.exoplayer\exoplayer-common\2.19.1\c561f08f9ee2229cb822ced717edd72e3aa8c518\exoplayer-common-2.19.1.aar because:
  Build cache is disabled
Skipping JetifyTransform: C:\Users\user\.gradle\caches\modules-2\files-2.1\com.google.android.exoplayer\exoplayer-common\2.19.1\c561f08f9ee2229cb822ced717edd72e3aa8c518\exoplayer-common-2.19.1.aar as it is up-to-date.
Skipping AarTransform: C:\Users\user\.gradle\caches\transforms-3\378ae54a4a79477d991a76c42d10201e\transformed\jetified-exoplayer-datasource-2.19.1 as it is up-to-date.
Transforming exoplayer-common-2.19.1.aar (com.google.android.exoplayer:exoplayer-common:2.19.1) with ExtractAarTransform
Transforming profileinstaller-1.3.1.aar (androidx.profileinstaller:profileinstaller:1.3.1) with JetifyTransform
Transforming startup-runtime-1.1.1.aar (androidx.startup:startup-runtime:1.1.1) with JetifyTransform
Transforming tracing-1.0.0.aar (androidx.tracing:tracing:1.0.0) with JetifyTransform
Transforming documentfile-1.0.0.aar (androidx.documentfile:documentfile:1.0.0) with JetifyTransform
Caching disabled for JetifyTransform: C:\Users\user\.gradle\caches\modules-2\files-2.1\androidx.startup\startup-runtime\1.1.1\9d4ba67056aff98b69eadc1477c19a1e67cb9470\startup-runtime-1.1.1.aar because:
  Build cache is disabled
Skipping JetifyTransform: C:\Users\user\.gradle\caches\modules-2\files-2.1\androidx.startup\startup-runtime\1.1.1\9d4ba67056aff98b69eadc1477c19a1e67cb9470\startup-runtime-1.1.1.aar as it is up-to-date.
Caching disabled for JetifyTransform: C:\Users\user\.gradle\caches\modules-2\files-2.1\androidx.tracing\tracing\1.0.0\69cef34711dffbc517e7a0a419ec4a98f84f496a\tracing-1.0.0.aar because:
  Build cache is disabled
Transforming startup-runtime-1.1.1.aar (androidx.startup:startup-runtime:1.1.1) with ExtractAarTransform
Caching disabled for ExtractAarTransform: C:\Users\user\.gradle\caches\transforms-3\37ba6f7940ad213c9f1f6be0622bb72c\transformed\jetified-exoplayer-extractor-2.19.1.aar because:
  Build cache is disabled
Skipping JetifyTransform: C:\Users\user\.gradle\caches\modules-2\files-2.1\androidx.tracing\tracing\1.0.0\69cef34711dffbc517e7a0a419ec4a98f84f496a\tracing-1.0.0.aar as it is up-to-date.
Skipping ExtractAarTransform: C:\Users\user\.gradle\caches\transforms-3\37ba6f7940ad213c9f1f6be0622bb72c\transformed\jetified-exoplayer-extractor-2.19.1.aar as it is up-to-date.
Caching disabled for ExtractAarTransform: C:\Users\user\.gradle\caches\modules-2\files-2.1\androidx.interpolator\interpolator\1.0.0\8a01fa254a23b9388571eb6334b03707c7d122d7\interpolator-1.0.0.aar because:
  Build cache is disabled
Skipping ExtractAarTransform: C:\Users\user\.gradle\caches\modules-2\files-2.1\androidx.interpolator\interpolator\1.0.0\8a01fa254a23b9388571eb6334b03707c7d122d7\interpolator-1.0.0.aar as it is up-to-date.
Transforming exoplayer-extractor-2.19.1.aar (com.google.android.exoplayer:exoplayer-extractor:2.19.1) with AarTransform
Transforming interpolator-1.0.0.aar (androidx.interpolator:interpolator:1.0.0) with AarTransform
Caching disabled for ExtractAarTransform: C:\Users\user\.gradle\caches\transforms-3\4a84cabcfd3d5577a6ccd1a1c18f1806\transformed\jetified-exoplayer-container-2.19.1.aar because:
  Build cache is disabled
Skipping ExtractAarTransform: C:\Users\user\.gradle\caches\transforms-3\4a84cabcfd3d5577a6ccd1a1c18f1806\transformed\jetified-exoplayer-container-2.19.1.aar as it is up-to-date.
Caching disabled for ExtractAarTransform: C:\Users\user\.gradle\caches\modules-2\files-2.1\androidx.versionedparcelable\versionedparcelable\1.1.1\18e18071e7715679e0593c570217edeb5ca48b9e\versionedparcelable-1.1.1.aar because:
  Build cache is disabled
Skipping ExtractAarTransform: C:\Users\user\.gradle\caches\modules-2\files-2.1\androidx.versionedparcelable\versionedparcelable\1.1.1\18e18071e7715679e0593c570217edeb5ca48b9e\versionedparcelable-1.1.1.aar as it is up-to-date.
Caching disabled for JetifyTransform: C:\Users\user\.gradle\caches\modules-2\files-2.1\androidx.profileinstaller\profileinstaller\1.3.1\c0bac819b4f88a648011542273373d1e5093e3a7\profileinstaller-1.3.1.aar because:
  Build cache is disabled
Skipping JetifyTransform: C:\Users\user\.gradle\caches\modules-2\files-2.1\androidx.profileinstaller\profileinstaller\1.3.1\c0bac819b4f88a648011542273373d1e5093e3a7\profileinstaller-1.3.1.aar as it is up-to-date.
Transforming versionedparcelable-1.1.1.aar (androidx.versionedparcelable:versionedparcelable:1.1.1) with AarTransform
Transforming exoplayer-container-2.19.1.aar (com.google.android.exoplayer:exoplayer-container:2.19.1) with AarTransform
Transforming interpolator-1.0.0.aar (androidx.interpolator:interpolator:1.0.0) with AarTransform
Caching disabled for JetifyTransform: C:\Users\user\.gradle\caches\modules-2\files-2.1\androidx.documentfile\documentfile\1.0.0\66104345c90cd8c2fd5ad2d3aad692b280e10c32\documentfile-1.0.0.aar because:
  Build cache is disabled
Skipping JetifyTransform: C:\Users\user\.gradle\caches\modules-2\files-2.1\androidx.documentfile\documentfile\1.0.0\66104345c90cd8c2fd5ad2d3aad692b280e10c32\documentfile-1.0.0.aar as it is up-to-date.
Transforming tracing-1.0.0.aar (androidx.tracing:tracing:1.0.0) with ExtractAarTransform
Transforming documentfile-1.0.0.aar (androidx.documentfile:documentfile:1.0.0) with ExtractAarTransform
Caching disabled for ExtractAarTransform: C:\Users\user\.gradle\caches\transforms-3\ab6bb530d83c77acb53ebec686454bbf\transformed\jetified-startup-runtime-1.1.1.aar because:
  Build cache is disabled
Transforming profileinstaller-1.3.1.aar (androidx.profileinstaller:profileinstaller:1.3.1) with ExtractAarTransform
Skipping ExtractAarTransform: C:\Users\user\.gradle\caches\transforms-3\ab6bb530d83c77acb53ebec686454bbf\transformed\jetified-startup-runtime-1.1.1.aar as it is up-to-date.
Transforming startup-runtime-1.1.1.aar (androidx.startup:startup-runtime:1.1.1) with AarTransform
Caching disabled for ExtractAarTransform: C:\Users\user\.gradle\caches\transforms-3\71b917bd5424ad7c271e84e7df2ceea6\transformed\jetified-exoplayer-common-2.19.1.aar because:
  Build cache is disabled
Caching disabled for AarTransform: C:\Users\user\.gradle\caches\transforms-3\8eba7c3e4113638c557764cfd1246d65\transformed\interpolator-1.0.0 because:
  Build cache is disabled
Caching disabled for AarTransform: C:\Users\user\.gradle\caches\transforms-3\2f746cdb46666a5ea31069a92ad1cee2\transformed\jetified-exoplayer-extractor-2.19.1 because:
  Build cache is disabled
Skipping AarTransform: C:\Users\user\.gradle\caches\transforms-3\2f746cdb46666a5ea31069a92ad1cee2\transformed\jetified-exoplayer-extractor-2.19.1 as it is up-to-date.
Skipping ExtractAarTransform: C:\Users\user\.gradle\caches\transforms-3\71b917bd5424ad7c271e84e7df2ceea6\transformed\jetified-exoplayer-common-2.19.1.aar as it is up-to-date.
Skipping AarTransform: C:\Users\user\.gradle\caches\transforms-3\8eba7c3e4113638c557764cfd1246d65\transformed\interpolator-1.0.0 as it is up-to-date.
Transforming exoplayer-common-2.19.1.aar (com.google.android.exoplayer:exoplayer-common:2.19.1) with AarTransform
Caching disabled for AarTransform: C:\Users\user\.gradle\caches\transforms-3\82d49ae48ad7cd68ccf29f123b5e48ad\transformed\versionedparcelable-1.1.1 because:
  Build cache is disabled
Skipping AarTransform: C:\Users\user\.gradle\caches\transforms-3\82d49ae48ad7cd68ccf29f123b5e48ad\transformed\versionedparcelable-1.1.1 as it is up-to-date.
Caching disabled for AarTransform: C:\Users\user\.gradle\caches\transforms-3\c3fa91361cece7ab93c5fa0d01671725\transformed\jetified-exoplayer-container-2.19.1 because:
  Build cache is disabled
Skipping AarTransform: C:\Users\user\.gradle\caches\transforms-3\c3fa91361cece7ab93c5fa0d01671725\transformed\jetified-exoplayer-container-2.19.1 as it is up-to-date.
Caching disabled for AarTransform: C:\Users\user\.gradle\caches\transforms-3\fe52cfe629053f967703c8ba77285e8b\transformed\jetified-startup-runtime-1.1.1 because:
  Build cache is disabled
Skipping AarTransform: C:\Users\user\.gradle\caches\transforms-3\fe52cfe629053f967703c8ba77285e8b\transformed\jetified-startup-runtime-1.1.1 as it is up-to-date.
Transforming localbroadcastmanager-1.0.0.aar (androidx.localbroadcastmanager:localbroadcastmanager:1.0.0) with JetifyTransform
Caching disabled for AarTransform: C:\Users\user\.gradle\caches\transforms-3\715d44aa31120efd79cf05422b37b84e\transformed\jetified-exoplayer-common-2.19.1 because:
  Build cache is disabled
Skipping AarTransform: C:\Users\user\.gradle\caches\transforms-3\715d44aa31120efd79cf05422b37b84e\transformed\jetified-exoplayer-common-2.19.1 as it is up-to-date.
Transforming print-1.0.0.aar (androidx.print:print:1.0.0) with JetifyTransform
Caching disabled for ExtractAarTransform: C:\Users\user\.gradle\caches\transforms-3\0e88d704d0c7e84bf698a42a36fca2b6\transformed\jetified-tracing-1.0.0.aar because:
  Build cache is disabled
Caching disabled for ExtractAarTransform: C:\Users\user\.gradle\caches\modules-2\files-2.1\androidx.documentfile\documentfile\1.0.0\66104345c90cd8c2fd5ad2d3aad692b280e10c32\documentfile-1.0.0.aar because:
  Build cache is disabled
Skipping ExtractAarTransform: C:\Users\user\.gradle\caches\transforms-3\0e88d704d0c7e84bf698a42a36fca2b6\transformed\jetified-tracing-1.0.0.aar as it is up-to-date.
Skipping ExtractAarTransform: C:\Users\user\.gradle\caches\modules-2\files-2.1\androidx.documentfile\documentfile\1.0.0\66104345c90cd8c2fd5ad2d3aad692b280e10c32\documentfile-1.0.0.aar as it is up-to-date.
Transforming tracing-1.0.0.aar (androidx.tracing:tracing:1.0.0) with AarTransform
Transforming exifinterface-1.3.6.aar (androidx.exifinterface:exifinterface:1.3.6) with JetifyTransform
Transforming documentfile-1.0.0.aar (androidx.documentfile:documentfile:1.0.0) with AarTransform
Transforming volley-1.2.1.aar (com.android.volley:volley:1.2.1) with JetifyTransform
Transforming Android-Image-Slider-1.4.0.aar (com.github.smarteist:Android-Image-Slider:1.4.0) with JetifyTransform
Transforming circleimageview-3.1.0.aar (de.hdodenhof:circleimageview:3.1.0) with JetifyTransform
Caching disabled for ExtractAarTransform: C:\Users\user\.gradle\caches\transforms-3\4c4008816fd481a42b09f9761f75351e\transformed\jetified-profileinstaller-1.3.1.aar because:
  Build cache is disabled
Caching disabled for AarTransform: C:\Users\user\.gradle\caches\transforms-3\87361d05feba7a7d0f4af0c7c0d3e017\transformed\jetified-tracing-1.0.0 because:
  Build cache is disabled
Caching disabled for JetifyTransform: C:\Users\user\.gradle\caches\modules-2\files-2.1\androidx.exifinterface\exifinterface\1.3.6\66c4f85fbe44c6556b05ecd28ea1af00cff3655e\exifinterface-1.3.6.aar because:
  Build cache is disabled
Skipping AarTransform: C:\Users\user\.gradle\caches\transforms-3\87361d05feba7a7d0f4af0c7c0d3e017\transformed\jetified-tracing-1.0.0 as it is up-to-date.
Skipping JetifyTransform: C:\Users\user\.gradle\caches\modules-2\files-2.1\androidx.exifinterface\exifinterface\1.3.6\66c4f85fbe44c6556b05ecd28ea1af00cff3655e\exifinterface-1.3.6.aar as it is up-to-date.
Transforming dagger-lint-aar-2.49.aar (com.google.dagger:dagger-lint-aar:2.49) with JetifyTransform
Transforming exifinterface-1.3.6.aar (androidx.exifinterface:exifinterface:1.3.6) with ExtractAarTransform
Caching disabled for JetifyTransform: C:\Users\user\.gradle\caches\modules-2\files-2.1\androidx.print\print\1.0.0\7722094652c48ebe27acc94d74a55e759e4635ff\print-1.0.0.aar because:
  Build cache is disabled
Skipping JetifyTransform: C:\Users\user\.gradle\caches\modules-2\files-2.1\androidx.print\print\1.0.0\7722094652c48ebe27acc94d74a55e759e4635ff\print-1.0.0.aar as it is up-to-date.
Skipping ExtractAarTransform: C:\Users\user\.gradle\caches\transforms-3\4c4008816fd481a42b09f9761f75351e\transformed\jetified-profileinstaller-1.3.1.aar as it is up-to-date.
Transforming print-1.0.0.aar (androidx.print:print:1.0.0) with ExtractAarTransform
Caching disabled for AarTransform: C:\Users\user\.gradle\caches\transforms-3\54b5456fddcec85940b2ee402266c816\transformed\documentfile-1.0.0 because:
  Build cache is disabled
Skipping AarTransform: C:\Users\user\.gradle\caches\transforms-3\54b5456fddcec85940b2ee402266c816\transformed\documentfile-1.0.0 as it is up-to-date.
Caching disabled for JetifyTransform: C:\Users\user\.gradle\caches\modules-2\files-2.1\androidx.localbroadcastmanager\localbroadcastmanager\1.0.0\2734f31c8321e83ce6b60570d14777fc33cc2ece\localbroadcastmanager-1.0.0.aar because:
  Build cache is disabled
Skipping JetifyTransform: C:\Users\user\.gradle\caches\modules-2\files-2.1\androidx.localbroadcastmanager\localbroadcastmanager\1.0.0\2734f31c8321e83ce6b60570d14777fc33cc2ece\localbroadcastmanager-1.0.0.aar as it is up-to-date.
Transforming profileinstaller-1.3.1.aar (androidx.profileinstaller:profileinstaller:1.3.1) with AarTransform
Transforming localbroadcastmanager-1.0.0.aar (androidx.localbroadcastmanager:localbroadcastmanager:1.0.0) with ExtractAarTransform
Caching disabled for JetifyTransform: C:\Users\user\.gradle\caches\modules-2\files-2.1\com.android.volley\volley\1.2.1\d7ccba59e7668b35aa5c11b8daa06b305fa9a82f\volley-1.2.1.aar because:
  Build cache is disabled
Skipping JetifyTransform: C:\Users\user\.gradle\caches\modules-2\files-2.1\com.android.volley\volley\1.2.1\d7ccba59e7668b35aa5c11b8daa06b305fa9a82f\volley-1.2.1.aar as it is up-to-date.
Transforming volley-1.2.1.aar (com.android.volley:volley:1.2.1) with ExtractAarTransform
Caching disabled for AarTransform: C:\Users\user\.gradle\caches\transforms-3\c8dca9ca411b7b236189b876c168c300\transformed\jetified-profileinstaller-1.3.1 because:
  Build cache is disabled
Caching disabled for JetifyTransform: C:\Users\user\.gradle\caches\modules-2\files-2.1\com.google.dagger\dagger-lint-aar\2.49\17469c46362b6d4ff300d62b41d6aeae671bbb26\dagger-lint-aar-2.49.aar because:
  Build cache is disabled
Caching disabled for ExtractAarTransform: C:\Users\user\.gradle\caches\modules-2\files-2.1\androidx.print\print\1.0.0\7722094652c48ebe27acc94d74a55e759e4635ff\print-1.0.0.aar because:
  Build cache is disabled
Caching disabled for ExtractAarTransform: C:\Users\user\.gradle\caches\modules-2\files-2.1\androidx.exifinterface\exifinterface\1.3.6\66c4f85fbe44c6556b05ecd28ea1af00cff3655e\exifinterface-1.3.6.aar because:
  Build cache is disabled
Caching disabled for JetifyTransform: C:\Users\user\.gradle\caches\modules-2\files-2.1\de.hdodenhof\circleimageview\3.1.0\49ee06dff79469e8b4f41a478bf1d45643fd667c\circleimageview-3.1.0.aar because:
  Build cache is disabled
Skipping ExtractAarTransform: C:\Users\user\.gradle\caches\modules-2\files-2.1\androidx.print\print\1.0.0\7722094652c48ebe27acc94d74a55e759e4635ff\print-1.0.0.aar as it is up-to-date.
Skipping JetifyTransform: C:\Users\user\.gradle\caches\modules-2\files-2.1\de.hdodenhof\circleimageview\3.1.0\49ee06dff79469e8b4f41a478bf1d45643fd667c\circleimageview-3.1.0.aar as it is up-to-date.
Skipping ExtractAarTransform: C:\Users\user\.gradle\caches\modules-2\files-2.1\androidx.exifinterface\exifinterface\1.3.6\66c4f85fbe44c6556b05ecd28ea1af00cff3655e\exifinterface-1.3.6.aar as it is up-to-date.
Transforming print-1.0.0.aar (androidx.print:print:1.0.0) with AarTransform
Transforming exifinterface-1.3.6.aar (androidx.exifinterface:exifinterface:1.3.6) with AarTransform
Caching disabled for ExtractAarTransform: C:\Users\user\.gradle\caches\modules-2\files-2.1\androidx.localbroadcastmanager\localbroadcastmanager\1.0.0\2734f31c8321e83ce6b60570d14777fc33cc2ece\localbroadcastmanager-1.0.0.aar because:
  Build cache is disabled
Skipping JetifyTransform: C:\Users\user\.gradle\caches\modules-2\files-2.1\com.google.dagger\dagger-lint-aar\2.49\17469c46362b6d4ff300d62b41d6aeae671bbb26\dagger-lint-aar-2.49.aar as it is up-to-date.
Skipping ExtractAarTransform: C:\Users\user\.gradle\caches\modules-2\files-2.1\androidx.localbroadcastmanager\localbroadcastmanager\1.0.0\2734f31c8321e83ce6b60570d14777fc33cc2ece\localbroadcastmanager-1.0.0.aar as it is up-to-date.
Skipping AarTransform: C:\Users\user\.gradle\caches\transforms-3\c8dca9ca411b7b236189b876c168c300\transformed\jetified-profileinstaller-1.3.1 as it is up-to-date.
Caching disabled for JetifyTransform: C:\Users\user\.gradle\caches\modules-2\files-2.1\com.github.smarteist\Android-Image-Slider\1.4.0\bf20e120ea0004e9fc5b3f680677e79ba0a00d1b\Android-Image-Slider-1.4.0.aar because:
  Build cache is disabled
Skipping JetifyTransform: C:\Users\user\.gradle\caches\modules-2\files-2.1\com.github.smarteist\Android-Image-Slider\1.4.0\bf20e120ea0004e9fc5b3f680677e79ba0a00d1b\Android-Image-Slider-1.4.0.aar as it is up-to-date.
Transforming localbroadcastmanager-1.0.0.aar (androidx.localbroadcastmanager:localbroadcastmanager:1.0.0) with AarTransform
Transforming dagger-lint-aar-2.49.aar (com.google.dagger:dagger-lint-aar:2.49) with ExtractAarTransform
Transforming Android-Image-Slider-1.4.0.aar (com.github.smarteist:Android-Image-Slider:1.4.0) with ExtractAarTransform
Caching disabled for AarTransform: C:\Users\user\.gradle\caches\transforms-3\56896802246a3dbc3ea0a00275524921\transformed\exifinterface-1.3.6 because:
  Build cache is disabled
Transforming circleimageview-3.1.0.aar (de.hdodenhof:circleimageview:3.1.0) with ExtractAarTransform
Caching disabled for AarTransform: C:\Users\user\.gradle\caches\transforms-3\4122ce09f170e8a2afb176a358403d3a\transformed\print-1.0.0 because:
  Build cache is disabled
Skipping AarTransform: C:\Users\user\.gradle\caches\transforms-3\4122ce09f170e8a2afb176a358403d3a\transformed\print-1.0.0 as it is up-to-date.
Skipping AarTransform: C:\Users\user\.gradle\caches\transforms-3\56896802246a3dbc3ea0a00275524921\transformed\exifinterface-1.3.6 as it is up-to-date.
Caching disabled for AarTransform: C:\Users\user\.gradle\caches\transforms-3\2c86103f160590f7e7be532bf55d34f7\transformed\localbroadcastmanager-1.0.0 because:
  Build cache is disabled
Skipping AarTransform: C:\Users\user\.gradle\caches\transforms-3\2c86103f160590f7e7be532bf55d34f7\transformed\localbroadcastmanager-1.0.0 as it is up-to-date.
Caching disabled for ExtractAarTransform: C:\Users\user\.gradle\caches\transforms-3\a475b4ecc0c45c83370ef0b6656f0a12\transformed\jetified-circleimageview-3.1.0.aar because:
  Build cache is disabled
Caching disabled for ExtractAarTransform: C:\Users\user\.gradle\caches\transforms-3\fbc9b37369269c733242e6987e66b20d\transformed\jetified-volley-1.2.1.aar because:
  Build cache is disabled
Skipping ExtractAarTransform: C:\Users\user\.gradle\caches\transforms-3\a475b4ecc0c45c83370ef0b6656f0a12\transformed\jetified-circleimageview-3.1.0.aar as it is up-to-date.
Transforming circleimageview-3.1.0.aar (de.hdodenhof:circleimageview:3.1.0) with AarTransform
Skipping ExtractAarTransform: C:\Users\user\.gradle\caches\transforms-3\fbc9b37369269c733242e6987e66b20d\transformed\jetified-volley-1.2.1.aar as it is up-to-date.
Caching disabled for ExtractAarTransform: C:\Users\user\.gradle\caches\transforms-3\851fbae5c43dae3c9ce9fb3bd77d7169\transformed\jetified-Android-Image-Slider-1.4.0.aar because:
  Build cache is disabled
Skipping ExtractAarTransform: C:\Users\user\.gradle\caches\transforms-3\851fbae5c43dae3c9ce9fb3bd77d7169\transformed\jetified-Android-Image-Slider-1.4.0.aar as it is up-to-date.
Transforming volley-1.2.1.aar (com.android.volley:volley:1.2.1) with AarTransform
Caching disabled for ExtractAarTransform: C:\Users\user\.gradle\caches\transforms-3\ffe0bcc24acabf5fe2a8653bacada7e5\transformed\jetified-dagger-lint-aar-2.49.aar because:
  Build cache is disabled
Skipping ExtractAarTransform: C:\Users\user\.gradle\caches\transforms-3\ffe0bcc24acabf5fe2a8653bacada7e5\transformed\jetified-dagger-lint-aar-2.49.aar as it is up-to-date.
Caching disabled for AarTransform: C:\Users\user\.gradle\caches\transforms-3\3c8d6d9f40fe01c17d4d4666fd356dbc\transformed\jetified-circleimageview-3.1.0 because:
  Build cache is disabled
Skipping AarTransform: C:\Users\user\.gradle\caches\transforms-3\3c8d6d9f40fe01c17d4d4666fd356dbc\transformed\jetified-circleimageview-3.1.0 as it is up-to-date.
Caching disabled for AarTransform: C:\Users\user\.gradle\caches\transforms-3\e32c3b5e322944d64bfee37764a5fb00\transformed\jetified-volley-1.2.1 because:
  Build cache is disabled
Skipping AarTransform: C:\Users\user\.gradle\caches\transforms-3\e32c3b5e322944d64bfee37764a5fb00\transformed\jetified-volley-1.2.1 as it is up-to-date.
Transforming Android-Image-Slider-1.4.0.aar (com.github.smarteist:Android-Image-Slider:1.4.0) with AarTransform
Caching disabled for AarTransform: C:\Users\user\.gradle\caches\transforms-3\77df13c6b2001957f35925c162d5e46d\transformed\jetified-Android-Image-Slider-1.4.0 because:
  Build cache is disabled
Skipping AarTransform: C:\Users\user\.gradle\caches\transforms-3\77df13c6b2001957f35925c162d5e46d\transformed\jetified-Android-Image-Slider-1.4.0 as it is up-to-date.
Caching disabled for ExtractAarTransform: C:\Users\user\.gradle\caches\transforms-3\2d35061ac97c84f4bc7e6bbcb17d5491\transformed\jetified-exoplayer-ui-2.19.1.aar because:
  Build cache is disabled
Skipping ExtractAarTransform: C:\Users\user\.gradle\caches\transforms-3\2d35061ac97c84f4bc7e6bbcb17d5491\transformed\jetified-exoplayer-ui-2.19.1.aar as it is up-to-date.
Transforming exoplayer-ui-2.19.1.aar (com.google.android.exoplayer:exoplayer-ui:2.19.1) with AarTransform
Transforming dagger-lint-aar-2.49.aar (com.google.dagger:dagger-lint-aar:2.49) with AarTransform
Caching disabled for ExtractAarTransform: C:\Users\user\.gradle\caches\transforms-3\03c5f9b4261bd6c4e04cd2b9363cdc26\transformed\jetified-exoplayer-decoder-2.19.1.aar because:
  Build cache is disabled
Skipping ExtractAarTransform: C:\Users\user\.gradle\caches\transforms-3\03c5f9b4261bd6c4e04cd2b9363cdc26\transformed\jetified-exoplayer-decoder-2.19.1.aar as it is up-to-date.
Caching disabled for AarTransform: C:\Users\user\.gradle\caches\transforms-3\17460feccaee72c1c7a59c8d3aa5599a\transformed\jetified-dagger-lint-aar-2.49 because:
  Build cache is disabled
Caching disabled for AarTransform: C:\Users\user\.gradle\caches\transforms-3\665f08a046034a03c45c1b60402783c2\transformed\jetified-exoplayer-ui-2.19.1 because:
  Build cache is disabled
Transforming exoplayer-decoder-2.19.1.aar (com.google.android.exoplayer:exoplayer-decoder:2.19.1) with AarTransform
Skipping AarTransform: C:\Users\user\.gradle\caches\transforms-3\665f08a046034a03c45c1b60402783c2\transformed\jetified-exoplayer-ui-2.19.1 as it is up-to-date.
Skipping AarTransform: C:\Users\user\.gradle\caches\transforms-3\17460feccaee72c1c7a59c8d3aa5599a\transformed\jetified-dagger-lint-aar-2.49 as it is up-to-date.
Caching disabled for AarTransform: C:\Users\user\.gradle\caches\transforms-3\0774aba38fbb7a71a2e380171e0b7778\transformed\jetified-exoplayer-decoder-2.19.1 because:
  Build cache is disabled
Skipping AarTransform: C:\Users\user\.gradle\caches\transforms-3\0774aba38fbb7a71a2e380171e0b7778\transformed\jetified-exoplayer-decoder-2.19.1 as it is up-to-date.
Caching disabled for task ':app:checkReleaseAarMetadata' because:
  Build cache is disabled
Task ':app:checkReleaseAarMetadata' is not up-to-date because:
  Output property 'dummyOutputDirectory' file C:\Users\user\Desktop\projects\Football Live Score (Topon)\Live Football\app\build\intermediates\aar_metadata_check\release has been removed.

Resolve mutations for :app:generateReleaseResValues (Thread[#85,Execution worker Thread 2,5,main]) started.
:app:generateReleaseResValues (Thread[#85,Execution worker Thread 2,5,main]) started.

> Task :app:generateReleaseResValues
Caching disabled for task ':app:generateReleaseResValues' because:
  Build cache is disabled
Task ':app:generateReleaseResValues' is not up-to-date because:
  Output property 'outputDirectory' file C:\Users\user\Desktop\projects\Football Live Score (Topon)\Live Football\app\build\generated\res\resValues\release has been removed.
Resolve mutations for :app:mapReleaseSourceSetPaths (Thread[#85,Execution worker Thread 2,5,main]) started.
:app:mapReleaseSourceSetPaths (Thread[#85,Execution worker Thread 2,5,main]) started.

> Task :app:mapReleaseSourceSetPaths UP-TO-DATE
Transforming material-1.11.0.aar (com.google.android.material:material:1.11.0) with JetifyTransform
Transforming material-1.11.0.aar (com.google.android.material:material:1.11.0) with ExtractAarTransform
Transforming material-1.11.0.aar (com.google.android.material:material:1.11.0) with AarTransform
Transforming lottie-compose-6.1.0.aar (com.airbnb.android:lottie-compose:6.1.0) with JetifyTransform
Transforming lottie-compose-6.1.0.aar (com.airbnb.android:lottie-compose:6.1.0) with ExtractAarTransform
Transforming lottie-compose-6.1.0.aar (com.airbnb.android:lottie-compose:6.1.0) with AarTransform
Transforming lottie-6.1.0.aar (com.airbnb.android:lottie:6.1.0) with JetifyTransform
Transforming lottie-6.1.0.aar (com.airbnb.android:lottie:6.1.0) with ExtractAarTransform
Transforming lottie-6.1.0.aar (com.airbnb.android:lottie:6.1.0) with AarTransform
Transforming coil-compose-2.5.0.aar (io.coil-kt:coil-compose:2.5.0) with JetifyTransform
Transforming coil-compose-2.5.0.aar (io.coil-kt:coil-compose:2.5.0) with ExtractAarTransform
Transforming coil-compose-2.5.0.aar (io.coil-kt:coil-compose:2.5.0) with AarTransform
Transforming coil-compose-base-2.5.0.aar (io.coil-kt:coil-compose-base:2.5.0) with JetifyTransform
Transforming coil-compose-base-2.5.0.aar (io.coil-kt:coil-compose-base:2.5.0) with ExtractAarTransform
Transforming coil-compose-base-2.5.0.aar (io.coil-kt:coil-compose-base:2.5.0) with AarTransform
Transforming coil-2.5.0.aar (io.coil-kt:coil:2.5.0) with JetifyTransform
Caching disabled for AarTransform: C:\Users\user\.gradle\caches\transforms-3\d76c3ac89ac3f5a9a20dcb6973cf40e8\transformed\material-1.11.0 because:
  Build cache is disabled
Transforming coil-2.5.0.aar (io.coil-kt:coil:2.5.0) with ExtractAarTransform
Skipping AarTransform: C:\Users\user\.gradle\caches\transforms-3\d76c3ac89ac3f5a9a20dcb6973cf40e8\transformed\material-1.11.0 as it is up-to-date.
Transforming coil-2.5.0.aar (io.coil-kt:coil:2.5.0) with AarTransform
Transforming coil-base-2.5.0.aar (io.coil-kt:coil-base:2.5.0) with JetifyTransform
Transforming coil-base-2.5.0.aar (io.coil-kt:coil-base:2.5.0) with ExtractAarTransform
Caching disabled for AarTransform: C:\Users\user\.gradle\caches\transforms-3\f0c43f23ec6e516e0621ab61a039ef0c\transformed\jetified-lottie-6.1.0 because:
  Build cache is disabled
Transforming coil-base-2.5.0.aar (io.coil-kt:coil-base:2.5.0) with AarTransform
Skipping AarTransform: C:\Users\user\.gradle\caches\transforms-3\f0c43f23ec6e516e0621ab61a039ef0c\transformed\jetified-lottie-6.1.0 as it is up-to-date.
Transforming appcompat-resources-1.6.1.aar (androidx.appcompat:appcompat-resources:1.6.1) with JetifyTransform
Caching disabled for AarTransform: C:\Users\user\.gradle\caches\transforms-3\7b64fcd84fbd59187c29faf12635bee6\transformed\jetified-lottie-compose-6.1.0 because:
  Build cache is disabled
Caching disabled for AarTransform: C:\Users\user\.gradle\caches\transforms-3\01af9fa4640328761f93b15ceedbb393\transformed\jetified-coil-compose-2.5.0 because:
  Build cache is disabled
Skipping AarTransform: C:\Users\user\.gradle\caches\transforms-3\7b64fcd84fbd59187c29faf12635bee6\transformed\jetified-lottie-compose-6.1.0 as it is up-to-date.
Skipping AarTransform: C:\Users\user\.gradle\caches\transforms-3\01af9fa4640328761f93b15ceedbb393\transformed\jetified-coil-compose-2.5.0 as it is up-to-date.
Caching disabled for AarTransform: C:\Users\user\.gradle\caches\transforms-3\125cb728ef3f46ce7225da4c49aa0884\transformed\jetified-coil-compose-base-2.5.0 because:
  Build cache is disabled
Transforming appcompat-resources-1.6.1.aar (androidx.appcompat:appcompat-resources:1.6.1) with ExtractAarTransform
Transforming appcompat-resources-1.6.1.aar (androidx.appcompat:appcompat-resources:1.6.1) with AarTransform
Skipping AarTransform: C:\Users\user\.gradle\caches\transforms-3\125cb728ef3f46ce7225da4c49aa0884\transformed\jetified-coil-compose-base-2.5.0 as it is up-to-date.
Transforming constraintlayout-2.0.1.aar (androidx.constraintlayout:constraintlayout:2.0.1) with JetifyTransform
Transforming constraintlayout-2.0.1.aar (androidx.constraintlayout:constraintlayout:2.0.1) with ExtractAarTransform
Transforming constraintlayout-2.0.1.aar (androidx.constraintlayout:constraintlayout:2.0.1) with AarTransform
Caching disabled for AarTransform: C:\Users\user\.gradle\caches\transforms-3\b279794bd278a40574c8244342fbb052\transformed\jetified-coil-2.5.0 because:
  Build cache is disabled
Transforming appcompat-1.6.1.aar (androidx.appcompat:appcompat:1.6.1) with JetifyTransform
Skipping AarTransform: C:\Users\user\.gradle\caches\transforms-3\b279794bd278a40574c8244342fbb052\transformed\jetified-coil-2.5.0 as it is up-to-date.
Transforming appcompat-1.6.1.aar (androidx.appcompat:appcompat:1.6.1) with ExtractAarTransform
Transforming appcompat-1.6.1.aar (androidx.appcompat:appcompat:1.6.1) with AarTransform
Transforming viewpager2-1.0.0.aar (androidx.viewpager2:viewpager2:1.0.0) with JetifyTransform
Caching disabled for AarTransform: C:\Users\user\.gradle\caches\transforms-3\73d67742e5e0faeb12f6359aec9f4317\transformed\jetified-coil-base-2.5.0 because:
  Build cache is disabled
Transforming viewpager2-1.0.0.aar (androidx.viewpager2:viewpager2:1.0.0) with ExtractAarTransform
Skipping AarTransform: C:\Users\user\.gradle\caches\transforms-3\73d67742e5e0faeb12f6359aec9f4317\transformed\jetified-coil-base-2.5.0 as it is up-to-date.
Transforming viewpager2-1.0.0.aar (androidx.viewpager2:viewpager2:1.0.0) with AarTransform
Transforming play-services-ads-22.6.0.aar (com.google.android.gms:play-services-ads:22.6.0) with JetifyTransform
Transforming play-services-ads-22.6.0.aar (com.google.android.gms:play-services-ads:22.6.0) with ExtractAarTransform
Caching disabled for AarTransform: C:\Users\user\.gradle\caches\transforms-3\14c109339047e7a54ee79e8f23fe26ef\transformed\jetified-appcompat-resources-1.6.1 because:
  Build cache is disabled
Transforming play-services-ads-22.6.0.aar (com.google.android.gms:play-services-ads:22.6.0) with AarTransform
Skipping AarTransform: C:\Users\user\.gradle\caches\transforms-3\14c109339047e7a54ee79e8f23fe26ef\transformed\jetified-appcompat-resources-1.6.1 as it is up-to-date.
Transforming play-services-appset-16.0.1.aar (com.google.android.gms:play-services-appset:16.0.1) with JetifyTransform
Transforming play-services-appset-16.0.1.aar (com.google.android.gms:play-services-appset:16.0.1) with ExtractAarTransform
Transforming play-services-appset-16.0.1.aar (com.google.android.gms:play-services-appset:16.0.1) with AarTransform
Transforming play-services-base-18.2.0.aar (com.google.android.gms:play-services-base:18.2.0) with JetifyTransform
Transforming play-services-base-18.2.0.aar (com.google.android.gms:play-services-base:18.2.0) with ExtractAarTransform
Transforming play-services-base-18.2.0.aar (com.google.android.gms:play-services-base:18.2.0) with AarTransform
Transforming play-services-base-18.2.0.aar (com.google.android.gms:play-services-base:18.2.0) with JetifyTransform
Transforming play-services-base-18.2.0.aar (com.google.android.gms:play-services-base:18.2.0) with ExtractAarTransform
Transforming play-services-base-18.2.0.aar (com.google.android.gms:play-services-base:18.2.0) with AarTransform
Caching disabled for AarTransform: C:\Users\user\.gradle\caches\transforms-3\f0f9ccfae522ac4dd97fb98b3f926856\transformed\appcompat-1.6.1 because:
  Build cache is disabled
Transforming drawerlayout-1.1.1.aar (androidx.drawerlayout:drawerlayout:1.1.1) with JetifyTransform
Skipping AarTransform: C:\Users\user\.gradle\caches\transforms-3\f0f9ccfae522ac4dd97fb98b3f926856\transformed\appcompat-1.6.1 as it is up-to-date.
Caching disabled for AarTransform: C:\Users\user\.gradle\caches\transforms-3\6ed70369f3cbd7b6be9f1b6bf7536159\transformed\jetified-play-services-appset-16.0.1 because:
  Build cache is disabled
Transforming drawerlayout-1.1.1.aar (androidx.drawerlayout:drawerlayout:1.1.1) with ExtractAarTransform
Caching disabled for AarTransform: C:\Users\user\.gradle\caches\transforms-3\7c1ae54e643c59b38470a4f4e87f36e0\transformed\jetified-viewpager2-1.0.0 because:
  Build cache is disabled
Transforming drawerlayout-1.1.1.aar (androidx.drawerlayout:drawerlayout:1.1.1) with AarTransform
Caching disabled for AarTransform: C:\Users\user\.gradle\caches\transforms-3\ba655bab558f728b21e193f216f3fd5b\transformed\constraintlayout-2.0.1 because:
  Build cache is disabled
Transforming coordinatorlayout-1.1.0.aar (androidx.coordinatorlayout:coordinatorlayout:1.1.0) with JetifyTransform
Transforming coordinatorlayout-1.1.0.aar (androidx.coordinatorlayout:coordinatorlayout:1.1.0) with ExtractAarTransform
Transforming coordinatorlayout-1.1.0.aar (androidx.coordinatorlayout:coordinatorlayout:1.1.0) with AarTransform
Skipping AarTransform: C:\Users\user\.gradle\caches\transforms-3\6ed70369f3cbd7b6be9f1b6bf7536159\transformed\jetified-play-services-appset-16.0.1 as it is up-to-date.
Transforming dynamicanimation-1.0.0.aar (androidx.dynamicanimation:dynamicanimation:1.0.0) with JetifyTransform
Skipping AarTransform: C:\Users\user\.gradle\caches\transforms-3\ba655bab558f728b21e193f216f3fd5b\transformed\constraintlayout-2.0.1 as it is up-to-date.
Transforming dynamicanimation-1.0.0.aar (androidx.dynamicanimation:dynamicanimation:1.0.0) with ExtractAarTransform
Skipping AarTransform: C:\Users\user\.gradle\caches\transforms-3\7c1ae54e643c59b38470a4f4e87f36e0\transformed\jetified-viewpager2-1.0.0 as it is up-to-date.
Caching disabled for AarTransform: C:\Users\user\.gradle\caches\transforms-3\cb4e1830d0316264aa08d7cecb5d49a4\transformed\jetified-play-services-ads-22.6.0 because:
  Build cache is disabled
Transforming dynamicanimation-1.0.0.aar (androidx.dynamicanimation:dynamicanimation:1.0.0) with AarTransform
Skipping AarTransform: C:\Users\user\.gradle\caches\transforms-3\cb4e1830d0316264aa08d7cecb5d49a4\transformed\jetified-play-services-ads-22.6.0 as it is up-to-date.
Transforming transition-1.2.0.aar (androidx.transition:transition:1.2.0) with JetifyTransform
Transforming transition-1.2.0.aar (androidx.transition:transition:1.2.0) with ExtractAarTransform
Caching disabled for AarTransform: C:\Users\user\.gradle\caches\transforms-3\401ad4d70a412e15a764e8464bd867fe\transformed\jetified-play-services-base-18.2.0 because:
  Build cache is disabled
Transforming transition-1.2.0.aar (androidx.transition:transition:1.2.0) with AarTransform
Skipping AarTransform: C:\Users\user\.gradle\caches\transforms-3\401ad4d70a412e15a764e8464bd867fe\transformed\jetified-play-services-base-18.2.0 as it is up-to-date.
Transforming vectordrawable-animated-1.1.0.aar (androidx.vectordrawable:vectordrawable-animated:1.1.0) with JetifyTransform
Transforming vectordrawable-animated-1.1.0.aar (androidx.vectordrawable:vectordrawable-animated:1.1.0) with ExtractAarTransform
Transforming vectordrawable-animated-1.1.0.aar (androidx.vectordrawable:vectordrawable-animated:1.1.0) with AarTransform
Transforming vectordrawable-1.1.0.aar (androidx.vectordrawable:vectordrawable:1.1.0) with JetifyTransform
Transforming vectordrawable-1.1.0.aar (androidx.vectordrawable:vectordrawable:1.1.0) with ExtractAarTransform
Transforming vectordrawable-1.1.0.aar (androidx.vectordrawable:vectordrawable:1.1.0) with AarTransform
Transforming vectordrawable-1.1.0.aar (androidx.vectordrawable:vectordrawable:1.1.0) with JetifyTransform
Caching disabled for AarTransform: C:\Users\user\.gradle\caches\transforms-3\9fd41aa9d8f4ce40527fd11c9e9d8547\transformed\coordinatorlayout-1.1.0 because:
  Build cache is disabled
Transforming vectordrawable-1.1.0.aar (androidx.vectordrawable:vectordrawable:1.1.0) with ExtractAarTransform
Skipping AarTransform: C:\Users\user\.gradle\caches\transforms-3\9fd41aa9d8f4ce40527fd11c9e9d8547\transformed\coordinatorlayout-1.1.0 as it is up-to-date.
Transforming vectordrawable-1.1.0.aar (androidx.vectordrawable:vectordrawable:1.1.0) with AarTransform
Transforming hilt-navigation-compose-1.1.0.aar (androidx.hilt:hilt-navigation-compose:1.1.0) with JetifyTransform
Transforming hilt-navigation-compose-1.1.0.aar (androidx.hilt:hilt-navigation-compose:1.1.0) with ExtractAarTransform
Transforming hilt-navigation-compose-1.1.0.aar (androidx.hilt:hilt-navigation-compose:1.1.0) with AarTransform
Caching disabled for AarTransform: C:\Users\user\.gradle\caches\transforms-3\778bb1a5d67e711cfa1d601e315d4ba6\transformed\drawerlayout-1.1.1 because:
  Build cache is disabled
Caching disabled for AarTransform: C:\Users\user\.gradle\caches\transforms-3\c589b80479df8889d96e60fd7d9c5d2b\transformed\transition-1.2.0 because:
  Build cache is disabled
Caching disabled for AarTransform: C:\Users\user\.gradle\caches\transforms-3\4d4b3f0524238b36b1a0d4335e32a8e5\transformed\dynamicanimation-1.0.0 because:
  Build cache is disabled
Transforming hilt-navigation-1.1.0.aar (androidx.hilt:hilt-navigation:1.1.0) with JetifyTransform
Skipping AarTransform: C:\Users\user\.gradle\caches\transforms-3\c589b80479df8889d96e60fd7d9c5d2b\transformed\transition-1.2.0 as it is up-to-date.
Transforming hilt-navigation-1.1.0.aar (androidx.hilt:hilt-navigation:1.1.0) with ExtractAarTransform
Skipping AarTransform: C:\Users\user\.gradle\caches\transforms-3\4d4b3f0524238b36b1a0d4335e32a8e5\transformed\dynamicanimation-1.0.0 as it is up-to-date.
Skipping AarTransform: C:\Users\user\.gradle\caches\transforms-3\778bb1a5d67e711cfa1d601e315d4ba6\transformed\drawerlayout-1.1.1 as it is up-to-date.
Transforming hilt-navigation-1.1.0.aar (androidx.hilt:hilt-navigation:1.1.0) with AarTransform
Transforming navigation-common-2.7.6.aar (androidx.navigation:navigation-common:2.7.6) with JetifyTransform
Transforming navigation-common-2.7.6.aar (androidx.navigation:navigation-common:2.7.6) with ExtractAarTransform
Caching disabled for AarTransform: C:\Users\user\.gradle\caches\transforms-3\c91da17cc1cab4ba2d28b8a00826b7a4\transformed\vectordrawable-animated-1.1.0 because:
  Build cache is disabled
Caching disabled for AarTransform: C:\Users\user\.gradle\caches\transforms-3\2619ed40ef3fa7bd0956e04ee7e7a9f1\transformed\vectordrawable-1.1.0 because:
  Build cache is disabled
Caching disabled for AarTransform: C:\Users\user\.gradle\caches\transforms-3\529160eccf25a2390ccb8db066af0ebf\transformed\jetified-hilt-navigation-compose-1.1.0 because:
  Build cache is disabled
Transforming navigation-common-2.7.6.aar (androidx.navigation:navigation-common:2.7.6) with AarTransform
Skipping AarTransform: C:\Users\user\.gradle\caches\transforms-3\529160eccf25a2390ccb8db066af0ebf\transformed\jetified-hilt-navigation-compose-1.1.0 as it is up-to-date.
Skipping AarTransform: C:\Users\user\.gradle\caches\transforms-3\2619ed40ef3fa7bd0956e04ee7e7a9f1\transformed\vectordrawable-1.1.0 as it is up-to-date.
Transforming navigation-runtime-2.7.6.aar (androidx.navigation:navigation-runtime:2.7.6) with JetifyTransform
Skipping AarTransform: C:\Users\user\.gradle\caches\transforms-3\c91da17cc1cab4ba2d28b8a00826b7a4\transformed\vectordrawable-animated-1.1.0 as it is up-to-date.
Transforming navigation-runtime-2.7.6.aar (androidx.navigation:navigation-runtime:2.7.6) with ExtractAarTransform
Transforming navigation-runtime-2.7.6.aar (androidx.navigation:navigation-runtime:2.7.6) with AarTransform
Transforming navigation-common-ktx-2.7.6.aar (androidx.navigation:navigation-common-ktx:2.7.6) with JetifyTransform
Transforming navigation-common-ktx-2.7.6.aar (androidx.navigation:navigation-common-ktx:2.7.6) with ExtractAarTransform
Transforming navigation-common-ktx-2.7.6.aar (androidx.navigation:navigation-common-ktx:2.7.6) with AarTransform
Caching disabled for AarTransform: C:\Users\user\.gradle\caches\transforms-3\5c3aa40a2b81e8d14341f580c5067842\transformed\jetified-hilt-navigation-1.1.0 because:
  Build cache is disabled
Transforming navigation-runtime-ktx-2.7.6.aar (androidx.navigation:navigation-runtime-ktx:2.7.6) with JetifyTransform
Skipping AarTransform: C:\Users\user\.gradle\caches\transforms-3\5c3aa40a2b81e8d14341f580c5067842\transformed\jetified-hilt-navigation-1.1.0 as it is up-to-date.
Transforming navigation-runtime-ktx-2.7.6.aar (androidx.navigation:navigation-runtime-ktx:2.7.6) with ExtractAarTransform
Caching disabled for AarTransform: C:\Users\user\.gradle\caches\transforms-3\0f46e4ccc0eeb6bdb32e10768693dbb1\transformed\navigation-common-2.7.6 because:
  Build cache is disabled
Transforming navigation-runtime-ktx-2.7.6.aar (androidx.navigation:navigation-runtime-ktx:2.7.6) with AarTransform
Skipping AarTransform: C:\Users\user\.gradle\caches\transforms-3\0f46e4ccc0eeb6bdb32e10768693dbb1\transformed\navigation-common-2.7.6 as it is up-to-date.
Transforming navigation-compose-2.7.6.aar (androidx.navigation:navigation-compose:2.7.6) with JetifyTransform
Transforming navigation-compose-2.7.6.aar (androidx.navigation:navigation-compose:2.7.6) with ExtractAarTransform
Transforming navigation-compose-2.7.6.aar (androidx.navigation:navigation-compose:2.7.6) with AarTransform
Caching disabled for AarTransform: C:\Users\user\.gradle\caches\transforms-3\3ce319f41dad2e0f26341deb50e79fea\transformed\navigation-runtime-2.7.6 because:
  Build cache is disabled
Caching disabled for AarTransform: C:\Users\user\.gradle\caches\transforms-3\72921219f6734e39e36ce1ab1aad6d03\transformed\navigation-common-ktx-2.7.6 because:
  Build cache is disabled
Transforming accompanist-permissions-0.32.0.aar (com.google.accompanist:accompanist-permissions:0.32.0) with JetifyTransform
Skipping AarTransform: C:\Users\user\.gradle\caches\transforms-3\72921219f6734e39e36ce1ab1aad6d03\transformed\navigation-common-ktx-2.7.6 as it is up-to-date.
Skipping AarTransform: C:\Users\user\.gradle\caches\transforms-3\3ce319f41dad2e0f26341deb50e79fea\transformed\navigation-runtime-2.7.6 as it is up-to-date.
Transforming accompanist-permissions-0.32.0.aar (com.google.accompanist:accompanist-permissions:0.32.0) with ExtractAarTransform
Transforming accompanist-permissions-0.32.0.aar (com.google.accompanist:accompanist-permissions:0.32.0) with AarTransform
Transforming room-ktx-2.6.1.aar (androidx.room:room-ktx:2.6.1) with JetifyTransform
Caching disabled for AarTransform: C:\Users\user\.gradle\caches\transforms-3\e867abbcf77ff1131be5b6df08de5eee\transformed\navigation-runtime-ktx-2.7.6 because:
  Build cache is disabled
Transforming room-ktx-2.6.1.aar (androidx.room:room-ktx:2.6.1) with ExtractAarTransform
Skipping AarTransform: C:\Users\user\.gradle\caches\transforms-3\e867abbcf77ff1131be5b6df08de5eee\transformed\navigation-runtime-ktx-2.7.6 as it is up-to-date.
Transforming room-ktx-2.6.1.aar (androidx.room:room-ktx:2.6.1) with AarTransform
Transforming play-services-ads-lite-22.6.0.aar (com.google.android.gms:play-services-ads-lite:22.6.0) with JetifyTransform
Transforming play-services-ads-lite-22.6.0.aar (com.google.android.gms:play-services-ads-lite:22.6.0) with ExtractAarTransform
Transforming play-services-ads-lite-22.6.0.aar (com.google.android.gms:play-services-ads-lite:22.6.0) with AarTransform
Transforming work-runtime-2.7.0.aar (androidx.work:work-runtime:2.7.0) with JetifyTransform
Transforming work-runtime-2.7.0.aar (androidx.work:work-runtime:2.7.0) with ExtractAarTransform
Transforming work-runtime-2.7.0.aar (androidx.work:work-runtime:2.7.0) with AarTransform
Caching disabled for AarTransform: C:\Users\user\.gradle\caches\transforms-3\ae35f69c27c9ae25ab61f505d1c73246\transformed\jetified-navigation-compose-2.7.6 because:
  Build cache is disabled
Transforming room-runtime-2.6.1.aar (androidx.room:room-runtime:2.6.1) with JetifyTransform
Skipping AarTransform: C:\Users\user\.gradle\caches\transforms-3\ae35f69c27c9ae25ab61f505d1c73246\transformed\jetified-navigation-compose-2.7.6 as it is up-to-date.
Transforming room-runtime-2.6.1.aar (androidx.room:room-runtime:2.6.1) with ExtractAarTransform
Transforming room-runtime-2.6.1.aar (androidx.room:room-runtime:2.6.1) with AarTransform
Caching disabled for AarTransform: C:\Users\user\.gradle\caches\transforms-3\f60bd6a2f18e5772f3e63663a99cb4e1\transformed\jetified-accompanist-permissions-0.32.0 because:
  Build cache is disabled
Transforming room-paging-2.6.1.aar (androidx.room:room-paging:2.6.1) with JetifyTransform
Skipping AarTransform: C:\Users\user\.gradle\caches\transforms-3\f60bd6a2f18e5772f3e63663a99cb4e1\transformed\jetified-accompanist-permissions-0.32.0 as it is up-to-date.
Transforming room-paging-2.6.1.aar (androidx.room:room-paging:2.6.1) with ExtractAarTransform
Transforming room-paging-2.6.1.aar (androidx.room:room-paging:2.6.1) with AarTransform
Transforming paging-runtime-3.2.1.aar (androidx.paging:paging-runtime:3.2.1) with JetifyTransform
Transforming paging-runtime-3.2.1.aar (androidx.paging:paging-runtime:3.2.1) with ExtractAarTransform
Transforming paging-runtime-3.2.1.aar (androidx.paging:paging-runtime:3.2.1) with AarTransform
Transforming paging-runtime-ktx-3.2.1.aar (androidx.paging:paging-runtime-ktx:3.2.1) with JetifyTransform
Transforming paging-runtime-ktx-3.2.1.aar (androidx.paging:paging-runtime-ktx:3.2.1) with ExtractAarTransform
Caching disabled for AarTransform: C:\Users\user\.gradle\caches\transforms-3\deeed389b8629d1b86b0d43d85b80f15\transformed\jetified-room-ktx-2.6.1 because:
  Build cache is disabled
Transforming paging-runtime-ktx-3.2.1.aar (androidx.paging:paging-runtime-ktx:3.2.1) with AarTransform
Caching disabled for AarTransform: C:\Users\user\.gradle\caches\transforms-3\d13efe73e15feb692f299aca534190ce\transformed\work-runtime-2.7.0 because:
  Build cache is disabled
Skipping AarTransform: C:\Users\user\.gradle\caches\transforms-3\deeed389b8629d1b86b0d43d85b80f15\transformed\jetified-room-ktx-2.6.1 as it is up-to-date.
Skipping AarTransform: C:\Users\user\.gradle\caches\transforms-3\d13efe73e15feb692f299aca534190ce\transformed\work-runtime-2.7.0 as it is up-to-date.
Transforming paging-compose-3.2.1.aar (androidx.paging:paging-compose:3.2.1) with JetifyTransform
Caching disabled for AarTransform: C:\Users\user\.gradle\caches\transforms-3\20b81b3594ace06c7a70dff3a2366e16\transformed\paging-runtime-3.2.1 because:
  Build cache is disabled
Transforming paging-compose-3.2.1.aar (androidx.paging:paging-compose:3.2.1) with ExtractAarTransform
Transforming paging-compose-3.2.1.aar (androidx.paging:paging-compose:3.2.1) with AarTransform
Caching disabled for AarTransform: C:\Users\user\.gradle\caches\transforms-3\c4b49199efd8b05d152a707fc92393f9\transformed\jetified-play-services-ads-lite-22.6.0 because:
  Build cache is disabled
Skipping AarTransform: C:\Users\user\.gradle\caches\transforms-3\20b81b3594ace06c7a70dff3a2366e16\transformed\paging-runtime-3.2.1 as it is up-to-date.
Skipping AarTransform: C:\Users\user\.gradle\caches\transforms-3\c4b49199efd8b05d152a707fc92393f9\transformed\jetified-play-services-ads-lite-22.6.0 as it is up-to-date.
Transforming material3-release.aar (androidx.compose.material3:material3-android:1.2.0) with JetifyTransform
Transforming material3-release.aar (androidx.compose.material3:material3-android:1.2.0) with ExtractAarTransform
Transforming material3-release.aar (androidx.compose.material3:material3-android:1.2.0) with AarTransform
Transforming material-ripple-release.aar (androidx.compose.material:material-ripple-android:1.6.1) with JetifyTransform
Transforming material-ripple-release.aar (androidx.compose.material:material-ripple-android:1.6.1) with ExtractAarTransform
Transforming material-ripple-release.aar (androidx.compose.material:material-ripple-android:1.6.1) with AarTransform
Transforming material-icons-core-release.aar (androidx.compose.material:material-icons-core-android:1.6.1) with JetifyTransform
Transforming material-icons-core-release.aar (androidx.compose.material:material-icons-core-android:1.6.1) with ExtractAarTransform
Transforming material-icons-core-release.aar (androidx.compose.material:material-icons-core-android:1.6.1) with AarTransform
Transforming material-release.aar (androidx.compose.material:material-android:1.6.1) with JetifyTransform
Caching disabled for AarTransform: C:\Users\user\.gradle\caches\transforms-3\a0851db4a7ec9890e76aff435b580121\transformed\room-runtime-2.6.1 because:
  Build cache is disabled
Transforming material-release.aar (androidx.compose.material:material-android:1.6.1) with ExtractAarTransform
Transforming material-release.aar (androidx.compose.material:material-android:1.6.1) with AarTransform
Skipping AarTransform: C:\Users\user\.gradle\caches\transforms-3\a0851db4a7ec9890e76aff435b580121\transformed\room-runtime-2.6.1 as it is up-to-date.
Transforming animation-core-release.aar (androidx.compose.animation:animation-core-android:1.6.1) with JetifyTransform
Caching disabled for AarTransform: C:\Users\user\.gradle\caches\transforms-3\48cbbb2a7e04ed4bd14f5ee9909e7333\transformed\jetified-room-paging-2.6.1 because:
  Build cache is disabled
Transforming animation-core-release.aar (androidx.compose.animation:animation-core-android:1.6.1) with ExtractAarTransform
Skipping AarTransform: C:\Users\user\.gradle\caches\transforms-3\48cbbb2a7e04ed4bd14f5ee9909e7333\transformed\jetified-room-paging-2.6.1 as it is up-to-date.
Transforming animation-core-release.aar (androidx.compose.animation:animation-core-android:1.6.1) with AarTransform
Transforming animation-release.aar (androidx.compose.animation:animation-android:1.6.1) with JetifyTransform
Transforming animation-release.aar (androidx.compose.animation:animation-android:1.6.1) with ExtractAarTransform
Caching disabled for AarTransform: C:\Users\user\.gradle\caches\transforms-3\88935f1d435615fcfcf4533f1e74a0c1\transformed\jetified-paging-runtime-ktx-3.2.1 because:
  Build cache is disabled
Transforming animation-release.aar (androidx.compose.animation:animation-android:1.6.1) with AarTransform
Skipping AarTransform: C:\Users\user\.gradle\caches\transforms-3\88935f1d435615fcfcf4533f1e74a0c1\transformed\jetified-paging-runtime-ktx-3.2.1 as it is up-to-date.
Transforming foundation-layout-release.aar (androidx.compose.foundation:foundation-layout-android:1.6.1) with JetifyTransform
Transforming foundation-layout-release.aar (androidx.compose.foundation:foundation-layout-android:1.6.1) with ExtractAarTransform
Transforming foundation-layout-release.aar (androidx.compose.foundation:foundation-layout-android:1.6.1) with AarTransform
Caching disabled for AarTransform: C:\Users\user\.gradle\caches\transforms-3\8773d98ab94b13f9d6437ce7e24c811e\transformed\jetified-paging-compose-3.2.1 because:
  Build cache is disabled
Transforming foundation-release.aar (androidx.compose.foundation:foundation-android:1.6.1) with JetifyTransform
Transforming foundation-release.aar (androidx.compose.foundation:foundation-android:1.6.1) with ExtractAarTransform
Skipping AarTransform: C:\Users\user\.gradle\caches\transforms-3\8773d98ab94b13f9d6437ce7e24c811e\transformed\jetified-paging-compose-3.2.1 as it is up-to-date.
Transforming foundation-release.aar (androidx.compose.foundation:foundation-android:1.6.1) with AarTransform
Transforming ui-unit-release.aar (androidx.compose.ui:ui-unit-android:1.6.1) with JetifyTransform
Transforming ui-unit-release.aar (androidx.compose.ui:ui-unit-android:1.6.1) with ExtractAarTransform
Transforming ui-unit-release.aar (androidx.compose.ui:ui-unit-android:1.6.1) with AarTransform
Caching disabled for AarTransform: C:\Users\user\.gradle\caches\transforms-3\be77d38c4543d58a04ecd2e2930e4907\transformed\jetified-material-icons-core-release because:
  Build cache is disabled
Caching disabled for AarTransform: C:\Users\user\.gradle\caches\transforms-3\9eb07947c41291dd8dfaea7376b52cb3\transformed\jetified-material3-release because:
  Build cache is disabled
Skipping AarTransform: C:\Users\user\.gradle\caches\transforms-3\be77d38c4543d58a04ecd2e2930e4907\transformed\jetified-material-icons-core-release as it is up-to-date.
Skipping AarTransform: C:\Users\user\.gradle\caches\transforms-3\9eb07947c41291dd8dfaea7376b52cb3\transformed\jetified-material3-release as it is up-to-date.
Transforming ui-geometry-release.aar (androidx.compose.ui:ui-geometry-android:1.6.1) with JetifyTransform
Caching disabled for AarTransform: C:\Users\user\.gradle\caches\transforms-3\b6b0faadec3c628e9c76a6db86636b8a\transformed\jetified-material-ripple-release because:
  Build cache is disabled
Transforming ui-geometry-release.aar (androidx.compose.ui:ui-geometry-android:1.6.1) with ExtractAarTransform
Skipping AarTransform: C:\Users\user\.gradle\caches\transforms-3\b6b0faadec3c628e9c76a6db86636b8a\transformed\jetified-material-ripple-release as it is up-to-date.
Caching disabled for AarTransform: C:\Users\user\.gradle\caches\transforms-3\cbc2465336ded970d23300a578f47882\transformed\jetified-material-release because:
  Build cache is disabled
Transforming ui-geometry-release.aar (androidx.compose.ui:ui-geometry-android:1.6.1) with AarTransform
Skipping AarTransform: C:\Users\user\.gradle\caches\transforms-3\cbc2465336ded970d23300a578f47882\transformed\jetified-material-release as it is up-to-date.
Transforming ui-util-release.aar (androidx.compose.ui:ui-util-android:1.6.1) with JetifyTransform
Transforming ui-util-release.aar (androidx.compose.ui:ui-util-android:1.6.1) with ExtractAarTransform
Transforming ui-util-release.aar (androidx.compose.ui:ui-util-android:1.6.1) with AarTransform
Transforming ui-text-release.aar (androidx.compose.ui:ui-text-android:1.6.1) with JetifyTransform
Transforming ui-text-release.aar (androidx.compose.ui:ui-text-android:1.6.1) with ExtractAarTransform
Transforming ui-text-release.aar (androidx.compose.ui:ui-text-android:1.6.1) with AarTransform
Transforming ui-tooling-preview-release.aar (androidx.compose.ui:ui-tooling-preview-android:1.6.1) with JetifyTransform
Caching disabled for AarTransform: C:\Users\user\.gradle\caches\transforms-3\c0256db1311281ff7005418483771fda\transformed\jetified-foundation-layout-release because:
  Build cache is disabled
Transforming ui-tooling-preview-release.aar (androidx.compose.ui:ui-tooling-preview-android:1.6.1) with ExtractAarTransform
Skipping AarTransform: C:\Users\user\.gradle\caches\transforms-3\c0256db1311281ff7005418483771fda\transformed\jetified-foundation-layout-release as it is up-to-date.
Transforming ui-tooling-preview-release.aar (androidx.compose.ui:ui-tooling-preview-android:1.6.1) with AarTransform
Caching disabled for AarTransform: C:\Users\user\.gradle\caches\transforms-3\a8d18580fb95d594af0e3ea2434d1f2a\transformed\jetified-animation-core-release because:
  Build cache is disabled
Caching disabled for AarTransform: C:\Users\user\.gradle\caches\transforms-3\ca905dde751b020875aee835366c918b\transformed\jetified-ui-geometry-release because:
  Build cache is disabled
Transforming ui-graphics-release.aar (androidx.compose.ui:ui-graphics-android:1.6.1) with JetifyTransform
Skipping AarTransform: C:\Users\user\.gradle\caches\transforms-3\a8d18580fb95d594af0e3ea2434d1f2a\transformed\jetified-animation-core-release as it is up-to-date.
Caching disabled for AarTransform: C:\Users\user\.gradle\caches\transforms-3\0a80b947bb60c2e5812c98a4cde80cb9\transformed\jetified-animation-release because:
  Build cache is disabled
Caching disabled for AarTransform: C:\Users\user\.gradle\caches\transforms-3\a2969d7a46a5d26397bd0a40364b7789\transformed\jetified-ui-unit-release because:
  Build cache is disabled
Skipping AarTransform: C:\Users\user\.gradle\caches\transforms-3\0a80b947bb60c2e5812c98a4cde80cb9\transformed\jetified-animation-release as it is up-to-date.
Skipping AarTransform: C:\Users\user\.gradle\caches\transforms-3\a2969d7a46a5d26397bd0a40364b7789\transformed\jetified-ui-unit-release as it is up-to-date.
Caching disabled for AarTransform: C:\Users\user\.gradle\caches\transforms-3\1371974239ba7d2e1f74577aa0076246\transformed\jetified-foundation-release because:
  Build cache is disabled
Transforming ui-graphics-release.aar (androidx.compose.ui:ui-graphics-android:1.6.1) with ExtractAarTransform
Skipping AarTransform: C:\Users\user\.gradle\caches\transforms-3\1371974239ba7d2e1f74577aa0076246\transformed\jetified-foundation-release as it is up-to-date.
Transforming ui-graphics-release.aar (androidx.compose.ui:ui-graphics-android:1.6.1) with AarTransform
Transforming runtime-saveable-release.aar (androidx.compose.runtime:runtime-saveable-android:1.6.1) with JetifyTransform
Transforming runtime-saveable-release.aar (androidx.compose.runtime:runtime-saveable-android:1.6.1) with ExtractAarTransform
Transforming runtime-saveable-release.aar (androidx.compose.runtime:runtime-saveable-android:1.6.1) with AarTransform
Skipping AarTransform: C:\Users\user\.gradle\caches\transforms-3\ca905dde751b020875aee835366c918b\transformed\jetified-ui-geometry-release as it is up-to-date.
Transforming runtime-release.aar (androidx.compose.runtime:runtime-android:1.6.1) with JetifyTransform
Caching disabled for AarTransform: C:\Users\user\.gradle\caches\transforms-3\a24bbb3d7412e2af4b948b956c9db569\transformed\jetified-ui-util-release because:
  Build cache is disabled
Transforming runtime-release.aar (androidx.compose.runtime:runtime-android:1.6.1) with ExtractAarTransform
Skipping AarTransform: C:\Users\user\.gradle\caches\transforms-3\a24bbb3d7412e2af4b948b956c9db569\transformed\jetified-ui-util-release as it is up-to-date.
Transforming runtime-release.aar (androidx.compose.runtime:runtime-android:1.6.1) with AarTransform
Caching disabled for AarTransform: C:\Users\user\.gradle\caches\transforms-3\8d3e065e204b9a972c9d9d381b9eab8e\transformed\jetified-ui-tooling-preview-release because:
  Build cache is disabled
Transforming runtime-livedata-1.6.1.aar (androidx.compose.runtime:runtime-livedata:1.6.1) with JetifyTransform
Skipping AarTransform: C:\Users\user\.gradle\caches\transforms-3\8d3e065e204b9a972c9d9d381b9eab8e\transformed\jetified-ui-tooling-preview-release as it is up-to-date.
Transforming runtime-livedata-1.6.1.aar (androidx.compose.runtime:runtime-livedata:1.6.1) with ExtractAarTransform
Caching disabled for AarTransform: C:\Users\user\.gradle\caches\transforms-3\d0defa3efce5913b5e3d5a8aac5cb6a4\transformed\jetified-ui-graphics-release because:
  Build cache is disabled
Transforming runtime-livedata-1.6.1.aar (androidx.compose.runtime:runtime-livedata:1.6.1) with AarTransform
Transforming hilt-android-2.49.aar (com.google.dagger:hilt-android:2.49) with JetifyTransform
Transforming hilt-android-2.49.aar (com.google.dagger:hilt-android:2.49) with ExtractAarTransform
Skipping AarTransform: C:\Users\user\.gradle\caches\transforms-3\d0defa3efce5913b5e3d5a8aac5cb6a4\transformed\jetified-ui-graphics-release as it is up-to-date.
Transforming hilt-android-2.49.aar (com.google.dagger:hilt-android:2.49) with AarTransform
Transforming play-services-tasks-18.0.2.aar (com.google.android.gms:play-services-tasks:18.0.2) with JetifyTransform
Caching disabled for AarTransform: C:\Users\user\.gradle\caches\transforms-3\a12ebe0bcfa38772b01b24696e6db1a0\transformed\jetified-runtime-saveable-release because:
  Build cache is disabled
Caching disabled for AarTransform: C:\Users\user\.gradle\caches\transforms-3\153cbe083d7bbbca75db78a9ed87c037\transformed\jetified-ui-text-release because:
  Build cache is disabled
Transforming play-services-tasks-18.0.2.aar (com.google.android.gms:play-services-tasks:18.0.2) with ExtractAarTransform
Skipping AarTransform: C:\Users\user\.gradle\caches\transforms-3\a12ebe0bcfa38772b01b24696e6db1a0\transformed\jetified-runtime-saveable-release as it is up-to-date.
Transforming play-services-tasks-18.0.2.aar (com.google.android.gms:play-services-tasks:18.0.2) with AarTransform
Transforming play-services-tasks-18.0.2.aar (com.google.android.gms:play-services-tasks:18.0.2) with JetifyTransform
Transforming play-services-tasks-18.0.2.aar (com.google.android.gms:play-services-tasks:18.0.2) with ExtractAarTransform
Skipping AarTransform: C:\Users\user\.gradle\caches\transforms-3\153cbe083d7bbbca75db78a9ed87c037\transformed\jetified-ui-text-release as it is up-to-date.
Caching disabled for AarTransform: C:\Users\user\.gradle\caches\transforms-3\40952bfae19697ea740a0392ac032553\transformed\jetified-runtime-release because:
  Build cache is disabled
Transforming play-services-tasks-18.0.2.aar (com.google.android.gms:play-services-tasks:18.0.2) with AarTransform
Skipping AarTransform: C:\Users\user\.gradle\caches\transforms-3\40952bfae19697ea740a0392ac032553\transformed\jetified-runtime-release as it is up-to-date.
Transforming play-services-tasks-18.0.2.aar (com.google.android.gms:play-services-tasks:18.0.2) with JetifyTransform
Transforming play-services-tasks-18.0.2.aar (com.google.android.gms:play-services-tasks:18.0.2) with ExtractAarTransform
Transforming play-services-tasks-18.0.2.aar (com.google.android.gms:play-services-tasks:18.0.2) with AarTransform
Transforming play-services-ads-base-22.6.0.aar (com.google.android.gms:play-services-ads-base:22.6.0) with JetifyTransform
Transforming play-services-ads-base-22.6.0.aar (com.google.android.gms:play-services-ads-base:22.6.0) with ExtractAarTransform
Transforming play-services-ads-base-22.6.0.aar (com.google.android.gms:play-services-ads-base:22.6.0) with AarTransform
Transforming play-services-ads-base-22.6.0.aar (com.google.android.gms:play-services-ads-base:22.6.0) with JetifyTransform
Transforming play-services-ads-base-22.6.0.aar (com.google.android.gms:play-services-ads-base:22.6.0) with ExtractAarTransform
Caching disabled for AarTransform: C:\Users\user\.gradle\caches\transforms-3\09909989bcc6df1cb4cf8f5bc33de582\transformed\jetified-play-services-tasks-18.0.2 because:
  Build cache is disabled
Transforming play-services-ads-base-22.6.0.aar (com.google.android.gms:play-services-ads-base:22.6.0) with AarTransform
Caching disabled for AarTransform: C:\Users\user\.gradle\caches\transforms-3\86393e3996726b41f76008ce236fad9e\transformed\jetified-runtime-livedata-1.6.1 because:
  Build cache is disabled
Transforming user-messaging-platform-2.1.0.aar (com.google.android.ump:user-messaging-platform:2.1.0) with JetifyTransform
Skipping AarTransform: C:\Users\user\.gradle\caches\transforms-3\09909989bcc6df1cb4cf8f5bc33de582\transformed\jetified-play-services-tasks-18.0.2 as it is up-to-date.
Transforming user-messaging-platform-2.1.0.aar (com.google.android.ump:user-messaging-platform:2.1.0) with ExtractAarTransform
Skipping AarTransform: C:\Users\user\.gradle\caches\transforms-3\86393e3996726b41f76008ce236fad9e\transformed\jetified-runtime-livedata-1.6.1 as it is up-to-date.
Transforming user-messaging-platform-2.1.0.aar (com.google.android.ump:user-messaging-platform:2.1.0) with AarTransform
Transforming play-services-ads-identifier-18.0.0.aar (com.google.android.gms:play-services-ads-identifier:18.0.0) with JetifyTransform
Transforming play-services-ads-identifier-18.0.0.aar (com.google.android.gms:play-services-ads-identifier:18.0.0) with ExtractAarTransform
Transforming play-services-ads-identifier-18.0.0.aar (com.google.android.gms:play-services-ads-identifier:18.0.0) with AarTransform
Caching disabled for AarTransform: C:\Users\user\.gradle\caches\transforms-3\fefcfe30ff50cfe07535bb3f9f29fec4\transformed\jetified-play-services-ads-base-22.6.0 because:
  Build cache is disabled
Transforming play-services-ads-identifier-18.0.0.aar (com.google.android.gms:play-services-ads-identifier:18.0.0) with JetifyTransform
Skipping AarTransform: C:\Users\user\.gradle\caches\transforms-3\fefcfe30ff50cfe07535bb3f9f29fec4\transformed\jetified-play-services-ads-base-22.6.0 as it is up-to-date.
Transforming play-services-ads-identifier-18.0.0.aar (com.google.android.gms:play-services-ads-identifier:18.0.0) with ExtractAarTransform
Transforming play-services-ads-identifier-18.0.0.aar (com.google.android.gms:play-services-ads-identifier:18.0.0) with AarTransform
Transforming play-services-measurement-sdk-api-20.1.2.aar (com.google.android.gms:play-services-measurement-sdk-api:20.1.2) with JetifyTransform
Transforming play-services-measurement-sdk-api-20.1.2.aar (com.google.android.gms:play-services-measurement-sdk-api:20.1.2) with ExtractAarTransform
Transforming play-services-measurement-sdk-api-20.1.2.aar (com.google.android.gms:play-services-measurement-sdk-api:20.1.2) with AarTransform
Caching disabled for AarTransform: C:\Users\user\.gradle\caches\transforms-3\7609d0ec1dd432c286d684064b087864\transformed\jetified-hilt-android-2.49 because:
  Build cache is disabled
Transforming play-services-measurement-base-20.1.2.aar (com.google.android.gms:play-services-measurement-base:20.1.2) with JetifyTransform
Skipping AarTransform: C:\Users\user\.gradle\caches\transforms-3\7609d0ec1dd432c286d684064b087864\transformed\jetified-hilt-android-2.49 as it is up-to-date.
Transforming play-services-measurement-base-20.1.2.aar (com.google.android.gms:play-services-measurement-base:20.1.2) with ExtractAarTransform
Transforming play-services-measurement-base-20.1.2.aar (com.google.android.gms:play-services-measurement-base:20.1.2) with AarTransform
Transforming play-services-basement-18.2.0.aar (com.google.android.gms:play-services-basement:18.2.0) with JetifyTransform
Caching disabled for AarTransform: C:\Users\user\.gradle\caches\transforms-3\ff995add00743d0c496c4d8e0ee10f1e\transformed\jetified-play-services-ads-identifier-18.0.0 because:
  Build cache is disabled
Skipping AarTransform: C:\Users\user\.gradle\caches\transforms-3\ff995add00743d0c496c4d8e0ee10f1e\transformed\jetified-play-services-ads-identifier-18.0.0 as it is up-to-date.
Transforming play-services-basement-18.2.0.aar (com.google.android.gms:play-services-basement:18.2.0) with ExtractAarTransform
Caching disabled for AarTransform: C:\Users\user\.gradle\caches\transforms-3\2a2496b4dd7bead2a2d5dfdd36faba56\transformed\jetified-user-messaging-platform-2.1.0 because:
  Build cache is disabled
Transforming play-services-basement-18.2.0.aar (com.google.android.gms:play-services-basement:18.2.0) with AarTransform
Skipping AarTransform: C:\Users\user\.gradle\caches\transforms-3\2a2496b4dd7bead2a2d5dfdd36faba56\transformed\jetified-user-messaging-platform-2.1.0 as it is up-to-date.
Transforming play-services-basement-18.2.0.aar (com.google.android.gms:play-services-basement:18.2.0) with JetifyTransform
Transforming play-services-basement-18.2.0.aar (com.google.android.gms:play-services-basement:18.2.0) with ExtractAarTransform
Transforming play-services-basement-18.2.0.aar (com.google.android.gms:play-services-basement:18.2.0) with AarTransform
Transforming play-services-basement-18.2.0.aar (com.google.android.gms:play-services-basement:18.2.0) with JetifyTransform
Caching disabled for AarTransform: C:\Users\user\.gradle\caches\transforms-3\b28c9dde44421952352d4ece06208963\transformed\jetified-play-services-measurement-sdk-api-20.1.2 because:
  Build cache is disabled
Transforming play-services-basement-18.2.0.aar (com.google.android.gms:play-services-basement:18.2.0) with ExtractAarTransform
Skipping AarTransform: C:\Users\user\.gradle\caches\transforms-3\b28c9dde44421952352d4ece06208963\transformed\jetified-play-services-measurement-sdk-api-20.1.2 as it is up-to-date.
Transforming play-services-basement-18.2.0.aar (com.google.android.gms:play-services-basement:18.2.0) with AarTransform
Transforming play-services-basement-18.2.0.aar (com.google.android.gms:play-services-basement:18.2.0) with JetifyTransform
Caching disabled for AarTransform: C:\Users\user\.gradle\caches\transforms-3\7bc33f1b9169acd2dfd1a37a27683ae2\transformed\jetified-play-services-measurement-base-20.1.2 because:
  Build cache is disabled
Transforming play-services-basement-18.2.0.aar (com.google.android.gms:play-services-basement:18.2.0) with ExtractAarTransform
Skipping AarTransform: C:\Users\user\.gradle\caches\transforms-3\7bc33f1b9169acd2dfd1a37a27683ae2\transformed\jetified-play-services-measurement-base-20.1.2 as it is up-to-date.
Transforming play-services-basement-18.2.0.aar (com.google.android.gms:play-services-basement:18.2.0) with AarTransform
Caching disabled for AarTransform: C:\Users\user\.gradle\caches\transforms-3\a98fef1d1520166b9b08927ea1e4f9aa\transformed\jetified-play-services-basement-18.2.0 because:
  Build cache is disabled
Transforming play-services-basement-18.2.0.aar (com.google.android.gms:play-services-basement:18.2.0) with JetifyTransform
Skipping AarTransform: C:\Users\user\.gradle\caches\transforms-3\a98fef1d1520166b9b08927ea1e4f9aa\transformed\jetified-play-services-basement-18.2.0 as it is up-to-date.
Transforming play-services-basement-18.2.0.aar (com.google.android.gms:play-services-basement:18.2.0) with ExtractAarTransform
Transforming play-services-basement-18.2.0.aar (com.google.android.gms:play-services-basement:18.2.0) with AarTransform
Transforming play-services-basement-18.2.0.aar (com.google.android.gms:play-services-basement:18.2.0) with JetifyTransform
Transforming play-services-basement-18.2.0.aar (com.google.android.gms:play-services-basement:18.2.0) with ExtractAarTransform
Transforming play-services-basement-18.2.0.aar (com.google.android.gms:play-services-basement:18.2.0) with AarTransform
Transforming fragment-1.5.1.aar (androidx.fragment:fragment:1.5.1) with JetifyTransform
Transforming fragment-1.5.1.aar (androidx.fragment:fragment:1.5.1) with ExtractAarTransform
Transforming fragment-1.5.1.aar (androidx.fragment:fragment:1.5.1) with AarTransform
Transforming fragment-1.5.1.aar (androidx.fragment:fragment:1.5.1) with JetifyTransform
Transforming fragment-1.5.1.aar (androidx.fragment:fragment:1.5.1) with ExtractAarTransform
Transforming fragment-1.5.1.aar (androidx.fragment:fragment:1.5.1) with AarTransform
Transforming fragment-1.5.1.aar (androidx.fragment:fragment:1.5.1) with JetifyTransform
Transforming fragment-1.5.1.aar (androidx.fragment:fragment:1.5.1) with ExtractAarTransform
Transforming fragment-1.5.1.aar (androidx.fragment:fragment:1.5.1) with AarTransform
Transforming fragment-1.5.1.aar (androidx.fragment:fragment:1.5.1) with JetifyTransform
Transforming fragment-1.5.1.aar (androidx.fragment:fragment:1.5.1) with ExtractAarTransform
Transforming fragment-1.5.1.aar (androidx.fragment:fragment:1.5.1) with AarTransform
Transforming emoji2-views-helper-1.3.0.aar (androidx.emoji2:emoji2-views-helper:1.3.0) with JetifyTransform
Transforming emoji2-views-helper-1.3.0.aar (androidx.emoji2:emoji2-views-helper:1.3.0) with ExtractAarTransform
Transforming emoji2-views-helper-1.3.0.aar (androidx.emoji2:emoji2-views-helper:1.3.0) with AarTransform
Transforming emoji2-1.3.0.aar (androidx.emoji2:emoji2:1.3.0) with JetifyTransform
Transforming emoji2-1.3.0.aar (androidx.emoji2:emoji2:1.3.0) with ExtractAarTransform
Transforming emoji2-1.3.0.aar (androidx.emoji2:emoji2:1.3.0) with AarTransform
Transforming lifecycle-process-2.7.0.aar (androidx.lifecycle:lifecycle-process:2.7.0) with JetifyTransform
Caching disabled for AarTransform: C:\Users\user\.gradle\caches\transforms-3\ce43085ba0af9184b2d8510666d1eb4c\transformed\fragment-1.5.1 because:
  Build cache is disabled
Transforming lifecycle-process-2.7.0.aar (androidx.lifecycle:lifecycle-process:2.7.0) with ExtractAarTransform
Skipping AarTransform: C:\Users\user\.gradle\caches\transforms-3\ce43085ba0af9184b2d8510666d1eb4c\transformed\fragment-1.5.1 as it is up-to-date.
Transforming lifecycle-process-2.7.0.aar (androidx.lifecycle:lifecycle-process:2.7.0) with AarTransform
Transforming lifecycle-service-2.7.0.aar (androidx.lifecycle:lifecycle-service:2.7.0) with JetifyTransform
Transforming lifecycle-service-2.7.0.aar (androidx.lifecycle:lifecycle-service:2.7.0) with ExtractAarTransform
Transforming lifecycle-service-2.7.0.aar (androidx.lifecycle:lifecycle-service:2.7.0) with AarTransform
Transforming lifecycle-livedata-core-ktx-2.7.0.aar (androidx.lifecycle:lifecycle-livedata-core-ktx:2.7.0) with JetifyTransform
Transforming lifecycle-livedata-core-ktx-2.7.0.aar (androidx.lifecycle:lifecycle-livedata-core-ktx:2.7.0) with ExtractAarTransform
Transforming lifecycle-livedata-core-ktx-2.7.0.aar (androidx.lifecycle:lifecycle-livedata-core-ktx:2.7.0) with AarTransform
Transforming lifecycle-livedata-ktx-2.7.0.aar (androidx.lifecycle:lifecycle-livedata-ktx:2.7.0) with JetifyTransform
Caching disabled for AarTransform: C:\Users\user\.gradle\caches\transforms-3\2e6a11253b53f57b3b9d26b8fa62696e\transformed\jetified-emoji2-views-helper-1.3.0 because:
  Build cache is disabled
Caching disabled for AarTransform: C:\Users\user\.gradle\caches\transforms-3\3bde4be5f64196dc9d79c4d702f48306\transformed\jetified-emoji2-1.3.0 because:
  Build cache is disabled
Caching disabled for AarTransform: C:\Users\user\.gradle\caches\transforms-3\befba8fbd8bdeb7a931e0ef64310fd03\transformed\jetified-lifecycle-process-2.7.0 because:
  Build cache is disabled
Transforming lifecycle-livedata-ktx-2.7.0.aar (androidx.lifecycle:lifecycle-livedata-ktx:2.7.0) with ExtractAarTransform
Skipping AarTransform: C:\Users\user\.gradle\caches\transforms-3\3bde4be5f64196dc9d79c4d702f48306\transformed\jetified-emoji2-1.3.0 as it is up-to-date.
Skipping AarTransform: C:\Users\user\.gradle\caches\transforms-3\2e6a11253b53f57b3b9d26b8fa62696e\transformed\jetified-emoji2-views-helper-1.3.0 as it is up-to-date.
Transforming lifecycle-livedata-ktx-2.7.0.aar (androidx.lifecycle:lifecycle-livedata-ktx:2.7.0) with AarTransform
Skipping AarTransform: C:\Users\user\.gradle\caches\transforms-3\befba8fbd8bdeb7a931e0ef64310fd03\transformed\jetified-lifecycle-process-2.7.0 as it is up-to-date.
Transforming lifecycle-livedata-core-2.7.0.aar (androidx.lifecycle:lifecycle-livedata-core:2.7.0) with JetifyTransform
Caching disabled for AarTransform: C:\Users\user\.gradle\caches\transforms-3\32759966595792c9a2f9091d1711a6d5\transformed\jetified-lifecycle-service-2.7.0 because:
  Build cache is disabled
Transforming lifecycle-livedata-core-2.7.0.aar (androidx.lifecycle:lifecycle-livedata-core:2.7.0) with ExtractAarTransform
Skipping AarTransform: C:\Users\user\.gradle\caches\transforms-3\32759966595792c9a2f9091d1711a6d5\transformed\jetified-lifecycle-service-2.7.0 as it is up-to-date.
Transforming lifecycle-livedata-core-2.7.0.aar (androidx.lifecycle:lifecycle-livedata-core:2.7.0) with AarTransform
Caching disabled for AarTransform: C:\Users\user\.gradle\caches\transforms-3\39183825c891526e3de148cba7025d38\transformed\jetified-lifecycle-livedata-core-ktx-2.7.0 because:
  Build cache is disabled
Transforming legacy-support-core-utils-1.0.0.aar (androidx.legacy:legacy-support-core-utils:1.0.0) with JetifyTransform
Skipping AarTransform: C:\Users\user\.gradle\caches\transforms-3\39183825c891526e3de148cba7025d38\transformed\jetified-lifecycle-livedata-core-ktx-2.7.0 as it is up-to-date.
Transforming legacy-support-core-utils-1.0.0.aar (androidx.legacy:legacy-support-core-utils:1.0.0) with ExtractAarTransform
Transforming legacy-support-core-utils-1.0.0.aar (androidx.legacy:legacy-support-core-utils:1.0.0) with AarTransform
Caching disabled for AarTransform: C:\Users\user\.gradle\caches\transforms-3\8bdbdf69ffb075614c5a434d355a0f8b\transformed\jetified-lifecycle-livedata-ktx-2.7.0 because:
  Build cache is disabled
Skipping AarTransform: C:\Users\user\.gradle\caches\transforms-3\8bdbdf69ffb075614c5a434d355a0f8b\transformed\jetified-lifecycle-livedata-ktx-2.7.0 as it is up-to-date.
Transforming loader-1.0.0.aar (androidx.loader:loader:1.0.0) with JetifyTransform
Transforming loader-1.0.0.aar (androidx.loader:loader:1.0.0) with ExtractAarTransform
Transforming loader-1.0.0.aar (androidx.loader:loader:1.0.0) with AarTransform
Transforming loader-1.0.0.aar (androidx.loader:loader:1.0.0) with JetifyTransform
Transforming loader-1.0.0.aar (androidx.loader:loader:1.0.0) with ExtractAarTransform
Transforming loader-1.0.0.aar (androidx.loader:loader:1.0.0) with AarTransform
Transforming lifecycle-livedata-2.7.0.aar (androidx.lifecycle:lifecycle-livedata:2.7.0) with JetifyTransform
Caching disabled for AarTransform: C:\Users\user\.gradle\caches\transforms-3\405ea0b6b50f1060e1e85abd75c2300a\transformed\lifecycle-livedata-core-2.7.0 because:
  Build cache is disabled
Transforming lifecycle-livedata-2.7.0.aar (androidx.lifecycle:lifecycle-livedata:2.7.0) with ExtractAarTransform
Skipping AarTransform: C:\Users\user\.gradle\caches\transforms-3\405ea0b6b50f1060e1e85abd75c2300a\transformed\lifecycle-livedata-core-2.7.0 as it is up-to-date.
Transforming lifecycle-livedata-2.7.0.aar (androidx.lifecycle:lifecycle-livedata:2.7.0) with AarTransform
Transforming lifecycle-livedata-2.7.0.aar (androidx.lifecycle:lifecycle-livedata:2.7.0) with JetifyTransform
Transforming lifecycle-livedata-2.7.0.aar (androidx.lifecycle:lifecycle-livedata:2.7.0) with ExtractAarTransform
Caching disabled for AarTransform: C:\Users\user\.gradle\caches\transforms-3\06eaa3d4db2446ae08073b00af0f9f1e\transformed\legacy-support-core-utils-1.0.0 because:
  Build cache is disabled
Transforming lifecycle-livedata-2.7.0.aar (androidx.lifecycle:lifecycle-livedata:2.7.0) with AarTransform
Caching disabled for AarTransform: C:\Users\user\.gradle\caches\transforms-3\aa2ff84b73bdf2fedfb6304d3a34c1c2\transformed\loader-1.0.0 because:
  Build cache is disabled
Skipping AarTransform: C:\Users\user\.gradle\caches\transforms-3\06eaa3d4db2446ae08073b00af0f9f1e\transformed\legacy-support-core-utils-1.0.0 as it is up-to-date.
Transforming savedstate-ktx-1.2.1.aar (androidx.savedstate:savedstate-ktx:1.2.1) with JetifyTransform
Skipping AarTransform: C:\Users\user\.gradle\caches\transforms-3\aa2ff84b73bdf2fedfb6304d3a34c1c2\transformed\loader-1.0.0 as it is up-to-date.
Transforming savedstate-ktx-1.2.1.aar (androidx.savedstate:savedstate-ktx:1.2.1) with ExtractAarTransform
Transforming savedstate-ktx-1.2.1.aar (androidx.savedstate:savedstate-ktx:1.2.1) with AarTransform
Transforming savedstate-1.2.1.aar (androidx.savedstate:savedstate:1.2.1) with JetifyTransform
Caching disabled for AarTransform: C:\Users\user\.gradle\caches\transforms-3\be6eabc1e7597f5af8694205534369ad\transformed\lifecycle-livedata-2.7.0 because:
  Build cache is disabled
Transforming savedstate-1.2.1.aar (androidx.savedstate:savedstate:1.2.1) with ExtractAarTransform
Skipping AarTransform: C:\Users\user\.gradle\caches\transforms-3\be6eabc1e7597f5af8694205534369ad\transformed\lifecycle-livedata-2.7.0 as it is up-to-date.
Transforming savedstate-1.2.1.aar (androidx.savedstate:savedstate:1.2.1) with AarTransform
Transforming lifecycle-viewmodel-savedstate-2.7.0.aar (androidx.lifecycle:lifecycle-viewmodel-savedstate:2.7.0) with JetifyTransform
Transforming lifecycle-viewmodel-savedstate-2.7.0.aar (androidx.lifecycle:lifecycle-viewmodel-savedstate:2.7.0) with ExtractAarTransform
Transforming lifecycle-viewmodel-savedstate-2.7.0.aar (androidx.lifecycle:lifecycle-viewmodel-savedstate:2.7.0) with AarTransform
Transforming lifecycle-viewmodel-ktx-2.7.0.aar (androidx.lifecycle:lifecycle-viewmodel-ktx:2.7.0) with JetifyTransform
Transforming lifecycle-viewmodel-ktx-2.7.0.aar (androidx.lifecycle:lifecycle-viewmodel-ktx:2.7.0) with ExtractAarTransform
Transforming lifecycle-viewmodel-ktx-2.7.0.aar (androidx.lifecycle:lifecycle-viewmodel-ktx:2.7.0) with AarTransform
Transforming lifecycle-viewmodel-2.7.0.aar (androidx.lifecycle:lifecycle-viewmodel:2.7.0) with JetifyTransform
Transforming lifecycle-viewmodel-2.7.0.aar (androidx.lifecycle:lifecycle-viewmodel:2.7.0) with ExtractAarTransform
Transforming lifecycle-viewmodel-2.7.0.aar (androidx.lifecycle:lifecycle-viewmodel:2.7.0) with AarTransform
Caching disabled for AarTransform: C:\Users\user\.gradle\caches\transforms-3\d13525a792cc64e11bbc6a846969e153\transformed\jetified-savedstate-ktx-1.2.1 because:
  Build cache is disabled
Transforming lifecycle-viewmodel-2.7.0.aar (androidx.lifecycle:lifecycle-viewmodel:2.7.0) with JetifyTransform
Skipping AarTransform: C:\Users\user\.gradle\caches\transforms-3\d13525a792cc64e11bbc6a846969e153\transformed\jetified-savedstate-ktx-1.2.1 as it is up-to-date.
Transforming lifecycle-viewmodel-2.7.0.aar (androidx.lifecycle:lifecycle-viewmodel:2.7.0) with ExtractAarTransform
Transforming lifecycle-viewmodel-2.7.0.aar (androidx.lifecycle:lifecycle-viewmodel:2.7.0) with AarTransform
Transforming lifecycle-runtime-2.7.0.aar (androidx.lifecycle:lifecycle-runtime:2.7.0) with JetifyTransform
Transforming lifecycle-runtime-2.7.0.aar (androidx.lifecycle:lifecycle-runtime:2.7.0) with ExtractAarTransform
Caching disabled for AarTransform: C:\Users\user\.gradle\caches\transforms-3\729f0ee4f5c310ded66695d5e416a80a\transformed\jetified-savedstate-1.2.1 because:
  Build cache is disabled
Caching disabled for AarTransform: C:\Users\user\.gradle\caches\transforms-3\91aa7e25739ba49b8c446850083d9968\transformed\jetified-lifecycle-viewmodel-ktx-2.7.0 because:
  Build cache is disabled
Transforming lifecycle-runtime-2.7.0.aar (androidx.lifecycle:lifecycle-runtime:2.7.0) with AarTransform
Skipping AarTransform: C:\Users\user\.gradle\caches\transforms-3\91aa7e25739ba49b8c446850083d9968\transformed\jetified-lifecycle-viewmodel-ktx-2.7.0 as it is up-to-date.
Skipping AarTransform: C:\Users\user\.gradle\caches\transforms-3\729f0ee4f5c310ded66695d5e416a80a\transformed\jetified-savedstate-1.2.1 as it is up-to-date.
Transforming lifecycle-runtime-ktx-2.7.0.aar (androidx.lifecycle:lifecycle-runtime-ktx:2.7.0) with JetifyTransform
Transforming lifecycle-runtime-ktx-2.7.0.aar (androidx.lifecycle:lifecycle-runtime-ktx:2.7.0) with ExtractAarTransform
Caching disabled for AarTransform: C:\Users\user\.gradle\caches\transforms-3\17d74363b6e909a9d3f818c44afa4535\transformed\jetified-lifecycle-viewmodel-savedstate-2.7.0 because:
  Build cache is disabled
Transforming lifecycle-runtime-ktx-2.7.0.aar (androidx.lifecycle:lifecycle-runtime-ktx:2.7.0) with AarTransform
Skipping AarTransform: C:\Users\user\.gradle\caches\transforms-3\17d74363b6e909a9d3f818c44afa4535\transformed\jetified-lifecycle-viewmodel-savedstate-2.7.0 as it is up-to-date.
Transforming lifecycle-viewmodel-compose-2.7.0.aar (androidx.lifecycle:lifecycle-viewmodel-compose:2.7.0) with JetifyTransform
Caching disabled for AarTransform: C:\Users\user\.gradle\caches\transforms-3\d61403040d3c0a7f14b12e75c497150a\transformed\lifecycle-viewmodel-2.7.0 because:
  Build cache is disabled
Transforming lifecycle-viewmodel-compose-2.7.0.aar (androidx.lifecycle:lifecycle-viewmodel-compose:2.7.0) with ExtractAarTransform
Skipping AarTransform: C:\Users\user\.gradle\caches\transforms-3\d61403040d3c0a7f14b12e75c497150a\transformed\lifecycle-viewmodel-2.7.0 as it is up-to-date.
Transforming lifecycle-viewmodel-compose-2.7.0.aar (androidx.lifecycle:lifecycle-viewmodel-compose:2.7.0) with AarTransform
Transforming accompanist-drawablepainter-0.32.0.aar (com.google.accompanist:accompanist-drawablepainter:0.32.0) with JetifyTransform
Transforming accompanist-drawablepainter-0.32.0.aar (com.google.accompanist:accompanist-drawablepainter:0.32.0) with ExtractAarTransform
Transforming accompanist-drawablepainter-0.32.0.aar (com.google.accompanist:accompanist-drawablepainter:0.32.0) with AarTransform
Transforming ui-release.aar (androidx.compose.ui:ui-android:1.6.1) with JetifyTransform
Transforming ui-release.aar (androidx.compose.ui:ui-android:1.6.1) with ExtractAarTransform
Transforming ui-release.aar (androidx.compose.ui:ui-android:1.6.1) with AarTransform
Transforming activity-ktx-1.8.2.aar (androidx.activity:activity-ktx:1.8.2) with JetifyTransform
Transforming activity-ktx-1.8.2.aar (androidx.activity:activity-ktx:1.8.2) with ExtractAarTransform
Caching disabled for AarTransform: C:\Users\user\.gradle\caches\transforms-3\e109843751a45ceb797ac7414dcd1f55\transformed\jetified-lifecycle-runtime-ktx-2.7.0 because:
  Build cache is disabled
Transforming activity-ktx-1.8.2.aar (androidx.activity:activity-ktx:1.8.2) with AarTransform
Skipping AarTransform: C:\Users\user\.gradle\caches\transforms-3\e109843751a45ceb797ac7414dcd1f55\transformed\jetified-lifecycle-runtime-ktx-2.7.0 as it is up-to-date.
Transforming activity-compose-1.8.2.aar (androidx.activity:activity-compose:1.8.2) with JetifyTransform
Caching disabled for AarTransform: C:\Users\user\.gradle\caches\transforms-3\4bea3ad7086dd6310416577e679b27ab\transformed\lifecycle-runtime-2.7.0 because:
  Build cache is disabled
Transforming activity-compose-1.8.2.aar (androidx.activity:activity-compose:1.8.2) with ExtractAarTransform
Skipping AarTransform: C:\Users\user\.gradle\caches\transforms-3\4bea3ad7086dd6310416577e679b27ab\transformed\lifecycle-runtime-2.7.0 as it is up-to-date.
Transforming activity-compose-1.8.2.aar (androidx.activity:activity-compose:1.8.2) with AarTransform
Transforming activity-1.8.2.aar (androidx.activity:activity:1.8.2) with JetifyTransform
Caching disabled for AarTransform: C:\Users\user\.gradle\caches\transforms-3\8f69b11fed3424c2a2d07f943e7b1442\transformed\jetified-accompanist-drawablepainter-0.32.0 because:
  Build cache is disabled
Transforming activity-1.8.2.aar (androidx.activity:activity:1.8.2) with ExtractAarTransform
Caching disabled for AarTransform: C:\Users\user\.gradle\caches\transforms-3\4d6838555ad24cf15a99513e72d58fa0\transformed\jetified-lifecycle-viewmodel-compose-2.7.0 because:
  Build cache is disabled
Skipping AarTransform: C:\Users\user\.gradle\caches\transforms-3\8f69b11fed3424c2a2d07f943e7b1442\transformed\jetified-accompanist-drawablepainter-0.32.0 as it is up-to-date.
Transforming activity-1.8.2.aar (androidx.activity:activity:1.8.2) with AarTransform
Skipping AarTransform: C:\Users\user\.gradle\caches\transforms-3\4d6838555ad24cf15a99513e72d58fa0\transformed\jetified-lifecycle-viewmodel-compose-2.7.0 as it is up-to-date.
Transforming exoplayer-2.19.1.aar (com.google.android.exoplayer:exoplayer:2.19.1) with JetifyTransform
Caching disabled for AarTransform: C:\Users\user\.gradle\caches\transforms-3\eb7f95ceb80fe7edaffe686f45c414e3\transformed\jetified-ui-release because:
  Build cache is disabled
Caching disabled for AarTransform: C:\Users\user\.gradle\caches\transforms-3\bd4d0516dc82d593dc75d0d58095804e\transformed\jetified-activity-ktx-1.8.2 because:
  Build cache is disabled
Skipping AarTransform: C:\Users\user\.gradle\caches\transforms-3\eb7f95ceb80fe7edaffe686f45c414e3\transformed\jetified-ui-release as it is up-to-date.
Transforming exoplayer-2.19.1.aar (com.google.android.exoplayer:exoplayer:2.19.1) with ExtractAarTransform
Skipping AarTransform: C:\Users\user\.gradle\caches\transforms-3\bd4d0516dc82d593dc75d0d58095804e\transformed\jetified-activity-ktx-1.8.2 as it is up-to-date.
Transforming exoplayer-2.19.1.aar (com.google.android.exoplayer:exoplayer:2.19.1) with AarTransform
Caching disabled for AarTransform: C:\Users\user\.gradle\caches\transforms-3\cc2b5325880f19f8fa69e371da0fcec2\transformed\jetified-activity-compose-1.8.2 because:
  Build cache is disabled
Transforming exoplayer-dash-2.19.1.aar (com.google.android.exoplayer:exoplayer-dash:2.19.1) with JetifyTransform
Skipping AarTransform: C:\Users\user\.gradle\caches\transforms-3\cc2b5325880f19f8fa69e371da0fcec2\transformed\jetified-activity-compose-1.8.2 as it is up-to-date.
Transforming exoplayer-dash-2.19.1.aar (com.google.android.exoplayer:exoplayer-dash:2.19.1) with ExtractAarTransform
Transforming exoplayer-dash-2.19.1.aar (com.google.android.exoplayer:exoplayer-dash:2.19.1) with AarTransform
Transforming exoplayer-hls-2.19.1.aar (com.google.android.exoplayer:exoplayer-hls:2.19.1) with JetifyTransform
Transforming exoplayer-hls-2.19.1.aar (com.google.android.exoplayer:exoplayer-hls:2.19.1) with ExtractAarTransform
Transforming exoplayer-hls-2.19.1.aar (com.google.android.exoplayer:exoplayer-hls:2.19.1) with AarTransform
Transforming exoplayer-rtsp-2.19.1.aar (com.google.android.exoplayer:exoplayer-rtsp:2.19.1) with JetifyTransform
Transforming exoplayer-rtsp-2.19.1.aar (com.google.android.exoplayer:exoplayer-rtsp:2.19.1) with ExtractAarTransform
Transforming exoplayer-rtsp-2.19.1.aar (com.google.android.exoplayer:exoplayer-rtsp:2.19.1) with AarTransform
Caching disabled for AarTransform: C:\Users\user\.gradle\caches\transforms-3\3ff7e07e96cbf3c15e17ee90dee7c81e\transformed\jetified-activity-1.8.2 because:
  Build cache is disabled
Caching disabled for AarTransform: C:\Users\user\.gradle\caches\transforms-3\23d54db28db6fd27500c43cbb98a94ee\transformed\jetified-exoplayer-2.19.1 because:
  Build cache is disabled
Skipping AarTransform: C:\Users\user\.gradle\caches\transforms-3\3ff7e07e96cbf3c15e17ee90dee7c81e\transformed\jetified-activity-1.8.2 as it is up-to-date.
Skipping AarTransform: C:\Users\user\.gradle\caches\transforms-3\23d54db28db6fd27500c43cbb98a94ee\transformed\jetified-exoplayer-2.19.1 as it is up-to-date.
Transforming exoplayer-smoothstreaming-2.19.1.aar (com.google.android.exoplayer:exoplayer-smoothstreaming:2.19.1) with JetifyTransform
Transforming exoplayer-smoothstreaming-2.19.1.aar (com.google.android.exoplayer:exoplayer-smoothstreaming:2.19.1) with ExtractAarTransform
Transforming exoplayer-smoothstreaming-2.19.1.aar (com.google.android.exoplayer:exoplayer-smoothstreaming:2.19.1) with AarTransform
Transforming exoplayer-core-2.19.1.aar (com.google.android.exoplayer:exoplayer-core:2.19.1) with JetifyTransform
Transforming exoplayer-core-2.19.1.aar (com.google.android.exoplayer:exoplayer-core:2.19.1) with ExtractAarTransform
Transforming exoplayer-core-2.19.1.aar (com.google.android.exoplayer:exoplayer-core:2.19.1) with AarTransform
Caching disabled for AarTransform: C:\Users\user\.gradle\caches\transforms-3\6b9e330e22f5b80af693a9cc1ed78961\transformed\jetified-exoplayer-dash-2.19.1 because:
  Build cache is disabled
Skipping AarTransform: C:\Users\user\.gradle\caches\transforms-3\6b9e330e22f5b80af693a9cc1ed78961\transformed\jetified-exoplayer-dash-2.19.1 as it is up-to-date.
Transforming exoplayer-ui-2.19.1.aar (com.google.android.exoplayer:exoplayer-ui:2.19.1) with JetifyTransform
Transforming exoplayer-ui-2.19.1.aar (com.google.android.exoplayer:exoplayer-ui:2.19.1) with ExtractAarTransform
Caching disabled for AarTransform: C:\Users\user\.gradle\caches\transforms-3\7988b5c431abeac835ef34d8554a267c\transformed\jetified-exoplayer-rtsp-2.19.1 because:
  Build cache is disabled
Transforming exoplayer-ui-2.19.1.aar (com.google.android.exoplayer:exoplayer-ui:2.19.1) with AarTransform
Skipping AarTransform: C:\Users\user\.gradle\caches\transforms-3\7988b5c431abeac835ef34d8554a267c\transformed\jetified-exoplayer-rtsp-2.19.1 as it is up-to-date.
Transforming recyclerview-1.3.0.aar (androidx.recyclerview:recyclerview:1.3.0) with JetifyTransform
Transforming recyclerview-1.3.0.aar (androidx.recyclerview:recyclerview:1.3.0) with ExtractAarTransform
Transforming recyclerview-1.3.0.aar (androidx.recyclerview:recyclerview:1.3.0) with AarTransform
Transforming recyclerview-1.3.0.aar (androidx.recyclerview:recyclerview:1.3.0) with JetifyTransform
Caching disabled for AarTransform: C:\Users\user\.gradle\caches\transforms-3\04830523360f0a9c22bc3d9783abdb1e\transformed\jetified-exoplayer-smoothstreaming-2.19.1 because:
  Build cache is disabled
Transforming recyclerview-1.3.0.aar (androidx.recyclerview:recyclerview:1.3.0) with ExtractAarTransform
Skipping AarTransform: C:\Users\user\.gradle\caches\transforms-3\04830523360f0a9c22bc3d9783abdb1e\transformed\jetified-exoplayer-smoothstreaming-2.19.1 as it is up-to-date.
Caching disabled for AarTransform: C:\Users\user\.gradle\caches\transforms-3\86e7631404a3447ccb8c53460349c742\transformed\jetified-exoplayer-hls-2.19.1 because:
  Build cache is disabled
Skipping AarTransform: C:\Users\user\.gradle\caches\transforms-3\86e7631404a3447ccb8c53460349c742\transformed\jetified-exoplayer-hls-2.19.1 as it is up-to-date.
Transforming recyclerview-1.3.0.aar (androidx.recyclerview:recyclerview:1.3.0) with AarTransform
Transforming media-1.6.0.aar (androidx.media:media:1.6.0) with JetifyTransform
Caching disabled for AarTransform: C:\Users\user\.gradle\caches\transforms-3\6a39333c6856d532570520fbc2bd1c09\transformed\jetified-exoplayer-core-2.19.1 because:
  Build cache is disabled
Transforming media-1.6.0.aar (androidx.media:media:1.6.0) with ExtractAarTransform
Transforming media-1.6.0.aar (androidx.media:media:1.6.0) with AarTransform
Skipping AarTransform: C:\Users\user\.gradle\caches\transforms-3\6a39333c6856d532570520fbc2bd1c09\transformed\jetified-exoplayer-core-2.19.1 as it is up-to-date.
Transforming browser-1.4.0.aar (androidx.browser:browser:1.4.0) with JetifyTransform
Transforming browser-1.4.0.aar (androidx.browser:browser:1.4.0) with ExtractAarTransform
Transforming browser-1.4.0.aar (androidx.browser:browser:1.4.0) with AarTransform
Transforming viewpager-1.0.0.aar (androidx.viewpager:viewpager:1.0.0) with JetifyTransform
Transforming viewpager-1.0.0.aar (androidx.viewpager:viewpager:1.0.0) with ExtractAarTransform
Transforming viewpager-1.0.0.aar (androidx.viewpager:viewpager:1.0.0) with AarTransform
Transforming customview-1.1.0.aar (androidx.customview:customview:1.1.0) with JetifyTransform
Transforming customview-1.1.0.aar (androidx.customview:customview:1.1.0) with ExtractAarTransform
Transforming customview-1.1.0.aar (androidx.customview:customview:1.1.0) with AarTransform
Caching disabled for AarTransform: C:\Users\user\.gradle\caches\transforms-3\0f7bbe974198c0e6f5daf78e810cfb8e\transformed\recyclerview-1.3.0 because:
  Build cache is disabled
Caching disabled for AarTransform: C:\Users\user\.gradle\caches\transforms-3\665f08a046034a03c45c1b60402783c2\transformed\jetified-exoplayer-ui-2.19.1 because:
  Build cache is disabled
Transforming customview-1.1.0.aar (androidx.customview:customview:1.1.0) with JetifyTransform
Skipping AarTransform: C:\Users\user\.gradle\caches\transforms-3\665f08a046034a03c45c1b60402783c2\transformed\jetified-exoplayer-ui-2.19.1 as it is up-to-date.
Skipping AarTransform: C:\Users\user\.gradle\caches\transforms-3\0f7bbe974198c0e6f5daf78e810cfb8e\transformed\recyclerview-1.3.0 as it is up-to-date.
Transforming customview-1.1.0.aar (androidx.customview:customview:1.1.0) with ExtractAarTransform
Transforming customview-1.1.0.aar (androidx.customview:customview:1.1.0) with AarTransform
Caching disabled for AarTransform: C:\Users\user\.gradle\caches\transforms-3\e64e0a3a08ca0f06a8ffeb68df2fb01e\transformed\media-1.6.0 because:
  Build cache is disabled
Transforming customview-1.1.0.aar (androidx.customview:customview:1.1.0) with JetifyTransform
Caching disabled for AarTransform: C:\Users\user\.gradle\caches\transforms-3\756e4599b46450e09c632b813556cee0\transformed\browser-1.4.0 because:
  Build cache is disabled
Transforming customview-1.1.0.aar (androidx.customview:customview:1.1.0) with ExtractAarTransform
Skipping AarTransform: C:\Users\user\.gradle\caches\transforms-3\e64e0a3a08ca0f06a8ffeb68df2fb01e\transformed\media-1.6.0 as it is up-to-date.
Skipping AarTransform: C:\Users\user\.gradle\caches\transforms-3\756e4599b46450e09c632b813556cee0\transformed\browser-1.4.0 as it is up-to-date.
Caching disabled for AarTransform: C:\Users\user\.gradle\caches\transforms-3\57848645458d68f540459ae62d741e32\transformed\viewpager-1.0.0 because:
  Build cache is disabled
Transforming customview-1.1.0.aar (androidx.customview:customview:1.1.0) with AarTransform
Skipping AarTransform: C:\Users\user\.gradle\caches\transforms-3\57848645458d68f540459ae62d741e32\transformed\viewpager-1.0.0 as it is up-to-date.
Caching disabled for AarTransform: C:\Users\user\.gradle\caches\transforms-3\a2f4c85d9ee4c6259367ff55f3b32260\transformed\customview-1.1.0 because:
  Build cache is disabled
Transforming customview-1.1.0.aar (androidx.customview:customview:1.1.0) with JetifyTransform
Skipping AarTransform: C:\Users\user\.gradle\caches\transforms-3\a2f4c85d9ee4c6259367ff55f3b32260\transformed\customview-1.1.0 as it is up-to-date.
Transforming customview-1.1.0.aar (androidx.customview:customview:1.1.0) with ExtractAarTransform
Transforming customview-1.1.0.aar (androidx.customview:customview:1.1.0) with AarTransform
Transforming autofill-1.0.0.aar (androidx.autofill:autofill:1.0.0) with JetifyTransform
Transforming autofill-1.0.0.aar (androidx.autofill:autofill:1.0.0) with ExtractAarTransform
Transforming autofill-1.0.0.aar (androidx.autofill:autofill:1.0.0) with AarTransform
Transforming core-1.12.0.aar (androidx.core:core:1.12.0) with JetifyTransform
Transforming core-1.12.0.aar (androidx.core:core:1.12.0) with ExtractAarTransform
Transforming core-1.12.0.aar (androidx.core:core:1.12.0) with AarTransform
Transforming core-1.12.0.aar (androidx.core:core:1.12.0) with JetifyTransform
Transforming core-1.12.0.aar (androidx.core:core:1.12.0) with ExtractAarTransform
Transforming core-1.12.0.aar (androidx.core:core:1.12.0) with AarTransform
Transforming core-1.12.0.aar (androidx.core:core:1.12.0) with JetifyTransform
Transforming core-1.12.0.aar (androidx.core:core:1.12.0) with ExtractAarTransform
Transforming core-1.12.0.aar (androidx.core:core:1.12.0) with AarTransform
Transforming core-1.12.0.aar (androidx.core:core:1.12.0) with JetifyTransform
Transforming core-1.12.0.aar (androidx.core:core:1.12.0) with ExtractAarTransform
Transforming core-1.12.0.aar (androidx.core:core:1.12.0) with AarTransform
Transforming core-1.12.0.aar (androidx.core:core:1.12.0) with JetifyTransform
Transforming core-1.12.0.aar (androidx.core:core:1.12.0) with ExtractAarTransform
Transforming core-1.12.0.aar (androidx.core:core:1.12.0) with AarTransform
Transforming core-1.12.0.aar (androidx.core:core:1.12.0) with JetifyTransform
Caching disabled for AarTransform: C:\Users\user\.gradle\caches\transforms-3\937d7a61b7111c64ca0de305910a85b2\transformed\jetified-autofill-1.0.0 because:
  Build cache is disabled
Transforming core-1.12.0.aar (androidx.core:core:1.12.0) with ExtractAarTransform
Caching disabled for AarTransform: C:\Users\user\.gradle\caches\transforms-3\5c5739f4de2f71729af9e79251007f6b\transformed\core-1.12.0 because:
  Build cache is disabled
Transforming core-1.12.0.aar (androidx.core:core:1.12.0) with AarTransform
Skipping AarTransform: C:\Users\user\.gradle\caches\transforms-3\937d7a61b7111c64ca0de305910a85b2\transformed\jetified-autofill-1.0.0 as it is up-to-date.
Transforming core-1.12.0.aar (androidx.core:core:1.12.0) with JetifyTransform
Skipping AarTransform: C:\Users\user\.gradle\caches\transforms-3\5c5739f4de2f71729af9e79251007f6b\transformed\core-1.12.0 as it is up-to-date.
Transforming core-1.12.0.aar (androidx.core:core:1.12.0) with ExtractAarTransform
Transforming core-1.12.0.aar (androidx.core:core:1.12.0) with AarTransform
Transforming core-1.12.0.aar (androidx.core:core:1.12.0) with JetifyTransform
Transforming core-1.12.0.aar (androidx.core:core:1.12.0) with ExtractAarTransform
Transforming core-1.12.0.aar (androidx.core:core:1.12.0) with AarTransform
Transforming ads-adservices-java-1.0.0-beta05.aar (androidx.privacysandbox.ads:ads-adservices-java:1.0.0-beta05) with JetifyTransform
Transforming ads-adservices-java-1.0.0-beta05.aar (androidx.privacysandbox.ads:ads-adservices-java:1.0.0-beta05) with ExtractAarTransform
Transforming ads-adservices-java-1.0.0-beta05.aar (androidx.privacysandbox.ads:ads-adservices-java:1.0.0-beta05) with AarTransform
Transforming ads-adservices-1.0.0-beta05.aar (androidx.privacysandbox.ads:ads-adservices:1.0.0-beta05) with JetifyTransform
Transforming ads-adservices-1.0.0-beta05.aar (androidx.privacysandbox.ads:ads-adservices:1.0.0-beta05) with ExtractAarTransform
Transforming ads-adservices-1.0.0-beta05.aar (androidx.privacysandbox.ads:ads-adservices:1.0.0-beta05) with AarTransform
Transforming ads-adservices-1.0.0-beta05.aar (androidx.privacysandbox.ads:ads-adservices:1.0.0-beta05) with JetifyTransform
Transforming ads-adservices-1.0.0-beta05.aar (androidx.privacysandbox.ads:ads-adservices:1.0.0-beta05) with ExtractAarTransform
Transforming ads-adservices-1.0.0-beta05.aar (androidx.privacysandbox.ads:ads-adservices:1.0.0-beta05) with AarTransform
Transforming customview-poolingcontainer-1.0.0.aar (androidx.customview:customview-poolingcontainer:1.0.0) with JetifyTransform
Transforming customview-poolingcontainer-1.0.0.aar (androidx.customview:customview-poolingcontainer:1.0.0) with ExtractAarTransform
Transforming customview-poolingcontainer-1.0.0.aar (androidx.customview:customview-poolingcontainer:1.0.0) with AarTransform
Transforming core-ktx-1.12.0.aar (androidx.core:core-ktx:1.12.0) with JetifyTransform
Transforming core-ktx-1.12.0.aar (androidx.core:core-ktx:1.12.0) with ExtractAarTransform
Transforming core-ktx-1.12.0.aar (androidx.core:core-ktx:1.12.0) with AarTransform
Transforming flexbox-3.0.0.aar (com.google.android.flexbox:flexbox:3.0.0) with JetifyTransform
Transforming flexbox-3.0.0.aar (com.google.android.flexbox:flexbox:3.0.0) with ExtractAarTransform
Caching disabled for AarTransform: C:\Users\user\.gradle\caches\transforms-3\88a788eb4554cb70c926faac5961e219\transformed\jetified-ads-adservices-1.0.0-beta05 because:
  Build cache is disabled
Caching disabled for AarTransform: C:\Users\user\.gradle\caches\transforms-3\c4b75ff235f5060d29e5ddca564ceddc\transformed\jetified-ads-adservices-java-1.0.0-beta05 because:
  Build cache is disabled
Transforming flexbox-3.0.0.aar (com.google.android.flexbox:flexbox:3.0.0) with AarTransform
Skipping AarTransform: C:\Users\user\.gradle\caches\transforms-3\88a788eb4554cb70c926faac5961e219\transformed\jetified-ads-adservices-1.0.0-beta05 as it is up-to-date.
Skipping AarTransform: C:\Users\user\.gradle\caches\transforms-3\c4b75ff235f5060d29e5ddca564ceddc\transformed\jetified-ads-adservices-java-1.0.0-beta05 as it is up-to-date.
Transforming core-splashscreen-1.0.1.aar (androidx.core:core-splashscreen:1.0.1) with JetifyTransform
Caching disabled for AarTransform: C:\Users\user\.gradle\caches\transforms-3\bc26dfac284b88af3c813008f6ef1c3e\transformed\jetified-customview-poolingcontainer-1.0.0 because:
  Build cache is disabled
Transforming core-splashscreen-1.0.1.aar (androidx.core:core-splashscreen:1.0.1) with ExtractAarTransform
Skipping AarTransform: C:\Users\user\.gradle\caches\transforms-3\bc26dfac284b88af3c813008f6ef1c3e\transformed\jetified-customview-poolingcontainer-1.0.0 as it is up-to-date.
Transforming core-splashscreen-1.0.1.aar (androidx.core:core-splashscreen:1.0.1) with AarTransform
Caching disabled for AarTransform: C:\Users\user\.gradle\caches\transforms-3\9ab85f199ce6032d85aa0cc0c0e855bb\transformed\jetified-core-ktx-1.12.0 because:
  Build cache is disabled
Transforming sqlite-framework-2.4.0.aar (androidx.sqlite:sqlite-framework:2.4.0) with JetifyTransform
Skipping AarTransform: C:\Users\user\.gradle\caches\transforms-3\9ab85f199ce6032d85aa0cc0c0e855bb\transformed\jetified-core-ktx-1.12.0 as it is up-to-date.
Transforming sqlite-framework-2.4.0.aar (androidx.sqlite:sqlite-framework:2.4.0) with ExtractAarTransform
Transforming sqlite-framework-2.4.0.aar (androidx.sqlite:sqlite-framework:2.4.0) with AarTransform
Transforming sqlite-2.4.0.aar (androidx.sqlite:sqlite:2.4.0) with JetifyTransform
Transforming sqlite-2.4.0.aar (androidx.sqlite:sqlite:2.4.0) with ExtractAarTransform
Transforming sqlite-2.4.0.aar (androidx.sqlite:sqlite:2.4.0) with AarTransform
Transforming napier-release.aar (io.github.aakira:napier-android:1.4.1) with JetifyTransform
Caching disabled for AarTransform: C:\Users\user\.gradle\caches\transforms-3\b524aad8313712e1a2099d34ba0009dd\transformed\jetified-flexbox-3.0.0 because:
  Build cache is disabled
Skipping AarTransform: C:\Users\user\.gradle\caches\transforms-3\b524aad8313712e1a2099d34ba0009dd\transformed\jetified-flexbox-3.0.0 as it is up-to-date.
Transforming napier-release.aar (io.github.aakira:napier-android:1.4.1) with ExtractAarTransform
Transforming napier-release.aar (io.github.aakira:napier-android:1.4.1) with AarTransform
Transforming annotation-experimental-1.4.0.aar (androidx.annotation:annotation-experimental:1.4.0) with JetifyTransform
Caching disabled for AarTransform: C:\Users\user\.gradle\caches\transforms-3\8b9d9cccd9cd11d68aeff198447cb46d\transformed\jetified-core-splashscreen-1.0.1 because:
  Build cache is disabled
Transforming annotation-experimental-1.4.0.aar (androidx.annotation:annotation-experimental:1.4.0) with ExtractAarTransform
Transforming annotation-experimental-1.4.0.aar (androidx.annotation:annotation-experimental:1.4.0) with AarTransform
Skipping AarTransform: C:\Users\user\.gradle\caches\transforms-3\8b9d9cccd9cd11d68aeff198447cb46d\transformed\jetified-core-splashscreen-1.0.1 as it is up-to-date.
Transforming cursoradapter-1.0.0.aar (androidx.cursoradapter:cursoradapter:1.0.0) with JetifyTransform
Caching disabled for AarTransform: C:\Users\user\.gradle\caches\transforms-3\a03b3d04d2ceca7ea618a06e3d24afa0\transformed\sqlite-2.4.0 because:
  Build cache is disabled
Skipping AarTransform: C:\Users\user\.gradle\caches\transforms-3\a03b3d04d2ceca7ea618a06e3d24afa0\transformed\sqlite-2.4.0 as it is up-to-date.
Caching disabled for AarTransform: C:\Users\user\.gradle\caches\transforms-3\71618b46663af3ea0092ee8c6d5590fe\transformed\sqlite-framework-2.4.0 because:
  Build cache is disabled
Transforming cursoradapter-1.0.0.aar (androidx.cursoradapter:cursoradapter:1.0.0) with ExtractAarTransform
Caching disabled for AarTransform: C:\Users\user\.gradle\caches\transforms-3\3d44061c8964bbe6cad35f32dd98185c\transformed\jetified-napier-release because:
  Build cache is disabled
Transforming cursoradapter-1.0.0.aar (androidx.cursoradapter:cursoradapter:1.0.0) with AarTransform
Skipping AarTransform: C:\Users\user\.gradle\caches\transforms-3\71618b46663af3ea0092ee8c6d5590fe\transformed\sqlite-framework-2.4.0 as it is up-to-date.
Transforming cardview-1.0.0.aar (androidx.cardview:cardview:1.0.0) with JetifyTransform
Skipping AarTransform: C:\Users\user\.gradle\caches\transforms-3\3d44061c8964bbe6cad35f32dd98185c\transformed\jetified-napier-release as it is up-to-date.
Transforming cardview-1.0.0.aar (androidx.cardview:cardview:1.0.0) with ExtractAarTransform
Transforming cardview-1.0.0.aar (androidx.cardview:cardview:1.0.0) with AarTransform
Caching disabled for AarTransform: C:\Users\user\.gradle\caches\transforms-3\4ec695ed94a8284d6fd7bdbfc66270dc\transformed\jetified-annotation-experimental-1.4.0 because:
  Build cache is disabled
Transforming core-runtime-2.2.0.aar (androidx.arch.core:core-runtime:2.2.0) with JetifyTransform
Transforming core-runtime-2.2.0.aar (androidx.arch.core:core-runtime:2.2.0) with ExtractAarTransform
Skipping AarTransform: C:\Users\user\.gradle\caches\transforms-3\4ec695ed94a8284d6fd7bdbfc66270dc\transformed\jetified-annotation-experimental-1.4.0 as it is up-to-date.
Transforming core-runtime-2.2.0.aar (androidx.arch.core:core-runtime:2.2.0) with AarTransform
Transforming exoplayer-datasource-2.19.1.aar (com.google.android.exoplayer:exoplayer-datasource:2.19.1) with JetifyTransform
Transforming exoplayer-datasource-2.19.1.aar (com.google.android.exoplayer:exoplayer-datasource:2.19.1) with ExtractAarTransform
Transforming exoplayer-datasource-2.19.1.aar (com.google.android.exoplayer:exoplayer-datasource:2.19.1) with AarTransform
Transforming exoplayer-database-2.19.1.aar (com.google.android.exoplayer:exoplayer-database:2.19.1) with JetifyTransform
Caching disabled for AarTransform: C:\Users\user\.gradle\caches\transforms-3\43654c406d94ba418e69a2f38c0ce75a\transformed\cursoradapter-1.0.0 because:
  Build cache is disabled
Skipping AarTransform: C:\Users\user\.gradle\caches\transforms-3\43654c406d94ba418e69a2f38c0ce75a\transformed\cursoradapter-1.0.0 as it is up-to-date.
Transforming exoplayer-database-2.19.1.aar (com.google.android.exoplayer:exoplayer-database:2.19.1) with ExtractAarTransform
Transforming exoplayer-database-2.19.1.aar (com.google.android.exoplayer:exoplayer-database:2.19.1) with AarTransform
Caching disabled for AarTransform: C:\Users\user\.gradle\caches\transforms-3\22c98dd52680fc31e34a15f54a9f94d2\transformed\cardview-1.0.0 because:
  Build cache is disabled
Transforming exoplayer-extractor-2.19.1.aar (com.google.android.exoplayer:exoplayer-extractor:2.19.1) with JetifyTransform
Caching disabled for AarTransform: C:\Users\user\.gradle\caches\transforms-3\9736755219de9964c187b9748cea348a\transformed\core-runtime-2.2.0 because:
  Build cache is disabled
Skipping AarTransform: C:\Users\user\.gradle\caches\transforms-3\22c98dd52680fc31e34a15f54a9f94d2\transformed\cardview-1.0.0 as it is up-to-date.
Transforming exoplayer-extractor-2.19.1.aar (com.google.android.exoplayer:exoplayer-extractor:2.19.1) with ExtractAarTransform
Skipping AarTransform: C:\Users\user\.gradle\caches\transforms-3\9736755219de9964c187b9748cea348a\transformed\core-runtime-2.2.0 as it is up-to-date.
Transforming exoplayer-extractor-2.19.1.aar (com.google.android.exoplayer:exoplayer-extractor:2.19.1) with AarTransform
Transforming exoplayer-decoder-2.19.1.aar (com.google.android.exoplayer:exoplayer-decoder:2.19.1) with JetifyTransform
Transforming exoplayer-decoder-2.19.1.aar (com.google.android.exoplayer:exoplayer-decoder:2.19.1) with ExtractAarTransform
Transforming exoplayer-decoder-2.19.1.aar (com.google.android.exoplayer:exoplayer-decoder:2.19.1) with AarTransform
Transforming exoplayer-container-2.19.1.aar (com.google.android.exoplayer:exoplayer-container:2.19.1) with JetifyTransform
Caching disabled for AarTransform: C:\Users\user\.gradle\caches\transforms-3\7f41368f9514b52c773c9c6d9f2b90c2\transformed\jetified-exoplayer-database-2.19.1 because:
  Build cache is disabled
Caching disabled for AarTransform: C:\Users\user\.gradle\caches\transforms-3\378ae54a4a79477d991a76c42d10201e\transformed\jetified-exoplayer-datasource-2.19.1 because:
  Build cache is disabled
Transforming exoplayer-container-2.19.1.aar (com.google.android.exoplayer:exoplayer-container:2.19.1) with ExtractAarTransform
Transforming exoplayer-container-2.19.1.aar (com.google.android.exoplayer:exoplayer-container:2.19.1) with AarTransform
Skipping AarTransform: C:\Users\user\.gradle\caches\transforms-3\378ae54a4a79477d991a76c42d10201e\transformed\jetified-exoplayer-datasource-2.19.1 as it is up-to-date.
Skipping AarTransform: C:\Users\user\.gradle\caches\transforms-3\7f41368f9514b52c773c9c6d9f2b90c2\transformed\jetified-exoplayer-database-2.19.1 as it is up-to-date.
Transforming exoplayer-common-2.19.1.aar (com.google.android.exoplayer:exoplayer-common:2.19.1) with JetifyTransform
Caching disabled for AarTransform: C:\Users\user\.gradle\caches\transforms-3\2f746cdb46666a5ea31069a92ad1cee2\transformed\jetified-exoplayer-extractor-2.19.1 because:
  Build cache is disabled
Transforming exoplayer-common-2.19.1.aar (com.google.android.exoplayer:exoplayer-common:2.19.1) with ExtractAarTransform
Skipping AarTransform: C:\Users\user\.gradle\caches\transforms-3\2f746cdb46666a5ea31069a92ad1cee2\transformed\jetified-exoplayer-extractor-2.19.1 as it is up-to-date.
Transforming exoplayer-common-2.19.1.aar (com.google.android.exoplayer:exoplayer-common:2.19.1) with AarTransform
Transforming interpolator-1.0.0.aar (androidx.interpolator:interpolator:1.0.0) with JetifyTransform
Transforming interpolator-1.0.0.aar (androidx.interpolator:interpolator:1.0.0) with ExtractAarTransform
Transforming interpolator-1.0.0.aar (androidx.interpolator:interpolator:1.0.0) with AarTransform
Transforming interpolator-1.0.0.aar (androidx.interpolator:interpolator:1.0.0) with JetifyTransform
Transforming interpolator-1.0.0.aar (androidx.interpolator:interpolator:1.0.0) with ExtractAarTransform
Transforming interpolator-1.0.0.aar (androidx.interpolator:interpolator:1.0.0) with AarTransform
Transforming versionedparcelable-1.1.1.aar (androidx.versionedparcelable:versionedparcelable:1.1.1) with JetifyTransform
Caching disabled for AarTransform: C:\Users\user\.gradle\caches\transforms-3\c3fa91361cece7ab93c5fa0d01671725\transformed\jetified-exoplayer-container-2.19.1 because:
  Build cache is disabled
Transforming versionedparcelable-1.1.1.aar (androidx.versionedparcelable:versionedparcelable:1.1.1) with ExtractAarTransform
Transforming versionedparcelable-1.1.1.aar (androidx.versionedparcelable:versionedparcelable:1.1.1) with AarTransform
Caching disabled for AarTransform: C:\Users\user\.gradle\caches\transforms-3\0774aba38fbb7a71a2e380171e0b7778\transformed\jetified-exoplayer-decoder-2.19.1 because:
  Build cache is disabled
Skipping AarTransform: C:\Users\user\.gradle\caches\transforms-3\c3fa91361cece7ab93c5fa0d01671725\transformed\jetified-exoplayer-container-2.19.1 as it is up-to-date.
Caching disabled for AarTransform: C:\Users\user\.gradle\caches\transforms-3\715d44aa31120efd79cf05422b37b84e\transformed\jetified-exoplayer-common-2.19.1 because:
  Build cache is disabled
Transforming profileinstaller-1.3.1.aar (androidx.profileinstaller:profileinstaller:1.3.1) with JetifyTransform
Skipping AarTransform: C:\Users\user\.gradle\caches\transforms-3\0774aba38fbb7a71a2e380171e0b7778\transformed\jetified-exoplayer-decoder-2.19.1 as it is up-to-date.
Transforming profileinstaller-1.3.1.aar (androidx.profileinstaller:profileinstaller:1.3.1) with ExtractAarTransform
Skipping AarTransform: C:\Users\user\.gradle\caches\transforms-3\715d44aa31120efd79cf05422b37b84e\transformed\jetified-exoplayer-common-2.19.1 as it is up-to-date.
Transforming profileinstaller-1.3.1.aar (androidx.profileinstaller:profileinstaller:1.3.1) with AarTransform
Transforming startup-runtime-1.1.1.aar (androidx.startup:startup-runtime:1.1.1) with JetifyTransform
Transforming startup-runtime-1.1.1.aar (androidx.startup:startup-runtime:1.1.1) with ExtractAarTransform
Transforming startup-runtime-1.1.1.aar (androidx.startup:startup-runtime:1.1.1) with AarTransform
Transforming tracing-1.0.0.aar (androidx.tracing:tracing:1.0.0) with JetifyTransform
Caching disabled for AarTransform: C:\Users\user\.gradle\caches\transforms-3\8eba7c3e4113638c557764cfd1246d65\transformed\interpolator-1.0.0 because:
  Build cache is disabled
Transforming tracing-1.0.0.aar (androidx.tracing:tracing:1.0.0) with ExtractAarTransform
Transforming tracing-1.0.0.aar (androidx.tracing:tracing:1.0.0) with AarTransform
Skipping AarTransform: C:\Users\user\.gradle\caches\transforms-3\8eba7c3e4113638c557764cfd1246d65\transformed\interpolator-1.0.0 as it is up-to-date.
Transforming documentfile-1.0.0.aar (androidx.documentfile:documentfile:1.0.0) with JetifyTransform
Transforming documentfile-1.0.0.aar (androidx.documentfile:documentfile:1.0.0) with ExtractAarTransform
Transforming documentfile-1.0.0.aar (androidx.documentfile:documentfile:1.0.0) with AarTransform
Transforming localbroadcastmanager-1.0.0.aar (androidx.localbroadcastmanager:localbroadcastmanager:1.0.0) with JetifyTransform
Transforming localbroadcastmanager-1.0.0.aar (androidx.localbroadcastmanager:localbroadcastmanager:1.0.0) with ExtractAarTransform
Caching disabled for AarTransform: C:\Users\user\.gradle\caches\transforms-3\82d49ae48ad7cd68ccf29f123b5e48ad\transformed\versionedparcelable-1.1.1 because:
  Build cache is disabled
Transforming localbroadcastmanager-1.0.0.aar (androidx.localbroadcastmanager:localbroadcastmanager:1.0.0) with AarTransform
Skipping AarTransform: C:\Users\user\.gradle\caches\transforms-3\82d49ae48ad7cd68ccf29f123b5e48ad\transformed\versionedparcelable-1.1.1 as it is up-to-date.
Transforming print-1.0.0.aar (androidx.print:print:1.0.0) with JetifyTransform
Transforming print-1.0.0.aar (androidx.print:print:1.0.0) with ExtractAarTransform
Transforming print-1.0.0.aar (androidx.print:print:1.0.0) with AarTransform
Transforming exifinterface-1.3.6.aar (androidx.exifinterface:exifinterface:1.3.6) with JetifyTransform
Transforming exifinterface-1.3.6.aar (androidx.exifinterface:exifinterface:1.3.6) with ExtractAarTransform
Transforming exifinterface-1.3.6.aar (androidx.exifinterface:exifinterface:1.3.6) with AarTransform
Transforming volley-1.2.1.aar (com.android.volley:volley:1.2.1) with JetifyTransform
Caching disabled for AarTransform: C:\Users\user\.gradle\caches\transforms-3\fe52cfe629053f967703c8ba77285e8b\transformed\jetified-startup-runtime-1.1.1 because:
  Build cache is disabled
Transforming volley-1.2.1.aar (com.android.volley:volley:1.2.1) with ExtractAarTransform
Skipping AarTransform: C:\Users\user\.gradle\caches\transforms-3\fe52cfe629053f967703c8ba77285e8b\transformed\jetified-startup-runtime-1.1.1 as it is up-to-date.
Caching disabled for AarTransform: C:\Users\user\.gradle\caches\transforms-3\87361d05feba7a7d0f4af0c7c0d3e017\transformed\jetified-tracing-1.0.0 because:
  Build cache is disabled
Transforming volley-1.2.1.aar (com.android.volley:volley:1.2.1) with AarTransform
Caching disabled for AarTransform: C:\Users\user\.gradle\caches\transforms-3\c8dca9ca411b7b236189b876c168c300\transformed\jetified-profileinstaller-1.3.1 because:
  Build cache is disabled
Caching disabled for AarTransform: C:\Users\user\.gradle\caches\transforms-3\54b5456fddcec85940b2ee402266c816\transformed\documentfile-1.0.0 because:
  Build cache is disabled
Transforming Android-Image-Slider-1.4.0.aar (com.github.smarteist:Android-Image-Slider:1.4.0) with JetifyTransform
Skipping AarTransform: C:\Users\user\.gradle\caches\transforms-3\87361d05feba7a7d0f4af0c7c0d3e017\transformed\jetified-tracing-1.0.0 as it is up-to-date.
Transforming Android-Image-Slider-1.4.0.aar (com.github.smarteist:Android-Image-Slider:1.4.0) with ExtractAarTransform
Transforming Android-Image-Slider-1.4.0.aar (com.github.smarteist:Android-Image-Slider:1.4.0) with AarTransform
Skipping AarTransform: C:\Users\user\.gradle\caches\transforms-3\c8dca9ca411b7b236189b876c168c300\transformed\jetified-profileinstaller-1.3.1 as it is up-to-date.
Skipping AarTransform: C:\Users\user\.gradle\caches\transforms-3\54b5456fddcec85940b2ee402266c816\transformed\documentfile-1.0.0 as it is up-to-date.
Transforming circleimageview-3.1.0.aar (de.hdodenhof:circleimageview:3.1.0) with JetifyTransform
Caching disabled for AarTransform: C:\Users\user\.gradle\caches\transforms-3\2c86103f160590f7e7be532bf55d34f7\transformed\localbroadcastmanager-1.0.0 because:
  Build cache is disabled
Caching disabled for AarTransform: C:\Users\user\.gradle\caches\transforms-3\4122ce09f170e8a2afb176a358403d3a\transformed\print-1.0.0 because:
  Build cache is disabled
Transforming circleimageview-3.1.0.aar (de.hdodenhof:circleimageview:3.1.0) with ExtractAarTransform
Skipping AarTransform: C:\Users\user\.gradle\caches\transforms-3\4122ce09f170e8a2afb176a358403d3a\transformed\print-1.0.0 as it is up-to-date.
Skipping AarTransform: C:\Users\user\.gradle\caches\transforms-3\2c86103f160590f7e7be532bf55d34f7\transformed\localbroadcastmanager-1.0.0 as it is up-to-date.
Caching disabled for AarTransform: C:\Users\user\.gradle\caches\transforms-3\56896802246a3dbc3ea0a00275524921\transformed\exifinterface-1.3.6 because:
  Build cache is disabled
Transforming circleimageview-3.1.0.aar (de.hdodenhof:circleimageview:3.1.0) with AarTransform
Skipping AarTransform: C:\Users\user\.gradle\caches\transforms-3\56896802246a3dbc3ea0a00275524921\transformed\exifinterface-1.3.6 as it is up-to-date.
Transforming dagger-lint-aar-2.49.aar (com.google.dagger:dagger-lint-aar:2.49) with JetifyTransform
Transforming dagger-lint-aar-2.49.aar (com.google.dagger:dagger-lint-aar:2.49) with ExtractAarTransform
Transforming dagger-lint-aar-2.49.aar (com.google.dagger:dagger-lint-aar:2.49) with AarTransform
Caching disabled for AarTransform: C:\Users\user\.gradle\caches\transforms-3\77df13c6b2001957f35925c162d5e46d\transformed\jetified-Android-Image-Slider-1.4.0 because:
  Build cache is disabled
Skipping AarTransform: C:\Users\user\.gradle\caches\transforms-3\77df13c6b2001957f35925c162d5e46d\transformed\jetified-Android-Image-Slider-1.4.0 as it is up-to-date.
Caching disabled for AarTransform: C:\Users\user\.gradle\caches\transforms-3\e32c3b5e322944d64bfee37764a5fb00\transformed\jetified-volley-1.2.1 because:
  Build cache is disabled
Skipping AarTransform: C:\Users\user\.gradle\caches\transforms-3\e32c3b5e322944d64bfee37764a5fb00\transformed\jetified-volley-1.2.1 as it is up-to-date.
Caching disabled for AarTransform: C:\Users\user\.gradle\caches\transforms-3\3c8d6d9f40fe01c17d4d4666fd356dbc\transformed\jetified-circleimageview-3.1.0 because:
  Build cache is disabled
Caching disabled for AarTransform: C:\Users\user\.gradle\caches\transforms-3\17460feccaee72c1c7a59c8d3aa5599a\transformed\jetified-dagger-lint-aar-2.49 because:
  Build cache is disabled
Skipping AarTransform: C:\Users\user\.gradle\caches\transforms-3\3c8d6d9f40fe01c17d4d4666fd356dbc\transformed\jetified-circleimageview-3.1.0 as it is up-to-date.
Skipping AarTransform: C:\Users\user\.gradle\caches\transforms-3\17460feccaee72c1c7a59c8d3aa5599a\transformed\jetified-dagger-lint-aar-2.49 as it is up-to-date.
Caching disabled for task ':app:mapReleaseSourceSetPaths' because:
  Build cache is disabled
Skipping task ':app:mapReleaseSourceSetPaths' as it is up-to-date.
Resolve mutations for :app:generateReleaseResources (Thread[#85,Execution worker Thread 2,5,main]) started.
:app:generateReleaseResources (Thread[#85,Execution worker Thread 2,5,main]) started.

> Task :app:generateReleaseResources
Skipping task ':app:generateReleaseResources' as it has no actions.
Resolve mutations for :app:mergeReleaseResources (Thread[#85,Execution worker Thread 2,5,main]) started.
:app:mergeReleaseResources (Thread[#85,Execution worker Thread 2,5,main]) started.

> Task :app:mergeReleaseResources
Caching disabled for task ':app:mergeReleaseResources' because:
  Build cache is disabled
Task ':app:mergeReleaseResources' is not up-to-date because:
  Output property 'generatedPngsOutputDir' file C:\Users\user\Desktop\projects\Football Live Score (Topon)\Live Football\app\build\generated\res\pngs\release has been removed.
The input changes require a full rebuild for incremental task ':app:mergeReleaseResources'.
[MergeResources] Inputs are non-incremental full task action.
Compiling XML table C:\Users\user\Desktop\projects\Football Live Score (Topon)\Live Football\app\build\intermediates\incremental\release\mergeReleaseResources\merged.dir\values-hi\values-hi.xml to C:\Users\user\Desktop\projects\Football Live Score (Topon)\Live Football\app\build\intermediates\merged_res\release\values-hi_values-hi.arsc.flat
Compiling XML table C:\Users\user\Desktop\projects\Football Live Score (Topon)\Live Football\app\build\intermediates\incremental\release\mergeReleaseResources\merged.dir\values-watch-v21\values-watch-v21.xml to C:\Users\user\Desktop\projects\Football Live Score (Topon)\Live Football\app\build\intermediates\merged_res\release\values-watch-v21_values-watch-v21.arsc.flat
Compiling XML table C:\Users\user\Desktop\projects\Football Live Score (Topon)\Live Football\app\build\intermediates\incremental\release\mergeReleaseResources\merged.dir\values-pt\values-pt.xml to C:\Users\user\Desktop\projects\Football Live Score (Topon)\Live Football\app\build\intermediates\merged_res\release\values-pt_values-pt.arsc.flat
Compiling XML table C:\Users\user\Desktop\projects\Football Live Score (Topon)\Live Football\app\build\intermediates\incremental\release\mergeReleaseResources\merged.dir\values-watch-v20\values-watch-v20.xml to C:\Users\user\Desktop\projects\Football Live Score (Topon)\Live Football\app\build\intermediates\merged_res\release\values-watch-v20_values-watch-v20.arsc.flat
Compiling XML table C:\Users\user\Desktop\projects\Football Live Score (Topon)\Live Football\app\build\intermediates\incremental\release\mergeReleaseResources\merged.dir\values-hu\values-hu.xml to C:\Users\user\Desktop\projects\Football Live Score (Topon)\Live Football\app\build\intermediates\merged_res\release\values-hu_values-hu.arsc.flat
Compiling XML table C:\Users\user\Desktop\projects\Football Live Score (Topon)\Live Football\app\build\intermediates\incremental\release\mergeReleaseResources\merged.dir\values\values.xml to C:\Users\user\Desktop\projects\Football Live Score (Topon)\Live Football\app\build\intermediates\merged_res\release\values_values.arsc.flat
Compiling XML table C:\Users\user\Desktop\projects\Football Live Score (Topon)\Live Football\app\build\intermediates\incremental\release\mergeReleaseResources\merged.dir\values-hr\values-hr.xml to C:\Users\user\Desktop\projects\Football Live Score (Topon)\Live Football\app\build\intermediates\merged_res\release\values-hr_values-hr.arsc.flat
Compiling XML table C:\Users\user\Desktop\projects\Football Live Score (Topon)\Live Football\app\build\intermediates\incremental\release\mergeReleaseResources\merged.dir\values-hy\values-hy.xml to C:\Users\user\Desktop\projects\Football Live Score (Topon)\Live Football\app\build\intermediates\merged_res\release\values-hy_values-hy.arsc.flat
Transforming aapt2-8.2.2-10154469-windows.jar (com.android.tools.build:aapt2:8.2.2-10154469) with Aapt2Extractor
Compiling XML table C:\Users\user\Desktop\projects\Football Live Score (Topon)\Live Football\app\build\intermediates\incremental\release\mergeReleaseResources\merged.dir\values-v18\values-v18.xml to C:\Users\user\Desktop\projects\Football Live Score (Topon)\Live Football\app\build\intermediates\merged_res\release\values-v18_values-v18.arsc.flat
Caching disabled for Aapt2Extractor: C:\Users\user\.gradle\caches\modules-2\files-2.1\com.android.tools.build\aapt2\8.2.2-10154469\7283262bc706fd3405518feb1d35a614e142c33e\aapt2-8.2.2-10154469-windows.jar because:
  Build cache is disabled
Skipping Aapt2Extractor: C:\Users\user\.gradle\caches\modules-2\files-2.1\com.android.tools.build\aapt2\8.2.2-10154469\7283262bc706fd3405518feb1d35a614e142c33e\aapt2-8.2.2-10154469-windows.jar as it is up-to-date.
Compiling XML table C:\Users\user\Desktop\projects\Football Live Score (Topon)\Live Football\app\build\intermediates\incremental\release\mergeReleaseResources\merged.dir\values-v16\values-v16.xml to C:\Users\user\Desktop\projects\Football Live Score (Topon)\Live Football\app\build\intermediates\merged_res\release\values-v16_values-v16.arsc.flat
Compiling XML table C:\Users\user\Desktop\projects\Football Live Score (Topon)\Live Football\app\build\intermediates\incremental\release\mergeReleaseResources\merged.dir\values-h320dp-port-v13\values-h320dp-port-v13.xml to C:\Users\user\Desktop\projects\Football Live Score (Topon)\Live Football\app\build\intermediates\merged_res\release\values-h320dp-port-v13_values-h320dp-port-v13.arsc.flat

Resolve mutations for :app:packageReleaseResources (Thread[#84,Execution worker,5,main]) started.
:app:packageReleaseResources (Thread[#84,Execution worker,5,main]) started.

> Task :app:packageReleaseResources UP-TO-DATE
Caching disabled for task ':app:packageReleaseResources' because:
  Build cache is disabled
Skipping task ':app:packageReleaseResources' as it is up-to-date.
Resolve mutations for :app:parseReleaseLocalResources (Thread[#84,Execution worker,5,main]) started.
:app:parseReleaseLocalResources (Thread[#84,Execution worker,5,main]) started.

> Task :app:parseReleaseLocalResources UP-TO-DATE
Transforming android.jar with PlatformAttrTransform
Caching disabled for PlatformAttrTransform: C:\Users\user\AppData\Local\Android\Sdk\platforms\android-35\android.jar because:
  Build cache is disabled
Skipping PlatformAttrTransform: C:\Users\user\AppData\Local\Android\Sdk\platforms\android-35\android.jar as it is up-to-date.
Transforming android.jar with PlatformAttrTransform
Caching disabled for task ':app:parseReleaseLocalResources' because:
  Build cache is disabled
Skipping task ':app:parseReleaseLocalResources' as it is up-to-date.
Resolve mutations for :app:createReleaseCompatibleScreenManifests (Thread[#84,Execution worker,5,main]) started.
:app:createReleaseCompatibleScreenManifests (Thread[#84,Execution worker,5,main]) started.

> Task :app:createReleaseCompatibleScreenManifests UP-TO-DATE
Caching disabled for task ':app:createReleaseCompatibleScreenManifests' because:
  Build cache is disabled
Skipping task ':app:createReleaseCompatibleScreenManifests' as it is up-to-date.
Resolve mutations for :app:extractDeepLinksRelease (Thread[#84,Execution worker,5,main]) started.
:app:extractDeepLinksRelease (Thread[#84,Execution worker,5,main]) started.

> Task :app:extractDeepLinksRelease UP-TO-DATE
Caching disabled for task ':app:extractDeepLinksRelease' because:
  Build cache is disabled
Skipping task ':app:extractDeepLinksRelease' as it is up-to-date.
Resolve mutations for :app:processReleaseMainManifest (Thread[#84,Execution worker,5,main]) started.
:app:processReleaseMainManifest (Thread[#84,Execution worker,5,main]) started.

> Task :app:mergeReleaseResources
Compiling XML table C:\Users\user\Desktop\projects\Football Live Score (Topon)\Live Football\app\build\intermediates\incremental\release\mergeReleaseResources\merged.dir\values-b+sr+Latn\values-b+sr+Latn.xml to C:\Users\user\Desktop\projects\Football Live Score (Topon)\Live Football\app\build\intermediates\merged_res\release\values-b+sr+Latn_values-b+sr+Latn.arsc.flat
Compiling XML table C:\Users\user\Desktop\projects\Football Live Score (Topon)\Live Football\app\build\intermediates\incremental\release\mergeReleaseResources\merged.dir\values-iw\values-iw.xml to C:\Users\user\Desktop\projects\Football Live Score (Topon)\Live Football\app\build\intermediates\merged_res\release\values-iw_values-iw.arsc.flat
Compiling XML table C:\Users\user\Desktop\projects\Football Live Score (Topon)\Live Football\app\build\intermediates\incremental\release\mergeReleaseResources\merged.dir\values-am\values-am.xml to C:\Users\user\Desktop\projects\Football Live Score (Topon)\Live Football\app\build\intermediates\merged_res\release\values-am_values-am.arsc.flat
Compiling XML table C:\Users\user\Desktop\projects\Football Live Score (Topon)\Live Football\app\build\intermediates\incremental\release\mergeReleaseResources\merged.dir\values-w320dp-land-v13\values-w320dp-land-v13.xml to C:\Users\user\Desktop\projects\Football Live Score (Topon)\Live Football\app\build\intermediates\merged_res\release\values-w320dp-land-v13_values-w320dp-land-v13.arsc.flat
Compiling XML table C:\Users\user\Desktop\projects\Football Live Score (Topon)\Live Football\app\build\intermediates\incremental\release\mergeReleaseResources\merged.dir\values-af\values-af.xml to C:\Users\user\Desktop\projects\Football Live Score (Topon)\Live Football\app\build\intermediates\merged_res\release\values-af_values-af.arsc.flat
Compiling XML table C:\Users\user\Desktop\projects\Football Live Score (Topon)\Live Football\app\build\intermediates\incremental\release\mergeReleaseResources\merged.dir\values-ja\values-ja.xml to C:\Users\user\Desktop\projects\Football Live Score (Topon)\Live Football\app\build\intermediates\merged_res\release\values-ja_values-ja.arsc.flat
Compiling XML table C:\Users\user\Desktop\projects\Football Live Score (Topon)\Live Football\app\build\intermediates\incremental\release\mergeReleaseResources\merged.dir\values-zh-rHK\values-zh-rHK.xml to C:\Users\user\Desktop\projects\Football Live Score (Topon)\Live Football\app\build\intermediates\merged_res\release\values-zh-rHK_values-zh-rHK.arsc.flat
Compiling XML table C:\Users\user\Desktop\projects\Football Live Score (Topon)\Live Football\app\build\intermediates\incremental\release\mergeReleaseResources\merged.dir\values-it\values-it.xml to C:\Users\user\Desktop\projects\Football Live Score (Topon)\Live Football\app\build\intermediates\merged_res\release\values-it_values-it.arsc.flat
Compiling XML table C:\Users\user\Desktop\projects\Football Live Score (Topon)\Live Football\app\build\intermediates\incremental\release\mergeReleaseResources\merged.dir\values-in\values-in.xml to C:\Users\user\Desktop\projects\Football Live Score (Topon)\Live Football\app\build\intermediates\merged_res\release\values-in_values-in.arsc.flat
Compiling XML table C:\Users\user\Desktop\projects\Football Live Score (Topon)\Live Football\app\build\intermediates\incremental\release\mergeReleaseResources\merged.dir\values-w360dp-port-v13\values-w360dp-port-v13.xml to C:\Users\user\Desktop\projects\Football Live Score (Topon)\Live Football\app\build\intermediates\merged_res\release\values-w360dp-port-v13_values-w360dp-port-v13.arsc.flat
Compiling XML table C:\Users\user\Desktop\projects\Football Live Score (Topon)\Live Football\app\build\intermediates\incremental\release\mergeReleaseResources\merged.dir\values-ro\values-ro.xml to C:\Users\user\Desktop\projects\Football Live Score (Topon)\Live Football\app\build\intermediates\merged_res\release\values-ro_values-ro.arsc.flat
Compiling XML table C:\Users\user\Desktop\projects\Football Live Score (Topon)\Live Football\app\build\intermediates\incremental\release\mergeReleaseResources\merged.dir\values-pt-rPT\values-pt-rPT.xml to C:\Users\user\Desktop\projects\Football Live Score (Topon)\Live Football\app\build\intermediates\merged_res\release\values-pt-rPT_values-pt-rPT.arsc.flat
Compiling XML table C:\Users\user\Desktop\projects\Football Live Score (Topon)\Live Football\app\build\intermediates\incremental\release\mergeReleaseResources\merged.dir\values-is\values-is.xml to C:\Users\user\Desktop\projects\Football Live Score (Topon)\Live Football\app\build\intermediates\merged_res\release\values-is_values-is.arsc.flat
Compiling XML table C:\Users\user\Desktop\projects\Football Live Score (Topon)\Live Football\app\build\intermediates\incremental\release\mergeReleaseResources\merged.dir\values-v21\values-v21.xml to C:\Users\user\Desktop\projects\Football Live Score (Topon)\Live Football\app\build\intermediates\merged_res\release\values-v21_values-v21.arsc.flat
Compiling XML table C:\Users\user\Desktop\projects\Football Live Score (Topon)\Live Football\app\build\intermediates\incremental\release\mergeReleaseResources\merged.dir\values-v22\values-v22.xml to C:\Users\user\Desktop\projects\Football Live Score (Topon)\Live Football\app\build\intermediates\merged_res\release\values-v22_values-v22.arsc.flat
Compiling XML table C:\Users\user\Desktop\projects\Football Live Score (Topon)\Live Football\app\build\intermediates\incremental\release\mergeReleaseResources\merged.dir\values-v28\values-v28.xml to C:\Users\user\Desktop\projects\Football Live Score (Topon)\Live Football\app\build\intermediates\merged_res\release\values-v28_values-v28.arsc.flat
Compiling XML table C:\Users\user\Desktop\projects\Football Live Score (Topon)\Live Football\app\build\intermediates\incremental\release\mergeReleaseResources\merged.dir\values-sk\values-sk.xml to C:\Users\user\Desktop\projects\Football Live Score (Topon)\Live Football\app\build\intermediates\merged_res\release\values-sk_values-sk.arsc.flat
Compiling XML table C:\Users\user\Desktop\projects\Football Live Score (Topon)\Live Football\app\build\intermediates\incremental\release\mergeReleaseResources\merged.dir\values-bn\values-bn.xml to C:\Users\user\Desktop\projects\Football Live Score (Topon)\Live Football\app\build\intermediates\merged_res\release\values-bn_values-bn.arsc.flat
Compiling XML table C:\Users\user\Desktop\projects\Football Live Score (Topon)\Live Football\app\build\intermediates\incremental\release\mergeReleaseResources\merged.dir\values-v34\values-v34.xml to C:\Users\user\Desktop\projects\Football Live Score (Topon)\Live Football\app\build\intermediates\merged_res\release\values-v34_values-v34.arsc.flat
Compiling XML table C:\Users\user\Desktop\projects\Football Live Score (Topon)\Live Football\app\build\intermediates\incremental\release\mergeReleaseResources\merged.dir\values-v25\values-v25.xml to C:\Users\user\Desktop\projects\Football Live Score (Topon)\Live Football\app\build\intermediates\merged_res\release\values-v25_values-v25.arsc.flat
Compiling XML table C:\Users\user\Desktop\projects\Football Live Score (Topon)\Live Football\app\build\intermediates\incremental\release\mergeReleaseResources\merged.dir\values-ky\values-ky.xml to C:\Users\user\Desktop\projects\Football Live Score (Topon)\Live Football\app\build\intermediates\merged_res\release\values-ky_values-ky.arsc.flat
Compiling XML table C:\Users\user\Desktop\projects\Football Live Score (Topon)\Live Football\app\build\intermediates\incremental\release\mergeReleaseResources\merged.dir\values-az\values-az.xml to C:\Users\user\Desktop\projects\Football Live Score (Topon)\Live Football\app\build\intermediates\merged_res\release\values-az_values-az.arsc.flat
Compiling XML table C:\Users\user\Desktop\projects\Football Live Score (Topon)\Live Football\app\build\intermediates\incremental\release\mergeReleaseResources\merged.dir\values-ta\values-ta.xml to C:\Users\user\Desktop\projects\Football Live Score (Topon)\Live Football\app\build\intermediates\merged_res\release\values-ta_values-ta.arsc.flat
Compiling XML table C:\Users\user\Desktop\projects\Football Live Score (Topon)\Live Football\app\build\intermediates\incremental\release\mergeReleaseResources\merged.dir\values-sw600dp-v13\values-sw600dp-v13.xml to C:\Users\user\Desktop\projects\Football Live Score (Topon)\Live Football\app\build\intermediates\merged_res\release\values-sw600dp-v13_values-sw600dp-v13.arsc.flat
Compiling XML table C:\Users\user\Desktop\projects\Football Live Score (Topon)\Live Football\app\build\intermediates\incremental\release\mergeReleaseResources\merged.dir\values-v23\values-v23.xml to C:\Users\user\Desktop\projects\Football Live Score (Topon)\Live Football\app\build\intermediates\merged_res\release\values-v23_values-v23.arsc.flat
Compiling XML table C:\Users\user\Desktop\projects\Football Live Score (Topon)\Live Football\app\build\intermediates\incremental\release\mergeReleaseResources\merged.dir\values-v24\values-v24.xml to C:\Users\user\Desktop\projects\Football Live Score (Topon)\Live Football\app\build\intermediates\merged_res\release\values-v24_values-v24.arsc.flat
Compiling XML table C:\Users\user\Desktop\projects\Football Live Score (Topon)\Live Football\app\build\intermediates\incremental\release\mergeReleaseResources\merged.dir\values-kk\values-kk.xml to C:\Users\user\Desktop\projects\Football Live Score (Topon)\Live Football\app\build\intermediates\merged_res\release\values-kk_values-kk.arsc.flat
Compiling XML table C:\Users\user\Desktop\projects\Football Live Score (Topon)\Live Football\app\build\intermediates\incremental\release\mergeReleaseResources\merged.dir\values-h360dp-land-v13\values-h360dp-land-v13.xml to C:\Users\user\Desktop\projects\Football Live Score (Topon)\Live Football\app\build\intermediates\merged_res\release\values-h360dp-land-v13_values-h360dp-land-v13.arsc.flat
Compiling XML table C:\Users\user\Desktop\projects\Football Live Score (Topon)\Live Football\app\build\intermediates\incremental\release\mergeReleaseResources\merged.dir\values-es-rUS\values-es-rUS.xml to C:\Users\user\Desktop\projects\Football Live Score (Topon)\Live Football\app\build\intermediates\merged_res\release\values-es-rUS_values-es-rUS.arsc.flat
Compiling XML table C:\Users\user\Desktop\projects\Football Live Score (Topon)\Live Football\app\build\intermediates\incremental\release\mergeReleaseResources\merged.dir\values-ru\values-ru.xml to C:\Users\user\Desktop\projects\Football Live Score (Topon)\Live Football\app\build\intermediates\merged_res\release\values-ru_values-ru.arsc.flat
Compiling XML table C:\Users\user\Desktop\projects\Football Live Score (Topon)\Live Football\app\build\intermediates\incremental\release\mergeReleaseResources\merged.dir\values-bg\values-bg.xml to C:\Users\user\Desktop\projects\Football Live Score (Topon)\Live Football\app\build\intermediates\merged_res\release\values-bg_values-bg.arsc.flat
Compiling XML table C:\Users\user\Desktop\projects\Football Live Score (Topon)\Live Football\app\build\intermediates\incremental\release\mergeReleaseResources\merged.dir\values-v29\values-v29.xml to C:\Users\user\Desktop\projects\Football Live Score (Topon)\Live Football\app\build\intermediates\merged_res\release\values-v29_values-v29.arsc.flat
Compiling XML table C:\Users\user\Desktop\projects\Football Live Score (Topon)\Live Football\app\build\intermediates\incremental\release\mergeReleaseResources\merged.dir\values-lo\values-lo.xml to C:\Users\user\Desktop\projects\Football Live Score (Topon)\Live Football\app\build\intermediates\merged_res\release\values-lo_values-lo.arsc.flat
Compiling XML table C:\Users\user\Desktop\projects\Football Live Score (Topon)\Live Football\app\build\intermediates\incremental\release\mergeReleaseResources\merged.dir\values-de\values-de.xml to C:\Users\user\Desktop\projects\Football Live Score (Topon)\Live Football\app\build\intermediates\merged_res\release\values-de_values-de.arsc.flat
Compiling XML table C:\Users\user\Desktop\projects\Football Live Score (Topon)\Live Football\app\build\intermediates\incremental\release\mergeReleaseResources\merged.dir\values-ka\values-ka.xml to C:\Users\user\Desktop\projects\Football Live Score (Topon)\Live Football\app\build\intermediates\merged_res\release\values-ka_values-ka.arsc.flat
Compiling XML table C:\Users\user\Desktop\projects\Football Live Score (Topon)\Live Football\app\build\intermediates\incremental\release\mergeReleaseResources\merged.dir\values-sl\values-sl.xml to C:\Users\user\Desktop\projects\Football Live Score (Topon)\Live Football\app\build\intermediates\merged_res\release\values-sl_values-sl.arsc.flat
Compiling XML table C:\Users\user\Desktop\projects\Football Live Score (Topon)\Live Football\app\build\intermediates\incremental\release\mergeReleaseResources\merged.dir\values-th\values-th.xml to C:\Users\user\Desktop\projects\Football Live Score (Topon)\Live Football\app\build\intermediates\merged_res\release\values-th_values-th.arsc.flat
Compiling XML table C:\Users\user\Desktop\projects\Football Live Score (Topon)\Live Football\app\build\intermediates\incremental\release\mergeReleaseResources\merged.dir\values-fr-rCA\values-fr-rCA.xml to C:\Users\user\Desktop\projects\Football Live Score (Topon)\Live Football\app\build\intermediates\merged_res\release\values-fr-rCA_values-fr-rCA.arsc.flat
Compiling XML table C:\Users\user\Desktop\projects\Football Live Score (Topon)\Live Football\app\build\intermediates\incremental\release\mergeReleaseResources\merged.dir\values-be\values-be.xml to C:\Users\user\Desktop\projects\Football Live Score (Topon)\Live Football\app\build\intermediates\merged_res\release\values-be_values-be.arsc.flat
Compiling XML table C:\Users\user\Desktop\projects\Football Live Score (Topon)\Live Football\app\build\intermediates\incremental\release\mergeReleaseResources\merged.dir\values-uz\values-uz.xml to C:\Users\user\Desktop\projects\Football Live Score (Topon)\Live Football\app\build\intermediates\merged_res\release\values-uz_values-uz.arsc.flat
Compiling XML table C:\Users\user\Desktop\projects\Football Live Score (Topon)\Live Football\app\build\intermediates\incremental\release\mergeReleaseResources\merged.dir\values-ldrtl-v17\values-ldrtl-v17.xml to C:\Users\user\Desktop\projects\Football Live Score (Topon)\Live Football\app\build\intermediates\merged_res\release\values-ldrtl-v17_values-ldrtl-v17.arsc.flat
Compiling XML table C:\Users\user\Desktop\projects\Football Live Score (Topon)\Live Football\app\build\intermediates\incremental\release\mergeReleaseResources\merged.dir\values-my\values-my.xml to C:\Users\user\Desktop\projects\Football Live Score (Topon)\Live Football\app\build\intermediates\merged_res\release\values-my_values-my.arsc.flat
Compiling XML table C:\Users\user\Desktop\projects\Football Live Score (Topon)\Live Football\app\build\intermediates\incremental\release\mergeReleaseResources\merged.dir\values-v26\values-v26.xml to C:\Users\user\Desktop\projects\Football Live Score (Topon)\Live Football\app\build\intermediates\merged_res\release\values-v26_values-v26.arsc.flat
Compiling XML table C:\Users\user\Desktop\projects\Football Live Score (Topon)\Live Football\app\build\intermediates\incremental\release\mergeReleaseResources\merged.dir\values-port\values-port.xml to C:\Users\user\Desktop\projects\Football Live Score (Topon)\Live Football\app\build\intermediates\merged_res\release\values-port_values-port.arsc.flat
Compiling XML table C:\Users\user\Desktop\projects\Football Live Score (Topon)\Live Football\app\build\intermediates\incremental\release\mergeReleaseResources\merged.dir\values-nb\values-nb.xml to C:\Users\user\Desktop\projects\Football Live Score (Topon)\Live Football\app\build\intermediates\merged_res\release\values-nb_values-nb.arsc.flat
Compiling XML table C:\Users\user\Desktop\projects\Football Live Score (Topon)\Live Football\app\build\intermediates\incremental\release\mergeReleaseResources\merged.dir\values-v31\values-v31.xml to C:\Users\user\Desktop\projects\Football Live Score (Topon)\Live Football\app\build\intermediates\merged_res\release\values-v31_values-v31.arsc.flat
Compiling XML table C:\Users\user\Desktop\projects\Football Live Score (Topon)\Live Football\app\build\intermediates\incremental\release\mergeReleaseResources\merged.dir\values-en-rGB\values-en-rGB.xml to C:\Users\user\Desktop\projects\Football Live Score (Topon)\Live Football\app\build\intermediates\merged_res\release\values-en-rGB_values-en-rGB.arsc.flat
Compiling XML table C:\Users\user\Desktop\projects\Football Live Score (Topon)\Live Football\app\build\intermediates\incremental\release\mergeReleaseResources\merged.dir\values-ca\values-ca.xml to C:\Users\user\Desktop\projects\Football Live Score (Topon)\Live Football\app\build\intermediates\merged_res\release\values-ca_values-ca.arsc.flat
Compiling XML table C:\Users\user\Desktop\projects\Football Live Score (Topon)\Live Football\app\build\intermediates\incremental\release\mergeReleaseResources\merged.dir\values-pt-rBR\values-pt-rBR.xml to C:\Users\user\Desktop\projects\Football Live Score (Topon)\Live Football\app\build\intermediates\merged_res\release\values-pt-rBR_values-pt-rBR.arsc.flat
Compiling XML table C:\Users\user\Desktop\projects\Football Live Score (Topon)\Live Football\app\build\intermediates\incremental\release\mergeReleaseResources\merged.dir\values-sq\values-sq.xml to C:\Users\user\Desktop\projects\Football Live Score (Topon)\Live Football\app\build\intermediates\merged_res\release\values-sq_values-sq.arsc.flat
Compiling XML table C:\Users\user\Desktop\projects\Football Live Score (Topon)\Live Football\app\build\intermediates\incremental\release\mergeReleaseResources\merged.dir\values-h480dp-land-v13\values-h480dp-land-v13.xml to C:\Users\user\Desktop\projects\Football Live Score (Topon)\Live Football\app\build\intermediates\merged_res\release\values-h480dp-land-v13_values-h480dp-land-v13.arsc.flat
Compiling XML table C:\Users\user\Desktop\projects\Football Live Score (Topon)\Live Football\app\build\intermediates\incremental\release\mergeReleaseResources\merged.dir\values-nl\values-nl.xml to C:\Users\user\Desktop\projects\Football Live Score (Topon)\Live Football\app\build\intermediates\merged_res\release\values-nl_values-nl.arsc.flat
Compiling XML table C:\Users\user\Desktop\projects\Football Live Score (Topon)\Live Football\app\build\intermediates\incremental\release\mergeReleaseResources\merged.dir\values-hdpi-v4\values-hdpi-v4.xml to C:\Users\user\Desktop\projects\Football Live Score (Topon)\Live Football\app\build\intermediates\merged_res\release\values-hdpi-v4_values-hdpi-v4.arsc.flat
Compiling xml file C:\Users\user\Desktop\projects\Football Live Score (Topon)\Live Football\app\src\main\res\drawable\ic_keyboard_black_24dp.xml to C:\Users\user\Desktop\projects\Football Live Score (Topon)\Live Football\app\build\intermediates\merged_res\release\drawable_ic_keyboard_black_24dp.xml.flat
Compiling file C:\Users\user\Desktop\projects\Football Live Score (Topon)\Live Football\app\src\main\res\raw\no_internet.json to C:\Users\user\Desktop\projects\Football Live Score (Topon)\Live Football\app\build\intermediates\merged_res\release\raw_no_internet.json.flat
Compiling XML table C:\Users\user\Desktop\projects\Football Live Score (Topon)\Live Football\app\build\intermediates\incremental\release\mergeReleaseResources\merged.dir\values-si\values-si.xml to C:\Users\user\Desktop\projects\Football Live Score (Topon)\Live Football\app\build\intermediates\merged_res\release\values-si_values-si.arsc.flat
Compiling XML table C:\Users\user\Desktop\projects\Football Live Score (Topon)\Live Football\app\build\intermediates\incremental\release\mergeReleaseResources\merged.dir\values-sr\values-sr.xml to C:\Users\user\Desktop\projects\Football Live Score (Topon)\Live Football\app\build\intermediates\merged_res\release\values-sr_values-sr.arsc.flat
Compiling XML table C:\Users\user\Desktop\projects\Football Live Score (Topon)\Live Football\app\build\intermediates\incremental\release\mergeReleaseResources\merged.dir\values-ko\values-ko.xml to C:\Users\user\Desktop\projects\Football Live Score (Topon)\Live Football\app\build\intermediates\merged_res\release\values-ko_values-ko.arsc.flat
Compiling XML table C:\Users\user\Desktop\projects\Football Live Score (Topon)\Live Football\app\build\intermediates\incremental\release\mergeReleaseResources\merged.dir\values-lt\values-lt.xml to C:\Users\user\Desktop\projects\Football Live Score (Topon)\Live Football\app\build\intermediates\merged_res\release\values-lt_values-lt.arsc.flat
Compiling XML table C:\Users\user\Desktop\projects\Football Live Score (Topon)\Live Football\app\build\intermediates\incremental\release\mergeReleaseResources\merged.dir\values-b+es+419\values-b+es+419.xml to C:\Users\user\Desktop\projects\Football Live Score (Topon)\Live Football\app\build\intermediates\merged_res\release\values-b+es+419_values-b+es+419.arsc.flat
Compiling file C:\Users\user\Desktop\projects\Football Live Score (Topon)\Live Football\app\src\main\res\mipmap-xxhdpi\ic_launcher.webp to C:\Users\user\Desktop\projects\Football Live Score (Topon)\Live Football\app\build\intermediates\merged_res\release\mipmap-xxhdpi_ic_launcher.webp.flat
Compiling XML table C:\Users\user\Desktop\projects\Football Live Score (Topon)\Live Football\app\build\intermediates\incremental\release\mergeReleaseResources\merged.dir\values-cs\values-cs.xml to C:\Users\user\Desktop\projects\Football Live Score (Topon)\Live Football\app\build\intermediates\merged_res\release\values-cs_values-cs.arsc.flat
Compiling xml file C:\Users\user\Desktop\projects\Football Live Score (Topon)\Live Football\app\src\main\res\drawable\more.xml to C:\Users\user\Desktop\projects\Football Live Score (Topon)\Live Football\app\build\intermediates\merged_res\release\drawable_more.xml.flat
Compiling xml file C:\Users\user\Desktop\projects\Football Live Score (Topon)\Live Football\app\src\main\res\drawable\person_2.xml to C:\Users\user\Desktop\projects\Football Live Score (Topon)\Live Football\app\build\intermediates\merged_res\release\drawable_person_2.xml.flat
Compiling XML table C:\Users\user\Desktop\projects\Football Live Score (Topon)\Live Football\app\build\intermediates\incremental\release\mergeReleaseResources\merged.dir\values-h720dp-v13\values-h720dp-v13.xml to C:\Users\user\Desktop\projects\Football Live Score (Topon)\Live Football\app\build\intermediates\merged_res\release\values-h720dp-v13_values-h720dp-v13.arsc.flat
Compiling XML table C:\Users\user\Desktop\projects\Football Live Score (Topon)\Live Football\app\build\intermediates\incremental\release\mergeReleaseResources\merged.dir\values-kn\values-kn.xml to C:\Users\user\Desktop\projects\Football Live Score (Topon)\Live Football\app\build\intermediates\merged_res\release\values-kn_values-kn.arsc.flat
Compiling xml file C:\Users\user\Desktop\projects\Football Live Score (Topon)\Live Football\app\src\main\res\drawable\ic_launcher_background.xml to C:\Users\user\Desktop\projects\Football Live Score (Topon)\Live Football\app\build\intermediates\merged_res\release\drawable_ic_launcher_background.xml.flat
Compiling xml file C:\Users\user\Desktop\projects\Football Live Score (Topon)\Live Football\app\src\main\res\drawable\circle1.xml to C:\Users\user\Desktop\projects\Football Live Score (Topon)\Live Football\app\build\intermediates\merged_res\release\drawable_circle1.xml.flat
Compiling xml file C:\Users\user\Desktop\projects\Football Live Score (Topon)\Live Football\app\src\main\res\drawable\live_tv_2.xml to C:\Users\user\Desktop\projects\Football Live Score (Topon)\Live Football\app\build\intermediates\merged_res\release\drawable_live_tv_2.xml.flat
Compiling XML table C:\Users\user\Desktop\projects\Football Live Score (Topon)\Live Football\app\build\intermediates\incremental\release\mergeReleaseResources\merged.dir\values-en-rIN\values-en-rIN.xml to C:\Users\user\Desktop\projects\Football Live Score (Topon)\Live Football\app\build\intermediates\merged_res\release\values-en-rIN_values-en-rIN.arsc.flat
Compiling xml file C:\Users\user\Desktop\projects\Football Live Score (Topon)\Live Football\app\src\main\res\drawable\baseline_arrow_back_ios_new_24.xml to C:\Users\user\Desktop\projects\Football Live Score (Topon)\Live Football\app\build\intermediates\merged_res\release\drawable_baseline_arrow_back_ios_new_24.xml.flat
Compiling xml file C:\Users\user\Desktop\projects\Football Live Score (Topon)\Live Football\app\src\main\res\drawable\background_black_2.xml to C:\Users\user\Desktop\projects\Football Live Score (Topon)\Live Football\app\build\intermediates\merged_res\release\drawable_background_black_2.xml.flat
Compiling XML table C:\Users\user\Desktop\projects\Football Live Score (Topon)\Live Football\app\build\intermediates\incremental\release\mergeReleaseResources\merged.dir\values-sw\values-sw.xml to C:\Users\user\Desktop\projects\Football Live Score (Topon)\Live Football\app\build\intermediates\merged_res\release\values-sw_values-sw.arsc.flat
Compiling xml file C:\Users\user\Desktop\projects\Football Live Score (Topon)\Live Football\app\src\main\res\drawable\baseline_notifications2.xml to C:\Users\user\Desktop\projects\Football Live Score (Topon)\Live Football\app\build\intermediates\merged_res\release\drawable_baseline_notifications2.xml.flat
Compiling xml file C:\Users\user\Desktop\projects\Football Live Score (Topon)\Live Football\app\src\main\res\drawable\gmts_cb_selector.xml to C:\Users\user\Desktop\projects\Football Live Score (Topon)\Live Football\app\build\intermediates\merged_res\release\drawable_gmts_cb_selector.xml.flat
Compiling xml file C:\Users\user\Desktop\projects\Football Live Score (Topon)\Live Football\app\src\main\res\drawable\player_change.xml to C:\Users\user\Desktop\projects\Football Live Score (Topon)\Live Football\app\build\intermediates\merged_res\release\drawable_player_change.xml.flat
Compiling xml file C:\Users\user\Desktop\projects\Football Live Score (Topon)\Live Football\app\src\main\res\drawable\top_round_corner_white.xml to C:\Users\user\Desktop\projects\Football Live Score (Topon)\Live Football\app\build\intermediates\merged_res\release\drawable_top_round_corner_white.xml.flat
Compiling xml file C:\Users\user\Desktop\projects\Football Live Score (Topon)\Live Football\app\src\main\res\drawable\launcher.xml to C:\Users\user\Desktop\projects\Football Live Score (Topon)\Live Football\app\build\intermediates\merged_res\release\drawable_launcher.xml.flat
Compiling xml file C:\Users\user\Desktop\projects\Football Live Score (Topon)\Live Football\app\src\main\res\drawable\gmts_dialog_background.xml to C:\Users\user\Desktop\projects\Football Live Score (Topon)\Live Football\app\build\intermediates\merged_res\release\drawable_gmts_dialog_background.xml.flat
Compiling xml file C:\Users\user\Desktop\projects\Football Live Score (Topon)\Live Football\app\src\main\res\drawable\circle2.xml to C:\Users\user\Desktop\projects\Football Live Score (Topon)\Live Football\app\build\intermediates\merged_res\release\drawable_circle2.xml.flat
Compiling XML table C:\Users\user\Desktop\projects\Football Live Score (Topon)\Live Football\app\build\intermediates\incremental\release\mergeReleaseResources\merged.dir\values-te\values-te.xml to C:\Users\user\Desktop\projects\Football Live Score (Topon)\Live Football\app\build\intermediates\merged_res\release\values-te_values-te.arsc.flat
Compiling xml file C:\Users\user\Desktop\projects\Football Live Score (Topon)\Live Football\app\src\main\res\drawable\time_frame.xml to C:\Users\user\Desktop\projects\Football Live Score (Topon)\Live Football\app\build\intermediates\merged_res\release\drawable_time_frame.xml.flat
Compiling XML table C:\Users\user\Desktop\projects\Football Live Score (Topon)\Live Football\app\build\intermediates\incremental\release\mergeReleaseResources\merged.dir\values-en-rAU\values-en-rAU.xml to C:\Users\user\Desktop\projects\Football Live Score (Topon)\Live Football\app\build\intermediates\merged_res\release\values-en-rAU_values-en-rAU.arsc.flat
Compiling XML table C:\Users\user\Desktop\projects\Football Live Score (Topon)\Live Football\app\build\intermediates\incremental\release\mergeReleaseResources\merged.dir\values-mr\values-mr.xml to C:\Users\user\Desktop\projects\Football Live Score (Topon)\Live Football\app\build\intermediates\merged_res\release\values-mr_values-mr.arsc.flat
Compiling xml file C:\Users\user\Desktop\projects\Football Live Score (Topon)\Live Football\app\src\main\res\drawable\ic_apps.xml to C:\Users\user\Desktop\projects\Football Live Score (Topon)\Live Football\app\build\intermediates\merged_res\release\drawable_ic_apps.xml.flat
Compiling xml file C:\Users\user\Desktop\projects\Football Live Score (Topon)\Live Football\app\src\main\res\drawable\live_tv.xml to C:\Users\user\Desktop\projects\Football Live Score (Topon)\Live Football\app\build\intermediates\merged_res\release\drawable_live_tv.xml.flat
Compiling XML table C:\Users\user\Desktop\projects\Football Live Score (Topon)\Live Football\app\build\intermediates\incremental\release\mergeReleaseResources\merged.dir\values-lv\values-lv.xml to C:\Users\user\Desktop\projects\Football Live Score (Topon)\Live Football\app\build\intermediates\merged_res\release\values-lv_values-lv.arsc.flat
Compiling file C:\Users\user\Desktop\projects\Football Live Score (Topon)\Live Football\app\src\main\res\raw\loading.json to C:\Users\user\Desktop\projects\Football Live Score (Topon)\Live Football\app\build\intermediates\merged_res\release\raw_loading.json.flat
Compiling xml file C:\Users\user\Desktop\projects\Football Live Score (Topon)\Live Football\app\src\main\res\drawable\gmts_button_bg.xml to C:\Users\user\Desktop\projects\Football Live Score (Topon)\Live Football\app\build\intermediates\merged_res\release\drawable_gmts_button_bg.xml.flat
Compiling xml file C:\Users\user\Desktop\projects\Football Live Score (Topon)\Live Football\app\src\main\res\drawable\white_radius.xml to C:\Users\user\Desktop\projects\Football Live Score (Topon)\Live Football\app\build\intermediates\merged_res\release\drawable_white_radius.xml.flat
Compiling xml file C:\Users\user\Desktop\projects\Football Live Score (Topon)\Live Football\app\src\main\res\drawable\rate_me.xml to C:\Users\user\Desktop\projects\Football Live Score (Topon)\Live Football\app\build\intermediates\merged_res\release\drawable_rate_me.xml.flat
Compiling file C:\Users\user\Desktop\projects\Football Live Score (Topon)\Live Football\app\src\main\res\raw\consumer_onesignal_keep.xml to C:\Users\user\Desktop\projects\Football Live Score (Topon)\Live Football\app\build\intermediates\merged_res\release\raw_consumer_onesignal_keep.xml.flat
Compiling xml file C:\Users\user\Desktop\projects\Football Live Score (Topon)\Live Football\app\src\main\res\menu\nav_menu.xml to C:\Users\user\Desktop\projects\Football Live Score (Topon)\Live Football\app\build\intermediates\merged_res\release\menu_nav_menu.xml.flat
Compiling xml file C:\Users\user\Desktop\projects\Football Live Score (Topon)\Live Football\app\src\main\res\color\gmts_button_bg.xml to C:\Users\user\Desktop\projects\Football Live Score (Topon)\Live Football\app\build\intermediates\merged_res\release\color_gmts_button_bg.xml.flat
Compiling xml file C:\Users\user\Desktop\projects\Football Live Score (Topon)\Live Football\app\src\main\res\drawable\football_field_two.xml to C:\Users\user\Desktop\projects\Football Live Score (Topon)\Live Football\app\build\intermediates\merged_res\release\drawable_football_field_two.xml.flat
Compiling XML table C:\Users\user\Desktop\projects\Football Live Score (Topon)\Live Football\app\build\intermediates\incremental\release\mergeReleaseResources\merged.dir\values-el\values-el.xml to C:\Users\user\Desktop\projects\Football Live Score (Topon)\Live Football\app\build\intermediates\merged_res\release\values-el_values-el.arsc.flat
Compiling xml file C:\Users\user\Desktop\projects\Football Live Score (Topon)\Live Football\app\src\main\res\drawable\exo_controls_pause.xml to C:\Users\user\Desktop\projects\Football Live Score (Topon)\Live Football\app\build\intermediates\merged_res\release\drawable_exo_controls_pause.xml.flat
Compiling XML table C:\Users\user\Desktop\projects\Football Live Score (Topon)\Live Football\app\build\intermediates\incremental\release\mergeReleaseResources\merged.dir\values-da\values-da.xml to C:\Users\user\Desktop\projects\Football Live Score (Topon)\Live Football\app\build\intermediates\merged_res\release\values-da_values-da.arsc.flat
Compiling xml file C:\Users\user\Desktop\projects\Football Live Score (Topon)\Live Football\app\src\main\res\drawable\ic_clock_black_24dp.xml to C:\Users\user\Desktop\projects\Football Live Score (Topon)\Live Football\app\build\intermediates\merged_res\release\drawable_ic_clock_black_24dp.xml.flat
Compiling file C:\Users\user\Desktop\projects\Football Live Score (Topon)\Live Football\app\src\main\res\mipmap-xhdpi\ic_launcher_round.webp to C:\Users\user\Desktop\projects\Football Live Score (Topon)\Live Football\app\build\intermediates\merged_res\release\mipmap-xhdpi_ic_launcher_round.webp.flat
Compiling XML table C:\Users\user\Desktop\projects\Football Live Score (Topon)\Live Football\app\build\intermediates\incremental\release\mergeReleaseResources\merged.dir\values-mn\values-mn.xml to C:\Users\user\Desktop\projects\Football Live Score (Topon)\Live Football\app\build\intermediates\merged_res\release\values-mn_values-mn.arsc.flat
Compiling XML table C:\Users\user\Desktop\projects\Football Live Score (Topon)\Live Football\app\build\intermediates\incremental\release\mergeReleaseResources\merged.dir\values-tr\values-tr.xml to C:\Users\user\Desktop\projects\Football Live Score (Topon)\Live Football\app\build\intermediates\merged_res\release\values-tr_values-tr.arsc.flat
Compiling xml file C:\Users\user\Desktop\projects\Football Live Score (Topon)\Live Football\app\src\main\res\xml\backup_rules.xml to C:\Users\user\Desktop\projects\Football Live Score (Topon)\Live Football\app\build\intermediates\merged_res\release\xml_backup_rules.xml.flat
Compiling xml file C:\Users\user\Desktop\projects\Football Live Score (Topon)\Live Football\app\src\main\res\drawable\gmts_button_bg_inset_disabled.xml to C:\Users\user\Desktop\projects\Football Live Score (Topon)\Live Football\app\build\intermediates\merged_res\release\drawable_gmts_button_bg_inset_disabled.xml.flat
Compiling XML table C:\Users\user\Desktop\projects\Football Live Score (Topon)\Live Football\app\build\intermediates\incremental\release\mergeReleaseResources\merged.dir\values-w600dp-land-v13\values-w600dp-land-v13.xml to C:\Users\user\Desktop\projects\Football Live Score (Topon)\Live Football\app\build\intermediates\merged_res\release\values-w600dp-land-v13_values-w600dp-land-v13.arsc.flat
Compiling XML table C:\Users\user\Desktop\projects\Football Live Score (Topon)\Live Football\app\build\intermediates\incremental\release\mergeReleaseResources\merged.dir\values-land\values-land.xml to C:\Users\user\Desktop\projects\Football Live Score (Topon)\Live Football\app\build\intermediates\merged_res\release\values-land_values-land.arsc.flat
Compiling XML table C:\Users\user\Desktop\projects\Football Live Score (Topon)\Live Football\app\build\intermediates\incremental\release\mergeReleaseResources\merged.dir\values-h550dp-port-v13\values-h550dp-port-v13.xml to C:\Users\user\Desktop\projects\Football Live Score (Topon)\Live Football\app\build\intermediates\merged_res\release\values-h550dp-port-v13_values-h550dp-port-v13.arsc.flat
Compiling xml file C:\Users\user\Desktop\projects\Football Live Score (Topon)\Live Football\app\src\main\res\drawable\oval_background_little_blue.xml to C:\Users\user\Desktop\projects\Football Live Score (Topon)\Live Football\app\build\intermediates\merged_res\release\drawable_oval_background_little_blue.xml.flat
AAPT2 aapt2-8.2.2-10154469-windows Daemon #2: starting
AAPT2 aapt2-8.2.2-10154469-windows Daemon #1: starting
AAPT2 aapt2-8.2.2-10154469-windows Daemon #0: starting
Compiling xml file C:\Users\user\Desktop\projects\Football Live Score (Topon)\Live Football\app\src\main\res\xml\splits0.xml to C:\Users\user\Desktop\projects\Football Live Score (Topon)\Live Football\app\build\intermediates\merged_res\release\xml_splits0.xml.flat
Compiling XML table C:\Users\user\Desktop\projects\Football Live Score (Topon)\Live Football\app\build\intermediates\incremental\release\mergeReleaseResources\merged.dir\values-ms\values-ms.xml to C:\Users\user\Desktop\projects\Football Live Score (Topon)\Live Football\app\build\intermediates\merged_res\release\values-ms_values-ms.arsc.flat
Compiling XML table C:\Users\user\Desktop\projects\Football Live Score (Topon)\Live Football\app\build\intermediates\incremental\release\mergeReleaseResources\merged.dir\values-mk\values-mk.xml to C:\Users\user\Desktop\projects\Football Live Score (Topon)\Live Football\app\build\intermediates\merged_res\release\values-mk_values-mk.arsc.flat
Compiling XML table C:\Users\user\Desktop\projects\Football Live Score (Topon)\Live Football\app\build\intermediates\incremental\release\mergeReleaseResources\merged.dir\values-zh-rTW\values-zh-rTW.xml to C:\Users\user\Desktop\projects\Football Live Score (Topon)\Live Football\app\build\intermediates\merged_res\release\values-zh-rTW_values-zh-rTW.arsc.flat
Compiling xml file C:\Users\user\Desktop\projects\Football Live Score (Topon)\Live Football\app\src\main\res\drawable\gmts_blank_bg_radius.xml to C:\Users\user\Desktop\projects\Football Live Score (Topon)\Live Football\app\build\intermediates\merged_res\release\drawable_gmts_blank_bg_radius.xml.flat
Compiling xml file C:\Users\user\Desktop\projects\Football Live Score (Topon)\Live Football\app\src\main\res\drawable\gmts_button_text_selector.xml to C:\Users\user\Desktop\projects\Football Live Score (Topon)\Live Football\app\build\intermediates\merged_res\release\drawable_gmts_button_text_selector.xml.flat
Compiling XML table C:\Users\user\Desktop\projects\Football Live Score (Topon)\Live Football\app\build\intermediates\incremental\release\mergeReleaseResources\merged.dir\values-ne\values-ne.xml to C:\Users\user\Desktop\projects\Football Live Score (Topon)\Live Football\app\build\intermediates\merged_res\release\values-ne_values-ne.arsc.flat
Compiling xml file C:\Users\user\Desktop\projects\Football Live Score (Topon)\Live Football\app\src\main\res\drawable\exo_controls_fastforward.xml to C:\Users\user\Desktop\projects\Football Live Score (Topon)\Live Football\app\build\intermediates\merged_res\release\drawable_exo_controls_fastforward.xml.flat
Compiling XML table C:\Users\user\Desktop\projects\Football Live Score (Topon)\Live Football\app\build\intermediates\incremental\release\mergeReleaseResources\merged.dir\values-w400dp-port-v13\values-w400dp-port-v13.xml to C:\Users\user\Desktop\projects\Football Live Score (Topon)\Live Football\app\build\intermediates\merged_res\release\values-w400dp-port-v13_values-w400dp-port-v13.arsc.flat
Compiling XML table C:\Users\user\Desktop\projects\Football Live Score (Topon)\Live Football\app\build\intermediates\incremental\release\mergeReleaseResources\merged.dir\values-eu\values-eu.xml to C:\Users\user\Desktop\projects\Football Live Score (Topon)\Live Football\app\build\intermediates\merged_res\release\values-eu_values-eu.arsc.flat
Compiling XML table C:\Users\user\Desktop\projects\Football Live Score (Topon)\Live Football\app\build\intermediates\incremental\release\mergeReleaseResources\merged.dir\values-night-v8\values-night-v8.xml to C:\Users\user\Desktop\projects\Football Live Score (Topon)\Live Football\app\build\intermediates\merged_res\release\values-night-v8_values-night-v8.arsc.flat
Compiling XML table C:\Users\user\Desktop\projects\Football Live Score (Topon)\Live Football\app\build\intermediates\incremental\release\mergeReleaseResources\merged.dir\values-ml\values-ml.xml to C:\Users\user\Desktop\projects\Football Live Score (Topon)\Live Football\app\build\intermediates\merged_res\release\values-ml_values-ml.arsc.flat
Compiling xml file C:\Users\user\Desktop\projects\Football Live Score (Topon)\Live Football\app\src\main\res\drawable\exo_controls_rewind.xml to C:\Users\user\Desktop\projects\Football Live Score (Topon)\Live Football\app\build\intermediates\merged_res\release\drawable_exo_controls_rewind.xml.flat
Compiling XML table C:\Users\user\Desktop\projects\Football Live Score (Topon)\Live Football\app\build\intermediates\incremental\release\mergeReleaseResources\merged.dir\values-large-v4\values-large-v4.xml to C:\Users\user\Desktop\projects\Football Live Score (Topon)\Live Football\app\build\intermediates\merged_res\release\values-large-v4_values-large-v4.arsc.flat
Compiling XML table C:\Users\user\Desktop\projects\Football Live Score (Topon)\Live Football\app\build\intermediates\incremental\release\mergeReleaseResources\merged.dir\values-small-v4\values-small-v4.xml to C:\Users\user\Desktop\projects\Football Live Score (Topon)\Live Football\app\build\intermediates\merged_res\release\values-small-v4_values-small-v4.arsc.flat
Compiling xml file C:\Users\user\Desktop\projects\Football Live Score (Topon)\Live Football\app\src\main\res\xml\image_share_filepaths.xml to C:\Users\user\Desktop\projects\Football Live Score (Topon)\Live Football\app\build\intermediates\merged_res\release\xml_image_share_filepaths.xml.flat
Compiling file C:\Users\user\Desktop\projects\Football Live Score (Topon)\Live Football\app\src\main\res\raw\no_data.json to C:\Users\user\Desktop\projects\Football Live Score (Topon)\Live Football\app\build\intermediates\merged_res\release\raw_no_data.json.flat
Compiling XML table C:\Users\user\Desktop\projects\Football Live Score (Topon)\Live Football\app\build\intermediates\incremental\release\mergeReleaseResources\merged.dir\values-fa\values-fa.xml to C:\Users\user\Desktop\projects\Football Live Score (Topon)\Live Football\app\build\intermediates\merged_res\release\values-fa_values-fa.arsc.flat
Compiling xml file C:\Users\user\Desktop\projects\Football Live Score (Topon)\Live Football\app\src\main\res\drawable\button_orange.xml to C:\Users\user\Desktop\projects\Football Live Score (Topon)\Live Football\app\build\intermediates\merged_res\release\drawable_button_orange.xml.flat
Compiling xml file C:\Users\user\Desktop\projects\Football Live Score (Topon)\Live Football\app\src\main\res\drawable\back_left.xml to C:\Users\user\Desktop\projects\Football Live Score (Topon)\Live Football\app\build\intermediates\merged_res\release\drawable_back_left.xml.flat
Compiling XML table C:\Users\user\Desktop\projects\Football Live Score (Topon)\Live Football\app\build\intermediates\incremental\release\mergeReleaseResources\merged.dir\values-en-rXC\values-en-rXC.xml to C:\Users\user\Desktop\projects\Football Live Score (Topon)\Live Football\app\build\intermediates\merged_res\release\values-en-rXC_values-en-rXC.arsc.flat
Compiling xml file C:\Users\user\Desktop\projects\Football Live Score (Topon)\Live Football\app\src\main\res\drawable\privacy_policy__2_.xml to C:\Users\user\Desktop\projects\Football Live Score (Topon)\Live Football\app\build\intermediates\merged_res\release\drawable_privacy_policy__2_.xml.flat
Compiling xml file C:\Users\user\Desktop\projects\Football Live Score (Topon)\Live Football\app\src\main\res\font\mainfont.xml to C:\Users\user\Desktop\projects\Football Live Score (Topon)\Live Football\app\build\intermediates\merged_res\release\font_mainfont.xml.flat
Compiling xml file C:\Users\user\Desktop\projects\Football Live Score (Topon)\Live Football\app\src\main\res\drawable\ic_refresh.xml to C:\Users\user\Desktop\projects\Football Live Score (Topon)\Live Football\app\build\intermediates\merged_res\release\drawable_ic_refresh.xml.flat
Compiling XML table C:\Users\user\Desktop\projects\Football Live Score (Topon)\Live Football\app\build\intermediates\incremental\release\mergeReleaseResources\merged.dir\values-or\values-or.xml to C:\Users\user\Desktop\projects\Football Live Score (Topon)\Live Football\app\build\intermediates\merged_res\release\values-or_values-or.arsc.flat
Compiling file C:\Users\user\Desktop\projects\Football Live Score (Topon)\Live Football\app\src\main\res\mipmap-mdpi\ic_launcher_round.webp to C:\Users\user\Desktop\projects\Football Live Score (Topon)\Live Football\app\build\intermediates\merged_res\release\mipmap-mdpi_ic_launcher_round.webp.flat
Compiling xml file C:\Users\user\Desktop\projects\Football Live Score (Topon)\Live Football\app\src\main\res\drawable\gmts_button_bg_radius.xml to C:\Users\user\Desktop\projects\Football Live Score (Topon)\Live Football\app\build\intermediates\merged_res\release\drawable_gmts_button_bg_radius.xml.flat
Compiling XML table C:\Users\user\Desktop\projects\Football Live Score (Topon)\Live Football\app\build\intermediates\incremental\release\mergeReleaseResources\merged.dir\values-pl\values-pl.xml to C:\Users\user\Desktop\projects\Football Live Score (Topon)\Live Football\app\build\intermediates\merged_res\release\values-pl_values-pl.arsc.flat
Compiling file C:\Users\user\Desktop\projects\Football Live Score (Topon)\Live Football\app\src\main\res\mipmap-xhdpi\ic_launcher_foreground.webp to C:\Users\user\Desktop\projects\Football Live Score (Topon)\Live Football\app\build\intermediates\merged_res\release\mipmap-xhdpi_ic_launcher_foreground.webp.flat
Compiling xml file C:\Users\user\Desktop\projects\Football Live Score (Topon)\Live Football\app\src\main\res\drawable\baseline_notifications_24.xml to C:\Users\user\Desktop\projects\Football Live Score (Topon)\Live Football\app\build\intermediates\merged_res\release\drawable_baseline_notifications_24.xml.flat
Compiling xml file C:\Users\user\Desktop\projects\Football Live Score (Topon)\Live Football\app\src\main\res\drawable\top_round_corner.xml to C:\Users\user\Desktop\projects\Football Live Score (Topon)\Live Football\app\build\intermediates\merged_res\release\drawable_top_round_corner.xml.flat
Compiling XML table C:\Users\user\Desktop\projects\Football Live Score (Topon)\Live Football\app\build\intermediates\incremental\release\mergeReleaseResources\merged.dir\values-vi\values-vi.xml to C:\Users\user\Desktop\projects\Football Live Score (Topon)\Live Football\app\build\intermediates\merged_res\release\values-vi_values-vi.arsc.flat
Compiling XML table C:\Users\user\Desktop\projects\Football Live Score (Topon)\Live Football\app\build\intermediates\incremental\release\mergeReleaseResources\merged.dir\values-gl\values-gl.xml to C:\Users\user\Desktop\projects\Football Live Score (Topon)\Live Football\app\build\intermediates\merged_res\release\values-gl_values-gl.arsc.flat
Compiling xml file C:\Users\user\Desktop\projects\Football Live Score (Topon)\Live Football\app\src\main\res\drawable\admob_close_button_white_circle_black_cross.xml to C:\Users\user\Desktop\projects\Football Live Score (Topon)\Live Football\app\build\intermediates\merged_res\release\drawable_admob_close_button_white_circle_black_cross.xml.flat
Compiling file C:\Users\user\Desktop\projects\Football Live Score (Topon)\Live Football\app\src\main\res\mipmap-hdpi\ic_launcher.webp to C:\Users\user\Desktop\projects\Football Live Score (Topon)\Live Football\app\build\intermediates\merged_res\release\mipmap-hdpi_ic_launcher.webp.flat
AAPT2 aapt2-8.2.2-10154469-windows Daemon #3: starting
Compiling xml file C:\Users\user\Desktop\projects\Football Live Score (Topon)\Live Football\app\src\main\res\font\inter_semibold.xml to C:\Users\user\Desktop\projects\Football Live Score (Topon)\Live Football\app\build\intermediates\merged_res\release\font_inter_semibold.xml.flat
Compiling xml file C:\Users\user\Desktop\projects\Football Live Score (Topon)\Live Football\app\src\main\res\menu\gmts_menu_load_ads.xml to C:\Users\user\Desktop\projects\Football Live Score (Topon)\Live Football\app\build\intermediates\merged_res\release\menu_gmts_menu_load_ads.xml.flat
Compiling xml file C:\Users\user\Desktop\projects\Football Live Score (Topon)\Live Football\app\src\main\res\drawable\ic_baseline_search_24.xml to C:\Users\user\Desktop\projects\Football Live Score (Topon)\Live Football\app\build\intermediates\merged_res\release\drawable_ic_baseline_search_24.xml.flat
Compiling xml file C:\Users\user\Desktop\projects\Football Live Score (Topon)\Live Football\app\src\main\res\drawable\exo_controls_fullscreen_enter.xml to C:\Users\user\Desktop\projects\Football Live Score (Topon)\Live Football\app\build\intermediates\merged_res\release\drawable_exo_controls_fullscreen_enter.xml.flat
Compiling xml file C:\Users\user\Desktop\projects\Football Live Score (Topon)\Live Football\app\src\main\res\drawable\ic_home.xml to C:\Users\user\Desktop\projects\Football Live Score (Topon)\Live Football\app\build\intermediates\merged_res\release\drawable_ic_home.xml.flat
Compiling xml file C:\Users\user\Desktop\projects\Football Live Score (Topon)\Live Football\app\src\main\res\drawable\gmts_blank_bg_selector_sml.xml to C:\Users\user\Desktop\projects\Football Live Score (Topon)\Live Football\app\build\intermediates\merged_res\release\drawable_gmts_blank_bg_selector_sml.xml.flat
Compiling XML table C:\Users\user\Desktop\projects\Football Live Score (Topon)\Live Football\app\build\intermediates\incremental\release\mergeReleaseResources\merged.dir\values-fr\values-fr.xml to C:\Users\user\Desktop\projects\Football Live Score (Topon)\Live Football\app\build\intermediates\merged_res\release\values-fr_values-fr.arsc.flat
Compiling xml file C:\Users\user\Desktop\projects\Football Live Score (Topon)\Live Football\app\src\main\res\drawable\football_field.xml to C:\Users\user\Desktop\projects\Football Live Score (Topon)\Live Football\app\build\intermediates\merged_res\release\drawable_football_field.xml.flat
Compiling xml file C:\Users\user\Desktop\projects\Football Live Score (Topon)\Live Football\app\src\main\res\drawable\exo_controls_next.xml to C:\Users\user\Desktop\projects\Football Live Score (Topon)\Live Football\app\build\intermediates\merged_res\release\drawable_exo_controls_next.xml.flat
Compiling xml file C:\Users\user\Desktop\projects\Football Live Score (Topon)\Live Football\app\src\main\res\font\inter_bold.xml to C:\Users\user\Desktop\projects\Football Live Score (Topon)\Live Football\app\build\intermediates\merged_res\release\font_inter_bold.xml.flat
Compiling file C:\Users\user\Desktop\projects\Football Live Score (Topon)\Live Football\app\src\main\res\mipmap-xxxhdpi\ic_launcher_foreground.webp to C:\Users\user\Desktop\projects\Football Live Score (Topon)\Live Football\app\build\intermediates\merged_res\release\mipmap-xxxhdpi_ic_launcher_foreground.webp.flat
Compiling file C:\Users\user\Desktop\projects\Football Live Score (Topon)\Live Football\app\src\main\res\mipmap-mdpi\ic_launcher.webp to C:\Users\user\Desktop\projects\Football Live Score (Topon)\Live Football\app\build\intermediates\merged_res\release\mipmap-mdpi_ic_launcher.webp.flat
Compiling xml file C:\Users\user\Desktop\projects\Football Live Score (Topon)\Live Football\app\src\main\res\drawable\ic_clear_black_24.xml to C:\Users\user\Desktop\projects\Football Live Score (Topon)\Live Football\app\build\intermediates\merged_res\release\drawable_ic_clear_black_24.xml.flat
Compiling xml file C:\Users\user\Desktop\projects\Football Live Score (Topon)\Live Football\app\src\main\res\drawable\trophy.xml to C:\Users\user\Desktop\projects\Football Live Score (Topon)\Live Football\app\build\intermediates\merged_res\release\drawable_trophy.xml.flat
Compiling xml file C:\Users\user\Desktop\projects\Football Live Score (Topon)\Live Football\app\src\main\res\xml\data_extraction_rules.xml to C:\Users\user\Desktop\projects\Football Live Score (Topon)\Live Football\app\build\intermediates\merged_res\release\xml_data_extraction_rules.xml.flat
Compiling xml file C:\Users\user\Desktop\projects\Football Live Score (Topon)\Live Football\app\src\main\res\mipmap-anydpi-v26\ic_launcher.xml to C:\Users\user\Desktop\projects\Football Live Score (Topon)\Live Football\app\build\intermediates\merged_res\release\mipmap-anydpi-v26_ic_launcher.xml.flat
Compiling xml file C:\Users\user\Desktop\projects\Football Live Score (Topon)\Live Football\app\src\main\res\drawable\yellow_card.xml to C:\Users\user\Desktop\projects\Football Live Score (Topon)\Live Football\app\build\intermediates\merged_res\release\drawable_yellow_card.xml.flat
Compiling xml file C:\Users\user\Desktop\projects\Football Live Score (Topon)\Live Football\app\src\main\res\drawable\ic_fullscreen_open.xml to C:\Users\user\Desktop\projects\Football Live Score (Topon)\Live Football\app\build\intermediates\merged_res\release\drawable_ic_fullscreen_open.xml.flat
Compiling file C:\Users\user\Desktop\projects\Football Live Score (Topon)\Live Football\app\src\main\res\font\roberto.ttf to C:\Users\user\Desktop\projects\Football Live Score (Topon)\Live Football\app\build\intermediates\merged_res\release\font_roberto.ttf.flat
Compiling xml file C:\Users\user\Desktop\projects\Football Live Score (Topon)\Live Football\app\src\main\res\font\inter_regular.xml to C:\Users\user\Desktop\projects\Football Live Score (Topon)\Live Football\app\build\intermediates\merged_res\release\font_inter_regular.xml.flat
Compiling xml file C:\Users\user\Desktop\projects\Football Live Score (Topon)\Live Football\app\src\main\res\drawable\gmts_button_bg_radius_disabled.xml to C:\Users\user\Desktop\projects\Football Live Score (Topon)\Live Football\app\build\intermediates\merged_res\release\drawable_gmts_button_bg_radius_disabled.xml.flat
Compiling xml file C:\Users\user\Desktop\projects\Football Live Score (Topon)\Live Football\app\src\main\res\drawable\gmts_circle.xml to C:\Users\user\Desktop\projects\Football Live Score (Topon)\Live Football\app\build\intermediates\merged_res\release\drawable_gmts_circle.xml.flat
Compiling xml file C:\Users\user\Desktop\projects\Football Live Score (Topon)\Live Football\app\src\main\res\drawable\exo_edit_mode_logo.xml to C:\Users\user\Desktop\projects\Football Live Score (Topon)\Live Football\app\build\intermediates\merged_res\release\drawable_exo_edit_mode_logo.xml.flat
Compiling xml file C:\Users\user\Desktop\projects\Football Live Score (Topon)\Live Football\app\src\main\res\drawable\background_time.xml to C:\Users\user\Desktop\projects\Football Live Score (Topon)\Live Football\app\build\intermediates\merged_res\release\drawable_background_time.xml.flat
Compiling xml file C:\Users\user\Desktop\projects\Football Live Score (Topon)\Live Football\app\src\main\res\drawable\home_icon.xml to C:\Users\user\Desktop\projects\Football Live Score (Topon)\Live Football\app\build\intermediates\merged_res\release\drawable_home_icon.xml.flat
Compiling xml file C:\Users\user\Desktop\projects\Football Live Score (Topon)\Live Football\app\src\main\res\drawable\exo_controls_fullscreen_exit.xml to C:\Users\user\Desktop\projects\Football Live Score (Topon)\Live Football\app\build\intermediates\merged_res\release\drawable_exo_controls_fullscreen_exit.xml.flat
AAPT2 aapt2-8.2.2-10154469-windows Daemon #4: starting
Compiling xml file C:\Users\user\Desktop\projects\Football Live Score (Topon)\Live Football\app\src\main\res\drawable\red_card.xml to C:\Users\user\Desktop\projects\Football Live Score (Topon)\Live Football\app\build\intermediates\merged_res\release\drawable_red_card.xml.flat
Compiling xml file C:\Users\user\Desktop\projects\Football Live Score (Topon)\Live Football\app\src\main\res\drawable\ic_search_black_24.xml to C:\Users\user\Desktop\projects\Football Live Score (Topon)\Live Football\app\build\intermediates\merged_res\release\drawable_ic_search_black_24.xml.flat
Compiling xml file C:\Users\user\Desktop\projects\Football Live Score (Topon)\Live Football\app\src\main\res\drawable\layout_bg.xml to C:\Users\user\Desktop\projects\Football Live Score (Topon)\Live Football\app\build\intermediates\merged_res\release\drawable_layout_bg.xml.flat
Compiling file C:\Users\user\Desktop\projects\Football Live Score (Topon)\Live Football\app\src\main\res\mipmap-xxxhdpi\ic_launcher.webp to C:\Users\user\Desktop\projects\Football Live Score (Topon)\Live Football\app\build\intermediates\merged_res\release\mipmap-xxxhdpi_ic_launcher.webp.flat
Compiling xml file C:\Users\user\Desktop\projects\Football Live Score (Topon)\Live Football\app\src\main\res\drawable\gmts_button_bg_inset.xml to C:\Users\user\Desktop\projects\Football Live Score (Topon)\Live Football\app\build\intermediates\merged_res\release\drawable_gmts_button_bg_inset.xml.flat
Compiling xml file C:\Users\user\Desktop\projects\Football Live Score (Topon)\Live Football\app\src\main\res\drawable\exo_controls_repeat_one.xml to C:\Users\user\Desktop\projects\Football Live Score (Topon)\Live Football\app\build\intermediates\merged_res\release\drawable_exo_controls_repeat_one.xml.flat
Compiling xml file C:\Users\user\Desktop\projects\Football Live Score (Topon)\Live Football\app\src\main\res\drawable-v24\ic_launcher_foreground.xml to C:\Users\user\Desktop\projects\Football Live Score (Topon)\Live Football\app\build\intermediates\merged_res\release\drawable-v24_ic_launcher_foreground.xml.flat
Compiling xml file C:\Users\user\Desktop\projects\Football Live Score (Topon)\Live Football\app\src\main\res\drawable\gmts_button_bg_blue.xml to C:\Users\user\Desktop\projects\Football Live Score (Topon)\Live Football\app\build\intermediates\merged_res\release\drawable_gmts_button_bg_blue.xml.flat
Compiling xml file C:\Users\user\Desktop\projects\Football Live Score (Topon)\Live Football\app\src\main\res\drawable\baseline_favorite_border_24.xml to C:\Users\user\Desktop\projects\Football Live Score (Topon)\Live Football\app\build\intermediates\merged_res\release\drawable_baseline_favorite_border_24.xml.flat
Compiling xml file C:\Users\user\Desktop\projects\Football Live Score (Topon)\Live Football\app\src\main\res\drawable\row_gradient.xml to C:\Users\user\Desktop\projects\Football Live Score (Topon)\Live Football\app\build\intermediates\merged_res\release\drawable_row_gradient.xml.flat
Compiling xml file C:\Users\user\Desktop\projects\Football Live Score (Topon)\Live Football\app\src\main\res\drawable\ic_privacy.xml to C:\Users\user\Desktop\projects\Football Live Score (Topon)\Live Football\app\build\intermediates\merged_res\release\drawable_ic_privacy.xml.flat
Compiling xml file C:\Users\user\Desktop\projects\Football Live Score (Topon)\Live Football\app\src\main\res\menu\gmts_menu_search_icon.xml to C:\Users\user\Desktop\projects\Football Live Score (Topon)\Live Football\app\build\intermediates\merged_res\release\menu_gmts_menu_search_icon.xml.flat
AAPT2 aapt2-8.2.2-10154469-windows Daemon #5: starting
Compiling xml file C:\Users\user\Desktop\projects\Football Live Score (Topon)\Live Football\app\src\main\res\drawable\noun_about_us_4149187.xml to C:\Users\user\Desktop\projects\Football Live Score (Topon)\Live Football\app\build\intermediates\merged_res\release\drawable_noun_about_us_4149187.xml.flat
Compiling xml file C:\Users\user\Desktop\projects\Football Live Score (Topon)\Live Football\app\src\main\res\drawable\exo_controls_repeat_off.xml to C:\Users\user\Desktop\projects\Football Live Score (Topon)\Live Football\app\build\intermediates\merged_res\release\drawable_exo_controls_repeat_off.xml.flat
Compiling xml file C:\Users\user\Desktop\projects\Football Live Score (Topon)\Live Football\app\src\main\res\drawable\share.xml to C:\Users\user\Desktop\projects\Football Live Score (Topon)\Live Football\app\build\intermediates\merged_res\release\drawable_share.xml.flat
Compiling file C:\Users\user\Desktop\projects\Football Live Score (Topon)\Live Football\app\src\main\res\mipmap-xhdpi\ic_launcher.webp to C:\Users\user\Desktop\projects\Football Live Score (Topon)\Live Football\app\build\intermediates\merged_res\release\mipmap-xhdpi_ic_launcher.webp.flat
Compiling xml file C:\Users\user\Desktop\projects\Football Live Score (Topon)\Live Football\app\src\main\res\drawable\footbal_keds.xml to C:\Users\user\Desktop\projects\Football Live Score (Topon)\Live Football\app\build\intermediates\merged_res\release\drawable_footbal_keds.xml.flat
Compiling file C:\Users\user\Desktop\projects\Football Live Score (Topon)\Live Football\app\src\main\res\mipmap-xxxhdpi\ic_launcher_round.webp to C:\Users\user\Desktop\projects\Football Live Score (Topon)\Live Football\app\build\intermediates\merged_res\release\mipmap-xxxhdpi_ic_launcher_round.webp.flat
Compiling xml file C:\Users\user\Desktop\projects\Football Live Score (Topon)\Live Football\app\src\main\res\drawable\ic_arrow_back_black_24.xml to C:\Users\user\Desktop\projects\Football Live Score (Topon)\Live Football\app\build\intermediates\merged_res\release\drawable_ic_arrow_back_black_24.xml.flat
Compiling file C:\Users\user\Desktop\projects\Football Live Score (Topon)\Live Football\app\src\main\res\mipmap-hdpi\ic_launcher_foreground.webp to C:\Users\user\Desktop\projects\Football Live Score (Topon)\Live Football\app\build\intermediates\merged_res\release\mipmap-hdpi_ic_launcher_foreground.webp.flat
Compiling xml file C:\Users\user\Desktop\projects\Football Live Score (Topon)\Live Football\app\src\main\res\drawable\schedule.xml to C:\Users\user\Desktop\projects\Football Live Score (Topon)\Live Football\app\build\intermediates\merged_res\release\drawable_schedule.xml.flat
Compiling xml file C:\Users\user\Desktop\projects\Football Live Score (Topon)\Live Football\app\src\main\res\drawable\background_box_blue_stroke.xml to C:\Users\user\Desktop\projects\Football Live Score (Topon)\Live Football\app\build\intermediates\merged_res\release\drawable_background_box_blue_stroke.xml.flat
Compiling xml file C:\Users\user\Desktop\projects\Football Live Score (Topon)\Live Football\app\src\main\res\drawable\exo_controls_play.xml to C:\Users\user\Desktop\projects\Football Live Score (Topon)\Live Football\app\build\intermediates\merged_res\release\drawable_exo_controls_play.xml.flat
Compiling xml file C:\Users\user\Desktop\projects\Football Live Score (Topon)\Live Football\app\src\main\res\drawable\oval_background_little_red.xml to C:\Users\user\Desktop\projects\Football Live Score (Topon)\Live Football\app\build\intermediates\merged_res\release\drawable_oval_background_little_red.xml.flat
Compiling xml file C:\Users\user\Desktop\projects\Football Live Score (Topon)\Live Football\app\src\main\res\font\inter_medium.xml to C:\Users\user\Desktop\projects\Football Live Score (Topon)\Live Football\app\build\intermediates\merged_res\release\font_inter_medium.xml.flat
Compiling file C:\Users\user\Desktop\projects\Football Live Score (Topon)\Live Football\app\src\main\res\font\arial.ttf to C:\Users\user\Desktop\projects\Football Live Score (Topon)\Live Football\app\build\intermediates\merged_res\release\font_arial.ttf.flat
AAPT2 aapt2-8.2.2-10154469-windows Daemon #6: starting
Compiling xml file C:\Users\user\Desktop\projects\Football Live Score (Topon)\Live Football\app\src\main\res\drawable\logo.xml to C:\Users\user\Desktop\projects\Football Live Score (Topon)\Live Football\app\build\intermediates\merged_res\release\drawable_logo.xml.flat
Compiling file C:\Users\user\Desktop\projects\Football Live Score (Topon)\Live Football\app\src\main\res\mipmap-hdpi\ic_launcher_round.webp to C:\Users\user\Desktop\projects\Football Live Score (Topon)\Live Football\app\build\intermediates\merged_res\release\mipmap-hdpi_ic_launcher_round.webp.flat
Compiling xml file C:\Users\user\Desktop\projects\Football Live Score (Topon)\Live Football\app\src\main\res\drawable\gmts_caption_background.xml to C:\Users\user\Desktop\projects\Football Live Score (Topon)\Live Football\app\build\intermediates\merged_res\release\drawable_gmts_caption_background.xml.flat
Compiling xml file C:\Users\user\Desktop\projects\Football Live Score (Topon)\Live Football\app\src\main\res\drawable\exo_controls_repeat_all.xml to C:\Users\user\Desktop\projects\Football Live Score (Topon)\Live Football\app\build\intermediates\merged_res\release\drawable_exo_controls_repeat_all.xml.flat
Compiling xml file C:\Users\user\Desktop\projects\Football Live Score (Topon)\Live Football\app\src\main\res\drawable\top_round_corner_2.xml to C:\Users\user\Desktop\projects\Football Live Score (Topon)\Live Football\app\build\intermediates\merged_res\release\drawable_top_round_corner_2.xml.flat
AAPT2 aapt2-8.2.2-10154469-windows Daemon #7: starting
Compiling file C:\Users\user\Desktop\projects\Football Live Score (Topon)\Live Football\app\src\main\res\mipmap-xxhdpi\ic_launcher_round.webp to C:\Users\user\Desktop\projects\Football Live Score (Topon)\Live Football\app\build\intermediates\merged_res\release\mipmap-xxhdpi_ic_launcher_round.webp.flat
Compiling XML table C:\Users\user\Desktop\projects\Football Live Score (Topon)\Live Football\app\build\intermediates\incremental\release\mergeReleaseResources\merged.dir\values-v17\values-v17.xml to C:\Users\user\Desktop\projects\Football Live Score (Topon)\Live Football\app\build\intermediates\merged_res\release\values-v17_values-v17.arsc.flat
Compiling XML table C:\Users\user\Desktop\projects\Football Live Score (Topon)\Live Football\app\build\intermediates\incremental\release\mergeReleaseResources\merged.dir\values-ar\values-ar.xml to C:\Users\user\Desktop\projects\Football Live Score (Topon)\Live Football\app\build\intermediates\merged_res\release\values-ar_values-ar.arsc.flat
Compiling XML table C:\Users\user\Desktop\projects\Football Live Score (Topon)\Live Football\app\build\intermediates\incremental\release\mergeReleaseResources\merged.dir\values-v27\values-v27.xml to C:\Users\user\Desktop\projects\Football Live Score (Topon)\Live Football\app\build\intermediates\merged_res\release\values-v27_values-v27.arsc.flat
Compiling XML table C:\Users\user\Desktop\projects\Football Live Score (Topon)\Live Football\app\build\intermediates\incremental\release\mergeReleaseResources\merged.dir\values-bs\values-bs.xml to C:\Users\user\Desktop\projects\Football Live Score (Topon)\Live Football\app\build\intermediates\merged_res\release\values-bs_values-bs.arsc.flat
Compiling XML table C:\Users\user\Desktop\projects\Football Live Score (Topon)\Live Football\app\build\intermediates\incremental\release\mergeReleaseResources\merged.dir\values-km\values-km.xml to C:\Users\user\Desktop\projects\Football Live Score (Topon)\Live Football\app\build\intermediates\merged_res\release\values-km_values-km.arsc.flat
Compiling XML table C:\Users\user\Desktop\projects\Football Live Score (Topon)\Live Football\app\build\intermediates\incremental\release\mergeReleaseResources\merged.dir\values-tl\values-tl.xml to C:\Users\user\Desktop\projects\Football Live Score (Topon)\Live Football\app\build\intermediates\merged_res\release\values-tl_values-tl.arsc.flat
Compiling XML table C:\Users\user\Desktop\projects\Football Live Score (Topon)\Live Football\app\build\intermediates\incremental\release\mergeReleaseResources\merged.dir\values-uk\values-uk.xml to C:\Users\user\Desktop\projects\Football Live Score (Topon)\Live Football\app\build\intermediates\merged_res\release\values-uk_values-uk.arsc.flat
Compiling XML table C:\Users\user\Desktop\projects\Football Live Score (Topon)\Live Football\app\build\intermediates\incremental\release\mergeReleaseResources\merged.dir\values-es\values-es.xml to C:\Users\user\Desktop\projects\Football Live Score (Topon)\Live Football\app\build\intermediates\merged_res\release\values-es_values-es.arsc.flat
Compiling XML table C:\Users\user\Desktop\projects\Football Live Score (Topon)\Live Football\app\build\intermediates\incremental\release\mergeReleaseResources\merged.dir\values-zh-rCN\values-zh-rCN.xml to C:\Users\user\Desktop\projects\Football Live Score (Topon)\Live Football\app\build\intermediates\merged_res\release\values-zh-rCN_values-zh-rCN.arsc.flat
Compiling XML table C:\Users\user\Desktop\projects\Football Live Score (Topon)\Live Football\app\build\intermediates\incremental\release\mergeReleaseResources\merged.dir\values-ldltr-v21\values-ldltr-v21.xml to C:\Users\user\Desktop\projects\Football Live Score (Topon)\Live Football\app\build\intermediates\merged_res\release\values-ldltr-v21_values-ldltr-v21.arsc.flat
Compiling XML table C:\Users\user\Desktop\projects\Football Live Score (Topon)\Live Football\app\build\intermediates\incremental\release\mergeReleaseResources\merged.dir\values-as\values-as.xml to C:\Users\user\Desktop\projects\Football Live Score (Topon)\Live Football\app\build\intermediates\merged_res\release\values-as_values-as.arsc.flat
Compiling XML table C:\Users\user\Desktop\projects\Football Live Score (Topon)\Live Football\app\build\intermediates\incremental\release\mergeReleaseResources\merged.dir\values-gu\values-gu.xml to C:\Users\user\Desktop\projects\Football Live Score (Topon)\Live Football\app\build\intermediates\merged_res\release\values-gu_values-gu.arsc.flat
Compiling xml file C:\Users\user\Desktop\projects\Football Live Score (Topon)\Live Football\app\src\main\res\drawable\football.xml to C:\Users\user\Desktop\projects\Football Live Score (Topon)\Live Football\app\build\intermediates\merged_res\release\drawable_football.xml.flat
Compiling xml file C:\Users\user\Desktop\projects\Football Live Score (Topon)\Live Football\app\src\main\res\drawable\draw.xml to C:\Users\user\Desktop\projects\Football Live Score (Topon)\Live Football\app\build\intermediates\merged_res\release\drawable_draw.xml.flat
Compiling xml file C:\Users\user\Desktop\projects\Football Live Score (Topon)\Live Football\app\src\main\res\drawable\exo_controls_previous.xml to C:\Users\user\Desktop\projects\Football Live Score (Topon)\Live Football\app\build\intermediates\merged_res\release\drawable_exo_controls_previous.xml.flat
Compiling xml file C:\Users\user\Desktop\projects\Football Live Score (Topon)\Live Football\app\src\main\res\drawable\background_box_main_gradient2.xml to C:\Users\user\Desktop\projects\Football Live Score (Topon)\Live Football\app\build\intermediates\merged_res\release\drawable_background_box_main_gradient2.xml.flat
Compiling file C:\Users\user\Desktop\projects\Football Live Score (Topon)\Live Football\app\src\main\res\mipmap-mdpi\ic_launcher_foreground.webp to C:\Users\user\Desktop\projects\Football Live Score (Topon)\Live Football\app\build\intermediates\merged_res\release\mipmap-mdpi_ic_launcher_foreground.webp.flat
Compiling XML table C:\Users\user\Desktop\projects\Football Live Score (Topon)\Live Football\app\build\intermediates\incremental\release\mergeReleaseResources\merged.dir\values-zu\values-zu.xml to C:\Users\user\Desktop\projects\Football Live Score (Topon)\Live Football\app\build\intermediates\merged_res\release\values-zu_values-zu.arsc.flat
Compiling xml file C:\Users\user\Desktop\projects\Football Live Score (Topon)\Live Football\app\src\main\res\drawable\ic_baseline_arrow_forward_ios_24.xml to C:\Users\user\Desktop\projects\Football Live Score (Topon)\Live Football\app\build\intermediates\merged_res\release\drawable_ic_baseline_arrow_forward_ios_24.xml.flat
Compiling XML table C:\Users\user\Desktop\projects\Football Live Score (Topon)\Live Football\app\build\intermediates\incremental\release\mergeReleaseResources\merged.dir\values-en-rCA\values-en-rCA.xml to C:\Users\user\Desktop\projects\Football Live Score (Topon)\Live Football\app\build\intermediates\merged_res\release\values-en-rCA_values-en-rCA.arsc.flat
Compiling xml file C:\Users\user\Desktop\projects\Football Live Score (Topon)\Live Football\app\src\main\res\drawable\ic_fullscreen_close.xml to C:\Users\user\Desktop\projects\Football Live Score (Topon)\Live Football\app\build\intermediates\merged_res\release\drawable_ic_fullscreen_close.xml.flat
Compiling xml file C:\Users\user\Desktop\projects\Football Live Score (Topon)\Live Football\app\src\main\res\mipmap-anydpi-v26\ic_launcher_round.xml to C:\Users\user\Desktop\projects\Football Live Score (Topon)\Live Football\app\build\intermediates\merged_res\release\mipmap-anydpi-v26_ic_launcher_round.xml.flat
Compiling XML table C:\Users\user\Desktop\projects\Football Live Score (Topon)\Live Football\app\build\intermediates\incremental\release\mergeReleaseResources\merged.dir\values-sv\values-sv.xml to C:\Users\user\Desktop\projects\Football Live Score (Topon)\Live Football\app\build\intermediates\merged_res\release\values-sv_values-sv.arsc.flat
Compiling xml file C:\Users\user\Desktop\projects\Football Live Score (Topon)\Live Football\app\src\main\res\drawable\ic_launcher_background_score24seven.xml to C:\Users\user\Desktop\projects\Football Live Score (Topon)\Live Football\app\build\intermediates\merged_res\release\drawable_ic_launcher_background_score24seven.xml.flat
Compiling xml file C:\Users\user\Desktop\projects\Football Live Score (Topon)\Live Football\app\src\main\res\drawable\cardview_selection.xml to C:\Users\user\Desktop\projects\Football Live Score (Topon)\Live Football\app\build\intermediates\merged_res\release\drawable_cardview_selection.xml.flat
Compiling XML table C:\Users\user\Desktop\projects\Football Live Score (Topon)\Live Football\app\build\intermediates\incremental\release\mergeReleaseResources\merged.dir\values-xlarge-v4\values-xlarge-v4.xml to C:\Users\user\Desktop\projects\Football Live Score (Topon)\Live Football\app\build\intermediates\merged_res\release\values-xlarge-v4_values-xlarge-v4.arsc.flat
Compiling xml file C:\Users\user\Desktop\projects\Football Live Score (Topon)\Live Football\app\src\main\res\drawable\score.xml to C:\Users\user\Desktop\projects\Football Live Score (Topon)\Live Football\app\build\intermediates\merged_res\release\drawable_score.xml.flat
Compiling XML table C:\Users\user\Desktop\projects\Football Live Score (Topon)\Live Football\app\build\intermediates\incremental\release\mergeReleaseResources\merged.dir\values-ur\values-ur.xml to C:\Users\user\Desktop\projects\Football Live Score (Topon)\Live Football\app\build\intermediates\merged_res\release\values-ur_values-ur.arsc.flat
Compiling XML table C:\Users\user\Desktop\projects\Football Live Score (Topon)\Live Football\app\build\intermediates\incremental\release\mergeReleaseResources\merged.dir\values-et\values-et.xml to C:\Users\user\Desktop\projects\Football Live Score (Topon)\Live Football\app\build\intermediates\merged_res\release\values-et_values-et.arsc.flat
Compiling XML table C:\Users\user\Desktop\projects\Football Live Score (Topon)\Live Football\app\build\intermediates\incremental\release\mergeReleaseResources\merged.dir\values-fi\values-fi.xml to C:\Users\user\Desktop\projects\Football Live Score (Topon)\Live Football\app\build\intermediates\merged_res\release\values-fi_values-fi.arsc.flat
Compiling XML table C:\Users\user\Desktop\projects\Football Live Score (Topon)\Live Football\app\build\intermediates\incremental\release\mergeReleaseResources\merged.dir\values-pa\values-pa.xml to C:\Users\user\Desktop\projects\Football Live Score (Topon)\Live Football\app\build\intermediates\merged_res\release\values-pa_values-pa.arsc.flat
Compiling xml file C:\Users\user\Desktop\projects\Football Live Score (Topon)\Live Football\app\src\main\res\drawable\win.xml to C:\Users\user\Desktop\projects\Football Live Score (Topon)\Live Football\app\build\intermediates\merged_res\release\drawable_win.xml.flat
Compiling xml file C:\Users\user\Desktop\projects\Football Live Score (Topon)\Live Football\app\src\main\res\drawable\baseline_notifications_active_24.xml to C:\Users\user\Desktop\projects\Football Live Score (Topon)\Live Football\app\build\intermediates\merged_res\release\drawable_baseline_notifications_active_24.xml.flat
Compiling xml file C:\Users\user\Desktop\projects\Football Live Score (Topon)\Live Football\app\src\main\res\drawable\box_active_color_without_stroke.xml to C:\Users\user\Desktop\projects\Football Live Score (Topon)\Live Football\app\build\intermediates\merged_res\release\drawable_box_active_color_without_stroke.xml.flat
Compiling file C:\Users\user\Desktop\projects\Football Live Score (Topon)\Live Football\app\src\main\res\mipmap-xxhdpi\ic_launcher_foreground.webp to C:\Users\user\Desktop\projects\Football Live Score (Topon)\Live Football\app\build\intermediates\merged_res\release\mipmap-xxhdpi_ic_launcher_foreground.webp.flat
Compiling xml file C:\Users\user\Desktop\projects\Football Live Score (Topon)\Live Football\app\src\main\res\drawable\admob_close_button_black_circle_white_cross.xml to C:\Users\user\Desktop\projects\Football Live Score (Topon)\Live Football\app\build\intermediates\merged_res\release\drawable_admob_close_button_black_circle_white_cross.xml.flat
Compiling xml file C:\Users\user\Desktop\projects\Football Live Score (Topon)\Live Football\app\src\main\res\drawable\exo_controls_shuffle.xml to C:\Users\user\Desktop\projects\Football Live Score (Topon)\Live Football\app\build\intermediates\merged_res\release\drawable_exo_controls_shuffle.xml.flat
Compiling xml file C:\Users\user\Desktop\projects\Football Live Score (Topon)\Live Football\app\src\main\res\drawable\bottom_round_corner.xml to C:\Users\user\Desktop\projects\Football Live Score (Topon)\Live Football\app\build\intermediates\merged_res\release\drawable_bottom_round_corner.xml.flat
Compiling xml file C:\Users\user\Desktop\projects\Football Live Score (Topon)\Live Football\app\src\main\res\drawable\lost.xml to C:\Users\user\Desktop\projects\Football Live Score (Topon)\Live Football\app\build\intermediates\merged_res\release\drawable_lost.xml.flat
Compiling xml file C:\Users\user\Desktop\projects\Football Live Score (Topon)\Live Football\app\src\main\res\drawable\box_active_color.xml to C:\Users\user\Desktop\projects\Football Live Score (Topon)\Live Football\app\build\intermediates\merged_res\release\drawable_box_active_color.xml.flat
Compiling xml file C:\Users\user\Desktop\projects\Football Live Score (Topon)\Live Football\app\src\main\res\drawable\ic_launcher_foreground_score24seven.xml to C:\Users\user\Desktop\projects\Football Live Score (Topon)\Live Football\app\build\intermediates\merged_res\release\drawable_ic_launcher_foreground_score24seven.xml.flat
Compiling xml file C:\Users\user\Desktop\projects\Football Live Score (Topon)\Live Football\app\src\main\res\drawable\ic_baseline_close_24.xml to C:\Users\user\Desktop\projects\Football Live Score (Topon)\Live Football\app\build\intermediates\merged_res\release\drawable_ic_baseline_close_24.xml.flat

> Task :app:processReleaseMainManifest UP-TO-DATE
Transforming material-1.11.0.aar (com.google.android.material:material:1.11.0) with JetifyTransform
Transforming material-1.11.0.aar (com.google.android.material:material:1.11.0) with ExtractAarTransform
Transforming material-1.11.0.aar (com.google.android.material:material:1.11.0) with AarTransform
Transforming lottie-compose-6.1.0.aar (com.airbnb.android:lottie-compose:6.1.0) with JetifyTransform
Transforming lottie-compose-6.1.0.aar (com.airbnb.android:lottie-compose:6.1.0) with ExtractAarTransform
Transforming lottie-compose-6.1.0.aar (com.airbnb.android:lottie-compose:6.1.0) with AarTransform
Transforming lottie-6.1.0.aar (com.airbnb.android:lottie:6.1.0) with JetifyTransform
Transforming lottie-6.1.0.aar (com.airbnb.android:lottie:6.1.0) with ExtractAarTransform
Transforming lottie-6.1.0.aar (com.airbnb.android:lottie:6.1.0) with AarTransform
Transforming coil-compose-2.5.0.aar (io.coil-kt:coil-compose:2.5.0) with JetifyTransform
Transforming coil-compose-2.5.0.aar (io.coil-kt:coil-compose:2.5.0) with ExtractAarTransform
Transforming coil-compose-2.5.0.aar (io.coil-kt:coil-compose:2.5.0) with AarTransform
Transforming coil-compose-base-2.5.0.aar (io.coil-kt:coil-compose-base:2.5.0) with JetifyTransform
Transforming coil-compose-base-2.5.0.aar (io.coil-kt:coil-compose-base:2.5.0) with ExtractAarTransform
Transforming coil-compose-base-2.5.0.aar (io.coil-kt:coil-compose-base:2.5.0) with AarTransform
Transforming coil-2.5.0.aar (io.coil-kt:coil:2.5.0) with JetifyTransform
Transforming coil-2.5.0.aar (io.coil-kt:coil:2.5.0) with ExtractAarTransform
Transforming coil-2.5.0.aar (io.coil-kt:coil:2.5.0) with AarTransform
Transforming coil-base-2.5.0.aar (io.coil-kt:coil-base:2.5.0) with JetifyTransform
Transforming coil-base-2.5.0.aar (io.coil-kt:coil-base:2.5.0) with ExtractAarTransform
Transforming coil-base-2.5.0.aar (io.coil-kt:coil-base:2.5.0) with AarTransform
Transforming appcompat-resources-1.6.1.aar (androidx.appcompat:appcompat-resources:1.6.1) with JetifyTransform
Transforming appcompat-resources-1.6.1.aar (androidx.appcompat:appcompat-resources:1.6.1) with ExtractAarTransform
Transforming appcompat-resources-1.6.1.aar (androidx.appcompat:appcompat-resources:1.6.1) with AarTransform
Transforming constraintlayout-2.0.1.aar (androidx.constraintlayout:constraintlayout:2.0.1) with JetifyTransform
Transforming constraintlayout-2.0.1.aar (androidx.constraintlayout:constraintlayout:2.0.1) with ExtractAarTransform
Transforming constraintlayout-2.0.1.aar (androidx.constraintlayout:constraintlayout:2.0.1) with AarTransform
Transforming appcompat-1.6.1.aar (androidx.appcompat:appcompat:1.6.1) with JetifyTransform
Transforming appcompat-1.6.1.aar (androidx.appcompat:appcompat:1.6.1) with ExtractAarTransform
Transforming appcompat-1.6.1.aar (androidx.appcompat:appcompat:1.6.1) with AarTransform
Transforming viewpager2-1.0.0.aar (androidx.viewpager2:viewpager2:1.0.0) with JetifyTransform
Transforming viewpager2-1.0.0.aar (androidx.viewpager2:viewpager2:1.0.0) with ExtractAarTransform
Transforming viewpager2-1.0.0.aar (androidx.viewpager2:viewpager2:1.0.0) with AarTransform
Transforming play-services-ads-22.6.0.aar (com.google.android.gms:play-services-ads:22.6.0) with JetifyTransform
Transforming play-services-ads-22.6.0.aar (com.google.android.gms:play-services-ads:22.6.0) with ExtractAarTransform
Transforming play-services-ads-22.6.0.aar (com.google.android.gms:play-services-ads:22.6.0) with AarTransform
Transforming play-services-appset-16.0.1.aar (com.google.android.gms:play-services-appset:16.0.1) with JetifyTransform
Transforming play-services-appset-16.0.1.aar (com.google.android.gms:play-services-appset:16.0.1) with ExtractAarTransform
Transforming play-services-appset-16.0.1.aar (com.google.android.gms:play-services-appset:16.0.1) with AarTransform
Transforming play-services-base-18.2.0.aar (com.google.android.gms:play-services-base:18.2.0) with JetifyTransform
Transforming play-services-base-18.2.0.aar (com.google.android.gms:play-services-base:18.2.0) with ExtractAarTransform
Transforming play-services-base-18.2.0.aar (com.google.android.gms:play-services-base:18.2.0) with AarTransform
Transforming play-services-base-18.2.0.aar (com.google.android.gms:play-services-base:18.2.0) with JetifyTransform
Transforming play-services-base-18.2.0.aar (com.google.android.gms:play-services-base:18.2.0) with ExtractAarTransform
Transforming play-services-base-18.2.0.aar (com.google.android.gms:play-services-base:18.2.0) with AarTransform
Transforming drawerlayout-1.1.1.aar (androidx.drawerlayout:drawerlayout:1.1.1) with JetifyTransform
Transforming drawerlayout-1.1.1.aar (androidx.drawerlayout:drawerlayout:1.1.1) with ExtractAarTransform
Transforming drawerlayout-1.1.1.aar (androidx.drawerlayout:drawerlayout:1.1.1) with AarTransform
Transforming coordinatorlayout-1.1.0.aar (androidx.coordinatorlayout:coordinatorlayout:1.1.0) with JetifyTransform
Transforming coordinatorlayout-1.1.0.aar (androidx.coordinatorlayout:coordinatorlayout:1.1.0) with ExtractAarTransform
Transforming coordinatorlayout-1.1.0.aar (androidx.coordinatorlayout:coordinatorlayout:1.1.0) with AarTransform
Transforming dynamicanimation-1.0.0.aar (androidx.dynamicanimation:dynamicanimation:1.0.0) with JetifyTransform
Transforming dynamicanimation-1.0.0.aar (androidx.dynamicanimation:dynamicanimation:1.0.0) with ExtractAarTransform
Transforming dynamicanimation-1.0.0.aar (androidx.dynamicanimation:dynamicanimation:1.0.0) with AarTransform
Transforming transition-1.2.0.aar (androidx.transition:transition:1.2.0) with JetifyTransform
Transforming transition-1.2.0.aar (androidx.transition:transition:1.2.0) with ExtractAarTransform
Transforming transition-1.2.0.aar (androidx.transition:transition:1.2.0) with AarTransform
Transforming vectordrawable-animated-1.1.0.aar (androidx.vectordrawable:vectordrawable-animated:1.1.0) with JetifyTransform
Transforming vectordrawable-animated-1.1.0.aar (androidx.vectordrawable:vectordrawable-animated:1.1.0) with ExtractAarTransform
Transforming vectordrawable-animated-1.1.0.aar (androidx.vectordrawable:vectordrawable-animated:1.1.0) with AarTransform
Transforming vectordrawable-1.1.0.aar (androidx.vectordrawable:vectordrawable:1.1.0) with JetifyTransform
Transforming vectordrawable-1.1.0.aar (androidx.vectordrawable:vectordrawable:1.1.0) with ExtractAarTransform
Transforming vectordrawable-1.1.0.aar (androidx.vectordrawable:vectordrawable:1.1.0) with AarTransform
Transforming vectordrawable-1.1.0.aar (androidx.vectordrawable:vectordrawable:1.1.0) with JetifyTransform
Transforming vectordrawable-1.1.0.aar (androidx.vectordrawable:vectordrawable:1.1.0) with ExtractAarTransform
Transforming vectordrawable-1.1.0.aar (androidx.vectordrawable:vectordrawable:1.1.0) with AarTransform
Transforming hilt-navigation-compose-1.1.0.aar (androidx.hilt:hilt-navigation-compose:1.1.0) with JetifyTransform
Transforming hilt-navigation-compose-1.1.0.aar (androidx.hilt:hilt-navigation-compose:1.1.0) with ExtractAarTransform
Transforming hilt-navigation-compose-1.1.0.aar (androidx.hilt:hilt-navigation-compose:1.1.0) with AarTransform
Transforming hilt-navigation-1.1.0.aar (androidx.hilt:hilt-navigation:1.1.0) with JetifyTransform
Transforming hilt-navigation-1.1.0.aar (androidx.hilt:hilt-navigation:1.1.0) with ExtractAarTransform
Transforming hilt-navigation-1.1.0.aar (androidx.hilt:hilt-navigation:1.1.0) with AarTransform
Transforming navigation-common-2.7.6.aar (androidx.navigation:navigation-common:2.7.6) with JetifyTransform
Transforming navigation-common-2.7.6.aar (androidx.navigation:navigation-common:2.7.6) with ExtractAarTransform
Transforming navigation-common-2.7.6.aar (androidx.navigation:navigation-common:2.7.6) with AarTransform
Transforming navigation-runtime-2.7.6.aar (androidx.navigation:navigation-runtime:2.7.6) with JetifyTransform
Transforming navigation-runtime-2.7.6.aar (androidx.navigation:navigation-runtime:2.7.6) with ExtractAarTransform
Transforming navigation-runtime-2.7.6.aar (androidx.navigation:navigation-runtime:2.7.6) with AarTransform
Transforming navigation-common-ktx-2.7.6.aar (androidx.navigation:navigation-common-ktx:2.7.6) with JetifyTransform
Transforming navigation-common-ktx-2.7.6.aar (androidx.navigation:navigation-common-ktx:2.7.6) with ExtractAarTransform
Transforming navigation-common-ktx-2.7.6.aar (androidx.navigation:navigation-common-ktx:2.7.6) with AarTransform
Transforming navigation-runtime-ktx-2.7.6.aar (androidx.navigation:navigation-runtime-ktx:2.7.6) with JetifyTransform
Transforming navigation-runtime-ktx-2.7.6.aar (androidx.navigation:navigation-runtime-ktx:2.7.6) with ExtractAarTransform
Transforming navigation-runtime-ktx-2.7.6.aar (androidx.navigation:navigation-runtime-ktx:2.7.6) with AarTransform
Transforming navigation-compose-2.7.6.aar (androidx.navigation:navigation-compose:2.7.6) with JetifyTransform
Transforming navigation-compose-2.7.6.aar (androidx.navigation:navigation-compose:2.7.6) with ExtractAarTransform
Transforming navigation-compose-2.7.6.aar (androidx.navigation:navigation-compose:2.7.6) with AarTransform
Transforming accompanist-permissions-0.32.0.aar (com.google.accompanist:accompanist-permissions:0.32.0) with JetifyTransform
Transforming accompanist-permissions-0.32.0.aar (com.google.accompanist:accompanist-permissions:0.32.0) with ExtractAarTransform
Transforming accompanist-permissions-0.32.0.aar (com.google.accompanist:accompanist-permissions:0.32.0) with AarTransform
Transforming room-ktx-2.6.1.aar (androidx.room:room-ktx:2.6.1) with JetifyTransform
Transforming room-ktx-2.6.1.aar (androidx.room:room-ktx:2.6.1) with ExtractAarTransform
Transforming room-ktx-2.6.1.aar (androidx.room:room-ktx:2.6.1) with AarTransform
Transforming play-services-ads-lite-22.6.0.aar (com.google.android.gms:play-services-ads-lite:22.6.0) with JetifyTransform
Transforming play-services-ads-lite-22.6.0.aar (com.google.android.gms:play-services-ads-lite:22.6.0) with ExtractAarTransform
Transforming play-services-ads-lite-22.6.0.aar (com.google.android.gms:play-services-ads-lite:22.6.0) with AarTransform
Transforming work-runtime-2.7.0.aar (androidx.work:work-runtime:2.7.0) with JetifyTransform
Transforming work-runtime-2.7.0.aar (androidx.work:work-runtime:2.7.0) with ExtractAarTransform
Transforming work-runtime-2.7.0.aar (androidx.work:work-runtime:2.7.0) with AarTransform
Transforming room-runtime-2.6.1.aar (androidx.room:room-runtime:2.6.1) with JetifyTransform
Transforming room-runtime-2.6.1.aar (androidx.room:room-runtime:2.6.1) with ExtractAarTransform
Transforming room-runtime-2.6.1.aar (androidx.room:room-runtime:2.6.1) with AarTransform
Transforming room-paging-2.6.1.aar (androidx.room:room-paging:2.6.1) with JetifyTransform
Transforming room-paging-2.6.1.aar (androidx.room:room-paging:2.6.1) with ExtractAarTransform
Transforming room-paging-2.6.1.aar (androidx.room:room-paging:2.6.1) with AarTransform
Transforming paging-runtime-3.2.1.aar (androidx.paging:paging-runtime:3.2.1) with JetifyTransform
Transforming paging-runtime-3.2.1.aar (androidx.paging:paging-runtime:3.2.1) with ExtractAarTransform
Transforming paging-runtime-3.2.1.aar (androidx.paging:paging-runtime:3.2.1) with AarTransform
Transforming paging-runtime-ktx-3.2.1.aar (androidx.paging:paging-runtime-ktx:3.2.1) with JetifyTransform
Transforming paging-runtime-ktx-3.2.1.aar (androidx.paging:paging-runtime-ktx:3.2.1) with ExtractAarTransform
Transforming paging-runtime-ktx-3.2.1.aar (androidx.paging:paging-runtime-ktx:3.2.1) with AarTransform
Transforming paging-compose-3.2.1.aar (androidx.paging:paging-compose:3.2.1) with JetifyTransform
Transforming paging-compose-3.2.1.aar (androidx.paging:paging-compose:3.2.1) with ExtractAarTransform
Transforming paging-compose-3.2.1.aar (androidx.paging:paging-compose:3.2.1) with AarTransform
Transforming material3-release.aar (androidx.compose.material3:material3-android:1.2.0) with JetifyTransform
Transforming material3-release.aar (androidx.compose.material3:material3-android:1.2.0) with ExtractAarTransform
Transforming material3-release.aar (androidx.compose.material3:material3-android:1.2.0) with AarTransform
Transforming material-ripple-release.aar (androidx.compose.material:material-ripple-android:1.6.1) with JetifyTransform
Transforming material-ripple-release.aar (androidx.compose.material:material-ripple-android:1.6.1) with ExtractAarTransform
Transforming material-ripple-release.aar (androidx.compose.material:material-ripple-android:1.6.1) with AarTransform
Transforming material-icons-core-release.aar (androidx.compose.material:material-icons-core-android:1.6.1) with JetifyTransform
Transforming material-icons-core-release.aar (androidx.compose.material:material-icons-core-android:1.6.1) with ExtractAarTransform
Transforming material-icons-core-release.aar (androidx.compose.material:material-icons-core-android:1.6.1) with AarTransform
Transforming material-release.aar (androidx.compose.material:material-android:1.6.1) with JetifyTransform
Transforming material-release.aar (androidx.compose.material:material-android:1.6.1) with ExtractAarTransform
Transforming material-release.aar (androidx.compose.material:material-android:1.6.1) with AarTransform
Transforming animation-core-release.aar (androidx.compose.animation:animation-core-android:1.6.1) with JetifyTransform
Transforming animation-core-release.aar (androidx.compose.animation:animation-core-android:1.6.1) with ExtractAarTransform
Transforming animation-core-release.aar (androidx.compose.animation:animation-core-android:1.6.1) with AarTransform
Transforming animation-release.aar (androidx.compose.animation:animation-android:1.6.1) with JetifyTransform
Transforming animation-release.aar (androidx.compose.animation:animation-android:1.6.1) with ExtractAarTransform
Transforming animation-release.aar (androidx.compose.animation:animation-android:1.6.1) with AarTransform
Transforming foundation-layout-release.aar (androidx.compose.foundation:foundation-layout-android:1.6.1) with JetifyTransform
Transforming foundation-layout-release.aar (androidx.compose.foundation:foundation-layout-android:1.6.1) with ExtractAarTransform
Transforming foundation-layout-release.aar (androidx.compose.foundation:foundation-layout-android:1.6.1) with AarTransform
Transforming foundation-release.aar (androidx.compose.foundation:foundation-android:1.6.1) with JetifyTransform
Transforming foundation-release.aar (androidx.compose.foundation:foundation-android:1.6.1) with ExtractAarTransform
Transforming foundation-release.aar (androidx.compose.foundation:foundation-android:1.6.1) with AarTransform
Transforming ui-unit-release.aar (androidx.compose.ui:ui-unit-android:1.6.1) with JetifyTransform
Transforming ui-unit-release.aar (androidx.compose.ui:ui-unit-android:1.6.1) with ExtractAarTransform
Transforming ui-unit-release.aar (androidx.compose.ui:ui-unit-android:1.6.1) with AarTransform
Transforming ui-geometry-release.aar (androidx.compose.ui:ui-geometry-android:1.6.1) with JetifyTransform
Transforming ui-geometry-release.aar (androidx.compose.ui:ui-geometry-android:1.6.1) with ExtractAarTransform
Transforming ui-geometry-release.aar (androidx.compose.ui:ui-geometry-android:1.6.1) with AarTransform
Transforming ui-util-release.aar (androidx.compose.ui:ui-util-android:1.6.1) with JetifyTransform
Transforming ui-util-release.aar (androidx.compose.ui:ui-util-android:1.6.1) with ExtractAarTransform
Transforming ui-util-release.aar (androidx.compose.ui:ui-util-android:1.6.1) with AarTransform
Transforming ui-text-release.aar (androidx.compose.ui:ui-text-android:1.6.1) with JetifyTransform
Transforming ui-text-release.aar (androidx.compose.ui:ui-text-android:1.6.1) with ExtractAarTransform
Transforming ui-text-release.aar (androidx.compose.ui:ui-text-android:1.6.1) with AarTransform
Transforming ui-tooling-preview-release.aar (androidx.compose.ui:ui-tooling-preview-android:1.6.1) with JetifyTransform
Transforming ui-tooling-preview-release.aar (androidx.compose.ui:ui-tooling-preview-android:1.6.1) with ExtractAarTransform
Transforming ui-tooling-preview-release.aar (androidx.compose.ui:ui-tooling-preview-android:1.6.1) with AarTransform
Transforming ui-graphics-release.aar (androidx.compose.ui:ui-graphics-android:1.6.1) with JetifyTransform
Transforming ui-graphics-release.aar (androidx.compose.ui:ui-graphics-android:1.6.1) with ExtractAarTransform
Transforming ui-graphics-release.aar (androidx.compose.ui:ui-graphics-android:1.6.1) with AarTransform
Transforming runtime-saveable-release.aar (androidx.compose.runtime:runtime-saveable-android:1.6.1) with JetifyTransform
Transforming runtime-saveable-release.aar (androidx.compose.runtime:runtime-saveable-android:1.6.1) with ExtractAarTransform
Transforming runtime-saveable-release.aar (androidx.compose.runtime:runtime-saveable-android:1.6.1) with AarTransform
Transforming runtime-release.aar (androidx.compose.runtime:runtime-android:1.6.1) with JetifyTransform
Transforming runtime-release.aar (androidx.compose.runtime:runtime-android:1.6.1) with ExtractAarTransform
Transforming runtime-release.aar (androidx.compose.runtime:runtime-android:1.6.1) with AarTransform
Transforming runtime-livedata-1.6.1.aar (androidx.compose.runtime:runtime-livedata:1.6.1) with JetifyTransform
Transforming runtime-livedata-1.6.1.aar (androidx.compose.runtime:runtime-livedata:1.6.1) with ExtractAarTransform
Transforming runtime-livedata-1.6.1.aar (androidx.compose.runtime:runtime-livedata:1.6.1) with AarTransform
Transforming hilt-android-2.49.aar (com.google.dagger:hilt-android:2.49) with JetifyTransform
Transforming hilt-android-2.49.aar (com.google.dagger:hilt-android:2.49) with ExtractAarTransform
Transforming hilt-android-2.49.aar (com.google.dagger:hilt-android:2.49) with AarTransform
Transforming play-services-tasks-18.0.2.aar (com.google.android.gms:play-services-tasks:18.0.2) with JetifyTransform
Transforming play-services-tasks-18.0.2.aar (com.google.android.gms:play-services-tasks:18.0.2) with ExtractAarTransform
Transforming play-services-tasks-18.0.2.aar (com.google.android.gms:play-services-tasks:18.0.2) with AarTransform
Transforming play-services-tasks-18.0.2.aar (com.google.android.gms:play-services-tasks:18.0.2) with JetifyTransform
Transforming play-services-tasks-18.0.2.aar (com.google.android.gms:play-services-tasks:18.0.2) with ExtractAarTransform
Transforming play-services-tasks-18.0.2.aar (com.google.android.gms:play-services-tasks:18.0.2) with AarTransform
Transforming play-services-tasks-18.0.2.aar (com.google.android.gms:play-services-tasks:18.0.2) with JetifyTransform
Transforming play-services-tasks-18.0.2.aar (com.google.android.gms:play-services-tasks:18.0.2) with ExtractAarTransform
Transforming play-services-tasks-18.0.2.aar (com.google.android.gms:play-services-tasks:18.0.2) with AarTransform
Transforming play-services-ads-base-22.6.0.aar (com.google.android.gms:play-services-ads-base:22.6.0) with JetifyTransform
Transforming play-services-ads-base-22.6.0.aar (com.google.android.gms:play-services-ads-base:22.6.0) with ExtractAarTransform
Transforming play-services-ads-base-22.6.0.aar (com.google.android.gms:play-services-ads-base:22.6.0) with AarTransform
Transforming play-services-ads-base-22.6.0.aar (com.google.android.gms:play-services-ads-base:22.6.0) with JetifyTransform
Transforming play-services-ads-base-22.6.0.aar (com.google.android.gms:play-services-ads-base:22.6.0) with ExtractAarTransform
Transforming play-services-ads-base-22.6.0.aar (com.google.android.gms:play-services-ads-base:22.6.0) with AarTransform
Transforming user-messaging-platform-2.1.0.aar (com.google.android.ump:user-messaging-platform:2.1.0) with JetifyTransform
Transforming user-messaging-platform-2.1.0.aar (com.google.android.ump:user-messaging-platform:2.1.0) with ExtractAarTransform
Transforming user-messaging-platform-2.1.0.aar (com.google.android.ump:user-messaging-platform:2.1.0) with AarTransform
Transforming play-services-ads-identifier-18.0.0.aar (com.google.android.gms:play-services-ads-identifier:18.0.0) with JetifyTransform
Transforming play-services-ads-identifier-18.0.0.aar (com.google.android.gms:play-services-ads-identifier:18.0.0) with ExtractAarTransform
Transforming play-services-ads-identifier-18.0.0.aar (com.google.android.gms:play-services-ads-identifier:18.0.0) with AarTransform
Transforming play-services-ads-identifier-18.0.0.aar (com.google.android.gms:play-services-ads-identifier:18.0.0) with JetifyTransform
Transforming play-services-ads-identifier-18.0.0.aar (com.google.android.gms:play-services-ads-identifier:18.0.0) with ExtractAarTransform
Transforming play-services-ads-identifier-18.0.0.aar (com.google.android.gms:play-services-ads-identifier:18.0.0) with AarTransform
Transforming play-services-measurement-sdk-api-20.1.2.aar (com.google.android.gms:play-services-measurement-sdk-api:20.1.2) with JetifyTransform
Transforming play-services-measurement-sdk-api-20.1.2.aar (com.google.android.gms:play-services-measurement-sdk-api:20.1.2) with ExtractAarTransform
Transforming play-services-measurement-sdk-api-20.1.2.aar (com.google.android.gms:play-services-measurement-sdk-api:20.1.2) with AarTransform
Transforming play-services-measurement-base-20.1.2.aar (com.google.android.gms:play-services-measurement-base:20.1.2) with JetifyTransform
Transforming play-services-measurement-base-20.1.2.aar (com.google.android.gms:play-services-measurement-base:20.1.2) with ExtractAarTransform
Transforming play-services-measurement-base-20.1.2.aar (com.google.android.gms:play-services-measurement-base:20.1.2) with AarTransform
Transforming play-services-basement-18.2.0.aar (com.google.android.gms:play-services-basement:18.2.0) with JetifyTransform
Transforming play-services-basement-18.2.0.aar (com.google.android.gms:play-services-basement:18.2.0) with ExtractAarTransform
Transforming play-services-basement-18.2.0.aar (com.google.android.gms:play-services-basement:18.2.0) with AarTransform
Transforming play-services-basement-18.2.0.aar (com.google.android.gms:play-services-basement:18.2.0) with JetifyTransform
Transforming play-services-basement-18.2.0.aar (com.google.android.gms:play-services-basement:18.2.0) with ExtractAarTransform
Transforming play-services-basement-18.2.0.aar (com.google.android.gms:play-services-basement:18.2.0) with AarTransform
Transforming play-services-basement-18.2.0.aar (com.google.android.gms:play-services-basement:18.2.0) with JetifyTransform
Transforming play-services-basement-18.2.0.aar (com.google.android.gms:play-services-basement:18.2.0) with ExtractAarTransform
Transforming play-services-basement-18.2.0.aar (com.google.android.gms:play-services-basement:18.2.0) with AarTransform
Transforming play-services-basement-18.2.0.aar (com.google.android.gms:play-services-basement:18.2.0) with JetifyTransform
Transforming play-services-basement-18.2.0.aar (com.google.android.gms:play-services-basement:18.2.0) with ExtractAarTransform
Transforming play-services-basement-18.2.0.aar (com.google.android.gms:play-services-basement:18.2.0) with AarTransform
Transforming play-services-basement-18.2.0.aar (com.google.android.gms:play-services-basement:18.2.0) with JetifyTransform
Transforming play-services-basement-18.2.0.aar (com.google.android.gms:play-services-basement:18.2.0) with ExtractAarTransform
Transforming play-services-basement-18.2.0.aar (com.google.android.gms:play-services-basement:18.2.0) with AarTransform
Transforming play-services-basement-18.2.0.aar (com.google.android.gms:play-services-basement:18.2.0) with JetifyTransform
Transforming play-services-basement-18.2.0.aar (com.google.android.gms:play-services-basement:18.2.0) with ExtractAarTransform
Transforming play-services-basement-18.2.0.aar (com.google.android.gms:play-services-basement:18.2.0) with AarTransform
Transforming play-services-basement-18.2.0.aar (com.google.android.gms:play-services-basement:18.2.0) with JetifyTransform
Transforming play-services-basement-18.2.0.aar (com.google.android.gms:play-services-basement:18.2.0) with ExtractAarTransform
Transforming play-services-basement-18.2.0.aar (com.google.android.gms:play-services-basement:18.2.0) with AarTransform
Transforming play-services-basement-18.2.0.aar (com.google.android.gms:play-services-basement:18.2.0) with JetifyTransform
Transforming play-services-basement-18.2.0.aar (com.google.android.gms:play-services-basement:18.2.0) with ExtractAarTransform
Transforming play-services-basement-18.2.0.aar (com.google.android.gms:play-services-basement:18.2.0) with AarTransform
Transforming play-services-basement-18.2.0.aar (com.google.android.gms:play-services-basement:18.2.0) with JetifyTransform
Transforming play-services-basement-18.2.0.aar (com.google.android.gms:play-services-basement:18.2.0) with ExtractAarTransform
Transforming play-services-basement-18.2.0.aar (com.google.android.gms:play-services-basement:18.2.0) with AarTransform
Transforming play-services-basement-18.2.0.aar (com.google.android.gms:play-services-basement:18.2.0) with JetifyTransform
Transforming play-services-basement-18.2.0.aar (com.google.android.gms:play-services-basement:18.2.0) with ExtractAarTransform
Transforming play-services-basement-18.2.0.aar (com.google.android.gms:play-services-basement:18.2.0) with AarTransform
Transforming fragment-1.5.1.aar (androidx.fragment:fragment:1.5.1) with JetifyTransform
Transforming fragment-1.5.1.aar (androidx.fragment:fragment:1.5.1) with ExtractAarTransform
Transforming fragment-1.5.1.aar (androidx.fragment:fragment:1.5.1) with AarTransform
Transforming fragment-1.5.1.aar (androidx.fragment:fragment:1.5.1) with JetifyTransform
Transforming fragment-1.5.1.aar (androidx.fragment:fragment:1.5.1) with ExtractAarTransform
Transforming fragment-1.5.1.aar (androidx.fragment:fragment:1.5.1) with AarTransform
Transforming fragment-1.5.1.aar (androidx.fragment:fragment:1.5.1) with JetifyTransform
Transforming fragment-1.5.1.aar (androidx.fragment:fragment:1.5.1) with ExtractAarTransform
Transforming fragment-1.5.1.aar (androidx.fragment:fragment:1.5.1) with AarTransform
Transforming fragment-1.5.1.aar (androidx.fragment:fragment:1.5.1) with JetifyTransform
Transforming fragment-1.5.1.aar (androidx.fragment:fragment:1.5.1) with ExtractAarTransform
Transforming fragment-1.5.1.aar (androidx.fragment:fragment:1.5.1) with AarTransform
Transforming emoji2-views-helper-1.3.0.aar (androidx.emoji2:emoji2-views-helper:1.3.0) with JetifyTransform
Transforming emoji2-views-helper-1.3.0.aar (androidx.emoji2:emoji2-views-helper:1.3.0) with ExtractAarTransform
Transforming emoji2-views-helper-1.3.0.aar (androidx.emoji2:emoji2-views-helper:1.3.0) with AarTransform
Transforming emoji2-1.3.0.aar (androidx.emoji2:emoji2:1.3.0) with JetifyTransform
Transforming emoji2-1.3.0.aar (androidx.emoji2:emoji2:1.3.0) with ExtractAarTransform
Transforming emoji2-1.3.0.aar (androidx.emoji2:emoji2:1.3.0) with AarTransform
Transforming lifecycle-process-2.7.0.aar (androidx.lifecycle:lifecycle-process:2.7.0) with JetifyTransform
Transforming lifecycle-process-2.7.0.aar (androidx.lifecycle:lifecycle-process:2.7.0) with ExtractAarTransform
Transforming lifecycle-process-2.7.0.aar (androidx.lifecycle:lifecycle-process:2.7.0) with AarTransform
Transforming lifecycle-service-2.7.0.aar (androidx.lifecycle:lifecycle-service:2.7.0) with JetifyTransform
Transforming lifecycle-service-2.7.0.aar (androidx.lifecycle:lifecycle-service:2.7.0) with ExtractAarTransform
Transforming lifecycle-service-2.7.0.aar (androidx.lifecycle:lifecycle-service:2.7.0) with AarTransform
Transforming lifecycle-livedata-core-ktx-2.7.0.aar (androidx.lifecycle:lifecycle-livedata-core-ktx:2.7.0) with JetifyTransform
Transforming lifecycle-livedata-core-ktx-2.7.0.aar (androidx.lifecycle:lifecycle-livedata-core-ktx:2.7.0) with ExtractAarTransform
Transforming lifecycle-livedata-core-ktx-2.7.0.aar (androidx.lifecycle:lifecycle-livedata-core-ktx:2.7.0) with AarTransform
Transforming lifecycle-livedata-ktx-2.7.0.aar (androidx.lifecycle:lifecycle-livedata-ktx:2.7.0) with JetifyTransform
Transforming lifecycle-livedata-ktx-2.7.0.aar (androidx.lifecycle:lifecycle-livedata-ktx:2.7.0) with ExtractAarTransform
Transforming lifecycle-livedata-ktx-2.7.0.aar (androidx.lifecycle:lifecycle-livedata-ktx:2.7.0) with AarTransform
Transforming lifecycle-livedata-core-2.7.0.aar (androidx.lifecycle:lifecycle-livedata-core:2.7.0) with JetifyTransform
Transforming lifecycle-livedata-core-2.7.0.aar (androidx.lifecycle:lifecycle-livedata-core:2.7.0) with ExtractAarTransform
Transforming lifecycle-livedata-core-2.7.0.aar (androidx.lifecycle:lifecycle-livedata-core:2.7.0) with AarTransform
Transforming legacy-support-core-utils-1.0.0.aar (androidx.legacy:legacy-support-core-utils:1.0.0) with JetifyTransform
Transforming legacy-support-core-utils-1.0.0.aar (androidx.legacy:legacy-support-core-utils:1.0.0) with ExtractAarTransform
Transforming legacy-support-core-utils-1.0.0.aar (androidx.legacy:legacy-support-core-utils:1.0.0) with AarTransform
Transforming loader-1.0.0.aar (androidx.loader:loader:1.0.0) with JetifyTransform
Transforming loader-1.0.0.aar (androidx.loader:loader:1.0.0) with ExtractAarTransform
Transforming loader-1.0.0.aar (androidx.loader:loader:1.0.0) with AarTransform
Transforming loader-1.0.0.aar (androidx.loader:loader:1.0.0) with JetifyTransform
Transforming loader-1.0.0.aar (androidx.loader:loader:1.0.0) with ExtractAarTransform
Transforming loader-1.0.0.aar (androidx.loader:loader:1.0.0) with AarTransform
Transforming lifecycle-livedata-2.7.0.aar (androidx.lifecycle:lifecycle-livedata:2.7.0) with JetifyTransform
Transforming lifecycle-livedata-2.7.0.aar (androidx.lifecycle:lifecycle-livedata:2.7.0) with ExtractAarTransform
Transforming lifecycle-livedata-2.7.0.aar (androidx.lifecycle:lifecycle-livedata:2.7.0) with AarTransform
Transforming lifecycle-livedata-2.7.0.aar (androidx.lifecycle:lifecycle-livedata:2.7.0) with JetifyTransform
Transforming lifecycle-livedata-2.7.0.aar (androidx.lifecycle:lifecycle-livedata:2.7.0) with ExtractAarTransform
Transforming lifecycle-livedata-2.7.0.aar (androidx.lifecycle:lifecycle-livedata:2.7.0) with AarTransform
Transforming savedstate-ktx-1.2.1.aar (androidx.savedstate:savedstate-ktx:1.2.1) with JetifyTransform
Transforming savedstate-ktx-1.2.1.aar (androidx.savedstate:savedstate-ktx:1.2.1) with ExtractAarTransform
Transforming savedstate-ktx-1.2.1.aar (androidx.savedstate:savedstate-ktx:1.2.1) with AarTransform
Transforming savedstate-1.2.1.aar (androidx.savedstate:savedstate:1.2.1) with JetifyTransform
Transforming savedstate-1.2.1.aar (androidx.savedstate:savedstate:1.2.1) with ExtractAarTransform
Transforming savedstate-1.2.1.aar (androidx.savedstate:savedstate:1.2.1) with AarTransform
Transforming lifecycle-viewmodel-savedstate-2.7.0.aar (androidx.lifecycle:lifecycle-viewmodel-savedstate:2.7.0) with JetifyTransform
Transforming lifecycle-viewmodel-savedstate-2.7.0.aar (androidx.lifecycle:lifecycle-viewmodel-savedstate:2.7.0) with ExtractAarTransform
Transforming lifecycle-viewmodel-savedstate-2.7.0.aar (androidx.lifecycle:lifecycle-viewmodel-savedstate:2.7.0) with AarTransform
Transforming lifecycle-viewmodel-ktx-2.7.0.aar (androidx.lifecycle:lifecycle-viewmodel-ktx:2.7.0) with JetifyTransform
Transforming lifecycle-viewmodel-ktx-2.7.0.aar (androidx.lifecycle:lifecycle-viewmodel-ktx:2.7.0) with ExtractAarTransform
Transforming lifecycle-viewmodel-ktx-2.7.0.aar (androidx.lifecycle:lifecycle-viewmodel-ktx:2.7.0) with AarTransform
Transforming lifecycle-viewmodel-2.7.0.aar (androidx.lifecycle:lifecycle-viewmodel:2.7.0) with JetifyTransform
Transforming lifecycle-viewmodel-2.7.0.aar (androidx.lifecycle:lifecycle-viewmodel:2.7.0) with ExtractAarTransform
Transforming lifecycle-viewmodel-2.7.0.aar (androidx.lifecycle:lifecycle-viewmodel:2.7.0) with AarTransform
Transforming lifecycle-viewmodel-2.7.0.aar (androidx.lifecycle:lifecycle-viewmodel:2.7.0) with JetifyTransform
Transforming lifecycle-viewmodel-2.7.0.aar (androidx.lifecycle:lifecycle-viewmodel:2.7.0) with ExtractAarTransform
Transforming lifecycle-viewmodel-2.7.0.aar (androidx.lifecycle:lifecycle-viewmodel:2.7.0) with AarTransform
Transforming lifecycle-runtime-2.7.0.aar (androidx.lifecycle:lifecycle-runtime:2.7.0) with JetifyTransform
Transforming lifecycle-runtime-2.7.0.aar (androidx.lifecycle:lifecycle-runtime:2.7.0) with ExtractAarTransform
Transforming lifecycle-runtime-2.7.0.aar (androidx.lifecycle:lifecycle-runtime:2.7.0) with AarTransform
Transforming lifecycle-runtime-ktx-2.7.0.aar (androidx.lifecycle:lifecycle-runtime-ktx:2.7.0) with JetifyTransform
Transforming lifecycle-runtime-ktx-2.7.0.aar (androidx.lifecycle:lifecycle-runtime-ktx:2.7.0) with ExtractAarTransform
Transforming lifecycle-runtime-ktx-2.7.0.aar (androidx.lifecycle:lifecycle-runtime-ktx:2.7.0) with AarTransform
Transforming lifecycle-viewmodel-compose-2.7.0.aar (androidx.lifecycle:lifecycle-viewmodel-compose:2.7.0) with JetifyTransform
Transforming lifecycle-viewmodel-compose-2.7.0.aar (androidx.lifecycle:lifecycle-viewmodel-compose:2.7.0) with ExtractAarTransform
Transforming lifecycle-viewmodel-compose-2.7.0.aar (androidx.lifecycle:lifecycle-viewmodel-compose:2.7.0) with AarTransform
Transforming accompanist-drawablepainter-0.32.0.aar (com.google.accompanist:accompanist-drawablepainter:0.32.0) with JetifyTransform
Transforming accompanist-drawablepainter-0.32.0.aar (com.google.accompanist:accompanist-drawablepainter:0.32.0) with ExtractAarTransform
Transforming accompanist-drawablepainter-0.32.0.aar (com.google.accompanist:accompanist-drawablepainter:0.32.0) with AarTransform
Transforming ui-release.aar (androidx.compose.ui:ui-android:1.6.1) with JetifyTransform
Transforming ui-release.aar (androidx.compose.ui:ui-android:1.6.1) with ExtractAarTransform
Transforming ui-release.aar (androidx.compose.ui:ui-android:1.6.1) with AarTransform
Transforming activity-ktx-1.8.2.aar (androidx.activity:activity-ktx:1.8.2) with JetifyTransform
Transforming activity-ktx-1.8.2.aar (androidx.activity:activity-ktx:1.8.2) with ExtractAarTransform
Transforming activity-ktx-1.8.2.aar (androidx.activity:activity-ktx:1.8.2) with AarTransform
Transforming activity-compose-1.8.2.aar (androidx.activity:activity-compose:1.8.2) with JetifyTransform
Transforming activity-compose-1.8.2.aar (androidx.activity:activity-compose:1.8.2) with ExtractAarTransform
Transforming activity-compose-1.8.2.aar (androidx.activity:activity-compose:1.8.2) with AarTransform
Transforming activity-1.8.2.aar (androidx.activity:activity:1.8.2) with JetifyTransform
Transforming activity-1.8.2.aar (androidx.activity:activity:1.8.2) with ExtractAarTransform
Transforming activity-1.8.2.aar (androidx.activity:activity:1.8.2) with AarTransform
Transforming exoplayer-2.19.1.aar (com.google.android.exoplayer:exoplayer:2.19.1) with JetifyTransform
Transforming exoplayer-2.19.1.aar (com.google.android.exoplayer:exoplayer:2.19.1) with ExtractAarTransform
Transforming exoplayer-2.19.1.aar (com.google.android.exoplayer:exoplayer:2.19.1) with AarTransform
Transforming exoplayer-dash-2.19.1.aar (com.google.android.exoplayer:exoplayer-dash:2.19.1) with JetifyTransform
Transforming exoplayer-dash-2.19.1.aar (com.google.android.exoplayer:exoplayer-dash:2.19.1) with ExtractAarTransform
Transforming exoplayer-dash-2.19.1.aar (com.google.android.exoplayer:exoplayer-dash:2.19.1) with AarTransform
Transforming exoplayer-hls-2.19.1.aar (com.google.android.exoplayer:exoplayer-hls:2.19.1) with JetifyTransform
Transforming exoplayer-hls-2.19.1.aar (com.google.android.exoplayer:exoplayer-hls:2.19.1) with ExtractAarTransform
Transforming exoplayer-hls-2.19.1.aar (com.google.android.exoplayer:exoplayer-hls:2.19.1) with AarTransform
Transforming exoplayer-rtsp-2.19.1.aar (com.google.android.exoplayer:exoplayer-rtsp:2.19.1) with JetifyTransform
Transforming exoplayer-rtsp-2.19.1.aar (com.google.android.exoplayer:exoplayer-rtsp:2.19.1) with ExtractAarTransform
Transforming exoplayer-rtsp-2.19.1.aar (com.google.android.exoplayer:exoplayer-rtsp:2.19.1) with AarTransform
Transforming exoplayer-smoothstreaming-2.19.1.aar (com.google.android.exoplayer:exoplayer-smoothstreaming:2.19.1) with JetifyTransform
Transforming exoplayer-smoothstreaming-2.19.1.aar (com.google.android.exoplayer:exoplayer-smoothstreaming:2.19.1) with ExtractAarTransform
Transforming exoplayer-smoothstreaming-2.19.1.aar (com.google.android.exoplayer:exoplayer-smoothstreaming:2.19.1) with AarTransform
Transforming exoplayer-core-2.19.1.aar (com.google.android.exoplayer:exoplayer-core:2.19.1) with JetifyTransform
Transforming exoplayer-core-2.19.1.aar (com.google.android.exoplayer:exoplayer-core:2.19.1) with ExtractAarTransform
Transforming exoplayer-core-2.19.1.aar (com.google.android.exoplayer:exoplayer-core:2.19.1) with AarTransform
Transforming exoplayer-ui-2.19.1.aar (com.google.android.exoplayer:exoplayer-ui:2.19.1) with JetifyTransform
Transforming exoplayer-ui-2.19.1.aar (com.google.android.exoplayer:exoplayer-ui:2.19.1) with ExtractAarTransform
Transforming exoplayer-ui-2.19.1.aar (com.google.android.exoplayer:exoplayer-ui:2.19.1) with AarTransform
Transforming recyclerview-1.3.0.aar (androidx.recyclerview:recyclerview:1.3.0) with JetifyTransform
Transforming recyclerview-1.3.0.aar (androidx.recyclerview:recyclerview:1.3.0) with ExtractAarTransform
Transforming recyclerview-1.3.0.aar (androidx.recyclerview:recyclerview:1.3.0) with AarTransform
Transforming recyclerview-1.3.0.aar (androidx.recyclerview:recyclerview:1.3.0) with JetifyTransform
Transforming recyclerview-1.3.0.aar (androidx.recyclerview:recyclerview:1.3.0) with ExtractAarTransform
Transforming recyclerview-1.3.0.aar (androidx.recyclerview:recyclerview:1.3.0) with AarTransform
Transforming media-1.6.0.aar (androidx.media:media:1.6.0) with JetifyTransform
Transforming media-1.6.0.aar (androidx.media:media:1.6.0) with ExtractAarTransform
Transforming media-1.6.0.aar (androidx.media:media:1.6.0) with AarTransform
Transforming browser-1.4.0.aar (androidx.browser:browser:1.4.0) with JetifyTransform
Transforming browser-1.4.0.aar (androidx.browser:browser:1.4.0) with ExtractAarTransform
Transforming browser-1.4.0.aar (androidx.browser:browser:1.4.0) with AarTransform
Transforming viewpager-1.0.0.aar (androidx.viewpager:viewpager:1.0.0) with JetifyTransform
Transforming viewpager-1.0.0.aar (androidx.viewpager:viewpager:1.0.0) with ExtractAarTransform
Transforming viewpager-1.0.0.aar (androidx.viewpager:viewpager:1.0.0) with AarTransform
Transforming customview-1.1.0.aar (androidx.customview:customview:1.1.0) with JetifyTransform
Transforming customview-1.1.0.aar (androidx.customview:customview:1.1.0) with ExtractAarTransform
Transforming customview-1.1.0.aar (androidx.customview:customview:1.1.0) with AarTransform
Transforming customview-1.1.0.aar (androidx.customview:customview:1.1.0) with JetifyTransform
Transforming customview-1.1.0.aar (androidx.customview:customview:1.1.0) with ExtractAarTransform
Transforming customview-1.1.0.aar (androidx.customview:customview:1.1.0) with AarTransform
Transforming customview-1.1.0.aar (androidx.customview:customview:1.1.0) with JetifyTransform
Transforming customview-1.1.0.aar (androidx.customview:customview:1.1.0) with ExtractAarTransform
Transforming customview-1.1.0.aar (androidx.customview:customview:1.1.0) with AarTransform
Transforming customview-1.1.0.aar (androidx.customview:customview:1.1.0) with JetifyTransform
Transforming customview-1.1.0.aar (androidx.customview:customview:1.1.0) with ExtractAarTransform
Transforming customview-1.1.0.aar (androidx.customview:customview:1.1.0) with AarTransform
Transforming autofill-1.0.0.aar (androidx.autofill:autofill:1.0.0) with JetifyTransform
Transforming autofill-1.0.0.aar (androidx.autofill:autofill:1.0.0) with ExtractAarTransform
Transforming autofill-1.0.0.aar (androidx.autofill:autofill:1.0.0) with AarTransform
Transforming core-1.12.0.aar (androidx.core:core:1.12.0) with JetifyTransform
Transforming core-1.12.0.aar (androidx.core:core:1.12.0) with ExtractAarTransform
Transforming core-1.12.0.aar (androidx.core:core:1.12.0) with AarTransform
Transforming core-1.12.0.aar (androidx.core:core:1.12.0) with JetifyTransform
Transforming core-1.12.0.aar (androidx.core:core:1.12.0) with ExtractAarTransform
Transforming core-1.12.0.aar (androidx.core:core:1.12.0) with AarTransform
Transforming core-1.12.0.aar (androidx.core:core:1.12.0) with JetifyTransform
Transforming core-1.12.0.aar (androidx.core:core:1.12.0) with ExtractAarTransform
Transforming core-1.12.0.aar (androidx.core:core:1.12.0) with AarTransform
Transforming core-1.12.0.aar (androidx.core:core:1.12.0) with JetifyTransform
Transforming core-1.12.0.aar (androidx.core:core:1.12.0) with ExtractAarTransform
Transforming core-1.12.0.aar (androidx.core:core:1.12.0) with AarTransform
Transforming core-1.12.0.aar (androidx.core:core:1.12.0) with JetifyTransform
Transforming core-1.12.0.aar (androidx.core:core:1.12.0) with ExtractAarTransform
Transforming core-1.12.0.aar (androidx.core:core:1.12.0) with AarTransform
Transforming core-1.12.0.aar (androidx.core:core:1.12.0) with JetifyTransform
Transforming core-1.12.0.aar (androidx.core:core:1.12.0) with ExtractAarTransform
Transforming core-1.12.0.aar (androidx.core:core:1.12.0) with AarTransform
Transforming core-1.12.0.aar (androidx.core:core:1.12.0) with JetifyTransform
Transforming core-1.12.0.aar (androidx.core:core:1.12.0) with ExtractAarTransform
Transforming core-1.12.0.aar (androidx.core:core:1.12.0) with AarTransform
Transforming core-1.12.0.aar (androidx.core:core:1.12.0) with JetifyTransform
Transforming core-1.12.0.aar (androidx.core:core:1.12.0) with ExtractAarTransform
Transforming core-1.12.0.aar (androidx.core:core:1.12.0) with AarTransform
Transforming core-1.12.0.aar (androidx.core:core:1.12.0) with JetifyTransform
Transforming core-1.12.0.aar (androidx.core:core:1.12.0) with ExtractAarTransform
Transforming core-1.12.0.aar (androidx.core:core:1.12.0) with AarTransform
Transforming core-1.12.0.aar (androidx.core:core:1.12.0) with JetifyTransform
Transforming core-1.12.0.aar (androidx.core:core:1.12.0) with ExtractAarTransform
Transforming core-1.12.0.aar (androidx.core:core:1.12.0) with AarTransform
Transforming core-1.12.0.aar (androidx.core:core:1.12.0) with JetifyTransform
Transforming core-1.12.0.aar (androidx.core:core:1.12.0) with ExtractAarTransform
Transforming core-1.12.0.aar (androidx.core:core:1.12.0) with AarTransform
Transforming core-1.12.0.aar (androidx.core:core:1.12.0) with JetifyTransform
Transforming core-1.12.0.aar (androidx.core:core:1.12.0) with ExtractAarTransform
Transforming core-1.12.0.aar (androidx.core:core:1.12.0) with AarTransform
Transforming core-1.12.0.aar (androidx.core:core:1.12.0) with JetifyTransform
Transforming core-1.12.0.aar (androidx.core:core:1.12.0) with ExtractAarTransform
Transforming core-1.12.0.aar (androidx.core:core:1.12.0) with AarTransform
Transforming core-1.12.0.aar (androidx.core:core:1.12.0) with JetifyTransform
Transforming core-1.12.0.aar (androidx.core:core:1.12.0) with ExtractAarTransform
Transforming core-1.12.0.aar (androidx.core:core:1.12.0) with AarTransform
Transforming core-1.12.0.aar (androidx.core:core:1.12.0) with JetifyTransform
Transforming core-1.12.0.aar (androidx.core:core:1.12.0) with ExtractAarTransform
Transforming core-1.12.0.aar (androidx.core:core:1.12.0) with AarTransform
Transforming ads-adservices-java-1.0.0-beta05.aar (androidx.privacysandbox.ads:ads-adservices-java:1.0.0-beta05) with JetifyTransform
Transforming ads-adservices-java-1.0.0-beta05.aar (androidx.privacysandbox.ads:ads-adservices-java:1.0.0-beta05) with ExtractAarTransform
Transforming ads-adservices-java-1.0.0-beta05.aar (androidx.privacysandbox.ads:ads-adservices-java:1.0.0-beta05) with AarTransform
Transforming ads-adservices-1.0.0-beta05.aar (androidx.privacysandbox.ads:ads-adservices:1.0.0-beta05) with JetifyTransform
Transforming ads-adservices-1.0.0-beta05.aar (androidx.privacysandbox.ads:ads-adservices:1.0.0-beta05) with ExtractAarTransform
Transforming ads-adservices-1.0.0-beta05.aar (androidx.privacysandbox.ads:ads-adservices:1.0.0-beta05) with AarTransform
Transforming ads-adservices-1.0.0-beta05.aar (androidx.privacysandbox.ads:ads-adservices:1.0.0-beta05) with JetifyTransform
Transforming ads-adservices-1.0.0-beta05.aar (androidx.privacysandbox.ads:ads-adservices:1.0.0-beta05) with ExtractAarTransform
Transforming ads-adservices-1.0.0-beta05.aar (androidx.privacysandbox.ads:ads-adservices:1.0.0-beta05) with AarTransform
Transforming customview-poolingcontainer-1.0.0.aar (androidx.customview:customview-poolingcontainer:1.0.0) with JetifyTransform
Transforming customview-poolingcontainer-1.0.0.aar (androidx.customview:customview-poolingcontainer:1.0.0) with ExtractAarTransform
Transforming customview-poolingcontainer-1.0.0.aar (androidx.customview:customview-poolingcontainer:1.0.0) with AarTransform
Transforming core-ktx-1.12.0.aar (androidx.core:core-ktx:1.12.0) with JetifyTransform
Transforming core-ktx-1.12.0.aar (androidx.core:core-ktx:1.12.0) with ExtractAarTransform
Transforming core-ktx-1.12.0.aar (androidx.core:core-ktx:1.12.0) with AarTransform
Transforming flexbox-3.0.0.aar (com.google.android.flexbox:flexbox:3.0.0) with JetifyTransform
Transforming flexbox-3.0.0.aar (com.google.android.flexbox:flexbox:3.0.0) with ExtractAarTransform
Transforming flexbox-3.0.0.aar (com.google.android.flexbox:flexbox:3.0.0) with AarTransform
Transforming core-splashscreen-1.0.1.aar (androidx.core:core-splashscreen:1.0.1) with JetifyTransform
Transforming core-splashscreen-1.0.1.aar (androidx.core:core-splashscreen:1.0.1) with ExtractAarTransform
Transforming core-splashscreen-1.0.1.aar (androidx.core:core-splashscreen:1.0.1) with AarTransform
Transforming sqlite-framework-2.4.0.aar (androidx.sqlite:sqlite-framework:2.4.0) with JetifyTransform
Transforming sqlite-framework-2.4.0.aar (androidx.sqlite:sqlite-framework:2.4.0) with ExtractAarTransform
Transforming sqlite-framework-2.4.0.aar (androidx.sqlite:sqlite-framework:2.4.0) with AarTransform
Transforming sqlite-2.4.0.aar (androidx.sqlite:sqlite:2.4.0) with JetifyTransform
Transforming sqlite-2.4.0.aar (androidx.sqlite:sqlite:2.4.0) with ExtractAarTransform
Transforming sqlite-2.4.0.aar (androidx.sqlite:sqlite:2.4.0) with AarTransform
Transforming napier-release.aar (io.github.aakira:napier-android:1.4.1) with JetifyTransform
Transforming napier-release.aar (io.github.aakira:napier-android:1.4.1) with ExtractAarTransform
Transforming napier-release.aar (io.github.aakira:napier-android:1.4.1) with AarTransform
Transforming annotation-experimental-1.4.0.aar (androidx.annotation:annotation-experimental:1.4.0) with JetifyTransform
Transforming annotation-experimental-1.4.0.aar (androidx.annotation:annotation-experimental:1.4.0) with ExtractAarTransform
Transforming annotation-experimental-1.4.0.aar (androidx.annotation:annotation-experimental:1.4.0) with AarTransform
Transforming cursoradapter-1.0.0.aar (androidx.cursoradapter:cursoradapter:1.0.0) with JetifyTransform
Transforming cursoradapter-1.0.0.aar (androidx.cursoradapter:cursoradapter:1.0.0) with ExtractAarTransform
Transforming cursoradapter-1.0.0.aar (androidx.cursoradapter:cursoradapter:1.0.0) with AarTransform
Transforming cardview-1.0.0.aar (androidx.cardview:cardview:1.0.0) with JetifyTransform
Transforming cardview-1.0.0.aar (androidx.cardview:cardview:1.0.0) with ExtractAarTransform
Transforming cardview-1.0.0.aar (androidx.cardview:cardview:1.0.0) with AarTransform
Transforming core-runtime-2.2.0.aar (androidx.arch.core:core-runtime:2.2.0) with JetifyTransform
Transforming core-runtime-2.2.0.aar (androidx.arch.core:core-runtime:2.2.0) with ExtractAarTransform
Transforming core-runtime-2.2.0.aar (androidx.arch.core:core-runtime:2.2.0) with AarTransform
Transforming exoplayer-datasource-2.19.1.aar (com.google.android.exoplayer:exoplayer-datasource:2.19.1) with JetifyTransform
Transforming exoplayer-datasource-2.19.1.aar (com.google.android.exoplayer:exoplayer-datasource:2.19.1) with ExtractAarTransform
Transforming exoplayer-datasource-2.19.1.aar (com.google.android.exoplayer:exoplayer-datasource:2.19.1) with AarTransform
Transforming exoplayer-database-2.19.1.aar (com.google.android.exoplayer:exoplayer-database:2.19.1) with JetifyTransform
Transforming exoplayer-database-2.19.1.aar (com.google.android.exoplayer:exoplayer-database:2.19.1) with ExtractAarTransform
Transforming exoplayer-database-2.19.1.aar (com.google.android.exoplayer:exoplayer-database:2.19.1) with AarTransform
Transforming exoplayer-extractor-2.19.1.aar (com.google.android.exoplayer:exoplayer-extractor:2.19.1) with JetifyTransform
Transforming exoplayer-extractor-2.19.1.aar (com.google.android.exoplayer:exoplayer-extractor:2.19.1) with ExtractAarTransform
Transforming exoplayer-extractor-2.19.1.aar (com.google.android.exoplayer:exoplayer-extractor:2.19.1) with AarTransform
Transforming exoplayer-decoder-2.19.1.aar (com.google.android.exoplayer:exoplayer-decoder:2.19.1) with JetifyTransform
Transforming exoplayer-decoder-2.19.1.aar (com.google.android.exoplayer:exoplayer-decoder:2.19.1) with ExtractAarTransform
Transforming exoplayer-decoder-2.19.1.aar (com.google.android.exoplayer:exoplayer-decoder:2.19.1) with AarTransform
Transforming exoplayer-container-2.19.1.aar (com.google.android.exoplayer:exoplayer-container:2.19.1) with JetifyTransform
Transforming exoplayer-container-2.19.1.aar (com.google.android.exoplayer:exoplayer-container:2.19.1) with ExtractAarTransform
Transforming exoplayer-container-2.19.1.aar (com.google.android.exoplayer:exoplayer-container:2.19.1) with AarTransform
Transforming exoplayer-common-2.19.1.aar (com.google.android.exoplayer:exoplayer-common:2.19.1) with JetifyTransform
Transforming exoplayer-common-2.19.1.aar (com.google.android.exoplayer:exoplayer-common:2.19.1) with ExtractAarTransform
Transforming exoplayer-common-2.19.1.aar (com.google.android.exoplayer:exoplayer-common:2.19.1) with AarTransform
Transforming interpolator-1.0.0.aar (androidx.interpolator:interpolator:1.0.0) with JetifyTransform
Transforming interpolator-1.0.0.aar (androidx.interpolator:interpolator:1.0.0) with ExtractAarTransform
Transforming interpolator-1.0.0.aar (androidx.interpolator:interpolator:1.0.0) with AarTransform
Transforming interpolator-1.0.0.aar (androidx.interpolator:interpolator:1.0.0) with JetifyTransform
Transforming interpolator-1.0.0.aar (androidx.interpolator:interpolator:1.0.0) with ExtractAarTransform
Transforming interpolator-1.0.0.aar (androidx.interpolator:interpolator:1.0.0) with AarTransform
Transforming versionedparcelable-1.1.1.aar (androidx.versionedparcelable:versionedparcelable:1.1.1) with JetifyTransform
Transforming versionedparcelable-1.1.1.aar (androidx.versionedparcelable:versionedparcelable:1.1.1) with ExtractAarTransform
Transforming versionedparcelable-1.1.1.aar (androidx.versionedparcelable:versionedparcelable:1.1.1) with AarTransform
Transforming profileinstaller-1.3.1.aar (androidx.profileinstaller:profileinstaller:1.3.1) with JetifyTransform
Transforming profileinstaller-1.3.1.aar (androidx.profileinstaller:profileinstaller:1.3.1) with ExtractAarTransform
Transforming profileinstaller-1.3.1.aar (androidx.profileinstaller:profileinstaller:1.3.1) with AarTransform
Transforming startup-runtime-1.1.1.aar (androidx.startup:startup-runtime:1.1.1) with JetifyTransform
Transforming startup-runtime-1.1.1.aar (androidx.startup:startup-runtime:1.1.1) with ExtractAarTransform
Transforming startup-runtime-1.1.1.aar (androidx.startup:startup-runtime:1.1.1) with AarTransform
Transforming tracing-1.0.0.aar (androidx.tracing:tracing:1.0.0) with JetifyTransform
Transforming tracing-1.0.0.aar (androidx.tracing:tracing:1.0.0) with ExtractAarTransform
Transforming tracing-1.0.0.aar (androidx.tracing:tracing:1.0.0) with AarTransform
Transforming documentfile-1.0.0.aar (androidx.documentfile:documentfile:1.0.0) with JetifyTransform
Transforming documentfile-1.0.0.aar (androidx.documentfile:documentfile:1.0.0) with ExtractAarTransform
Transforming documentfile-1.0.0.aar (androidx.documentfile:documentfile:1.0.0) with AarTransform
Transforming localbroadcastmanager-1.0.0.aar (androidx.localbroadcastmanager:localbroadcastmanager:1.0.0) with JetifyTransform
Transforming localbroadcastmanager-1.0.0.aar (androidx.localbroadcastmanager:localbroadcastmanager:1.0.0) with ExtractAarTransform
Transforming localbroadcastmanager-1.0.0.aar (androidx.localbroadcastmanager:localbroadcastmanager:1.0.0) with AarTransform
Transforming print-1.0.0.aar (androidx.print:print:1.0.0) with JetifyTransform
Transforming print-1.0.0.aar (androidx.print:print:1.0.0) with ExtractAarTransform
Transforming print-1.0.0.aar (androidx.print:print:1.0.0) with AarTransform
Transforming exifinterface-1.3.6.aar (androidx.exifinterface:exifinterface:1.3.6) with JetifyTransform
Transforming exifinterface-1.3.6.aar (androidx.exifinterface:exifinterface:1.3.6) with ExtractAarTransform
Transforming exifinterface-1.3.6.aar (androidx.exifinterface:exifinterface:1.3.6) with AarTransform
Transforming volley-1.2.1.aar (com.android.volley:volley:1.2.1) with JetifyTransform
Transforming volley-1.2.1.aar (com.android.volley:volley:1.2.1) with ExtractAarTransform
Transforming volley-1.2.1.aar (com.android.volley:volley:1.2.1) with AarTransform
Transforming Android-Image-Slider-1.4.0.aar (com.github.smarteist:Android-Image-Slider:1.4.0) with JetifyTransform
Transforming Android-Image-Slider-1.4.0.aar (com.github.smarteist:Android-Image-Slider:1.4.0) with ExtractAarTransform
Transforming Android-Image-Slider-1.4.0.aar (com.github.smarteist:Android-Image-Slider:1.4.0) with AarTransform
Transforming circleimageview-3.1.0.aar (de.hdodenhof:circleimageview:3.1.0) with JetifyTransform
Transforming circleimageview-3.1.0.aar (de.hdodenhof:circleimageview:3.1.0) with ExtractAarTransform
Transforming circleimageview-3.1.0.aar (de.hdodenhof:circleimageview:3.1.0) with AarTransform
Transforming dagger-lint-aar-2.49.aar (com.google.dagger:dagger-lint-aar:2.49) with JetifyTransform
Transforming dagger-lint-aar-2.49.aar (com.google.dagger:dagger-lint-aar:2.49) with ExtractAarTransform
Transforming dagger-lint-aar-2.49.aar (com.google.dagger:dagger-lint-aar:2.49) with AarTransform
Caching disabled for AarTransform: C:\Users\user\.gradle\caches\transforms-3\cb4e1830d0316264aa08d7cecb5d49a4\transformed\jetified-play-services-ads-22.6.0 because:
  Build cache is disabled
Skipping AarTransform: C:\Users\user\.gradle\caches\transforms-3\cb4e1830d0316264aa08d7cecb5d49a4\transformed\jetified-play-services-ads-22.6.0 as it is up-to-date.
Caching disabled for AarTransform: C:\Users\user\.gradle\caches\transforms-3\6ed70369f3cbd7b6be9f1b6bf7536159\transformed\jetified-play-services-appset-16.0.1 because:
  Build cache is disabled
Skipping AarTransform: C:\Users\user\.gradle\caches\transforms-3\6ed70369f3cbd7b6be9f1b6bf7536159\transformed\jetified-play-services-appset-16.0.1 as it is up-to-date.
Caching disabled for AarTransform: C:\Users\user\.gradle\caches\transforms-3\401ad4d70a412e15a764e8464bd867fe\transformed\jetified-play-services-base-18.2.0 because:
  Build cache is disabled
Skipping AarTransform: C:\Users\user\.gradle\caches\transforms-3\401ad4d70a412e15a764e8464bd867fe\transformed\jetified-play-services-base-18.2.0 as it is up-to-date.
Caching disabled for AarTransform: C:\Users\user\.gradle\caches\transforms-3\778bb1a5d67e711cfa1d601e315d4ba6\transformed\drawerlayout-1.1.1 because:
  Build cache is disabled
Skipping AarTransform: C:\Users\user\.gradle\caches\transforms-3\778bb1a5d67e711cfa1d601e315d4ba6\transformed\drawerlayout-1.1.1 as it is up-to-date.
Caching disabled for AarTransform: C:\Users\user\.gradle\caches\transforms-3\9fd41aa9d8f4ce40527fd11c9e9d8547\transformed\coordinatorlayout-1.1.0 because:
  Build cache is disabled
Skipping AarTransform: C:\Users\user\.gradle\caches\transforms-3\9fd41aa9d8f4ce40527fd11c9e9d8547\transformed\coordinatorlayout-1.1.0 as it is up-to-date.
Caching disabled for AarTransform: C:\Users\user\.gradle\caches\transforms-3\4d4b3f0524238b36b1a0d4335e32a8e5\transformed\dynamicanimation-1.0.0 because:
  Build cache is disabled
Skipping AarTransform: C:\Users\user\.gradle\caches\transforms-3\4d4b3f0524238b36b1a0d4335e32a8e5\transformed\dynamicanimation-1.0.0 as it is up-to-date.
Caching disabled for AarTransform: C:\Users\user\.gradle\caches\transforms-3\c589b80479df8889d96e60fd7d9c5d2b\transformed\transition-1.2.0 because:
  Build cache is disabled
Skipping AarTransform: C:\Users\user\.gradle\caches\transforms-3\c589b80479df8889d96e60fd7d9c5d2b\transformed\transition-1.2.0 as it is up-to-date.
Caching disabled for AarTransform: C:\Users\user\.gradle\caches\transforms-3\c91da17cc1cab4ba2d28b8a00826b7a4\transformed\vectordrawable-animated-1.1.0 because:
  Build cache is disabled
Skipping AarTransform: C:\Users\user\.gradle\caches\transforms-3\c91da17cc1cab4ba2d28b8a00826b7a4\transformed\vectordrawable-animated-1.1.0 as it is up-to-date.
Caching disabled for AarTransform: C:\Users\user\.gradle\caches\transforms-3\2619ed40ef3fa7bd0956e04ee7e7a9f1\transformed\vectordrawable-1.1.0 because:
  Build cache is disabled
Skipping AarTransform: C:\Users\user\.gradle\caches\transforms-3\2619ed40ef3fa7bd0956e04ee7e7a9f1\transformed\vectordrawable-1.1.0 as it is up-to-date.
Caching disabled for AarTransform: C:\Users\user\.gradle\caches\transforms-3\529160eccf25a2390ccb8db066af0ebf\transformed\jetified-hilt-navigation-compose-1.1.0 because:
  Build cache is disabled
Skipping AarTransform: C:\Users\user\.gradle\caches\transforms-3\529160eccf25a2390ccb8db066af0ebf\transformed\jetified-hilt-navigation-compose-1.1.0 as it is up-to-date.
Caching disabled for AarTransform: C:\Users\user\.gradle\caches\transforms-3\5c3aa40a2b81e8d14341f580c5067842\transformed\jetified-hilt-navigation-1.1.0 because:
  Build cache is disabled
Skipping AarTransform: C:\Users\user\.gradle\caches\transforms-3\5c3aa40a2b81e8d14341f580c5067842\transformed\jetified-hilt-navigation-1.1.0 as it is up-to-date.
Caching disabled for AarTransform: C:\Users\user\.gradle\caches\transforms-3\0f46e4ccc0eeb6bdb32e10768693dbb1\transformed\navigation-common-2.7.6 because:
  Build cache is disabled
Skipping AarTransform: C:\Users\user\.gradle\caches\transforms-3\0f46e4ccc0eeb6bdb32e10768693dbb1\transformed\navigation-common-2.7.6 as it is up-to-date.
Caching disabled for AarTransform: C:\Users\user\.gradle\caches\transforms-3\3ce319f41dad2e0f26341deb50e79fea\transformed\navigation-runtime-2.7.6 because:
  Build cache is disabled
Skipping AarTransform: C:\Users\user\.gradle\caches\transforms-3\3ce319f41dad2e0f26341deb50e79fea\transformed\navigation-runtime-2.7.6 as it is up-to-date.
Caching disabled for AarTransform: C:\Users\user\.gradle\caches\transforms-3\72921219f6734e39e36ce1ab1aad6d03\transformed\navigation-common-ktx-2.7.6 because:
  Build cache is disabled
Skipping AarTransform: C:\Users\user\.gradle\caches\transforms-3\72921219f6734e39e36ce1ab1aad6d03\transformed\navigation-common-ktx-2.7.6 as it is up-to-date.
Caching disabled for AarTransform: C:\Users\user\.gradle\caches\transforms-3\e867abbcf77ff1131be5b6df08de5eee\transformed\navigation-runtime-ktx-2.7.6 because:
  Build cache is disabled
Skipping AarTransform: C:\Users\user\.gradle\caches\transforms-3\e867abbcf77ff1131be5b6df08de5eee\transformed\navigation-runtime-ktx-2.7.6 as it is up-to-date.
Caching disabled for AarTransform: C:\Users\user\.gradle\caches\transforms-3\ae35f69c27c9ae25ab61f505d1c73246\transformed\jetified-navigation-compose-2.7.6 because:
  Build cache is disabled
Skipping AarTransform: C:\Users\user\.gradle\caches\transforms-3\ae35f69c27c9ae25ab61f505d1c73246\transformed\jetified-navigation-compose-2.7.6 as it is up-to-date.
Caching disabled for AarTransform: C:\Users\user\.gradle\caches\transforms-3\f60bd6a2f18e5772f3e63663a99cb4e1\transformed\jetified-accompanist-permissions-0.32.0 because:
  Build cache is disabled
Skipping AarTransform: C:\Users\user\.gradle\caches\transforms-3\f60bd6a2f18e5772f3e63663a99cb4e1\transformed\jetified-accompanist-permissions-0.32.0 as it is up-to-date.
Caching disabled for AarTransform: C:\Users\user\.gradle\caches\transforms-3\deeed389b8629d1b86b0d43d85b80f15\transformed\jetified-room-ktx-2.6.1 because:
  Build cache is disabled
Skipping AarTransform: C:\Users\user\.gradle\caches\transforms-3\deeed389b8629d1b86b0d43d85b80f15\transformed\jetified-room-ktx-2.6.1 as it is up-to-date.
Caching disabled for AarTransform: C:\Users\user\.gradle\caches\transforms-3\c4b49199efd8b05d152a707fc92393f9\transformed\jetified-play-services-ads-lite-22.6.0 because:
  Build cache is disabled
Skipping AarTransform: C:\Users\user\.gradle\caches\transforms-3\c4b49199efd8b05d152a707fc92393f9\transformed\jetified-play-services-ads-lite-22.6.0 as it is up-to-date.
Caching disabled for AarTransform: C:\Users\user\.gradle\caches\transforms-3\d13efe73e15feb692f299aca534190ce\transformed\work-runtime-2.7.0 because:
  Build cache is disabled
Skipping AarTransform: C:\Users\user\.gradle\caches\transforms-3\d13efe73e15feb692f299aca534190ce\transformed\work-runtime-2.7.0 as it is up-to-date.
Caching disabled for AarTransform: C:\Users\user\.gradle\caches\transforms-3\a0851db4a7ec9890e76aff435b580121\transformed\room-runtime-2.6.1 because:
  Build cache is disabled
Skipping AarTransform: C:\Users\user\.gradle\caches\transforms-3\a0851db4a7ec9890e76aff435b580121\transformed\room-runtime-2.6.1 as it is up-to-date.
Caching disabled for AarTransform: C:\Users\user\.gradle\caches\transforms-3\48cbbb2a7e04ed4bd14f5ee9909e7333\transformed\jetified-room-paging-2.6.1 because:
  Build cache is disabled
Skipping AarTransform: C:\Users\user\.gradle\caches\transforms-3\48cbbb2a7e04ed4bd14f5ee9909e7333\transformed\jetified-room-paging-2.6.1 as it is up-to-date.
Caching disabled for AarTransform: C:\Users\user\.gradle\caches\transforms-3\20b81b3594ace06c7a70dff3a2366e16\transformed\paging-runtime-3.2.1 because:
  Build cache is disabled
Skipping AarTransform: C:\Users\user\.gradle\caches\transforms-3\20b81b3594ace06c7a70dff3a2366e16\transformed\paging-runtime-3.2.1 as it is up-to-date.
Caching disabled for AarTransform: C:\Users\user\.gradle\caches\transforms-3\88935f1d435615fcfcf4533f1e74a0c1\transformed\jetified-paging-runtime-ktx-3.2.1 because:
  Build cache is disabled
Skipping AarTransform: C:\Users\user\.gradle\caches\transforms-3\88935f1d435615fcfcf4533f1e74a0c1\transformed\jetified-paging-runtime-ktx-3.2.1 as it is up-to-date.
Caching disabled for AarTransform: C:\Users\user\.gradle\caches\transforms-3\8773d98ab94b13f9d6437ce7e24c811e\transformed\jetified-paging-compose-3.2.1 because:
  Build cache is disabled
Skipping AarTransform: C:\Users\user\.gradle\caches\transforms-3\8773d98ab94b13f9d6437ce7e24c811e\transformed\jetified-paging-compose-3.2.1 as it is up-to-date.
Caching disabled for AarTransform: C:\Users\user\.gradle\caches\transforms-3\9eb07947c41291dd8dfaea7376b52cb3\transformed\jetified-material3-release because:
  Build cache is disabled
Skipping AarTransform: C:\Users\user\.gradle\caches\transforms-3\9eb07947c41291dd8dfaea7376b52cb3\transformed\jetified-material3-release as it is up-to-date.
Caching disabled for AarTransform: C:\Users\user\.gradle\caches\transforms-3\b6b0faadec3c628e9c76a6db86636b8a\transformed\jetified-material-ripple-release because:
  Build cache is disabled
Skipping AarTransform: C:\Users\user\.gradle\caches\transforms-3\b6b0faadec3c628e9c76a6db86636b8a\transformed\jetified-material-ripple-release as it is up-to-date.
Caching disabled for AarTransform: C:\Users\user\.gradle\caches\transforms-3\be77d38c4543d58a04ecd2e2930e4907\transformed\jetified-material-icons-core-release because:
  Build cache is disabled
Skipping AarTransform: C:\Users\user\.gradle\caches\transforms-3\be77d38c4543d58a04ecd2e2930e4907\transformed\jetified-material-icons-core-release as it is up-to-date.
Caching disabled for AarTransform: C:\Users\user\.gradle\caches\transforms-3\cbc2465336ded970d23300a578f47882\transformed\jetified-material-release because:
  Build cache is disabled
Skipping AarTransform: C:\Users\user\.gradle\caches\transforms-3\cbc2465336ded970d23300a578f47882\transformed\jetified-material-release as it is up-to-date.
Caching disabled for AarTransform: C:\Users\user\.gradle\caches\transforms-3\a8d18580fb95d594af0e3ea2434d1f2a\transformed\jetified-animation-core-release because:
  Build cache is disabled
Skipping AarTransform: C:\Users\user\.gradle\caches\transforms-3\a8d18580fb95d594af0e3ea2434d1f2a\transformed\jetified-animation-core-release as it is up-to-date.
Caching disabled for AarTransform: C:\Users\user\.gradle\caches\transforms-3\0a80b947bb60c2e5812c98a4cde80cb9\transformed\jetified-animation-release because:
  Build cache is disabled
Skipping AarTransform: C:\Users\user\.gradle\caches\transforms-3\0a80b947bb60c2e5812c98a4cde80cb9\transformed\jetified-animation-release as it is up-to-date.
Caching disabled for AarTransform: C:\Users\user\.gradle\caches\transforms-3\c0256db1311281ff7005418483771fda\transformed\jetified-foundation-layout-release because:
  Build cache is disabled
Skipping AarTransform: C:\Users\user\.gradle\caches\transforms-3\c0256db1311281ff7005418483771fda\transformed\jetified-foundation-layout-release as it is up-to-date.
Caching disabled for AarTransform: C:\Users\user\.gradle\caches\transforms-3\1371974239ba7d2e1f74577aa0076246\transformed\jetified-foundation-release because:
  Build cache is disabled
Skipping AarTransform: C:\Users\user\.gradle\caches\transforms-3\1371974239ba7d2e1f74577aa0076246\transformed\jetified-foundation-release as it is up-to-date.
Caching disabled for AarTransform: C:\Users\user\.gradle\caches\transforms-3\a2969d7a46a5d26397bd0a40364b7789\transformed\jetified-ui-unit-release because:
  Build cache is disabled
Skipping AarTransform: C:\Users\user\.gradle\caches\transforms-3\a2969d7a46a5d26397bd0a40364b7789\transformed\jetified-ui-unit-release as it is up-to-date.
Caching disabled for AarTransform: C:\Users\user\.gradle\caches\transforms-3\ca905dde751b020875aee835366c918b\transformed\jetified-ui-geometry-release because:
  Build cache is disabled
Skipping AarTransform: C:\Users\user\.gradle\caches\transforms-3\ca905dde751b020875aee835366c918b\transformed\jetified-ui-geometry-release as it is up-to-date.
Caching disabled for AarTransform: C:\Users\user\.gradle\caches\transforms-3\a24bbb3d7412e2af4b948b956c9db569\transformed\jetified-ui-util-release because:
  Build cache is disabled
Skipping AarTransform: C:\Users\user\.gradle\caches\transforms-3\a24bbb3d7412e2af4b948b956c9db569\transformed\jetified-ui-util-release as it is up-to-date.
Caching disabled for AarTransform: C:\Users\user\.gradle\caches\transforms-3\153cbe083d7bbbca75db78a9ed87c037\transformed\jetified-ui-text-release because:
  Build cache is disabled
Skipping AarTransform: C:\Users\user\.gradle\caches\transforms-3\153cbe083d7bbbca75db78a9ed87c037\transformed\jetified-ui-text-release as it is up-to-date.
Caching disabled for AarTransform: C:\Users\user\.gradle\caches\transforms-3\8d3e065e204b9a972c9d9d381b9eab8e\transformed\jetified-ui-tooling-preview-release because:
  Build cache is disabled
Skipping AarTransform: C:\Users\user\.gradle\caches\transforms-3\8d3e065e204b9a972c9d9d381b9eab8e\transformed\jetified-ui-tooling-preview-release as it is up-to-date.
Caching disabled for AarTransform: C:\Users\user\.gradle\caches\transforms-3\d0defa3efce5913b5e3d5a8aac5cb6a4\transformed\jetified-ui-graphics-release because:
  Build cache is disabled
Skipping AarTransform: C:\Users\user\.gradle\caches\transforms-3\d0defa3efce5913b5e3d5a8aac5cb6a4\transformed\jetified-ui-graphics-release as it is up-to-date.
Caching disabled for AarTransform: C:\Users\user\.gradle\caches\transforms-3\a12ebe0bcfa38772b01b24696e6db1a0\transformed\jetified-runtime-saveable-release because:
  Build cache is disabled
Skipping AarTransform: C:\Users\user\.gradle\caches\transforms-3\a12ebe0bcfa38772b01b24696e6db1a0\transformed\jetified-runtime-saveable-release as it is up-to-date.
Caching disabled for AarTransform: C:\Users\user\.gradle\caches\transforms-3\40952bfae19697ea740a0392ac032553\transformed\jetified-runtime-release because:
  Build cache is disabled
Skipping AarTransform: C:\Users\user\.gradle\caches\transforms-3\40952bfae19697ea740a0392ac032553\transformed\jetified-runtime-release as it is up-to-date.
Caching disabled for AarTransform: C:\Users\user\.gradle\caches\transforms-3\86393e3996726b41f76008ce236fad9e\transformed\jetified-runtime-livedata-1.6.1 because:
  Build cache is disabled
Skipping AarTransform: C:\Users\user\.gradle\caches\transforms-3\86393e3996726b41f76008ce236fad9e\transformed\jetified-runtime-livedata-1.6.1 as it is up-to-date.
Caching disabled for AarTransform: C:\Users\user\.gradle\caches\transforms-3\7609d0ec1dd432c286d684064b087864\transformed\jetified-hilt-android-2.49 because:
  Build cache is disabled
Skipping AarTransform: C:\Users\user\.gradle\caches\transforms-3\7609d0ec1dd432c286d684064b087864\transformed\jetified-hilt-android-2.49 as it is up-to-date.
Caching disabled for AarTransform: C:\Users\user\.gradle\caches\transforms-3\09909989bcc6df1cb4cf8f5bc33de582\transformed\jetified-play-services-tasks-18.0.2 because:
  Build cache is disabled
Skipping AarTransform: C:\Users\user\.gradle\caches\transforms-3\09909989bcc6df1cb4cf8f5bc33de582\transformed\jetified-play-services-tasks-18.0.2 as it is up-to-date.
Caching disabled for AarTransform: C:\Users\user\.gradle\caches\transforms-3\fefcfe30ff50cfe07535bb3f9f29fec4\transformed\jetified-play-services-ads-base-22.6.0 because:
  Build cache is disabled
Skipping AarTransform: C:\Users\user\.gradle\caches\transforms-3\fefcfe30ff50cfe07535bb3f9f29fec4\transformed\jetified-play-services-ads-base-22.6.0 as it is up-to-date.
Caching disabled for AarTransform: C:\Users\user\.gradle\caches\transforms-3\2a2496b4dd7bead2a2d5dfdd36faba56\transformed\jetified-user-messaging-platform-2.1.0 because:
  Build cache is disabled
Skipping AarTransform: C:\Users\user\.gradle\caches\transforms-3\2a2496b4dd7bead2a2d5dfdd36faba56\transformed\jetified-user-messaging-platform-2.1.0 as it is up-to-date.
Caching disabled for AarTransform: C:\Users\user\.gradle\caches\transforms-3\ff995add00743d0c496c4d8e0ee10f1e\transformed\jetified-play-services-ads-identifier-18.0.0 because:
  Build cache is disabled
Skipping AarTransform: C:\Users\user\.gradle\caches\transforms-3\ff995add00743d0c496c4d8e0ee10f1e\transformed\jetified-play-services-ads-identifier-18.0.0 as it is up-to-date.
Caching disabled for AarTransform: C:\Users\user\.gradle\caches\transforms-3\b28c9dde44421952352d4ece06208963\transformed\jetified-play-services-measurement-sdk-api-20.1.2 because:
  Build cache is disabled
Skipping AarTransform: C:\Users\user\.gradle\caches\transforms-3\b28c9dde44421952352d4ece06208963\transformed\jetified-play-services-measurement-sdk-api-20.1.2 as it is up-to-date.
Caching disabled for AarTransform: C:\Users\user\.gradle\caches\transforms-3\7bc33f1b9169acd2dfd1a37a27683ae2\transformed\jetified-play-services-measurement-base-20.1.2 because:
  Build cache is disabled
Skipping AarTransform: C:\Users\user\.gradle\caches\transforms-3\7bc33f1b9169acd2dfd1a37a27683ae2\transformed\jetified-play-services-measurement-base-20.1.2 as it is up-to-date.
Caching disabled for AarTransform: C:\Users\user\.gradle\caches\transforms-3\a98fef1d1520166b9b08927ea1e4f9aa\transformed\jetified-play-services-basement-18.2.0 because:
  Build cache is disabled
Skipping AarTransform: C:\Users\user\.gradle\caches\transforms-3\a98fef1d1520166b9b08927ea1e4f9aa\transformed\jetified-play-services-basement-18.2.0 as it is up-to-date.
Caching disabled for AarTransform: C:\Users\user\.gradle\caches\transforms-3\ce43085ba0af9184b2d8510666d1eb4c\transformed\fragment-1.5.1 because:
  Build cache is disabled
Skipping AarTransform: C:\Users\user\.gradle\caches\transforms-3\ce43085ba0af9184b2d8510666d1eb4c\transformed\fragment-1.5.1 as it is up-to-date.
Caching disabled for AarTransform: C:\Users\user\.gradle\caches\transforms-3\2e6a11253b53f57b3b9d26b8fa62696e\transformed\jetified-emoji2-views-helper-1.3.0 because:
  Build cache is disabled
Skipping AarTransform: C:\Users\user\.gradle\caches\transforms-3\2e6a11253b53f57b3b9d26b8fa62696e\transformed\jetified-emoji2-views-helper-1.3.0 as it is up-to-date.
Caching disabled for AarTransform: C:\Users\user\.gradle\caches\transforms-3\3bde4be5f64196dc9d79c4d702f48306\transformed\jetified-emoji2-1.3.0 because:
  Build cache is disabled
Skipping AarTransform: C:\Users\user\.gradle\caches\transforms-3\3bde4be5f64196dc9d79c4d702f48306\transformed\jetified-emoji2-1.3.0 as it is up-to-date.
Caching disabled for AarTransform: C:\Users\user\.gradle\caches\transforms-3\befba8fbd8bdeb7a931e0ef64310fd03\transformed\jetified-lifecycle-process-2.7.0 because:
  Build cache is disabled
Skipping AarTransform: C:\Users\user\.gradle\caches\transforms-3\befba8fbd8bdeb7a931e0ef64310fd03\transformed\jetified-lifecycle-process-2.7.0 as it is up-to-date.
Caching disabled for AarTransform: C:\Users\user\.gradle\caches\transforms-3\32759966595792c9a2f9091d1711a6d5\transformed\jetified-lifecycle-service-2.7.0 because:
  Build cache is disabled
Skipping AarTransform: C:\Users\user\.gradle\caches\transforms-3\32759966595792c9a2f9091d1711a6d5\transformed\jetified-lifecycle-service-2.7.0 as it is up-to-date.
Caching disabled for AarTransform: C:\Users\user\.gradle\caches\transforms-3\39183825c891526e3de148cba7025d38\transformed\jetified-lifecycle-livedata-core-ktx-2.7.0 because:
  Build cache is disabled
Skipping AarTransform: C:\Users\user\.gradle\caches\transforms-3\39183825c891526e3de148cba7025d38\transformed\jetified-lifecycle-livedata-core-ktx-2.7.0 as it is up-to-date.
Caching disabled for AarTransform: C:\Users\user\.gradle\caches\transforms-3\8bdbdf69ffb075614c5a434d355a0f8b\transformed\jetified-lifecycle-livedata-ktx-2.7.0 because:
  Build cache is disabled
Skipping AarTransform: C:\Users\user\.gradle\caches\transforms-3\8bdbdf69ffb075614c5a434d355a0f8b\transformed\jetified-lifecycle-livedata-ktx-2.7.0 as it is up-to-date.
Caching disabled for AarTransform: C:\Users\user\.gradle\caches\transforms-3\405ea0b6b50f1060e1e85abd75c2300a\transformed\lifecycle-livedata-core-2.7.0 because:
  Build cache is disabled
Skipping AarTransform: C:\Users\user\.gradle\caches\transforms-3\405ea0b6b50f1060e1e85abd75c2300a\transformed\lifecycle-livedata-core-2.7.0 as it is up-to-date.
Caching disabled for AarTransform: C:\Users\user\.gradle\caches\transforms-3\06eaa3d4db2446ae08073b00af0f9f1e\transformed\legacy-support-core-utils-1.0.0 because:
  Build cache is disabled
Skipping AarTransform: C:\Users\user\.gradle\caches\transforms-3\06eaa3d4db2446ae08073b00af0f9f1e\transformed\legacy-support-core-utils-1.0.0 as it is up-to-date.
Caching disabled for AarTransform: C:\Users\user\.gradle\caches\transforms-3\aa2ff84b73bdf2fedfb6304d3a34c1c2\transformed\loader-1.0.0 because:
  Build cache is disabled
Skipping AarTransform: C:\Users\user\.gradle\caches\transforms-3\aa2ff84b73bdf2fedfb6304d3a34c1c2\transformed\loader-1.0.0 as it is up-to-date.
Caching disabled for AarTransform: C:\Users\user\.gradle\caches\transforms-3\be6eabc1e7597f5af8694205534369ad\transformed\lifecycle-livedata-2.7.0 because:
  Build cache is disabled
Skipping AarTransform: C:\Users\user\.gradle\caches\transforms-3\be6eabc1e7597f5af8694205534369ad\transformed\lifecycle-livedata-2.7.0 as it is up-to-date.
Caching disabled for AarTransform: C:\Users\user\.gradle\caches\transforms-3\d13525a792cc64e11bbc6a846969e153\transformed\jetified-savedstate-ktx-1.2.1 because:
  Build cache is disabled
Skipping AarTransform: C:\Users\user\.gradle\caches\transforms-3\d13525a792cc64e11bbc6a846969e153\transformed\jetified-savedstate-ktx-1.2.1 as it is up-to-date.
Caching disabled for AarTransform: C:\Users\user\.gradle\caches\transforms-3\729f0ee4f5c310ded66695d5e416a80a\transformed\jetified-savedstate-1.2.1 because:
  Build cache is disabled
Skipping AarTransform: C:\Users\user\.gradle\caches\transforms-3\729f0ee4f5c310ded66695d5e416a80a\transformed\jetified-savedstate-1.2.1 as it is up-to-date.
Caching disabled for AarTransform: C:\Users\user\.gradle\caches\transforms-3\17d74363b6e909a9d3f818c44afa4535\transformed\jetified-lifecycle-viewmodel-savedstate-2.7.0 because:
  Build cache is disabled
Skipping AarTransform: C:\Users\user\.gradle\caches\transforms-3\17d74363b6e909a9d3f818c44afa4535\transformed\jetified-lifecycle-viewmodel-savedstate-2.7.0 as it is up-to-date.
Caching disabled for AarTransform: C:\Users\user\.gradle\caches\transforms-3\91aa7e25739ba49b8c446850083d9968\transformed\jetified-lifecycle-viewmodel-ktx-2.7.0 because:
  Build cache is disabled
Skipping AarTransform: C:\Users\user\.gradle\caches\transforms-3\91aa7e25739ba49b8c446850083d9968\transformed\jetified-lifecycle-viewmodel-ktx-2.7.0 as it is up-to-date.
Caching disabled for AarTransform: C:\Users\user\.gradle\caches\transforms-3\d61403040d3c0a7f14b12e75c497150a\transformed\lifecycle-viewmodel-2.7.0 because:
  Build cache is disabled
Skipping AarTransform: C:\Users\user\.gradle\caches\transforms-3\d61403040d3c0a7f14b12e75c497150a\transformed\lifecycle-viewmodel-2.7.0 as it is up-to-date.
Caching disabled for AarTransform: C:\Users\user\.gradle\caches\transforms-3\4bea3ad7086dd6310416577e679b27ab\transformed\lifecycle-runtime-2.7.0 because:
  Build cache is disabled
Skipping AarTransform: C:\Users\user\.gradle\caches\transforms-3\4bea3ad7086dd6310416577e679b27ab\transformed\lifecycle-runtime-2.7.0 as it is up-to-date.
Caching disabled for AarTransform: C:\Users\user\.gradle\caches\transforms-3\7c1ae54e643c59b38470a4f4e87f36e0\transformed\jetified-viewpager2-1.0.0 because:
  Build cache is disabled
Skipping AarTransform: C:\Users\user\.gradle\caches\transforms-3\7c1ae54e643c59b38470a4f4e87f36e0\transformed\jetified-viewpager2-1.0.0 as it is up-to-date.
Caching disabled for AarTransform: C:\Users\user\.gradle\caches\transforms-3\e109843751a45ceb797ac7414dcd1f55\transformed\jetified-lifecycle-runtime-ktx-2.7.0 because:
  Build cache is disabled
Skipping AarTransform: C:\Users\user\.gradle\caches\transforms-3\e109843751a45ceb797ac7414dcd1f55\transformed\jetified-lifecycle-runtime-ktx-2.7.0 as it is up-to-date.
Caching disabled for AarTransform: C:\Users\user\.gradle\caches\transforms-3\f0f9ccfae522ac4dd97fb98b3f926856\transformed\appcompat-1.6.1 because:
  Build cache is disabled
Skipping AarTransform: C:\Users\user\.gradle\caches\transforms-3\f0f9ccfae522ac4dd97fb98b3f926856\transformed\appcompat-1.6.1 as it is up-to-date.
Caching disabled for AarTransform: C:\Users\user\.gradle\caches\transforms-3\eb7f95ceb80fe7edaffe686f45c414e3\transformed\jetified-ui-release because:
  Build cache is disabled
Skipping AarTransform: C:\Users\user\.gradle\caches\transforms-3\eb7f95ceb80fe7edaffe686f45c414e3\transformed\jetified-ui-release as it is up-to-date.
Caching disabled for AarTransform: C:\Users\user\.gradle\caches\transforms-3\bd4d0516dc82d593dc75d0d58095804e\transformed\jetified-activity-ktx-1.8.2 because:
  Build cache is disabled
Skipping AarTransform: C:\Users\user\.gradle\caches\transforms-3\bd4d0516dc82d593dc75d0d58095804e\transformed\jetified-activity-ktx-1.8.2 as it is up-to-date.
Caching disabled for AarTransform: C:\Users\user\.gradle\caches\transforms-3\cc2b5325880f19f8fa69e371da0fcec2\transformed\jetified-activity-compose-1.8.2 because:
  Build cache is disabled
Skipping AarTransform: C:\Users\user\.gradle\caches\transforms-3\cc2b5325880f19f8fa69e371da0fcec2\transformed\jetified-activity-compose-1.8.2 as it is up-to-date.
Caching disabled for AarTransform: C:\Users\user\.gradle\caches\transforms-3\3ff7e07e96cbf3c15e17ee90dee7c81e\transformed\jetified-activity-1.8.2 because:
  Build cache is disabled
Skipping AarTransform: C:\Users\user\.gradle\caches\transforms-3\3ff7e07e96cbf3c15e17ee90dee7c81e\transformed\jetified-activity-1.8.2 as it is up-to-date.
Caching disabled for AarTransform: C:\Users\user\.gradle\caches\transforms-3\4d6838555ad24cf15a99513e72d58fa0\transformed\jetified-lifecycle-viewmodel-compose-2.7.0 because:
  Build cache is disabled
Skipping AarTransform: C:\Users\user\.gradle\caches\transforms-3\4d6838555ad24cf15a99513e72d58fa0\transformed\jetified-lifecycle-viewmodel-compose-2.7.0 as it is up-to-date.
Caching disabled for AarTransform: C:\Users\user\.gradle\caches\transforms-3\23d54db28db6fd27500c43cbb98a94ee\transformed\jetified-exoplayer-2.19.1 because:
  Build cache is disabled
Skipping AarTransform: C:\Users\user\.gradle\caches\transforms-3\23d54db28db6fd27500c43cbb98a94ee\transformed\jetified-exoplayer-2.19.1 as it is up-to-date.
Caching disabled for AarTransform: C:\Users\user\.gradle\caches\transforms-3\6b9e330e22f5b80af693a9cc1ed78961\transformed\jetified-exoplayer-dash-2.19.1 because:
  Build cache is disabled
Skipping AarTransform: C:\Users\user\.gradle\caches\transforms-3\6b9e330e22f5b80af693a9cc1ed78961\transformed\jetified-exoplayer-dash-2.19.1 as it is up-to-date.
Caching disabled for AarTransform: C:\Users\user\.gradle\caches\transforms-3\86e7631404a3447ccb8c53460349c742\transformed\jetified-exoplayer-hls-2.19.1 because:
  Build cache is disabled
Skipping AarTransform: C:\Users\user\.gradle\caches\transforms-3\86e7631404a3447ccb8c53460349c742\transformed\jetified-exoplayer-hls-2.19.1 as it is up-to-date.
Caching disabled for AarTransform: C:\Users\user\.gradle\caches\transforms-3\7988b5c431abeac835ef34d8554a267c\transformed\jetified-exoplayer-rtsp-2.19.1 because:
  Build cache is disabled
Skipping AarTransform: C:\Users\user\.gradle\caches\transforms-3\7988b5c431abeac835ef34d8554a267c\transformed\jetified-exoplayer-rtsp-2.19.1 as it is up-to-date.
Caching disabled for AarTransform: C:\Users\user\.gradle\caches\transforms-3\04830523360f0a9c22bc3d9783abdb1e\transformed\jetified-exoplayer-smoothstreaming-2.19.1 because:
  Build cache is disabled
Skipping AarTransform: C:\Users\user\.gradle\caches\transforms-3\04830523360f0a9c22bc3d9783abdb1e\transformed\jetified-exoplayer-smoothstreaming-2.19.1 as it is up-to-date.
Caching disabled for AarTransform: C:\Users\user\.gradle\caches\transforms-3\6a39333c6856d532570520fbc2bd1c09\transformed\jetified-exoplayer-core-2.19.1 because:
  Build cache is disabled
Skipping AarTransform: C:\Users\user\.gradle\caches\transforms-3\6a39333c6856d532570520fbc2bd1c09\transformed\jetified-exoplayer-core-2.19.1 as it is up-to-date.
Caching disabled for AarTransform: C:\Users\user\.gradle\caches\transforms-3\8f69b11fed3424c2a2d07f943e7b1442\transformed\jetified-accompanist-drawablepainter-0.32.0 because:
  Build cache is disabled
Skipping AarTransform: C:\Users\user\.gradle\caches\transforms-3\8f69b11fed3424c2a2d07f943e7b1442\transformed\jetified-accompanist-drawablepainter-0.32.0 as it is up-to-date.
Caching disabled for AarTransform: C:\Users\user\.gradle\caches\transforms-3\665f08a046034a03c45c1b60402783c2\transformed\jetified-exoplayer-ui-2.19.1 because:
  Build cache is disabled
Skipping AarTransform: C:\Users\user\.gradle\caches\transforms-3\665f08a046034a03c45c1b60402783c2\transformed\jetified-exoplayer-ui-2.19.1 as it is up-to-date.
Caching disabled for AarTransform: C:\Users\user\.gradle\caches\transforms-3\0f7bbe974198c0e6f5daf78e810cfb8e\transformed\recyclerview-1.3.0 because:
  Build cache is disabled
Skipping AarTransform: C:\Users\user\.gradle\caches\transforms-3\0f7bbe974198c0e6f5daf78e810cfb8e\transformed\recyclerview-1.3.0 as it is up-to-date.
Caching disabled for AarTransform: C:\Users\user\.gradle\caches\transforms-3\e64e0a3a08ca0f06a8ffeb68df2fb01e\transformed\media-1.6.0 because:
  Build cache is disabled
Skipping AarTransform: C:\Users\user\.gradle\caches\transforms-3\e64e0a3a08ca0f06a8ffeb68df2fb01e\transformed\media-1.6.0 as it is up-to-date.
Caching disabled for AarTransform: C:\Users\user\.gradle\caches\transforms-3\57848645458d68f540459ae62d741e32\transformed\viewpager-1.0.0 because:
  Build cache is disabled
Skipping AarTransform: C:\Users\user\.gradle\caches\transforms-3\57848645458d68f540459ae62d741e32\transformed\viewpager-1.0.0 as it is up-to-date.
Caching disabled for AarTransform: C:\Users\user\.gradle\caches\transforms-3\756e4599b46450e09c632b813556cee0\transformed\browser-1.4.0 because:
  Build cache is disabled
Skipping AarTransform: C:\Users\user\.gradle\caches\transforms-3\756e4599b46450e09c632b813556cee0\transformed\browser-1.4.0 as it is up-to-date.
Caching disabled for AarTransform: C:\Users\user\.gradle\caches\transforms-3\a2f4c85d9ee4c6259367ff55f3b32260\transformed\customview-1.1.0 because:
  Build cache is disabled
Skipping AarTransform: C:\Users\user\.gradle\caches\transforms-3\a2f4c85d9ee4c6259367ff55f3b32260\transformed\customview-1.1.0 as it is up-to-date.
Caching disabled for AarTransform: C:\Users\user\.gradle\caches\transforms-3\937d7a61b7111c64ca0de305910a85b2\transformed\jetified-autofill-1.0.0 because:
  Build cache is disabled
Skipping AarTransform: C:\Users\user\.gradle\caches\transforms-3\937d7a61b7111c64ca0de305910a85b2\transformed\jetified-autofill-1.0.0 as it is up-to-date.
Caching disabled for AarTransform: C:\Users\user\.gradle\caches\transforms-3\5c5739f4de2f71729af9e79251007f6b\transformed\core-1.12.0 because:
  Build cache is disabled
Skipping AarTransform: C:\Users\user\.gradle\caches\transforms-3\5c5739f4de2f71729af9e79251007f6b\transformed\core-1.12.0 as it is up-to-date.
Caching disabled for AarTransform: C:\Users\user\.gradle\caches\transforms-3\c4b75ff235f5060d29e5ddca564ceddc\transformed\jetified-ads-adservices-java-1.0.0-beta05 because:
  Build cache is disabled
Skipping AarTransform: C:\Users\user\.gradle\caches\transforms-3\c4b75ff235f5060d29e5ddca564ceddc\transformed\jetified-ads-adservices-java-1.0.0-beta05 as it is up-to-date.
Caching disabled for AarTransform: C:\Users\user\.gradle\caches\transforms-3\88a788eb4554cb70c926faac5961e219\transformed\jetified-ads-adservices-1.0.0-beta05 because:
  Build cache is disabled
Skipping AarTransform: C:\Users\user\.gradle\caches\transforms-3\88a788eb4554cb70c926faac5961e219\transformed\jetified-ads-adservices-1.0.0-beta05 as it is up-to-date.
Caching disabled for AarTransform: C:\Users\user\.gradle\caches\transforms-3\bc26dfac284b88af3c813008f6ef1c3e\transformed\jetified-customview-poolingcontainer-1.0.0 because:
  Build cache is disabled
Skipping AarTransform: C:\Users\user\.gradle\caches\transforms-3\bc26dfac284b88af3c813008f6ef1c3e\transformed\jetified-customview-poolingcontainer-1.0.0 as it is up-to-date.
Caching disabled for AarTransform: C:\Users\user\.gradle\caches\transforms-3\b524aad8313712e1a2099d34ba0009dd\transformed\jetified-flexbox-3.0.0 because:
  Build cache is disabled
Skipping AarTransform: C:\Users\user\.gradle\caches\transforms-3\b524aad8313712e1a2099d34ba0009dd\transformed\jetified-flexbox-3.0.0 as it is up-to-date.
Caching disabled for AarTransform: C:\Users\user\.gradle\caches\transforms-3\9ab85f199ce6032d85aa0cc0c0e855bb\transformed\jetified-core-ktx-1.12.0 because:
  Build cache is disabled
Skipping AarTransform: C:\Users\user\.gradle\caches\transforms-3\9ab85f199ce6032d85aa0cc0c0e855bb\transformed\jetified-core-ktx-1.12.0 as it is up-to-date.
Caching disabled for AarTransform: C:\Users\user\.gradle\caches\transforms-3\a03b3d04d2ceca7ea618a06e3d24afa0\transformed\sqlite-2.4.0 because:
  Build cache is disabled
Caching disabled for AarTransform: C:\Users\user\.gradle\caches\transforms-3\8b9d9cccd9cd11d68aeff198447cb46d\transformed\jetified-core-splashscreen-1.0.1 because:
  Build cache is disabled
Caching disabled for AarTransform: C:\Users\user\.gradle\caches\transforms-3\71618b46663af3ea0092ee8c6d5590fe\transformed\sqlite-framework-2.4.0 because:
  Build cache is disabled
Skipping AarTransform: C:\Users\user\.gradle\caches\transforms-3\71618b46663af3ea0092ee8c6d5590fe\transformed\sqlite-framework-2.4.0 as it is up-to-date.
Skipping AarTransform: C:\Users\user\.gradle\caches\transforms-3\8b9d9cccd9cd11d68aeff198447cb46d\transformed\jetified-core-splashscreen-1.0.1 as it is up-to-date.
Caching disabled for AarTransform: C:\Users\user\.gradle\caches\transforms-3\3d44061c8964bbe6cad35f32dd98185c\transformed\jetified-napier-release because:
  Build cache is disabled
Skipping AarTransform: C:\Users\user\.gradle\caches\transforms-3\3d44061c8964bbe6cad35f32dd98185c\transformed\jetified-napier-release as it is up-to-date.
Skipping AarTransform: C:\Users\user\.gradle\caches\transforms-3\a03b3d04d2ceca7ea618a06e3d24afa0\transformed\sqlite-2.4.0 as it is up-to-date.
Caching disabled for AarTransform: C:\Users\user\.gradle\caches\transforms-3\43654c406d94ba418e69a2f38c0ce75a\transformed\cursoradapter-1.0.0 because:
  Build cache is disabled
Caching disabled for AarTransform: C:\Users\user\.gradle\caches\transforms-3\4ec695ed94a8284d6fd7bdbfc66270dc\transformed\jetified-annotation-experimental-1.4.0 because:
  Build cache is disabled
Skipping AarTransform: C:\Users\user\.gradle\caches\transforms-3\43654c406d94ba418e69a2f38c0ce75a\transformed\cursoradapter-1.0.0 as it is up-to-date.
Caching disabled for AarTransform: C:\Users\user\.gradle\caches\transforms-3\22c98dd52680fc31e34a15f54a9f94d2\transformed\cardview-1.0.0 because:
  Build cache is disabled
Skipping AarTransform: C:\Users\user\.gradle\caches\transforms-3\22c98dd52680fc31e34a15f54a9f94d2\transformed\cardview-1.0.0 as it is up-to-date.
Caching disabled for AarTransform: C:\Users\user\.gradle\caches\transforms-3\9736755219de9964c187b9748cea348a\transformed\core-runtime-2.2.0 because:
  Build cache is disabled
Skipping AarTransform: C:\Users\user\.gradle\caches\transforms-3\9736755219de9964c187b9748cea348a\transformed\core-runtime-2.2.0 as it is up-to-date.
Caching disabled for AarTransform: C:\Users\user\.gradle\caches\transforms-3\378ae54a4a79477d991a76c42d10201e\transformed\jetified-exoplayer-datasource-2.19.1 because:
  Build cache is disabled
Caching disabled for AarTransform: C:\Users\user\.gradle\caches\transforms-3\7f41368f9514b52c773c9c6d9f2b90c2\transformed\jetified-exoplayer-database-2.19.1 because:
  Build cache is disabled
Skipping AarTransform: C:\Users\user\.gradle\caches\transforms-3\7f41368f9514b52c773c9c6d9f2b90c2\transformed\jetified-exoplayer-database-2.19.1 as it is up-to-date.
Skipping AarTransform: C:\Users\user\.gradle\caches\transforms-3\378ae54a4a79477d991a76c42d10201e\transformed\jetified-exoplayer-datasource-2.19.1 as it is up-to-date.
Skipping AarTransform: C:\Users\user\.gradle\caches\transforms-3\4ec695ed94a8284d6fd7bdbfc66270dc\transformed\jetified-annotation-experimental-1.4.0 as it is up-to-date.
Caching disabled for AarTransform: C:\Users\user\.gradle\caches\transforms-3\2f746cdb46666a5ea31069a92ad1cee2\transformed\jetified-exoplayer-extractor-2.19.1 because:
  Build cache is disabled
Skipping AarTransform: C:\Users\user\.gradle\caches\transforms-3\2f746cdb46666a5ea31069a92ad1cee2\transformed\jetified-exoplayer-extractor-2.19.1 as it is up-to-date.
Caching disabled for AarTransform: C:\Users\user\.gradle\caches\transforms-3\0774aba38fbb7a71a2e380171e0b7778\transformed\jetified-exoplayer-decoder-2.19.1 because:
  Build cache is disabled
Skipping AarTransform: C:\Users\user\.gradle\caches\transforms-3\0774aba38fbb7a71a2e380171e0b7778\transformed\jetified-exoplayer-decoder-2.19.1 as it is up-to-date.
Caching disabled for AarTransform: C:\Users\user\.gradle\caches\transforms-3\c3fa91361cece7ab93c5fa0d01671725\transformed\jetified-exoplayer-container-2.19.1 because:
  Build cache is disabled
Caching disabled for AarTransform: C:\Users\user\.gradle\caches\transforms-3\715d44aa31120efd79cf05422b37b84e\transformed\jetified-exoplayer-common-2.19.1 because:
  Build cache is disabled
Skipping AarTransform: C:\Users\user\.gradle\caches\transforms-3\715d44aa31120efd79cf05422b37b84e\transformed\jetified-exoplayer-common-2.19.1 as it is up-to-date.
Skipping AarTransform: C:\Users\user\.gradle\caches\transforms-3\c3fa91361cece7ab93c5fa0d01671725\transformed\jetified-exoplayer-container-2.19.1 as it is up-to-date.
Caching disabled for AarTransform: C:\Users\user\.gradle\caches\transforms-3\8eba7c3e4113638c557764cfd1246d65\transformed\interpolator-1.0.0 because:
  Build cache is disabled
Skipping AarTransform: C:\Users\user\.gradle\caches\transforms-3\8eba7c3e4113638c557764cfd1246d65\transformed\interpolator-1.0.0 as it is up-to-date.
Caching disabled for AarTransform: C:\Users\user\.gradle\caches\transforms-3\c8dca9ca411b7b236189b876c168c300\transformed\jetified-profileinstaller-1.3.1 because:
  Build cache is disabled
Skipping AarTransform: C:\Users\user\.gradle\caches\transforms-3\c8dca9ca411b7b236189b876c168c300\transformed\jetified-profileinstaller-1.3.1 as it is up-to-date.
Caching disabled for AarTransform: C:\Users\user\.gradle\caches\transforms-3\fe52cfe629053f967703c8ba77285e8b\transformed\jetified-startup-runtime-1.1.1 because:
  Build cache is disabled
Skipping AarTransform: C:\Users\user\.gradle\caches\transforms-3\fe52cfe629053f967703c8ba77285e8b\transformed\jetified-startup-runtime-1.1.1 as it is up-to-date.
Caching disabled for AarTransform: C:\Users\user\.gradle\caches\transforms-3\87361d05feba7a7d0f4af0c7c0d3e017\transformed\jetified-tracing-1.0.0 because:
  Build cache is disabled
Skipping AarTransform: C:\Users\user\.gradle\caches\transforms-3\87361d05feba7a7d0f4af0c7c0d3e017\transformed\jetified-tracing-1.0.0 as it is up-to-date.
Caching disabled for AarTransform: C:\Users\user\.gradle\caches\transforms-3\82d49ae48ad7cd68ccf29f123b5e48ad\transformed\versionedparcelable-1.1.1 because:
  Build cache is disabled
Skipping AarTransform: C:\Users\user\.gradle\caches\transforms-3\82d49ae48ad7cd68ccf29f123b5e48ad\transformed\versionedparcelable-1.1.1 as it is up-to-date.
Caching disabled for AarTransform: C:\Users\user\.gradle\caches\transforms-3\2c86103f160590f7e7be532bf55d34f7\transformed\localbroadcastmanager-1.0.0 because:
  Build cache is disabled
Skipping AarTransform: C:\Users\user\.gradle\caches\transforms-3\2c86103f160590f7e7be532bf55d34f7\transformed\localbroadcastmanager-1.0.0 as it is up-to-date.
Caching disabled for AarTransform: C:\Users\user\.gradle\caches\transforms-3\4122ce09f170e8a2afb176a358403d3a\transformed\print-1.0.0 because:
  Build cache is disabled
Skipping AarTransform: C:\Users\user\.gradle\caches\transforms-3\4122ce09f170e8a2afb176a358403d3a\transformed\print-1.0.0 as it is up-to-date.
Caching disabled for AarTransform: C:\Users\user\.gradle\caches\transforms-3\54b5456fddcec85940b2ee402266c816\transformed\documentfile-1.0.0 because:
  Build cache is disabled
Skipping AarTransform: C:\Users\user\.gradle\caches\transforms-3\54b5456fddcec85940b2ee402266c816\transformed\documentfile-1.0.0 as it is up-to-date.
Caching disabled for AarTransform: C:\Users\user\.gradle\caches\transforms-3\77df13c6b2001957f35925c162d5e46d\transformed\jetified-Android-Image-Slider-1.4.0 because:
  Build cache is disabled
Skipping AarTransform: C:\Users\user\.gradle\caches\transforms-3\77df13c6b2001957f35925c162d5e46d\transformed\jetified-Android-Image-Slider-1.4.0 as it is up-to-date.
Caching disabled for AarTransform: C:\Users\user\.gradle\caches\transforms-3\e32c3b5e322944d64bfee37764a5fb00\transformed\jetified-volley-1.2.1 because:
  Build cache is disabled
Skipping AarTransform: C:\Users\user\.gradle\caches\transforms-3\e32c3b5e322944d64bfee37764a5fb00\transformed\jetified-volley-1.2.1 as it is up-to-date.
Caching disabled for AarTransform: C:\Users\user\.gradle\caches\transforms-3\56896802246a3dbc3ea0a00275524921\transformed\exifinterface-1.3.6 because:
  Build cache is disabled
Skipping AarTransform: C:\Users\user\.gradle\caches\transforms-3\56896802246a3dbc3ea0a00275524921\transformed\exifinterface-1.3.6 as it is up-to-date.
Caching disabled for AarTransform: C:\Users\user\.gradle\caches\transforms-3\17460feccaee72c1c7a59c8d3aa5599a\transformed\jetified-dagger-lint-aar-2.49 because:
  Build cache is disabled
Skipping AarTransform: C:\Users\user\.gradle\caches\transforms-3\17460feccaee72c1c7a59c8d3aa5599a\transformed\jetified-dagger-lint-aar-2.49 as it is up-to-date.
Caching disabled for AarTransform: C:\Users\user\.gradle\caches\transforms-3\3c8d6d9f40fe01c17d4d4666fd356dbc\transformed\jetified-circleimageview-3.1.0 because:
  Build cache is disabled
Skipping AarTransform: C:\Users\user\.gradle\caches\transforms-3\3c8d6d9f40fe01c17d4d4666fd356dbc\transformed\jetified-circleimageview-3.1.0 as it is up-to-date.
Caching disabled for AarTransform: C:\Users\user\.gradle\caches\transforms-3\ba655bab558f728b21e193f216f3fd5b\transformed\constraintlayout-2.0.1 because:
  Build cache is disabled
Skipping AarTransform: C:\Users\user\.gradle\caches\transforms-3\ba655bab558f728b21e193f216f3fd5b\transformed\constraintlayout-2.0.1 as it is up-to-date.
Caching disabled for AarTransform: C:\Users\user\.gradle\caches\transforms-3\7b64fcd84fbd59187c29faf12635bee6\transformed\jetified-lottie-compose-6.1.0 because:
  Build cache is disabled
Skipping AarTransform: C:\Users\user\.gradle\caches\transforms-3\7b64fcd84fbd59187c29faf12635bee6\transformed\jetified-lottie-compose-6.1.0 as it is up-to-date.
Caching disabled for AarTransform: C:\Users\user\.gradle\caches\transforms-3\d76c3ac89ac3f5a9a20dcb6973cf40e8\transformed\material-1.11.0 because:
  Build cache is disabled
Skipping AarTransform: C:\Users\user\.gradle\caches\transforms-3\d76c3ac89ac3f5a9a20dcb6973cf40e8\transformed\material-1.11.0 as it is up-to-date.
Caching disabled for AarTransform: C:\Users\user\.gradle\caches\transforms-3\14c109339047e7a54ee79e8f23fe26ef\transformed\jetified-appcompat-resources-1.6.1 because:
  Build cache is disabled
Skipping AarTransform: C:\Users\user\.gradle\caches\transforms-3\14c109339047e7a54ee79e8f23fe26ef\transformed\jetified-appcompat-resources-1.6.1 as it is up-to-date.
Caching disabled for AarTransform: C:\Users\user\.gradle\caches\transforms-3\b279794bd278a40574c8244342fbb052\transformed\jetified-coil-2.5.0 because:
  Build cache is disabled
Caching disabled for AarTransform: C:\Users\user\.gradle\caches\transforms-3\f0c43f23ec6e516e0621ab61a039ef0c\transformed\jetified-lottie-6.1.0 because:
  Build cache is disabled
Caching disabled for AarTransform: C:\Users\user\.gradle\caches\transforms-3\73d67742e5e0faeb12f6359aec9f4317\transformed\jetified-coil-base-2.5.0 because:
  Build cache is disabled
Skipping AarTransform: C:\Users\user\.gradle\caches\transforms-3\f0c43f23ec6e516e0621ab61a039ef0c\transformed\jetified-lottie-6.1.0 as it is up-to-date.
Skipping AarTransform: C:\Users\user\.gradle\caches\transforms-3\b279794bd278a40574c8244342fbb052\transformed\jetified-coil-2.5.0 as it is up-to-date.
Skipping AarTransform: C:\Users\user\.gradle\caches\transforms-3\73d67742e5e0faeb12f6359aec9f4317\transformed\jetified-coil-base-2.5.0 as it is up-to-date.
Caching disabled for AarTransform: C:\Users\user\.gradle\caches\transforms-3\125cb728ef3f46ce7225da4c49aa0884\transformed\jetified-coil-compose-base-2.5.0 because:
  Build cache is disabled
Caching disabled for AarTransform: C:\Users\user\.gradle\caches\transforms-3\01af9fa4640328761f93b15ceedbb393\transformed\jetified-coil-compose-2.5.0 because:
  Build cache is disabled
Skipping AarTransform: C:\Users\user\.gradle\caches\transforms-3\125cb728ef3f46ce7225da4c49aa0884\transformed\jetified-coil-compose-base-2.5.0 as it is up-to-date.
Skipping AarTransform: C:\Users\user\.gradle\caches\transforms-3\01af9fa4640328761f93b15ceedbb393\transformed\jetified-coil-compose-2.5.0 as it is up-to-date.
Transforming material-1.11.0.aar (com.google.android.material:material:1.11.0) with JetifyTransform
Transforming material-1.11.0.aar (com.google.android.material:material:1.11.0) with ExtractAarTransform
Transforming material-1.11.0.aar (com.google.android.material:material:1.11.0) with AarTransform
Transforming lottie-compose-6.1.0.aar (com.airbnb.android:lottie-compose:6.1.0) with JetifyTransform
Transforming lottie-compose-6.1.0.aar (com.airbnb.android:lottie-compose:6.1.0) with ExtractAarTransform
Transforming lottie-compose-6.1.0.aar (com.airbnb.android:lottie-compose:6.1.0) with AarTransform
Transforming lottie-6.1.0.aar (com.airbnb.android:lottie:6.1.0) with JetifyTransform
Transforming lottie-6.1.0.aar (com.airbnb.android:lottie:6.1.0) with ExtractAarTransform
Transforming lottie-6.1.0.aar (com.airbnb.android:lottie:6.1.0) with AarTransform
Transforming coil-compose-2.5.0.aar (io.coil-kt:coil-compose:2.5.0) with JetifyTransform
Transforming coil-compose-2.5.0.aar (io.coil-kt:coil-compose:2.5.0) with ExtractAarTransform
Transforming coil-compose-2.5.0.aar (io.coil-kt:coil-compose:2.5.0) with AarTransform
Transforming coil-compose-base-2.5.0.aar (io.coil-kt:coil-compose-base:2.5.0) with JetifyTransform
Transforming coil-compose-base-2.5.0.aar (io.coil-kt:coil-compose-base:2.5.0) with ExtractAarTransform
Transforming coil-compose-base-2.5.0.aar (io.coil-kt:coil-compose-base:2.5.0) with AarTransform
Transforming coil-2.5.0.aar (io.coil-kt:coil:2.5.0) with JetifyTransform
Transforming coil-2.5.0.aar (io.coil-kt:coil:2.5.0) with ExtractAarTransform
Transforming coil-2.5.0.aar (io.coil-kt:coil:2.5.0) with AarTransform
Transforming coil-base-2.5.0.aar (io.coil-kt:coil-base:2.5.0) with JetifyTransform
Transforming coil-base-2.5.0.aar (io.coil-kt:coil-base:2.5.0) with ExtractAarTransform
Transforming coil-base-2.5.0.aar (io.coil-kt:coil-base:2.5.0) with AarTransform
Transforming appcompat-resources-1.6.1.aar (androidx.appcompat:appcompat-resources:1.6.1) with JetifyTransform
Transforming appcompat-resources-1.6.1.aar (androidx.appcompat:appcompat-resources:1.6.1) with ExtractAarTransform
Transforming appcompat-resources-1.6.1.aar (androidx.appcompat:appcompat-resources:1.6.1) with AarTransform
Transforming constraintlayout-2.0.1.aar (androidx.constraintlayout:constraintlayout:2.0.1) with JetifyTransform
Transforming constraintlayout-2.0.1.aar (androidx.constraintlayout:constraintlayout:2.0.1) with ExtractAarTransform
Transforming constraintlayout-2.0.1.aar (androidx.constraintlayout:constraintlayout:2.0.1) with AarTransform
Transforming appcompat-1.6.1.aar (androidx.appcompat:appcompat:1.6.1) with JetifyTransform
Transforming appcompat-1.6.1.aar (androidx.appcompat:appcompat:1.6.1) with ExtractAarTransform
Transforming appcompat-1.6.1.aar (androidx.appcompat:appcompat:1.6.1) with AarTransform
Transforming viewpager2-1.0.0.aar (androidx.viewpager2:viewpager2:1.0.0) with JetifyTransform
Transforming viewpager2-1.0.0.aar (androidx.viewpager2:viewpager2:1.0.0) with ExtractAarTransform
Transforming viewpager2-1.0.0.aar (androidx.viewpager2:viewpager2:1.0.0) with AarTransform
Transforming play-services-ads-22.6.0.aar (com.google.android.gms:play-services-ads:22.6.0) with JetifyTransform
Transforming play-services-ads-22.6.0.aar (com.google.android.gms:play-services-ads:22.6.0) with ExtractAarTransform
Transforming play-services-ads-22.6.0.aar (com.google.android.gms:play-services-ads:22.6.0) with AarTransform
Transforming play-services-appset-16.0.1.aar (com.google.android.gms:play-services-appset:16.0.1) with JetifyTransform
Transforming play-services-appset-16.0.1.aar (com.google.android.gms:play-services-appset:16.0.1) with ExtractAarTransform
Transforming play-services-appset-16.0.1.aar (com.google.android.gms:play-services-appset:16.0.1) with AarTransform
Transforming play-services-base-18.2.0.aar (com.google.android.gms:play-services-base:18.2.0) with JetifyTransform
Transforming play-services-base-18.2.0.aar (com.google.android.gms:play-services-base:18.2.0) with ExtractAarTransform
Transforming play-services-base-18.2.0.aar (com.google.android.gms:play-services-base:18.2.0) with AarTransform
Transforming play-services-base-18.2.0.aar (com.google.android.gms:play-services-base:18.2.0) with JetifyTransform
Transforming play-services-base-18.2.0.aar (com.google.android.gms:play-services-base:18.2.0) with ExtractAarTransform
Transforming play-services-base-18.2.0.aar (com.google.android.gms:play-services-base:18.2.0) with AarTransform
Transforming drawerlayout-1.1.1.aar (androidx.drawerlayout:drawerlayout:1.1.1) with JetifyTransform
Transforming drawerlayout-1.1.1.aar (androidx.drawerlayout:drawerlayout:1.1.1) with ExtractAarTransform
Transforming drawerlayout-1.1.1.aar (androidx.drawerlayout:drawerlayout:1.1.1) with AarTransform
Transforming coordinatorlayout-1.1.0.aar (androidx.coordinatorlayout:coordinatorlayout:1.1.0) with JetifyTransform
Transforming coordinatorlayout-1.1.0.aar (androidx.coordinatorlayout:coordinatorlayout:1.1.0) with ExtractAarTransform
Transforming coordinatorlayout-1.1.0.aar (androidx.coordinatorlayout:coordinatorlayout:1.1.0) with AarTransform
Transforming dynamicanimation-1.0.0.aar (androidx.dynamicanimation:dynamicanimation:1.0.0) with JetifyTransform
Transforming dynamicanimation-1.0.0.aar (androidx.dynamicanimation:dynamicanimation:1.0.0) with ExtractAarTransform
Transforming dynamicanimation-1.0.0.aar (androidx.dynamicanimation:dynamicanimation:1.0.0) with AarTransform
Transforming transition-1.2.0.aar (androidx.transition:transition:1.2.0) with JetifyTransform
Transforming transition-1.2.0.aar (androidx.transition:transition:1.2.0) with ExtractAarTransform
Transforming transition-1.2.0.aar (androidx.transition:transition:1.2.0) with AarTransform
Transforming vectordrawable-animated-1.1.0.aar (androidx.vectordrawable:vectordrawable-animated:1.1.0) with JetifyTransform
Transforming vectordrawable-animated-1.1.0.aar (androidx.vectordrawable:vectordrawable-animated:1.1.0) with ExtractAarTransform
Transforming vectordrawable-animated-1.1.0.aar (androidx.vectordrawable:vectordrawable-animated:1.1.0) with AarTransform
Transforming vectordrawable-1.1.0.aar (androidx.vectordrawable:vectordrawable:1.1.0) with JetifyTransform
Transforming vectordrawable-1.1.0.aar (androidx.vectordrawable:vectordrawable:1.1.0) with ExtractAarTransform
Transforming vectordrawable-1.1.0.aar (androidx.vectordrawable:vectordrawable:1.1.0) with AarTransform
Transforming vectordrawable-1.1.0.aar (androidx.vectordrawable:vectordrawable:1.1.0) with JetifyTransform
Transforming vectordrawable-1.1.0.aar (androidx.vectordrawable:vectordrawable:1.1.0) with ExtractAarTransform
Transforming vectordrawable-1.1.0.aar (androidx.vectordrawable:vectordrawable:1.1.0) with AarTransform
Transforming hilt-navigation-compose-1.1.0.aar (androidx.hilt:hilt-navigation-compose:1.1.0) with JetifyTransform
Transforming hilt-navigation-compose-1.1.0.aar (androidx.hilt:hilt-navigation-compose:1.1.0) with ExtractAarTransform
Transforming hilt-navigation-compose-1.1.0.aar (androidx.hilt:hilt-navigation-compose:1.1.0) with AarTransform
Transforming hilt-navigation-1.1.0.aar (androidx.hilt:hilt-navigation:1.1.0) with JetifyTransform
Transforming hilt-navigation-1.1.0.aar (androidx.hilt:hilt-navigation:1.1.0) with ExtractAarTransform
Transforming hilt-navigation-1.1.0.aar (androidx.hilt:hilt-navigation:1.1.0) with AarTransform
Transforming navigation-common-2.7.6.aar (androidx.navigation:navigation-common:2.7.6) with JetifyTransform
Transforming navigation-common-2.7.6.aar (androidx.navigation:navigation-common:2.7.6) with ExtractAarTransform
Transforming navigation-common-2.7.6.aar (androidx.navigation:navigation-common:2.7.6) with AarTransform
Transforming navigation-runtime-2.7.6.aar (androidx.navigation:navigation-runtime:2.7.6) with JetifyTransform
Transforming navigation-runtime-2.7.6.aar (androidx.navigation:navigation-runtime:2.7.6) with ExtractAarTransform
Transforming navigation-runtime-2.7.6.aar (androidx.navigation:navigation-runtime:2.7.6) with AarTransform
Transforming navigation-common-ktx-2.7.6.aar (androidx.navigation:navigation-common-ktx:2.7.6) with JetifyTransform
Transforming navigation-common-ktx-2.7.6.aar (androidx.navigation:navigation-common-ktx:2.7.6) with ExtractAarTransform
Transforming navigation-common-ktx-2.7.6.aar (androidx.navigation:navigation-common-ktx:2.7.6) with AarTransform
Transforming navigation-runtime-ktx-2.7.6.aar (androidx.navigation:navigation-runtime-ktx:2.7.6) with JetifyTransform
Transforming navigation-runtime-ktx-2.7.6.aar (androidx.navigation:navigation-runtime-ktx:2.7.6) with ExtractAarTransform
Transforming navigation-runtime-ktx-2.7.6.aar (androidx.navigation:navigation-runtime-ktx:2.7.6) with AarTransform
Transforming navigation-compose-2.7.6.aar (androidx.navigation:navigation-compose:2.7.6) with JetifyTransform
Transforming navigation-compose-2.7.6.aar (androidx.navigation:navigation-compose:2.7.6) with ExtractAarTransform
Transforming navigation-compose-2.7.6.aar (androidx.navigation:navigation-compose:2.7.6) with AarTransform
Transforming accompanist-permissions-0.32.0.aar (com.google.accompanist:accompanist-permissions:0.32.0) with JetifyTransform
Transforming accompanist-permissions-0.32.0.aar (com.google.accompanist:accompanist-permissions:0.32.0) with ExtractAarTransform
Transforming accompanist-permissions-0.32.0.aar (com.google.accompanist:accompanist-permissions:0.32.0) with AarTransform
Transforming room-ktx-2.6.1.aar (androidx.room:room-ktx:2.6.1) with JetifyTransform
Transforming room-ktx-2.6.1.aar (androidx.room:room-ktx:2.6.1) with ExtractAarTransform
Transforming room-ktx-2.6.1.aar (androidx.room:room-ktx:2.6.1) with AarTransform
Transforming play-services-ads-lite-22.6.0.aar (com.google.android.gms:play-services-ads-lite:22.6.0) with JetifyTransform
Transforming play-services-ads-lite-22.6.0.aar (com.google.android.gms:play-services-ads-lite:22.6.0) with ExtractAarTransform
Transforming play-services-ads-lite-22.6.0.aar (com.google.android.gms:play-services-ads-lite:22.6.0) with AarTransform
Transforming work-runtime-2.7.0.aar (androidx.work:work-runtime:2.7.0) with JetifyTransform
Transforming work-runtime-2.7.0.aar (androidx.work:work-runtime:2.7.0) with ExtractAarTransform
Transforming work-runtime-2.7.0.aar (androidx.work:work-runtime:2.7.0) with AarTransform
Transforming room-runtime-2.6.1.aar (androidx.room:room-runtime:2.6.1) with JetifyTransform
Transforming room-runtime-2.6.1.aar (androidx.room:room-runtime:2.6.1) with ExtractAarTransform
Transforming room-runtime-2.6.1.aar (androidx.room:room-runtime:2.6.1) with AarTransform
Transforming room-paging-2.6.1.aar (androidx.room:room-paging:2.6.1) with JetifyTransform
Transforming room-paging-2.6.1.aar (androidx.room:room-paging:2.6.1) with ExtractAarTransform
Transforming room-paging-2.6.1.aar (androidx.room:room-paging:2.6.1) with AarTransform
Transforming paging-runtime-3.2.1.aar (androidx.paging:paging-runtime:3.2.1) with JetifyTransform
Transforming paging-runtime-3.2.1.aar (androidx.paging:paging-runtime:3.2.1) with ExtractAarTransform
Transforming paging-runtime-3.2.1.aar (androidx.paging:paging-runtime:3.2.1) with AarTransform
Transforming paging-runtime-ktx-3.2.1.aar (androidx.paging:paging-runtime-ktx:3.2.1) with JetifyTransform
Transforming paging-runtime-ktx-3.2.1.aar (androidx.paging:paging-runtime-ktx:3.2.1) with ExtractAarTransform
Transforming paging-runtime-ktx-3.2.1.aar (androidx.paging:paging-runtime-ktx:3.2.1) with AarTransform
Transforming paging-compose-3.2.1.aar (androidx.paging:paging-compose:3.2.1) with JetifyTransform
Transforming paging-compose-3.2.1.aar (androidx.paging:paging-compose:3.2.1) with ExtractAarTransform
Transforming paging-compose-3.2.1.aar (androidx.paging:paging-compose:3.2.1) with AarTransform
Transforming material3-release.aar (androidx.compose.material3:material3-android:1.2.0) with JetifyTransform
Transforming material3-release.aar (androidx.compose.material3:material3-android:1.2.0) with ExtractAarTransform
Transforming material3-release.aar (androidx.compose.material3:material3-android:1.2.0) with AarTransform
Transforming material-ripple-release.aar (androidx.compose.material:material-ripple-android:1.6.1) with JetifyTransform
Transforming material-ripple-release.aar (androidx.compose.material:material-ripple-android:1.6.1) with ExtractAarTransform
Transforming material-ripple-release.aar (androidx.compose.material:material-ripple-android:1.6.1) with AarTransform
Transforming material-icons-core-release.aar (androidx.compose.material:material-icons-core-android:1.6.1) with JetifyTransform
Transforming material-icons-core-release.aar (androidx.compose.material:material-icons-core-android:1.6.1) with ExtractAarTransform
Transforming material-icons-core-release.aar (androidx.compose.material:material-icons-core-android:1.6.1) with AarTransform
Transforming material-release.aar (androidx.compose.material:material-android:1.6.1) with JetifyTransform
Transforming material-release.aar (androidx.compose.material:material-android:1.6.1) with ExtractAarTransform
Transforming material-release.aar (androidx.compose.material:material-android:1.6.1) with AarTransform
Transforming animation-core-release.aar (androidx.compose.animation:animation-core-android:1.6.1) with JetifyTransform
Transforming animation-core-release.aar (androidx.compose.animation:animation-core-android:1.6.1) with ExtractAarTransform
Transforming animation-core-release.aar (androidx.compose.animation:animation-core-android:1.6.1) with AarTransform
Transforming animation-release.aar (androidx.compose.animation:animation-android:1.6.1) with JetifyTransform
Transforming animation-release.aar (androidx.compose.animation:animation-android:1.6.1) with ExtractAarTransform
Transforming animation-release.aar (androidx.compose.animation:animation-android:1.6.1) with AarTransform
Transforming foundation-layout-release.aar (androidx.compose.foundation:foundation-layout-android:1.6.1) with JetifyTransform
Transforming foundation-layout-release.aar (androidx.compose.foundation:foundation-layout-android:1.6.1) with ExtractAarTransform
Transforming foundation-layout-release.aar (androidx.compose.foundation:foundation-layout-android:1.6.1) with AarTransform
Transforming foundation-release.aar (androidx.compose.foundation:foundation-android:1.6.1) with JetifyTransform
Transforming foundation-release.aar (androidx.compose.foundation:foundation-android:1.6.1) with ExtractAarTransform
Transforming foundation-release.aar (androidx.compose.foundation:foundation-android:1.6.1) with AarTransform
Transforming ui-unit-release.aar (androidx.compose.ui:ui-unit-android:1.6.1) with JetifyTransform
Transforming ui-unit-release.aar (androidx.compose.ui:ui-unit-android:1.6.1) with ExtractAarTransform
Transforming ui-unit-release.aar (androidx.compose.ui:ui-unit-android:1.6.1) with AarTransform
Transforming ui-geometry-release.aar (androidx.compose.ui:ui-geometry-android:1.6.1) with JetifyTransform
Transforming ui-geometry-release.aar (androidx.compose.ui:ui-geometry-android:1.6.1) with ExtractAarTransform
Transforming ui-geometry-release.aar (androidx.compose.ui:ui-geometry-android:1.6.1) with AarTransform
Transforming ui-util-release.aar (androidx.compose.ui:ui-util-android:1.6.1) with JetifyTransform
Transforming ui-util-release.aar (androidx.compose.ui:ui-util-android:1.6.1) with ExtractAarTransform
Transforming ui-util-release.aar (androidx.compose.ui:ui-util-android:1.6.1) with AarTransform
Transforming ui-text-release.aar (androidx.compose.ui:ui-text-android:1.6.1) with JetifyTransform
Transforming ui-text-release.aar (androidx.compose.ui:ui-text-android:1.6.1) with ExtractAarTransform
Transforming ui-text-release.aar (androidx.compose.ui:ui-text-android:1.6.1) with AarTransform
Transforming ui-tooling-preview-release.aar (androidx.compose.ui:ui-tooling-preview-android:1.6.1) with JetifyTransform
Transforming ui-tooling-preview-release.aar (androidx.compose.ui:ui-tooling-preview-android:1.6.1) with ExtractAarTransform
Transforming ui-tooling-preview-release.aar (androidx.compose.ui:ui-tooling-preview-android:1.6.1) with AarTransform
Transforming ui-graphics-release.aar (androidx.compose.ui:ui-graphics-android:1.6.1) with JetifyTransform
Transforming ui-graphics-release.aar (androidx.compose.ui:ui-graphics-android:1.6.1) with ExtractAarTransform
Transforming ui-graphics-release.aar (androidx.compose.ui:ui-graphics-android:1.6.1) with AarTransform
Transforming runtime-saveable-release.aar (androidx.compose.runtime:runtime-saveable-android:1.6.1) with JetifyTransform
Transforming runtime-saveable-release.aar (androidx.compose.runtime:runtime-saveable-android:1.6.1) with ExtractAarTransform
Transforming runtime-saveable-release.aar (androidx.compose.runtime:runtime-saveable-android:1.6.1) with AarTransform
Transforming runtime-release.aar (androidx.compose.runtime:runtime-android:1.6.1) with JetifyTransform
Transforming runtime-release.aar (androidx.compose.runtime:runtime-android:1.6.1) with ExtractAarTransform
Transforming runtime-release.aar (androidx.compose.runtime:runtime-android:1.6.1) with AarTransform
Transforming runtime-livedata-1.6.1.aar (androidx.compose.runtime:runtime-livedata:1.6.1) with JetifyTransform
Transforming runtime-livedata-1.6.1.aar (androidx.compose.runtime:runtime-livedata:1.6.1) with ExtractAarTransform
Transforming runtime-livedata-1.6.1.aar (androidx.compose.runtime:runtime-livedata:1.6.1) with AarTransform
Transforming hilt-android-2.49.aar (com.google.dagger:hilt-android:2.49) with JetifyTransform
Transforming hilt-android-2.49.aar (com.google.dagger:hilt-android:2.49) with ExtractAarTransform
Transforming hilt-android-2.49.aar (com.google.dagger:hilt-android:2.49) with AarTransform
Transforming play-services-tasks-18.0.2.aar (com.google.android.gms:play-services-tasks:18.0.2) with JetifyTransform
Transforming play-services-tasks-18.0.2.aar (com.google.android.gms:play-services-tasks:18.0.2) with ExtractAarTransform
Transforming play-services-tasks-18.0.2.aar (com.google.android.gms:play-services-tasks:18.0.2) with AarTransform
Transforming play-services-tasks-18.0.2.aar (com.google.android.gms:play-services-tasks:18.0.2) with JetifyTransform
Transforming play-services-tasks-18.0.2.aar (com.google.android.gms:play-services-tasks:18.0.2) with ExtractAarTransform
Transforming play-services-tasks-18.0.2.aar (com.google.android.gms:play-services-tasks:18.0.2) with AarTransform
Transforming play-services-tasks-18.0.2.aar (com.google.android.gms:play-services-tasks:18.0.2) with JetifyTransform
Transforming play-services-tasks-18.0.2.aar (com.google.android.gms:play-services-tasks:18.0.2) with ExtractAarTransform
Transforming play-services-tasks-18.0.2.aar (com.google.android.gms:play-services-tasks:18.0.2) with AarTransform
Transforming play-services-ads-base-22.6.0.aar (com.google.android.gms:play-services-ads-base:22.6.0) with JetifyTransform
Transforming play-services-ads-base-22.6.0.aar (com.google.android.gms:play-services-ads-base:22.6.0) with ExtractAarTransform
Transforming play-services-ads-base-22.6.0.aar (com.google.android.gms:play-services-ads-base:22.6.0) with AarTransform
Transforming play-services-ads-base-22.6.0.aar (com.google.android.gms:play-services-ads-base:22.6.0) with JetifyTransform
Transforming play-services-ads-base-22.6.0.aar (com.google.android.gms:play-services-ads-base:22.6.0) with ExtractAarTransform
Transforming play-services-ads-base-22.6.0.aar (com.google.android.gms:play-services-ads-base:22.6.0) with AarTransform
Transforming user-messaging-platform-2.1.0.aar (com.google.android.ump:user-messaging-platform:2.1.0) with JetifyTransform
Transforming user-messaging-platform-2.1.0.aar (com.google.android.ump:user-messaging-platform:2.1.0) with ExtractAarTransform
Transforming user-messaging-platform-2.1.0.aar (com.google.android.ump:user-messaging-platform:2.1.0) with AarTransform
Transforming play-services-ads-identifier-18.0.0.aar (com.google.android.gms:play-services-ads-identifier:18.0.0) with JetifyTransform
Transforming play-services-ads-identifier-18.0.0.aar (com.google.android.gms:play-services-ads-identifier:18.0.0) with ExtractAarTransform
Transforming play-services-ads-identifier-18.0.0.aar (com.google.android.gms:play-services-ads-identifier:18.0.0) with AarTransform
Transforming play-services-ads-identifier-18.0.0.aar (com.google.android.gms:play-services-ads-identifier:18.0.0) with JetifyTransform
Transforming play-services-ads-identifier-18.0.0.aar (com.google.android.gms:play-services-ads-identifier:18.0.0) with ExtractAarTransform
Transforming play-services-ads-identifier-18.0.0.aar (com.google.android.gms:play-services-ads-identifier:18.0.0) with AarTransform
Transforming play-services-measurement-sdk-api-20.1.2.aar (com.google.android.gms:play-services-measurement-sdk-api:20.1.2) with JetifyTransform
Transforming play-services-measurement-sdk-api-20.1.2.aar (com.google.android.gms:play-services-measurement-sdk-api:20.1.2) with ExtractAarTransform
Transforming play-services-measurement-sdk-api-20.1.2.aar (com.google.android.gms:play-services-measurement-sdk-api:20.1.2) with AarTransform
Transforming play-services-measurement-base-20.1.2.aar (com.google.android.gms:play-services-measurement-base:20.1.2) with JetifyTransform
Caching disabled for AarTransform: C:\Users\user\.gradle\caches\transforms-3\7b64fcd84fbd59187c29faf12635bee6\transformed\jetified-lottie-compose-6.1.0 because:
  Build cache is disabled
Caching disabled for AarTransform: C:\Users\user\.gradle\caches\transforms-3\d76c3ac89ac3f5a9a20dcb6973cf40e8\transformed\material-1.11.0 because:
  Build cache is disabled
Skipping AarTransform: C:\Users\user\.gradle\caches\transforms-3\7b64fcd84fbd59187c29faf12635bee6\transformed\jetified-lottie-compose-6.1.0 as it is up-to-date.
Skipping AarTransform: C:\Users\user\.gradle\caches\transforms-3\d76c3ac89ac3f5a9a20dcb6973cf40e8\transformed\material-1.11.0 as it is up-to-date.
Transforming play-services-measurement-base-20.1.2.aar (com.google.android.gms:play-services-measurement-base:20.1.2) with ExtractAarTransform
Transforming play-services-measurement-base-20.1.2.aar (com.google.android.gms:play-services-measurement-base:20.1.2) with AarTransform
Transforming play-services-basement-18.2.0.aar (com.google.android.gms:play-services-basement:18.2.0) with JetifyTransform
Transforming play-services-basement-18.2.0.aar (com.google.android.gms:play-services-basement:18.2.0) with ExtractAarTransform
Transforming play-services-basement-18.2.0.aar (com.google.android.gms:play-services-basement:18.2.0) with AarTransform
Transforming play-services-basement-18.2.0.aar (com.google.android.gms:play-services-basement:18.2.0) with JetifyTransform
Transforming play-services-basement-18.2.0.aar (com.google.android.gms:play-services-basement:18.2.0) with ExtractAarTransform
Transforming play-services-basement-18.2.0.aar (com.google.android.gms:play-services-basement:18.2.0) with AarTransform
Transforming play-services-basement-18.2.0.aar (com.google.android.gms:play-services-basement:18.2.0) with JetifyTransform
Transforming play-services-basement-18.2.0.aar (com.google.android.gms:play-services-basement:18.2.0) with ExtractAarTransform
Transforming play-services-basement-18.2.0.aar (com.google.android.gms:play-services-basement:18.2.0) with AarTransform
Transforming play-services-basement-18.2.0.aar (com.google.android.gms:play-services-basement:18.2.0) with JetifyTransform
Transforming play-services-basement-18.2.0.aar (com.google.android.gms:play-services-basement:18.2.0) with ExtractAarTransform
Transforming play-services-basement-18.2.0.aar (com.google.android.gms:play-services-basement:18.2.0) with AarTransform
Transforming play-services-basement-18.2.0.aar (com.google.android.gms:play-services-basement:18.2.0) with JetifyTransform
Transforming play-services-basement-18.2.0.aar (com.google.android.gms:play-services-basement:18.2.0) with ExtractAarTransform
Transforming play-services-basement-18.2.0.aar (com.google.android.gms:play-services-basement:18.2.0) with AarTransform
Transforming play-services-basement-18.2.0.aar (com.google.android.gms:play-services-basement:18.2.0) with JetifyTransform
Transforming play-services-basement-18.2.0.aar (com.google.android.gms:play-services-basement:18.2.0) with ExtractAarTransform
Transforming play-services-basement-18.2.0.aar (com.google.android.gms:play-services-basement:18.2.0) with AarTransform
Transforming play-services-basement-18.2.0.aar (com.google.android.gms:play-services-basement:18.2.0) with JetifyTransform
Transforming play-services-basement-18.2.0.aar (com.google.android.gms:play-services-basement:18.2.0) with ExtractAarTransform
Transforming play-services-basement-18.2.0.aar (com.google.android.gms:play-services-basement:18.2.0) with AarTransform
Transforming play-services-basement-18.2.0.aar (com.google.android.gms:play-services-basement:18.2.0) with JetifyTransform
Transforming play-services-basement-18.2.0.aar (com.google.android.gms:play-services-basement:18.2.0) with ExtractAarTransform
Transforming play-services-basement-18.2.0.aar (com.google.android.gms:play-services-basement:18.2.0) with AarTransform
Transforming play-services-basement-18.2.0.aar (com.google.android.gms:play-services-basement:18.2.0) with JetifyTransform
Transforming play-services-basement-18.2.0.aar (com.google.android.gms:play-services-basement:18.2.0) with ExtractAarTransform
Transforming play-services-basement-18.2.0.aar (com.google.android.gms:play-services-basement:18.2.0) with AarTransform
Transforming play-services-basement-18.2.0.aar (com.google.android.gms:play-services-basement:18.2.0) with JetifyTransform
Transforming play-services-basement-18.2.0.aar (com.google.android.gms:play-services-basement:18.2.0) with ExtractAarTransform
Transforming play-services-basement-18.2.0.aar (com.google.android.gms:play-services-basement:18.2.0) with AarTransform
Transforming fragment-1.5.1.aar (androidx.fragment:fragment:1.5.1) with JetifyTransform
Transforming fragment-1.5.1.aar (androidx.fragment:fragment:1.5.1) with ExtractAarTransform
Transforming fragment-1.5.1.aar (androidx.fragment:fragment:1.5.1) with AarTransform
Transforming fragment-1.5.1.aar (androidx.fragment:fragment:1.5.1) with JetifyTransform
Caching disabled for AarTransform: C:\Users\user\.gradle\caches\transforms-3\f0f9ccfae522ac4dd97fb98b3f926856\transformed\appcompat-1.6.1 because:
  Build cache is disabled
Caching disabled for AarTransform: C:\Users\user\.gradle\caches\transforms-3\7c1ae54e643c59b38470a4f4e87f36e0\transformed\jetified-viewpager2-1.0.0 because:
  Build cache is disabled
Skipping AarTransform: C:\Users\user\.gradle\caches\transforms-3\f0f9ccfae522ac4dd97fb98b3f926856\transformed\appcompat-1.6.1 as it is up-to-date.
Skipping AarTransform: C:\Users\user\.gradle\caches\transforms-3\7c1ae54e643c59b38470a4f4e87f36e0\transformed\jetified-viewpager2-1.0.0 as it is up-to-date.
Transforming fragment-1.5.1.aar (androidx.fragment:fragment:1.5.1) with ExtractAarTransform
Transforming fragment-1.5.1.aar (androidx.fragment:fragment:1.5.1) with AarTransform
Transforming fragment-1.5.1.aar (androidx.fragment:fragment:1.5.1) with JetifyTransform
Transforming fragment-1.5.1.aar (androidx.fragment:fragment:1.5.1) with ExtractAarTransform
Transforming fragment-1.5.1.aar (androidx.fragment:fragment:1.5.1) with AarTransform
Transforming fragment-1.5.1.aar (androidx.fragment:fragment:1.5.1) with JetifyTransform
Transforming fragment-1.5.1.aar (androidx.fragment:fragment:1.5.1) with ExtractAarTransform
Transforming fragment-1.5.1.aar (androidx.fragment:fragment:1.5.1) with AarTransform
Transforming emoji2-views-helper-1.3.0.aar (androidx.emoji2:emoji2-views-helper:1.3.0) with JetifyTransform
Transforming emoji2-views-helper-1.3.0.aar (androidx.emoji2:emoji2-views-helper:1.3.0) with ExtractAarTransform
Transforming emoji2-views-helper-1.3.0.aar (androidx.emoji2:emoji2-views-helper:1.3.0) with AarTransform
Transforming emoji2-1.3.0.aar (androidx.emoji2:emoji2:1.3.0) with JetifyTransform
Transforming emoji2-1.3.0.aar (androidx.emoji2:emoji2:1.3.0) with ExtractAarTransform
Transforming emoji2-1.3.0.aar (androidx.emoji2:emoji2:1.3.0) with AarTransform
Transforming lifecycle-process-2.7.0.aar (androidx.lifecycle:lifecycle-process:2.7.0) with JetifyTransform
Transforming lifecycle-process-2.7.0.aar (androidx.lifecycle:lifecycle-process:2.7.0) with ExtractAarTransform
Transforming lifecycle-process-2.7.0.aar (androidx.lifecycle:lifecycle-process:2.7.0) with AarTransform
Transforming lifecycle-service-2.7.0.aar (androidx.lifecycle:lifecycle-service:2.7.0) with JetifyTransform
Transforming lifecycle-service-2.7.0.aar (androidx.lifecycle:lifecycle-service:2.7.0) with ExtractAarTransform
Transforming lifecycle-service-2.7.0.aar (androidx.lifecycle:lifecycle-service:2.7.0) with AarTransform
Transforming lifecycle-livedata-core-ktx-2.7.0.aar (androidx.lifecycle:lifecycle-livedata-core-ktx:2.7.0) with JetifyTransform
Transforming lifecycle-livedata-core-ktx-2.7.0.aar (androidx.lifecycle:lifecycle-livedata-core-ktx:2.7.0) with ExtractAarTransform
Transforming lifecycle-livedata-core-ktx-2.7.0.aar (androidx.lifecycle:lifecycle-livedata-core-ktx:2.7.0) with AarTransform
Transforming lifecycle-livedata-ktx-2.7.0.aar (androidx.lifecycle:lifecycle-livedata-ktx:2.7.0) with JetifyTransform
Transforming lifecycle-livedata-ktx-2.7.0.aar (androidx.lifecycle:lifecycle-livedata-ktx:2.7.0) with ExtractAarTransform
Transforming lifecycle-livedata-ktx-2.7.0.aar (androidx.lifecycle:lifecycle-livedata-ktx:2.7.0) with AarTransform
Transforming lifecycle-livedata-core-2.7.0.aar (androidx.lifecycle:lifecycle-livedata-core:2.7.0) with JetifyTransform
Transforming lifecycle-livedata-core-2.7.0.aar (androidx.lifecycle:lifecycle-livedata-core:2.7.0) with ExtractAarTransform
Transforming lifecycle-livedata-core-2.7.0.aar (androidx.lifecycle:lifecycle-livedata-core:2.7.0) with AarTransform
Transforming legacy-support-core-utils-1.0.0.aar (androidx.legacy:legacy-support-core-utils:1.0.0) with JetifyTransform
Transforming legacy-support-core-utils-1.0.0.aar (androidx.legacy:legacy-support-core-utils:1.0.0) with ExtractAarTransform
Transforming legacy-support-core-utils-1.0.0.aar (androidx.legacy:legacy-support-core-utils:1.0.0) with AarTransform
Transforming loader-1.0.0.aar (androidx.loader:loader:1.0.0) with JetifyTransform
Transforming loader-1.0.0.aar (androidx.loader:loader:1.0.0) with ExtractAarTransform
Transforming loader-1.0.0.aar (androidx.loader:loader:1.0.0) with AarTransform
Transforming loader-1.0.0.aar (androidx.loader:loader:1.0.0) with JetifyTransform
Transforming loader-1.0.0.aar (androidx.loader:loader:1.0.0) with ExtractAarTransform
Transforming loader-1.0.0.aar (androidx.loader:loader:1.0.0) with AarTransform
Transforming lifecycle-livedata-2.7.0.aar (androidx.lifecycle:lifecycle-livedata:2.7.0) with JetifyTransform
Transforming lifecycle-livedata-2.7.0.aar (androidx.lifecycle:lifecycle-livedata:2.7.0) with ExtractAarTransform
Transforming lifecycle-livedata-2.7.0.aar (androidx.lifecycle:lifecycle-livedata:2.7.0) with AarTransform
Transforming lifecycle-livedata-2.7.0.aar (androidx.lifecycle:lifecycle-livedata:2.7.0) with JetifyTransform
Transforming lifecycle-livedata-2.7.0.aar (androidx.lifecycle:lifecycle-livedata:2.7.0) with ExtractAarTransform
Transforming lifecycle-livedata-2.7.0.aar (androidx.lifecycle:lifecycle-livedata:2.7.0) with AarTransform
Transforming savedstate-ktx-1.2.1.aar (androidx.savedstate:savedstate-ktx:1.2.1) with JetifyTransform
Transforming savedstate-ktx-1.2.1.aar (androidx.savedstate:savedstate-ktx:1.2.1) with ExtractAarTransform
Transforming savedstate-ktx-1.2.1.aar (androidx.savedstate:savedstate-ktx:1.2.1) with AarTransform
Transforming savedstate-1.2.1.aar (androidx.savedstate:savedstate:1.2.1) with JetifyTransform
Transforming savedstate-1.2.1.aar (androidx.savedstate:savedstate:1.2.1) with ExtractAarTransform
Transforming savedstate-1.2.1.aar (androidx.savedstate:savedstate:1.2.1) with AarTransform
Transforming lifecycle-viewmodel-savedstate-2.7.0.aar (androidx.lifecycle:lifecycle-viewmodel-savedstate:2.7.0) with JetifyTransform
Transforming lifecycle-viewmodel-savedstate-2.7.0.aar (androidx.lifecycle:lifecycle-viewmodel-savedstate:2.7.0) with ExtractAarTransform
Transforming lifecycle-viewmodel-savedstate-2.7.0.aar (androidx.lifecycle:lifecycle-viewmodel-savedstate:2.7.0) with AarTransform
Transforming lifecycle-viewmodel-ktx-2.7.0.aar (androidx.lifecycle:lifecycle-viewmodel-ktx:2.7.0) with JetifyTransform
Transforming lifecycle-viewmodel-ktx-2.7.0.aar (androidx.lifecycle:lifecycle-viewmodel-ktx:2.7.0) with ExtractAarTransform
Transforming lifecycle-viewmodel-ktx-2.7.0.aar (androidx.lifecycle:lifecycle-viewmodel-ktx:2.7.0) with AarTransform
Transforming lifecycle-viewmodel-2.7.0.aar (androidx.lifecycle:lifecycle-viewmodel:2.7.0) with JetifyTransform
Transforming lifecycle-viewmodel-2.7.0.aar (androidx.lifecycle:lifecycle-viewmodel:2.7.0) with ExtractAarTransform
Transforming lifecycle-viewmodel-2.7.0.aar (androidx.lifecycle:lifecycle-viewmodel:2.7.0) with AarTransform
Transforming lifecycle-viewmodel-2.7.0.aar (androidx.lifecycle:lifecycle-viewmodel:2.7.0) with JetifyTransform
Transforming lifecycle-viewmodel-2.7.0.aar (androidx.lifecycle:lifecycle-viewmodel:2.7.0) with ExtractAarTransform
Transforming lifecycle-viewmodel-2.7.0.aar (androidx.lifecycle:lifecycle-viewmodel:2.7.0) with AarTransform
Transforming lifecycle-runtime-2.7.0.aar (androidx.lifecycle:lifecycle-runtime:2.7.0) with JetifyTransform
Transforming lifecycle-runtime-2.7.0.aar (androidx.lifecycle:lifecycle-runtime:2.7.0) with ExtractAarTransform
Transforming lifecycle-runtime-2.7.0.aar (androidx.lifecycle:lifecycle-runtime:2.7.0) with AarTransform
Transforming lifecycle-runtime-ktx-2.7.0.aar (androidx.lifecycle:lifecycle-runtime-ktx:2.7.0) with JetifyTransform
Transforming lifecycle-runtime-ktx-2.7.0.aar (androidx.lifecycle:lifecycle-runtime-ktx:2.7.0) with ExtractAarTransform
Transforming lifecycle-runtime-ktx-2.7.0.aar (androidx.lifecycle:lifecycle-runtime-ktx:2.7.0) with AarTransform
Transforming lifecycle-viewmodel-compose-2.7.0.aar (androidx.lifecycle:lifecycle-viewmodel-compose:2.7.0) with JetifyTransform
Transforming lifecycle-viewmodel-compose-2.7.0.aar (androidx.lifecycle:lifecycle-viewmodel-compose:2.7.0) with ExtractAarTransform
Transforming lifecycle-viewmodel-compose-2.7.0.aar (androidx.lifecycle:lifecycle-viewmodel-compose:2.7.0) with AarTransform
Transforming accompanist-drawablepainter-0.32.0.aar (com.google.accompanist:accompanist-drawablepainter:0.32.0) with JetifyTransform
Transforming accompanist-drawablepainter-0.32.0.aar (com.google.accompanist:accompanist-drawablepainter:0.32.0) with ExtractAarTransform
Transforming accompanist-drawablepainter-0.32.0.aar (com.google.accompanist:accompanist-drawablepainter:0.32.0) with AarTransform
Transforming ui-release.aar (androidx.compose.ui:ui-android:1.6.1) with JetifyTransform
Transforming ui-release.aar (androidx.compose.ui:ui-android:1.6.1) with ExtractAarTransform
Transforming ui-release.aar (androidx.compose.ui:ui-android:1.6.1) with AarTransform
Transforming activity-ktx-1.8.2.aar (androidx.activity:activity-ktx:1.8.2) with JetifyTransform
Transforming activity-ktx-1.8.2.aar (androidx.activity:activity-ktx:1.8.2) with ExtractAarTransform
Transforming activity-ktx-1.8.2.aar (androidx.activity:activity-ktx:1.8.2) with AarTransform
Transforming activity-compose-1.8.2.aar (androidx.activity:activity-compose:1.8.2) with JetifyTransform
Transforming activity-compose-1.8.2.aar (androidx.activity:activity-compose:1.8.2) with ExtractAarTransform
Transforming activity-compose-1.8.2.aar (androidx.activity:activity-compose:1.8.2) with AarTransform
Transforming activity-1.8.2.aar (androidx.activity:activity:1.8.2) with JetifyTransform
Transforming activity-1.8.2.aar (androidx.activity:activity:1.8.2) with ExtractAarTransform
Transforming activity-1.8.2.aar (androidx.activity:activity:1.8.2) with AarTransform
Transforming exoplayer-2.19.1.aar (com.google.android.exoplayer:exoplayer:2.19.1) with JetifyTransform
Transforming exoplayer-2.19.1.aar (com.google.android.exoplayer:exoplayer:2.19.1) with ExtractAarTransform
Transforming exoplayer-2.19.1.aar (com.google.android.exoplayer:exoplayer:2.19.1) with AarTransform
Transforming exoplayer-dash-2.19.1.aar (com.google.android.exoplayer:exoplayer-dash:2.19.1) with JetifyTransform
Transforming exoplayer-dash-2.19.1.aar (com.google.android.exoplayer:exoplayer-dash:2.19.1) with ExtractAarTransform
Transforming exoplayer-dash-2.19.1.aar (com.google.android.exoplayer:exoplayer-dash:2.19.1) with AarTransform
Transforming exoplayer-hls-2.19.1.aar (com.google.android.exoplayer:exoplayer-hls:2.19.1) with JetifyTransform
Transforming exoplayer-hls-2.19.1.aar (com.google.android.exoplayer:exoplayer-hls:2.19.1) with ExtractAarTransform
Transforming exoplayer-hls-2.19.1.aar (com.google.android.exoplayer:exoplayer-hls:2.19.1) with AarTransform
Transforming exoplayer-rtsp-2.19.1.aar (com.google.android.exoplayer:exoplayer-rtsp:2.19.1) with JetifyTransform
Transforming exoplayer-rtsp-2.19.1.aar (com.google.android.exoplayer:exoplayer-rtsp:2.19.1) with ExtractAarTransform
Transforming exoplayer-rtsp-2.19.1.aar (com.google.android.exoplayer:exoplayer-rtsp:2.19.1) with AarTransform
Transforming exoplayer-smoothstreaming-2.19.1.aar (com.google.android.exoplayer:exoplayer-smoothstreaming:2.19.1) with JetifyTransform
Transforming exoplayer-smoothstreaming-2.19.1.aar (com.google.android.exoplayer:exoplayer-smoothstreaming:2.19.1) with ExtractAarTransform
Transforming exoplayer-smoothstreaming-2.19.1.aar (com.google.android.exoplayer:exoplayer-smoothstreaming:2.19.1) with AarTransform
Transforming exoplayer-core-2.19.1.aar (com.google.android.exoplayer:exoplayer-core:2.19.1) with JetifyTransform
Transforming exoplayer-core-2.19.1.aar (com.google.android.exoplayer:exoplayer-core:2.19.1) with ExtractAarTransform
Transforming exoplayer-core-2.19.1.aar (com.google.android.exoplayer:exoplayer-core:2.19.1) with AarTransform
Transforming exoplayer-ui-2.19.1.aar (com.google.android.exoplayer:exoplayer-ui:2.19.1) with JetifyTransform
Transforming exoplayer-ui-2.19.1.aar (com.google.android.exoplayer:exoplayer-ui:2.19.1) with ExtractAarTransform
Transforming exoplayer-ui-2.19.1.aar (com.google.android.exoplayer:exoplayer-ui:2.19.1) with AarTransform
Transforming recyclerview-1.3.0.aar (androidx.recyclerview:recyclerview:1.3.0) with JetifyTransform
Transforming recyclerview-1.3.0.aar (androidx.recyclerview:recyclerview:1.3.0) with ExtractAarTransform
Transforming recyclerview-1.3.0.aar (androidx.recyclerview:recyclerview:1.3.0) with AarTransform
Transforming recyclerview-1.3.0.aar (androidx.recyclerview:recyclerview:1.3.0) with JetifyTransform
Transforming recyclerview-1.3.0.aar (androidx.recyclerview:recyclerview:1.3.0) with ExtractAarTransform
Transforming recyclerview-1.3.0.aar (androidx.recyclerview:recyclerview:1.3.0) with AarTransform
Transforming media-1.6.0.aar (androidx.media:media:1.6.0) with JetifyTransform
Transforming media-1.6.0.aar (androidx.media:media:1.6.0) with ExtractAarTransform
Transforming media-1.6.0.aar (androidx.media:media:1.6.0) with AarTransform
Transforming browser-1.4.0.aar (androidx.browser:browser:1.4.0) with JetifyTransform
Transforming browser-1.4.0.aar (androidx.browser:browser:1.4.0) with ExtractAarTransform
Transforming browser-1.4.0.aar (androidx.browser:browser:1.4.0) with AarTransform
Transforming viewpager-1.0.0.aar (androidx.viewpager:viewpager:1.0.0) with JetifyTransform
Transforming viewpager-1.0.0.aar (androidx.viewpager:viewpager:1.0.0) with ExtractAarTransform
Transforming viewpager-1.0.0.aar (androidx.viewpager:viewpager:1.0.0) with AarTransform
Transforming customview-1.1.0.aar (androidx.customview:customview:1.1.0) with JetifyTransform
Transforming customview-1.1.0.aar (androidx.customview:customview:1.1.0) with ExtractAarTransform
Transforming customview-1.1.0.aar (androidx.customview:customview:1.1.0) with AarTransform
Transforming customview-1.1.0.aar (androidx.customview:customview:1.1.0) with JetifyTransform
Transforming customview-1.1.0.aar (androidx.customview:customview:1.1.0) with ExtractAarTransform
Transforming customview-1.1.0.aar (androidx.customview:customview:1.1.0) with AarTransform
Transforming customview-1.1.0.aar (androidx.customview:customview:1.1.0) with JetifyTransform
Transforming customview-1.1.0.aar (androidx.customview:customview:1.1.0) with ExtractAarTransform
Transforming customview-1.1.0.aar (androidx.customview:customview:1.1.0) with AarTransform
Transforming customview-1.1.0.aar (androidx.customview:customview:1.1.0) with JetifyTransform
Transforming customview-1.1.0.aar (androidx.customview:customview:1.1.0) with ExtractAarTransform
Transforming customview-1.1.0.aar (androidx.customview:customview:1.1.0) with AarTransform
Transforming autofill-1.0.0.aar (androidx.autofill:autofill:1.0.0) with JetifyTransform
Transforming autofill-1.0.0.aar (androidx.autofill:autofill:1.0.0) with ExtractAarTransform
Transforming autofill-1.0.0.aar (androidx.autofill:autofill:1.0.0) with AarTransform
Transforming core-1.12.0.aar (androidx.core:core:1.12.0) with JetifyTransform
Transforming core-1.12.0.aar (androidx.core:core:1.12.0) with ExtractAarTransform
Transforming core-1.12.0.aar (androidx.core:core:1.12.0) with AarTransform
Transforming core-1.12.0.aar (androidx.core:core:1.12.0) with JetifyTransform
Transforming core-1.12.0.aar (androidx.core:core:1.12.0) with ExtractAarTransform
Transforming core-1.12.0.aar (androidx.core:core:1.12.0) with AarTransform
Transforming core-1.12.0.aar (androidx.core:core:1.12.0) with JetifyTransform
Transforming core-1.12.0.aar (androidx.core:core:1.12.0) with ExtractAarTransform
Transforming core-1.12.0.aar (androidx.core:core:1.12.0) with AarTransform
Transforming core-1.12.0.aar (androidx.core:core:1.12.0) with JetifyTransform
Transforming core-1.12.0.aar (androidx.core:core:1.12.0) with ExtractAarTransform
Transforming core-1.12.0.aar (androidx.core:core:1.12.0) with AarTransform
Transforming core-1.12.0.aar (androidx.core:core:1.12.0) with JetifyTransform
Transforming core-1.12.0.aar (androidx.core:core:1.12.0) with ExtractAarTransform
Transforming core-1.12.0.aar (androidx.core:core:1.12.0) with AarTransform
Transforming core-1.12.0.aar (androidx.core:core:1.12.0) with JetifyTransform
Transforming core-1.12.0.aar (androidx.core:core:1.12.0) with ExtractAarTransform
Transforming core-1.12.0.aar (androidx.core:core:1.12.0) with AarTransform
Transforming core-1.12.0.aar (androidx.core:core:1.12.0) with JetifyTransform
Transforming core-1.12.0.aar (androidx.core:core:1.12.0) with ExtractAarTransform
Transforming core-1.12.0.aar (androidx.core:core:1.12.0) with AarTransform
Transforming core-1.12.0.aar (androidx.core:core:1.12.0) with JetifyTransform
Transforming core-1.12.0.aar (androidx.core:core:1.12.0) with ExtractAarTransform
Transforming core-1.12.0.aar (androidx.core:core:1.12.0) with AarTransform
Transforming core-1.12.0.aar (androidx.core:core:1.12.0) with JetifyTransform
Transforming core-1.12.0.aar (androidx.core:core:1.12.0) with ExtractAarTransform
Transforming core-1.12.0.aar (androidx.core:core:1.12.0) with AarTransform
Transforming core-1.12.0.aar (androidx.core:core:1.12.0) with JetifyTransform
Transforming core-1.12.0.aar (androidx.core:core:1.12.0) with ExtractAarTransform
Transforming core-1.12.0.aar (androidx.core:core:1.12.0) with AarTransform
Transforming core-1.12.0.aar (androidx.core:core:1.12.0) with JetifyTransform
Transforming core-1.12.0.aar (androidx.core:core:1.12.0) with ExtractAarTransform
Transforming core-1.12.0.aar (androidx.core:core:1.12.0) with AarTransform
Transforming core-1.12.0.aar (androidx.core:core:1.12.0) with JetifyTransform
Transforming core-1.12.0.aar (androidx.core:core:1.12.0) with ExtractAarTransform
Transforming core-1.12.0.aar (androidx.core:core:1.12.0) with AarTransform
Transforming core-1.12.0.aar (androidx.core:core:1.12.0) with JetifyTransform
Transforming core-1.12.0.aar (androidx.core:core:1.12.0) with ExtractAarTransform
Transforming core-1.12.0.aar (androidx.core:core:1.12.0) with AarTransform
Transforming core-1.12.0.aar (androidx.core:core:1.12.0) with JetifyTransform
Transforming core-1.12.0.aar (androidx.core:core:1.12.0) with ExtractAarTransform
Caching disabled for AarTransform: C:\Users\user\.gradle\caches\transforms-3\401ad4d70a412e15a764e8464bd867fe\transformed\jetified-play-services-base-18.2.0 because:
  Build cache is disabled
Skipping AarTransform: C:\Users\user\.gradle\caches\transforms-3\401ad4d70a412e15a764e8464bd867fe\transformed\jetified-play-services-base-18.2.0 as it is up-to-date.
Transforming core-1.12.0.aar (androidx.core:core:1.12.0) with AarTransform
Transforming core-1.12.0.aar (androidx.core:core:1.12.0) with JetifyTransform
Transforming core-1.12.0.aar (androidx.core:core:1.12.0) with ExtractAarTransform
Transforming core-1.12.0.aar (androidx.core:core:1.12.0) with AarTransform
Transforming ads-adservices-java-1.0.0-beta05.aar (androidx.privacysandbox.ads:ads-adservices-java:1.0.0-beta05) with JetifyTransform
Transforming ads-adservices-java-1.0.0-beta05.aar (androidx.privacysandbox.ads:ads-adservices-java:1.0.0-beta05) with ExtractAarTransform
Transforming ads-adservices-java-1.0.0-beta05.aar (androidx.privacysandbox.ads:ads-adservices-java:1.0.0-beta05) with AarTransform
Transforming ads-adservices-1.0.0-beta05.aar (androidx.privacysandbox.ads:ads-adservices:1.0.0-beta05) with JetifyTransform
Transforming ads-adservices-1.0.0-beta05.aar (androidx.privacysandbox.ads:ads-adservices:1.0.0-beta05) with ExtractAarTransform
Transforming ads-adservices-1.0.0-beta05.aar (androidx.privacysandbox.ads:ads-adservices:1.0.0-beta05) with AarTransform
Transforming ads-adservices-1.0.0-beta05.aar (androidx.privacysandbox.ads:ads-adservices:1.0.0-beta05) with JetifyTransform
Transforming ads-adservices-1.0.0-beta05.aar (androidx.privacysandbox.ads:ads-adservices:1.0.0-beta05) with ExtractAarTransform
Transforming ads-adservices-1.0.0-beta05.aar (androidx.privacysandbox.ads:ads-adservices:1.0.0-beta05) with AarTransform
Transforming customview-poolingcontainer-1.0.0.aar (androidx.customview:customview-poolingcontainer:1.0.0) with JetifyTransform
Transforming customview-poolingcontainer-1.0.0.aar (androidx.customview:customview-poolingcontainer:1.0.0) with ExtractAarTransform
Caching disabled for AarTransform: C:\Users\user\.gradle\caches\transforms-3\9fd41aa9d8f4ce40527fd11c9e9d8547\transformed\coordinatorlayout-1.1.0 because:
  Build cache is disabled
Caching disabled for AarTransform: C:\Users\user\.gradle\caches\transforms-3\778bb1a5d67e711cfa1d601e315d4ba6\transformed\drawerlayout-1.1.1 because:
  Build cache is disabled
Skipping AarTransform: C:\Users\user\.gradle\caches\transforms-3\9fd41aa9d8f4ce40527fd11c9e9d8547\transformed\coordinatorlayout-1.1.0 as it is up-to-date.
Skipping AarTransform: C:\Users\user\.gradle\caches\transforms-3\778bb1a5d67e711cfa1d601e315d4ba6\transformed\drawerlayout-1.1.1 as it is up-to-date.
Transforming customview-poolingcontainer-1.0.0.aar (androidx.customview:customview-poolingcontainer:1.0.0) with AarTransform
Transforming core-ktx-1.12.0.aar (androidx.core:core-ktx:1.12.0) with JetifyTransform
Transforming core-ktx-1.12.0.aar (androidx.core:core-ktx:1.12.0) with ExtractAarTransform
Transforming core-ktx-1.12.0.aar (androidx.core:core-ktx:1.12.0) with AarTransform
Transforming flexbox-3.0.0.aar (com.google.android.flexbox:flexbox:3.0.0) with JetifyTransform
Transforming flexbox-3.0.0.aar (com.google.android.flexbox:flexbox:3.0.0) with ExtractAarTransform
Transforming flexbox-3.0.0.aar (com.google.android.flexbox:flexbox:3.0.0) with AarTransform
Transforming core-splashscreen-1.0.1.aar (androidx.core:core-splashscreen:1.0.1) with JetifyTransform
Transforming core-splashscreen-1.0.1.aar (androidx.core:core-splashscreen:1.0.1) with ExtractAarTransform
Transforming core-splashscreen-1.0.1.aar (androidx.core:core-splashscreen:1.0.1) with AarTransform
Transforming sqlite-framework-2.4.0.aar (androidx.sqlite:sqlite-framework:2.4.0) with JetifyTransform
Transforming sqlite-framework-2.4.0.aar (androidx.sqlite:sqlite-framework:2.4.0) with ExtractAarTransform
Transforming sqlite-framework-2.4.0.aar (androidx.sqlite:sqlite-framework:2.4.0) with AarTransform
Transforming sqlite-2.4.0.aar (androidx.sqlite:sqlite:2.4.0) with JetifyTransform
Transforming sqlite-2.4.0.aar (androidx.sqlite:sqlite:2.4.0) with ExtractAarTransform
Transforming sqlite-2.4.0.aar (androidx.sqlite:sqlite:2.4.0) with AarTransform
Transforming napier-release.aar (io.github.aakira:napier-android:1.4.1) with JetifyTransform
Transforming napier-release.aar (io.github.aakira:napier-android:1.4.1) with ExtractAarTransform
Transforming napier-release.aar (io.github.aakira:napier-android:1.4.1) with AarTransform
Transforming annotation-experimental-1.4.0.aar (androidx.annotation:annotation-experimental:1.4.0) with JetifyTransform
Transforming annotation-experimental-1.4.0.aar (androidx.annotation:annotation-experimental:1.4.0) with ExtractAarTransform
Transforming annotation-experimental-1.4.0.aar (androidx.annotation:annotation-experimental:1.4.0) with AarTransform
Transforming cursoradapter-1.0.0.aar (androidx.cursoradapter:cursoradapter:1.0.0) with JetifyTransform
Transforming cursoradapter-1.0.0.aar (androidx.cursoradapter:cursoradapter:1.0.0) with ExtractAarTransform
Transforming cursoradapter-1.0.0.aar (androidx.cursoradapter:cursoradapter:1.0.0) with AarTransform
Transforming cardview-1.0.0.aar (androidx.cardview:cardview:1.0.0) with JetifyTransform
Transforming cardview-1.0.0.aar (androidx.cardview:cardview:1.0.0) with ExtractAarTransform
Transforming cardview-1.0.0.aar (androidx.cardview:cardview:1.0.0) with AarTransform
Transforming core-runtime-2.2.0.aar (androidx.arch.core:core-runtime:2.2.0) with JetifyTransform
Transforming core-runtime-2.2.0.aar (androidx.arch.core:core-runtime:2.2.0) with ExtractAarTransform
Transforming core-runtime-2.2.0.aar (androidx.arch.core:core-runtime:2.2.0) with AarTransform
Transforming exoplayer-datasource-2.19.1.aar (com.google.android.exoplayer:exoplayer-datasource:2.19.1) with JetifyTransform
Transforming exoplayer-datasource-2.19.1.aar (com.google.android.exoplayer:exoplayer-datasource:2.19.1) with ExtractAarTransform
Transforming exoplayer-datasource-2.19.1.aar (com.google.android.exoplayer:exoplayer-datasource:2.19.1) with AarTransform
Transforming exoplayer-database-2.19.1.aar (com.google.android.exoplayer:exoplayer-database:2.19.1) with JetifyTransform
Transforming exoplayer-database-2.19.1.aar (com.google.android.exoplayer:exoplayer-database:2.19.1) with ExtractAarTransform
Transforming exoplayer-database-2.19.1.aar (com.google.android.exoplayer:exoplayer-database:2.19.1) with AarTransform
Transforming exoplayer-extractor-2.19.1.aar (com.google.android.exoplayer:exoplayer-extractor:2.19.1) with JetifyTransform
Transforming exoplayer-extractor-2.19.1.aar (com.google.android.exoplayer:exoplayer-extractor:2.19.1) with ExtractAarTransform
Transforming exoplayer-extractor-2.19.1.aar (com.google.android.exoplayer:exoplayer-extractor:2.19.1) with AarTransform
Transforming exoplayer-decoder-2.19.1.aar (com.google.android.exoplayer:exoplayer-decoder:2.19.1) with JetifyTransform
Transforming exoplayer-decoder-2.19.1.aar (com.google.android.exoplayer:exoplayer-decoder:2.19.1) with ExtractAarTransform
Transforming exoplayer-decoder-2.19.1.aar (com.google.android.exoplayer:exoplayer-decoder:2.19.1) with AarTransform
Transforming exoplayer-container-2.19.1.aar (com.google.android.exoplayer:exoplayer-container:2.19.1) with JetifyTransform
Transforming exoplayer-container-2.19.1.aar (com.google.android.exoplayer:exoplayer-container:2.19.1) with ExtractAarTransform
Transforming exoplayer-container-2.19.1.aar (com.google.android.exoplayer:exoplayer-container:2.19.1) with AarTransform
Transforming exoplayer-common-2.19.1.aar (com.google.android.exoplayer:exoplayer-common:2.19.1) with JetifyTransform
Transforming exoplayer-common-2.19.1.aar (com.google.android.exoplayer:exoplayer-common:2.19.1) with ExtractAarTransform
Transforming exoplayer-common-2.19.1.aar (com.google.android.exoplayer:exoplayer-common:2.19.1) with AarTransform
Transforming interpolator-1.0.0.aar (androidx.interpolator:interpolator:1.0.0) with JetifyTransform
Transforming interpolator-1.0.0.aar (androidx.interpolator:interpolator:1.0.0) with ExtractAarTransform
Transforming interpolator-1.0.0.aar (androidx.interpolator:interpolator:1.0.0) with AarTransform
Transforming interpolator-1.0.0.aar (androidx.interpolator:interpolator:1.0.0) with JetifyTransform
Transforming interpolator-1.0.0.aar (androidx.interpolator:interpolator:1.0.0) with ExtractAarTransform
Transforming interpolator-1.0.0.aar (androidx.interpolator:interpolator:1.0.0) with AarTransform
Transforming versionedparcelable-1.1.1.aar (androidx.versionedparcelable:versionedparcelable:1.1.1) with JetifyTransform
Transforming versionedparcelable-1.1.1.aar (androidx.versionedparcelable:versionedparcelable:1.1.1) with ExtractAarTransform
Transforming versionedparcelable-1.1.1.aar (androidx.versionedparcelable:versionedparcelable:1.1.1) with AarTransform
Transforming profileinstaller-1.3.1.aar (androidx.profileinstaller:profileinstaller:1.3.1) with JetifyTransform
Transforming profileinstaller-1.3.1.aar (androidx.profileinstaller:profileinstaller:1.3.1) with ExtractAarTransform
Transforming profileinstaller-1.3.1.aar (androidx.profileinstaller:profileinstaller:1.3.1) with AarTransform
Transforming startup-runtime-1.1.1.aar (androidx.startup:startup-runtime:1.1.1) with JetifyTransform
Transforming startup-runtime-1.1.1.aar (androidx.startup:startup-runtime:1.1.1) with ExtractAarTransform
Transforming startup-runtime-1.1.1.aar (androidx.startup:startup-runtime:1.1.1) with AarTransform
Transforming tracing-1.0.0.aar (androidx.tracing:tracing:1.0.0) with JetifyTransform
Transforming tracing-1.0.0.aar (androidx.tracing:tracing:1.0.0) with ExtractAarTransform
Transforming tracing-1.0.0.aar (androidx.tracing:tracing:1.0.0) with AarTransform
Transforming documentfile-1.0.0.aar (androidx.documentfile:documentfile:1.0.0) with JetifyTransform
Transforming documentfile-1.0.0.aar (androidx.documentfile:documentfile:1.0.0) with ExtractAarTransform
Transforming documentfile-1.0.0.aar (androidx.documentfile:documentfile:1.0.0) with AarTransform
Transforming localbroadcastmanager-1.0.0.aar (androidx.localbroadcastmanager:localbroadcastmanager:1.0.0) with JetifyTransform
Transforming localbroadcastmanager-1.0.0.aar (androidx.localbroadcastmanager:localbroadcastmanager:1.0.0) with ExtractAarTransform
Transforming localbroadcastmanager-1.0.0.aar (androidx.localbroadcastmanager:localbroadcastmanager:1.0.0) with AarTransform
Transforming print-1.0.0.aar (androidx.print:print:1.0.0) with JetifyTransform
Transforming print-1.0.0.aar (androidx.print:print:1.0.0) with ExtractAarTransform
Transforming print-1.0.0.aar (androidx.print:print:1.0.0) with AarTransform
Transforming exifinterface-1.3.6.aar (androidx.exifinterface:exifinterface:1.3.6) with JetifyTransform
Transforming exifinterface-1.3.6.aar (androidx.exifinterface:exifinterface:1.3.6) with ExtractAarTransform
Transforming exifinterface-1.3.6.aar (androidx.exifinterface:exifinterface:1.3.6) with AarTransform
Transforming volley-1.2.1.aar (com.android.volley:volley:1.2.1) with JetifyTransform
Transforming volley-1.2.1.aar (com.android.volley:volley:1.2.1) with ExtractAarTransform
Transforming volley-1.2.1.aar (com.android.volley:volley:1.2.1) with AarTransform
Transforming Android-Image-Slider-1.4.0.aar (com.github.smarteist:Android-Image-Slider:1.4.0) with JetifyTransform
Transforming Android-Image-Slider-1.4.0.aar (com.github.smarteist:Android-Image-Slider:1.4.0) with ExtractAarTransform
Transforming Android-Image-Slider-1.4.0.aar (com.github.smarteist:Android-Image-Slider:1.4.0) with AarTransform
Transforming circleimageview-3.1.0.aar (de.hdodenhof:circleimageview:3.1.0) with JetifyTransform
Transforming circleimageview-3.1.0.aar (de.hdodenhof:circleimageview:3.1.0) with ExtractAarTransform
Transforming circleimageview-3.1.0.aar (de.hdodenhof:circleimageview:3.1.0) with AarTransform
Transforming dagger-lint-aar-2.49.aar (com.google.dagger:dagger-lint-aar:2.49) with JetifyTransform
Transforming dagger-lint-aar-2.49.aar (com.google.dagger:dagger-lint-aar:2.49) with ExtractAarTransform
Transforming dagger-lint-aar-2.49.aar (com.google.dagger:dagger-lint-aar:2.49) with AarTransform
Caching disabled for AarTransform: C:\Users\user\.gradle\caches\transforms-3\4d4b3f0524238b36b1a0d4335e32a8e5\transformed\dynamicanimation-1.0.0 because:
  Build cache is disabled
Skipping AarTransform: C:\Users\user\.gradle\caches\transforms-3\4d4b3f0524238b36b1a0d4335e32a8e5\transformed\dynamicanimation-1.0.0 as it is up-to-date.
Caching disabled for AarTransform: C:\Users\user\.gradle\caches\transforms-3\c589b80479df8889d96e60fd7d9c5d2b\transformed\transition-1.2.0 because:
  Build cache is disabled
Caching disabled for AarTransform: C:\Users\user\.gradle\caches\transforms-3\c91da17cc1cab4ba2d28b8a00826b7a4\transformed\vectordrawable-animated-1.1.0 because:
  Build cache is disabled
Skipping AarTransform: C:\Users\user\.gradle\caches\transforms-3\c589b80479df8889d96e60fd7d9c5d2b\transformed\transition-1.2.0 as it is up-to-date.
Skipping AarTransform: C:\Users\user\.gradle\caches\transforms-3\c91da17cc1cab4ba2d28b8a00826b7a4\transformed\vectordrawable-animated-1.1.0 as it is up-to-date.
Caching disabled for AarTransform: C:\Users\user\.gradle\caches\transforms-3\f0c43f23ec6e516e0621ab61a039ef0c\transformed\jetified-lottie-6.1.0 because:
  Build cache is disabled
Skipping AarTransform: C:\Users\user\.gradle\caches\transforms-3\f0c43f23ec6e516e0621ab61a039ef0c\transformed\jetified-lottie-6.1.0 as it is up-to-date.
Caching disabled for AarTransform: C:\Users\user\.gradle\caches\transforms-3\6ed70369f3cbd7b6be9f1b6bf7536159\transformed\jetified-play-services-appset-16.0.1 because:
  Build cache is disabled
Skipping AarTransform: C:\Users\user\.gradle\caches\transforms-3\6ed70369f3cbd7b6be9f1b6bf7536159\transformed\jetified-play-services-appset-16.0.1 as it is up-to-date.
Caching disabled for AarTransform: C:\Users\user\.gradle\caches\transforms-3\529160eccf25a2390ccb8db066af0ebf\transformed\jetified-hilt-navigation-compose-1.1.0 because:
  Build cache is disabled
Skipping AarTransform: C:\Users\user\.gradle\caches\transforms-3\529160eccf25a2390ccb8db066af0ebf\transformed\jetified-hilt-navigation-compose-1.1.0 as it is up-to-date.
Caching disabled for AarTransform: C:\Users\user\.gradle\caches\transforms-3\5c3aa40a2b81e8d14341f580c5067842\transformed\jetified-hilt-navigation-1.1.0 because:
  Build cache is disabled
Skipping AarTransform: C:\Users\user\.gradle\caches\transforms-3\5c3aa40a2b81e8d14341f580c5067842\transformed\jetified-hilt-navigation-1.1.0 as it is up-to-date.
Caching disabled for AarTransform: C:\Users\user\.gradle\caches\transforms-3\2619ed40ef3fa7bd0956e04ee7e7a9f1\transformed\vectordrawable-1.1.0 because:
  Build cache is disabled
Skipping AarTransform: C:\Users\user\.gradle\caches\transforms-3\2619ed40ef3fa7bd0956e04ee7e7a9f1\transformed\vectordrawable-1.1.0 as it is up-to-date.
Caching disabled for AarTransform: C:\Users\user\.gradle\caches\transforms-3\3ce319f41dad2e0f26341deb50e79fea\transformed\navigation-runtime-2.7.6 because:
  Build cache is disabled
Skipping AarTransform: C:\Users\user\.gradle\caches\transforms-3\3ce319f41dad2e0f26341deb50e79fea\transformed\navigation-runtime-2.7.6 as it is up-to-date.
Caching disabled for AarTransform: C:\Users\user\.gradle\caches\transforms-3\0f46e4ccc0eeb6bdb32e10768693dbb1\transformed\navigation-common-2.7.6 because:
  Build cache is disabled
Skipping AarTransform: C:\Users\user\.gradle\caches\transforms-3\0f46e4ccc0eeb6bdb32e10768693dbb1\transformed\navigation-common-2.7.6 as it is up-to-date.
Caching disabled for AarTransform: C:\Users\user\.gradle\caches\transforms-3\72921219f6734e39e36ce1ab1aad6d03\transformed\navigation-common-ktx-2.7.6 because:
  Build cache is disabled
Skipping AarTransform: C:\Users\user\.gradle\caches\transforms-3\72921219f6734e39e36ce1ab1aad6d03\transformed\navigation-common-ktx-2.7.6 as it is up-to-date.
Caching disabled for AarTransform: C:\Users\user\.gradle\caches\transforms-3\ae35f69c27c9ae25ab61f505d1c73246\transformed\jetified-navigation-compose-2.7.6 because:
  Build cache is disabled
Skipping AarTransform: C:\Users\user\.gradle\caches\transforms-3\ae35f69c27c9ae25ab61f505d1c73246\transformed\jetified-navigation-compose-2.7.6 as it is up-to-date.
Caching disabled for AarTransform: C:\Users\user\.gradle\caches\transforms-3\e867abbcf77ff1131be5b6df08de5eee\transformed\navigation-runtime-ktx-2.7.6 because:
  Build cache is disabled
Skipping AarTransform: C:\Users\user\.gradle\caches\transforms-3\e867abbcf77ff1131be5b6df08de5eee\transformed\navigation-runtime-ktx-2.7.6 as it is up-to-date.
Caching disabled for AarTransform: C:\Users\user\.gradle\caches\transforms-3\f60bd6a2f18e5772f3e63663a99cb4e1\transformed\jetified-accompanist-permissions-0.32.0 because:
  Build cache is disabled
Skipping AarTransform: C:\Users\user\.gradle\caches\transforms-3\f60bd6a2f18e5772f3e63663a99cb4e1\transformed\jetified-accompanist-permissions-0.32.0 as it is up-to-date.
Caching disabled for AarTransform: C:\Users\user\.gradle\caches\transforms-3\c4b49199efd8b05d152a707fc92393f9\transformed\jetified-play-services-ads-lite-22.6.0 because:
  Build cache is disabled
Skipping AarTransform: C:\Users\user\.gradle\caches\transforms-3\c4b49199efd8b05d152a707fc92393f9\transformed\jetified-play-services-ads-lite-22.6.0 as it is up-to-date.
Caching disabled for AarTransform: C:\Users\user\.gradle\caches\transforms-3\deeed389b8629d1b86b0d43d85b80f15\transformed\jetified-room-ktx-2.6.1 because:
  Build cache is disabled
Skipping AarTransform: C:\Users\user\.gradle\caches\transforms-3\deeed389b8629d1b86b0d43d85b80f15\transformed\jetified-room-ktx-2.6.1 as it is up-to-date.
Caching disabled for AarTransform: C:\Users\user\.gradle\caches\transforms-3\48cbbb2a7e04ed4bd14f5ee9909e7333\transformed\jetified-room-paging-2.6.1 because:
  Build cache is disabled
Skipping AarTransform: C:\Users\user\.gradle\caches\transforms-3\48cbbb2a7e04ed4bd14f5ee9909e7333\transformed\jetified-room-paging-2.6.1 as it is up-to-date.
Caching disabled for AarTransform: C:\Users\user\.gradle\caches\transforms-3\88935f1d435615fcfcf4533f1e74a0c1\transformed\jetified-paging-runtime-ktx-3.2.1 because:
  Build cache is disabled
Skipping AarTransform: C:\Users\user\.gradle\caches\transforms-3\88935f1d435615fcfcf4533f1e74a0c1\transformed\jetified-paging-runtime-ktx-3.2.1 as it is up-to-date.
Caching disabled for AarTransform: C:\Users\user\.gradle\caches\transforms-3\a0851db4a7ec9890e76aff435b580121\transformed\room-runtime-2.6.1 because:
  Build cache is disabled
Skipping AarTransform: C:\Users\user\.gradle\caches\transforms-3\a0851db4a7ec9890e76aff435b580121\transformed\room-runtime-2.6.1 as it is up-to-date.
Caching disabled for AarTransform: C:\Users\user\.gradle\caches\transforms-3\d13efe73e15feb692f299aca534190ce\transformed\work-runtime-2.7.0 because:
  Build cache is disabled
Skipping AarTransform: C:\Users\user\.gradle\caches\transforms-3\d13efe73e15feb692f299aca534190ce\transformed\work-runtime-2.7.0 as it is up-to-date.
Caching disabled for AarTransform: C:\Users\user\.gradle\caches\transforms-3\20b81b3594ace06c7a70dff3a2366e16\transformed\paging-runtime-3.2.1 because:
  Build cache is disabled
Skipping AarTransform: C:\Users\user\.gradle\caches\transforms-3\20b81b3594ace06c7a70dff3a2366e16\transformed\paging-runtime-3.2.1 as it is up-to-date.
Caching disabled for AarTransform: C:\Users\user\.gradle\caches\transforms-3\9eb07947c41291dd8dfaea7376b52cb3\transformed\jetified-material3-release because:
  Build cache is disabled
Skipping AarTransform: C:\Users\user\.gradle\caches\transforms-3\9eb07947c41291dd8dfaea7376b52cb3\transformed\jetified-material3-release as it is up-to-date.
Caching disabled for AarTransform: C:\Users\user\.gradle\caches\transforms-3\b6b0faadec3c628e9c76a6db86636b8a\transformed\jetified-material-ripple-release because:
  Build cache is disabled
Skipping AarTransform: C:\Users\user\.gradle\caches\transforms-3\b6b0faadec3c628e9c76a6db86636b8a\transformed\jetified-material-ripple-release as it is up-to-date.
Caching disabled for AarTransform: C:\Users\user\.gradle\caches\transforms-3\8773d98ab94b13f9d6437ce7e24c811e\transformed\jetified-paging-compose-3.2.1 because:
  Build cache is disabled
Skipping AarTransform: C:\Users\user\.gradle\caches\transforms-3\8773d98ab94b13f9d6437ce7e24c811e\transformed\jetified-paging-compose-3.2.1 as it is up-to-date.
Caching disabled for AarTransform: C:\Users\user\.gradle\caches\transforms-3\be77d38c4543d58a04ecd2e2930e4907\transformed\jetified-material-icons-core-release because:
  Build cache is disabled
Skipping AarTransform: C:\Users\user\.gradle\caches\transforms-3\be77d38c4543d58a04ecd2e2930e4907\transformed\jetified-material-icons-core-release as it is up-to-date.
Caching disabled for AarTransform: C:\Users\user\.gradle\caches\transforms-3\a8d18580fb95d594af0e3ea2434d1f2a\transformed\jetified-animation-core-release because:
  Build cache is disabled
Skipping AarTransform: C:\Users\user\.gradle\caches\transforms-3\a8d18580fb95d594af0e3ea2434d1f2a\transformed\jetified-animation-core-release as it is up-to-date.
Caching disabled for AarTransform: C:\Users\user\.gradle\caches\transforms-3\cbc2465336ded970d23300a578f47882\transformed\jetified-material-release because:
  Build cache is disabled
Skipping AarTransform: C:\Users\user\.gradle\caches\transforms-3\cbc2465336ded970d23300a578f47882\transformed\jetified-material-release as it is up-to-date.
Caching disabled for AarTransform: C:\Users\user\.gradle\caches\transforms-3\1371974239ba7d2e1f74577aa0076246\transformed\jetified-foundation-release because:
  Build cache is disabled
Skipping AarTransform: C:\Users\user\.gradle\caches\transforms-3\1371974239ba7d2e1f74577aa0076246\transformed\jetified-foundation-release as it is up-to-date.
Caching disabled for AarTransform: C:\Users\user\.gradle\caches\transforms-3\a2969d7a46a5d26397bd0a40364b7789\transformed\jetified-ui-unit-release because:
  Build cache is disabled
Skipping AarTransform: C:\Users\user\.gradle\caches\transforms-3\a2969d7a46a5d26397bd0a40364b7789\transformed\jetified-ui-unit-release as it is up-to-date.
Caching disabled for AarTransform: C:\Users\user\.gradle\caches\transforms-3\0a80b947bb60c2e5812c98a4cde80cb9\transformed\jetified-animation-release because:
  Build cache is disabled
Caching disabled for AarTransform: C:\Users\user\.gradle\caches\transforms-3\ca905dde751b020875aee835366c918b\transformed\jetified-ui-geometry-release because:
  Build cache is disabled
Skipping AarTransform: C:\Users\user\.gradle\caches\transforms-3\ca905dde751b020875aee835366c918b\transformed\jetified-ui-geometry-release as it is up-to-date.
Skipping AarTransform: C:\Users\user\.gradle\caches\transforms-3\0a80b947bb60c2e5812c98a4cde80cb9\transformed\jetified-animation-release as it is up-to-date.
Caching disabled for AarTransform: C:\Users\user\.gradle\caches\transforms-3\c0256db1311281ff7005418483771fda\transformed\jetified-foundation-layout-release because:
  Build cache is disabled
Skipping AarTransform: C:\Users\user\.gradle\caches\transforms-3\c0256db1311281ff7005418483771fda\transformed\jetified-foundation-layout-release as it is up-to-date.
Caching disabled for AarTransform: C:\Users\user\.gradle\caches\transforms-3\d0defa3efce5913b5e3d5a8aac5cb6a4\transformed\jetified-ui-graphics-release because:
  Build cache is disabled
Skipping AarTransform: C:\Users\user\.gradle\caches\transforms-3\d0defa3efce5913b5e3d5a8aac5cb6a4\transformed\jetified-ui-graphics-release as it is up-to-date.
Caching disabled for AarTransform: C:\Users\user\.gradle\caches\transforms-3\8d3e065e204b9a972c9d9d381b9eab8e\transformed\jetified-ui-tooling-preview-release because:
  Build cache is disabled
Caching disabled for AarTransform: C:\Users\user\.gradle\caches\transforms-3\a24bbb3d7412e2af4b948b956c9db569\transformed\jetified-ui-util-release because:
  Build cache is disabled
Skipping AarTransform: C:\Users\user\.gradle\caches\transforms-3\8d3e065e204b9a972c9d9d381b9eab8e\transformed\jetified-ui-tooling-preview-release as it is up-to-date.
Skipping AarTransform: C:\Users\user\.gradle\caches\transforms-3\a24bbb3d7412e2af4b948b956c9db569\transformed\jetified-ui-util-release as it is up-to-date.
Caching disabled for AarTransform: C:\Users\user\.gradle\caches\transforms-3\153cbe083d7bbbca75db78a9ed87c037\transformed\jetified-ui-text-release because:
  Build cache is disabled
Skipping AarTransform: C:\Users\user\.gradle\caches\transforms-3\153cbe083d7bbbca75db78a9ed87c037\transformed\jetified-ui-text-release as it is up-to-date.
Caching disabled for AarTransform: C:\Users\user\.gradle\caches\transforms-3\a12ebe0bcfa38772b01b24696e6db1a0\transformed\jetified-runtime-saveable-release because:
  Build cache is disabled
Caching disabled for AarTransform: C:\Users\user\.gradle\caches\transforms-3\7609d0ec1dd432c286d684064b087864\transformed\jetified-hilt-android-2.49 because:
  Build cache is disabled
Skipping AarTransform: C:\Users\user\.gradle\caches\transforms-3\a12ebe0bcfa38772b01b24696e6db1a0\transformed\jetified-runtime-saveable-release as it is up-to-date.
Skipping AarTransform: C:\Users\user\.gradle\caches\transforms-3\7609d0ec1dd432c286d684064b087864\transformed\jetified-hilt-android-2.49 as it is up-to-date.
Caching disabled for AarTransform: C:\Users\user\.gradle\caches\transforms-3\86393e3996726b41f76008ce236fad9e\transformed\jetified-runtime-livedata-1.6.1 because:
  Build cache is disabled
Caching disabled for AarTransform: C:\Users\user\.gradle\caches\transforms-3\09909989bcc6df1cb4cf8f5bc33de582\transformed\jetified-play-services-tasks-18.0.2 because:
  Build cache is disabled
Skipping AarTransform: C:\Users\user\.gradle\caches\transforms-3\86393e3996726b41f76008ce236fad9e\transformed\jetified-runtime-livedata-1.6.1 as it is up-to-date.
Skipping AarTransform: C:\Users\user\.gradle\caches\transforms-3\09909989bcc6df1cb4cf8f5bc33de582\transformed\jetified-play-services-tasks-18.0.2 as it is up-to-date.
Caching disabled for AarTransform: C:\Users\user\.gradle\caches\transforms-3\40952bfae19697ea740a0392ac032553\transformed\jetified-runtime-release because:
  Build cache is disabled
Skipping AarTransform: C:\Users\user\.gradle\caches\transforms-3\40952bfae19697ea740a0392ac032553\transformed\jetified-runtime-release as it is up-to-date.
Caching disabled for AarTransform: C:\Users\user\.gradle\caches\transforms-3\2a2496b4dd7bead2a2d5dfdd36faba56\transformed\jetified-user-messaging-platform-2.1.0 because:
  Build cache is disabled
Skipping AarTransform: C:\Users\user\.gradle\caches\transforms-3\2a2496b4dd7bead2a2d5dfdd36faba56\transformed\jetified-user-messaging-platform-2.1.0 as it is up-to-date.
Caching disabled for AarTransform: C:\Users\user\.gradle\caches\transforms-3\fefcfe30ff50cfe07535bb3f9f29fec4\transformed\jetified-play-services-ads-base-22.6.0 because:
  Build cache is disabled
Skipping AarTransform: C:\Users\user\.gradle\caches\transforms-3\fefcfe30ff50cfe07535bb3f9f29fec4\transformed\jetified-play-services-ads-base-22.6.0 as it is up-to-date.
Caching disabled for AarTransform: C:\Users\user\.gradle\caches\transforms-3\b28c9dde44421952352d4ece06208963\transformed\jetified-play-services-measurement-sdk-api-20.1.2 because:
  Build cache is disabled
Caching disabled for AarTransform: C:\Users\user\.gradle\caches\transforms-3\ff995add00743d0c496c4d8e0ee10f1e\transformed\jetified-play-services-ads-identifier-18.0.0 because:
  Build cache is disabled
Skipping AarTransform: C:\Users\user\.gradle\caches\transforms-3\ff995add00743d0c496c4d8e0ee10f1e\transformed\jetified-play-services-ads-identifier-18.0.0 as it is up-to-date.
Caching disabled for AarTransform: C:\Users\user\.gradle\caches\transforms-3\7bc33f1b9169acd2dfd1a37a27683ae2\transformed\jetified-play-services-measurement-base-20.1.2 because:
  Build cache is disabled
Skipping AarTransform: C:\Users\user\.gradle\caches\transforms-3\7bc33f1b9169acd2dfd1a37a27683ae2\transformed\jetified-play-services-measurement-base-20.1.2 as it is up-to-date.
Skipping AarTransform: C:\Users\user\.gradle\caches\transforms-3\b28c9dde44421952352d4ece06208963\transformed\jetified-play-services-measurement-sdk-api-20.1.2 as it is up-to-date.
Caching disabled for AarTransform: C:\Users\user\.gradle\caches\transforms-3\a98fef1d1520166b9b08927ea1e4f9aa\transformed\jetified-play-services-basement-18.2.0 because:
  Build cache is disabled
Skipping AarTransform: C:\Users\user\.gradle\caches\transforms-3\a98fef1d1520166b9b08927ea1e4f9aa\transformed\jetified-play-services-basement-18.2.0 as it is up-to-date.
Caching disabled for AarTransform: C:\Users\user\.gradle\caches\transforms-3\2e6a11253b53f57b3b9d26b8fa62696e\transformed\jetified-emoji2-views-helper-1.3.0 because:
  Build cache is disabled
Skipping AarTransform: C:\Users\user\.gradle\caches\transforms-3\2e6a11253b53f57b3b9d26b8fa62696e\transformed\jetified-emoji2-views-helper-1.3.0 as it is up-to-date.
Caching disabled for AarTransform: C:\Users\user\.gradle\caches\transforms-3\ce43085ba0af9184b2d8510666d1eb4c\transformed\fragment-1.5.1 because:
  Build cache is disabled
Skipping AarTransform: C:\Users\user\.gradle\caches\transforms-3\ce43085ba0af9184b2d8510666d1eb4c\transformed\fragment-1.5.1 as it is up-to-date.
Caching disabled for AarTransform: C:\Users\user\.gradle\caches\transforms-3\3bde4be5f64196dc9d79c4d702f48306\transformed\jetified-emoji2-1.3.0 because:
  Build cache is disabled
Skipping AarTransform: C:\Users\user\.gradle\caches\transforms-3\3bde4be5f64196dc9d79c4d702f48306\transformed\jetified-emoji2-1.3.0 as it is up-to-date.
Caching disabled for AarTransform: C:\Users\user\.gradle\caches\transforms-3\39183825c891526e3de148cba7025d38\transformed\jetified-lifecycle-livedata-core-ktx-2.7.0 because:
  Build cache is disabled
Skipping AarTransform: C:\Users\user\.gradle\caches\transforms-3\39183825c891526e3de148cba7025d38\transformed\jetified-lifecycle-livedata-core-ktx-2.7.0 as it is up-to-date.
Caching disabled for AarTransform: C:\Users\user\.gradle\caches\transforms-3\32759966595792c9a2f9091d1711a6d5\transformed\jetified-lifecycle-service-2.7.0 because:
  Build cache is disabled
Skipping AarTransform: C:\Users\user\.gradle\caches\transforms-3\32759966595792c9a2f9091d1711a6d5\transformed\jetified-lifecycle-service-2.7.0 as it is up-to-date.
Caching disabled for AarTransform: C:\Users\user\.gradle\caches\transforms-3\befba8fbd8bdeb7a931e0ef64310fd03\transformed\jetified-lifecycle-process-2.7.0 because:
  Build cache is disabled
Skipping AarTransform: C:\Users\user\.gradle\caches\transforms-3\befba8fbd8bdeb7a931e0ef64310fd03\transformed\jetified-lifecycle-process-2.7.0 as it is up-to-date.
Caching disabled for AarTransform: C:\Users\user\.gradle\caches\transforms-3\06eaa3d4db2446ae08073b00af0f9f1e\transformed\legacy-support-core-utils-1.0.0 because:
  Build cache is disabled
Caching disabled for AarTransform: C:\Users\user\.gradle\caches\transforms-3\8bdbdf69ffb075614c5a434d355a0f8b\transformed\jetified-lifecycle-livedata-ktx-2.7.0 because:
  Build cache is disabled
Skipping AarTransform: C:\Users\user\.gradle\caches\transforms-3\8bdbdf69ffb075614c5a434d355a0f8b\transformed\jetified-lifecycle-livedata-ktx-2.7.0 as it is up-to-date.
Skipping AarTransform: C:\Users\user\.gradle\caches\transforms-3\06eaa3d4db2446ae08073b00af0f9f1e\transformed\legacy-support-core-utils-1.0.0 as it is up-to-date.
Caching disabled for AarTransform: C:\Users\user\.gradle\caches\transforms-3\405ea0b6b50f1060e1e85abd75c2300a\transformed\lifecycle-livedata-core-2.7.0 because:
  Build cache is disabled
Caching disabled for AarTransform: C:\Users\user\.gradle\caches\transforms-3\aa2ff84b73bdf2fedfb6304d3a34c1c2\transformed\loader-1.0.0 because:
  Build cache is disabled
Skipping AarTransform: C:\Users\user\.gradle\caches\transforms-3\405ea0b6b50f1060e1e85abd75c2300a\transformed\lifecycle-livedata-core-2.7.0 as it is up-to-date.
Caching disabled for AarTransform: C:\Users\user\.gradle\caches\transforms-3\be6eabc1e7597f5af8694205534369ad\transformed\lifecycle-livedata-2.7.0 because:
  Build cache is disabled
Skipping AarTransform: C:\Users\user\.gradle\caches\transforms-3\be6eabc1e7597f5af8694205534369ad\transformed\lifecycle-livedata-2.7.0 as it is up-to-date.
Skipping AarTransform: C:\Users\user\.gradle\caches\transforms-3\aa2ff84b73bdf2fedfb6304d3a34c1c2\transformed\loader-1.0.0 as it is up-to-date.
Caching disabled for AarTransform: C:\Users\user\.gradle\caches\transforms-3\17d74363b6e909a9d3f818c44afa4535\transformed\jetified-lifecycle-viewmodel-savedstate-2.7.0 because:
  Build cache is disabled
Caching disabled for AarTransform: C:\Users\user\.gradle\caches\transforms-3\d13525a792cc64e11bbc6a846969e153\transformed\jetified-savedstate-ktx-1.2.1 because:
  Build cache is disabled
Skipping AarTransform: C:\Users\user\.gradle\caches\transforms-3\17d74363b6e909a9d3f818c44afa4535\transformed\jetified-lifecycle-viewmodel-savedstate-2.7.0 as it is up-to-date.
Skipping AarTransform: C:\Users\user\.gradle\caches\transforms-3\d13525a792cc64e11bbc6a846969e153\transformed\jetified-savedstate-ktx-1.2.1 as it is up-to-date.
Caching disabled for AarTransform: C:\Users\user\.gradle\caches\transforms-3\729f0ee4f5c310ded66695d5e416a80a\transformed\jetified-savedstate-1.2.1 because:
  Build cache is disabled
Skipping AarTransform: C:\Users\user\.gradle\caches\transforms-3\729f0ee4f5c310ded66695d5e416a80a\transformed\jetified-savedstate-1.2.1 as it is up-to-date.
Caching disabled for AarTransform: C:\Users\user\.gradle\caches\transforms-3\d61403040d3c0a7f14b12e75c497150a\transformed\lifecycle-viewmodel-2.7.0 because:
  Build cache is disabled
Skipping AarTransform: C:\Users\user\.gradle\caches\transforms-3\d61403040d3c0a7f14b12e75c497150a\transformed\lifecycle-viewmodel-2.7.0 as it is up-to-date.
Caching disabled for AarTransform: C:\Users\user\.gradle\caches\transforms-3\4bea3ad7086dd6310416577e679b27ab\transformed\lifecycle-runtime-2.7.0 because:
  Build cache is disabled
Skipping AarTransform: C:\Users\user\.gradle\caches\transforms-3\4bea3ad7086dd6310416577e679b27ab\transformed\lifecycle-runtime-2.7.0 as it is up-to-date.
Caching disabled for AarTransform: C:\Users\user\.gradle\caches\transforms-3\e109843751a45ceb797ac7414dcd1f55\transformed\jetified-lifecycle-runtime-ktx-2.7.0 because:
  Build cache is disabled
Skipping AarTransform: C:\Users\user\.gradle\caches\transforms-3\e109843751a45ceb797ac7414dcd1f55\transformed\jetified-lifecycle-runtime-ktx-2.7.0 as it is up-to-date.
Caching disabled for AarTransform: C:\Users\user\.gradle\caches\transforms-3\91aa7e25739ba49b8c446850083d9968\transformed\jetified-lifecycle-viewmodel-ktx-2.7.0 because:
  Build cache is disabled
Skipping AarTransform: C:\Users\user\.gradle\caches\transforms-3\91aa7e25739ba49b8c446850083d9968\transformed\jetified-lifecycle-viewmodel-ktx-2.7.0 as it is up-to-date.
Caching disabled for AarTransform: C:\Users\user\.gradle\caches\transforms-3\bd4d0516dc82d593dc75d0d58095804e\transformed\jetified-activity-ktx-1.8.2 because:
  Build cache is disabled
Caching disabled for AarTransform: C:\Users\user\.gradle\caches\transforms-3\4d6838555ad24cf15a99513e72d58fa0\transformed\jetified-lifecycle-viewmodel-compose-2.7.0 because:
  Build cache is disabled
Skipping AarTransform: C:\Users\user\.gradle\caches\transforms-3\bd4d0516dc82d593dc75d0d58095804e\transformed\jetified-activity-ktx-1.8.2 as it is up-to-date.
Caching disabled for AarTransform: C:\Users\user\.gradle\caches\transforms-3\cc2b5325880f19f8fa69e371da0fcec2\transformed\jetified-activity-compose-1.8.2 because:
  Build cache is disabled
Skipping AarTransform: C:\Users\user\.gradle\caches\transforms-3\cc2b5325880f19f8fa69e371da0fcec2\transformed\jetified-activity-compose-1.8.2 as it is up-to-date.
Skipping AarTransform: C:\Users\user\.gradle\caches\transforms-3\4d6838555ad24cf15a99513e72d58fa0\transformed\jetified-lifecycle-viewmodel-compose-2.7.0 as it is up-to-date.
Caching disabled for AarTransform: C:\Users\user\.gradle\caches\transforms-3\8f69b11fed3424c2a2d07f943e7b1442\transformed\jetified-accompanist-drawablepainter-0.32.0 because:
  Build cache is disabled
Skipping AarTransform: C:\Users\user\.gradle\caches\transforms-3\8f69b11fed3424c2a2d07f943e7b1442\transformed\jetified-accompanist-drawablepainter-0.32.0 as it is up-to-date.
Caching disabled for AarTransform: C:\Users\user\.gradle\caches\transforms-3\eb7f95ceb80fe7edaffe686f45c414e3\transformed\jetified-ui-release because:
  Build cache is disabled
Skipping AarTransform: C:\Users\user\.gradle\caches\transforms-3\eb7f95ceb80fe7edaffe686f45c414e3\transformed\jetified-ui-release as it is up-to-date.
Caching disabled for AarTransform: C:\Users\user\.gradle\caches\transforms-3\3ff7e07e96cbf3c15e17ee90dee7c81e\transformed\jetified-activity-1.8.2 because:
  Build cache is disabled
Skipping AarTransform: C:\Users\user\.gradle\caches\transforms-3\3ff7e07e96cbf3c15e17ee90dee7c81e\transformed\jetified-activity-1.8.2 as it is up-to-date.
Caching disabled for AarTransform: C:\Users\user\.gradle\caches\transforms-3\23d54db28db6fd27500c43cbb98a94ee\transformed\jetified-exoplayer-2.19.1 because:
  Build cache is disabled
Skipping AarTransform: C:\Users\user\.gradle\caches\transforms-3\23d54db28db6fd27500c43cbb98a94ee\transformed\jetified-exoplayer-2.19.1 as it is up-to-date.
Caching disabled for AarTransform: C:\Users\user\.gradle\caches\transforms-3\86e7631404a3447ccb8c53460349c742\transformed\jetified-exoplayer-hls-2.19.1 because:
  Build cache is disabled
Caching disabled for AarTransform: C:\Users\user\.gradle\caches\transforms-3\04830523360f0a9c22bc3d9783abdb1e\transformed\jetified-exoplayer-smoothstreaming-2.19.1 because:
  Build cache is disabled
Skipping AarTransform: C:\Users\user\.gradle\caches\transforms-3\04830523360f0a9c22bc3d9783abdb1e\transformed\jetified-exoplayer-smoothstreaming-2.19.1 as it is up-to-date.
Caching disabled for AarTransform: C:\Users\user\.gradle\caches\transforms-3\6b9e330e22f5b80af693a9cc1ed78961\transformed\jetified-exoplayer-dash-2.19.1 because:
  Build cache is disabled
Skipping AarTransform: C:\Users\user\.gradle\caches\transforms-3\6b9e330e22f5b80af693a9cc1ed78961\transformed\jetified-exoplayer-dash-2.19.1 as it is up-to-date.
Skipping AarTransform: C:\Users\user\.gradle\caches\transforms-3\86e7631404a3447ccb8c53460349c742\transformed\jetified-exoplayer-hls-2.19.1 as it is up-to-date.
Caching disabled for AarTransform: C:\Users\user\.gradle\caches\transforms-3\cb4e1830d0316264aa08d7cecb5d49a4\transformed\jetified-play-services-ads-22.6.0 because:
  Build cache is disabled
Caching disabled for AarTransform: C:\Users\user\.gradle\caches\transforms-3\7988b5c431abeac835ef34d8554a267c\transformed\jetified-exoplayer-rtsp-2.19.1 because:
  Build cache is disabled
Skipping AarTransform: C:\Users\user\.gradle\caches\transforms-3\cb4e1830d0316264aa08d7cecb5d49a4\transformed\jetified-play-services-ads-22.6.0 as it is up-to-date.
Skipping AarTransform: C:\Users\user\.gradle\caches\transforms-3\7988b5c431abeac835ef34d8554a267c\transformed\jetified-exoplayer-rtsp-2.19.1 as it is up-to-date.
Caching disabled for AarTransform: C:\Users\user\.gradle\caches\transforms-3\6a39333c6856d532570520fbc2bd1c09\transformed\jetified-exoplayer-core-2.19.1 because:
  Build cache is disabled
Skipping AarTransform: C:\Users\user\.gradle\caches\transforms-3\6a39333c6856d532570520fbc2bd1c09\transformed\jetified-exoplayer-core-2.19.1 as it is up-to-date.
Caching disabled for AarTransform: C:\Users\user\.gradle\caches\transforms-3\756e4599b46450e09c632b813556cee0\transformed\browser-1.4.0 because:
  Build cache is disabled
Caching disabled for AarTransform: C:\Users\user\.gradle\caches\transforms-3\e64e0a3a08ca0f06a8ffeb68df2fb01e\transformed\media-1.6.0 because:
  Build cache is disabled
Skipping AarTransform: C:\Users\user\.gradle\caches\transforms-3\e64e0a3a08ca0f06a8ffeb68df2fb01e\transformed\media-1.6.0 as it is up-to-date.
Skipping AarTransform: C:\Users\user\.gradle\caches\transforms-3\756e4599b46450e09c632b813556cee0\transformed\browser-1.4.0 as it is up-to-date.
Caching disabled for AarTransform: C:\Users\user\.gradle\caches\transforms-3\665f08a046034a03c45c1b60402783c2\transformed\jetified-exoplayer-ui-2.19.1 because:
  Build cache is disabled
Skipping AarTransform: C:\Users\user\.gradle\caches\transforms-3\665f08a046034a03c45c1b60402783c2\transformed\jetified-exoplayer-ui-2.19.1 as it is up-to-date.
Caching disabled for AarTransform: C:\Users\user\.gradle\caches\transforms-3\57848645458d68f540459ae62d741e32\transformed\viewpager-1.0.0 because:
  Build cache is disabled
Caching disabled for AarTransform: C:\Users\user\.gradle\caches\transforms-3\0f7bbe974198c0e6f5daf78e810cfb8e\transformed\recyclerview-1.3.0 because:
  Build cache is disabled
Skipping AarTransform: C:\Users\user\.gradle\caches\transforms-3\0f7bbe974198c0e6f5daf78e810cfb8e\transformed\recyclerview-1.3.0 as it is up-to-date.
Skipping AarTransform: C:\Users\user\.gradle\caches\transforms-3\57848645458d68f540459ae62d741e32\transformed\viewpager-1.0.0 as it is up-to-date.
Caching disabled for AarTransform: C:\Users\user\.gradle\caches\transforms-3\a2f4c85d9ee4c6259367ff55f3b32260\transformed\customview-1.1.0 because:
  Build cache is disabled
Skipping AarTransform: C:\Users\user\.gradle\caches\transforms-3\a2f4c85d9ee4c6259367ff55f3b32260\transformed\customview-1.1.0 as it is up-to-date.
Caching disabled for AarTransform: C:\Users\user\.gradle\caches\transforms-3\937d7a61b7111c64ca0de305910a85b2\transformed\jetified-autofill-1.0.0 because:
  Build cache is disabled
Skipping AarTransform: C:\Users\user\.gradle\caches\transforms-3\937d7a61b7111c64ca0de305910a85b2\transformed\jetified-autofill-1.0.0 as it is up-to-date.
Caching disabled for AarTransform: C:\Users\user\.gradle\caches\transforms-3\5c5739f4de2f71729af9e79251007f6b\transformed\core-1.12.0 because:
  Build cache is disabled
Skipping AarTransform: C:\Users\user\.gradle\caches\transforms-3\5c5739f4de2f71729af9e79251007f6b\transformed\core-1.12.0 as it is up-to-date.
Caching disabled for AarTransform: C:\Users\user\.gradle\caches\transforms-3\b524aad8313712e1a2099d34ba0009dd\transformed\jetified-flexbox-3.0.0 because:
  Build cache is disabled
Caching disabled for AarTransform: C:\Users\user\.gradle\caches\transforms-3\c4b75ff235f5060d29e5ddca564ceddc\transformed\jetified-ads-adservices-java-1.0.0-beta05 because:
  Build cache is disabled
Skipping AarTransform: C:\Users\user\.gradle\caches\transforms-3\c4b75ff235f5060d29e5ddca564ceddc\transformed\jetified-ads-adservices-java-1.0.0-beta05 as it is up-to-date.
Caching disabled for AarTransform: C:\Users\user\.gradle\caches\transforms-3\9ab85f199ce6032d85aa0cc0c0e855bb\transformed\jetified-core-ktx-1.12.0 because:
  Build cache is disabled
Skipping AarTransform: C:\Users\user\.gradle\caches\transforms-3\9ab85f199ce6032d85aa0cc0c0e855bb\transformed\jetified-core-ktx-1.12.0 as it is up-to-date.
Caching disabled for AarTransform: C:\Users\user\.gradle\caches\transforms-3\88a788eb4554cb70c926faac5961e219\transformed\jetified-ads-adservices-1.0.0-beta05 because:
  Build cache is disabled
Skipping AarTransform: C:\Users\user\.gradle\caches\transforms-3\88a788eb4554cb70c926faac5961e219\transformed\jetified-ads-adservices-1.0.0-beta05 as it is up-to-date.
Skipping AarTransform: C:\Users\user\.gradle\caches\transforms-3\b524aad8313712e1a2099d34ba0009dd\transformed\jetified-flexbox-3.0.0 as it is up-to-date.
Caching disabled for AarTransform: C:\Users\user\.gradle\caches\transforms-3\bc26dfac284b88af3c813008f6ef1c3e\transformed\jetified-customview-poolingcontainer-1.0.0 because:
  Build cache is disabled
Skipping AarTransform: C:\Users\user\.gradle\caches\transforms-3\bc26dfac284b88af3c813008f6ef1c3e\transformed\jetified-customview-poolingcontainer-1.0.0 as it is up-to-date.
Caching disabled for AarTransform: C:\Users\user\.gradle\caches\transforms-3\a03b3d04d2ceca7ea618a06e3d24afa0\transformed\sqlite-2.4.0 because:
  Build cache is disabled
Skipping AarTransform: C:\Users\user\.gradle\caches\transforms-3\a03b3d04d2ceca7ea618a06e3d24afa0\transformed\sqlite-2.4.0 as it is up-to-date.
Caching disabled for AarTransform: C:\Users\user\.gradle\caches\transforms-3\8b9d9cccd9cd11d68aeff198447cb46d\transformed\jetified-core-splashscreen-1.0.1 because:
  Build cache is disabled
Skipping AarTransform: C:\Users\user\.gradle\caches\transforms-3\8b9d9cccd9cd11d68aeff198447cb46d\transformed\jetified-core-splashscreen-1.0.1 as it is up-to-date.
Caching disabled for AarTransform: C:\Users\user\.gradle\caches\transforms-3\71618b46663af3ea0092ee8c6d5590fe\transformed\sqlite-framework-2.4.0 because:
  Build cache is disabled
Skipping AarTransform: C:\Users\user\.gradle\caches\transforms-3\71618b46663af3ea0092ee8c6d5590fe\transformed\sqlite-framework-2.4.0 as it is up-to-date.
Caching disabled for AarTransform: C:\Users\user\.gradle\caches\transforms-3\22c98dd52680fc31e34a15f54a9f94d2\transformed\cardview-1.0.0 because:
  Build cache is disabled
Skipping AarTransform: C:\Users\user\.gradle\caches\transforms-3\22c98dd52680fc31e34a15f54a9f94d2\transformed\cardview-1.0.0 as it is up-to-date.
Caching disabled for AarTransform: C:\Users\user\.gradle\caches\transforms-3\3d44061c8964bbe6cad35f32dd98185c\transformed\jetified-napier-release because:
  Build cache is disabled
Skipping AarTransform: C:\Users\user\.gradle\caches\transforms-3\3d44061c8964bbe6cad35f32dd98185c\transformed\jetified-napier-release as it is up-to-date.
Caching disabled for AarTransform: C:\Users\user\.gradle\caches\transforms-3\4ec695ed94a8284d6fd7bdbfc66270dc\transformed\jetified-annotation-experimental-1.4.0 because:
  Build cache is disabled
Skipping AarTransform: C:\Users\user\.gradle\caches\transforms-3\4ec695ed94a8284d6fd7bdbfc66270dc\transformed\jetified-annotation-experimental-1.4.0 as it is up-to-date.
Caching disabled for AarTransform: C:\Users\user\.gradle\caches\transforms-3\01af9fa4640328761f93b15ceedbb393\transformed\jetified-coil-compose-2.5.0 because:
  Build cache is disabled
Skipping AarTransform: C:\Users\user\.gradle\caches\transforms-3\01af9fa4640328761f93b15ceedbb393\transformed\jetified-coil-compose-2.5.0 as it is up-to-date.
Caching disabled for AarTransform: C:\Users\user\.gradle\caches\transforms-3\43654c406d94ba418e69a2f38c0ce75a\transformed\cursoradapter-1.0.0 because:
  Build cache is disabled
Skipping AarTransform: C:\Users\user\.gradle\caches\transforms-3\43654c406d94ba418e69a2f38c0ce75a\transformed\cursoradapter-1.0.0 as it is up-to-date.
Caching disabled for AarTransform: C:\Users\user\.gradle\caches\transforms-3\9736755219de9964c187b9748cea348a\transformed\core-runtime-2.2.0 because:
  Build cache is disabled
Skipping AarTransform: C:\Users\user\.gradle\caches\transforms-3\9736755219de9964c187b9748cea348a\transformed\core-runtime-2.2.0 as it is up-to-date.
Caching disabled for AarTransform: C:\Users\user\.gradle\caches\transforms-3\7f41368f9514b52c773c9c6d9f2b90c2\transformed\jetified-exoplayer-database-2.19.1 because:
  Build cache is disabled
Skipping AarTransform: C:\Users\user\.gradle\caches\transforms-3\7f41368f9514b52c773c9c6d9f2b90c2\transformed\jetified-exoplayer-database-2.19.1 as it is up-to-date.
Caching disabled for AarTransform: C:\Users\user\.gradle\caches\transforms-3\0774aba38fbb7a71a2e380171e0b7778\transformed\jetified-exoplayer-decoder-2.19.1 because:
  Build cache is disabled
Skipping AarTransform: C:\Users\user\.gradle\caches\transforms-3\0774aba38fbb7a71a2e380171e0b7778\transformed\jetified-exoplayer-decoder-2.19.1 as it is up-to-date.
Caching disabled for AarTransform: C:\Users\user\.gradle\caches\transforms-3\2f746cdb46666a5ea31069a92ad1cee2\transformed\jetified-exoplayer-extractor-2.19.1 because:
  Build cache is disabled
Caching disabled for AarTransform: C:\Users\user\.gradle\caches\transforms-3\715d44aa31120efd79cf05422b37b84e\transformed\jetified-exoplayer-common-2.19.1 because:
  Build cache is disabled
Caching disabled for AarTransform: C:\Users\user\.gradle\caches\transforms-3\378ae54a4a79477d991a76c42d10201e\transformed\jetified-exoplayer-datasource-2.19.1 because:
  Build cache is disabled
Skipping AarTransform: C:\Users\user\.gradle\caches\transforms-3\715d44aa31120efd79cf05422b37b84e\transformed\jetified-exoplayer-common-2.19.1 as it is up-to-date.
Skipping AarTransform: C:\Users\user\.gradle\caches\transforms-3\378ae54a4a79477d991a76c42d10201e\transformed\jetified-exoplayer-datasource-2.19.1 as it is up-to-date.
Skipping AarTransform: C:\Users\user\.gradle\caches\transforms-3\2f746cdb46666a5ea31069a92ad1cee2\transformed\jetified-exoplayer-extractor-2.19.1 as it is up-to-date.
Caching disabled for AarTransform: C:\Users\user\.gradle\caches\transforms-3\c3fa91361cece7ab93c5fa0d01671725\transformed\jetified-exoplayer-container-2.19.1 because:
  Build cache is disabled
Skipping AarTransform: C:\Users\user\.gradle\caches\transforms-3\c3fa91361cece7ab93c5fa0d01671725\transformed\jetified-exoplayer-container-2.19.1 as it is up-to-date.
Caching disabled for AarTransform: C:\Users\user\.gradle\caches\transforms-3\82d49ae48ad7cd68ccf29f123b5e48ad\transformed\versionedparcelable-1.1.1 because:
  Build cache is disabled
Caching disabled for AarTransform: C:\Users\user\.gradle\caches\transforms-3\c8dca9ca411b7b236189b876c168c300\transformed\jetified-profileinstaller-1.3.1 because:
  Build cache is disabled
Skipping AarTransform: C:\Users\user\.gradle\caches\transforms-3\82d49ae48ad7cd68ccf29f123b5e48ad\transformed\versionedparcelable-1.1.1 as it is up-to-date.
Skipping AarTransform: C:\Users\user\.gradle\caches\transforms-3\c8dca9ca411b7b236189b876c168c300\transformed\jetified-profileinstaller-1.3.1 as it is up-to-date.
Caching disabled for AarTransform: C:\Users\user\.gradle\caches\transforms-3\8eba7c3e4113638c557764cfd1246d65\transformed\interpolator-1.0.0 because:
  Build cache is disabled
Skipping AarTransform: C:\Users\user\.gradle\caches\transforms-3\8eba7c3e4113638c557764cfd1246d65\transformed\interpolator-1.0.0 as it is up-to-date.
Caching disabled for AarTransform: C:\Users\user\.gradle\caches\transforms-3\87361d05feba7a7d0f4af0c7c0d3e017\transformed\jetified-tracing-1.0.0 because:
  Build cache is disabled
Caching disabled for AarTransform: C:\Users\user\.gradle\caches\transforms-3\56896802246a3dbc3ea0a00275524921\transformed\exifinterface-1.3.6 because:
  Build cache is disabled
Skipping AarTransform: C:\Users\user\.gradle\caches\transforms-3\56896802246a3dbc3ea0a00275524921\transformed\exifinterface-1.3.6 as it is up-to-date.
Caching disabled for AarTransform: C:\Users\user\.gradle\caches\transforms-3\2c86103f160590f7e7be532bf55d34f7\transformed\localbroadcastmanager-1.0.0 because:
  Build cache is disabled
Skipping AarTransform: C:\Users\user\.gradle\caches\transforms-3\2c86103f160590f7e7be532bf55d34f7\transformed\localbroadcastmanager-1.0.0 as it is up-to-date.
Caching disabled for AarTransform: C:\Users\user\.gradle\caches\transforms-3\3c8d6d9f40fe01c17d4d4666fd356dbc\transformed\jetified-circleimageview-3.1.0 because:
  Build cache is disabled
Skipping AarTransform: C:\Users\user\.gradle\caches\transforms-3\3c8d6d9f40fe01c17d4d4666fd356dbc\transformed\jetified-circleimageview-3.1.0 as it is up-to-date.
Skipping AarTransform: C:\Users\user\.gradle\caches\transforms-3\87361d05feba7a7d0f4af0c7c0d3e017\transformed\jetified-tracing-1.0.0 as it is up-to-date.
Caching disabled for AarTransform: C:\Users\user\.gradle\caches\transforms-3\fe52cfe629053f967703c8ba77285e8b\transformed\jetified-startup-runtime-1.1.1 because:
  Build cache is disabled
Caching disabled for AarTransform: C:\Users\user\.gradle\caches\transforms-3\e32c3b5e322944d64bfee37764a5fb00\transformed\jetified-volley-1.2.1 because:
  Build cache is disabled
Skipping AarTransform: C:\Users\user\.gradle\caches\transforms-3\fe52cfe629053f967703c8ba77285e8b\transformed\jetified-startup-runtime-1.1.1 as it is up-to-date.
Caching disabled for AarTransform: C:\Users\user\.gradle\caches\transforms-3\4122ce09f170e8a2afb176a358403d3a\transformed\print-1.0.0 because:
  Build cache is disabled
Caching disabled for AarTransform: C:\Users\user\.gradle\caches\transforms-3\54b5456fddcec85940b2ee402266c816\transformed\documentfile-1.0.0 because:
  Build cache is disabled
Skipping AarTransform: C:\Users\user\.gradle\caches\transforms-3\e32c3b5e322944d64bfee37764a5fb00\transformed\jetified-volley-1.2.1 as it is up-to-date.
Skipping AarTransform: C:\Users\user\.gradle\caches\transforms-3\54b5456fddcec85940b2ee402266c816\transformed\documentfile-1.0.0 as it is up-to-date.
Skipping AarTransform: C:\Users\user\.gradle\caches\transforms-3\4122ce09f170e8a2afb176a358403d3a\transformed\print-1.0.0 as it is up-to-date.
Caching disabled for AarTransform: C:\Users\user\.gradle\caches\transforms-3\77df13c6b2001957f35925c162d5e46d\transformed\jetified-Android-Image-Slider-1.4.0 because:
  Build cache is disabled
Skipping AarTransform: C:\Users\user\.gradle\caches\transforms-3\77df13c6b2001957f35925c162d5e46d\transformed\jetified-Android-Image-Slider-1.4.0 as it is up-to-date.
Caching disabled for AarTransform: C:\Users\user\.gradle\caches\transforms-3\125cb728ef3f46ce7225da4c49aa0884\transformed\jetified-coil-compose-base-2.5.0 because:
  Build cache is disabled
Skipping AarTransform: C:\Users\user\.gradle\caches\transforms-3\125cb728ef3f46ce7225da4c49aa0884\transformed\jetified-coil-compose-base-2.5.0 as it is up-to-date.
Caching disabled for AarTransform: C:\Users\user\.gradle\caches\transforms-3\73d67742e5e0faeb12f6359aec9f4317\transformed\jetified-coil-base-2.5.0 because:
  Build cache is disabled
Skipping AarTransform: C:\Users\user\.gradle\caches\transforms-3\73d67742e5e0faeb12f6359aec9f4317\transformed\jetified-coil-base-2.5.0 as it is up-to-date.
Caching disabled for AarTransform: C:\Users\user\.gradle\caches\transforms-3\ba655bab558f728b21e193f216f3fd5b\transformed\constraintlayout-2.0.1 because:
  Build cache is disabled
Skipping AarTransform: C:\Users\user\.gradle\caches\transforms-3\ba655bab558f728b21e193f216f3fd5b\transformed\constraintlayout-2.0.1 as it is up-to-date.
Caching disabled for AarTransform: C:\Users\user\.gradle\caches\transforms-3\14c109339047e7a54ee79e8f23fe26ef\transformed\jetified-appcompat-resources-1.6.1 because:
  Build cache is disabled
Caching disabled for AarTransform: C:\Users\user\.gradle\caches\transforms-3\b279794bd278a40574c8244342fbb052\transformed\jetified-coil-2.5.0 because:
  Build cache is disabled
Skipping AarTransform: C:\Users\user\.gradle\caches\transforms-3\14c109339047e7a54ee79e8f23fe26ef\transformed\jetified-appcompat-resources-1.6.1 as it is up-to-date.
Caching disabled for AarTransform: C:\Users\user\.gradle\caches\transforms-3\17460feccaee72c1c7a59c8d3aa5599a\transformed\jetified-dagger-lint-aar-2.49 because:
  Build cache is disabled
Skipping AarTransform: C:\Users\user\.gradle\caches\transforms-3\b279794bd278a40574c8244342fbb052\transformed\jetified-coil-2.5.0 as it is up-to-date.
Skipping AarTransform: C:\Users\user\.gradle\caches\transforms-3\17460feccaee72c1c7a59c8d3aa5599a\transformed\jetified-dagger-lint-aar-2.49 as it is up-to-date.
Caching disabled for task ':app:processReleaseMainManifest' because:
  Build cache is disabled
Skipping task ':app:processReleaseMainManifest' as it is up-to-date.
Resolve mutations for :app:processReleaseManifest (Thread[#84,Execution worker,5,main]) started.
:app:processReleaseManifest (Thread[#84,Execution worker,5,main]) started.

> Task :app:processReleaseManifest UP-TO-DATE
Caching disabled for task ':app:processReleaseManifest' because:
  Build cache is disabled
Skipping task ':app:processReleaseManifest' as it is up-to-date.
Resolve mutations for :app:processReleaseManifestForPackage (Thread[#84,Execution worker,5,main]) started.
:app:processReleaseManifestForPackage (Thread[#84,Execution worker,5,main]) started.

> Task :app:processReleaseManifestForPackage UP-TO-DATE
Caching disabled for task ':app:processReleaseManifestForPackage' because:
  Build cache is disabled
Skipping task ':app:processReleaseManifestForPackage' as it is up-to-date.
Resolve mutations for :app:javaPreCompileRelease (Thread[#84,Execution worker,5,main]) started.
:app:javaPreCompileRelease (Thread[#84,Execution worker,5,main]) started.
Resolve mutations for :app:extractProguardFiles (Thread[#93,Execution worker Thread 10,5,main]) started.
:app:extractProguardFiles (Thread[#93,Execution worker Thread 10,5,main]) started.

> Task :app:extractProguardFiles UP-TO-DATE
Caching disabled for task ':app:extractProguardFiles' because:
  Build cache is disabled
Skipping task ':app:extractProguardFiles' as it is up-to-date.
Resolve mutations for :app:mergeReleaseJniLibFolders (Thread[#92,Execution worker Thread 9,5,main]) started.
:app:mergeReleaseJniLibFolders (Thread[#92,Execution worker Thread 9,5,main]) started.

> Task :app:mergeReleaseJniLibFolders UP-TO-DATE
Caching disabled for task ':app:mergeReleaseJniLibFolders' because:
  Build cache is disabled
Skipping task ':app:mergeReleaseJniLibFolders' as it is up-to-date.
Resolve mutations for :app:mergeReleaseNativeLibs (Thread[#92,Execution worker Thread 9,5,main]) started.
:app:mergeReleaseNativeLibs (Thread[#92,Execution worker Thread 9,5,main]) started.

> Task :app:javaPreCompileRelease
Caching disabled for task ':app:javaPreCompileRelease' because:
  Build cache is disabled
Task ':app:javaPreCompileRelease' is not up-to-date because:
  Output property 'annotationProcessorListFile' file C:\Users\user\Desktop\projects\Football Live Score (Topon)\Live Football\app\build\intermediates\annotation_processor_list\release\annotationProcessors.json has been removed.

> Task :app:mergeReleaseNativeLibs NO-SOURCE
Transforming material-1.11.0.aar (com.google.android.material:material:1.11.0) with JetifyTransform
Transforming material-1.11.0.aar (com.google.android.material:material:1.11.0) with ExtractAarTransform
Transforming material-1.11.0.aar (com.google.android.material:material:1.11.0) with AarTransform
Transforming lottie-compose-6.1.0.aar (com.airbnb.android:lottie-compose:6.1.0) with JetifyTransform
Transforming lottie-compose-6.1.0.aar (com.airbnb.android:lottie-compose:6.1.0) with ExtractAarTransform
Transforming lottie-compose-6.1.0.aar (com.airbnb.android:lottie-compose:6.1.0) with AarTransform
Transforming lottie-6.1.0.aar (com.airbnb.android:lottie:6.1.0) with JetifyTransform
Transforming lottie-6.1.0.aar (com.airbnb.android:lottie:6.1.0) with ExtractAarTransform
Transforming lottie-6.1.0.aar (com.airbnb.android:lottie:6.1.0) with AarTransform
Transforming coil-compose-2.5.0.aar (io.coil-kt:coil-compose:2.5.0) with JetifyTransform
Transforming coil-compose-2.5.0.aar (io.coil-kt:coil-compose:2.5.0) with ExtractAarTransform
Transforming coil-compose-2.5.0.aar (io.coil-kt:coil-compose:2.5.0) with AarTransform
Transforming coil-compose-base-2.5.0.aar (io.coil-kt:coil-compose-base:2.5.0) with JetifyTransform
Transforming coil-compose-base-2.5.0.aar (io.coil-kt:coil-compose-base:2.5.0) with ExtractAarTransform
Transforming coil-compose-base-2.5.0.aar (io.coil-kt:coil-compose-base:2.5.0) with AarTransform
Transforming coil-2.5.0.aar (io.coil-kt:coil:2.5.0) with JetifyTransform
Transforming coil-2.5.0.aar (io.coil-kt:coil:2.5.0) with ExtractAarTransform
Transforming coil-2.5.0.aar (io.coil-kt:coil:2.5.0) with AarTransform
Transforming coil-base-2.5.0.aar (io.coil-kt:coil-base:2.5.0) with JetifyTransform
Transforming coil-base-2.5.0.aar (io.coil-kt:coil-base:2.5.0) with ExtractAarTransform
Transforming coil-base-2.5.0.aar (io.coil-kt:coil-base:2.5.0) with AarTransform
Transforming appcompat-resources-1.6.1.aar (androidx.appcompat:appcompat-resources:1.6.1) with JetifyTransform
Transforming appcompat-resources-1.6.1.aar (androidx.appcompat:appcompat-resources:1.6.1) with ExtractAarTransform
Transforming appcompat-resources-1.6.1.aar (androidx.appcompat:appcompat-resources:1.6.1) with AarTransform
Transforming constraintlayout-2.0.1.aar (androidx.constraintlayout:constraintlayout:2.0.1) with JetifyTransform
Transforming constraintlayout-2.0.1.aar (androidx.constraintlayout:constraintlayout:2.0.1) with ExtractAarTransform
Transforming constraintlayout-2.0.1.aar (androidx.constraintlayout:constraintlayout:2.0.1) with AarTransform
Transforming appcompat-1.6.1.aar (androidx.appcompat:appcompat:1.6.1) with JetifyTransform
Transforming appcompat-1.6.1.aar (androidx.appcompat:appcompat:1.6.1) with ExtractAarTransform
Transforming appcompat-1.6.1.aar (androidx.appcompat:appcompat:1.6.1) with AarTransform
Transforming viewpager2-1.0.0.aar (androidx.viewpager2:viewpager2:1.0.0) with JetifyTransform
Transforming viewpager2-1.0.0.aar (androidx.viewpager2:viewpager2:1.0.0) with ExtractAarTransform
Transforming viewpager2-1.0.0.aar (androidx.viewpager2:viewpager2:1.0.0) with AarTransform
Transforming play-services-ads-22.6.0.aar (com.google.android.gms:play-services-ads:22.6.0) with JetifyTransform
Transforming play-services-ads-22.6.0.aar (com.google.android.gms:play-services-ads:22.6.0) with ExtractAarTransform
Transforming play-services-ads-22.6.0.aar (com.google.android.gms:play-services-ads:22.6.0) with AarTransform
Transforming play-services-appset-16.0.1.aar (com.google.android.gms:play-services-appset:16.0.1) with JetifyTransform
Transforming play-services-appset-16.0.1.aar (com.google.android.gms:play-services-appset:16.0.1) with ExtractAarTransform
Transforming play-services-appset-16.0.1.aar (com.google.android.gms:play-services-appset:16.0.1) with AarTransform
Transforming play-services-base-18.2.0.aar (com.google.android.gms:play-services-base:18.2.0) with JetifyTransform
Transforming play-services-base-18.2.0.aar (com.google.android.gms:play-services-base:18.2.0) with ExtractAarTransform
Transforming play-services-base-18.2.0.aar (com.google.android.gms:play-services-base:18.2.0) with AarTransform
Transforming play-services-base-18.2.0.aar (com.google.android.gms:play-services-base:18.2.0) with JetifyTransform
Transforming play-services-base-18.2.0.aar (com.google.android.gms:play-services-base:18.2.0) with ExtractAarTransform
Transforming play-services-base-18.2.0.aar (com.google.android.gms:play-services-base:18.2.0) with AarTransform
Transforming drawerlayout-1.1.1.aar (androidx.drawerlayout:drawerlayout:1.1.1) with JetifyTransform
Transforming drawerlayout-1.1.1.aar (androidx.drawerlayout:drawerlayout:1.1.1) with ExtractAarTransform
Transforming drawerlayout-1.1.1.aar (androidx.drawerlayout:drawerlayout:1.1.1) with AarTransform
Transforming coordinatorlayout-1.1.0.aar (androidx.coordinatorlayout:coordinatorlayout:1.1.0) with JetifyTransform
Transforming coordinatorlayout-1.1.0.aar (androidx.coordinatorlayout:coordinatorlayout:1.1.0) with ExtractAarTransform
Transforming coordinatorlayout-1.1.0.aar (androidx.coordinatorlayout:coordinatorlayout:1.1.0) with AarTransform
Transforming dynamicanimation-1.0.0.aar (androidx.dynamicanimation:dynamicanimation:1.0.0) with JetifyTransform
Transforming dynamicanimation-1.0.0.aar (androidx.dynamicanimation:dynamicanimation:1.0.0) with ExtractAarTransform
Transforming dynamicanimation-1.0.0.aar (androidx.dynamicanimation:dynamicanimation:1.0.0) with AarTransform
Transforming transition-1.2.0.aar (androidx.transition:transition:1.2.0) with JetifyTransform
Transforming transition-1.2.0.aar (androidx.transition:transition:1.2.0) with ExtractAarTransform
Caching disabled for AarTransform: C:\Users\user\.gradle\caches\transforms-3\d76c3ac89ac3f5a9a20dcb6973cf40e8\transformed\material-1.11.0 because:
  Build cache is disabled
Caching disabled for AarTransform: C:\Users\user\.gradle\caches\transforms-3\01af9fa4640328761f93b15ceedbb393\transformed\jetified-coil-compose-2.5.0 because:
  Build cache is disabled
Skipping AarTransform: C:\Users\user\.gradle\caches\transforms-3\01af9fa4640328761f93b15ceedbb393\transformed\jetified-coil-compose-2.5.0 as it is up-to-date.
Skipping AarTransform: C:\Users\user\.gradle\caches\transforms-3\d76c3ac89ac3f5a9a20dcb6973cf40e8\transformed\material-1.11.0 as it is up-to-date.
Transforming transition-1.2.0.aar (androidx.transition:transition:1.2.0) with AarTransform
Transforming vectordrawable-animated-1.1.0.aar (androidx.vectordrawable:vectordrawable-animated:1.1.0) with JetifyTransform
Transforming vectordrawable-animated-1.1.0.aar (androidx.vectordrawable:vectordrawable-animated:1.1.0) with ExtractAarTransform
Transforming vectordrawable-animated-1.1.0.aar (androidx.vectordrawable:vectordrawable-animated:1.1.0) with AarTransform
Transforming vectordrawable-1.1.0.aar (androidx.vectordrawable:vectordrawable:1.1.0) with JetifyTransform
Transforming vectordrawable-1.1.0.aar (androidx.vectordrawable:vectordrawable:1.1.0) with ExtractAarTransform
Transforming vectordrawable-1.1.0.aar (androidx.vectordrawable:vectordrawable:1.1.0) with AarTransform
Transforming vectordrawable-1.1.0.aar (androidx.vectordrawable:vectordrawable:1.1.0) with JetifyTransform
Transforming vectordrawable-1.1.0.aar (androidx.vectordrawable:vectordrawable:1.1.0) with ExtractAarTransform
Transforming vectordrawable-1.1.0.aar (androidx.vectordrawable:vectordrawable:1.1.0) with AarTransform
Transforming hilt-navigation-compose-1.1.0.aar (androidx.hilt:hilt-navigation-compose:1.1.0) with JetifyTransform
Transforming hilt-navigation-compose-1.1.0.aar (androidx.hilt:hilt-navigation-compose:1.1.0) with ExtractAarTransform
Transforming hilt-navigation-compose-1.1.0.aar (androidx.hilt:hilt-navigation-compose:1.1.0) with AarTransform
Transforming hilt-navigation-1.1.0.aar (androidx.hilt:hilt-navigation:1.1.0) with JetifyTransform
Transforming hilt-navigation-1.1.0.aar (androidx.hilt:hilt-navigation:1.1.0) with ExtractAarTransform
Transforming hilt-navigation-1.1.0.aar (androidx.hilt:hilt-navigation:1.1.0) with AarTransform
Caching disabled for AarTransform: C:\Users\user\.gradle\caches\transforms-3\7b64fcd84fbd59187c29faf12635bee6\transformed\jetified-lottie-compose-6.1.0 because:
  Build cache is disabled
Skipping AarTransform: C:\Users\user\.gradle\caches\transforms-3\7b64fcd84fbd59187c29faf12635bee6\transformed\jetified-lottie-compose-6.1.0 as it is up-to-date.
Caching disabled for AarTransform: C:\Users\user\.gradle\caches\transforms-3\f0c43f23ec6e516e0621ab61a039ef0c\transformed\jetified-lottie-6.1.0 because:
  Build cache is disabled
Skipping AarTransform: C:\Users\user\.gradle\caches\transforms-3\f0c43f23ec6e516e0621ab61a039ef0c\transformed\jetified-lottie-6.1.0 as it is up-to-date.
Transforming navigation-common-2.7.6.aar (androidx.navigation:navigation-common:2.7.6) with JetifyTransform
Transforming navigation-common-2.7.6.aar (androidx.navigation:navigation-common:2.7.6) with ExtractAarTransform
Transforming navigation-common-2.7.6.aar (androidx.navigation:navigation-common:2.7.6) with AarTransform
Transforming navigation-runtime-2.7.6.aar (androidx.navigation:navigation-runtime:2.7.6) with JetifyTransform
Transforming navigation-runtime-2.7.6.aar (androidx.navigation:navigation-runtime:2.7.6) with ExtractAarTransform
Transforming navigation-runtime-2.7.6.aar (androidx.navigation:navigation-runtime:2.7.6) with AarTransform
Transforming navigation-common-ktx-2.7.6.aar (androidx.navigation:navigation-common-ktx:2.7.6) with JetifyTransform
Transforming navigation-common-ktx-2.7.6.aar (androidx.navigation:navigation-common-ktx:2.7.6) with ExtractAarTransform
Transforming navigation-common-ktx-2.7.6.aar (androidx.navigation:navigation-common-ktx:2.7.6) with AarTransform
Caching disabled for AarTransform: C:\Users\user\.gradle\caches\transforms-3\125cb728ef3f46ce7225da4c49aa0884\transformed\jetified-coil-compose-base-2.5.0 because:
  Build cache is disabled
Transforming navigation-runtime-ktx-2.7.6.aar (androidx.navigation:navigation-runtime-ktx:2.7.6) with JetifyTransform
Skipping AarTransform: C:\Users\user\.gradle\caches\transforms-3\125cb728ef3f46ce7225da4c49aa0884\transformed\jetified-coil-compose-base-2.5.0 as it is up-to-date.
Caching disabled for AarTransform: C:\Users\user\.gradle\caches\transforms-3\6ed70369f3cbd7b6be9f1b6bf7536159\transformed\jetified-play-services-appset-16.0.1 because:
  Build cache is disabled
Skipping AarTransform: C:\Users\user\.gradle\caches\transforms-3\6ed70369f3cbd7b6be9f1b6bf7536159\transformed\jetified-play-services-appset-16.0.1 as it is up-to-date.
Caching disabled for AarTransform: C:\Users\user\.gradle\caches\transforms-3\cb4e1830d0316264aa08d7cecb5d49a4\transformed\jetified-play-services-ads-22.6.0 because:
  Build cache is disabled
Skipping AarTransform: C:\Users\user\.gradle\caches\transforms-3\cb4e1830d0316264aa08d7cecb5d49a4\transformed\jetified-play-services-ads-22.6.0 as it is up-to-date.
Transforming navigation-runtime-ktx-2.7.6.aar (androidx.navigation:navigation-runtime-ktx:2.7.6) with ExtractAarTransform
Transforming navigation-runtime-ktx-2.7.6.aar (androidx.navigation:navigation-runtime-ktx:2.7.6) with AarTransform
Transforming navigation-compose-2.7.6.aar (androidx.navigation:navigation-compose:2.7.6) with JetifyTransform
Transforming navigation-compose-2.7.6.aar (androidx.navigation:navigation-compose:2.7.6) with ExtractAarTransform
Transforming navigation-compose-2.7.6.aar (androidx.navigation:navigation-compose:2.7.6) with AarTransform
Transforming accompanist-permissions-0.32.0.aar (com.google.accompanist:accompanist-permissions:0.32.0) with JetifyTransform
Transforming accompanist-permissions-0.32.0.aar (com.google.accompanist:accompanist-permissions:0.32.0) with ExtractAarTransform
Transforming accompanist-permissions-0.32.0.aar (com.google.accompanist:accompanist-permissions:0.32.0) with AarTransform
Transforming room-common-2.6.1.jar (androidx.room:room-common:2.6.1) with JetifyTransform
Transforming room-ktx-2.6.1.aar (androidx.room:room-ktx:2.6.1) with JetifyTransform
Transforming room-ktx-2.6.1.aar (androidx.room:room-ktx:2.6.1) with ExtractAarTransform
Transforming room-ktx-2.6.1.aar (androidx.room:room-ktx:2.6.1) with AarTransform
Transforming play-services-ads-lite-22.6.0.aar (com.google.android.gms:play-services-ads-lite:22.6.0) with JetifyTransform
Transforming play-services-ads-lite-22.6.0.aar (com.google.android.gms:play-services-ads-lite:22.6.0) with ExtractAarTransform
Transforming play-services-ads-lite-22.6.0.aar (com.google.android.gms:play-services-ads-lite:22.6.0) with AarTransform
Transforming work-runtime-2.7.0.aar (androidx.work:work-runtime:2.7.0) with JetifyTransform
Transforming work-runtime-2.7.0.aar (androidx.work:work-runtime:2.7.0) with ExtractAarTransform
Transforming work-runtime-2.7.0.aar (androidx.work:work-runtime:2.7.0) with AarTransform
Transforming room-runtime-2.6.1.aar (androidx.room:room-runtime:2.6.1) with JetifyTransform
Transforming room-runtime-2.6.1.aar (androidx.room:room-runtime:2.6.1) with ExtractAarTransform
Transforming room-runtime-2.6.1.aar (androidx.room:room-runtime:2.6.1) with AarTransform
Transforming room-paging-2.6.1.aar (androidx.room:room-paging:2.6.1) with JetifyTransform
Transforming room-paging-2.6.1.aar (androidx.room:room-paging:2.6.1) with ExtractAarTransform
Transforming room-paging-2.6.1.aar (androidx.room:room-paging:2.6.1) with AarTransform
Transforming paging-runtime-3.2.1.aar (androidx.paging:paging-runtime:3.2.1) with JetifyTransform
Transforming paging-runtime-3.2.1.aar (androidx.paging:paging-runtime:3.2.1) with ExtractAarTransform
Transforming paging-runtime-3.2.1.aar (androidx.paging:paging-runtime:3.2.1) with AarTransform
Transforming paging-runtime-ktx-3.2.1.aar (androidx.paging:paging-runtime-ktx:3.2.1) with JetifyTransform
Transforming paging-runtime-ktx-3.2.1.aar (androidx.paging:paging-runtime-ktx:3.2.1) with ExtractAarTransform
Transforming paging-runtime-ktx-3.2.1.aar (androidx.paging:paging-runtime-ktx:3.2.1) with AarTransform
Transforming paging-compose-3.2.1.aar (androidx.paging:paging-compose:3.2.1) with JetifyTransform
Transforming paging-compose-3.2.1.aar (androidx.paging:paging-compose:3.2.1) with ExtractAarTransform
Transforming paging-compose-3.2.1.aar (androidx.paging:paging-compose:3.2.1) with AarTransform
Transforming material3-release.aar (androidx.compose.material3:material3-android:1.2.0) with JetifyTransform
Transforming material3-release.aar (androidx.compose.material3:material3-android:1.2.0) with ExtractAarTransform
Transforming material3-release.aar (androidx.compose.material3:material3-android:1.2.0) with AarTransform
Transforming material-ripple-release.aar (androidx.compose.material:material-ripple-android:1.6.1) with JetifyTransform
Transforming material-ripple-release.aar (androidx.compose.material:material-ripple-android:1.6.1) with ExtractAarTransform
Transforming material-ripple-release.aar (androidx.compose.material:material-ripple-android:1.6.1) with AarTransform
Transforming material-icons-core-release.aar (androidx.compose.material:material-icons-core-android:1.6.1) with JetifyTransform
Transforming material-icons-core-release.aar (androidx.compose.material:material-icons-core-android:1.6.1) with ExtractAarTransform
Transforming material-icons-core-release.aar (androidx.compose.material:material-icons-core-android:1.6.1) with AarTransform
Transforming material-release.aar (androidx.compose.material:material-android:1.6.1) with JetifyTransform
Transforming material-release.aar (androidx.compose.material:material-android:1.6.1) with ExtractAarTransform
Transforming material-release.aar (androidx.compose.material:material-android:1.6.1) with AarTransform
Transforming animation-core-release.aar (androidx.compose.animation:animation-core-android:1.6.1) with JetifyTransform
Transforming animation-core-release.aar (androidx.compose.animation:animation-core-android:1.6.1) with ExtractAarTransform
Transforming animation-core-release.aar (androidx.compose.animation:animation-core-android:1.6.1) with AarTransform
Transforming animation-release.aar (androidx.compose.animation:animation-android:1.6.1) with JetifyTransform
Transforming animation-release.aar (androidx.compose.animation:animation-android:1.6.1) with ExtractAarTransform
Transforming animation-release.aar (androidx.compose.animation:animation-android:1.6.1) with AarTransform
Transforming foundation-layout-release.aar (androidx.compose.foundation:foundation-layout-android:1.6.1) with JetifyTransform
Transforming foundation-layout-release.aar (androidx.compose.foundation:foundation-layout-android:1.6.1) with ExtractAarTransform
Transforming foundation-layout-release.aar (androidx.compose.foundation:foundation-layout-android:1.6.1) with AarTransform
Transforming foundation-release.aar (androidx.compose.foundation:foundation-android:1.6.1) with JetifyTransform
Transforming foundation-release.aar (androidx.compose.foundation:foundation-android:1.6.1) with ExtractAarTransform
Transforming foundation-release.aar (androidx.compose.foundation:foundation-android:1.6.1) with AarTransform
Caching disabled for AarTransform: C:\Users\user\.gradle\caches\transforms-3\401ad4d70a412e15a764e8464bd867fe\transformed\jetified-play-services-base-18.2.0 because:
  Build cache is disabled
Caching disabled for AarTransform: C:\Users\user\.gradle\caches\transforms-3\778bb1a5d67e711cfa1d601e315d4ba6\transformed\drawerlayout-1.1.1 because:
  Build cache is disabled
Skipping AarTransform: C:\Users\user\.gradle\caches\transforms-3\778bb1a5d67e711cfa1d601e315d4ba6\transformed\drawerlayout-1.1.1 as it is up-to-date.
Caching disabled for AarTransform: C:\Users\user\.gradle\caches\transforms-3\9fd41aa9d8f4ce40527fd11c9e9d8547\transformed\coordinatorlayout-1.1.0 because:
  Build cache is disabled
Skipping AarTransform: C:\Users\user\.gradle\caches\transforms-3\9fd41aa9d8f4ce40527fd11c9e9d8547\transformed\coordinatorlayout-1.1.0 as it is up-to-date.
Transforming ui-unit-release.aar (androidx.compose.ui:ui-unit-android:1.6.1) with JetifyTransform
Transforming ui-unit-release.aar (androidx.compose.ui:ui-unit-android:1.6.1) with ExtractAarTransform
Transforming ui-unit-release.aar (androidx.compose.ui:ui-unit-android:1.6.1) with AarTransform
Transforming ui-geometry-release.aar (androidx.compose.ui:ui-geometry-android:1.6.1) with JetifyTransform
Transforming ui-geometry-release.aar (androidx.compose.ui:ui-geometry-android:1.6.1) with ExtractAarTransform
Transforming ui-geometry-release.aar (androidx.compose.ui:ui-geometry-android:1.6.1) with AarTransform
Transforming ui-util-release.aar (androidx.compose.ui:ui-util-android:1.6.1) with JetifyTransform
Transforming ui-util-release.aar (androidx.compose.ui:ui-util-android:1.6.1) with ExtractAarTransform
Transforming ui-util-release.aar (androidx.compose.ui:ui-util-android:1.6.1) with AarTransform
Transforming ui-text-release.aar (androidx.compose.ui:ui-text-android:1.6.1) with JetifyTransform
Caching disabled for AarTransform: C:\Users\user\.gradle\caches\transforms-3\4d4b3f0524238b36b1a0d4335e32a8e5\transformed\dynamicanimation-1.0.0 because:
  Build cache is disabled
Skipping AarTransform: C:\Users\user\.gradle\caches\transforms-3\4d4b3f0524238b36b1a0d4335e32a8e5\transformed\dynamicanimation-1.0.0 as it is up-to-date.
Transforming ui-text-release.aar (androidx.compose.ui:ui-text-android:1.6.1) with ExtractAarTransform
Skipping AarTransform: C:\Users\user\.gradle\caches\transforms-3\401ad4d70a412e15a764e8464bd867fe\transformed\jetified-play-services-base-18.2.0 as it is up-to-date.
Transforming ui-text-release.aar (androidx.compose.ui:ui-text-android:1.6.1) with AarTransform
Transforming ui-tooling-preview-release.aar (androidx.compose.ui:ui-tooling-preview-android:1.6.1) with JetifyTransform
Transforming ui-tooling-preview-release.aar (androidx.compose.ui:ui-tooling-preview-android:1.6.1) with ExtractAarTransform
Transforming ui-tooling-preview-release.aar (androidx.compose.ui:ui-tooling-preview-android:1.6.1) with AarTransform
Transforming ui-graphics-release.aar (androidx.compose.ui:ui-graphics-android:1.6.1) with JetifyTransform
Transforming ui-graphics-release.aar (androidx.compose.ui:ui-graphics-android:1.6.1) with ExtractAarTransform
Transforming ui-graphics-release.aar (androidx.compose.ui:ui-graphics-android:1.6.1) with AarTransform
Transforming runtime-saveable-release.aar (androidx.compose.runtime:runtime-saveable-android:1.6.1) with JetifyTransform
Transforming runtime-saveable-release.aar (androidx.compose.runtime:runtime-saveable-android:1.6.1) with ExtractAarTransform
Transforming runtime-saveable-release.aar (androidx.compose.runtime:runtime-saveable-android:1.6.1) with AarTransform
Transforming runtime-release.aar (androidx.compose.runtime:runtime-android:1.6.1) with JetifyTransform
Transforming runtime-release.aar (androidx.compose.runtime:runtime-android:1.6.1) with ExtractAarTransform
Transforming runtime-release.aar (androidx.compose.runtime:runtime-android:1.6.1) with AarTransform
Transforming runtime-livedata-1.6.1.aar (androidx.compose.runtime:runtime-livedata:1.6.1) with JetifyTransform
Transforming runtime-livedata-1.6.1.aar (androidx.compose.runtime:runtime-livedata:1.6.1) with ExtractAarTransform
Transforming runtime-livedata-1.6.1.aar (androidx.compose.runtime:runtime-livedata:1.6.1) with AarTransform
Transforming hilt-android-2.49.aar (com.google.dagger:hilt-android:2.49) with JetifyTransform
Transforming hilt-android-2.49.aar (com.google.dagger:hilt-android:2.49) with ExtractAarTransform
Transforming hilt-android-2.49.aar (com.google.dagger:hilt-android:2.49) with AarTransform
Transforming play-services-tasks-18.0.2.aar (com.google.android.gms:play-services-tasks:18.0.2) with JetifyTransform
Transforming play-services-tasks-18.0.2.aar (com.google.android.gms:play-services-tasks:18.0.2) with ExtractAarTransform
Transforming play-services-tasks-18.0.2.aar (com.google.android.gms:play-services-tasks:18.0.2) with AarTransform
Transforming play-services-tasks-18.0.2.aar (com.google.android.gms:play-services-tasks:18.0.2) with JetifyTransform
Transforming play-services-tasks-18.0.2.aar (com.google.android.gms:play-services-tasks:18.0.2) with ExtractAarTransform
Transforming play-services-tasks-18.0.2.aar (com.google.android.gms:play-services-tasks:18.0.2) with AarTransform
Transforming play-services-tasks-18.0.2.aar (com.google.android.gms:play-services-tasks:18.0.2) with JetifyTransform
Transforming play-services-tasks-18.0.2.aar (com.google.android.gms:play-services-tasks:18.0.2) with ExtractAarTransform
Transforming play-services-tasks-18.0.2.aar (com.google.android.gms:play-services-tasks:18.0.2) with AarTransform
Transforming play-services-ads-base-22.6.0.aar (com.google.android.gms:play-services-ads-base:22.6.0) with JetifyTransform
Transforming play-services-ads-base-22.6.0.aar (com.google.android.gms:play-services-ads-base:22.6.0) with ExtractAarTransform
Transforming play-services-ads-base-22.6.0.aar (com.google.android.gms:play-services-ads-base:22.6.0) with AarTransform
Transforming play-services-ads-base-22.6.0.aar (com.google.android.gms:play-services-ads-base:22.6.0) with JetifyTransform
Transforming play-services-ads-base-22.6.0.aar (com.google.android.gms:play-services-ads-base:22.6.0) with ExtractAarTransform
Transforming play-services-ads-base-22.6.0.aar (com.google.android.gms:play-services-ads-base:22.6.0) with AarTransform
Transforming user-messaging-platform-2.1.0.aar (com.google.android.ump:user-messaging-platform:2.1.0) with JetifyTransform
Transforming user-messaging-platform-2.1.0.aar (com.google.android.ump:user-messaging-platform:2.1.0) with ExtractAarTransform
Transforming user-messaging-platform-2.1.0.aar (com.google.android.ump:user-messaging-platform:2.1.0) with AarTransform
Transforming play-services-ads-identifier-18.0.0.aar (com.google.android.gms:play-services-ads-identifier:18.0.0) with JetifyTransform
Transforming play-services-ads-identifier-18.0.0.aar (com.google.android.gms:play-services-ads-identifier:18.0.0) with ExtractAarTransform
Transforming play-services-ads-identifier-18.0.0.aar (com.google.android.gms:play-services-ads-identifier:18.0.0) with AarTransform
Transforming play-services-ads-identifier-18.0.0.aar (com.google.android.gms:play-services-ads-identifier:18.0.0) with JetifyTransform
Transforming play-services-ads-identifier-18.0.0.aar (com.google.android.gms:play-services-ads-identifier:18.0.0) with ExtractAarTransform
Transforming play-services-ads-identifier-18.0.0.aar (com.google.android.gms:play-services-ads-identifier:18.0.0) with AarTransform
Transforming play-services-measurement-sdk-api-20.1.2.aar (com.google.android.gms:play-services-measurement-sdk-api:20.1.2) with JetifyTransform
Caching disabled for AarTransform: C:\Users\user\.gradle\caches\transforms-3\7c1ae54e643c59b38470a4f4e87f36e0\transformed\jetified-viewpager2-1.0.0 because:
  Build cache is disabled
Skipping AarTransform: C:\Users\user\.gradle\caches\transforms-3\7c1ae54e643c59b38470a4f4e87f36e0\transformed\jetified-viewpager2-1.0.0 as it is up-to-date.
Transforming play-services-measurement-sdk-api-20.1.2.aar (com.google.android.gms:play-services-measurement-sdk-api:20.1.2) with ExtractAarTransform
Transforming play-services-measurement-sdk-api-20.1.2.aar (com.google.android.gms:play-services-measurement-sdk-api:20.1.2) with AarTransform
Transforming play-services-measurement-base-20.1.2.aar (com.google.android.gms:play-services-measurement-base:20.1.2) with JetifyTransform
Transforming play-services-measurement-base-20.1.2.aar (com.google.android.gms:play-services-measurement-base:20.1.2) with ExtractAarTransform
Transforming play-services-measurement-base-20.1.2.aar (com.google.android.gms:play-services-measurement-base:20.1.2) with AarTransform
Transforming play-services-basement-18.2.0.aar (com.google.android.gms:play-services-basement:18.2.0) with JetifyTransform
Transforming play-services-basement-18.2.0.aar (com.google.android.gms:play-services-basement:18.2.0) with ExtractAarTransform
Transforming play-services-basement-18.2.0.aar (com.google.android.gms:play-services-basement:18.2.0) with AarTransform
Transforming play-services-basement-18.2.0.aar (com.google.android.gms:play-services-basement:18.2.0) with JetifyTransform
Transforming play-services-basement-18.2.0.aar (com.google.android.gms:play-services-basement:18.2.0) with ExtractAarTransform
Transforming play-services-basement-18.2.0.aar (com.google.android.gms:play-services-basement:18.2.0) with AarTransform
Transforming play-services-basement-18.2.0.aar (com.google.android.gms:play-services-basement:18.2.0) with JetifyTransform
Caching disabled for AarTransform: C:\Users\user\.gradle\caches\transforms-3\c589b80479df8889d96e60fd7d9c5d2b\transformed\transition-1.2.0 because:
  Build cache is disabled
Skipping AarTransform: C:\Users\user\.gradle\caches\transforms-3\c589b80479df8889d96e60fd7d9c5d2b\transformed\transition-1.2.0 as it is up-to-date.
Transforming play-services-basement-18.2.0.aar (com.google.android.gms:play-services-basement:18.2.0) with ExtractAarTransform
Transforming play-services-basement-18.2.0.aar (com.google.android.gms:play-services-basement:18.2.0) with AarTransform
Transforming play-services-basement-18.2.0.aar (com.google.android.gms:play-services-basement:18.2.0) with JetifyTransform
Transforming play-services-basement-18.2.0.aar (com.google.android.gms:play-services-basement:18.2.0) with ExtractAarTransform
Transforming play-services-basement-18.2.0.aar (com.google.android.gms:play-services-basement:18.2.0) with AarTransform
Transforming play-services-basement-18.2.0.aar (com.google.android.gms:play-services-basement:18.2.0) with JetifyTransform
Transforming play-services-basement-18.2.0.aar (com.google.android.gms:play-services-basement:18.2.0) with ExtractAarTransform
Transforming play-services-basement-18.2.0.aar (com.google.android.gms:play-services-basement:18.2.0) with AarTransform
Transforming play-services-basement-18.2.0.aar (com.google.android.gms:play-services-basement:18.2.0) with JetifyTransform
Transforming play-services-basement-18.2.0.aar (com.google.android.gms:play-services-basement:18.2.0) with ExtractAarTransform
Transforming play-services-basement-18.2.0.aar (com.google.android.gms:play-services-basement:18.2.0) with AarTransform
Transforming play-services-basement-18.2.0.aar (com.google.android.gms:play-services-basement:18.2.0) with JetifyTransform
Transforming play-services-basement-18.2.0.aar (com.google.android.gms:play-services-basement:18.2.0) with ExtractAarTransform
Transforming play-services-basement-18.2.0.aar (com.google.android.gms:play-services-basement:18.2.0) with AarTransform
Transforming play-services-basement-18.2.0.aar (com.google.android.gms:play-services-basement:18.2.0) with JetifyTransform
Transforming play-services-basement-18.2.0.aar (com.google.android.gms:play-services-basement:18.2.0) with ExtractAarTransform
Caching disabled for AarTransform: C:\Users\user\.gradle\caches\transforms-3\c91da17cc1cab4ba2d28b8a00826b7a4\transformed\vectordrawable-animated-1.1.0 because:
  Build cache is disabled
Caching disabled for AarTransform: C:\Users\user\.gradle\caches\transforms-3\529160eccf25a2390ccb8db066af0ebf\transformed\jetified-hilt-navigation-compose-1.1.0 because:
  Build cache is disabled
Skipping AarTransform: C:\Users\user\.gradle\caches\transforms-3\c91da17cc1cab4ba2d28b8a00826b7a4\transformed\vectordrawable-animated-1.1.0 as it is up-to-date.
Skipping AarTransform: C:\Users\user\.gradle\caches\transforms-3\529160eccf25a2390ccb8db066af0ebf\transformed\jetified-hilt-navigation-compose-1.1.0 as it is up-to-date.
Caching disabled for AarTransform: C:\Users\user\.gradle\caches\transforms-3\5c3aa40a2b81e8d14341f580c5067842\transformed\jetified-hilt-navigation-1.1.0 because:
  Build cache is disabled
Skipping AarTransform: C:\Users\user\.gradle\caches\transforms-3\5c3aa40a2b81e8d14341f580c5067842\transformed\jetified-hilt-navigation-1.1.0 as it is up-to-date.
Transforming play-services-basement-18.2.0.aar (com.google.android.gms:play-services-basement:18.2.0) with AarTransform
Caching disabled for AarTransform: C:\Users\user\.gradle\caches\transforms-3\2619ed40ef3fa7bd0956e04ee7e7a9f1\transformed\vectordrawable-1.1.0 because:
  Build cache is disabled
Caching disabled for AarTransform: C:\Users\user\.gradle\caches\transforms-3\0f46e4ccc0eeb6bdb32e10768693dbb1\transformed\navigation-common-2.7.6 because:
  Build cache is disabled
Skipping AarTransform: C:\Users\user\.gradle\caches\transforms-3\0f46e4ccc0eeb6bdb32e10768693dbb1\transformed\navigation-common-2.7.6 as it is up-to-date.
Skipping AarTransform: C:\Users\user\.gradle\caches\transforms-3\2619ed40ef3fa7bd0956e04ee7e7a9f1\transformed\vectordrawable-1.1.0 as it is up-to-date.
Transforming play-services-basement-18.2.0.aar (com.google.android.gms:play-services-basement:18.2.0) with JetifyTransform
Transforming play-services-basement-18.2.0.aar (com.google.android.gms:play-services-basement:18.2.0) with ExtractAarTransform
Transforming play-services-basement-18.2.0.aar (com.google.android.gms:play-services-basement:18.2.0) with AarTransform
Transforming play-services-basement-18.2.0.aar (com.google.android.gms:play-services-basement:18.2.0) with JetifyTransform
Transforming play-services-basement-18.2.0.aar (com.google.android.gms:play-services-basement:18.2.0) with ExtractAarTransform
Transforming play-services-basement-18.2.0.aar (com.google.android.gms:play-services-basement:18.2.0) with AarTransform
Transforming fragment-1.5.1.aar (androidx.fragment:fragment:1.5.1) with JetifyTransform
Transforming fragment-1.5.1.aar (androidx.fragment:fragment:1.5.1) with ExtractAarTransform
Transforming fragment-1.5.1.aar (androidx.fragment:fragment:1.5.1) with AarTransform
Transforming fragment-1.5.1.aar (androidx.fragment:fragment:1.5.1) with JetifyTransform
Transforming fragment-1.5.1.aar (androidx.fragment:fragment:1.5.1) with ExtractAarTransform
Transforming fragment-1.5.1.aar (androidx.fragment:fragment:1.5.1) with AarTransform
Transforming fragment-1.5.1.aar (androidx.fragment:fragment:1.5.1) with JetifyTransform
Transforming fragment-1.5.1.aar (androidx.fragment:fragment:1.5.1) with ExtractAarTransform
Transforming fragment-1.5.1.aar (androidx.fragment:fragment:1.5.1) with AarTransform
Transforming fragment-1.5.1.aar (androidx.fragment:fragment:1.5.1) with JetifyTransform
Transforming fragment-1.5.1.aar (androidx.fragment:fragment:1.5.1) with ExtractAarTransform
Caching disabled for AarTransform: C:\Users\user\.gradle\caches\transforms-3\3ce319f41dad2e0f26341deb50e79fea\transformed\navigation-runtime-2.7.6 because:
  Build cache is disabled
Transforming fragment-1.5.1.aar (androidx.fragment:fragment:1.5.1) with AarTransform
Skipping AarTransform: C:\Users\user\.gradle\caches\transforms-3\3ce319f41dad2e0f26341deb50e79fea\transformed\navigation-runtime-2.7.6 as it is up-to-date.
Transforming emoji2-views-helper-1.3.0.aar (androidx.emoji2:emoji2-views-helper:1.3.0) with JetifyTransform
Transforming emoji2-views-helper-1.3.0.aar (androidx.emoji2:emoji2-views-helper:1.3.0) with ExtractAarTransform
Transforming emoji2-views-helper-1.3.0.aar (androidx.emoji2:emoji2-views-helper:1.3.0) with AarTransform
Transforming emoji2-1.3.0.aar (androidx.emoji2:emoji2:1.3.0) with JetifyTransform
Caching disabled for AarTransform: C:\Users\user\.gradle\caches\transforms-3\72921219f6734e39e36ce1ab1aad6d03\transformed\navigation-common-ktx-2.7.6 because:
  Build cache is disabled
Skipping AarTransform: C:\Users\user\.gradle\caches\transforms-3\72921219f6734e39e36ce1ab1aad6d03\transformed\navigation-common-ktx-2.7.6 as it is up-to-date.
Caching disabled for AarTransform: C:\Users\user\.gradle\caches\transforms-3\ae35f69c27c9ae25ab61f505d1c73246\transformed\jetified-navigation-compose-2.7.6 because:
  Build cache is disabled
Skipping AarTransform: C:\Users\user\.gradle\caches\transforms-3\ae35f69c27c9ae25ab61f505d1c73246\transformed\jetified-navigation-compose-2.7.6 as it is up-to-date.
Caching disabled for AarTransform: C:\Users\user\.gradle\caches\transforms-3\e867abbcf77ff1131be5b6df08de5eee\transformed\navigation-runtime-ktx-2.7.6 because:
  Build cache is disabled
Skipping AarTransform: C:\Users\user\.gradle\caches\transforms-3\e867abbcf77ff1131be5b6df08de5eee\transformed\navigation-runtime-ktx-2.7.6 as it is up-to-date.
Caching disabled for JetifyTransform: C:\Users\user\.gradle\caches\modules-2\files-2.1\androidx.room\room-common\2.6.1\ff1b9580850a9b7eef56554e356628d225785265\room-common-2.6.1.jar because:
  Build cache is disabled
Skipping JetifyTransform: C:\Users\user\.gradle\caches\modules-2\files-2.1\androidx.room\room-common\2.6.1\ff1b9580850a9b7eef56554e356628d225785265\room-common-2.6.1.jar as it is up-to-date.
Caching disabled for AarTransform: C:\Users\user\.gradle\caches\transforms-3\f60bd6a2f18e5772f3e63663a99cb4e1\transformed\jetified-accompanist-permissions-0.32.0 because:
  Build cache is disabled
Skipping AarTransform: C:\Users\user\.gradle\caches\transforms-3\f60bd6a2f18e5772f3e63663a99cb4e1\transformed\jetified-accompanist-permissions-0.32.0 as it is up-to-date.
Transforming emoji2-1.3.0.aar (androidx.emoji2:emoji2:1.3.0) with ExtractAarTransform
Transforming emoji2-1.3.0.aar (androidx.emoji2:emoji2:1.3.0) with AarTransform
Transforming lifecycle-process-2.7.0.aar (androidx.lifecycle:lifecycle-process:2.7.0) with JetifyTransform
Transforming lifecycle-process-2.7.0.aar (androidx.lifecycle:lifecycle-process:2.7.0) with ExtractAarTransform
Transforming lifecycle-process-2.7.0.aar (androidx.lifecycle:lifecycle-process:2.7.0) with AarTransform
Transforming lifecycle-service-2.7.0.aar (androidx.lifecycle:lifecycle-service:2.7.0) with JetifyTransform
Transforming lifecycle-service-2.7.0.aar (androidx.lifecycle:lifecycle-service:2.7.0) with ExtractAarTransform
Transforming lifecycle-service-2.7.0.aar (androidx.lifecycle:lifecycle-service:2.7.0) with AarTransform
Transforming lifecycle-livedata-core-ktx-2.7.0.aar (androidx.lifecycle:lifecycle-livedata-core-ktx:2.7.0) with JetifyTransform
Transforming lifecycle-livedata-core-ktx-2.7.0.aar (androidx.lifecycle:lifecycle-livedata-core-ktx:2.7.0) with ExtractAarTransform
Transforming lifecycle-livedata-core-ktx-2.7.0.aar (androidx.lifecycle:lifecycle-livedata-core-ktx:2.7.0) with AarTransform
Transforming lifecycle-livedata-ktx-2.7.0.aar (androidx.lifecycle:lifecycle-livedata-ktx:2.7.0) with JetifyTransform
Transforming lifecycle-livedata-ktx-2.7.0.aar (androidx.lifecycle:lifecycle-livedata-ktx:2.7.0) with ExtractAarTransform
Transforming room-common-2.6.1.jar (androidx.room:room-common:2.6.1) with ExtractJniTransform
Caching disabled for AarTransform: C:\Users\user\.gradle\caches\transforms-3\d13efe73e15feb692f299aca534190ce\transformed\work-runtime-2.7.0 because:
  Build cache is disabled
Skipping AarTransform: C:\Users\user\.gradle\caches\transforms-3\d13efe73e15feb692f299aca534190ce\transformed\work-runtime-2.7.0 as it is up-to-date.
Caching disabled for ExtractJniTransform: C:\Users\user\.gradle\caches\modules-2\files-2.1\androidx.room\room-common\2.6.1\ff1b9580850a9b7eef56554e356628d225785265\room-common-2.6.1.jar because:
  Build cache is disabled
Skipping ExtractJniTransform: C:\Users\user\.gradle\caches\modules-2\files-2.1\androidx.room\room-common\2.6.1\ff1b9580850a9b7eef56554e356628d225785265\room-common-2.6.1.jar as it is up-to-date.
Caching disabled for AarTransform: C:\Users\user\.gradle\caches\transforms-3\deeed389b8629d1b86b0d43d85b80f15\transformed\jetified-room-ktx-2.6.1 because:
  Build cache is disabled
Transforming lifecycle-livedata-ktx-2.7.0.aar (androidx.lifecycle:lifecycle-livedata-ktx:2.7.0) with AarTransform
Caching disabled for AarTransform: C:\Users\user\.gradle\caches\transforms-3\a0851db4a7ec9890e76aff435b580121\transformed\room-runtime-2.6.1 because:
  Build cache is disabled
Transforming lifecycle-livedata-core-2.7.0.aar (androidx.lifecycle:lifecycle-livedata-core:2.7.0) with JetifyTransform
Skipping AarTransform: C:\Users\user\.gradle\caches\transforms-3\deeed389b8629d1b86b0d43d85b80f15\transformed\jetified-room-ktx-2.6.1 as it is up-to-date.
Transforming lifecycle-livedata-core-2.7.0.aar (androidx.lifecycle:lifecycle-livedata-core:2.7.0) with ExtractAarTransform
Transforming lifecycle-livedata-core-2.7.0.aar (androidx.lifecycle:lifecycle-livedata-core:2.7.0) with AarTransform
Transforming legacy-support-core-utils-1.0.0.aar (androidx.legacy:legacy-support-core-utils:1.0.0) with JetifyTransform
Transforming paging-common-ktx-3.2.1.jar (androidx.paging:paging-common-ktx:3.2.1) with JetifyTransform
Transforming paging-common-3.2.1.jar (androidx.paging:paging-common:3.2.1) with JetifyTransform
Skipping AarTransform: C:\Users\user\.gradle\caches\transforms-3\a0851db4a7ec9890e76aff435b580121\transformed\room-runtime-2.6.1 as it is up-to-date.
Transforming legacy-support-core-utils-1.0.0.aar (androidx.legacy:legacy-support-core-utils:1.0.0) with ExtractAarTransform
Transforming legacy-support-core-utils-1.0.0.aar (androidx.legacy:legacy-support-core-utils:1.0.0) with AarTransform
Transforming loader-1.0.0.aar (androidx.loader:loader:1.0.0) with JetifyTransform
Caching disabled for AarTransform: C:\Users\user\.gradle\caches\transforms-3\20b81b3594ace06c7a70dff3a2366e16\transformed\paging-runtime-3.2.1 because:
  Build cache is disabled
Caching disabled for AarTransform: C:\Users\user\.gradle\caches\transforms-3\c4b49199efd8b05d152a707fc92393f9\transformed\jetified-play-services-ads-lite-22.6.0 because:
  Build cache is disabled
Transforming loader-1.0.0.aar (androidx.loader:loader:1.0.0) with ExtractAarTransform
Skipping AarTransform: C:\Users\user\.gradle\caches\transforms-3\20b81b3594ace06c7a70dff3a2366e16\transformed\paging-runtime-3.2.1 as it is up-to-date.
Transforming loader-1.0.0.aar (androidx.loader:loader:1.0.0) with AarTransform
Skipping AarTransform: C:\Users\user\.gradle\caches\transforms-3\c4b49199efd8b05d152a707fc92393f9\transformed\jetified-play-services-ads-lite-22.6.0 as it is up-to-date.
Transforming loader-1.0.0.aar (androidx.loader:loader:1.0.0) with JetifyTransform
Transforming loader-1.0.0.aar (androidx.loader:loader:1.0.0) with ExtractAarTransform
Transforming loader-1.0.0.aar (androidx.loader:loader:1.0.0) with AarTransform
Transforming lifecycle-livedata-2.7.0.aar (androidx.lifecycle:lifecycle-livedata:2.7.0) with JetifyTransform
Transforming lifecycle-livedata-2.7.0.aar (androidx.lifecycle:lifecycle-livedata:2.7.0) with ExtractAarTransform
Transforming lifecycle-livedata-2.7.0.aar (androidx.lifecycle:lifecycle-livedata:2.7.0) with AarTransform
Caching disabled for AarTransform: C:\Users\user\.gradle\caches\transforms-3\48cbbb2a7e04ed4bd14f5ee9909e7333\transformed\jetified-room-paging-2.6.1 because:
  Build cache is disabled
Skipping AarTransform: C:\Users\user\.gradle\caches\transforms-3\48cbbb2a7e04ed4bd14f5ee9909e7333\transformed\jetified-room-paging-2.6.1 as it is up-to-date.
Caching disabled for AarTransform: C:\Users\user\.gradle\caches\transforms-3\88935f1d435615fcfcf4533f1e74a0c1\transformed\jetified-paging-runtime-ktx-3.2.1 because:
  Build cache is disabled
Skipping AarTransform: C:\Users\user\.gradle\caches\transforms-3\88935f1d435615fcfcf4533f1e74a0c1\transformed\jetified-paging-runtime-ktx-3.2.1 as it is up-to-date.
Caching disabled for JetifyTransform: C:\Users\user\.gradle\caches\modules-2\files-2.1\androidx.paging\paging-common\3.2.1\48d6af8b2cfb4da25557588b471557fa0751efbb\paging-common-3.2.1.jar because:
  Build cache is disabled
Skipping JetifyTransform: C:\Users\user\.gradle\caches\modules-2\files-2.1\androidx.paging\paging-common\3.2.1\48d6af8b2cfb4da25557588b471557fa0751efbb\paging-common-3.2.1.jar as it is up-to-date.
Caching disabled for JetifyTransform: C:\Users\user\.gradle\caches\modules-2\files-2.1\androidx.paging\paging-common-ktx\3.2.1\2ad14aed781c4a73ed4dbb421966d408a0a06686\paging-common-ktx-3.2.1.jar because:
  Build cache is disabled
Skipping JetifyTransform: C:\Users\user\.gradle\caches\modules-2\files-2.1\androidx.paging\paging-common-ktx\3.2.1\2ad14aed781c4a73ed4dbb421966d408a0a06686\paging-common-ktx-3.2.1.jar as it is up-to-date.
Caching disabled for AarTransform: C:\Users\user\.gradle\caches\transforms-3\8773d98ab94b13f9d6437ce7e24c811e\transformed\jetified-paging-compose-3.2.1 because:
  Build cache is disabled
Transforming paging-common-3.2.1.jar (androidx.paging:paging-common:3.2.1) with ExtractJniTransform
Transforming lifecycle-livedata-2.7.0.aar (androidx.lifecycle:lifecycle-livedata:2.7.0) with JetifyTransform
Skipping AarTransform: C:\Users\user\.gradle\caches\transforms-3\8773d98ab94b13f9d6437ce7e24c811e\transformed\jetified-paging-compose-3.2.1 as it is up-to-date.
Transforming lifecycle-livedata-2.7.0.aar (androidx.lifecycle:lifecycle-livedata:2.7.0) with ExtractAarTransform
Transforming lifecycle-livedata-2.7.0.aar (androidx.lifecycle:lifecycle-livedata:2.7.0) with AarTransform
Transforming savedstate-ktx-1.2.1.aar (androidx.savedstate:savedstate-ktx:1.2.1) with JetifyTransform
Caching disabled for AarTransform: C:\Users\user\.gradle\caches\transforms-3\9eb07947c41291dd8dfaea7376b52cb3\transformed\jetified-material3-release because:
  Build cache is disabled
Transforming savedstate-ktx-1.2.1.aar (androidx.savedstate:savedstate-ktx:1.2.1) with ExtractAarTransform
Skipping AarTransform: C:\Users\user\.gradle\caches\transforms-3\9eb07947c41291dd8dfaea7376b52cb3\transformed\jetified-material3-release as it is up-to-date.
Transforming savedstate-ktx-1.2.1.aar (androidx.savedstate:savedstate-ktx:1.2.1) with AarTransform
Transforming savedstate-1.2.1.aar (androidx.savedstate:savedstate:1.2.1) with JetifyTransform
Transforming savedstate-1.2.1.aar (androidx.savedstate:savedstate:1.2.1) with ExtractAarTransform
Transforming savedstate-1.2.1.aar (androidx.savedstate:savedstate:1.2.1) with AarTransform
Transforming paging-common-ktx-3.2.1.jar (androidx.paging:paging-common-ktx:3.2.1) with ExtractJniTransform
Transforming lifecycle-viewmodel-savedstate-2.7.0.aar (androidx.lifecycle:lifecycle-viewmodel-savedstate:2.7.0) with JetifyTransform
Transforming lifecycle-viewmodel-savedstate-2.7.0.aar (androidx.lifecycle:lifecycle-viewmodel-savedstate:2.7.0) with ExtractAarTransform
Transforming lifecycle-viewmodel-savedstate-2.7.0.aar (androidx.lifecycle:lifecycle-viewmodel-savedstate:2.7.0) with AarTransform
Transforming lifecycle-viewmodel-ktx-2.7.0.aar (androidx.lifecycle:lifecycle-viewmodel-ktx:2.7.0) with JetifyTransform
Transforming lifecycle-viewmodel-ktx-2.7.0.aar (androidx.lifecycle:lifecycle-viewmodel-ktx:2.7.0) with ExtractAarTransform
Transforming lifecycle-viewmodel-ktx-2.7.0.aar (androidx.lifecycle:lifecycle-viewmodel-ktx:2.7.0) with AarTransform
Transforming lifecycle-viewmodel-2.7.0.aar (androidx.lifecycle:lifecycle-viewmodel:2.7.0) with JetifyTransform
Transforming lifecycle-viewmodel-2.7.0.aar (androidx.lifecycle:lifecycle-viewmodel:2.7.0) with ExtractAarTransform
Transforming lifecycle-viewmodel-2.7.0.aar (androidx.lifecycle:lifecycle-viewmodel:2.7.0) with AarTransform
Transforming lifecycle-viewmodel-2.7.0.aar (androidx.lifecycle:lifecycle-viewmodel:2.7.0) with JetifyTransform
Transforming lifecycle-viewmodel-2.7.0.aar (androidx.lifecycle:lifecycle-viewmodel:2.7.0) with ExtractAarTransform
Caching disabled for AarTransform: C:\Users\user\.gradle\caches\transforms-3\be77d38c4543d58a04ecd2e2930e4907\transformed\jetified-material-icons-core-release because:
  Build cache is disabled
Caching disabled for AarTransform: C:\Users\user\.gradle\caches\transforms-3\b6b0faadec3c628e9c76a6db86636b8a\transformed\jetified-material-ripple-release because:
  Build cache is disabled
Skipping AarTransform: C:\Users\user\.gradle\caches\transforms-3\be77d38c4543d58a04ecd2e2930e4907\transformed\jetified-material-icons-core-release as it is up-to-date.
Skipping AarTransform: C:\Users\user\.gradle\caches\transforms-3\b6b0faadec3c628e9c76a6db86636b8a\transformed\jetified-material-ripple-release as it is up-to-date.
Transforming lifecycle-viewmodel-2.7.0.aar (androidx.lifecycle:lifecycle-viewmodel:2.7.0) with AarTransform
Transforming lifecycle-runtime-2.7.0.aar (androidx.lifecycle:lifecycle-runtime:2.7.0) with JetifyTransform
Transforming lifecycle-runtime-2.7.0.aar (androidx.lifecycle:lifecycle-runtime:2.7.0) with ExtractAarTransform
Transforming lifecycle-runtime-2.7.0.aar (androidx.lifecycle:lifecycle-runtime:2.7.0) with AarTransform
Transforming lifecycle-runtime-ktx-2.7.0.aar (androidx.lifecycle:lifecycle-runtime-ktx:2.7.0) with JetifyTransform
Transforming lifecycle-runtime-ktx-2.7.0.aar (androidx.lifecycle:lifecycle-runtime-ktx:2.7.0) with ExtractAarTransform
Transforming lifecycle-runtime-ktx-2.7.0.aar (androidx.lifecycle:lifecycle-runtime-ktx:2.7.0) with AarTransform
Transforming lifecycle-viewmodel-compose-2.7.0.aar (androidx.lifecycle:lifecycle-viewmodel-compose:2.7.0) with JetifyTransform
Transforming lifecycle-viewmodel-compose-2.7.0.aar (androidx.lifecycle:lifecycle-viewmodel-compose:2.7.0) with ExtractAarTransform
Caching disabled for AarTransform: C:\Users\user\.gradle\caches\transforms-3\cbc2465336ded970d23300a578f47882\transformed\jetified-material-release because:
  Build cache is disabled
Transforming lifecycle-viewmodel-compose-2.7.0.aar (androidx.lifecycle:lifecycle-viewmodel-compose:2.7.0) with AarTransform
Skipping AarTransform: C:\Users\user\.gradle\caches\transforms-3\cbc2465336ded970d23300a578f47882\transformed\jetified-material-release as it is up-to-date.
Transforming accompanist-drawablepainter-0.32.0.aar (com.google.accompanist:accompanist-drawablepainter:0.32.0) with JetifyTransform
Transforming accompanist-drawablepainter-0.32.0.aar (com.google.accompanist:accompanist-drawablepainter:0.32.0) with ExtractAarTransform
Transforming accompanist-drawablepainter-0.32.0.aar (com.google.accompanist:accompanist-drawablepainter:0.32.0) with AarTransform
Transforming ui-release.aar (androidx.compose.ui:ui-android:1.6.1) with JetifyTransform
Transforming ui-release.aar (androidx.compose.ui:ui-android:1.6.1) with ExtractAarTransform
Transforming ui-release.aar (androidx.compose.ui:ui-android:1.6.1) with AarTransform
Transforming activity-ktx-1.8.2.aar (androidx.activity:activity-ktx:1.8.2) with JetifyTransform
Transforming activity-ktx-1.8.2.aar (androidx.activity:activity-ktx:1.8.2) with ExtractAarTransform
Caching disabled for ExtractJniTransform: C:\Users\user\.gradle\caches\modules-2\files-2.1\androidx.paging\paging-common\3.2.1\48d6af8b2cfb4da25557588b471557fa0751efbb\paging-common-3.2.1.jar because:
  Build cache is disabled
Caching disabled for ExtractJniTransform: C:\Users\user\.gradle\caches\transforms-3\7308236ebe5bc620bd7fbb5deb7c61c6\transformed\jetified-paging-common-ktx-3.2.1.jar because:
  Build cache is disabled
Skipping ExtractJniTransform: C:\Users\user\.gradle\caches\modules-2\files-2.1\androidx.paging\paging-common\3.2.1\48d6af8b2cfb4da25557588b471557fa0751efbb\paging-common-3.2.1.jar as it is up-to-date.
Skipping ExtractJniTransform: C:\Users\user\.gradle\caches\transforms-3\7308236ebe5bc620bd7fbb5deb7c61c6\transformed\jetified-paging-common-ktx-3.2.1.jar as it is up-to-date.
Caching disabled for AarTransform: C:\Users\user\.gradle\caches\transforms-3\0a80b947bb60c2e5812c98a4cde80cb9\transformed\jetified-animation-release because:
  Build cache is disabled
Skipping AarTransform: C:\Users\user\.gradle\caches\transforms-3\0a80b947bb60c2e5812c98a4cde80cb9\transformed\jetified-animation-release as it is up-to-date.
Caching disabled for AarTransform: C:\Users\user\.gradle\caches\transforms-3\c0256db1311281ff7005418483771fda\transformed\jetified-foundation-layout-release because:
  Build cache is disabled
Transforming activity-ktx-1.8.2.aar (androidx.activity:activity-ktx:1.8.2) with AarTransform
Transforming activity-compose-1.8.2.aar (androidx.activity:activity-compose:1.8.2) with JetifyTransform
Transforming activity-compose-1.8.2.aar (androidx.activity:activity-compose:1.8.2) with ExtractAarTransform
Transforming activity-compose-1.8.2.aar (androidx.activity:activity-compose:1.8.2) with AarTransform
Transforming activity-1.8.2.aar (androidx.activity:activity:1.8.2) with JetifyTransform
Transforming activity-1.8.2.aar (androidx.activity:activity:1.8.2) with ExtractAarTransform
Transforming activity-1.8.2.aar (androidx.activity:activity:1.8.2) with AarTransform
Transforming exoplayer-2.19.1.aar (com.google.android.exoplayer:exoplayer:2.19.1) with JetifyTransform
Caching disabled for AarTransform: C:\Users\user\.gradle\caches\transforms-3\1371974239ba7d2e1f74577aa0076246\transformed\jetified-foundation-release because:
  Build cache is disabled
Skipping AarTransform: C:\Users\user\.gradle\caches\transforms-3\c0256db1311281ff7005418483771fda\transformed\jetified-foundation-layout-release as it is up-to-date.
Skipping AarTransform: C:\Users\user\.gradle\caches\transforms-3\1371974239ba7d2e1f74577aa0076246\transformed\jetified-foundation-release as it is up-to-date.
Caching disabled for AarTransform: C:\Users\user\.gradle\caches\transforms-3\a8d18580fb95d594af0e3ea2434d1f2a\transformed\jetified-animation-core-release because:
  Build cache is disabled
Transforming exoplayer-2.19.1.aar (com.google.android.exoplayer:exoplayer:2.19.1) with ExtractAarTransform
Caching disabled for AarTransform: C:\Users\user\.gradle\caches\transforms-3\a2969d7a46a5d26397bd0a40364b7789\transformed\jetified-ui-unit-release because:
  Build cache is disabled
Caching disabled for AarTransform: C:\Users\user\.gradle\caches\transforms-3\ca905dde751b020875aee835366c918b\transformed\jetified-ui-geometry-release because:
  Build cache is disabled
Skipping AarTransform: C:\Users\user\.gradle\caches\transforms-3\a8d18580fb95d594af0e3ea2434d1f2a\transformed\jetified-animation-core-release as it is up-to-date.
Transforming exoplayer-2.19.1.aar (com.google.android.exoplayer:exoplayer:2.19.1) with AarTransform
Transforming exoplayer-dash-2.19.1.aar (com.google.android.exoplayer:exoplayer-dash:2.19.1) with JetifyTransform
Transforming exoplayer-dash-2.19.1.aar (com.google.android.exoplayer:exoplayer-dash:2.19.1) with ExtractAarTransform
Transforming exoplayer-dash-2.19.1.aar (com.google.android.exoplayer:exoplayer-dash:2.19.1) with AarTransform
Transforming exoplayer-hls-2.19.1.aar (com.google.android.exoplayer:exoplayer-hls:2.19.1) with JetifyTransform
Transforming exoplayer-hls-2.19.1.aar (com.google.android.exoplayer:exoplayer-hls:2.19.1) with ExtractAarTransform
Transforming exoplayer-hls-2.19.1.aar (com.google.android.exoplayer:exoplayer-hls:2.19.1) with AarTransform
Transforming exoplayer-rtsp-2.19.1.aar (com.google.android.exoplayer:exoplayer-rtsp:2.19.1) with JetifyTransform
Transforming exoplayer-rtsp-2.19.1.aar (com.google.android.exoplayer:exoplayer-rtsp:2.19.1) with ExtractAarTransform
Skipping AarTransform: C:\Users\user\.gradle\caches\transforms-3\a2969d7a46a5d26397bd0a40364b7789\transformed\jetified-ui-unit-release as it is up-to-date.
Caching disabled for AarTransform: C:\Users\user\.gradle\caches\transforms-3\153cbe083d7bbbca75db78a9ed87c037\transformed\jetified-ui-text-release because:
  Build cache is disabled
Caching disabled for AarTransform: C:\Users\user\.gradle\caches\transforms-3\8d3e065e204b9a972c9d9d381b9eab8e\transformed\jetified-ui-tooling-preview-release because:
  Build cache is disabled
Skipping AarTransform: C:\Users\user\.gradle\caches\transforms-3\153cbe083d7bbbca75db78a9ed87c037\transformed\jetified-ui-text-release as it is up-to-date.
Skipping AarTransform: C:\Users\user\.gradle\caches\transforms-3\8d3e065e204b9a972c9d9d381b9eab8e\transformed\jetified-ui-tooling-preview-release as it is up-to-date.
Caching disabled for AarTransform: C:\Users\user\.gradle\caches\transforms-3\40952bfae19697ea740a0392ac032553\transformed\jetified-runtime-release because:
  Build cache is disabled
Caching disabled for AarTransform: C:\Users\user\.gradle\caches\transforms-3\d0defa3efce5913b5e3d5a8aac5cb6a4\transformed\jetified-ui-graphics-release because:
  Build cache is disabled
Skipping AarTransform: C:\Users\user\.gradle\caches\transforms-3\d0defa3efce5913b5e3d5a8aac5cb6a4\transformed\jetified-ui-graphics-release as it is up-to-date.
Caching disabled for AarTransform: C:\Users\user\.gradle\caches\transforms-3\a24bbb3d7412e2af4b948b956c9db569\transformed\jetified-ui-util-release because:
  Build cache is disabled
Skipping AarTransform: C:\Users\user\.gradle\caches\transforms-3\a24bbb3d7412e2af4b948b956c9db569\transformed\jetified-ui-util-release as it is up-to-date.
Skipping AarTransform: C:\Users\user\.gradle\caches\transforms-3\ca905dde751b020875aee835366c918b\transformed\jetified-ui-geometry-release as it is up-to-date.
Skipping AarTransform: C:\Users\user\.gradle\caches\transforms-3\40952bfae19697ea740a0392ac032553\transformed\jetified-runtime-release as it is up-to-date.
Transforming exoplayer-rtsp-2.19.1.aar (com.google.android.exoplayer:exoplayer-rtsp:2.19.1) with AarTransform
Caching disabled for AarTransform: C:\Users\user\.gradle\caches\transforms-3\a12ebe0bcfa38772b01b24696e6db1a0\transformed\jetified-runtime-saveable-release because:
  Build cache is disabled
Skipping AarTransform: C:\Users\user\.gradle\caches\transforms-3\a12ebe0bcfa38772b01b24696e6db1a0\transformed\jetified-runtime-saveable-release as it is up-to-date.
Transforming exoplayer-smoothstreaming-2.19.1.aar (com.google.android.exoplayer:exoplayer-smoothstreaming:2.19.1) with JetifyTransform
Transforming exoplayer-smoothstreaming-2.19.1.aar (com.google.android.exoplayer:exoplayer-smoothstreaming:2.19.1) with ExtractAarTransform
Transforming exoplayer-smoothstreaming-2.19.1.aar (com.google.android.exoplayer:exoplayer-smoothstreaming:2.19.1) with AarTransform
Transforming exoplayer-core-2.19.1.aar (com.google.android.exoplayer:exoplayer-core:2.19.1) with JetifyTransform
Transforming exoplayer-core-2.19.1.aar (com.google.android.exoplayer:exoplayer-core:2.19.1) with ExtractAarTransform
Transforming exoplayer-core-2.19.1.aar (com.google.android.exoplayer:exoplayer-core:2.19.1) with AarTransform
Transforming exoplayer-ui-2.19.1.aar (com.google.android.exoplayer:exoplayer-ui:2.19.1) with JetifyTransform
Transforming exoplayer-ui-2.19.1.aar (com.google.android.exoplayer:exoplayer-ui:2.19.1) with ExtractAarTransform
Transforming exoplayer-ui-2.19.1.aar (com.google.android.exoplayer:exoplayer-ui:2.19.1) with AarTransform
Transforming recyclerview-1.3.0.aar (androidx.recyclerview:recyclerview:1.3.0) with JetifyTransform
Transforming recyclerview-1.3.0.aar (androidx.recyclerview:recyclerview:1.3.0) with ExtractAarTransform
Caching disabled for AarTransform: C:\Users\user\.gradle\caches\transforms-3\86393e3996726b41f76008ce236fad9e\transformed\jetified-runtime-livedata-1.6.1 because:
  Build cache is disabled
Transforming recyclerview-1.3.0.aar (androidx.recyclerview:recyclerview:1.3.0) with AarTransform
Skipping AarTransform: C:\Users\user\.gradle\caches\transforms-3\86393e3996726b41f76008ce236fad9e\transformed\jetified-runtime-livedata-1.6.1 as it is up-to-date.
Transforming recyclerview-1.3.0.aar (androidx.recyclerview:recyclerview:1.3.0) with JetifyTransform
Transforming recyclerview-1.3.0.aar (androidx.recyclerview:recyclerview:1.3.0) with ExtractAarTransform
Transforming recyclerview-1.3.0.aar (androidx.recyclerview:recyclerview:1.3.0) with AarTransform
Transforming media-1.6.0.aar (androidx.media:media:1.6.0) with JetifyTransform
Transforming media-1.6.0.aar (androidx.media:media:1.6.0) with ExtractAarTransform
Transforming media-1.6.0.aar (androidx.media:media:1.6.0) with AarTransform
Transforming browser-1.4.0.aar (androidx.browser:browser:1.4.0) with JetifyTransform
Transforming browser-1.4.0.aar (androidx.browser:browser:1.4.0) with ExtractAarTransform
Transforming browser-1.4.0.aar (androidx.browser:browser:1.4.0) with AarTransform
Transforming viewpager-1.0.0.aar (androidx.viewpager:viewpager:1.0.0) with JetifyTransform
Transforming viewpager-1.0.0.aar (androidx.viewpager:viewpager:1.0.0) with ExtractAarTransform
Transforming viewpager-1.0.0.aar (androidx.viewpager:viewpager:1.0.0) with AarTransform
Caching disabled for AarTransform: C:\Users\user\.gradle\caches\transforms-3\fefcfe30ff50cfe07535bb3f9f29fec4\transformed\jetified-play-services-ads-base-22.6.0 because:
  Build cache is disabled
Caching disabled for AarTransform: C:\Users\user\.gradle\caches\transforms-3\09909989bcc6df1cb4cf8f5bc33de582\transformed\jetified-play-services-tasks-18.0.2 because:
  Build cache is disabled
Caching disabled for AarTransform: C:\Users\user\.gradle\caches\transforms-3\7609d0ec1dd432c286d684064b087864\transformed\jetified-hilt-android-2.49 because:
  Build cache is disabled
Skipping AarTransform: C:\Users\user\.gradle\caches\transforms-3\09909989bcc6df1cb4cf8f5bc33de582\transformed\jetified-play-services-tasks-18.0.2 as it is up-to-date.
Skipping AarTransform: C:\Users\user\.gradle\caches\transforms-3\fefcfe30ff50cfe07535bb3f9f29fec4\transformed\jetified-play-services-ads-base-22.6.0 as it is up-to-date.
Skipping AarTransform: C:\Users\user\.gradle\caches\transforms-3\7609d0ec1dd432c286d684064b087864\transformed\jetified-hilt-android-2.49 as it is up-to-date.
Transforming customview-1.1.0.aar (androidx.customview:customview:1.1.0) with JetifyTransform
Transforming customview-1.1.0.aar (androidx.customview:customview:1.1.0) with ExtractAarTransform
Transforming customview-1.1.0.aar (androidx.customview:customview:1.1.0) with AarTransform
Transforming customview-1.1.0.aar (androidx.customview:customview:1.1.0) with JetifyTransform
Transforming customview-1.1.0.aar (androidx.customview:customview:1.1.0) with ExtractAarTransform
Transforming customview-1.1.0.aar (androidx.customview:customview:1.1.0) with AarTransform
Transforming customview-1.1.0.aar (androidx.customview:customview:1.1.0) with JetifyTransform
Transforming customview-1.1.0.aar (androidx.customview:customview:1.1.0) with ExtractAarTransform
Transforming customview-1.1.0.aar (androidx.customview:customview:1.1.0) with AarTransform
Transforming customview-1.1.0.aar (androidx.customview:customview:1.1.0) with JetifyTransform
Transforming customview-1.1.0.aar (androidx.customview:customview:1.1.0) with ExtractAarTransform
Transforming customview-1.1.0.aar (androidx.customview:customview:1.1.0) with AarTransform
Transforming autofill-1.0.0.aar (androidx.autofill:autofill:1.0.0) with JetifyTransform
Transforming autofill-1.0.0.aar (androidx.autofill:autofill:1.0.0) with ExtractAarTransform
Transforming autofill-1.0.0.aar (androidx.autofill:autofill:1.0.0) with AarTransform
Transforming core-1.12.0.aar (androidx.core:core:1.12.0) with JetifyTransform
Transforming core-1.12.0.aar (androidx.core:core:1.12.0) with ExtractAarTransform
Transforming core-1.12.0.aar (androidx.core:core:1.12.0) with AarTransform
Transforming core-1.12.0.aar (androidx.core:core:1.12.0) with JetifyTransform
Transforming core-1.12.0.aar (androidx.core:core:1.12.0) with ExtractAarTransform
Transforming core-1.12.0.aar (androidx.core:core:1.12.0) with AarTransform
Caching disabled for AarTransform: C:\Users\user\.gradle\caches\transforms-3\b28c9dde44421952352d4ece06208963\transformed\jetified-play-services-measurement-sdk-api-20.1.2 because:
  Build cache is disabled
Caching disabled for AarTransform: C:\Users\user\.gradle\caches\transforms-3\2a2496b4dd7bead2a2d5dfdd36faba56\transformed\jetified-user-messaging-platform-2.1.0 because:
  Build cache is disabled
Skipping AarTransform: C:\Users\user\.gradle\caches\transforms-3\2a2496b4dd7bead2a2d5dfdd36faba56\transformed\jetified-user-messaging-platform-2.1.0 as it is up-to-date.
Caching disabled for AarTransform: C:\Users\user\.gradle\caches\transforms-3\7bc33f1b9169acd2dfd1a37a27683ae2\transformed\jetified-play-services-measurement-base-20.1.2 because:
  Build cache is disabled
Transforming core-1.12.0.aar (androidx.core:core:1.12.0) with JetifyTransform
Caching disabled for AarTransform: C:\Users\user\.gradle\caches\transforms-3\ff995add00743d0c496c4d8e0ee10f1e\transformed\jetified-play-services-ads-identifier-18.0.0 because:
  Build cache is disabled
Skipping AarTransform: C:\Users\user\.gradle\caches\transforms-3\b28c9dde44421952352d4ece06208963\transformed\jetified-play-services-measurement-sdk-api-20.1.2 as it is up-to-date.
Skipping AarTransform: C:\Users\user\.gradle\caches\transforms-3\7bc33f1b9169acd2dfd1a37a27683ae2\transformed\jetified-play-services-measurement-base-20.1.2 as it is up-to-date.
Skipping AarTransform: C:\Users\user\.gradle\caches\transforms-3\ff995add00743d0c496c4d8e0ee10f1e\transformed\jetified-play-services-ads-identifier-18.0.0 as it is up-to-date.
Transforming core-1.12.0.aar (androidx.core:core:1.12.0) with ExtractAarTransform
Caching disabled for AarTransform: C:\Users\user\.gradle\caches\transforms-3\a98fef1d1520166b9b08927ea1e4f9aa\transformed\jetified-play-services-basement-18.2.0 because:
  Build cache is disabled
Transforming core-1.12.0.aar (androidx.core:core:1.12.0) with AarTransform
Skipping AarTransform: C:\Users\user\.gradle\caches\transforms-3\a98fef1d1520166b9b08927ea1e4f9aa\transformed\jetified-play-services-basement-18.2.0 as it is up-to-date.
Transforming core-1.12.0.aar (androidx.core:core:1.12.0) with JetifyTransform
Transforming core-1.12.0.aar (androidx.core:core:1.12.0) with ExtractAarTransform
Transforming core-1.12.0.aar (androidx.core:core:1.12.0) with AarTransform
Transforming core-1.12.0.aar (androidx.core:core:1.12.0) with JetifyTransform
Transforming core-1.12.0.aar (androidx.core:core:1.12.0) with ExtractAarTransform
Transforming core-1.12.0.aar (androidx.core:core:1.12.0) with AarTransform
Transforming core-1.12.0.aar (androidx.core:core:1.12.0) with JetifyTransform
Transforming core-1.12.0.aar (androidx.core:core:1.12.0) with ExtractAarTransform
Transforming core-1.12.0.aar (androidx.core:core:1.12.0) with AarTransform
Transforming core-1.12.0.aar (androidx.core:core:1.12.0) with JetifyTransform
Transforming core-1.12.0.aar (androidx.core:core:1.12.0) with ExtractAarTransform
Transforming core-1.12.0.aar (androidx.core:core:1.12.0) with AarTransform
Transforming core-1.12.0.aar (androidx.core:core:1.12.0) with JetifyTransform
Transforming core-1.12.0.aar (androidx.core:core:1.12.0) with ExtractAarTransform
Transforming core-1.12.0.aar (androidx.core:core:1.12.0) with AarTransform
Caching disabled for AarTransform: C:\Users\user\.gradle\caches\transforms-3\3bde4be5f64196dc9d79c4d702f48306\transformed\jetified-emoji2-1.3.0 because:
  Build cache is disabled
Caching disabled for AarTransform: C:\Users\user\.gradle\caches\transforms-3\ce43085ba0af9184b2d8510666d1eb4c\transformed\fragment-1.5.1 because:
  Build cache is disabled
Skipping AarTransform: C:\Users\user\.gradle\caches\transforms-3\3bde4be5f64196dc9d79c4d702f48306\transformed\jetified-emoji2-1.3.0 as it is up-to-date.
Skipping AarTransform: C:\Users\user\.gradle\caches\transforms-3\ce43085ba0af9184b2d8510666d1eb4c\transformed\fragment-1.5.1 as it is up-to-date.
Transforming core-1.12.0.aar (androidx.core:core:1.12.0) with JetifyTransform
Caching disabled for AarTransform: C:\Users\user\.gradle\caches\transforms-3\2e6a11253b53f57b3b9d26b8fa62696e\transformed\jetified-emoji2-views-helper-1.3.0 because:
  Build cache is disabled
Transforming core-1.12.0.aar (androidx.core:core:1.12.0) with ExtractAarTransform
Transforming core-1.12.0.aar (androidx.core:core:1.12.0) with AarTransform
Skipping AarTransform: C:\Users\user\.gradle\caches\transforms-3\2e6a11253b53f57b3b9d26b8fa62696e\transformed\jetified-emoji2-views-helper-1.3.0 as it is up-to-date.
Transforming core-1.12.0.aar (androidx.core:core:1.12.0) with JetifyTransform
Transforming core-1.12.0.aar (androidx.core:core:1.12.0) with ExtractAarTransform
Transforming core-1.12.0.aar (androidx.core:core:1.12.0) with AarTransform
Transforming core-1.12.0.aar (androidx.core:core:1.12.0) with JetifyTransform
Transforming core-1.12.0.aar (androidx.core:core:1.12.0) with ExtractAarTransform
Transforming core-1.12.0.aar (androidx.core:core:1.12.0) with AarTransform
Transforming core-1.12.0.aar (androidx.core:core:1.12.0) with JetifyTransform
Transforming core-1.12.0.aar (androidx.core:core:1.12.0) with ExtractAarTransform
Transforming core-1.12.0.aar (androidx.core:core:1.12.0) with AarTransform
Transforming core-1.12.0.aar (androidx.core:core:1.12.0) with JetifyTransform
Transforming core-1.12.0.aar (androidx.core:core:1.12.0) with ExtractAarTransform
Transforming core-1.12.0.aar (androidx.core:core:1.12.0) with AarTransform
Transforming core-1.12.0.aar (androidx.core:core:1.12.0) with JetifyTransform
Transforming core-1.12.0.aar (androidx.core:core:1.12.0) with ExtractAarTransform
Transforming core-1.12.0.aar (androidx.core:core:1.12.0) with AarTransform
Transforming core-1.12.0.aar (androidx.core:core:1.12.0) with JetifyTransform
Transforming core-1.12.0.aar (androidx.core:core:1.12.0) with ExtractAarTransform
Transforming core-1.12.0.aar (androidx.core:core:1.12.0) with AarTransform
Transforming ads-adservices-java-1.0.0-beta05.aar (androidx.privacysandbox.ads:ads-adservices-java:1.0.0-beta05) with JetifyTransform
Transforming ads-adservices-java-1.0.0-beta05.aar (androidx.privacysandbox.ads:ads-adservices-java:1.0.0-beta05) with ExtractAarTransform
Transforming ads-adservices-java-1.0.0-beta05.aar (androidx.privacysandbox.ads:ads-adservices-java:1.0.0-beta05) with AarTransform
Transforming ads-adservices-1.0.0-beta05.aar (androidx.privacysandbox.ads:ads-adservices:1.0.0-beta05) with JetifyTransform
Transforming ads-adservices-1.0.0-beta05.aar (androidx.privacysandbox.ads:ads-adservices:1.0.0-beta05) with ExtractAarTransform
Transforming ads-adservices-1.0.0-beta05.aar (androidx.privacysandbox.ads:ads-adservices:1.0.0-beta05) with AarTransform
Transforming ads-adservices-1.0.0-beta05.aar (androidx.privacysandbox.ads:ads-adservices:1.0.0-beta05) with JetifyTransform
Caching disabled for AarTransform: C:\Users\user\.gradle\caches\transforms-3\405ea0b6b50f1060e1e85abd75c2300a\transformed\lifecycle-livedata-core-2.7.0 because:
  Build cache is disabled
Caching disabled for AarTransform: C:\Users\user\.gradle\caches\transforms-3\32759966595792c9a2f9091d1711a6d5\transformed\jetified-lifecycle-service-2.7.0 because:
  Build cache is disabled
Caching disabled for AarTransform: C:\Users\user\.gradle\caches\transforms-3\befba8fbd8bdeb7a931e0ef64310fd03\transformed\jetified-lifecycle-process-2.7.0 because:
  Build cache is disabled
Caching disabled for AarTransform: C:\Users\user\.gradle\caches\transforms-3\39183825c891526e3de148cba7025d38\transformed\jetified-lifecycle-livedata-core-ktx-2.7.0 because:
  Build cache is disabled
Caching disabled for AarTransform: C:\Users\user\.gradle\caches\transforms-3\06eaa3d4db2446ae08073b00af0f9f1e\transformed\legacy-support-core-utils-1.0.0 because:
  Build cache is disabled
Skipping AarTransform: C:\Users\user\.gradle\caches\transforms-3\39183825c891526e3de148cba7025d38\transformed\jetified-lifecycle-livedata-core-ktx-2.7.0 as it is up-to-date.
Transforming ads-adservices-1.0.0-beta05.aar (androidx.privacysandbox.ads:ads-adservices:1.0.0-beta05) with ExtractAarTransform
Transforming ads-adservices-1.0.0-beta05.aar (androidx.privacysandbox.ads:ads-adservices:1.0.0-beta05) with AarTransform
Transforming customview-poolingcontainer-1.0.0.aar (androidx.customview:customview-poolingcontainer:1.0.0) with JetifyTransform
Transforming customview-poolingcontainer-1.0.0.aar (androidx.customview:customview-poolingcontainer:1.0.0) with ExtractAarTransform
Skipping AarTransform: C:\Users\user\.gradle\caches\transforms-3\405ea0b6b50f1060e1e85abd75c2300a\transformed\lifecycle-livedata-core-2.7.0 as it is up-to-date.
Caching disabled for AarTransform: C:\Users\user\.gradle\caches\transforms-3\8bdbdf69ffb075614c5a434d355a0f8b\transformed\jetified-lifecycle-livedata-ktx-2.7.0 because:
  Build cache is disabled
Skipping AarTransform: C:\Users\user\.gradle\caches\transforms-3\32759966595792c9a2f9091d1711a6d5\transformed\jetified-lifecycle-service-2.7.0 as it is up-to-date.
Transforming customview-poolingcontainer-1.0.0.aar (androidx.customview:customview-poolingcontainer:1.0.0) with AarTransform
Transforming core-ktx-1.12.0.aar (androidx.core:core-ktx:1.12.0) with JetifyTransform
Transforming core-ktx-1.12.0.aar (androidx.core:core-ktx:1.12.0) with ExtractAarTransform
Transforming core-ktx-1.12.0.aar (androidx.core:core-ktx:1.12.0) with AarTransform
Transforming flexbox-3.0.0.aar (com.google.android.flexbox:flexbox:3.0.0) with JetifyTransform
Transforming flexbox-3.0.0.aar (com.google.android.flexbox:flexbox:3.0.0) with ExtractAarTransform
Transforming flexbox-3.0.0.aar (com.google.android.flexbox:flexbox:3.0.0) with AarTransform
Transforming core-splashscreen-1.0.1.aar (androidx.core:core-splashscreen:1.0.1) with JetifyTransform
Transforming core-splashscreen-1.0.1.aar (androidx.core:core-splashscreen:1.0.1) with ExtractAarTransform
Transforming core-splashscreen-1.0.1.aar (androidx.core:core-splashscreen:1.0.1) with AarTransform
Transforming sqlite-framework-2.4.0.aar (androidx.sqlite:sqlite-framework:2.4.0) with JetifyTransform
Transforming sqlite-framework-2.4.0.aar (androidx.sqlite:sqlite-framework:2.4.0) with ExtractAarTransform
Transforming sqlite-framework-2.4.0.aar (androidx.sqlite:sqlite-framework:2.4.0) with AarTransform
Transforming sqlite-2.4.0.aar (androidx.sqlite:sqlite:2.4.0) with JetifyTransform
Transforming sqlite-2.4.0.aar (androidx.sqlite:sqlite:2.4.0) with ExtractAarTransform
Transforming sqlite-2.4.0.aar (androidx.sqlite:sqlite:2.4.0) with AarTransform
Transforming napier-release.aar (io.github.aakira:napier-android:1.4.1) with JetifyTransform
Transforming napier-release.aar (io.github.aakira:napier-android:1.4.1) with ExtractAarTransform
Transforming napier-release.aar (io.github.aakira:napier-android:1.4.1) with AarTransform
Transforming annotation-experimental-1.4.0.aar (androidx.annotation:annotation-experimental:1.4.0) with JetifyTransform
Transforming annotation-experimental-1.4.0.aar (androidx.annotation:annotation-experimental:1.4.0) with ExtractAarTransform
Transforming annotation-experimental-1.4.0.aar (androidx.annotation:annotation-experimental:1.4.0) with AarTransform
Transforming cursoradapter-1.0.0.aar (androidx.cursoradapter:cursoradapter:1.0.0) with JetifyTransform
Transforming cursoradapter-1.0.0.aar (androidx.cursoradapter:cursoradapter:1.0.0) with ExtractAarTransform
Transforming cursoradapter-1.0.0.aar (androidx.cursoradapter:cursoradapter:1.0.0) with AarTransform
Transforming cardview-1.0.0.aar (androidx.cardview:cardview:1.0.0) with JetifyTransform
Transforming cardview-1.0.0.aar (androidx.cardview:cardview:1.0.0) with ExtractAarTransform
Transforming cardview-1.0.0.aar (androidx.cardview:cardview:1.0.0) with AarTransform
Transforming core-runtime-2.2.0.aar (androidx.arch.core:core-runtime:2.2.0) with JetifyTransform
Skipping AarTransform: C:\Users\user\.gradle\caches\transforms-3\06eaa3d4db2446ae08073b00af0f9f1e\transformed\legacy-support-core-utils-1.0.0 as it is up-to-date.
Skipping AarTransform: C:\Users\user\.gradle\caches\transforms-3\befba8fbd8bdeb7a931e0ef64310fd03\transformed\jetified-lifecycle-process-2.7.0 as it is up-to-date.
Transforming core-runtime-2.2.0.aar (androidx.arch.core:core-runtime:2.2.0) with ExtractAarTransform
Skipping AarTransform: C:\Users\user\.gradle\caches\transforms-3\8bdbdf69ffb075614c5a434d355a0f8b\transformed\jetified-lifecycle-livedata-ktx-2.7.0 as it is up-to-date.
Transforming core-runtime-2.2.0.aar (androidx.arch.core:core-runtime:2.2.0) with AarTransform
Transforming exoplayer-datasource-2.19.1.aar (com.google.android.exoplayer:exoplayer-datasource:2.19.1) with JetifyTransform
Transforming exoplayer-datasource-2.19.1.aar (com.google.android.exoplayer:exoplayer-datasource:2.19.1) with ExtractAarTransform
Transforming exoplayer-datasource-2.19.1.aar (com.google.android.exoplayer:exoplayer-datasource:2.19.1) with AarTransform
Transforming exoplayer-database-2.19.1.aar (com.google.android.exoplayer:exoplayer-database:2.19.1) with JetifyTransform
Transforming exoplayer-database-2.19.1.aar (com.google.android.exoplayer:exoplayer-database:2.19.1) with ExtractAarTransform
Transforming exoplayer-database-2.19.1.aar (com.google.android.exoplayer:exoplayer-database:2.19.1) with AarTransform
Transforming exoplayer-extractor-2.19.1.aar (com.google.android.exoplayer:exoplayer-extractor:2.19.1) with JetifyTransform
Transforming exoplayer-extractor-2.19.1.aar (com.google.android.exoplayer:exoplayer-extractor:2.19.1) with ExtractAarTransform
Transforming exoplayer-extractor-2.19.1.aar (com.google.android.exoplayer:exoplayer-extractor:2.19.1) with AarTransform
Transforming exoplayer-decoder-2.19.1.aar (com.google.android.exoplayer:exoplayer-decoder:2.19.1) with JetifyTransform
Transforming exoplayer-decoder-2.19.1.aar (com.google.android.exoplayer:exoplayer-decoder:2.19.1) with ExtractAarTransform
Transforming exoplayer-decoder-2.19.1.aar (com.google.android.exoplayer:exoplayer-decoder:2.19.1) with AarTransform
Transforming exoplayer-container-2.19.1.aar (com.google.android.exoplayer:exoplayer-container:2.19.1) with JetifyTransform
Transforming exoplayer-container-2.19.1.aar (com.google.android.exoplayer:exoplayer-container:2.19.1) with ExtractAarTransform
Transforming exoplayer-container-2.19.1.aar (com.google.android.exoplayer:exoplayer-container:2.19.1) with AarTransform
Transforming exoplayer-common-2.19.1.aar (com.google.android.exoplayer:exoplayer-common:2.19.1) with JetifyTransform
Transforming exoplayer-common-2.19.1.aar (com.google.android.exoplayer:exoplayer-common:2.19.1) with ExtractAarTransform
Transforming exoplayer-common-2.19.1.aar (com.google.android.exoplayer:exoplayer-common:2.19.1) with AarTransform
Transforming interpolator-1.0.0.aar (androidx.interpolator:interpolator:1.0.0) with JetifyTransform
Transforming interpolator-1.0.0.aar (androidx.interpolator:interpolator:1.0.0) with ExtractAarTransform
Transforming interpolator-1.0.0.aar (androidx.interpolator:interpolator:1.0.0) with AarTransform
Transforming interpolator-1.0.0.aar (androidx.interpolator:interpolator:1.0.0) with JetifyTransform
Caching disabled for AarTransform: C:\Users\user\.gradle\caches\transforms-3\729f0ee4f5c310ded66695d5e416a80a\transformed\jetified-savedstate-1.2.1 because:
  Build cache is disabled
Skipping AarTransform: C:\Users\user\.gradle\caches\transforms-3\729f0ee4f5c310ded66695d5e416a80a\transformed\jetified-savedstate-1.2.1 as it is up-to-date.
Caching disabled for AarTransform: C:\Users\user\.gradle\caches\transforms-3\aa2ff84b73bdf2fedfb6304d3a34c1c2\transformed\loader-1.0.0 because:
  Build cache is disabled
Skipping AarTransform: C:\Users\user\.gradle\caches\transforms-3\aa2ff84b73bdf2fedfb6304d3a34c1c2\transformed\loader-1.0.0 as it is up-to-date.
Transforming interpolator-1.0.0.aar (androidx.interpolator:interpolator:1.0.0) with ExtractAarTransform
Caching disabled for AarTransform: C:\Users\user\.gradle\caches\transforms-3\be6eabc1e7597f5af8694205534369ad\transformed\lifecycle-livedata-2.7.0 because:
  Build cache is disabled
Transforming interpolator-1.0.0.aar (androidx.interpolator:interpolator:1.0.0) with AarTransform
Skipping AarTransform: C:\Users\user\.gradle\caches\transforms-3\be6eabc1e7597f5af8694205534369ad\transformed\lifecycle-livedata-2.7.0 as it is up-to-date.
Transforming versionedparcelable-1.1.1.aar (androidx.versionedparcelable:versionedparcelable:1.1.1) with JetifyTransform
Transforming versionedparcelable-1.1.1.aar (androidx.versionedparcelable:versionedparcelable:1.1.1) with ExtractAarTransform
Transforming versionedparcelable-1.1.1.aar (androidx.versionedparcelable:versionedparcelable:1.1.1) with AarTransform
Transforming profileinstaller-1.3.1.aar (androidx.profileinstaller:profileinstaller:1.3.1) with JetifyTransform
Transforming profileinstaller-1.3.1.aar (androidx.profileinstaller:profileinstaller:1.3.1) with ExtractAarTransform
Transforming profileinstaller-1.3.1.aar (androidx.profileinstaller:profileinstaller:1.3.1) with AarTransform
Transforming startup-runtime-1.1.1.aar (androidx.startup:startup-runtime:1.1.1) with JetifyTransform
Transforming startup-runtime-1.1.1.aar (androidx.startup:startup-runtime:1.1.1) with ExtractAarTransform
Transforming startup-runtime-1.1.1.aar (androidx.startup:startup-runtime:1.1.1) with AarTransform
Transforming tracing-1.0.0.aar (androidx.tracing:tracing:1.0.0) with JetifyTransform
Transforming tracing-1.0.0.aar (androidx.tracing:tracing:1.0.0) with ExtractAarTransform
Transforming tracing-1.0.0.aar (androidx.tracing:tracing:1.0.0) with AarTransform
Transforming documentfile-1.0.0.aar (androidx.documentfile:documentfile:1.0.0) with JetifyTransform
Transforming documentfile-1.0.0.aar (androidx.documentfile:documentfile:1.0.0) with ExtractAarTransform
Transforming documentfile-1.0.0.aar (androidx.documentfile:documentfile:1.0.0) with AarTransform
Transforming localbroadcastmanager-1.0.0.aar (androidx.localbroadcastmanager:localbroadcastmanager:1.0.0) with JetifyTransform
Transforming localbroadcastmanager-1.0.0.aar (androidx.localbroadcastmanager:localbroadcastmanager:1.0.0) with ExtractAarTransform
Transforming localbroadcastmanager-1.0.0.aar (androidx.localbroadcastmanager:localbroadcastmanager:1.0.0) with AarTransform
Caching disabled for AarTransform: C:\Users\user\.gradle\caches\transforms-3\d13525a792cc64e11bbc6a846969e153\transformed\jetified-savedstate-ktx-1.2.1 because:
  Build cache is disabled
Transforming print-1.0.0.aar (androidx.print:print:1.0.0) with JetifyTransform
Skipping AarTransform: C:\Users\user\.gradle\caches\transforms-3\d13525a792cc64e11bbc6a846969e153\transformed\jetified-savedstate-ktx-1.2.1 as it is up-to-date.
Transforming print-1.0.0.aar (androidx.print:print:1.0.0) with ExtractAarTransform
Transforming print-1.0.0.aar (androidx.print:print:1.0.0) with AarTransform
Transforming exifinterface-1.3.6.aar (androidx.exifinterface:exifinterface:1.3.6) with JetifyTransform
Transforming exifinterface-1.3.6.aar (androidx.exifinterface:exifinterface:1.3.6) with ExtractAarTransform
Transforming exifinterface-1.3.6.aar (androidx.exifinterface:exifinterface:1.3.6) with AarTransform
Transforming volley-1.2.1.aar (com.android.volley:volley:1.2.1) with JetifyTransform
Transforming volley-1.2.1.aar (com.android.volley:volley:1.2.1) with ExtractAarTransform
Transforming volley-1.2.1.aar (com.android.volley:volley:1.2.1) with AarTransform
Transforming Android-Image-Slider-1.4.0.aar (com.github.smarteist:Android-Image-Slider:1.4.0) with JetifyTransform
Transforming Android-Image-Slider-1.4.0.aar (com.github.smarteist:Android-Image-Slider:1.4.0) with ExtractAarTransform
Transforming Android-Image-Slider-1.4.0.aar (com.github.smarteist:Android-Image-Slider:1.4.0) with AarTransform
Transforming circleimageview-3.1.0.aar (de.hdodenhof:circleimageview:3.1.0) with JetifyTransform
Transforming circleimageview-3.1.0.aar (de.hdodenhof:circleimageview:3.1.0) with ExtractAarTransform
Transforming circleimageview-3.1.0.aar (de.hdodenhof:circleimageview:3.1.0) with AarTransform
Transforming dagger-2.49.jar (com.google.dagger:dagger:2.49) with JetifyTransform
Transforming dagger-lint-aar-2.49.aar (com.google.dagger:dagger-lint-aar:2.49) with JetifyTransform
Transforming dagger-lint-aar-2.49.aar (com.google.dagger:dagger-lint-aar:2.49) with ExtractAarTransform
Transforming dagger-lint-aar-2.49.aar (com.google.dagger:dagger-lint-aar:2.49) with AarTransform
Transforming jsr305-3.0.2.jar (com.google.code.findbugs:jsr305:3.0.2) with JetifyTransform
Transforming javax.inject-1.jar (javax.inject:javax.inject:1) with JetifyTransform
Transforming listenablefuture-9999.0-empty-to-avoid-conflict-with-guava.jar (com.google.guava:listenablefuture:9999.0-empty-to-avoid-conflict-with-guava) with JetifyTransform
Transforming failureaccess-1.0.1.jar (com.google.guava:failureaccess:1.0.1) with JetifyTransform
Transforming checker-qual-3.12.0.jar (org.checkerframework:checker-qual:3.12.0) with JetifyTransform
Transforming j2objc-annotations-1.3.jar (com.google.j2objc:j2objc-annotations:1.3) with JetifyTransform
Caching disabled for AarTransform: C:\Users\user\.gradle\caches\transforms-3\17d74363b6e909a9d3f818c44afa4535\transformed\jetified-lifecycle-viewmodel-savedstate-2.7.0 because:
  Build cache is disabled
Skipping AarTransform: C:\Users\user\.gradle\caches\transforms-3\17d74363b6e909a9d3f818c44afa4535\transformed\jetified-lifecycle-viewmodel-savedstate-2.7.0 as it is up-to-date.
Transforming lifecycle-common-java8-2.7.0.jar (androidx.lifecycle:lifecycle-common-java8:2.7.0) with JetifyTransform
Transforming lifecycle-common-2.7.0.jar (androidx.lifecycle:lifecycle-common:2.7.0) with JetifyTransform
Caching disabled for AarTransform: C:\Users\user\.gradle\caches\transforms-3\d61403040d3c0a7f14b12e75c497150a\transformed\lifecycle-viewmodel-2.7.0 because:
  Build cache is disabled
Skipping AarTransform: C:\Users\user\.gradle\caches\transforms-3\d61403040d3c0a7f14b12e75c497150a\transformed\lifecycle-viewmodel-2.7.0 as it is up-to-date.
Caching disabled for AarTransform: C:\Users\user\.gradle\caches\transforms-3\91aa7e25739ba49b8c446850083d9968\transformed\jetified-lifecycle-viewmodel-ktx-2.7.0 because:
  Build cache is disabled
Caching disabled for AarTransform: C:\Users\user\.gradle\caches\transforms-3\e109843751a45ceb797ac7414dcd1f55\transformed\jetified-lifecycle-runtime-ktx-2.7.0 because:
  Build cache is disabled
Skipping AarTransform: C:\Users\user\.gradle\caches\transforms-3\91aa7e25739ba49b8c446850083d9968\transformed\jetified-lifecycle-viewmodel-ktx-2.7.0 as it is up-to-date.
Skipping AarTransform: C:\Users\user\.gradle\caches\transforms-3\e109843751a45ceb797ac7414dcd1f55\transformed\jetified-lifecycle-runtime-ktx-2.7.0 as it is up-to-date.
Caching disabled for AarTransform: C:\Users\user\.gradle\caches\transforms-3\4bea3ad7086dd6310416577e679b27ab\transformed\lifecycle-runtime-2.7.0 because:
  Build cache is disabled
Skipping AarTransform: C:\Users\user\.gradle\caches\transforms-3\4bea3ad7086dd6310416577e679b27ab\transformed\lifecycle-runtime-2.7.0 as it is up-to-date.
Caching disabled for JetifyTransform: C:\Users\user\.gradle\caches\modules-2\files-2.1\androidx.lifecycle\lifecycle-common\2.7.0\85334205d65cca70ed0109c3acbd29e22a2d9cb1\lifecycle-common-2.7.0.jar because:
  Build cache is disabled
Skipping JetifyTransform: C:\Users\user\.gradle\caches\modules-2\files-2.1\androidx.lifecycle\lifecycle-common\2.7.0\85334205d65cca70ed0109c3acbd29e22a2d9cb1\lifecycle-common-2.7.0.jar as it is up-to-date.
Transforming lifecycle-common-2.7.0.jar (androidx.lifecycle:lifecycle-common:2.7.0) with ExtractJniTransform
Caching disabled for AarTransform: C:\Users\user\.gradle\caches\transforms-3\8f69b11fed3424c2a2d07f943e7b1442\transformed\jetified-accompanist-drawablepainter-0.32.0 because:
  Build cache is disabled
Skipping AarTransform: C:\Users\user\.gradle\caches\transforms-3\8f69b11fed3424c2a2d07f943e7b1442\transformed\jetified-accompanist-drawablepainter-0.32.0 as it is up-to-date.
Caching disabled for AarTransform: C:\Users\user\.gradle\caches\transforms-3\bd4d0516dc82d593dc75d0d58095804e\transformed\jetified-activity-ktx-1.8.2 because:
  Build cache is disabled
Caching disabled for AarTransform: C:\Users\user\.gradle\caches\transforms-3\4d6838555ad24cf15a99513e72d58fa0\transformed\jetified-lifecycle-viewmodel-compose-2.7.0 because:
  Build cache is disabled
Skipping AarTransform: C:\Users\user\.gradle\caches\transforms-3\bd4d0516dc82d593dc75d0d58095804e\transformed\jetified-activity-ktx-1.8.2 as it is up-to-date.
Caching disabled for AarTransform: C:\Users\user\.gradle\caches\transforms-3\3ff7e07e96cbf3c15e17ee90dee7c81e\transformed\jetified-activity-1.8.2 because:
  Build cache is disabled
Skipping AarTransform: C:\Users\user\.gradle\caches\transforms-3\3ff7e07e96cbf3c15e17ee90dee7c81e\transformed\jetified-activity-1.8.2 as it is up-to-date.
Caching disabled for ExtractJniTransform: C:\Users\user\.gradle\caches\modules-2\files-2.1\androidx.lifecycle\lifecycle-common\2.7.0\85334205d65cca70ed0109c3acbd29e22a2d9cb1\lifecycle-common-2.7.0.jar because:
  Build cache is disabled
Skipping AarTransform: C:\Users\user\.gradle\caches\transforms-3\4d6838555ad24cf15a99513e72d58fa0\transformed\jetified-lifecycle-viewmodel-compose-2.7.0 as it is up-to-date.
Caching disabled for AarTransform: C:\Users\user\.gradle\caches\transforms-3\6b9e330e22f5b80af693a9cc1ed78961\transformed\jetified-exoplayer-dash-2.19.1 because:
  Build cache is disabled
Caching disabled for AarTransform: C:\Users\user\.gradle\caches\transforms-3\eb7f95ceb80fe7edaffe686f45c414e3\transformed\jetified-ui-release because:
  Build cache is disabled
Caching disabled for AarTransform: C:\Users\user\.gradle\caches\transforms-3\23d54db28db6fd27500c43cbb98a94ee\transformed\jetified-exoplayer-2.19.1 because:
  Build cache is disabled
Skipping AarTransform: C:\Users\user\.gradle\caches\transforms-3\eb7f95ceb80fe7edaffe686f45c414e3\transformed\jetified-ui-release as it is up-to-date.
Caching disabled for AarTransform: C:\Users\user\.gradle\caches\transforms-3\cc2b5325880f19f8fa69e371da0fcec2\transformed\jetified-activity-compose-1.8.2 because:
  Build cache is disabled
Caching disabled for JetifyTransform: C:\Users\user\.gradle\caches\modules-2\files-2.1\androidx.lifecycle\lifecycle-common-java8\2.7.0\2ad14aed781c4a73ed4dbb421966d408a0a06686\lifecycle-common-java8-2.7.0.jar because:
  Build cache is disabled
Skipping AarTransform: C:\Users\user\.gradle\caches\transforms-3\cc2b5325880f19f8fa69e371da0fcec2\transformed\jetified-activity-compose-1.8.2 as it is up-to-date.
Skipping AarTransform: C:\Users\user\.gradle\caches\transforms-3\23d54db28db6fd27500c43cbb98a94ee\transformed\jetified-exoplayer-2.19.1 as it is up-to-date.
Skipping ExtractJniTransform: C:\Users\user\.gradle\caches\modules-2\files-2.1\androidx.lifecycle\lifecycle-common\2.7.0\85334205d65cca70ed0109c3acbd29e22a2d9cb1\lifecycle-common-2.7.0.jar as it is up-to-date.
Caching disabled for AarTransform: C:\Users\user\.gradle\caches\transforms-3\7988b5c431abeac835ef34d8554a267c\transformed\jetified-exoplayer-rtsp-2.19.1 because:
  Build cache is disabled
Skipping AarTransform: C:\Users\user\.gradle\caches\transforms-3\7988b5c431abeac835ef34d8554a267c\transformed\jetified-exoplayer-rtsp-2.19.1 as it is up-to-date.
Caching disabled for AarTransform: C:\Users\user\.gradle\caches\transforms-3\86e7631404a3447ccb8c53460349c742\transformed\jetified-exoplayer-hls-2.19.1 because:
  Build cache is disabled
Skipping AarTransform: C:\Users\user\.gradle\caches\transforms-3\86e7631404a3447ccb8c53460349c742\transformed\jetified-exoplayer-hls-2.19.1 as it is up-to-date.
Skipping AarTransform: C:\Users\user\.gradle\caches\transforms-3\6b9e330e22f5b80af693a9cc1ed78961\transformed\jetified-exoplayer-dash-2.19.1 as it is up-to-date.
Skipping JetifyTransform: C:\Users\user\.gradle\caches\modules-2\files-2.1\androidx.lifecycle\lifecycle-common-java8\2.7.0\2ad14aed781c4a73ed4dbb421966d408a0a06686\lifecycle-common-java8-2.7.0.jar as it is up-to-date.
Transforming lifecycle-common-java8-2.7.0.jar (androidx.lifecycle:lifecycle-common-java8:2.7.0) with ExtractJniTransform
Caching disabled for AarTransform: C:\Users\user\.gradle\caches\transforms-3\6a39333c6856d532570520fbc2bd1c09\transformed\jetified-exoplayer-core-2.19.1 because:
  Build cache is disabled
Skipping AarTransform: C:\Users\user\.gradle\caches\transforms-3\6a39333c6856d532570520fbc2bd1c09\transformed\jetified-exoplayer-core-2.19.1 as it is up-to-date.
Caching disabled for AarTransform: C:\Users\user\.gradle\caches\transforms-3\04830523360f0a9c22bc3d9783abdb1e\transformed\jetified-exoplayer-smoothstreaming-2.19.1 because:
  Build cache is disabled
Skipping AarTransform: C:\Users\user\.gradle\caches\transforms-3\04830523360f0a9c22bc3d9783abdb1e\transformed\jetified-exoplayer-smoothstreaming-2.19.1 as it is up-to-date.
Caching disabled for AarTransform: C:\Users\user\.gradle\caches\transforms-3\0f7bbe974198c0e6f5daf78e810cfb8e\transformed\recyclerview-1.3.0 because:
  Build cache is disabled
Skipping AarTransform: C:\Users\user\.gradle\caches\transforms-3\0f7bbe974198c0e6f5daf78e810cfb8e\transformed\recyclerview-1.3.0 as it is up-to-date.
Caching disabled for AarTransform: C:\Users\user\.gradle\caches\transforms-3\e64e0a3a08ca0f06a8ffeb68df2fb01e\transformed\media-1.6.0 because:
  Build cache is disabled
Skipping AarTransform: C:\Users\user\.gradle\caches\transforms-3\e64e0a3a08ca0f06a8ffeb68df2fb01e\transformed\media-1.6.0 as it is up-to-date.
Caching disabled for AarTransform: C:\Users\user\.gradle\caches\transforms-3\665f08a046034a03c45c1b60402783c2\transformed\jetified-exoplayer-ui-2.19.1 because:
  Build cache is disabled
Skipping AarTransform: C:\Users\user\.gradle\caches\transforms-3\665f08a046034a03c45c1b60402783c2\transformed\jetified-exoplayer-ui-2.19.1 as it is up-to-date.
Caching disabled for AarTransform: C:\Users\user\.gradle\caches\transforms-3\57848645458d68f540459ae62d741e32\transformed\viewpager-1.0.0 because:
  Build cache is disabled
Caching disabled for ExtractJniTransform: C:\Users\user\.gradle\caches\modules-2\files-2.1\androidx.lifecycle\lifecycle-common-java8\2.7.0\2ad14aed781c4a73ed4dbb421966d408a0a06686\lifecycle-common-java8-2.7.0.jar because:
  Build cache is disabled
Skipping ExtractJniTransform: C:\Users\user\.gradle\caches\modules-2\files-2.1\androidx.lifecycle\lifecycle-common-java8\2.7.0\2ad14aed781c4a73ed4dbb421966d408a0a06686\lifecycle-common-java8-2.7.0.jar as it is up-to-date.
Skipping AarTransform: C:\Users\user\.gradle\caches\transforms-3\57848645458d68f540459ae62d741e32\transformed\viewpager-1.0.0 as it is up-to-date.
Caching disabled for AarTransform: C:\Users\user\.gradle\caches\transforms-3\756e4599b46450e09c632b813556cee0\transformed\browser-1.4.0 because:
  Build cache is disabled
Skipping AarTransform: C:\Users\user\.gradle\caches\transforms-3\756e4599b46450e09c632b813556cee0\transformed\browser-1.4.0 as it is up-to-date.
Caching disabled for AarTransform: C:\Users\user\.gradle\caches\transforms-3\a2f4c85d9ee4c6259367ff55f3b32260\transformed\customview-1.1.0 because:
  Build cache is disabled
Skipping AarTransform: C:\Users\user\.gradle\caches\transforms-3\a2f4c85d9ee4c6259367ff55f3b32260\transformed\customview-1.1.0 as it is up-to-date.
Caching disabled for AarTransform: C:\Users\user\.gradle\caches\transforms-3\5c5739f4de2f71729af9e79251007f6b\transformed\core-1.12.0 because:
  Build cache is disabled
Skipping AarTransform: C:\Users\user\.gradle\caches\transforms-3\5c5739f4de2f71729af9e79251007f6b\transformed\core-1.12.0 as it is up-to-date.
Caching disabled for AarTransform: C:\Users\user\.gradle\caches\transforms-3\937d7a61b7111c64ca0de305910a85b2\transformed\jetified-autofill-1.0.0 because:
  Build cache is disabled
Skipping AarTransform: C:\Users\user\.gradle\caches\transforms-3\937d7a61b7111c64ca0de305910a85b2\transformed\jetified-autofill-1.0.0 as it is up-to-date.
Caching disabled for AarTransform: C:\Users\user\.gradle\caches\transforms-3\c4b75ff235f5060d29e5ddca564ceddc\transformed\jetified-ads-adservices-java-1.0.0-beta05 because:
  Build cache is disabled
Caching disabled for AarTransform: C:\Users\user\.gradle\caches\transforms-3\88a788eb4554cb70c926faac5961e219\transformed\jetified-ads-adservices-1.0.0-beta05 because:
  Build cache is disabled
Skipping AarTransform: C:\Users\user\.gradle\caches\transforms-3\c4b75ff235f5060d29e5ddca564ceddc\transformed\jetified-ads-adservices-java-1.0.0-beta05 as it is up-to-date.
Skipping AarTransform: C:\Users\user\.gradle\caches\transforms-3\88a788eb4554cb70c926faac5961e219\transformed\jetified-ads-adservices-1.0.0-beta05 as it is up-to-date.
Caching disabled for AarTransform: C:\Users\user\.gradle\caches\transforms-3\9ab85f199ce6032d85aa0cc0c0e855bb\transformed\jetified-core-ktx-1.12.0 because:
  Build cache is disabled
Skipping AarTransform: C:\Users\user\.gradle\caches\transforms-3\9ab85f199ce6032d85aa0cc0c0e855bb\transformed\jetified-core-ktx-1.12.0 as it is up-to-date.
Transforming kotlin-parcelize-runtime-1.9.22.jar (org.jetbrains.kotlin:kotlin-parcelize-runtime:1.9.22) with JetifyTransform
Caching disabled for AarTransform: C:\Users\user\.gradle\caches\transforms-3\bc26dfac284b88af3c813008f6ef1c3e\transformed\jetified-customview-poolingcontainer-1.0.0 because:
  Build cache is disabled
Caching disabled for AarTransform: C:\Users\user\.gradle\caches\transforms-3\b524aad8313712e1a2099d34ba0009dd\transformed\jetified-flexbox-3.0.0 because:
  Build cache is disabled
Skipping AarTransform: C:\Users\user\.gradle\caches\transforms-3\b524aad8313712e1a2099d34ba0009dd\transformed\jetified-flexbox-3.0.0 as it is up-to-date.
Transforming logging-interceptor-4.12.0.jar (com.squareup.okhttp3:logging-interceptor:4.12.0) with JetifyTransform
Transforming kotlinx-coroutines-core-jvm-1.7.3.jar (org.jetbrains.kotlinx:kotlinx-coroutines-core-jvm:1.7.3) with JetifyTransform
Caching disabled for AarTransform: C:\Users\user\.gradle\caches\transforms-3\a03b3d04d2ceca7ea618a06e3d24afa0\transformed\sqlite-2.4.0 because:
  Build cache is disabled
Skipping AarTransform: C:\Users\user\.gradle\caches\transforms-3\a03b3d04d2ceca7ea618a06e3d24afa0\transformed\sqlite-2.4.0 as it is up-to-date.
Caching disabled for AarTransform: C:\Users\user\.gradle\caches\transforms-3\71618b46663af3ea0092ee8c6d5590fe\transformed\sqlite-framework-2.4.0 because:
  Build cache is disabled
Skipping AarTransform: C:\Users\user\.gradle\caches\transforms-3\71618b46663af3ea0092ee8c6d5590fe\transformed\sqlite-framework-2.4.0 as it is up-to-date.
Caching disabled for AarTransform: C:\Users\user\.gradle\caches\transforms-3\8b9d9cccd9cd11d68aeff198447cb46d\transformed\jetified-core-splashscreen-1.0.1 because:
  Build cache is disabled
Skipping AarTransform: C:\Users\user\.gradle\caches\transforms-3\bc26dfac284b88af3c813008f6ef1c3e\transformed\jetified-customview-poolingcontainer-1.0.0 as it is up-to-date.
Skipping AarTransform: C:\Users\user\.gradle\caches\transforms-3\8b9d9cccd9cd11d68aeff198447cb46d\transformed\jetified-core-splashscreen-1.0.1 as it is up-to-date.
Transforming converter-gson-2.9.0.jar (com.squareup.retrofit2:converter-gson:2.9.0) with JetifyTransform
Caching disabled for JetifyTransform: C:\Users\user\.gradle\caches\modules-2\files-2.1\org.jetbrains.kotlin\kotlin-parcelize-runtime\1.9.22\de4a21d6560cadd035c69ba3af3ad1afecc95299\kotlin-parcelize-runtime-1.9.22.jar because:
  Build cache is disabled
Transforming retrofit-2.9.0.jar (com.squareup.retrofit2:retrofit:2.9.0) with JetifyTransform
Skipping JetifyTransform: C:\Users\user\.gradle\caches\modules-2\files-2.1\org.jetbrains.kotlin\kotlin-parcelize-runtime\1.9.22\de4a21d6560cadd035c69ba3af3ad1afecc95299\kotlin-parcelize-runtime-1.9.22.jar as it is up-to-date.
Transforming okhttp-4.12.0.jar (com.squareup.okhttp3:okhttp:4.12.0) with JetifyTransform
Caching disabled for JetifyTransform: C:\Users\user\.gradle\caches\modules-2\files-2.1\org.jetbrains.kotlinx\kotlinx-coroutines-core-jvm\1.7.3\2b09627576f0989a436a00a4a54b55fa5026fb86\kotlinx-coroutines-core-jvm-1.7.3.jar because:
  Build cache is disabled
Skipping JetifyTransform: C:\Users\user\.gradle\caches\modules-2\files-2.1\org.jetbrains.kotlinx\kotlinx-coroutines-core-jvm\1.7.3\2b09627576f0989a436a00a4a54b55fa5026fb86\kotlinx-coroutines-core-jvm-1.7.3.jar as it is up-to-date.
Caching disabled for JetifyTransform: C:\Users\user\.gradle\caches\modules-2\files-2.1\com.squareup.okhttp3\logging-interceptor\4.12.0\e922c1f14d365c0f2bed140cc0825e18462c2778\logging-interceptor-4.12.0.jar because:
  Build cache is disabled
Skipping JetifyTransform: C:\Users\user\.gradle\caches\modules-2\files-2.1\com.squareup.okhttp3\logging-interceptor\4.12.0\e922c1f14d365c0f2bed140cc0825e18462c2778\logging-interceptor-4.12.0.jar as it is up-to-date.
Transforming kotlin-parcelize-runtime-1.9.22.jar (org.jetbrains.kotlin:kotlin-parcelize-runtime:1.9.22) with ExtractJniTransform
Transforming kotlinx-coroutines-core-jvm-1.7.3.jar (org.jetbrains.kotlinx:kotlinx-coroutines-core-jvm:1.7.3) with ExtractJniTransform
Caching disabled for JetifyTransform: C:\Users\user\.gradle\caches\modules-2\files-2.1\com.squareup.retrofit2\converter-gson\2.9.0\fc93484fc67ab52b1e0ccbdaa3922d8a6678e097\converter-gson-2.9.0.jar because:
  Build cache is disabled
Transforming logging-interceptor-4.12.0.jar (com.squareup.okhttp3:logging-interceptor:4.12.0) with ExtractJniTransform
Skipping JetifyTransform: C:\Users\user\.gradle\caches\modules-2\files-2.1\com.squareup.retrofit2\converter-gson\2.9.0\fc93484fc67ab52b1e0ccbdaa3922d8a6678e097\converter-gson-2.9.0.jar as it is up-to-date.
Transforming converter-gson-2.9.0.jar (com.squareup.retrofit2:converter-gson:2.9.0) with ExtractJniTransform
Transforming kotlinx-coroutines-android-1.7.3.jar (org.jetbrains.kotlinx:kotlinx-coroutines-android:1.7.3) with JetifyTransform
Caching disabled for JetifyTransform: C:\Users\user\.gradle\caches\modules-2\files-2.1\com.squareup.retrofit2\retrofit\2.9.0\d8fdfbd5da952141a665a403348b74538efc05ff\retrofit-2.9.0.jar because:
  Build cache is disabled
Skipping JetifyTransform: C:\Users\user\.gradle\caches\modules-2\files-2.1\com.squareup.retrofit2\retrofit\2.9.0\d8fdfbd5da952141a665a403348b74538efc05ff\retrofit-2.9.0.jar as it is up-to-date.
Transforming retrofit-2.9.0.jar (com.squareup.retrofit2:retrofit:2.9.0) with ExtractJniTransform
Caching disabled for ExtractJniTransform: C:\Users\user\.gradle\caches\transforms-3\76da9a07d1228e29a4beb3200800de48\transformed\jetified-kotlin-parcelize-runtime-1.9.22.jar because:
  Build cache is disabled
Caching disabled for ExtractJniTransform: C:\Users\user\.gradle\caches\transforms-3\5f8fb35c0e42efc60950ab6c4084add3\transformed\jetified-logging-interceptor-4.12.0.jar because:
  Build cache is disabled
Skipping ExtractJniTransform: C:\Users\user\.gradle\caches\transforms-3\76da9a07d1228e29a4beb3200800de48\transformed\jetified-kotlin-parcelize-runtime-1.9.22.jar as it is up-to-date.
Skipping ExtractJniTransform: C:\Users\user\.gradle\caches\transforms-3\5f8fb35c0e42efc60950ab6c4084add3\transformed\jetified-logging-interceptor-4.12.0.jar as it is up-to-date.
Caching disabled for ExtractJniTransform: C:\Users\user\.gradle\caches\transforms-3\e6f1f03f0fed1b56197a2feb492ad572\transformed\jetified-kotlinx-coroutines-core-jvm-1.7.3.jar because:
  Build cache is disabled
Transforming okio-jvm-3.6.0.jar (com.squareup.okio:okio-jvm:3.6.0) with JetifyTransform
Skipping ExtractJniTransform: C:\Users\user\.gradle\caches\transforms-3\e6f1f03f0fed1b56197a2feb492ad572\transformed\jetified-kotlinx-coroutines-core-jvm-1.7.3.jar as it is up-to-date.
Transforming kotlin-stdlib-jdk8-1.9.10.jar (org.jetbrains.kotlin:kotlin-stdlib-jdk8:1.9.10) with JetifyTransform
Caching disabled for JetifyTransform: C:\Users\user\.gradle\caches\modules-2\files-2.1\com.squareup.okhttp3\okhttp\4.12.0\2f4525d4a200e97e1b87449c2cd9bd2e25b7e8cd\okhttp-4.12.0.jar because:
  Build cache is disabled
Skipping JetifyTransform: C:\Users\user\.gradle\caches\modules-2\files-2.1\com.squareup.okhttp3\okhttp\4.12.0\2f4525d4a200e97e1b87449c2cd9bd2e25b7e8cd\okhttp-4.12.0.jar as it is up-to-date.
Transforming kotlin-android-extensions-runtime-1.9.22.jar (org.jetbrains.kotlin:kotlin-android-extensions-runtime:1.9.22) with JetifyTransform
Transforming okhttp-4.12.0.jar (com.squareup.okhttp3:okhttp:4.12.0) with ExtractJniTransform
Caching disabled for ExtractJniTransform: C:\Users\user\.gradle\caches\transforms-3\b468f2c4aedee3d560fd4d8f4b5c09e4\transformed\jetified-converter-gson-2.9.0.jar because:
  Build cache is disabled
Skipping ExtractJniTransform: C:\Users\user\.gradle\caches\transforms-3\b468f2c4aedee3d560fd4d8f4b5c09e4\transformed\jetified-converter-gson-2.9.0.jar as it is up-to-date.
Caching disabled for JetifyTransform: C:\Users\user\.gradle\caches\modules-2\files-2.1\org.jetbrains.kotlinx\kotlinx-coroutines-android\1.7.3\38d9cad3a0b03a10453b56577984bdeb48edeed5\kotlinx-coroutines-android-1.7.3.jar because:
  Build cache is disabled
Skipping JetifyTransform: C:\Users\user\.gradle\caches\modules-2\files-2.1\org.jetbrains.kotlinx\kotlinx-coroutines-android\1.7.3\38d9cad3a0b03a10453b56577984bdeb48edeed5\kotlinx-coroutines-android-1.7.3.jar as it is up-to-date.
Transforming kotlinx-coroutines-android-1.7.3.jar (org.jetbrains.kotlinx:kotlinx-coroutines-android:1.7.3) with ExtractJniTransform
Caching disabled for JetifyTransform: C:\Users\user\.gradle\caches\modules-2\files-2.1\com.squareup.okio\okio-jvm\3.6.0\5600569133b7bdefe1daf9ec7f4abeb6d13e1786\okio-jvm-3.6.0.jar because:
  Build cache is disabled
Skipping JetifyTransform: C:\Users\user\.gradle\caches\modules-2\files-2.1\com.squareup.okio\okio-jvm\3.6.0\5600569133b7bdefe1daf9ec7f4abeb6d13e1786\okio-jvm-3.6.0.jar as it is up-to-date.
Transforming kotlin-stdlib-jdk7-1.9.10.jar (org.jetbrains.kotlin:kotlin-stdlib-jdk7:1.9.10) with JetifyTransform
Transforming okio-jvm-3.6.0.jar (com.squareup.okio:okio-jvm:3.6.0) with ExtractJniTransform
Caching disabled for ExtractJniTransform: C:\Users\user\.gradle\caches\transforms-3\7bb0199679dd1c71b81822bc48e5fa07\transformed\jetified-retrofit-2.9.0.jar because:
  Build cache is disabled
Skipping ExtractJniTransform: C:\Users\user\.gradle\caches\transforms-3\7bb0199679dd1c71b81822bc48e5fa07\transformed\jetified-retrofit-2.9.0.jar as it is up-to-date.
Caching disabled for ExtractJniTransform: C:\Users\user\.gradle\caches\transforms-3\bba663ab8ecedbea7764f0d84209caf8\transformed\jetified-kotlinx-coroutines-android-1.7.3.jar because:
  Build cache is disabled
Skipping ExtractJniTransform: C:\Users\user\.gradle\caches\transforms-3\bba663ab8ecedbea7764f0d84209caf8\transformed\jetified-kotlinx-coroutines-android-1.7.3.jar as it is up-to-date.
Caching disabled for JetifyTransform: C:\Users\user\.gradle\caches\modules-2\files-2.1\org.jetbrains.kotlin\kotlin-android-extensions-runtime\1.9.22\ee3bc0c3b55cb516ac92d6a093e1b939166b86a2\kotlin-android-extensions-runtime-1.9.22.jar because:
  Build cache is disabled
Caching disabled for JetifyTransform: C:\Users\user\.gradle\caches\modules-2\files-2.1\org.jetbrains.kotlin\kotlin-stdlib-jdk8\1.9.10\c7510d64a83411a649c76f2778304ddf71d7437b\kotlin-stdlib-jdk8-1.9.10.jar because:
  Build cache is disabled
Skipping JetifyTransform: C:\Users\user\.gradle\caches\modules-2\files-2.1\org.jetbrains.kotlin\kotlin-stdlib-jdk8\1.9.10\c7510d64a83411a649c76f2778304ddf71d7437b\kotlin-stdlib-jdk8-1.9.10.jar as it is up-to-date.
Skipping JetifyTransform: C:\Users\user\.gradle\caches\modules-2\files-2.1\org.jetbrains.kotlin\kotlin-android-extensions-runtime\1.9.22\ee3bc0c3b55cb516ac92d6a093e1b939166b86a2\kotlin-android-extensions-runtime-1.9.22.jar as it is up-to-date.
Transforming kotlin-stdlib-jdk8-1.9.10.jar (org.jetbrains.kotlin:kotlin-stdlib-jdk8:1.9.10) with ExtractJniTransform
Transforming kotlin-android-extensions-runtime-1.9.22.jar (org.jetbrains.kotlin:kotlin-android-extensions-runtime:1.9.22) with ExtractJniTransform
Caching disabled for AarTransform: C:\Users\user\.gradle\caches\transforms-3\3d44061c8964bbe6cad35f32dd98185c\transformed\jetified-napier-release because:
  Build cache is disabled
Skipping AarTransform: C:\Users\user\.gradle\caches\transforms-3\3d44061c8964bbe6cad35f32dd98185c\transformed\jetified-napier-release as it is up-to-date.
Caching disabled for ExtractJniTransform: C:\Users\user\.gradle\caches\transforms-3\77152a2a635f9881362be8e1412de56f\transformed\jetified-okio-jvm-3.6.0.jar because:
  Build cache is disabled
Caching disabled for JetifyTransform: C:\Users\user\.gradle\caches\modules-2\files-2.1\org.jetbrains.kotlin\kotlin-stdlib-jdk7\1.9.10\bc5bfc2690338defd5195b05c57562f2194eeb10\kotlin-stdlib-jdk7-1.9.10.jar because:
  Build cache is disabled
Skipping ExtractJniTransform: C:\Users\user\.gradle\caches\transforms-3\77152a2a635f9881362be8e1412de56f\transformed\jetified-okio-jvm-3.6.0.jar as it is up-to-date.
Caching disabled for ExtractJniTransform: C:\Users\user\.gradle\caches\transforms-3\8ae3b60496e0dd8965771a4a1ab68581\transformed\jetified-okhttp-4.12.0.jar because:
  Build cache is disabled
Skipping JetifyTransform: C:\Users\user\.gradle\caches\modules-2\files-2.1\org.jetbrains.kotlin\kotlin-stdlib-jdk7\1.9.10\bc5bfc2690338defd5195b05c57562f2194eeb10\kotlin-stdlib-jdk7-1.9.10.jar as it is up-to-date.
Skipping ExtractJniTransform: C:\Users\user\.gradle\caches\transforms-3\8ae3b60496e0dd8965771a4a1ab68581\transformed\jetified-okhttp-4.12.0.jar as it is up-to-date.
Transforming kotlin-stdlib-jdk7-1.9.10.jar (org.jetbrains.kotlin:kotlin-stdlib-jdk7:1.9.10) with ExtractJniTransform
Caching disabled for AarTransform: C:\Users\user\.gradle\caches\transforms-3\4ec695ed94a8284d6fd7bdbfc66270dc\transformed\jetified-annotation-experimental-1.4.0 because:
  Build cache is disabled
Skipping AarTransform: C:\Users\user\.gradle\caches\transforms-3\4ec695ed94a8284d6fd7bdbfc66270dc\transformed\jetified-annotation-experimental-1.4.0 as it is up-to-date.
Transforming resourceinspection-annotation-1.0.1.jar (androidx.resourceinspection:resourceinspection-annotation:1.0.1) with JetifyTransform
Caching disabled for ExtractJniTransform: C:\Users\user\.gradle\caches\transforms-3\6d93db5f7bed33676134b9ab052a2526\transformed\jetified-kotlin-stdlib-jdk7-1.9.10.jar because:
  Build cache is disabled
Skipping ExtractJniTransform: C:\Users\user\.gradle\caches\transforms-3\6d93db5f7bed33676134b9ab052a2526\transformed\jetified-kotlin-stdlib-jdk7-1.9.10.jar as it is up-to-date.
Caching disabled for AarTransform: C:\Users\user\.gradle\caches\transforms-3\22c98dd52680fc31e34a15f54a9f94d2\transformed\cardview-1.0.0 because:
  Build cache is disabled
Skipping AarTransform: C:\Users\user\.gradle\caches\transforms-3\22c98dd52680fc31e34a15f54a9f94d2\transformed\cardview-1.0.0 as it is up-to-date.
Caching disabled for ExtractJniTransform: C:\Users\user\.gradle\caches\transforms-3\752749e2153ae499cafc02c721e09a60\transformed\jetified-kotlin-stdlib-jdk8-1.9.10.jar because:
  Build cache is disabled
Caching disabled for AarTransform: C:\Users\user\.gradle\caches\transforms-3\43654c406d94ba418e69a2f38c0ce75a\transformed\cursoradapter-1.0.0 because:
  Build cache is disabled
Skipping ExtractJniTransform: C:\Users\user\.gradle\caches\transforms-3\752749e2153ae499cafc02c721e09a60\transformed\jetified-kotlin-stdlib-jdk8-1.9.10.jar as it is up-to-date.
Caching disabled for ExtractJniTransform: C:\Users\user\.gradle\caches\transforms-3\9d137afe6c7c0b28d85fcf45079e2505\transformed\jetified-kotlin-android-extensions-runtime-1.9.22.jar because:
  Build cache is disabled
Skipping AarTransform: C:\Users\user\.gradle\caches\transforms-3\43654c406d94ba418e69a2f38c0ce75a\transformed\cursoradapter-1.0.0 as it is up-to-date.
Skipping ExtractJniTransform: C:\Users\user\.gradle\caches\transforms-3\9d137afe6c7c0b28d85fcf45079e2505\transformed\jetified-kotlin-android-extensions-runtime-1.9.22.jar as it is up-to-date.
Caching disabled for AarTransform: C:\Users\user\.gradle\caches\transforms-3\9736755219de9964c187b9748cea348a\transformed\core-runtime-2.2.0 because:
  Build cache is disabled
Skipping AarTransform: C:\Users\user\.gradle\caches\transforms-3\9736755219de9964c187b9748cea348a\transformed\core-runtime-2.2.0 as it is up-to-date.
Caching disabled for AarTransform: C:\Users\user\.gradle\caches\transforms-3\378ae54a4a79477d991a76c42d10201e\transformed\jetified-exoplayer-datasource-2.19.1 because:
  Build cache is disabled
Skipping AarTransform: C:\Users\user\.gradle\caches\transforms-3\378ae54a4a79477d991a76c42d10201e\transformed\jetified-exoplayer-datasource-2.19.1 as it is up-to-date.
Caching disabled for AarTransform: C:\Users\user\.gradle\caches\transforms-3\715d44aa31120efd79cf05422b37b84e\transformed\jetified-exoplayer-common-2.19.1 because:
  Build cache is disabled
Caching disabled for AarTransform: C:\Users\user\.gradle\caches\transforms-3\0774aba38fbb7a71a2e380171e0b7778\transformed\jetified-exoplayer-decoder-2.19.1 because:
  Build cache is disabled
Skipping AarTransform: C:\Users\user\.gradle\caches\transforms-3\715d44aa31120efd79cf05422b37b84e\transformed\jetified-exoplayer-common-2.19.1 as it is up-to-date.
Caching disabled for AarTransform: C:\Users\user\.gradle\caches\transforms-3\8eba7c3e4113638c557764cfd1246d65\transformed\interpolator-1.0.0 because:
  Build cache is disabled
Skipping AarTransform: C:\Users\user\.gradle\caches\transforms-3\8eba7c3e4113638c557764cfd1246d65\transformed\interpolator-1.0.0 as it is up-to-date.
Caching disabled for JetifyTransform: C:\Users\user\.gradle\caches\modules-2\files-2.1\androidx.resourceinspection\resourceinspection-annotation\1.0.1\8c21f8ff5d96d5d52c948707f7e4d6ca6773feef\resourceinspection-annotation-1.0.1.jar because:
  Build cache is disabled
Transforming core-common-2.2.0.jar (androidx.arch.core:core-common:2.2.0) with JetifyTransform
Caching disabled for AarTransform: C:\Users\user\.gradle\caches\transforms-3\c3fa91361cece7ab93c5fa0d01671725\transformed\jetified-exoplayer-container-2.19.1 because:
  Build cache is disabled
Skipping AarTransform: C:\Users\user\.gradle\caches\transforms-3\c3fa91361cece7ab93c5fa0d01671725\transformed\jetified-exoplayer-container-2.19.1 as it is up-to-date.
Skipping AarTransform: C:\Users\user\.gradle\caches\transforms-3\0774aba38fbb7a71a2e380171e0b7778\transformed\jetified-exoplayer-decoder-2.19.1 as it is up-to-date.
Caching disabled for AarTransform: C:\Users\user\.gradle\caches\transforms-3\7f41368f9514b52c773c9c6d9f2b90c2\transformed\jetified-exoplayer-database-2.19.1 because:
  Build cache is disabled
Caching disabled for AarTransform: C:\Users\user\.gradle\caches\transforms-3\2f746cdb46666a5ea31069a92ad1cee2\transformed\jetified-exoplayer-extractor-2.19.1 because:
  Build cache is disabled
Skipping AarTransform: C:\Users\user\.gradle\caches\transforms-3\7f41368f9514b52c773c9c6d9f2b90c2\transformed\jetified-exoplayer-database-2.19.1 as it is up-to-date.
Caching disabled for JetifyTransform: C:\Users\user\.gradle\caches\modules-2\files-2.1\androidx.arch.core\core-common\2.2.0\5e1b8b81dfd5f52c56a8d53b18ca759c19a301f3\core-common-2.2.0.jar because:
  Build cache is disabled
Skipping JetifyTransform: C:\Users\user\.gradle\caches\modules-2\files-2.1\androidx.resourceinspection\resourceinspection-annotation\1.0.1\8c21f8ff5d96d5d52c948707f7e4d6ca6773feef\resourceinspection-annotation-1.0.1.jar as it is up-to-date.
Skipping JetifyTransform: C:\Users\user\.gradle\caches\modules-2\files-2.1\androidx.arch.core\core-common\2.2.0\5e1b8b81dfd5f52c56a8d53b18ca759c19a301f3\core-common-2.2.0.jar as it is up-to-date.
Transforming resourceinspection-annotation-1.0.1.jar (androidx.resourceinspection:resourceinspection-annotation:1.0.1) with ExtractJniTransform
Transforming core-common-2.2.0.jar (androidx.arch.core:core-common:2.2.0) with ExtractJniTransform
Skipping AarTransform: C:\Users\user\.gradle\caches\transforms-3\2f746cdb46666a5ea31069a92ad1cee2\transformed\jetified-exoplayer-extractor-2.19.1 as it is up-to-date.
Caching disabled for AarTransform: C:\Users\user\.gradle\caches\transforms-3\82d49ae48ad7cd68ccf29f123b5e48ad\transformed\versionedparcelable-1.1.1 because:
  Build cache is disabled
Caching disabled for ExtractJniTransform: C:\Users\user\.gradle\caches\modules-2\files-2.1\androidx.arch.core\core-common\2.2.0\5e1b8b81dfd5f52c56a8d53b18ca759c19a301f3\core-common-2.2.0.jar because:
  Build cache is disabled
Skipping AarTransform: C:\Users\user\.gradle\caches\transforms-3\82d49ae48ad7cd68ccf29f123b5e48ad\transformed\versionedparcelable-1.1.1 as it is up-to-date.
Skipping ExtractJniTransform: C:\Users\user\.gradle\caches\modules-2\files-2.1\androidx.arch.core\core-common\2.2.0\5e1b8b81dfd5f52c56a8d53b18ca759c19a301f3\core-common-2.2.0.jar as it is up-to-date.
Caching disabled for AarTransform: C:\Users\user\.gradle\caches\transforms-3\c8dca9ca411b7b236189b876c168c300\transformed\jetified-profileinstaller-1.3.1 because:
  Build cache is disabled
Caching disabled for AarTransform: C:\Users\user\.gradle\caches\transforms-3\87361d05feba7a7d0f4af0c7c0d3e017\transformed\jetified-tracing-1.0.0 because:
  Build cache is disabled
Skipping AarTransform: C:\Users\user\.gradle\caches\transforms-3\87361d05feba7a7d0f4af0c7c0d3e017\transformed\jetified-tracing-1.0.0 as it is up-to-date.
Skipping AarTransform: C:\Users\user\.gradle\caches\transforms-3\c8dca9ca411b7b236189b876c168c300\transformed\jetified-profileinstaller-1.3.1 as it is up-to-date.
Caching disabled for ExtractJniTransform: C:\Users\user\.gradle\caches\transforms-3\9c90e71eec87fc9974ddbb15923f6333\transformed\jetified-resourceinspection-annotation-1.0.1.jar because:
  Build cache is disabled
Caching disabled for AarTransform: C:\Users\user\.gradle\caches\transforms-3\fe52cfe629053f967703c8ba77285e8b\transformed\jetified-startup-runtime-1.1.1 because:
  Build cache is disabled
Skipping ExtractJniTransform: C:\Users\user\.gradle\caches\transforms-3\9c90e71eec87fc9974ddbb15923f6333\transformed\jetified-resourceinspection-annotation-1.0.1.jar as it is up-to-date.
Transforming concurrent-futures-1.1.0.jar (androidx.concurrent:concurrent-futures:1.1.0) with JetifyTransform
Skipping AarTransform: C:\Users\user\.gradle\caches\transforms-3\fe52cfe629053f967703c8ba77285e8b\transformed\jetified-startup-runtime-1.1.1 as it is up-to-date.
Caching disabled for AarTransform: C:\Users\user\.gradle\caches\transforms-3\2c86103f160590f7e7be532bf55d34f7\transformed\localbroadcastmanager-1.0.0 because:
  Build cache is disabled
Skipping AarTransform: C:\Users\user\.gradle\caches\transforms-3\2c86103f160590f7e7be532bf55d34f7\transformed\localbroadcastmanager-1.0.0 as it is up-to-date.
Caching disabled for AarTransform: C:\Users\user\.gradle\caches\transforms-3\4122ce09f170e8a2afb176a358403d3a\transformed\print-1.0.0 because:
  Build cache is disabled
Skipping AarTransform: C:\Users\user\.gradle\caches\transforms-3\4122ce09f170e8a2afb176a358403d3a\transformed\print-1.0.0 as it is up-to-date.
Caching disabled for AarTransform: C:\Users\user\.gradle\caches\transforms-3\56896802246a3dbc3ea0a00275524921\transformed\exifinterface-1.3.6 because:
  Build cache is disabled
Skipping AarTransform: C:\Users\user\.gradle\caches\transforms-3\56896802246a3dbc3ea0a00275524921\transformed\exifinterface-1.3.6 as it is up-to-date.
Transforming collection-ktx-1.4.0.jar (androidx.collection:collection-ktx:1.4.0) with JetifyTransform
Caching disabled for JetifyTransform: C:\Users\user\.gradle\caches\modules-2\files-2.1\androidx.concurrent\concurrent-futures\1.1.0\50b7fb98350d5f42a4e49704b03278542293ba48\concurrent-futures-1.1.0.jar because:
  Build cache is disabled
Skipping JetifyTransform: C:\Users\user\.gradle\caches\modules-2\files-2.1\androidx.concurrent\concurrent-futures\1.1.0\50b7fb98350d5f42a4e49704b03278542293ba48\concurrent-futures-1.1.0.jar as it is up-to-date.
Caching disabled for AarTransform: C:\Users\user\.gradle\caches\transforms-3\54b5456fddcec85940b2ee402266c816\transformed\documentfile-1.0.0 because:
  Build cache is disabled
Skipping AarTransform: C:\Users\user\.gradle\caches\transforms-3\54b5456fddcec85940b2ee402266c816\transformed\documentfile-1.0.0 as it is up-to-date.
Transforming concurrent-futures-1.1.0.jar (androidx.concurrent:concurrent-futures:1.1.0) with ExtractJniTransform
Caching disabled for JetifyTransform: C:\Users\user\.gradle\caches\modules-2\files-2.1\androidx.collection\collection-ktx\1.4.0\2ad14aed781c4a73ed4dbb421966d408a0a06686\collection-ktx-1.4.0.jar because:
  Build cache is disabled
Transforming annotation-jvm-1.7.0.jar (androidx.annotation:annotation-jvm:1.7.0) with JetifyTransform
Caching disabled for AarTransform: C:\Users\user\.gradle\caches\transforms-3\e32c3b5e322944d64bfee37764a5fb00\transformed\jetified-volley-1.2.1 because:
  Build cache is disabled
Skipping JetifyTransform: C:\Users\user\.gradle\caches\modules-2\files-2.1\androidx.collection\collection-ktx\1.4.0\2ad14aed781c4a73ed4dbb421966d408a0a06686\collection-ktx-1.4.0.jar as it is up-to-date.
Skipping AarTransform: C:\Users\user\.gradle\caches\transforms-3\e32c3b5e322944d64bfee37764a5fb00\transformed\jetified-volley-1.2.1 as it is up-to-date.
Transforming collection-ktx-1.4.0.jar (androidx.collection:collection-ktx:1.4.0) with ExtractJniTransform
Caching disabled for ExtractJniTransform: C:\Users\user\.gradle\caches\transforms-3\4952dbf39e9f3615bfd2a00d64828bf5\transformed\jetified-concurrent-futures-1.1.0.jar because:
  Build cache is disabled
Transforming collection-jvm-1.4.0.jar (androidx.collection:collection-jvm:1.4.0) with JetifyTransform
Skipping ExtractJniTransform: C:\Users\user\.gradle\caches\transforms-3\4952dbf39e9f3615bfd2a00d64828bf5\transformed\jetified-concurrent-futures-1.1.0.jar as it is up-to-date.
Transforming kotlin-stdlib-1.9.22.jar (org.jetbrains.kotlin:kotlin-stdlib:1.9.22) with JetifyTransform
Caching disabled for AarTransform: C:\Users\user\.gradle\caches\transforms-3\77df13c6b2001957f35925c162d5e46d\transformed\jetified-Android-Image-Slider-1.4.0 because:
  Build cache is disabled
Skipping AarTransform: C:\Users\user\.gradle\caches\transforms-3\77df13c6b2001957f35925c162d5e46d\transformed\jetified-Android-Image-Slider-1.4.0 as it is up-to-date.
Caching disabled for ExtractJniTransform: C:\Users\user\.gradle\caches\transforms-3\2f4ffbf12272dad9f22d1ec3454e7182\transformed\jetified-collection-ktx-1.4.0.jar because:
  Build cache is disabled
Skipping ExtractJniTransform: C:\Users\user\.gradle\caches\transforms-3\2f4ffbf12272dad9f22d1ec3454e7182\transformed\jetified-collection-ktx-1.4.0.jar as it is up-to-date.
Transforming annotations-23.0.0.jar (org.jetbrains:annotations:23.0.0) with JetifyTransform
Caching disabled for JetifyTransform: C:\Users\user\.gradle\caches\modules-2\files-2.1\androidx.annotation\annotation-jvm\1.7.0\920472d40adcdef5e18708976b3e314f9a636fcd\annotation-jvm-1.7.0.jar because:
  Build cache is disabled
Caching disabled for AarTransform: C:\Users\user\.gradle\caches\transforms-3\3c8d6d9f40fe01c17d4d4666fd356dbc\transformed\jetified-circleimageview-3.1.0 because:
  Build cache is disabled
Skipping JetifyTransform: C:\Users\user\.gradle\caches\modules-2\files-2.1\androidx.annotation\annotation-jvm\1.7.0\920472d40adcdef5e18708976b3e314f9a636fcd\annotation-jvm-1.7.0.jar as it is up-to-date.
Skipping AarTransform: C:\Users\user\.gradle\caches\transforms-3\3c8d6d9f40fe01c17d4d4666fd356dbc\transformed\jetified-circleimageview-3.1.0 as it is up-to-date.
Transforming guava-31.1-android.jar (com.google.guava:guava:31.1-android) with JetifyTransform
Transforming annotation-jvm-1.7.0.jar (androidx.annotation:annotation-jvm:1.7.0) with ExtractJniTransform
Caching disabled for JetifyTransform: C:\Users\user\.gradle\caches\modules-2\files-2.1\androidx.collection\collection-jvm\1.4.0\e209fb7bd1183032f55a0408121c6251a81acb49\collection-jvm-1.4.0.jar because:
  Build cache is disabled
Skipping JetifyTransform: C:\Users\user\.gradle\caches\modules-2\files-2.1\androidx.collection\collection-jvm\1.4.0\e209fb7bd1183032f55a0408121c6251a81acb49\collection-jvm-1.4.0.jar as it is up-to-date.
Transforming collection-jvm-1.4.0.jar (androidx.collection:collection-jvm:1.4.0) with ExtractJniTransform
Transforming error_prone_annotations-2.15.0.jar (com.google.errorprone:error_prone_annotations:2.15.0) with JetifyTransform
Transforming hilt-core-2.49.jar (com.google.dagger:hilt-core:2.49) with JetifyTransform
Caching disabled for JetifyTransform: C:\Users\user\.gradle\caches\modules-2\files-2.1\org.jetbrains\annotations\23.0.0\8cc20c07506ec18e0834947b84a864bfc094484e\annotations-23.0.0.jar because:
  Build cache is disabled
Skipping JetifyTransform: C:\Users\user\.gradle\caches\modules-2\files-2.1\org.jetbrains\annotations\23.0.0\8cc20c07506ec18e0834947b84a864bfc094484e\annotations-23.0.0.jar as it is up-to-date.
Caching disabled for JetifyTransform: C:\Users\user\.gradle\caches\modules-2\files-2.1\com.google.guava\guava\31.1-android\9222c47cc3ae890f07f7c961bbb3cb69050fe4aa\guava-31.1-android.jar because:
  Build cache is disabled
Caching disabled for ExtractJniTransform: C:\Users\user\.gradle\caches\transforms-3\42e8d76518df9ea4cb448b1ce9157841\transformed\jetified-collection-jvm-1.4.0.jar because:
  Build cache is disabled
Skipping JetifyTransform: C:\Users\user\.gradle\caches\modules-2\files-2.1\com.google.guava\guava\31.1-android\9222c47cc3ae890f07f7c961bbb3cb69050fe4aa\guava-31.1-android.jar as it is up-to-date.
Skipping ExtractJniTransform: C:\Users\user\.gradle\caches\transforms-3\42e8d76518df9ea4cb448b1ce9157841\transformed\jetified-collection-jvm-1.4.0.jar as it is up-to-date.
Transforming guava-31.1-android.jar (com.google.guava:guava:31.1-android) with ExtractJniTransform
Transforming annotations-23.0.0.jar (org.jetbrains:annotations:23.0.0) with ExtractJniTransform
Caching disabled for ExtractJniTransform: C:\Users\user\.gradle\caches\transforms-3\83f966be81996885906751c46a8853bd\transformed\jetified-annotation-jvm-1.7.0.jar because:
  Build cache is disabled
Skipping ExtractJniTransform: C:\Users\user\.gradle\caches\transforms-3\83f966be81996885906751c46a8853bd\transformed\jetified-annotation-jvm-1.7.0.jar as it is up-to-date.
Caching disabled for JetifyTransform: C:\Users\user\.gradle\caches\modules-2\files-2.1\org.jetbrains.kotlin\kotlin-stdlib\1.9.22\d6c44cd08d8f3f9bece8101216dbe6553365c6e3\kotlin-stdlib-1.9.22.jar because:
  Build cache is disabled
Skipping JetifyTransform: C:\Users\user\.gradle\caches\modules-2\files-2.1\org.jetbrains.kotlin\kotlin-stdlib\1.9.22\d6c44cd08d8f3f9bece8101216dbe6553365c6e3\kotlin-stdlib-1.9.22.jar as it is up-to-date.
Transforming kotlin-stdlib-1.9.22.jar (org.jetbrains.kotlin:kotlin-stdlib:1.9.22) with ExtractJniTransform
Caching disabled for JetifyTransform: C:\Users\user\.gradle\caches\modules-2\files-2.1\com.google.errorprone\error_prone_annotations\2.15.0\38c8485a652f808c8c149150da4e5c2b0bd17f9a\error_prone_annotations-2.15.0.jar because:
  Build cache is disabled
Caching disabled for JetifyTransform: C:\Users\user\.gradle\caches\modules-2\files-2.1\com.google.dagger\dagger\2.49\97fd74aa05761e8ea9bb5d02245f39eae30b5483\dagger-2.49.jar because:
  Build cache is disabled
Caching disabled for ExtractJniTransform: C:\Users\user\.gradle\caches\transforms-3\a3d7bd5a9a3e49f43871c691f0fe8576\transformed\jetified-annotations-23.0.0.jar because:
  Build cache is disabled
Caching disabled for JetifyTransform: C:\Users\user\.gradle\caches\modules-2\files-2.1\com.google.dagger\hilt-core\2.49\dec1221f1b48d8e46f38bcc1953dac3b74a4641f\hilt-core-2.49.jar because:
  Build cache is disabled
Skipping JetifyTransform: C:\Users\user\.gradle\caches\modules-2\files-2.1\com.google.errorprone\error_prone_annotations\2.15.0\38c8485a652f808c8c149150da4e5c2b0bd17f9a\error_prone_annotations-2.15.0.jar as it is up-to-date.
Skipping ExtractJniTransform: C:\Users\user\.gradle\caches\transforms-3\a3d7bd5a9a3e49f43871c691f0fe8576\transformed\jetified-annotations-23.0.0.jar as it is up-to-date.
Skipping JetifyTransform: C:\Users\user\.gradle\caches\modules-2\files-2.1\com.google.dagger\dagger\2.49\97fd74aa05761e8ea9bb5d02245f39eae30b5483\dagger-2.49.jar as it is up-to-date.
Skipping JetifyTransform: C:\Users\user\.gradle\caches\modules-2\files-2.1\com.google.dagger\hilt-core\2.49\dec1221f1b48d8e46f38bcc1953dac3b74a4641f\hilt-core-2.49.jar as it is up-to-date.
Transforming error_prone_annotations-2.15.0.jar (com.google.errorprone:error_prone_annotations:2.15.0) with ExtractJniTransform
Transforming dagger-2.49.jar (com.google.dagger:dagger:2.49) with ExtractJniTransform
Caching disabled for ExtractJniTransform: C:\Users\user\.gradle\caches\transforms-3\5bcbec75043d4518ba5cb538d57ceed2\transformed\jetified-guava-31.1-android.jar because:
  Build cache is disabled
Skipping ExtractJniTransform: C:\Users\user\.gradle\caches\transforms-3\5bcbec75043d4518ba5cb538d57ceed2\transformed\jetified-guava-31.1-android.jar as it is up-to-date.
Transforming hilt-core-2.49.jar (com.google.dagger:hilt-core:2.49) with ExtractJniTransform
Caching disabled for AarTransform: C:\Users\user\.gradle\caches\transforms-3\17460feccaee72c1c7a59c8d3aa5599a\transformed\jetified-dagger-lint-aar-2.49 because:
  Build cache is disabled
Caching disabled for ExtractJniTransform: C:\Users\user\.gradle\caches\transforms-3\7936f430f812b202848f563f75f3ce7a\transformed\jetified-dagger-2.49.jar because:
  Build cache is disabled
Skipping AarTransform: C:\Users\user\.gradle\caches\transforms-3\17460feccaee72c1c7a59c8d3aa5599a\transformed\jetified-dagger-lint-aar-2.49 as it is up-to-date.
Caching disabled for ExtractJniTransform: C:\Users\user\.gradle\caches\transforms-3\2e53967e99a2efb836f0fec11a705eb6\transformed\jetified-error_prone_annotations-2.15.0.jar because:
  Build cache is disabled
Skipping ExtractJniTransform: C:\Users\user\.gradle\caches\transforms-3\2e53967e99a2efb836f0fec11a705eb6\transformed\jetified-error_prone_annotations-2.15.0.jar as it is up-to-date.
Transforming gson-2.8.5.jar (com.google.code.gson:gson:2.8.5) with JetifyTransform
Skipping ExtractJniTransform: C:\Users\user\.gradle\caches\transforms-3\7936f430f812b202848f563f75f3ce7a\transformed\jetified-dagger-2.49.jar as it is up-to-date.
Caching disabled for JetifyTransform: C:\Users\user\.gradle\caches\modules-2\files-2.1\com.google.code.findbugs\jsr305\3.0.2\25ea2e8b0c338a877313bd4672d3fe056ea78f0d\jsr305-3.0.2.jar because:
  Build cache is disabled
Caching disabled for JetifyTransform: C:\Users\user\.gradle\caches\modules-2\files-2.1\javax.inject\javax.inject\1\6975da39a7040257bd51d21a231b76c915872d38\javax.inject-1.jar because:
  Build cache is disabled
Skipping JetifyTransform: C:\Users\user\.gradle\caches\modules-2\files-2.1\com.google.code.findbugs\jsr305\3.0.2\25ea2e8b0c338a877313bd4672d3fe056ea78f0d\jsr305-3.0.2.jar as it is up-to-date.
Skipping JetifyTransform: C:\Users\user\.gradle\caches\modules-2\files-2.1\javax.inject\javax.inject\1\6975da39a7040257bd51d21a231b76c915872d38\javax.inject-1.jar as it is up-to-date.
Transforming constraintlayout-solver-2.0.1.jar (androidx.constraintlayout:constraintlayout-solver:2.0.1) with JetifyTransform
Transforming jsr305-3.0.2.jar (com.google.code.findbugs:jsr305:3.0.2) with ExtractJniTransform
Transforming javax.inject-1.jar (javax.inject:javax.inject:1) with ExtractJniTransform
Caching disabled for JetifyTransform: C:\Users\user\.gradle\caches\modules-2\files-2.1\com.google.code.gson\gson\2.8.5\f645ed69d595b24d4cf8b3fbb64cc505bede8829\gson-2.8.5.jar because:
  Build cache is disabled
Skipping JetifyTransform: C:\Users\user\.gradle\caches\modules-2\files-2.1\com.google.code.gson\gson\2.8.5\f645ed69d595b24d4cf8b3fbb64cc505bede8829\gson-2.8.5.jar as it is up-to-date.
Caching disabled for JetifyTransform: C:\Users\user\.gradle\caches\modules-2\files-2.1\com.google.guava\listenablefuture\9999.0-empty-to-avoid-conflict-with-guava\b421526c5f297295adef1c886e5246c39d4ac629\listenablefuture-9999.0-empty-to-avoid-conflict-with-guava.jar because:
  Build cache is disabled
Transforming gson-2.8.5.jar (com.google.code.gson:gson:2.8.5) with ExtractJniTransform
Skipping JetifyTransform: C:\Users\user\.gradle\caches\modules-2\files-2.1\com.google.guava\listenablefuture\9999.0-empty-to-avoid-conflict-with-guava\b421526c5f297295adef1c886e5246c39d4ac629\listenablefuture-9999.0-empty-to-avoid-conflict-with-guava.jar as it is up-to-date.
Transforming listenablefuture-9999.0-empty-to-avoid-conflict-with-guava.jar (com.google.guava:listenablefuture:9999.0-empty-to-avoid-conflict-with-guava) with ExtractJniTransform
Caching disabled for JetifyTransform: C:\Users\user\.gradle\caches\modules-2\files-2.1\androidx.constraintlayout\constraintlayout-solver\2.0.1\30988fe2d77f3fe3bf7551bb8a8b795fad7e7226\constraintlayout-solver-2.0.1.jar because:
  Build cache is disabled
Caching disabled for ExtractJniTransform: C:\Users\user\.gradle\caches\transforms-3\19187101f19803dbcfbd88e4dae1795e\transformed\jetified-jsr305-3.0.2.jar because:
  Build cache is disabled
Skipping JetifyTransform: C:\Users\user\.gradle\caches\modules-2\files-2.1\androidx.constraintlayout\constraintlayout-solver\2.0.1\30988fe2d77f3fe3bf7551bb8a8b795fad7e7226\constraintlayout-solver-2.0.1.jar as it is up-to-date.
Caching disabled for ExtractJniTransform: C:\Users\user\.gradle\caches\transforms-3\40cadb43b1c01898eeeb3529c96d2563\transformed\jetified-javax.inject-1.jar because:
  Build cache is disabled
Skipping ExtractJniTransform: C:\Users\user\.gradle\caches\transforms-3\19187101f19803dbcfbd88e4dae1795e\transformed\jetified-jsr305-3.0.2.jar as it is up-to-date.
Skipping ExtractJniTransform: C:\Users\user\.gradle\caches\transforms-3\40cadb43b1c01898eeeb3529c96d2563\transformed\jetified-javax.inject-1.jar as it is up-to-date.
Transforming constraintlayout-solver-2.0.1.jar (androidx.constraintlayout:constraintlayout-solver:2.0.1) with ExtractJniTransform
Caching disabled for ExtractJniTransform: C:\Users\user\.gradle\caches\transforms-3\903d7ba70be6ad17eeb78b6f8808620f\transformed\jetified-hilt-core-2.49.jar because:
  Build cache is disabled
Skipping ExtractJniTransform: C:\Users\user\.gradle\caches\transforms-3\903d7ba70be6ad17eeb78b6f8808620f\transformed\jetified-hilt-core-2.49.jar as it is up-to-date.
Caching disabled for ExtractJniTransform: C:\Users\user\.gradle\caches\transforms-3\9f16e3865a4dfc170695dda65dfb3e08\transformed\jetified-kotlin-stdlib-1.9.22.jar because:
  Build cache is disabled
Skipping ExtractJniTransform: C:\Users\user\.gradle\caches\transforms-3\9f16e3865a4dfc170695dda65dfb3e08\transformed\jetified-kotlin-stdlib-1.9.22.jar as it is up-to-date.
Caching disabled for ExtractJniTransform: C:\Users\user\.gradle\caches\modules-2\files-2.1\androidx.constraintlayout\constraintlayout-solver\2.0.1\30988fe2d77f3fe3bf7551bb8a8b795fad7e7226\constraintlayout-solver-2.0.1.jar because:
  Build cache is disabled
Caching disabled for JetifyTransform: C:\Users\user\.gradle\caches\modules-2\files-2.1\org.checkerframework\checker-qual\3.12.0\d5692f0526415fcc6de94bb5bfbd3afd9dd3b3e5\checker-qual-3.12.0.jar because:
  Build cache is disabled
Skipping ExtractJniTransform: C:\Users\user\.gradle\caches\modules-2\files-2.1\androidx.constraintlayout\constraintlayout-solver\2.0.1\30988fe2d77f3fe3bf7551bb8a8b795fad7e7226\constraintlayout-solver-2.0.1.jar as it is up-to-date.
Caching disabled for ExtractJniTransform: C:\Users\user\.gradle\caches\transforms-3\d8bd11bc02fdf2283eebd30102bbbade\transformed\jetified-listenablefuture-9999.0-empty-to-avoid-conflict-with-guava.jar because:
  Build cache is disabled
Skipping JetifyTransform: C:\Users\user\.gradle\caches\modules-2\files-2.1\org.checkerframework\checker-qual\3.12.0\d5692f0526415fcc6de94bb5bfbd3afd9dd3b3e5\checker-qual-3.12.0.jar as it is up-to-date.
Skipping ExtractJniTransform: C:\Users\user\.gradle\caches\transforms-3\d8bd11bc02fdf2283eebd30102bbbade\transformed\jetified-listenablefuture-9999.0-empty-to-avoid-conflict-with-guava.jar as it is up-to-date.
Caching disabled for JetifyTransform: C:\Users\user\.gradle\caches\modules-2\files-2.1\com.google.guava\failureaccess\1.0.1\1dcf1de382a0bf95a3d8b0849546c88bac1292c9\failureaccess-1.0.1.jar because:
  Build cache is disabled
Skipping JetifyTransform: C:\Users\user\.gradle\caches\modules-2\files-2.1\com.google.guava\failureaccess\1.0.1\1dcf1de382a0bf95a3d8b0849546c88bac1292c9\failureaccess-1.0.1.jar as it is up-to-date.
Transforming checker-qual-3.12.0.jar (org.checkerframework:checker-qual:3.12.0) with ExtractJniTransform
Transforming failureaccess-1.0.1.jar (com.google.guava:failureaccess:1.0.1) with ExtractJniTransform
Caching disabled for JetifyTransform: C:\Users\user\.gradle\caches\modules-2\files-2.1\com.google.j2objc\j2objc-annotations\1.3\ba035118bc8bac37d7eff77700720999acd9986d\j2objc-annotations-1.3.jar because:
  Build cache is disabled
Caching disabled for ExtractJniTransform: C:\Users\user\.gradle\caches\transforms-3\bceaab695a1c441583b5b8db13947daf\transformed\jetified-gson-2.8.5.jar because:
  Build cache is disabled
Skipping JetifyTransform: C:\Users\user\.gradle\caches\modules-2\files-2.1\com.google.j2objc\j2objc-annotations\1.3\ba035118bc8bac37d7eff77700720999acd9986d\j2objc-annotations-1.3.jar as it is up-to-date.
Skipping ExtractJniTransform: C:\Users\user\.gradle\caches\transforms-3\bceaab695a1c441583b5b8db13947daf\transformed\jetified-gson-2.8.5.jar as it is up-to-date.
Transforming j2objc-annotations-1.3.jar (com.google.j2objc:j2objc-annotations:1.3) with ExtractJniTransform
Caching disabled for AarTransform: C:\Users\user\.gradle\caches\transforms-3\f0f9ccfae522ac4dd97fb98b3f926856\transformed\appcompat-1.6.1 because:
  Build cache is disabled
Skipping AarTransform: C:\Users\user\.gradle\caches\transforms-3\f0f9ccfae522ac4dd97fb98b3f926856\transformed\appcompat-1.6.1 as it is up-to-date.
Caching disabled for ExtractJniTransform: C:\Users\user\.gradle\caches\transforms-3\990fc3dabcc3f8ea1ba468e5491155fd\transformed\jetified-checker-qual-3.12.0.jar because:
  Build cache is disabled
Caching disabled for AarTransform: C:\Users\user\.gradle\caches\transforms-3\73d67742e5e0faeb12f6359aec9f4317\transformed\jetified-coil-base-2.5.0 because:
  Build cache is disabled
Skipping AarTransform: C:\Users\user\.gradle\caches\transforms-3\73d67742e5e0faeb12f6359aec9f4317\transformed\jetified-coil-base-2.5.0 as it is up-to-date.
Caching disabled for AarTransform: C:\Users\user\.gradle\caches\transforms-3\b279794bd278a40574c8244342fbb052\transformed\jetified-coil-2.5.0 because:
  Build cache is disabled
Caching disabled for ExtractJniTransform: C:\Users\user\.gradle\caches\transforms-3\0d8fc86428c6ca6b8589156b99d8617b\transformed\jetified-j2objc-annotations-1.3.jar because:
  Build cache is disabled
Skipping ExtractJniTransform: C:\Users\user\.gradle\caches\transforms-3\990fc3dabcc3f8ea1ba468e5491155fd\transformed\jetified-checker-qual-3.12.0.jar as it is up-to-date.
Skipping ExtractJniTransform: C:\Users\user\.gradle\caches\transforms-3\0d8fc86428c6ca6b8589156b99d8617b\transformed\jetified-j2objc-annotations-1.3.jar as it is up-to-date.
Skipping AarTransform: C:\Users\user\.gradle\caches\transforms-3\b279794bd278a40574c8244342fbb052\transformed\jetified-coil-2.5.0 as it is up-to-date.
Caching disabled for ExtractJniTransform: C:\Users\user\.gradle\caches\transforms-3\b6da9824ac421333ab94aed5f4016f70\transformed\jetified-failureaccess-1.0.1.jar because:
  Build cache is disabled
Skipping ExtractJniTransform: C:\Users\user\.gradle\caches\transforms-3\b6da9824ac421333ab94aed5f4016f70\transformed\jetified-failureaccess-1.0.1.jar as it is up-to-date.
Caching disabled for AarTransform: C:\Users\user\.gradle\caches\transforms-3\14c109339047e7a54ee79e8f23fe26ef\transformed\jetified-appcompat-resources-1.6.1 because:
  Build cache is disabled
Skipping AarTransform: C:\Users\user\.gradle\caches\transforms-3\14c109339047e7a54ee79e8f23fe26ef\transformed\jetified-appcompat-resources-1.6.1 as it is up-to-date.
Caching disabled for AarTransform: C:\Users\user\.gradle\caches\transforms-3\ba655bab558f728b21e193f216f3fd5b\transformed\constraintlayout-2.0.1 because:
  Build cache is disabled
Skipping AarTransform: C:\Users\user\.gradle\caches\transforms-3\ba655bab558f728b21e193f216f3fd5b\transformed\constraintlayout-2.0.1 as it is up-to-date.
Skipping task ':app:mergeReleaseNativeLibs' as it has no source files and no previous output files.
Resolve mutations for :app:stripReleaseDebugSymbols (Thread[#92,Execution worker Thread 9,5,main]) started.
:app:stripReleaseDebugSymbols (Thread[#92,Execution worker Thread 9,5,main]) started.

> Task :app:stripReleaseDebugSymbols NO-SOURCE
Skipping task ':app:stripReleaseDebugSymbols' as it has no source files and no previous output files.
Resolve mutations for :app:extractReleaseNativeSymbolTables (Thread[#92,Execution worker Thread 9,5,main]) started.
:app:extractReleaseNativeSymbolTables (Thread[#92,Execution worker Thread 9,5,main]) started.

> Task :app:extractReleaseNativeSymbolTables NO-SOURCE
Skipping task ':app:extractReleaseNativeSymbolTables' as it has no source files and no previous output files.
Resolve mutations for :app:mergeReleaseNativeDebugMetadata (Thread[#92,Execution worker Thread 9,5,main]) started.
:app:mergeReleaseNativeDebugMetadata (Thread[#92,Execution worker Thread 9,5,main]) started.

> Task :app:mergeReleaseNativeDebugMetadata NO-SOURCE
Skipping task ':app:mergeReleaseNativeDebugMetadata' as it has no source files and no previous output files.
Resolve mutations for :app:checkReleaseDuplicateClasses (Thread[#92,Execution worker Thread 9,5,main]) started.
:app:checkReleaseDuplicateClasses (Thread[#92,Execution worker Thread 9,5,main]) started.

> Task :app:checkReleaseDuplicateClasses UP-TO-DATE
Transforming material-1.11.0.aar (com.google.android.material:material:1.11.0) with JetifyTransform
Transforming material-1.11.0.aar (com.google.android.material:material:1.11.0) with AarToClassTransform
Transforming lottie-compose-6.1.0.aar (com.airbnb.android:lottie-compose:6.1.0) with JetifyTransform
Transforming lottie-compose-6.1.0.aar (com.airbnb.android:lottie-compose:6.1.0) with AarToClassTransform
Transforming lottie-6.1.0.aar (com.airbnb.android:lottie:6.1.0) with JetifyTransform
Transforming lottie-6.1.0.aar (com.airbnb.android:lottie:6.1.0) with AarToClassTransform
Transforming coil-compose-2.5.0.aar (io.coil-kt:coil-compose:2.5.0) with JetifyTransform
Transforming coil-compose-2.5.0.aar (io.coil-kt:coil-compose:2.5.0) with AarToClassTransform
Transforming coil-compose-base-2.5.0.aar (io.coil-kt:coil-compose-base:2.5.0) with JetifyTransform
Transforming coil-compose-base-2.5.0.aar (io.coil-kt:coil-compose-base:2.5.0) with AarToClassTransform
Transforming coil-2.5.0.aar (io.coil-kt:coil:2.5.0) with JetifyTransform
Transforming coil-2.5.0.aar (io.coil-kt:coil:2.5.0) with AarToClassTransform
Transforming coil-base-2.5.0.aar (io.coil-kt:coil-base:2.5.0) with JetifyTransform
Transforming coil-base-2.5.0.aar (io.coil-kt:coil-base:2.5.0) with AarToClassTransform
Transforming appcompat-resources-1.6.1.aar (androidx.appcompat:appcompat-resources:1.6.1) with JetifyTransform
Caching disabled for AarToClassTransform: C:\Users\user\.gradle\caches\modules-2\files-2.1\com.google.android.material\material\1.11.0\e46abb2e27abed3ad274ba96b169a4c61fbb11fd\material-1.11.0.aar because:
  Build cache is disabled
Transforming appcompat-resources-1.6.1.aar (androidx.appcompat:appcompat-resources:1.6.1) with AarToClassTransform
Skipping AarToClassTransform: C:\Users\user\.gradle\caches\modules-2\files-2.1\com.google.android.material\material\1.11.0\e46abb2e27abed3ad274ba96b169a4c61fbb11fd\material-1.11.0.aar as it is up-to-date.
Transforming constraintlayout-2.0.1.aar (androidx.constraintlayout:constraintlayout:2.0.1) with JetifyTransform
Transforming constraintlayout-2.0.1.aar (androidx.constraintlayout:constraintlayout:2.0.1) with AarToClassTransform
Transforming material-1.11.0.aar (com.google.android.material:material:1.11.0) with EnumerateClassesTransform
Caching disabled for AarToClassTransform: C:\Users\user\.gradle\caches\transforms-3\f3d2f13db9cc613f09ac253f5a11d2bc\transformed\jetified-lottie-compose-6.1.0.aar because:
  Build cache is disabled
Skipping AarToClassTransform: C:\Users\user\.gradle\caches\transforms-3\f3d2f13db9cc613f09ac253f5a11d2bc\transformed\jetified-lottie-compose-6.1.0.aar as it is up-to-date.
Caching disabled for AarToClassTransform: C:\Users\user\.gradle\caches\transforms-3\0a8916c9023a0c8953561b4e842192b7\transformed\jetified-lottie-6.1.0.aar because:
  Build cache is disabled
Skipping AarToClassTransform: C:\Users\user\.gradle\caches\transforms-3\0a8916c9023a0c8953561b4e842192b7\transformed\jetified-lottie-6.1.0.aar as it is up-to-date.
Transforming lottie-compose-6.1.0.aar (com.airbnb.android:lottie-compose:6.1.0) with EnumerateClassesTransform
Transforming lottie-6.1.0.aar (com.airbnb.android:lottie:6.1.0) with EnumerateClassesTransform
Transforming appcompat-1.6.1.aar (androidx.appcompat:appcompat:1.6.1) with JetifyTransform
Transforming appcompat-1.6.1.aar (androidx.appcompat:appcompat:1.6.1) with AarToClassTransform
Transforming viewpager2-1.0.0.aar (androidx.viewpager2:viewpager2:1.0.0) with JetifyTransform
Transforming viewpager2-1.0.0.aar (androidx.viewpager2:viewpager2:1.0.0) with AarToClassTransform
Transforming play-services-ads-22.6.0.aar (com.google.android.gms:play-services-ads:22.6.0) with JetifyTransform
Transforming play-services-ads-22.6.0.aar (com.google.android.gms:play-services-ads:22.6.0) with AarToClassTransform
Transforming play-services-appset-16.0.1.aar (com.google.android.gms:play-services-appset:16.0.1) with JetifyTransform
Transforming play-services-appset-16.0.1.aar (com.google.android.gms:play-services-appset:16.0.1) with AarToClassTransform
Transforming play-services-base-18.2.0.aar (com.google.android.gms:play-services-base:18.2.0) with JetifyTransform
Caching disabled for EnumerateClassesTransform: C:\Users\user\.gradle\caches\transforms-3\2eeda5ae97d972912d86cc76444d3012\transformed\material-1.11.0-runtime.jar because:
  Build cache is disabled
Skipping EnumerateClassesTransform: C:\Users\user\.gradle\caches\transforms-3\2eeda5ae97d972912d86cc76444d3012\transformed\material-1.11.0-runtime.jar as it is up-to-date.
Transforming play-services-base-18.2.0.aar (com.google.android.gms:play-services-base:18.2.0) with AarToClassTransform
Transforming play-services-base-18.2.0.aar (com.google.android.gms:play-services-base:18.2.0) with JetifyTransform
Transforming play-services-base-18.2.0.aar (com.google.android.gms:play-services-base:18.2.0) with AarToClassTransform
Transforming drawerlayout-1.1.1.aar (androidx.drawerlayout:drawerlayout:1.1.1) with JetifyTransform
Transforming drawerlayout-1.1.1.aar (androidx.drawerlayout:drawerlayout:1.1.1) with AarToClassTransform
Transforming coordinatorlayout-1.1.0.aar (androidx.coordinatorlayout:coordinatorlayout:1.1.0) with JetifyTransform
Transforming coordinatorlayout-1.1.0.aar (androidx.coordinatorlayout:coordinatorlayout:1.1.0) with AarToClassTransform
Transforming dynamicanimation-1.0.0.aar (androidx.dynamicanimation:dynamicanimation:1.0.0) with JetifyTransform
Transforming dynamicanimation-1.0.0.aar (androidx.dynamicanimation:dynamicanimation:1.0.0) with AarToClassTransform
Transforming transition-1.2.0.aar (androidx.transition:transition:1.2.0) with JetifyTransform
Transforming transition-1.2.0.aar (androidx.transition:transition:1.2.0) with AarToClassTransform
Transforming vectordrawable-animated-1.1.0.aar (androidx.vectordrawable:vectordrawable-animated:1.1.0) with JetifyTransform
Transforming vectordrawable-animated-1.1.0.aar (androidx.vectordrawable:vectordrawable-animated:1.1.0) with AarToClassTransform
Transforming vectordrawable-1.1.0.aar (androidx.vectordrawable:vectordrawable:1.1.0) with JetifyTransform
Transforming vectordrawable-1.1.0.aar (androidx.vectordrawable:vectordrawable:1.1.0) with AarToClassTransform
Transforming vectordrawable-1.1.0.aar (androidx.vectordrawable:vectordrawable:1.1.0) with JetifyTransform
Transforming vectordrawable-1.1.0.aar (androidx.vectordrawable:vectordrawable:1.1.0) with AarToClassTransform
Transforming hilt-navigation-compose-1.1.0.aar (androidx.hilt:hilt-navigation-compose:1.1.0) with JetifyTransform
Transforming hilt-navigation-compose-1.1.0.aar (androidx.hilt:hilt-navigation-compose:1.1.0) with AarToClassTransform
Transforming hilt-navigation-1.1.0.aar (androidx.hilt:hilt-navigation:1.1.0) with JetifyTransform
Transforming hilt-navigation-1.1.0.aar (androidx.hilt:hilt-navigation:1.1.0) with AarToClassTransform
Transforming navigation-common-2.7.6.aar (androidx.navigation:navigation-common:2.7.6) with JetifyTransform
Transforming navigation-common-2.7.6.aar (androidx.navigation:navigation-common:2.7.6) with AarToClassTransform
Transforming navigation-runtime-2.7.6.aar (androidx.navigation:navigation-runtime:2.7.6) with JetifyTransform
Transforming navigation-runtime-2.7.6.aar (androidx.navigation:navigation-runtime:2.7.6) with AarToClassTransform
Transforming navigation-common-ktx-2.7.6.aar (androidx.navigation:navigation-common-ktx:2.7.6) with JetifyTransform
Transforming navigation-common-ktx-2.7.6.aar (androidx.navigation:navigation-common-ktx:2.7.6) with AarToClassTransform
Transforming navigation-runtime-ktx-2.7.6.aar (androidx.navigation:navigation-runtime-ktx:2.7.6) with JetifyTransform
Transforming navigation-runtime-ktx-2.7.6.aar (androidx.navigation:navigation-runtime-ktx:2.7.6) with AarToClassTransform
Transforming navigation-compose-2.7.6.aar (androidx.navigation:navigation-compose:2.7.6) with JetifyTransform
Transforming navigation-compose-2.7.6.aar (androidx.navigation:navigation-compose:2.7.6) with AarToClassTransform
Transforming accompanist-permissions-0.32.0.aar (com.google.accompanist:accompanist-permissions:0.32.0) with JetifyTransform
Transforming accompanist-permissions-0.32.0.aar (com.google.accompanist:accompanist-permissions:0.32.0) with AarToClassTransform
Transforming room-common-2.6.1.jar (androidx.room:room-common:2.6.1) with JetifyTransform
Transforming room-common-2.6.1.jar (androidx.room:room-common:2.6.1) with IdentityTransform
Caching disabled for AarToClassTransform: C:\Users\user\.gradle\caches\transforms-3\623aee7c30918b0bc372641a54efb960\transformed\jetified-coil-compose-base-2.5.0.aar because:
  Build cache is disabled
Skipping AarToClassTransform: C:\Users\user\.gradle\caches\transforms-3\623aee7c30918b0bc372641a54efb960\transformed\jetified-coil-compose-base-2.5.0.aar as it is up-to-date.
Caching disabled for EnumerateClassesTransform: C:\Users\user\.gradle\caches\transforms-3\3826c0a1118df35ffd26ef484ffc1939\transformed\jetified-lottie-compose-6.1.0-runtime.jar because:
  Build cache is disabled
Skipping EnumerateClassesTransform: C:\Users\user\.gradle\caches\transforms-3\3826c0a1118df35ffd26ef484ffc1939\transformed\jetified-lottie-compose-6.1.0-runtime.jar as it is up-to-date.
Caching disabled for AarToClassTransform: C:\Users\user\.gradle\caches\transforms-3\273c1ccbf3398e02dc2f14b75670e867\transformed\jetified-coil-2.5.0.aar because:
  Build cache is disabled
Caching disabled for AarToClassTransform: C:\Users\user\.gradle\caches\transforms-3\0d6660770032877c8bd659e064b2816a\transformed\jetified-coil-compose-2.5.0.aar because:
  Build cache is disabled
Skipping AarToClassTransform: C:\Users\user\.gradle\caches\transforms-3\273c1ccbf3398e02dc2f14b75670e867\transformed\jetified-coil-2.5.0.aar as it is up-to-date.
Skipping AarToClassTransform: C:\Users\user\.gradle\caches\transforms-3\0d6660770032877c8bd659e064b2816a\transformed\jetified-coil-compose-2.5.0.aar as it is up-to-date.
Transforming room-ktx-2.6.1.aar (androidx.room:room-ktx:2.6.1) with JetifyTransform
Transforming coil-2.5.0.aar (io.coil-kt:coil:2.5.0) with EnumerateClassesTransform
Transforming coil-compose-2.5.0.aar (io.coil-kt:coil-compose:2.5.0) with EnumerateClassesTransform
Transforming room-ktx-2.6.1.aar (androidx.room:room-ktx:2.6.1) with AarToClassTransform
Transforming play-services-ads-lite-22.6.0.aar (com.google.android.gms:play-services-ads-lite:22.6.0) with JetifyTransform
Transforming play-services-ads-lite-22.6.0.aar (com.google.android.gms:play-services-ads-lite:22.6.0) with AarToClassTransform
Transforming work-runtime-2.7.0.aar (androidx.work:work-runtime:2.7.0) with JetifyTransform
Transforming work-runtime-2.7.0.aar (androidx.work:work-runtime:2.7.0) with AarToClassTransform
Transforming room-runtime-2.6.1.aar (androidx.room:room-runtime:2.6.1) with JetifyTransform
Transforming room-runtime-2.6.1.aar (androidx.room:room-runtime:2.6.1) with AarToClassTransform
Transforming room-paging-2.6.1.aar (androidx.room:room-paging:2.6.1) with JetifyTransform
Transforming room-paging-2.6.1.aar (androidx.room:room-paging:2.6.1) with AarToClassTransform
Transforming paging-runtime-3.2.1.aar (androidx.paging:paging-runtime:3.2.1) with JetifyTransform
Transforming paging-runtime-3.2.1.aar (androidx.paging:paging-runtime:3.2.1) with AarToClassTransform
Transforming paging-common-ktx-3.2.1.jar (androidx.paging:paging-common-ktx:3.2.1) with JetifyTransform
Transforming paging-common-ktx-3.2.1.jar (androidx.paging:paging-common-ktx:3.2.1) with IdentityTransform
Transforming paging-common-3.2.1.jar (androidx.paging:paging-common:3.2.1) with JetifyTransform
Transforming paging-common-3.2.1.jar (androidx.paging:paging-common:3.2.1) with IdentityTransform
Transforming paging-runtime-ktx-3.2.1.aar (androidx.paging:paging-runtime-ktx:3.2.1) with JetifyTransform
Transforming paging-runtime-ktx-3.2.1.aar (androidx.paging:paging-runtime-ktx:3.2.1) with AarToClassTransform
Transforming paging-compose-3.2.1.aar (androidx.paging:paging-compose:3.2.1) with JetifyTransform
Transforming paging-compose-3.2.1.aar (androidx.paging:paging-compose:3.2.1) with AarToClassTransform
Transforming material3-release.aar (androidx.compose.material3:material3-android:1.2.0) with JetifyTransform
Transforming material3-release.aar (androidx.compose.material3:material3-android:1.2.0) with AarToClassTransform
Transforming material-ripple-release.aar (androidx.compose.material:material-ripple-android:1.6.1) with JetifyTransform
Transforming material-ripple-release.aar (androidx.compose.material:material-ripple-android:1.6.1) with AarToClassTransform
Caching disabled for EnumerateClassesTransform: C:\Users\user\.gradle\caches\transforms-3\8cd4d0ccb091658c7053ea15235aa3af\transformed\jetified-lottie-6.1.0-runtime.jar because:
  Build cache is disabled
Skipping EnumerateClassesTransform: C:\Users\user\.gradle\caches\transforms-3\8cd4d0ccb091658c7053ea15235aa3af\transformed\jetified-lottie-6.1.0-runtime.jar as it is up-to-date.
Transforming material-icons-core-release.aar (androidx.compose.material:material-icons-core-android:1.6.1) with JetifyTransform
Transforming material-icons-core-release.aar (androidx.compose.material:material-icons-core-android:1.6.1) with AarToClassTransform
Transforming material-release.aar (androidx.compose.material:material-android:1.6.1) with JetifyTransform
Transforming material-release.aar (androidx.compose.material:material-android:1.6.1) with AarToClassTransform
Transforming animation-core-release.aar (androidx.compose.animation:animation-core-android:1.6.1) with JetifyTransform
Transforming animation-core-release.aar (androidx.compose.animation:animation-core-android:1.6.1) with AarToClassTransform
Transforming animation-release.aar (androidx.compose.animation:animation-android:1.6.1) with JetifyTransform
Transforming animation-release.aar (androidx.compose.animation:animation-android:1.6.1) with AarToClassTransform
Transforming foundation-layout-release.aar (androidx.compose.foundation:foundation-layout-android:1.6.1) with JetifyTransform
Transforming foundation-layout-release.aar (androidx.compose.foundation:foundation-layout-android:1.6.1) with AarToClassTransform
Transforming foundation-release.aar (androidx.compose.foundation:foundation-android:1.6.1) with JetifyTransform
Transforming foundation-release.aar (androidx.compose.foundation:foundation-android:1.6.1) with AarToClassTransform
Transforming ui-unit-release.aar (androidx.compose.ui:ui-unit-android:1.6.1) with JetifyTransform
Transforming ui-unit-release.aar (androidx.compose.ui:ui-unit-android:1.6.1) with AarToClassTransform
Transforming ui-geometry-release.aar (androidx.compose.ui:ui-geometry-android:1.6.1) with JetifyTransform
Transforming ui-geometry-release.aar (androidx.compose.ui:ui-geometry-android:1.6.1) with AarToClassTransform
Transforming coil-compose-base-2.5.0.aar (io.coil-kt:coil-compose-base:2.5.0) with EnumerateClassesTransform
Caching disabled for AarToClassTransform: C:\Users\user\.gradle\caches\modules-2\files-2.1\androidx.constraintlayout\constraintlayout\2.0.1\fab633b1873e5c1fbe49d919fab85ed1f8cf47ca\constraintlayout-2.0.1.aar because:
  Build cache is disabled
Skipping AarToClassTransform: C:\Users\user\.gradle\caches\modules-2\files-2.1\androidx.constraintlayout\constraintlayout\2.0.1\fab633b1873e5c1fbe49d919fab85ed1f8cf47ca\constraintlayout-2.0.1.aar as it is up-to-date.
Transforming constraintlayout-2.0.1.aar (androidx.constraintlayout:constraintlayout:2.0.1) with EnumerateClassesTransform
Transforming ui-util-release.aar (androidx.compose.ui:ui-util-android:1.6.1) with JetifyTransform
Transforming ui-util-release.aar (androidx.compose.ui:ui-util-android:1.6.1) with AarToClassTransform
Transforming ui-text-release.aar (androidx.compose.ui:ui-text-android:1.6.1) with JetifyTransform
Transforming ui-text-release.aar (androidx.compose.ui:ui-text-android:1.6.1) with AarToClassTransform
Transforming ui-tooling-preview-release.aar (androidx.compose.ui:ui-tooling-preview-android:1.6.1) with JetifyTransform
Transforming ui-tooling-preview-release.aar (androidx.compose.ui:ui-tooling-preview-android:1.6.1) with AarToClassTransform
Transforming ui-graphics-release.aar (androidx.compose.ui:ui-graphics-android:1.6.1) with JetifyTransform
Transforming ui-graphics-release.aar (androidx.compose.ui:ui-graphics-android:1.6.1) with AarToClassTransform
Transforming runtime-saveable-release.aar (androidx.compose.runtime:runtime-saveable-android:1.6.1) with JetifyTransform
Transforming runtime-saveable-release.aar (androidx.compose.runtime:runtime-saveable-android:1.6.1) with AarToClassTransform
Transforming runtime-release.aar (androidx.compose.runtime:runtime-android:1.6.1) with JetifyTransform
Transforming runtime-release.aar (androidx.compose.runtime:runtime-android:1.6.1) with AarToClassTransform
Transforming runtime-livedata-1.6.1.aar (androidx.compose.runtime:runtime-livedata:1.6.1) with JetifyTransform
Transforming runtime-livedata-1.6.1.aar (androidx.compose.runtime:runtime-livedata:1.6.1) with AarToClassTransform
Transforming hilt-android-2.49.aar (com.google.dagger:hilt-android:2.49) with JetifyTransform
Transforming hilt-android-2.49.aar (com.google.dagger:hilt-android:2.49) with AarToClassTransform
Transforming play-services-tasks-18.0.2.aar (com.google.android.gms:play-services-tasks:18.0.2) with JetifyTransform
Transforming play-services-tasks-18.0.2.aar (com.google.android.gms:play-services-tasks:18.0.2) with AarToClassTransform
Transforming play-services-tasks-18.0.2.aar (com.google.android.gms:play-services-tasks:18.0.2) with JetifyTransform
Transforming play-services-tasks-18.0.2.aar (com.google.android.gms:play-services-tasks:18.0.2) with AarToClassTransform
Transforming play-services-tasks-18.0.2.aar (com.google.android.gms:play-services-tasks:18.0.2) with JetifyTransform
Transforming play-services-tasks-18.0.2.aar (com.google.android.gms:play-services-tasks:18.0.2) with AarToClassTransform
Transforming play-services-ads-base-22.6.0.aar (com.google.android.gms:play-services-ads-base:22.6.0) with JetifyTransform
Transforming play-services-ads-base-22.6.0.aar (com.google.android.gms:play-services-ads-base:22.6.0) with AarToClassTransform
Transforming play-services-ads-base-22.6.0.aar (com.google.android.gms:play-services-ads-base:22.6.0) with JetifyTransform
Transforming play-services-ads-base-22.6.0.aar (com.google.android.gms:play-services-ads-base:22.6.0) with AarToClassTransform
Transforming user-messaging-platform-2.1.0.aar (com.google.android.ump:user-messaging-platform:2.1.0) with JetifyTransform
Transforming user-messaging-platform-2.1.0.aar (com.google.android.ump:user-messaging-platform:2.1.0) with AarToClassTransform
Transforming play-services-ads-identifier-18.0.0.aar (com.google.android.gms:play-services-ads-identifier:18.0.0) with JetifyTransform
Transforming play-services-ads-identifier-18.0.0.aar (com.google.android.gms:play-services-ads-identifier:18.0.0) with AarToClassTransform
Transforming play-services-ads-identifier-18.0.0.aar (com.google.android.gms:play-services-ads-identifier:18.0.0) with JetifyTransform
Transforming play-services-ads-identifier-18.0.0.aar (com.google.android.gms:play-services-ads-identifier:18.0.0) with AarToClassTransform
Transforming play-services-measurement-sdk-api-20.1.2.aar (com.google.android.gms:play-services-measurement-sdk-api:20.1.2) with JetifyTransform
Transforming play-services-measurement-sdk-api-20.1.2.aar (com.google.android.gms:play-services-measurement-sdk-api:20.1.2) with AarToClassTransform
Transforming play-services-measurement-base-20.1.2.aar (com.google.android.gms:play-services-measurement-base:20.1.2) with JetifyTransform
Transforming play-services-measurement-base-20.1.2.aar (com.google.android.gms:play-services-measurement-base:20.1.2) with AarToClassTransform
Transforming play-services-basement-18.2.0.aar (com.google.android.gms:play-services-basement:18.2.0) with JetifyTransform
Transforming play-services-basement-18.2.0.aar (com.google.android.gms:play-services-basement:18.2.0) with AarToClassTransform
Transforming play-services-basement-18.2.0.aar (com.google.android.gms:play-services-basement:18.2.0) with JetifyTransform
Transforming play-services-basement-18.2.0.aar (com.google.android.gms:play-services-basement:18.2.0) with AarToClassTransform
Caching disabled for AarToClassTransform: C:\Users\user\.gradle\caches\transforms-3\9c5c22aa837753835ca871a8ed9398ae\transformed\jetified-play-services-appset-16.0.1.aar because:
  Build cache is disabled
Skipping AarToClassTransform: C:\Users\user\.gradle\caches\transforms-3\9c5c22aa837753835ca871a8ed9398ae\transformed\jetified-play-services-appset-16.0.1.aar as it is up-to-date.
Transforming play-services-appset-16.0.1.aar (com.google.android.gms:play-services-appset:16.0.1) with EnumerateClassesTransform
Transforming play-services-basement-18.2.0.aar (com.google.android.gms:play-services-basement:18.2.0) with JetifyTransform
Transforming play-services-basement-18.2.0.aar (com.google.android.gms:play-services-basement:18.2.0) with AarToClassTransform
Transforming play-services-basement-18.2.0.aar (com.google.android.gms:play-services-basement:18.2.0) with JetifyTransform
Transforming play-services-basement-18.2.0.aar (com.google.android.gms:play-services-basement:18.2.0) with AarToClassTransform
Transforming play-services-basement-18.2.0.aar (com.google.android.gms:play-services-basement:18.2.0) with JetifyTransform
Transforming play-services-basement-18.2.0.aar (com.google.android.gms:play-services-basement:18.2.0) with AarToClassTransform
Transforming play-services-basement-18.2.0.aar (com.google.android.gms:play-services-basement:18.2.0) with JetifyTransform
Transforming play-services-basement-18.2.0.aar (com.google.android.gms:play-services-basement:18.2.0) with AarToClassTransform
Transforming play-services-basement-18.2.0.aar (com.google.android.gms:play-services-basement:18.2.0) with JetifyTransform
Transforming play-services-basement-18.2.0.aar (com.google.android.gms:play-services-basement:18.2.0) with AarToClassTransform
Transforming play-services-basement-18.2.0.aar (com.google.android.gms:play-services-basement:18.2.0) with JetifyTransform
Transforming play-services-basement-18.2.0.aar (com.google.android.gms:play-services-basement:18.2.0) with AarToClassTransform
Transforming play-services-basement-18.2.0.aar (com.google.android.gms:play-services-basement:18.2.0) with JetifyTransform
Transforming play-services-basement-18.2.0.aar (com.google.android.gms:play-services-basement:18.2.0) with AarToClassTransform
Transforming play-services-basement-18.2.0.aar (com.google.android.gms:play-services-basement:18.2.0) with JetifyTransform
Transforming play-services-basement-18.2.0.aar (com.google.android.gms:play-services-basement:18.2.0) with AarToClassTransform
Transforming fragment-1.5.1.aar (androidx.fragment:fragment:1.5.1) with JetifyTransform
Transforming fragment-1.5.1.aar (androidx.fragment:fragment:1.5.1) with AarToClassTransform
Transforming fragment-1.5.1.aar (androidx.fragment:fragment:1.5.1) with JetifyTransform
Transforming fragment-1.5.1.aar (androidx.fragment:fragment:1.5.1) with AarToClassTransform
Transforming fragment-1.5.1.aar (androidx.fragment:fragment:1.5.1) with JetifyTransform
Transforming fragment-1.5.1.aar (androidx.fragment:fragment:1.5.1) with AarToClassTransform
Transforming fragment-1.5.1.aar (androidx.fragment:fragment:1.5.1) with JetifyTransform
Transforming fragment-1.5.1.aar (androidx.fragment:fragment:1.5.1) with AarToClassTransform
Transforming emoji2-views-helper-1.3.0.aar (androidx.emoji2:emoji2-views-helper:1.3.0) with JetifyTransform
Transforming emoji2-views-helper-1.3.0.aar (androidx.emoji2:emoji2-views-helper:1.3.0) with AarToClassTransform
Transforming emoji2-1.3.0.aar (androidx.emoji2:emoji2:1.3.0) with JetifyTransform
Transforming emoji2-1.3.0.aar (androidx.emoji2:emoji2:1.3.0) with AarToClassTransform
Transforming lifecycle-process-2.7.0.aar (androidx.lifecycle:lifecycle-process:2.7.0) with JetifyTransform
Transforming lifecycle-process-2.7.0.aar (androidx.lifecycle:lifecycle-process:2.7.0) with AarToClassTransform
Transforming lifecycle-service-2.7.0.aar (androidx.lifecycle:lifecycle-service:2.7.0) with JetifyTransform
Transforming lifecycle-service-2.7.0.aar (androidx.lifecycle:lifecycle-service:2.7.0) with AarToClassTransform
Transforming lifecycle-livedata-core-ktx-2.7.0.aar (androidx.lifecycle:lifecycle-livedata-core-ktx:2.7.0) with JetifyTransform
Transforming lifecycle-livedata-core-ktx-2.7.0.aar (androidx.lifecycle:lifecycle-livedata-core-ktx:2.7.0) with AarToClassTransform
Transforming lifecycle-livedata-ktx-2.7.0.aar (androidx.lifecycle:lifecycle-livedata-ktx:2.7.0) with JetifyTransform
Transforming lifecycle-livedata-ktx-2.7.0.aar (androidx.lifecycle:lifecycle-livedata-ktx:2.7.0) with AarToClassTransform
Transforming lifecycle-livedata-core-2.7.0.aar (androidx.lifecycle:lifecycle-livedata-core:2.7.0) with JetifyTransform
Transforming lifecycle-livedata-core-2.7.0.aar (androidx.lifecycle:lifecycle-livedata-core:2.7.0) with AarToClassTransform
Transforming legacy-support-core-utils-1.0.0.aar (androidx.legacy:legacy-support-core-utils:1.0.0) with JetifyTransform
Transforming legacy-support-core-utils-1.0.0.aar (androidx.legacy:legacy-support-core-utils:1.0.0) with AarToClassTransform
Transforming loader-1.0.0.aar (androidx.loader:loader:1.0.0) with JetifyTransform
Transforming loader-1.0.0.aar (androidx.loader:loader:1.0.0) with AarToClassTransform
Transforming loader-1.0.0.aar (androidx.loader:loader:1.0.0) with JetifyTransform
Transforming loader-1.0.0.aar (androidx.loader:loader:1.0.0) with AarToClassTransform
Transforming lifecycle-livedata-2.7.0.aar (androidx.lifecycle:lifecycle-livedata:2.7.0) with JetifyTransform
Transforming lifecycle-livedata-2.7.0.aar (androidx.lifecycle:lifecycle-livedata:2.7.0) with AarToClassTransform
Transforming lifecycle-livedata-2.7.0.aar (androidx.lifecycle:lifecycle-livedata:2.7.0) with JetifyTransform
Transforming lifecycle-livedata-2.7.0.aar (androidx.lifecycle:lifecycle-livedata:2.7.0) with AarToClassTransform
Transforming savedstate-ktx-1.2.1.aar (androidx.savedstate:savedstate-ktx:1.2.1) with JetifyTransform
Transforming savedstate-ktx-1.2.1.aar (androidx.savedstate:savedstate-ktx:1.2.1) with AarToClassTransform
Transforming savedstate-1.2.1.aar (androidx.savedstate:savedstate:1.2.1) with JetifyTransform
Transforming savedstate-1.2.1.aar (androidx.savedstate:savedstate:1.2.1) with AarToClassTransform
Transforming lifecycle-common-2.7.0.jar (androidx.lifecycle:lifecycle-common:2.7.0) with JetifyTransform
Transforming lifecycle-common-2.7.0.jar (androidx.lifecycle:lifecycle-common:2.7.0) with IdentityTransform
Transforming lifecycle-viewmodel-savedstate-2.7.0.aar (androidx.lifecycle:lifecycle-viewmodel-savedstate:2.7.0) with JetifyTransform
Transforming lifecycle-viewmodel-savedstate-2.7.0.aar (androidx.lifecycle:lifecycle-viewmodel-savedstate:2.7.0) with AarToClassTransform
Transforming lifecycle-viewmodel-ktx-2.7.0.aar (androidx.lifecycle:lifecycle-viewmodel-ktx:2.7.0) with JetifyTransform
Transforming lifecycle-viewmodel-ktx-2.7.0.aar (androidx.lifecycle:lifecycle-viewmodel-ktx:2.7.0) with AarToClassTransform
Transforming lifecycle-common-java8-2.7.0.jar (androidx.lifecycle:lifecycle-common-java8:2.7.0) with JetifyTransform
Transforming lifecycle-common-java8-2.7.0.jar (androidx.lifecycle:lifecycle-common-java8:2.7.0) with IdentityTransform
Transforming lifecycle-viewmodel-2.7.0.aar (androidx.lifecycle:lifecycle-viewmodel:2.7.0) with JetifyTransform
Transforming lifecycle-viewmodel-2.7.0.aar (androidx.lifecycle:lifecycle-viewmodel:2.7.0) with AarToClassTransform
Transforming lifecycle-viewmodel-2.7.0.aar (androidx.lifecycle:lifecycle-viewmodel:2.7.0) with JetifyTransform
Transforming lifecycle-viewmodel-2.7.0.aar (androidx.lifecycle:lifecycle-viewmodel:2.7.0) with AarToClassTransform
Transforming lifecycle-runtime-2.7.0.aar (androidx.lifecycle:lifecycle-runtime:2.7.0) with JetifyTransform
Caching disabled for EnumerateClassesTransform: C:\Users\user\.gradle\caches\transforms-3\dcb81d1691bc4fef5ceeb514334f5e71\transformed\jetified-play-services-appset-16.0.1-runtime.jar because:
  Build cache is disabled
Transforming lifecycle-runtime-2.7.0.aar (androidx.lifecycle:lifecycle-runtime:2.7.0) with AarToClassTransform
Transforming lifecycle-runtime-ktx-2.7.0.aar (androidx.lifecycle:lifecycle-runtime-ktx:2.7.0) with JetifyTransform
Transforming lifecycle-runtime-ktx-2.7.0.aar (androidx.lifecycle:lifecycle-runtime-ktx:2.7.0) with AarToClassTransform
Transforming lifecycle-viewmodel-compose-2.7.0.aar (androidx.lifecycle:lifecycle-viewmodel-compose:2.7.0) with JetifyTransform
Transforming lifecycle-viewmodel-compose-2.7.0.aar (androidx.lifecycle:lifecycle-viewmodel-compose:2.7.0) with AarToClassTransform
Transforming accompanist-drawablepainter-0.32.0.aar (com.google.accompanist:accompanist-drawablepainter:0.32.0) with JetifyTransform
Transforming accompanist-drawablepainter-0.32.0.aar (com.google.accompanist:accompanist-drawablepainter:0.32.0) with AarToClassTransform
Transforming ui-release.aar (androidx.compose.ui:ui-android:1.6.1) with JetifyTransform
Transforming ui-release.aar (androidx.compose.ui:ui-android:1.6.1) with AarToClassTransform
Transforming activity-ktx-1.8.2.aar (androidx.activity:activity-ktx:1.8.2) with JetifyTransform
Skipping EnumerateClassesTransform: C:\Users\user\.gradle\caches\transforms-3\dcb81d1691bc4fef5ceeb514334f5e71\transformed\jetified-play-services-appset-16.0.1-runtime.jar as it is up-to-date.
Transforming activity-ktx-1.8.2.aar (androidx.activity:activity-ktx:1.8.2) with AarToClassTransform
Transforming activity-compose-1.8.2.aar (androidx.activity:activity-compose:1.8.2) with JetifyTransform
Transforming activity-compose-1.8.2.aar (androidx.activity:activity-compose:1.8.2) with AarToClassTransform
Transforming activity-1.8.2.aar (androidx.activity:activity:1.8.2) with JetifyTransform
Transforming activity-1.8.2.aar (androidx.activity:activity:1.8.2) with AarToClassTransform
Transforming exoplayer-2.19.1.aar (com.google.android.exoplayer:exoplayer:2.19.1) with JetifyTransform
Transforming exoplayer-2.19.1.aar (com.google.android.exoplayer:exoplayer:2.19.1) with AarToClassTransform
Transforming exoplayer-dash-2.19.1.aar (com.google.android.exoplayer:exoplayer-dash:2.19.1) with JetifyTransform
Transforming exoplayer-dash-2.19.1.aar (com.google.android.exoplayer:exoplayer-dash:2.19.1) with AarToClassTransform
Transforming exoplayer-hls-2.19.1.aar (com.google.android.exoplayer:exoplayer-hls:2.19.1) with JetifyTransform
Transforming exoplayer-hls-2.19.1.aar (com.google.android.exoplayer:exoplayer-hls:2.19.1) with AarToClassTransform
Transforming exoplayer-rtsp-2.19.1.aar (com.google.android.exoplayer:exoplayer-rtsp:2.19.1) with JetifyTransform
Transforming exoplayer-rtsp-2.19.1.aar (com.google.android.exoplayer:exoplayer-rtsp:2.19.1) with AarToClassTransform
Transforming exoplayer-smoothstreaming-2.19.1.aar (com.google.android.exoplayer:exoplayer-smoothstreaming:2.19.1) with JetifyTransform
Transforming exoplayer-smoothstreaming-2.19.1.aar (com.google.android.exoplayer:exoplayer-smoothstreaming:2.19.1) with AarToClassTransform
Transforming exoplayer-core-2.19.1.aar (com.google.android.exoplayer:exoplayer-core:2.19.1) with JetifyTransform
Transforming exoplayer-core-2.19.1.aar (com.google.android.exoplayer:exoplayer-core:2.19.1) with AarToClassTransform
Transforming exoplayer-ui-2.19.1.aar (com.google.android.exoplayer:exoplayer-ui:2.19.1) with JetifyTransform
Caching disabled for EnumerateClassesTransform: C:\Users\user\.gradle\caches\transforms-3\8af64cf65d594e45b79005b1d7b1c1e2\transformed\jetified-coil-2.5.0-runtime.jar because:
  Build cache is disabled
Transforming exoplayer-ui-2.19.1.aar (com.google.android.exoplayer:exoplayer-ui:2.19.1) with AarToClassTransform
Skipping EnumerateClassesTransform: C:\Users\user\.gradle\caches\transforms-3\8af64cf65d594e45b79005b1d7b1c1e2\transformed\jetified-coil-2.5.0-runtime.jar as it is up-to-date.
Transforming recyclerview-1.3.0.aar (androidx.recyclerview:recyclerview:1.3.0) with JetifyTransform
Transforming recyclerview-1.3.0.aar (androidx.recyclerview:recyclerview:1.3.0) with AarToClassTransform
Transforming recyclerview-1.3.0.aar (androidx.recyclerview:recyclerview:1.3.0) with JetifyTransform
Transforming recyclerview-1.3.0.aar (androidx.recyclerview:recyclerview:1.3.0) with AarToClassTransform
Transforming media-1.6.0.aar (androidx.media:media:1.6.0) with JetifyTransform
Transforming media-1.6.0.aar (androidx.media:media:1.6.0) with AarToClassTransform
Transforming browser-1.4.0.aar (androidx.browser:browser:1.4.0) with JetifyTransform
Transforming browser-1.4.0.aar (androidx.browser:browser:1.4.0) with AarToClassTransform
Transforming viewpager-1.0.0.aar (androidx.viewpager:viewpager:1.0.0) with JetifyTransform
Transforming viewpager-1.0.0.aar (androidx.viewpager:viewpager:1.0.0) with AarToClassTransform
Transforming customview-1.1.0.aar (androidx.customview:customview:1.1.0) with JetifyTransform
Transforming customview-1.1.0.aar (androidx.customview:customview:1.1.0) with AarToClassTransform
Transforming customview-1.1.0.aar (androidx.customview:customview:1.1.0) with JetifyTransform
Transforming customview-1.1.0.aar (androidx.customview:customview:1.1.0) with AarToClassTransform
Transforming customview-1.1.0.aar (androidx.customview:customview:1.1.0) with JetifyTransform
Transforming customview-1.1.0.aar (androidx.customview:customview:1.1.0) with AarToClassTransform
Transforming customview-1.1.0.aar (androidx.customview:customview:1.1.0) with JetifyTransform
Transforming customview-1.1.0.aar (androidx.customview:customview:1.1.0) with AarToClassTransform
Transforming autofill-1.0.0.aar (androidx.autofill:autofill:1.0.0) with JetifyTransform
Transforming autofill-1.0.0.aar (androidx.autofill:autofill:1.0.0) with AarToClassTransform
Transforming core-1.12.0.aar (androidx.core:core:1.12.0) with JetifyTransform
Transforming core-1.12.0.aar (androidx.core:core:1.12.0) with AarToClassTransform
Transforming core-1.12.0.aar (androidx.core:core:1.12.0) with JetifyTransform
Caching disabled for EnumerateClassesTransform: C:\Users\user\.gradle\caches\transforms-3\bd569595cce29b201694512c03615da5\transformed\constraintlayout-2.0.1-runtime.jar because:
  Build cache is disabled
Skipping EnumerateClassesTransform: C:\Users\user\.gradle\caches\transforms-3\bd569595cce29b201694512c03615da5\transformed\constraintlayout-2.0.1-runtime.jar as it is up-to-date.
Transforming core-1.12.0.aar (androidx.core:core:1.12.0) with AarToClassTransform
Transforming core-1.12.0.aar (androidx.core:core:1.12.0) with JetifyTransform
Caching disabled for EnumerateClassesTransform: C:\Users\user\.gradle\caches\transforms-3\514bc7fa03daa03688c25da5678e8c4f\transformed\jetified-coil-compose-base-2.5.0-runtime.jar because:
  Build cache is disabled
Transforming core-1.12.0.aar (androidx.core:core:1.12.0) with AarToClassTransform
Skipping EnumerateClassesTransform: C:\Users\user\.gradle\caches\transforms-3\514bc7fa03daa03688c25da5678e8c4f\transformed\jetified-coil-compose-base-2.5.0-runtime.jar as it is up-to-date.
Transforming core-1.12.0.aar (androidx.core:core:1.12.0) with JetifyTransform
Transforming core-1.12.0.aar (androidx.core:core:1.12.0) with AarToClassTransform
Transforming core-1.12.0.aar (androidx.core:core:1.12.0) with JetifyTransform
Transforming core-1.12.0.aar (androidx.core:core:1.12.0) with AarToClassTransform
Transforming core-1.12.0.aar (androidx.core:core:1.12.0) with JetifyTransform
Transforming core-1.12.0.aar (androidx.core:core:1.12.0) with AarToClassTransform
Transforming core-1.12.0.aar (androidx.core:core:1.12.0) with JetifyTransform
Transforming core-1.12.0.aar (androidx.core:core:1.12.0) with AarToClassTransform
Transforming core-1.12.0.aar (androidx.core:core:1.12.0) with JetifyTransform
Transforming core-1.12.0.aar (androidx.core:core:1.12.0) with AarToClassTransform
Transforming core-1.12.0.aar (androidx.core:core:1.12.0) with JetifyTransform
Transforming core-1.12.0.aar (androidx.core:core:1.12.0) with AarToClassTransform
Transforming core-1.12.0.aar (androidx.core:core:1.12.0) with JetifyTransform
Transforming core-1.12.0.aar (androidx.core:core:1.12.0) with AarToClassTransform
Transforming core-1.12.0.aar (androidx.core:core:1.12.0) with JetifyTransform
Transforming core-1.12.0.aar (androidx.core:core:1.12.0) with AarToClassTransform
Transforming core-1.12.0.aar (androidx.core:core:1.12.0) with JetifyTransform
Transforming core-1.12.0.aar (androidx.core:core:1.12.0) with AarToClassTransform
Transforming core-1.12.0.aar (androidx.core:core:1.12.0) with JetifyTransform
Transforming core-1.12.0.aar (androidx.core:core:1.12.0) with AarToClassTransform
Transforming core-1.12.0.aar (androidx.core:core:1.12.0) with JetifyTransform
Transforming core-1.12.0.aar (androidx.core:core:1.12.0) with AarToClassTransform
Transforming core-1.12.0.aar (androidx.core:core:1.12.0) with JetifyTransform
Transforming core-1.12.0.aar (androidx.core:core:1.12.0) with AarToClassTransform
Transforming ads-adservices-java-1.0.0-beta05.aar (androidx.privacysandbox.ads:ads-adservices-java:1.0.0-beta05) with JetifyTransform
Transforming ads-adservices-java-1.0.0-beta05.aar (androidx.privacysandbox.ads:ads-adservices-java:1.0.0-beta05) with AarToClassTransform
Transforming ads-adservices-1.0.0-beta05.aar (androidx.privacysandbox.ads:ads-adservices:1.0.0-beta05) with JetifyTransform
Transforming ads-adservices-1.0.0-beta05.aar (androidx.privacysandbox.ads:ads-adservices:1.0.0-beta05) with AarToClassTransform
Transforming ads-adservices-1.0.0-beta05.aar (androidx.privacysandbox.ads:ads-adservices:1.0.0-beta05) with JetifyTransform
Transforming ads-adservices-1.0.0-beta05.aar (androidx.privacysandbox.ads:ads-adservices:1.0.0-beta05) with AarToClassTransform
Transforming customview-poolingcontainer-1.0.0.aar (androidx.customview:customview-poolingcontainer:1.0.0) with JetifyTransform
Caching disabled for EnumerateClassesTransform: C:\Users\user\.gradle\caches\transforms-3\963b5c6af14a731398d8e97518e9cac7\transformed\jetified-coil-compose-2.5.0-runtime.jar because:
  Build cache is disabled
Skipping EnumerateClassesTransform: C:\Users\user\.gradle\caches\transforms-3\963b5c6af14a731398d8e97518e9cac7\transformed\jetified-coil-compose-2.5.0-runtime.jar as it is up-to-date.
Caching disabled for AarToClassTransform: C:\Users\user\.gradle\caches\transforms-3\61271fcaa8905c3b5cac30b730ce8a4d\transformed\jetified-play-services-base-18.2.0.aar because:
  Build cache is disabled
Skipping AarToClassTransform: C:\Users\user\.gradle\caches\transforms-3\61271fcaa8905c3b5cac30b730ce8a4d\transformed\jetified-play-services-base-18.2.0.aar as it is up-to-date.
Transforming play-services-base-18.2.0.aar (com.google.android.gms:play-services-base:18.2.0) with EnumerateClassesTransform
Transforming customview-poolingcontainer-1.0.0.aar (androidx.customview:customview-poolingcontainer:1.0.0) with AarToClassTransform
Transforming play-services-base-18.2.0.aar (com.google.android.gms:play-services-base:18.2.0) with EnumerateClassesTransform
Transforming core-ktx-1.12.0.aar (androidx.core:core-ktx:1.12.0) with JetifyTransform
Transforming core-ktx-1.12.0.aar (androidx.core:core-ktx:1.12.0) with AarToClassTransform
Transforming flexbox-3.0.0.aar (com.google.android.flexbox:flexbox:3.0.0) with JetifyTransform
Transforming flexbox-3.0.0.aar (com.google.android.flexbox:flexbox:3.0.0) with AarToClassTransform
Transforming core-splashscreen-1.0.1.aar (androidx.core:core-splashscreen:1.0.1) with JetifyTransform
Transforming core-splashscreen-1.0.1.aar (androidx.core:core-splashscreen:1.0.1) with AarToClassTransform
Transforming kotlin-parcelize-runtime-1.9.22.jar (org.jetbrains.kotlin:kotlin-parcelize-runtime:1.9.22) with JetifyTransform
Transforming kotlin-parcelize-runtime-1.9.22.jar (org.jetbrains.kotlin:kotlin-parcelize-runtime:1.9.22) with IdentityTransform
Transforming sqlite-framework-2.4.0.aar (androidx.sqlite:sqlite-framework:2.4.0) with JetifyTransform
Transforming sqlite-framework-2.4.0.aar (androidx.sqlite:sqlite-framework:2.4.0) with AarToClassTransform
Transforming sqlite-2.4.0.aar (androidx.sqlite:sqlite:2.4.0) with JetifyTransform
Transforming sqlite-2.4.0.aar (androidx.sqlite:sqlite:2.4.0) with AarToClassTransform
Transforming logging-interceptor-4.12.0.jar (com.squareup.okhttp3:logging-interceptor:4.12.0) with JetifyTransform
Transforming logging-interceptor-4.12.0.jar (com.squareup.okhttp3:logging-interceptor:4.12.0) with IdentityTransform
Transforming kotlinx-coroutines-core-jvm-1.7.3.jar (org.jetbrains.kotlinx:kotlinx-coroutines-core-jvm:1.7.3) with JetifyTransform
Transforming kotlinx-coroutines-core-jvm-1.7.3.jar (org.jetbrains.kotlinx:kotlinx-coroutines-core-jvm:1.7.3) with IdentityTransform
Transforming kotlinx-coroutines-android-1.7.3.jar (org.jetbrains.kotlinx:kotlinx-coroutines-android:1.7.3) with JetifyTransform
Transforming kotlinx-coroutines-android-1.7.3.jar (org.jetbrains.kotlinx:kotlinx-coroutines-android:1.7.3) with IdentityTransform
Transforming converter-gson-2.9.0.jar (com.squareup.retrofit2:converter-gson:2.9.0) with JetifyTransform
Transforming converter-gson-2.9.0.jar (com.squareup.retrofit2:converter-gson:2.9.0) with IdentityTransform
Transforming retrofit-2.9.0.jar (com.squareup.retrofit2:retrofit:2.9.0) with JetifyTransform
Transforming retrofit-2.9.0.jar (com.squareup.retrofit2:retrofit:2.9.0) with IdentityTransform
Transforming okhttp-4.12.0.jar (com.squareup.okhttp3:okhttp:4.12.0) with JetifyTransform
Transforming okhttp-4.12.0.jar (com.squareup.okhttp3:okhttp:4.12.0) with IdentityTransform
Transforming okio-jvm-3.6.0.jar (com.squareup.okio:okio-jvm:3.6.0) with JetifyTransform
Transforming okio-jvm-3.6.0.jar (com.squareup.okio:okio-jvm:3.6.0) with IdentityTransform
Transforming kotlin-stdlib-jdk8-1.9.10.jar (org.jetbrains.kotlin:kotlin-stdlib-jdk8:1.9.10) with JetifyTransform
Transforming kotlin-stdlib-jdk8-1.9.10.jar (org.jetbrains.kotlin:kotlin-stdlib-jdk8:1.9.10) with IdentityTransform
Transforming kotlin-android-extensions-runtime-1.9.22.jar (org.jetbrains.kotlin:kotlin-android-extensions-runtime:1.9.22) with JetifyTransform
Transforming kotlin-android-extensions-runtime-1.9.22.jar (org.jetbrains.kotlin:kotlin-android-extensions-runtime:1.9.22) with IdentityTransform
Transforming kotlin-stdlib-jdk7-1.9.10.jar (org.jetbrains.kotlin:kotlin-stdlib-jdk7:1.9.10) with JetifyTransform
Transforming kotlin-stdlib-jdk7-1.9.10.jar (org.jetbrains.kotlin:kotlin-stdlib-jdk7:1.9.10) with IdentityTransform
Transforming napier-release.aar (io.github.aakira:napier-android:1.4.1) with JetifyTransform
Transforming napier-release.aar (io.github.aakira:napier-android:1.4.1) with AarToClassTransform
Transforming annotation-experimental-1.4.0.aar (androidx.annotation:annotation-experimental:1.4.0) with JetifyTransform
Transforming annotation-experimental-1.4.0.aar (androidx.annotation:annotation-experimental:1.4.0) with AarToClassTransform
Transforming cursoradapter-1.0.0.aar (androidx.cursoradapter:cursoradapter:1.0.0) with JetifyTransform
Transforming cursoradapter-1.0.0.aar (androidx.cursoradapter:cursoradapter:1.0.0) with AarToClassTransform
Transforming resourceinspection-annotation-1.0.1.jar (androidx.resourceinspection:resourceinspection-annotation:1.0.1) with JetifyTransform
Transforming resourceinspection-annotation-1.0.1.jar (androidx.resourceinspection:resourceinspection-annotation:1.0.1) with IdentityTransform
Transforming cardview-1.0.0.aar (androidx.cardview:cardview:1.0.0) with JetifyTransform
Transforming cardview-1.0.0.aar (androidx.cardview:cardview:1.0.0) with AarToClassTransform
Caching disabled for AarToClassTransform: C:\Users\user\.gradle\caches\modules-2\files-2.1\androidx.dynamicanimation\dynamicanimation\1.0.0\e980497a58fb319d471f3bb78d066b926a08ba8e\dynamicanimation-1.0.0.aar because:
  Build cache is disabled
Transforming core-runtime-2.2.0.aar (androidx.arch.core:core-runtime:2.2.0) with JetifyTransform
Skipping AarToClassTransform: C:\Users\user\.gradle\caches\modules-2\files-2.1\androidx.dynamicanimation\dynamicanimation\1.0.0\e980497a58fb319d471f3bb78d066b926a08ba8e\dynamicanimation-1.0.0.aar as it is up-to-date.
Transforming dynamicanimation-1.0.0.aar (androidx.dynamicanimation:dynamicanimation:1.0.0) with EnumerateClassesTransform
Caching disabled for AarToClassTransform: C:\Users\user\.gradle\caches\modules-2\files-2.1\androidx.coordinatorlayout\coordinatorlayout\1.1.0\8eeb7baf75b9595d017642a460df5af3bb9fa4e1\coordinatorlayout-1.1.0.aar because:
  Build cache is disabled
Transforming core-runtime-2.2.0.aar (androidx.arch.core:core-runtime:2.2.0) with AarToClassTransform
Skipping AarToClassTransform: C:\Users\user\.gradle\caches\modules-2\files-2.1\androidx.coordinatorlayout\coordinatorlayout\1.1.0\8eeb7baf75b9595d017642a460df5af3bb9fa4e1\coordinatorlayout-1.1.0.aar as it is up-to-date.
Transforming exoplayer-datasource-2.19.1.aar (com.google.android.exoplayer:exoplayer-datasource:2.19.1) with JetifyTransform
Transforming exoplayer-datasource-2.19.1.aar (com.google.android.exoplayer:exoplayer-datasource:2.19.1) with AarToClassTransform
Transforming exoplayer-database-2.19.1.aar (com.google.android.exoplayer:exoplayer-database:2.19.1) with JetifyTransform
Caching disabled for AarToClassTransform: C:\Users\user\.gradle\caches\modules-2\files-2.1\androidx.drawerlayout\drawerlayout\1.1.1\1b2b049e1e88589510ddd4d93f2699b46ecd73dd\drawerlayout-1.1.1.aar because:
  Build cache is disabled
Transforming exoplayer-database-2.19.1.aar (com.google.android.exoplayer:exoplayer-database:2.19.1) with AarToClassTransform
Skipping AarToClassTransform: C:\Users\user\.gradle\caches\modules-2\files-2.1\androidx.drawerlayout\drawerlayout\1.1.1\1b2b049e1e88589510ddd4d93f2699b46ecd73dd\drawerlayout-1.1.1.aar as it is up-to-date.
Transforming exoplayer-extractor-2.19.1.aar (com.google.android.exoplayer:exoplayer-extractor:2.19.1) with JetifyTransform
Transforming exoplayer-extractor-2.19.1.aar (com.google.android.exoplayer:exoplayer-extractor:2.19.1) with AarToClassTransform
Transforming exoplayer-decoder-2.19.1.aar (com.google.android.exoplayer:exoplayer-decoder:2.19.1) with JetifyTransform
Transforming exoplayer-decoder-2.19.1.aar (com.google.android.exoplayer:exoplayer-decoder:2.19.1) with AarToClassTransform
Transforming exoplayer-container-2.19.1.aar (com.google.android.exoplayer:exoplayer-container:2.19.1) with JetifyTransform
Transforming drawerlayout-1.1.1.aar (androidx.drawerlayout:drawerlayout:1.1.1) with EnumerateClassesTransform
Transforming coordinatorlayout-1.1.0.aar (androidx.coordinatorlayout:coordinatorlayout:1.1.0) with EnumerateClassesTransform
Transforming exoplayer-container-2.19.1.aar (com.google.android.exoplayer:exoplayer-container:2.19.1) with AarToClassTransform
Transforming exoplayer-common-2.19.1.aar (com.google.android.exoplayer:exoplayer-common:2.19.1) with JetifyTransform
Transforming exoplayer-common-2.19.1.aar (com.google.android.exoplayer:exoplayer-common:2.19.1) with AarToClassTransform
Transforming interpolator-1.0.0.aar (androidx.interpolator:interpolator:1.0.0) with JetifyTransform
Transforming interpolator-1.0.0.aar (androidx.interpolator:interpolator:1.0.0) with AarToClassTransform
Transforming interpolator-1.0.0.aar (androidx.interpolator:interpolator:1.0.0) with JetifyTransform
Transforming interpolator-1.0.0.aar (androidx.interpolator:interpolator:1.0.0) with AarToClassTransform
Transforming versionedparcelable-1.1.1.aar (androidx.versionedparcelable:versionedparcelable:1.1.1) with JetifyTransform
Transforming versionedparcelable-1.1.1.aar (androidx.versionedparcelable:versionedparcelable:1.1.1) with AarToClassTransform
Transforming core-common-2.2.0.jar (androidx.arch.core:core-common:2.2.0) with JetifyTransform
Transforming core-common-2.2.0.jar (androidx.arch.core:core-common:2.2.0) with IdentityTransform
Transforming profileinstaller-1.3.1.aar (androidx.profileinstaller:profileinstaller:1.3.1) with JetifyTransform
Transforming profileinstaller-1.3.1.aar (androidx.profileinstaller:profileinstaller:1.3.1) with AarToClassTransform
Transforming startup-runtime-1.1.1.aar (androidx.startup:startup-runtime:1.1.1) with JetifyTransform
Transforming startup-runtime-1.1.1.aar (androidx.startup:startup-runtime:1.1.1) with AarToClassTransform
Transforming tracing-1.0.0.aar (androidx.tracing:tracing:1.0.0) with JetifyTransform
Transforming tracing-1.0.0.aar (androidx.tracing:tracing:1.0.0) with AarToClassTransform
Transforming concurrent-futures-1.1.0.jar (androidx.concurrent:concurrent-futures:1.1.0) with JetifyTransform
Transforming concurrent-futures-1.1.0.jar (androidx.concurrent:concurrent-futures:1.1.0) with IdentityTransform
Transforming documentfile-1.0.0.aar (androidx.documentfile:documentfile:1.0.0) with JetifyTransform
Transforming documentfile-1.0.0.aar (androidx.documentfile:documentfile:1.0.0) with AarToClassTransform
Transforming localbroadcastmanager-1.0.0.aar (androidx.localbroadcastmanager:localbroadcastmanager:1.0.0) with JetifyTransform
Transforming localbroadcastmanager-1.0.0.aar (androidx.localbroadcastmanager:localbroadcastmanager:1.0.0) with AarToClassTransform
Transforming print-1.0.0.aar (androidx.print:print:1.0.0) with JetifyTransform
Transforming print-1.0.0.aar (androidx.print:print:1.0.0) with AarToClassTransform
Transforming exifinterface-1.3.6.aar (androidx.exifinterface:exifinterface:1.3.6) with JetifyTransform
Transforming exifinterface-1.3.6.aar (androidx.exifinterface:exifinterface:1.3.6) with AarToClassTransform
Transforming collection-ktx-1.4.0.jar (androidx.collection:collection-ktx:1.4.0) with JetifyTransform
Transforming collection-ktx-1.4.0.jar (androidx.collection:collection-ktx:1.4.0) with IdentityTransform
Transforming collection-jvm-1.4.0.jar (androidx.collection:collection-jvm:1.4.0) with JetifyTransform
Caching disabled for EnumerateClassesTransform: C:\Users\user\.gradle\caches\transforms-3\789d8284618b1bb8831d011c4d3bd56b\transformed\dynamicanimation-1.0.0-runtime.jar because:
  Build cache is disabled
Caching disabled for EnumerateClassesTransform: C:\Users\user\.gradle\caches\transforms-3\cfe29aaebe7c354251a8f43f3d5685cc\transformed\coordinatorlayout-1.1.0-runtime.jar because:
  Build cache is disabled
Skipping EnumerateClassesTransform: C:\Users\user\.gradle\caches\transforms-3\789d8284618b1bb8831d011c4d3bd56b\transformed\dynamicanimation-1.0.0-runtime.jar as it is up-to-date.
Skipping EnumerateClassesTransform: C:\Users\user\.gradle\caches\transforms-3\cfe29aaebe7c354251a8f43f3d5685cc\transformed\coordinatorlayout-1.1.0-runtime.jar as it is up-to-date.
Transforming collection-jvm-1.4.0.jar (androidx.collection:collection-jvm:1.4.0) with IdentityTransform
Caching disabled for EnumerateClassesTransform: C:\Users\user\.gradle\caches\transforms-3\db705a99d41128e8bef99eff9205c31b\transformed\drawerlayout-1.1.1-runtime.jar because:
  Build cache is disabled
Skipping EnumerateClassesTransform: C:\Users\user\.gradle\caches\transforms-3\db705a99d41128e8bef99eff9205c31b\transformed\drawerlayout-1.1.1-runtime.jar as it is up-to-date.
Transforming annotation-jvm-1.7.0.jar (androidx.annotation:annotation-jvm:1.7.0) with JetifyTransform
Transforming annotation-jvm-1.7.0.jar (androidx.annotation:annotation-jvm:1.7.0) with IdentityTransform
Transforming kotlin-stdlib-1.9.22.jar (org.jetbrains.kotlin:kotlin-stdlib:1.9.22) with JetifyTransform
Transforming kotlin-stdlib-1.9.22.jar (org.jetbrains.kotlin:kotlin-stdlib:1.9.22) with IdentityTransform
Transforming volley-1.2.1.aar (com.android.volley:volley:1.2.1) with JetifyTransform
Transforming volley-1.2.1.aar (com.android.volley:volley:1.2.1) with AarToClassTransform
Transforming Android-Image-Slider-1.4.0.aar (com.github.smarteist:Android-Image-Slider:1.4.0) with JetifyTransform
Transforming Android-Image-Slider-1.4.0.aar (com.github.smarteist:Android-Image-Slider:1.4.0) with AarToClassTransform
Transforming circleimageview-3.1.0.aar (de.hdodenhof:circleimageview:3.1.0) with JetifyTransform
Transforming circleimageview-3.1.0.aar (de.hdodenhof:circleimageview:3.1.0) with AarToClassTransform
Caching disabled for EnumerateClassesTransform: C:\Users\user\.gradle\caches\transforms-3\61829a2383097814a0e98604046c15c2\transformed\jetified-play-services-base-18.2.0-runtime.jar because:
  Build cache is disabled
Skipping EnumerateClassesTransform: C:\Users\user\.gradle\caches\transforms-3\61829a2383097814a0e98604046c15c2\transformed\jetified-play-services-base-18.2.0-runtime.jar as it is up-to-date.
Transforming annotations-23.0.0.jar (org.jetbrains:annotations:23.0.0) with JetifyTransform
Transforming annotations-23.0.0.jar (org.jetbrains:annotations:23.0.0) with IdentityTransform
Transforming guava-31.1-android.jar (com.google.guava:guava:31.1-android) with JetifyTransform
Transforming guava-31.1-android.jar (com.google.guava:guava:31.1-android) with IdentityTransform
Transforming error_prone_annotations-2.15.0.jar (com.google.errorprone:error_prone_annotations:2.15.0) with JetifyTransform
Transforming error_prone_annotations-2.15.0.jar (com.google.errorprone:error_prone_annotations:2.15.0) with IdentityTransform
Transforming hilt-core-2.49.jar (com.google.dagger:hilt-core:2.49) with JetifyTransform
Transforming hilt-core-2.49.jar (com.google.dagger:hilt-core:2.49) with IdentityTransform
Transforming dagger-2.49.jar (com.google.dagger:dagger:2.49) with JetifyTransform
Transforming dagger-2.49.jar (com.google.dagger:dagger:2.49) with IdentityTransform
Transforming dagger-lint-aar-2.49.aar (com.google.dagger:dagger-lint-aar:2.49) with JetifyTransform
Transforming dagger-lint-aar-2.49.aar (com.google.dagger:dagger-lint-aar:2.49) with AarToClassTransform
Transforming jsr305-3.0.2.jar (com.google.code.findbugs:jsr305:3.0.2) with JetifyTransform
Transforming jsr305-3.0.2.jar (com.google.code.findbugs:jsr305:3.0.2) with IdentityTransform
Transforming javax.inject-1.jar (javax.inject:javax.inject:1) with JetifyTransform
Transforming javax.inject-1.jar (javax.inject:javax.inject:1) with IdentityTransform
Transforming gson-2.8.5.jar (com.google.code.gson:gson:2.8.5) with JetifyTransform
Transforming gson-2.8.5.jar (com.google.code.gson:gson:2.8.5) with IdentityTransform
Transforming listenablefuture-9999.0-empty-to-avoid-conflict-with-guava.jar (com.google.guava:listenablefuture:9999.0-empty-to-avoid-conflict-with-guava) with JetifyTransform
Transforming listenablefuture-9999.0-empty-to-avoid-conflict-with-guava.jar (com.google.guava:listenablefuture:9999.0-empty-to-avoid-conflict-with-guava) with IdentityTransform
Transforming constraintlayout-solver-2.0.1.jar (androidx.constraintlayout:constraintlayout-solver:2.0.1) with JetifyTransform
Transforming constraintlayout-solver-2.0.1.jar (androidx.constraintlayout:constraintlayout-solver:2.0.1) with IdentityTransform
Transforming failureaccess-1.0.1.jar (com.google.guava:failureaccess:1.0.1) with JetifyTransform
Transforming failureaccess-1.0.1.jar (com.google.guava:failureaccess:1.0.1) with IdentityTransform
Transforming checker-qual-3.12.0.jar (org.checkerframework:checker-qual:3.12.0) with JetifyTransform
Transforming checker-qual-3.12.0.jar (org.checkerframework:checker-qual:3.12.0) with IdentityTransform
Transforming j2objc-annotations-1.3.jar (com.google.j2objc:j2objc-annotations:1.3) with JetifyTransform
Transforming j2objc-annotations-1.3.jar (com.google.j2objc:j2objc-annotations:1.3) with IdentityTransform
Caching disabled for AarToClassTransform: C:\Users\user\.gradle\caches\modules-2\files-2.1\androidx.transition\transition\1.2.0\28003577e8b32f5417bfe899bbdc7a333dc81c9f\transition-1.2.0.aar because:
  Build cache is disabled
Skipping AarToClassTransform: C:\Users\user\.gradle\caches\modules-2\files-2.1\androidx.transition\transition\1.2.0\28003577e8b32f5417bfe899bbdc7a333dc81c9f\transition-1.2.0.aar as it is up-to-date.
Transforming transition-1.2.0.aar (androidx.transition:transition:1.2.0) with EnumerateClassesTransform
Caching disabled for AarToClassTransform: C:\Users\user\.gradle\caches\modules-2\files-2.1\androidx.navigation\navigation-common\2.7.6\2eecee45d32487df750c718a19cb1e11f238c4ca\navigation-common-2.7.6.aar because:
  Build cache is disabled
Caching disabled for AarToClassTransform: C:\Users\user\.gradle\caches\transforms-3\8703479fc05bfedc45f378d16d3920a7\transformed\jetified-hilt-navigation-compose-1.1.0.aar because:
  Build cache is disabled
Caching disabled for AarToClassTransform: C:\Users\user\.gradle\caches\transforms-3\f46647568c902cdbd165fc6d17ff62f6\transformed\jetified-hilt-navigation-1.1.0.aar because:
  Build cache is disabled
Caching disabled for AarToClassTransform: C:\Users\user\.gradle\caches\modules-2\files-2.1\androidx.vectordrawable\vectordrawable-animated\1.1.0\fcda1161354501471c30a4e077af6b5c4d4eddc6\vectordrawable-animated-1.1.0.aar because:
  Build cache is disabled
Skipping AarToClassTransform: C:\Users\user\.gradle\caches\transforms-3\f46647568c902cdbd165fc6d17ff62f6\transformed\jetified-hilt-navigation-1.1.0.aar as it is up-to-date.
Skipping AarToClassTransform: C:\Users\user\.gradle\caches\modules-2\files-2.1\androidx.vectordrawable\vectordrawable-animated\1.1.0\fcda1161354501471c30a4e077af6b5c4d4eddc6\vectordrawable-animated-1.1.0.aar as it is up-to-date.
Transforming vectordrawable-animated-1.1.0.aar (androidx.vectordrawable:vectordrawable-animated:1.1.0) with EnumerateClassesTransform
Transforming hilt-navigation-1.1.0.aar (androidx.hilt:hilt-navigation:1.1.0) with EnumerateClassesTransform
Caching disabled for AarToClassTransform: C:\Users\user\.gradle\caches\modules-2\files-2.1\androidx.vectordrawable\vectordrawable\1.1.0\eac7a364fff534035a2a6cb17770a1288315f69f\vectordrawable-1.1.0.aar because:
  Build cache is disabled
Skipping AarToClassTransform: C:\Users\user\.gradle\caches\transforms-3\8703479fc05bfedc45f378d16d3920a7\transformed\jetified-hilt-navigation-compose-1.1.0.aar as it is up-to-date.
Skipping AarToClassTransform: C:\Users\user\.gradle\caches\modules-2\files-2.1\androidx.navigation\navigation-common\2.7.6\2eecee45d32487df750c718a19cb1e11f238c4ca\navigation-common-2.7.6.aar as it is up-to-date.
Skipping AarToClassTransform: C:\Users\user\.gradle\caches\modules-2\files-2.1\androidx.vectordrawable\vectordrawable\1.1.0\eac7a364fff534035a2a6cb17770a1288315f69f\vectordrawable-1.1.0.aar as it is up-to-date.
Transforming navigation-common-2.7.6.aar (androidx.navigation:navigation-common:2.7.6) with EnumerateClassesTransform
Transforming vectordrawable-1.1.0.aar (androidx.vectordrawable:vectordrawable:1.1.0) with EnumerateClassesTransform
Transforming hilt-navigation-compose-1.1.0.aar (androidx.hilt:hilt-navigation-compose:1.1.0) with EnumerateClassesTransform
Transforming vectordrawable-1.1.0.aar (androidx.vectordrawable:vectordrawable:1.1.0) with EnumerateClassesTransform
Caching disabled for EnumerateClassesTransform: C:\Users\user\.gradle\caches\transforms-3\8df9e8f010466ebea66ef21dbc29d5f3\transformed\transition-1.2.0-runtime.jar because:
  Build cache is disabled
Skipping EnumerateClassesTransform: C:\Users\user\.gradle\caches\transforms-3\8df9e8f010466ebea66ef21dbc29d5f3\transformed\transition-1.2.0-runtime.jar as it is up-to-date.
Caching disabled for EnumerateClassesTransform: C:\Users\user\.gradle\caches\transforms-3\6cd6977ec2649e3c448f372154be7d9d\transformed\vectordrawable-animated-1.1.0-runtime.jar because:
  Build cache is disabled
Caching disabled for EnumerateClassesTransform: C:\Users\user\.gradle\caches\transforms-3\14c9ffbe21cc5c1174ded1bc3879f69b\transformed\vectordrawable-1.1.0-runtime.jar because:
  Build cache is disabled
Skipping EnumerateClassesTransform: C:\Users\user\.gradle\caches\transforms-3\14c9ffbe21cc5c1174ded1bc3879f69b\transformed\vectordrawable-1.1.0-runtime.jar as it is up-to-date.
Skipping EnumerateClassesTransform: C:\Users\user\.gradle\caches\transforms-3\6cd6977ec2649e3c448f372154be7d9d\transformed\vectordrawable-animated-1.1.0-runtime.jar as it is up-to-date.
Caching disabled for EnumerateClassesTransform: C:\Users\user\.gradle\caches\transforms-3\e47be289faaa88bd6bd394f09fa538b6\transformed\jetified-hilt-navigation-1.1.0-runtime.jar because:
  Build cache is disabled
Skipping EnumerateClassesTransform: C:\Users\user\.gradle\caches\transforms-3\e47be289faaa88bd6bd394f09fa538b6\transformed\jetified-hilt-navigation-1.1.0-runtime.jar as it is up-to-date.
Caching disabled for EnumerateClassesTransform: C:\Users\user\.gradle\caches\transforms-3\ea3ed56fcdfedd8add26984f4a3ac52f\transformed\navigation-common-2.7.6-runtime.jar because:
  Build cache is disabled
Skipping EnumerateClassesTransform: C:\Users\user\.gradle\caches\transforms-3\ea3ed56fcdfedd8add26984f4a3ac52f\transformed\navigation-common-2.7.6-runtime.jar as it is up-to-date.
Caching disabled for EnumerateClassesTransform: C:\Users\user\.gradle\caches\transforms-3\4ab7b48448fe3f17cff6422b0fed7f20\transformed\jetified-hilt-navigation-compose-1.1.0-runtime.jar because:
  Build cache is disabled
Skipping EnumerateClassesTransform: C:\Users\user\.gradle\caches\transforms-3\4ab7b48448fe3f17cff6422b0fed7f20\transformed\jetified-hilt-navigation-compose-1.1.0-runtime.jar as it is up-to-date.
Caching disabled for AarToClassTransform: C:\Users\user\.gradle\caches\modules-2\files-2.1\androidx.navigation\navigation-common-ktx\2.7.6\d2a5c5a1ad654392d76b922162d1083bcc367bf8\navigation-common-ktx-2.7.6.aar because:
  Build cache is disabled
Skipping AarToClassTransform: C:\Users\user\.gradle\caches\modules-2\files-2.1\androidx.navigation\navigation-common-ktx\2.7.6\d2a5c5a1ad654392d76b922162d1083bcc367bf8\navigation-common-ktx-2.7.6.aar as it is up-to-date.
Caching disabled for AarToClassTransform: C:\Users\user\.gradle\caches\transforms-3\be88080fa349fdda78660acba9c2bea4\transformed\jetified-navigation-compose-2.7.6.aar because:
  Build cache is disabled
Skipping AarToClassTransform: C:\Users\user\.gradle\caches\transforms-3\be88080fa349fdda78660acba9c2bea4\transformed\jetified-navigation-compose-2.7.6.aar as it is up-to-date.
Transforming navigation-common-ktx-2.7.6.aar (androidx.navigation:navigation-common-ktx:2.7.6) with EnumerateClassesTransform
Transforming navigation-compose-2.7.6.aar (androidx.navigation:navigation-compose:2.7.6) with EnumerateClassesTransform
Caching disabled for AarToClassTransform: C:\Users\user\.gradle\caches\modules-2\files-2.1\androidx.navigation\navigation-runtime-ktx\2.7.6\b41134cb853acff7f2a8034dac311bc76d53972e\navigation-runtime-ktx-2.7.6.aar because:
  Build cache is disabled
Skipping AarToClassTransform: C:\Users\user\.gradle\caches\modules-2\files-2.1\androidx.navigation\navigation-runtime-ktx\2.7.6\b41134cb853acff7f2a8034dac311bc76d53972e\navigation-runtime-ktx-2.7.6.aar as it is up-to-date.
Transforming navigation-runtime-ktx-2.7.6.aar (androidx.navigation:navigation-runtime-ktx:2.7.6) with EnumerateClassesTransform
Caching disabled for EnumerateClassesTransform: C:\Users\user\.gradle\caches\transforms-3\319162e1bd43a99ac7ef99df4be4bec5\transformed\navigation-common-ktx-2.7.6-runtime.jar because:
  Build cache is disabled
Skipping EnumerateClassesTransform: C:\Users\user\.gradle\caches\transforms-3\319162e1bd43a99ac7ef99df4be4bec5\transformed\navigation-common-ktx-2.7.6-runtime.jar as it is up-to-date.
Caching disabled for EnumerateClassesTransform: C:\Users\user\.gradle\caches\transforms-3\1e99c578ce7d81cb2fa60dcb3180aa92\transformed\jetified-navigation-compose-2.7.6-runtime.jar because:
  Build cache is disabled
Caching disabled for AarToClassTransform: C:\Users\user\.gradle\caches\transforms-3\e4c38736cad5e9f0f7d4b364dbe54266\transformed\jetified-accompanist-permissions-0.32.0.aar because:
  Build cache is disabled
Skipping EnumerateClassesTransform: C:\Users\user\.gradle\caches\transforms-3\1e99c578ce7d81cb2fa60dcb3180aa92\transformed\jetified-navigation-compose-2.7.6-runtime.jar as it is up-to-date.
Skipping AarToClassTransform: C:\Users\user\.gradle\caches\transforms-3\e4c38736cad5e9f0f7d4b364dbe54266\transformed\jetified-accompanist-permissions-0.32.0.aar as it is up-to-date.
Transforming accompanist-permissions-0.32.0.aar (com.google.accompanist:accompanist-permissions:0.32.0) with EnumerateClassesTransform
Caching disabled for EnumerateClassesTransform: C:\Users\user\.gradle\caches\transforms-3\14fc8e48fca264e863b722d6269143b0\transformed\navigation-runtime-ktx-2.7.6-runtime.jar because:
  Build cache is disabled
Skipping EnumerateClassesTransform: C:\Users\user\.gradle\caches\transforms-3\14fc8e48fca264e863b722d6269143b0\transformed\navigation-runtime-ktx-2.7.6-runtime.jar as it is up-to-date.
Caching disabled for AarToClassTransform: C:\Users\user\.gradle\caches\transforms-3\8cc8b512882d99d69412b505acddd976\transformed\jetified-room-ktx-2.6.1.aar because:
  Build cache is disabled
Skipping AarToClassTransform: C:\Users\user\.gradle\caches\transforms-3\8cc8b512882d99d69412b505acddd976\transformed\jetified-room-ktx-2.6.1.aar as it is up-to-date.
Transforming room-ktx-2.6.1.aar (androidx.room:room-ktx:2.6.1) with EnumerateClassesTransform
Caching disabled for AarToClassTransform: C:\Users\user\.gradle\caches\modules-2\files-2.1\androidx.navigation\navigation-runtime\2.7.6\4cb5888903afcbf2ef96e7420b3f1998e4431a97\navigation-runtime-2.7.6.aar because:
  Build cache is disabled
Skipping AarToClassTransform: C:\Users\user\.gradle\caches\modules-2\files-2.1\androidx.navigation\navigation-runtime\2.7.6\4cb5888903afcbf2ef96e7420b3f1998e4431a97\navigation-runtime-2.7.6.aar as it is up-to-date.
Transforming navigation-runtime-2.7.6.aar (androidx.navigation:navigation-runtime:2.7.6) with EnumerateClassesTransform
Caching disabled for EnumerateClassesTransform: C:\Users\user\.gradle\caches\transforms-3\783a4ff5927de73c18a09805f499d2bb\transformed\jetified-room-ktx-2.6.1-runtime.jar because:
  Build cache is disabled
Caching disabled for AarToClassTransform: C:\Users\user\.gradle\caches\modules-2\files-2.1\androidx.room\room-runtime\2.6.1\3ebcd7683411c298dd8aeee635f452c96eaf319\room-runtime-2.6.1.aar because:
  Build cache is disabled
Caching disabled for AarToClassTransform: C:\Users\user\.gradle\caches\modules-2\files-2.1\androidx.work\work-runtime\2.7.0\109bbbe00b5b9bd6bb83acccb8d414256a696023\work-runtime-2.7.0.aar because:
  Build cache is disabled
Caching disabled for EnumerateClassesTransform: C:\Users\user\.gradle\caches\transforms-3\d9242f3f5a7076262058ce891694bebd\transformed\jetified-accompanist-permissions-0.32.0-runtime.jar because:
  Build cache is disabled
Skipping AarToClassTransform: C:\Users\user\.gradle\caches\modules-2\files-2.1\androidx.work\work-runtime\2.7.0\109bbbe00b5b9bd6bb83acccb8d414256a696023\work-runtime-2.7.0.aar as it is up-to-date.
Skipping EnumerateClassesTransform: C:\Users\user\.gradle\caches\transforms-3\d9242f3f5a7076262058ce891694bebd\transformed\jetified-accompanist-permissions-0.32.0-runtime.jar as it is up-to-date.
Transforming work-runtime-2.7.0.aar (androidx.work:work-runtime:2.7.0) with EnumerateClassesTransform
Caching disabled for AarToClassTransform: C:\Users\user\.gradle\caches\transforms-3\cc8f2761067710b6744b3a67b3790448\transformed\jetified-play-services-ads-lite-22.6.0.aar because:
  Build cache is disabled
Skipping AarToClassTransform: C:\Users\user\.gradle\caches\transforms-3\cc8f2761067710b6744b3a67b3790448\transformed\jetified-play-services-ads-lite-22.6.0.aar as it is up-to-date.
Transforming play-services-ads-lite-22.6.0.aar (com.google.android.gms:play-services-ads-lite:22.6.0) with EnumerateClassesTransform
Caching disabled for IdentityTransform: C:\Users\user\.gradle\caches\modules-2\files-2.1\androidx.room\room-common\2.6.1\ff1b9580850a9b7eef56554e356628d225785265\room-common-2.6.1.jar because:
  Build cache is disabled
Skipping AarToClassTransform: C:\Users\user\.gradle\caches\modules-2\files-2.1\androidx.room\room-runtime\2.6.1\3ebcd7683411c298dd8aeee635f452c96eaf319\room-runtime-2.6.1.aar as it is up-to-date.
Skipping IdentityTransform: C:\Users\user\.gradle\caches\modules-2\files-2.1\androidx.room\room-common\2.6.1\ff1b9580850a9b7eef56554e356628d225785265\room-common-2.6.1.jar as it is up-to-date.
Transforming room-common-2.6.1.jar (androidx.room:room-common:2.6.1) with EnumerateClassesTransform
Transforming room-runtime-2.6.1.aar (androidx.room:room-runtime:2.6.1) with EnumerateClassesTransform
Caching disabled for EnumerateClassesTransform: C:\Users\user\.gradle\caches\transforms-3\506f83d195dea0ace48d67d989d702cd\transformed\navigation-runtime-2.7.6-runtime.jar because:
  Build cache is disabled
Skipping EnumerateClassesTransform: C:\Users\user\.gradle\caches\transforms-3\783a4ff5927de73c18a09805f499d2bb\transformed\jetified-room-ktx-2.6.1-runtime.jar as it is up-to-date.
Caching disabled for EnumerateClassesTransform: C:\Users\user\.gradle\caches\transforms-3\cb3d16ca469e15af65a7633d31231be1\transformed\jetified-play-services-ads-lite-22.6.0-runtime.jar because:
  Build cache is disabled
Skipping EnumerateClassesTransform: C:\Users\user\.gradle\caches\transforms-3\506f83d195dea0ace48d67d989d702cd\transformed\navigation-runtime-2.7.6-runtime.jar as it is up-to-date.
Skipping EnumerateClassesTransform: C:\Users\user\.gradle\caches\transforms-3\cb3d16ca469e15af65a7633d31231be1\transformed\jetified-play-services-ads-lite-22.6.0-runtime.jar as it is up-to-date.
Caching disabled for EnumerateClassesTransform: C:\Users\user\.gradle\caches\modules-2\files-2.1\androidx.room\room-common\2.6.1\ff1b9580850a9b7eef56554e356628d225785265\room-common-2.6.1.jar because:
  Build cache is disabled
Skipping EnumerateClassesTransform: C:\Users\user\.gradle\caches\modules-2\files-2.1\androidx.room\room-common\2.6.1\ff1b9580850a9b7eef56554e356628d225785265\room-common-2.6.1.jar as it is up-to-date.
Caching disabled for EnumerateClassesTransform: C:\Users\user\.gradle\caches\transforms-3\447bf3098bca32ef51cb3770fd7107a5\transformed\room-runtime-2.6.1-runtime.jar because:
  Build cache is disabled
Skipping EnumerateClassesTransform: C:\Users\user\.gradle\caches\transforms-3\447bf3098bca32ef51cb3770fd7107a5\transformed\room-runtime-2.6.1-runtime.jar as it is up-to-date.
Caching disabled for AarToClassTransform: C:\Users\user\.gradle\caches\transforms-3\3dc0501c76e929524b437f24196d70ff\transformed\jetified-room-paging-2.6.1.aar because:
  Build cache is disabled
Skipping AarToClassTransform: C:\Users\user\.gradle\caches\transforms-3\3dc0501c76e929524b437f24196d70ff\transformed\jetified-room-paging-2.6.1.aar as it is up-to-date.
Caching disabled for EnumerateClassesTransform: C:\Users\user\.gradle\caches\transforms-3\829f17e3e4e2bc770fcfaf415e5c18fa\transformed\work-runtime-2.7.0-runtime.jar because:
  Build cache is disabled
Skipping EnumerateClassesTransform: C:\Users\user\.gradle\caches\transforms-3\829f17e3e4e2bc770fcfaf415e5c18fa\transformed\work-runtime-2.7.0-runtime.jar as it is up-to-date.
Transforming room-paging-2.6.1.aar (androidx.room:room-paging:2.6.1) with EnumerateClassesTransform
Caching disabled for AarToClassTransform: C:\Users\user\.gradle\caches\modules-2\files-2.1\androidx.paging\paging-runtime\3.2.1\d443532f0cf032fa47344b6e329bf0cb67ee638b\paging-runtime-3.2.1.aar because:
  Build cache is disabled
Skipping AarToClassTransform: C:\Users\user\.gradle\caches\modules-2\files-2.1\androidx.paging\paging-runtime\3.2.1\d443532f0cf032fa47344b6e329bf0cb67ee638b\paging-runtime-3.2.1.aar as it is up-to-date.
Transforming paging-runtime-3.2.1.aar (androidx.paging:paging-runtime:3.2.1) with EnumerateClassesTransform
Caching disabled for EnumerateClassesTransform: C:\Users\user\.gradle\caches\transforms-3\ea4e30f04938f64fcb31a116678cceca\transformed\jetified-room-paging-2.6.1-runtime.jar because:
  Build cache is disabled
Skipping EnumerateClassesTransform: C:\Users\user\.gradle\caches\transforms-3\ea4e30f04938f64fcb31a116678cceca\transformed\jetified-room-paging-2.6.1-runtime.jar as it is up-to-date.
Caching disabled for IdentityTransform: C:\Users\user\.gradle\caches\modules-2\files-2.1\androidx.paging\paging-common\3.2.1\48d6af8b2cfb4da25557588b471557fa0751efbb\paging-common-3.2.1.jar because:
  Build cache is disabled
Caching disabled for AarToClassTransform: C:\Users\user\.gradle\caches\transforms-3\fef780525d70977df774a3b3b3e6b579\transformed\jetified-paging-runtime-ktx-3.2.1.aar because:
  Build cache is disabled
Skipping AarToClassTransform: C:\Users\user\.gradle\caches\transforms-3\fef780525d70977df774a3b3b3e6b579\transformed\jetified-paging-runtime-ktx-3.2.1.aar as it is up-to-date.
Caching disabled for AarToClassTransform: C:\Users\user\.gradle\caches\transforms-3\9813d251edccd767ce84f892b092707a\transformed\jetified-material3-release.aar because:
  Build cache is disabled
Caching disabled for AarToClassTransform: C:\Users\user\.gradle\caches\transforms-3\1c165f469a0d1ab5f2a6a8759b5982a5\transformed\jetified-paging-compose-3.2.1.aar because:
  Build cache is disabled
Skipping AarToClassTransform: C:\Users\user\.gradle\caches\transforms-3\9813d251edccd767ce84f892b092707a\transformed\jetified-material3-release.aar as it is up-to-date.
Skipping AarToClassTransform: C:\Users\user\.gradle\caches\transforms-3\1c165f469a0d1ab5f2a6a8759b5982a5\transformed\jetified-paging-compose-3.2.1.aar as it is up-to-date.
Transforming paging-runtime-ktx-3.2.1.aar (androidx.paging:paging-runtime-ktx:3.2.1) with EnumerateClassesTransform
Skipping IdentityTransform: C:\Users\user\.gradle\caches\modules-2\files-2.1\androidx.paging\paging-common\3.2.1\48d6af8b2cfb4da25557588b471557fa0751efbb\paging-common-3.2.1.jar as it is up-to-date.
Transforming material3-release.aar (androidx.compose.material3:material3-android:1.2.0) with EnumerateClassesTransform
Transforming paging-compose-3.2.1.aar (androidx.paging:paging-compose:3.2.1) with EnumerateClassesTransform
Caching disabled for EnumerateClassesTransform: C:\Users\user\.gradle\caches\transforms-3\969b5a2c724996589040f31b8c55c477\transformed\paging-runtime-3.2.1-runtime.jar because:
  Build cache is disabled
Caching disabled for AarToClassTransform: C:\Users\user\.gradle\caches\transforms-3\1ecd7f2c9c3b9b8dbba76bd63f38663f\transformed\jetified-material-ripple-release.aar because:
  Build cache is disabled
Skipping AarToClassTransform: C:\Users\user\.gradle\caches\transforms-3\1ecd7f2c9c3b9b8dbba76bd63f38663f\transformed\jetified-material-ripple-release.aar as it is up-to-date.
Transforming material-ripple-release.aar (androidx.compose.material:material-ripple-android:1.6.1) with EnumerateClassesTransform
Transforming paging-common-3.2.1.jar (androidx.paging:paging-common:3.2.1) with EnumerateClassesTransform
Caching disabled for IdentityTransform: C:\Users\user\.gradle\caches\transforms-3\7308236ebe5bc620bd7fbb5deb7c61c6\transformed\jetified-paging-common-ktx-3.2.1.jar because:
  Build cache is disabled
Skipping EnumerateClassesTransform: C:\Users\user\.gradle\caches\transforms-3\969b5a2c724996589040f31b8c55c477\transformed\paging-runtime-3.2.1-runtime.jar as it is up-to-date.
Skipping IdentityTransform: C:\Users\user\.gradle\caches\transforms-3\7308236ebe5bc620bd7fbb5deb7c61c6\transformed\jetified-paging-common-ktx-3.2.1.jar as it is up-to-date.
Caching disabled for EnumerateClassesTransform: C:\Users\user\.gradle\caches\transforms-3\13cf048987151e7bfe08fede0c4425c5\transformed\jetified-paging-compose-3.2.1-runtime.jar because:
  Build cache is disabled
Skipping EnumerateClassesTransform: C:\Users\user\.gradle\caches\transforms-3\13cf048987151e7bfe08fede0c4425c5\transformed\jetified-paging-compose-3.2.1-runtime.jar as it is up-to-date.
Caching disabled for EnumerateClassesTransform: C:\Users\user\.gradle\caches\transforms-3\4240394e6c60a9e9f2c168f9169611e5\transformed\jetified-paging-runtime-ktx-3.2.1-runtime.jar because:
  Build cache is disabled
Skipping EnumerateClassesTransform: C:\Users\user\.gradle\caches\transforms-3\4240394e6c60a9e9f2c168f9169611e5\transformed\jetified-paging-runtime-ktx-3.2.1-runtime.jar as it is up-to-date.
Caching disabled for EnumerateClassesTransform: C:\Users\user\.gradle\caches\modules-2\files-2.1\androidx.paging\paging-common\3.2.1\48d6af8b2cfb4da25557588b471557fa0751efbb\paging-common-3.2.1.jar because:
  Build cache is disabled
Caching disabled for AarToClassTransform: C:\Users\user\.gradle\caches\transforms-3\063821bd26541215de873b02f8ffafa4\transformed\jetified-material-icons-core-release.aar because:
  Build cache is disabled
Caching disabled for EnumerateClassesTransform: C:\Users\user\.gradle\caches\transforms-3\6c36413316ca47a996ee341b4eea7f7a\transformed\jetified-material-ripple-release-runtime.jar because:
  Build cache is disabled
Skipping AarToClassTransform: C:\Users\user\.gradle\caches\transforms-3\063821bd26541215de873b02f8ffafa4\transformed\jetified-material-icons-core-release.aar as it is up-to-date.
Skipping EnumerateClassesTransform: C:\Users\user\.gradle\caches\transforms-3\6c36413316ca47a996ee341b4eea7f7a\transformed\jetified-material-ripple-release-runtime.jar as it is up-to-date.
Transforming material-icons-core-release.aar (androidx.compose.material:material-icons-core-android:1.6.1) with EnumerateClassesTransform
Transforming paging-common-ktx-3.2.1.jar (androidx.paging:paging-common-ktx:3.2.1) with EnumerateClassesTransform
Caching disabled for EnumerateClassesTransform: C:\Users\user\.gradle\caches\transforms-3\29628ea925a98278fc1596beacddd758\transformed\jetified-material3-release-runtime.jar because:
  Build cache is disabled
Skipping EnumerateClassesTransform: C:\Users\user\.gradle\caches\modules-2\files-2.1\androidx.paging\paging-common\3.2.1\48d6af8b2cfb4da25557588b471557fa0751efbb\paging-common-3.2.1.jar as it is up-to-date.
Skipping EnumerateClassesTransform: C:\Users\user\.gradle\caches\transforms-3\29628ea925a98278fc1596beacddd758\transformed\jetified-material3-release-runtime.jar as it is up-to-date.
Caching disabled for AarToClassTransform: C:\Users\user\.gradle\caches\transforms-3\b69437159b1e2ebe72beac37c05e8c22\transformed\jetified-animation-release.aar because:
  Build cache is disabled
Skipping AarToClassTransform: C:\Users\user\.gradle\caches\transforms-3\b69437159b1e2ebe72beac37c05e8c22\transformed\jetified-animation-release.aar as it is up-to-date.
Transforming animation-release.aar (androidx.compose.animation:animation-android:1.6.1) with EnumerateClassesTransform
Caching disabled for EnumerateClassesTransform: C:\Users\user\.gradle\caches\transforms-3\908b2c9fed91bacdd3887e2f4e65b852\transformed\jetified-material-icons-core-release-runtime.jar because:
  Build cache is disabled
Caching disabled for AarToClassTransform: C:\Users\user\.gradle\caches\transforms-3\1db05b8da6febfd9727417c3f1e9b103\transformed\jetified-material-release.aar because:
  Build cache is disabled
Skipping EnumerateClassesTransform: C:\Users\user\.gradle\caches\transforms-3\908b2c9fed91bacdd3887e2f4e65b852\transformed\jetified-material-icons-core-release-runtime.jar as it is up-to-date.
Caching disabled for AarToClassTransform: C:\Users\user\.gradle\caches\transforms-3\cbb9300e85ec24256c793b397db19035\transformed\jetified-animation-core-release.aar because:
  Build cache is disabled
Skipping AarToClassTransform: C:\Users\user\.gradle\caches\transforms-3\1db05b8da6febfd9727417c3f1e9b103\transformed\jetified-material-release.aar as it is up-to-date.
Skipping AarToClassTransform: C:\Users\user\.gradle\caches\transforms-3\cbb9300e85ec24256c793b397db19035\transformed\jetified-animation-core-release.aar as it is up-to-date.
Caching disabled for AarToClassTransform: C:\Users\user\.gradle\caches\transforms-3\4decf918e3504277ff442969dbb0b64b\transformed\jetified-foundation-layout-release.aar because:
  Build cache is disabled
Skipping AarToClassTransform: C:\Users\user\.gradle\caches\transforms-3\4decf918e3504277ff442969dbb0b64b\transformed\jetified-foundation-layout-release.aar as it is up-to-date.
Transforming foundation-layout-release.aar (androidx.compose.foundation:foundation-layout-android:1.6.1) with EnumerateClassesTransform
Caching disabled for EnumerateClassesTransform: C:\Users\user\.gradle\caches\transforms-3\66f6ba6660656ad4a8f8ad89cbf6c933\transformed\jetified-animation-release-runtime.jar because:
  Build cache is disabled
Skipping EnumerateClassesTransform: C:\Users\user\.gradle\caches\transforms-3\66f6ba6660656ad4a8f8ad89cbf6c933\transformed\jetified-animation-release-runtime.jar as it is up-to-date.
Caching disabled for AarToClassTransform: C:\Users\user\.gradle\caches\transforms-3\8d7983209f8bafe0af6b6aa324dcbfc2\transformed\jetified-foundation-release.aar because:
  Build cache is disabled
Skipping AarToClassTransform: C:\Users\user\.gradle\caches\transforms-3\8d7983209f8bafe0af6b6aa324dcbfc2\transformed\jetified-foundation-release.aar as it is up-to-date.
Transforming animation-core-release.aar (androidx.compose.animation:animation-core-android:1.6.1) with EnumerateClassesTransform
Caching disabled for EnumerateClassesTransform: C:\Users\user\.gradle\caches\transforms-3\7308236ebe5bc620bd7fbb5deb7c61c6\transformed\jetified-paging-common-ktx-3.2.1.jar because:
  Build cache is disabled
Transforming foundation-release.aar (androidx.compose.foundation:foundation-android:1.6.1) with EnumerateClassesTransform
Skipping EnumerateClassesTransform: C:\Users\user\.gradle\caches\transforms-3\7308236ebe5bc620bd7fbb5deb7c61c6\transformed\jetified-paging-common-ktx-3.2.1.jar as it is up-to-date.
Caching disabled for EnumerateClassesTransform: C:\Users\user\.gradle\caches\transforms-3\79aecbec8180b22dda1f40aab3bd7bb2\transformed\jetified-foundation-layout-release-runtime.jar because:
  Build cache is disabled
Skipping EnumerateClassesTransform: C:\Users\user\.gradle\caches\transforms-3\79aecbec8180b22dda1f40aab3bd7bb2\transformed\jetified-foundation-layout-release-runtime.jar as it is up-to-date.
Caching disabled for AarToClassTransform: C:\Users\user\.gradle\caches\transforms-3\46ab0f5b4f9f580eda14c33aad43a411\transformed\jetified-ui-geometry-release.aar because:
  Build cache is disabled
Skipping AarToClassTransform: C:\Users\user\.gradle\caches\transforms-3\46ab0f5b4f9f580eda14c33aad43a411\transformed\jetified-ui-geometry-release.aar as it is up-to-date.
Transforming ui-geometry-release.aar (androidx.compose.ui:ui-geometry-android:1.6.1) with EnumerateClassesTransform
Transforming material-release.aar (androidx.compose.material:material-android:1.6.1) with EnumerateClassesTransform
Caching disabled for AarToClassTransform: C:\Users\user\.gradle\caches\transforms-3\ec37f96b192ecdb855dfe54a3b43ec15\transformed\jetified-ui-unit-release.aar because:
  Build cache is disabled
Skipping AarToClassTransform: C:\Users\user\.gradle\caches\transforms-3\ec37f96b192ecdb855dfe54a3b43ec15\transformed\jetified-ui-unit-release.aar as it is up-to-date.
Transforming ui-unit-release.aar (androidx.compose.ui:ui-unit-android:1.6.1) with EnumerateClassesTransform
Caching disabled for AarToClassTransform: C:\Users\user\.gradle\caches\transforms-3\a42298fe51b5435229ea73c3dead67aa\transformed\jetified-ui-text-release.aar because:
  Build cache is disabled
Caching disabled for EnumerateClassesTransform: C:\Users\user\.gradle\caches\transforms-3\b8ccd9995891b5ed93dbd2bfc5889406\transformed\jetified-ui-geometry-release-runtime.jar because:
  Build cache is disabled
Skipping EnumerateClassesTransform: C:\Users\user\.gradle\caches\transforms-3\b8ccd9995891b5ed93dbd2bfc5889406\transformed\jetified-ui-geometry-release-runtime.jar as it is up-to-date.
Caching disabled for EnumerateClassesTransform: C:\Users\user\.gradle\caches\transforms-3\ca1991e51f1dadddd5d826bca3c51394\transformed\jetified-foundation-release-runtime.jar because:
  Build cache is disabled
Skipping EnumerateClassesTransform: C:\Users\user\.gradle\caches\transforms-3\ca1991e51f1dadddd5d826bca3c51394\transformed\jetified-foundation-release-runtime.jar as it is up-to-date.
Caching disabled for EnumerateClassesTransform: C:\Users\user\.gradle\caches\transforms-3\7a16df3dbdf34fdc1c7d5ba3c6eb4337\transformed\jetified-material-release-runtime.jar because:
  Build cache is disabled
Skipping AarToClassTransform: C:\Users\user\.gradle\caches\transforms-3\a42298fe51b5435229ea73c3dead67aa\transformed\jetified-ui-text-release.aar as it is up-to-date.
Caching disabled for EnumerateClassesTransform: C:\Users\user\.gradle\caches\transforms-3\102640e73a1dd4902adf4d3a7d0c52bd\transformed\jetified-animation-core-release-runtime.jar because:
  Build cache is disabled
Caching disabled for AarToClassTransform: C:\Users\user\.gradle\caches\transforms-3\2fcc2b87b3e049e22adcc07b61f50547\transformed\jetified-ui-graphics-release.aar because:
  Build cache is disabled
Skipping EnumerateClassesTransform: C:\Users\user\.gradle\caches\transforms-3\102640e73a1dd4902adf4d3a7d0c52bd\transformed\jetified-animation-core-release-runtime.jar as it is up-to-date.
Transforming ui-text-release.aar (androidx.compose.ui:ui-text-android:1.6.1) with EnumerateClassesTransform
Skipping EnumerateClassesTransform: C:\Users\user\.gradle\caches\transforms-3\7a16df3dbdf34fdc1c7d5ba3c6eb4337\transformed\jetified-material-release-runtime.jar as it is up-to-date.
Caching disabled for AarToClassTransform: C:\Users\user\.gradle\caches\transforms-3\76c9ba4a259aa26ef5bbf103be53c4e2\transformed\jetified-ui-tooling-preview-release.aar because:
  Build cache is disabled
Skipping AarToClassTransform: C:\Users\user\.gradle\caches\transforms-3\76c9ba4a259aa26ef5bbf103be53c4e2\transformed\jetified-ui-tooling-preview-release.aar as it is up-to-date.
Transforming ui-tooling-preview-release.aar (androidx.compose.ui:ui-tooling-preview-android:1.6.1) with EnumerateClassesTransform
Caching disabled for AarToClassTransform: C:\Users\user\.gradle\caches\transforms-3\426ce391878339f3c3763bed50de3702\transformed\jetified-ui-util-release.aar because:
  Build cache is disabled
Caching disabled for EnumerateClassesTransform: C:\Users\user\.gradle\caches\transforms-3\edfbfa8f50961acf206d2fb09de7df6f\transformed\jetified-ui-unit-release-runtime.jar because:
  Build cache is disabled
Skipping AarToClassTransform: C:\Users\user\.gradle\caches\transforms-3\426ce391878339f3c3763bed50de3702\transformed\jetified-ui-util-release.aar as it is up-to-date.
Skipping AarToClassTransform: C:\Users\user\.gradle\caches\transforms-3\2fcc2b87b3e049e22adcc07b61f50547\transformed\jetified-ui-graphics-release.aar as it is up-to-date.
Skipping EnumerateClassesTransform: C:\Users\user\.gradle\caches\transforms-3\edfbfa8f50961acf206d2fb09de7df6f\transformed\jetified-ui-unit-release-runtime.jar as it is up-to-date.
Transforming ui-util-release.aar (androidx.compose.ui:ui-util-android:1.6.1) with EnumerateClassesTransform
Transforming ui-graphics-release.aar (androidx.compose.ui:ui-graphics-android:1.6.1) with EnumerateClassesTransform
Caching disabled for AarToClassTransform: C:\Users\user\.gradle\caches\transforms-3\bd181becbf892579f1903c907b484321\transformed\jetified-runtime-saveable-release.aar because:
  Build cache is disabled
Skipping AarToClassTransform: C:\Users\user\.gradle\caches\transforms-3\bd181becbf892579f1903c907b484321\transformed\jetified-runtime-saveable-release.aar as it is up-to-date.
Transforming runtime-saveable-release.aar (androidx.compose.runtime:runtime-saveable-android:1.6.1) with EnumerateClassesTransform
Caching disabled for EnumerateClassesTransform: C:\Users\user\.gradle\caches\transforms-3\af9ca41346faa3cbc23dfe6c9785d829\transformed\jetified-ui-text-release-runtime.jar because:
  Build cache is disabled
Skipping EnumerateClassesTransform: C:\Users\user\.gradle\caches\transforms-3\af9ca41346faa3cbc23dfe6c9785d829\transformed\jetified-ui-text-release-runtime.jar as it is up-to-date.
Caching disabled for AarToClassTransform: C:\Users\user\.gradle\caches\transforms-3\7bbf737b4eca3d5168f2d6960294cf2d\transformed\jetified-runtime-release.aar because:
  Build cache is disabled
Skipping AarToClassTransform: C:\Users\user\.gradle\caches\transforms-3\7bbf737b4eca3d5168f2d6960294cf2d\transformed\jetified-runtime-release.aar as it is up-to-date.
Transforming runtime-release.aar (androidx.compose.runtime:runtime-android:1.6.1) with EnumerateClassesTransform
Caching disabled for EnumerateClassesTransform: C:\Users\user\.gradle\caches\transforms-3\f1dd3a49a8c7bcf760e2e7a36b8edcf9\transformed\jetified-ui-tooling-preview-release-runtime.jar because:
  Build cache is disabled
Skipping EnumerateClassesTransform: C:\Users\user\.gradle\caches\transforms-3\f1dd3a49a8c7bcf760e2e7a36b8edcf9\transformed\jetified-ui-tooling-preview-release-runtime.jar as it is up-to-date.
Caching disabled for EnumerateClassesTransform: C:\Users\user\.gradle\caches\transforms-3\dde39550dff8495d907641b849692d55\transformed\jetified-ui-graphics-release-runtime.jar because:
  Build cache is disabled
Caching disabled for AarToClassTransform: C:\Users\user\.gradle\caches\transforms-3\f2ab45029814083fd9eb4f2ef80168cd\transformed\jetified-runtime-livedata-1.6.1.aar because:
  Build cache is disabled
Skipping EnumerateClassesTransform: C:\Users\user\.gradle\caches\transforms-3\dde39550dff8495d907641b849692d55\transformed\jetified-ui-graphics-release-runtime.jar as it is up-to-date.
Skipping AarToClassTransform: C:\Users\user\.gradle\caches\transforms-3\f2ab45029814083fd9eb4f2ef80168cd\transformed\jetified-runtime-livedata-1.6.1.aar as it is up-to-date.
Transforming runtime-livedata-1.6.1.aar (androidx.compose.runtime:runtime-livedata:1.6.1) with EnumerateClassesTransform
Caching disabled for EnumerateClassesTransform: C:\Users\user\.gradle\caches\transforms-3\d28dde80b4b7c0eb3b806f6378536b4b\transformed\jetified-runtime-saveable-release-runtime.jar because:
  Build cache is disabled
Skipping EnumerateClassesTransform: C:\Users\user\.gradle\caches\transforms-3\d28dde80b4b7c0eb3b806f6378536b4b\transformed\jetified-runtime-saveable-release-runtime.jar as it is up-to-date.
Caching disabled for AarToClassTransform: C:\Users\user\.gradle\caches\transforms-3\69f0777ff229251775eeafe04fd45d45\transformed\jetified-hilt-android-2.49.aar because:
  Build cache is disabled
Skipping AarToClassTransform: C:\Users\user\.gradle\caches\transforms-3\69f0777ff229251775eeafe04fd45d45\transformed\jetified-hilt-android-2.49.aar as it is up-to-date.
Transforming hilt-android-2.49.aar (com.google.dagger:hilt-android:2.49) with EnumerateClassesTransform
Caching disabled for EnumerateClassesTransform: C:\Users\user\.gradle\caches\transforms-3\ffb8b91c2ea615430a11487fc732b9ba\transformed\jetified-runtime-release-runtime.jar because:
  Build cache is disabled
Caching disabled for EnumerateClassesTransform: C:\Users\user\.gradle\caches\transforms-3\87e88075e0c6c264db3dd9be6f868906\transformed\jetified-runtime-livedata-1.6.1-runtime.jar because:
  Build cache is disabled
Skipping EnumerateClassesTransform: C:\Users\user\.gradle\caches\transforms-3\ffb8b91c2ea615430a11487fc732b9ba\transformed\jetified-runtime-release-runtime.jar as it is up-to-date.
Caching disabled for AarToClassTransform: C:\Users\user\.gradle\caches\transforms-3\611e91890af6e59cf0249d392aecd2e1\transformed\jetified-play-services-tasks-18.0.2.aar because:
  Build cache is disabled
Skipping AarToClassTransform: C:\Users\user\.gradle\caches\transforms-3\611e91890af6e59cf0249d392aecd2e1\transformed\jetified-play-services-tasks-18.0.2.aar as it is up-to-date.
Transforming play-services-tasks-18.0.2.aar (com.google.android.gms:play-services-tasks:18.0.2) with EnumerateClassesTransform
Caching disabled for EnumerateClassesTransform: C:\Users\user\.gradle\caches\transforms-3\2539eff97ca14a6e4048f022dcf2c6f3\transformed\jetified-hilt-android-2.49-runtime.jar because:
  Build cache is disabled
Caching disabled for EnumerateClassesTransform: C:\Users\user\.gradle\caches\transforms-3\a114bba060116b2beb9737b5a31022f7\transformed\jetified-ui-util-release-runtime.jar because:
  Build cache is disabled
Skipping EnumerateClassesTransform: C:\Users\user\.gradle\caches\transforms-3\2539eff97ca14a6e4048f022dcf2c6f3\transformed\jetified-hilt-android-2.49-runtime.jar as it is up-to-date.
Skipping EnumerateClassesTransform: C:\Users\user\.gradle\caches\transforms-3\87e88075e0c6c264db3dd9be6f868906\transformed\jetified-runtime-livedata-1.6.1-runtime.jar as it is up-to-date.
Skipping EnumerateClassesTransform: C:\Users\user\.gradle\caches\transforms-3\a114bba060116b2beb9737b5a31022f7\transformed\jetified-ui-util-release-runtime.jar as it is up-to-date.
Caching disabled for EnumerateClassesTransform: C:\Users\user\.gradle\caches\transforms-3\78797b67ac8f1a753a388a5b0dbc8a1b\transformed\jetified-play-services-tasks-18.0.2-runtime.jar because:
  Build cache is disabled
Skipping EnumerateClassesTransform: C:\Users\user\.gradle\caches\transforms-3\78797b67ac8f1a753a388a5b0dbc8a1b\transformed\jetified-play-services-tasks-18.0.2-runtime.jar as it is up-to-date.
Caching disabled for AarToClassTransform: C:\Users\user\.gradle\caches\transforms-3\1cd0726061e8774a9fd1adffd0f36036\transformed\jetified-play-services-ads-base-22.6.0.aar because:
  Build cache is disabled
Skipping AarToClassTransform: C:\Users\user\.gradle\caches\transforms-3\1cd0726061e8774a9fd1adffd0f36036\transformed\jetified-play-services-ads-base-22.6.0.aar as it is up-to-date.
Transforming play-services-ads-base-22.6.0.aar (com.google.android.gms:play-services-ads-base:22.6.0) with EnumerateClassesTransform
Caching disabled for AarToClassTransform: C:\Users\user\.gradle\caches\transforms-3\6a690031960121bfaddf2d9082e2491b\transformed\jetified-user-messaging-platform-2.1.0.aar because:
  Build cache is disabled
Skipping AarToClassTransform: C:\Users\user\.gradle\caches\transforms-3\6a690031960121bfaddf2d9082e2491b\transformed\jetified-user-messaging-platform-2.1.0.aar as it is up-to-date.
Caching disabled for AarToClassTransform: C:\Users\user\.gradle\caches\transforms-3\932a7d915eb61cfaf903019a7bfd8dd0\transformed\jetified-play-services-measurement-sdk-api-20.1.2.aar because:
  Build cache is disabled
Skipping AarToClassTransform: C:\Users\user\.gradle\caches\transforms-3\932a7d915eb61cfaf903019a7bfd8dd0\transformed\jetified-play-services-measurement-sdk-api-20.1.2.aar as it is up-to-date.
Transforming user-messaging-platform-2.1.0.aar (com.google.android.ump:user-messaging-platform:2.1.0) with EnumerateClassesTransform
Caching disabled for AarToClassTransform: C:\Users\user\.gradle\caches\transforms-3\07d668fa46fe3c1fc1a5d82f23d4805f\transformed\jetified-play-services-measurement-base-20.1.2.aar because:
  Build cache is disabled
Skipping AarToClassTransform: C:\Users\user\.gradle\caches\transforms-3\07d668fa46fe3c1fc1a5d82f23d4805f\transformed\jetified-play-services-measurement-base-20.1.2.aar as it is up-to-date.
Caching disabled for AarToClassTransform: C:\Users\user\.gradle\caches\transforms-3\1a489187f48f91f164581add09f4f409\transformed\jetified-play-services-ads-identifier-18.0.0.aar because:
  Build cache is disabled
Transforming play-services-measurement-base-20.1.2.aar (com.google.android.gms:play-services-measurement-base:20.1.2) with EnumerateClassesTransform
Skipping AarToClassTransform: C:\Users\user\.gradle\caches\transforms-3\1a489187f48f91f164581add09f4f409\transformed\jetified-play-services-ads-identifier-18.0.0.aar as it is up-to-date.
Transforming play-services-measurement-sdk-api-20.1.2.aar (com.google.android.gms:play-services-measurement-sdk-api:20.1.2) with EnumerateClassesTransform
Transforming play-services-ads-identifier-18.0.0.aar (com.google.android.gms:play-services-ads-identifier:18.0.0) with EnumerateClassesTransform
Caching disabled for EnumerateClassesTransform: C:\Users\user\.gradle\caches\transforms-3\408586bc301ccebe86f94afa5d2e6572\transformed\jetified-user-messaging-platform-2.1.0-runtime.jar because:
  Build cache is disabled
Skipping EnumerateClassesTransform: C:\Users\user\.gradle\caches\transforms-3\408586bc301ccebe86f94afa5d2e6572\transformed\jetified-user-messaging-platform-2.1.0-runtime.jar as it is up-to-date.
Caching disabled for EnumerateClassesTransform: C:\Users\user\.gradle\caches\transforms-3\ac4632295aff784b0cd9f23941fcdc16\transformed\jetified-play-services-ads-base-22.6.0-runtime.jar because:
  Build cache is disabled
Skipping EnumerateClassesTransform: C:\Users\user\.gradle\caches\transforms-3\ac4632295aff784b0cd9f23941fcdc16\transformed\jetified-play-services-ads-base-22.6.0-runtime.jar as it is up-to-date.
Caching disabled for EnumerateClassesTransform: C:\Users\user\.gradle\caches\transforms-3\33b0af3b8430c1856c232f6357c87aa1\transformed\jetified-play-services-measurement-base-20.1.2-runtime.jar because:
  Build cache is disabled
Skipping EnumerateClassesTransform: C:\Users\user\.gradle\caches\transforms-3\33b0af3b8430c1856c232f6357c87aa1\transformed\jetified-play-services-measurement-base-20.1.2-runtime.jar as it is up-to-date.
Caching disabled for EnumerateClassesTransform: C:\Users\user\.gradle\caches\transforms-3\6569206bf9072d6661d389998ed970b2\transformed\jetified-play-services-ads-identifier-18.0.0-runtime.jar because:
  Build cache is disabled
Caching disabled for EnumerateClassesTransform: C:\Users\user\.gradle\caches\transforms-3\7d3b86cc73d11a0e8f3d0df9340045b7\transformed\jetified-play-services-measurement-sdk-api-20.1.2-runtime.jar because:
  Build cache is disabled
Skipping EnumerateClassesTransform: C:\Users\user\.gradle\caches\transforms-3\6569206bf9072d6661d389998ed970b2\transformed\jetified-play-services-ads-identifier-18.0.0-runtime.jar as it is up-to-date.
Skipping EnumerateClassesTransform: C:\Users\user\.gradle\caches\transforms-3\7d3b86cc73d11a0e8f3d0df9340045b7\transformed\jetified-play-services-measurement-sdk-api-20.1.2-runtime.jar as it is up-to-date.
Caching disabled for AarToClassTransform: C:\Users\user\.gradle\caches\transforms-3\3fdee7e1a2e667bb766a44ff6d06c53c\transformed\jetified-play-services-basement-18.2.0.aar because:
  Build cache is disabled
Skipping AarToClassTransform: C:\Users\user\.gradle\caches\transforms-3\3fdee7e1a2e667bb766a44ff6d06c53c\transformed\jetified-play-services-basement-18.2.0.aar as it is up-to-date.
Transforming play-services-basement-18.2.0.aar (com.google.android.gms:play-services-basement:18.2.0) with EnumerateClassesTransform
Caching disabled for EnumerateClassesTransform: C:\Users\user\.gradle\caches\transforms-3\016f2f9bf5aae713a9e947cd14ea82e1\transformed\jetified-play-services-basement-18.2.0-runtime.jar because:
  Build cache is disabled
Skipping EnumerateClassesTransform: C:\Users\user\.gradle\caches\transforms-3\016f2f9bf5aae713a9e947cd14ea82e1\transformed\jetified-play-services-basement-18.2.0-runtime.jar as it is up-to-date.
Caching disabled for AarToClassTransform: C:\Users\user\.gradle\caches\transforms-3\0d989c535972c1c18d3ced8efba7343d\transformed\jetified-emoji2-1.3.0.aar because:
  Build cache is disabled
Skipping AarToClassTransform: C:\Users\user\.gradle\caches\transforms-3\0d989c535972c1c18d3ced8efba7343d\transformed\jetified-emoji2-1.3.0.aar as it is up-to-date.
Caching disabled for AarToClassTransform: C:\Users\user\.gradle\caches\transforms-3\afd8dc91d22b29f1fe41534341f5371b\transformed\jetified-lifecycle-process-2.7.0.aar because:
  Build cache is disabled
Skipping AarToClassTransform: C:\Users\user\.gradle\caches\transforms-3\afd8dc91d22b29f1fe41534341f5371b\transformed\jetified-lifecycle-process-2.7.0.aar as it is up-to-date.
Transforming emoji2-1.3.0.aar (androidx.emoji2:emoji2:1.3.0) with EnumerateClassesTransform
Transforming lifecycle-process-2.7.0.aar (androidx.lifecycle:lifecycle-process:2.7.0) with EnumerateClassesTransform
Caching disabled for EnumerateClassesTransform: C:\Users\user\.gradle\caches\transforms-3\25e2d7b5eb97f24dfe1a84b6903f032e\transformed\jetified-emoji2-1.3.0-runtime.jar because:
  Build cache is disabled
Skipping EnumerateClassesTransform: C:\Users\user\.gradle\caches\transforms-3\25e2d7b5eb97f24dfe1a84b6903f032e\transformed\jetified-emoji2-1.3.0-runtime.jar as it is up-to-date.
Caching disabled for AarToClassTransform: C:\Users\user\.gradle\caches\modules-2\files-2.1\androidx.fragment\fragment\1.5.1\39660bdcb1ed2c71e181ec3ac7dbfa65fc0f701f\fragment-1.5.1.aar because:
  Build cache is disabled
Skipping AarToClassTransform: C:\Users\user\.gradle\caches\modules-2\files-2.1\androidx.fragment\fragment\1.5.1\39660bdcb1ed2c71e181ec3ac7dbfa65fc0f701f\fragment-1.5.1.aar as it is up-to-date.
Transforming fragment-1.5.1.aar (androidx.fragment:fragment:1.5.1) with EnumerateClassesTransform
Transforming fragment-1.5.1.aar (androidx.fragment:fragment:1.5.1) with EnumerateClassesTransform
Caching disabled for AarToClassTransform: C:\Users\user\.gradle\caches\transforms-3\248d9fc074393db7ebb22332088e0a55\transformed\jetified-emoji2-views-helper-1.3.0.aar because:
  Build cache is disabled
Skipping AarToClassTransform: C:\Users\user\.gradle\caches\transforms-3\248d9fc074393db7ebb22332088e0a55\transformed\jetified-emoji2-views-helper-1.3.0.aar as it is up-to-date.
Transforming emoji2-views-helper-1.3.0.aar (androidx.emoji2:emoji2-views-helper:1.3.0) with EnumerateClassesTransform
Caching disabled for AarToClassTransform: C:\Users\user\.gradle\caches\transforms-3\338a86ad7b3afac223c5a38c6b3353cf\transformed\jetified-lifecycle-service-2.7.0.aar because:
  Build cache is disabled
Skipping AarToClassTransform: C:\Users\user\.gradle\caches\transforms-3\338a86ad7b3afac223c5a38c6b3353cf\transformed\jetified-lifecycle-service-2.7.0.aar as it is up-to-date.
Transforming lifecycle-service-2.7.0.aar (androidx.lifecycle:lifecycle-service:2.7.0) with EnumerateClassesTransform
Caching disabled for EnumerateClassesTransform: C:\Users\user\.gradle\caches\transforms-3\8ff1775b919556a348d79df5c981b619\transformed\jetified-lifecycle-process-2.7.0-runtime.jar because:
  Build cache is disabled
Skipping EnumerateClassesTransform: C:\Users\user\.gradle\caches\transforms-3\8ff1775b919556a348d79df5c981b619\transformed\jetified-lifecycle-process-2.7.0-runtime.jar as it is up-to-date.
Caching disabled for EnumerateClassesTransform: C:\Users\user\.gradle\caches\transforms-3\6b6d04a6646ba00b8d9e6b0880549e61\transformed\fragment-1.5.1-runtime.jar because:
  Build cache is disabled
Caching disabled for EnumerateClassesTransform: C:\Users\user\.gradle\caches\transforms-3\c7404c16f8323c612aba8f8daff00918\transformed\jetified-emoji2-views-helper-1.3.0-runtime.jar because:
  Build cache is disabled
Caching disabled for EnumerateClassesTransform: C:\Users\user\.gradle\caches\transforms-3\1d539e6b1bf43d8e90879ea3f659faba\transformed\jetified-lifecycle-service-2.7.0-runtime.jar because:
  Build cache is disabled
Skipping EnumerateClassesTransform: C:\Users\user\.gradle\caches\transforms-3\c7404c16f8323c612aba8f8daff00918\transformed\jetified-emoji2-views-helper-1.3.0-runtime.jar as it is up-to-date.
Skipping EnumerateClassesTransform: C:\Users\user\.gradle\caches\transforms-3\6b6d04a6646ba00b8d9e6b0880549e61\transformed\fragment-1.5.1-runtime.jar as it is up-to-date.
Skipping EnumerateClassesTransform: C:\Users\user\.gradle\caches\transforms-3\1d539e6b1bf43d8e90879ea3f659faba\transformed\jetified-lifecycle-service-2.7.0-runtime.jar as it is up-to-date.
Caching disabled for AarToClassTransform: C:\Users\user\.gradle\caches\modules-2\files-2.1\androidx.lifecycle\lifecycle-livedata-core\2.7.0\d95c9c0b74a6b9882c416c688f6cf201dc416bed\lifecycle-livedata-core-2.7.0.aar because:
  Build cache is disabled
Skipping AarToClassTransform: C:\Users\user\.gradle\caches\modules-2\files-2.1\androidx.lifecycle\lifecycle-livedata-core\2.7.0\d95c9c0b74a6b9882c416c688f6cf201dc416bed\lifecycle-livedata-core-2.7.0.aar as it is up-to-date.
Transforming lifecycle-livedata-core-2.7.0.aar (androidx.lifecycle:lifecycle-livedata-core:2.7.0) with EnumerateClassesTransform
Caching disabled for AarToClassTransform: C:\Users\user\.gradle\caches\transforms-3\c9df3ceb2e58ba03e52bed7752205083\transformed\jetified-lifecycle-livedata-core-ktx-2.7.0.aar because:
  Build cache is disabled
Skipping AarToClassTransform: C:\Users\user\.gradle\caches\transforms-3\c9df3ceb2e58ba03e52bed7752205083\transformed\jetified-lifecycle-livedata-core-ktx-2.7.0.aar as it is up-to-date.
Caching disabled for AarToClassTransform: C:\Users\user\.gradle\caches\modules-2\files-2.1\androidx.legacy\legacy-support-core-utils\1.0.0\9b9570042115da8629519090dfeb71df75da59fc\legacy-support-core-utils-1.0.0.aar because:
  Build cache is disabled
Transforming lifecycle-livedata-core-ktx-2.7.0.aar (androidx.lifecycle:lifecycle-livedata-core-ktx:2.7.0) with EnumerateClassesTransform
Skipping AarToClassTransform: C:\Users\user\.gradle\caches\modules-2\files-2.1\androidx.legacy\legacy-support-core-utils\1.0.0\9b9570042115da8629519090dfeb71df75da59fc\legacy-support-core-utils-1.0.0.aar as it is up-to-date.
Caching disabled for AarToClassTransform: C:\Users\user\.gradle\caches\modules-2\files-2.1\androidx.lifecycle\lifecycle-livedata\2.7.0\42ad14e1ee00719636e31a36e8cd50d7ce5c45c6\lifecycle-livedata-2.7.0.aar because:
  Build cache is disabled
Skipping AarToClassTransform: C:\Users\user\.gradle\caches\modules-2\files-2.1\androidx.lifecycle\lifecycle-livedata\2.7.0\42ad14e1ee00719636e31a36e8cd50d7ce5c45c6\lifecycle-livedata-2.7.0.aar as it is up-to-date.
Transforming legacy-support-core-utils-1.0.0.aar (androidx.legacy:legacy-support-core-utils:1.0.0) with EnumerateClassesTransform
Caching disabled for AarToClassTransform: C:\Users\user\.gradle\caches\transforms-3\4128f0bf461b630c3b6d5986f35175d6\transformed\jetified-lifecycle-livedata-ktx-2.7.0.aar because:
  Build cache is disabled
Skipping AarToClassTransform: C:\Users\user\.gradle\caches\transforms-3\4128f0bf461b630c3b6d5986f35175d6\transformed\jetified-lifecycle-livedata-ktx-2.7.0.aar as it is up-to-date.
Transforming lifecycle-livedata-ktx-2.7.0.aar (androidx.lifecycle:lifecycle-livedata-ktx:2.7.0) with EnumerateClassesTransform
Caching disabled for EnumerateClassesTransform: C:\Users\user\.gradle\caches\transforms-3\30faa9ae3a6dd8ad711f2dd271f99d5b\transformed\lifecycle-livedata-core-2.7.0-runtime.jar because:
  Build cache is disabled
Skipping EnumerateClassesTransform: C:\Users\user\.gradle\caches\transforms-3\30faa9ae3a6dd8ad711f2dd271f99d5b\transformed\lifecycle-livedata-core-2.7.0-runtime.jar as it is up-to-date.
Transforming lifecycle-livedata-2.7.0.aar (androidx.lifecycle:lifecycle-livedata:2.7.0) with EnumerateClassesTransform
Caching disabled for EnumerateClassesTransform: C:\Users\user\.gradle\caches\transforms-3\8b72aab8dc64b5477016c95240d55347\transformed\jetified-lifecycle-livedata-core-ktx-2.7.0-runtime.jar because:
  Build cache is disabled
Skipping EnumerateClassesTransform: C:\Users\user\.gradle\caches\transforms-3\8b72aab8dc64b5477016c95240d55347\transformed\jetified-lifecycle-livedata-core-ktx-2.7.0-runtime.jar as it is up-to-date.
Caching disabled for EnumerateClassesTransform: C:\Users\user\.gradle\caches\transforms-3\f48316c7dfdadd40a1805734e32bf8c2\transformed\jetified-lifecycle-livedata-ktx-2.7.0-runtime.jar because:
  Build cache is disabled
Skipping EnumerateClassesTransform: C:\Users\user\.gradle\caches\transforms-3\f48316c7dfdadd40a1805734e32bf8c2\transformed\jetified-lifecycle-livedata-ktx-2.7.0-runtime.jar as it is up-to-date.
Caching disabled for EnumerateClassesTransform: C:\Users\user\.gradle\caches\transforms-3\ab956bceba0b386472f25666bcd96036\transformed\legacy-support-core-utils-1.0.0-runtime.jar because:
  Build cache is disabled
Skipping EnumerateClassesTransform: C:\Users\user\.gradle\caches\transforms-3\ab956bceba0b386472f25666bcd96036\transformed\legacy-support-core-utils-1.0.0-runtime.jar as it is up-to-date.
Caching disabled for AarToClassTransform: C:\Users\user\.gradle\caches\modules-2\files-2.1\androidx.loader\loader\1.0.0\8af8b6cec0da85c207d03e15840e0722cbc71e70\loader-1.0.0.aar because:
  Build cache is disabled
Transforming lifecycle-livedata-2.7.0.aar (androidx.lifecycle:lifecycle-livedata:2.7.0) with EnumerateClassesTransform
Skipping AarToClassTransform: C:\Users\user\.gradle\caches\modules-2\files-2.1\androidx.loader\loader\1.0.0\8af8b6cec0da85c207d03e15840e0722cbc71e70\loader-1.0.0.aar as it is up-to-date.
Transforming loader-1.0.0.aar (androidx.loader:loader:1.0.0) with EnumerateClassesTransform
Transforming loader-1.0.0.aar (androidx.loader:loader:1.0.0) with EnumerateClassesTransform
Caching disabled for IdentityTransform: C:\Users\user\.gradle\caches\modules-2\files-2.1\androidx.lifecycle\lifecycle-common\2.7.0\85334205d65cca70ed0109c3acbd29e22a2d9cb1\lifecycle-common-2.7.0.jar because:
  Build cache is disabled
Skipping IdentityTransform: C:\Users\user\.gradle\caches\modules-2\files-2.1\androidx.lifecycle\lifecycle-common\2.7.0\85334205d65cca70ed0109c3acbd29e22a2d9cb1\lifecycle-common-2.7.0.jar as it is up-to-date.
Transforming lifecycle-common-2.7.0.jar (androidx.lifecycle:lifecycle-common:2.7.0) with EnumerateClassesTransform
Caching disabled for EnumerateClassesTransform: C:\Users\user\.gradle\caches\transforms-3\6746d594d084cbd91679b1ae7523bb5a\transformed\loader-1.0.0-runtime.jar because:
  Build cache is disabled
Skipping EnumerateClassesTransform: C:\Users\user\.gradle\caches\transforms-3\6746d594d084cbd91679b1ae7523bb5a\transformed\loader-1.0.0-runtime.jar as it is up-to-date.
Caching disabled for AarToClassTransform: C:\Users\user\.gradle\caches\transforms-3\5b9928826629e1d065af7b415c675cfe\transformed\jetified-lifecycle-viewmodel-savedstate-2.7.0.aar because:
  Build cache is disabled
Skipping AarToClassTransform: C:\Users\user\.gradle\caches\transforms-3\5b9928826629e1d065af7b415c675cfe\transformed\jetified-lifecycle-viewmodel-savedstate-2.7.0.aar as it is up-to-date.
Transforming lifecycle-viewmodel-savedstate-2.7.0.aar (androidx.lifecycle:lifecycle-viewmodel-savedstate:2.7.0) with EnumerateClassesTransform
Caching disabled for AarToClassTransform: C:\Users\user\.gradle\caches\transforms-3\1c5963f8e4fffaad74ee8cb6cd6f3eba\transformed\jetified-savedstate-ktx-1.2.1.aar because:
  Build cache is disabled
Skipping AarToClassTransform: C:\Users\user\.gradle\caches\transforms-3\1c5963f8e4fffaad74ee8cb6cd6f3eba\transformed\jetified-savedstate-ktx-1.2.1.aar as it is up-to-date.
Caching disabled for AarToClassTransform: C:\Users\user\.gradle\caches\transforms-3\bea0eb29fc40b83ba61e586efefdbc80\transformed\jetified-lifecycle-viewmodel-ktx-2.7.0.aar because:
  Build cache is disabled
Skipping AarToClassTransform: C:\Users\user\.gradle\caches\transforms-3\bea0eb29fc40b83ba61e586efefdbc80\transformed\jetified-lifecycle-viewmodel-ktx-2.7.0.aar as it is up-to-date.
Caching disabled for AarToClassTransform: C:\Users\user\.gradle\caches\transforms-3\176057ce525d9260435c3fc865a4ce78\transformed\jetified-savedstate-1.2.1.aar because:
  Build cache is disabled
Transforming lifecycle-viewmodel-ktx-2.7.0.aar (androidx.lifecycle:lifecycle-viewmodel-ktx:2.7.0) with EnumerateClassesTransform
Skipping AarToClassTransform: C:\Users\user\.gradle\caches\transforms-3\176057ce525d9260435c3fc865a4ce78\transformed\jetified-savedstate-1.2.1.aar as it is up-to-date.
Transforming savedstate-1.2.1.aar (androidx.savedstate:savedstate:1.2.1) with EnumerateClassesTransform
Caching disabled for EnumerateClassesTransform: C:\Users\user\.gradle\caches\transforms-3\0852846616b933ae0efdb874796966a9\transformed\jetified-lifecycle-viewmodel-savedstate-2.7.0-runtime.jar because:
  Build cache is disabled
Caching disabled for EnumerateClassesTransform: C:\Users\user\.gradle\caches\transforms-3\30e6f0804494cce2b12c86d37111742c\transformed\jetified-lifecycle-viewmodel-ktx-2.7.0-runtime.jar because:
  Build cache is disabled
Skipping EnumerateClassesTransform: C:\Users\user\.gradle\caches\transforms-3\0852846616b933ae0efdb874796966a9\transformed\jetified-lifecycle-viewmodel-savedstate-2.7.0-runtime.jar as it is up-to-date.
Skipping EnumerateClassesTransform: C:\Users\user\.gradle\caches\transforms-3\30e6f0804494cce2b12c86d37111742c\transformed\jetified-lifecycle-viewmodel-ktx-2.7.0-runtime.jar as it is up-to-date.
Caching disabled for EnumerateClassesTransform: C:\Users\user\.gradle\caches\transforms-3\030edc75fbca2454cd3f11f4ce558fd9\transformed\lifecycle-livedata-2.7.0-runtime.jar because:
  Build cache is disabled
Skipping EnumerateClassesTransform: C:\Users\user\.gradle\caches\transforms-3\030edc75fbca2454cd3f11f4ce558fd9\transformed\lifecycle-livedata-2.7.0-runtime.jar as it is up-to-date.
Caching disabled for AarToClassTransform: C:\Users\user\.gradle\caches\modules-2\files-2.1\androidx.lifecycle\lifecycle-runtime\2.7.0\e46d7c73ab6cb3e288f51a0ad96bf372e90ceb31\lifecycle-runtime-2.7.0.aar because:
  Build cache is disabled
Caching disabled for IdentityTransform: C:\Users\user\.gradle\caches\modules-2\files-2.1\androidx.lifecycle\lifecycle-common-java8\2.7.0\2ad14aed781c4a73ed4dbb421966d408a0a06686\lifecycle-common-java8-2.7.0.jar because:
  Build cache is disabled
Caching disabled for AarToClassTransform: C:\Users\user\.gradle\caches\modules-2\files-2.1\androidx.lifecycle\lifecycle-viewmodel\2.7.0\ea64fb2e504d200f2b7f03c76f51edd7e9ef62a9\lifecycle-viewmodel-2.7.0.aar because:
  Build cache is disabled
Caching disabled for EnumerateClassesTransform: C:\Users\user\.gradle\caches\transforms-3\a52f538531e4deb79b26fe0acf716bab\transformed\jetified-savedstate-1.2.1-runtime.jar because:
  Build cache is disabled
Skipping AarToClassTransform: C:\Users\user\.gradle\caches\modules-2\files-2.1\androidx.lifecycle\lifecycle-runtime\2.7.0\e46d7c73ab6cb3e288f51a0ad96bf372e90ceb31\lifecycle-runtime-2.7.0.aar as it is up-to-date.
Skipping EnumerateClassesTransform: C:\Users\user\.gradle\caches\transforms-3\a52f538531e4deb79b26fe0acf716bab\transformed\jetified-savedstate-1.2.1-runtime.jar as it is up-to-date.
Transforming lifecycle-runtime-2.7.0.aar (androidx.lifecycle:lifecycle-runtime:2.7.0) with EnumerateClassesTransform
Caching disabled for EnumerateClassesTransform: C:\Users\user\.gradle\caches\modules-2\files-2.1\androidx.lifecycle\lifecycle-common\2.7.0\85334205d65cca70ed0109c3acbd29e22a2d9cb1\lifecycle-common-2.7.0.jar because:
  Build cache is disabled
Skipping EnumerateClassesTransform: C:\Users\user\.gradle\caches\modules-2\files-2.1\androidx.lifecycle\lifecycle-common\2.7.0\85334205d65cca70ed0109c3acbd29e22a2d9cb1\lifecycle-common-2.7.0.jar as it is up-to-date.
Transforming savedstate-ktx-1.2.1.aar (androidx.savedstate:savedstate-ktx:1.2.1) with EnumerateClassesTransform
Caching disabled for EnumerateClassesTransform: C:\Users\user\.gradle\caches\transforms-3\875896cff31bf983463985a499c876f9\transformed\lifecycle-runtime-2.7.0-runtime.jar because:
  Build cache is disabled
Skipping EnumerateClassesTransform: C:\Users\user\.gradle\caches\transforms-3\875896cff31bf983463985a499c876f9\transformed\lifecycle-runtime-2.7.0-runtime.jar as it is up-to-date.
Skipping AarToClassTransform: C:\Users\user\.gradle\caches\modules-2\files-2.1\androidx.lifecycle\lifecycle-viewmodel\2.7.0\ea64fb2e504d200f2b7f03c76f51edd7e9ef62a9\lifecycle-viewmodel-2.7.0.aar as it is up-to-date.
Skipping IdentityTransform: C:\Users\user\.gradle\caches\modules-2\files-2.1\androidx.lifecycle\lifecycle-common-java8\2.7.0\2ad14aed781c4a73ed4dbb421966d408a0a06686\lifecycle-common-java8-2.7.0.jar as it is up-to-date.
Transforming lifecycle-common-java8-2.7.0.jar (androidx.lifecycle:lifecycle-common-java8:2.7.0) with EnumerateClassesTransform
Transforming lifecycle-viewmodel-2.7.0.aar (androidx.lifecycle:lifecycle-viewmodel:2.7.0) with EnumerateClassesTransform
Caching disabled for EnumerateClassesTransform: C:\Users\user\.gradle\caches\transforms-3\61075e641cd09ec9ae86a412711ebb14\transformed\lifecycle-viewmodel-2.7.0-runtime.jar because:
  Build cache is disabled
Skipping EnumerateClassesTransform: C:\Users\user\.gradle\caches\transforms-3\61075e641cd09ec9ae86a412711ebb14\transformed\lifecycle-viewmodel-2.7.0-runtime.jar as it is up-to-date.
Caching disabled for AarToClassTransform: C:\Users\user\.gradle\caches\transforms-3\bc3fe3c7aeb4111f80d215a11d8a36df\transformed\jetified-lifecycle-viewmodel-compose-2.7.0.aar because:
  Build cache is disabled
Caching disabled for EnumerateClassesTransform: C:\Users\user\.gradle\caches\modules-2\files-2.1\androidx.lifecycle\lifecycle-common-java8\2.7.0\2ad14aed781c4a73ed4dbb421966d408a0a06686\lifecycle-common-java8-2.7.0.jar because:
  Build cache is disabled
Skipping AarToClassTransform: C:\Users\user\.gradle\caches\transforms-3\bc3fe3c7aeb4111f80d215a11d8a36df\transformed\jetified-lifecycle-viewmodel-compose-2.7.0.aar as it is up-to-date.
Skipping EnumerateClassesTransform: C:\Users\user\.gradle\caches\modules-2\files-2.1\androidx.lifecycle\lifecycle-common-java8\2.7.0\2ad14aed781c4a73ed4dbb421966d408a0a06686\lifecycle-common-java8-2.7.0.jar as it is up-to-date.
Transforming lifecycle-viewmodel-2.7.0.aar (androidx.lifecycle:lifecycle-viewmodel:2.7.0) with EnumerateClassesTransform
Caching disabled for AarToClassTransform: C:\Users\user\.gradle\caches\transforms-3\fbc8f9cd9ae8e26469fc6bf89567b33b\transformed\jetified-lifecycle-runtime-ktx-2.7.0.aar because:
  Build cache is disabled
Transforming lifecycle-viewmodel-compose-2.7.0.aar (androidx.lifecycle:lifecycle-viewmodel-compose:2.7.0) with EnumerateClassesTransform
Skipping AarToClassTransform: C:\Users\user\.gradle\caches\transforms-3\fbc8f9cd9ae8e26469fc6bf89567b33b\transformed\jetified-lifecycle-runtime-ktx-2.7.0.aar as it is up-to-date.
Transforming lifecycle-runtime-ktx-2.7.0.aar (androidx.lifecycle:lifecycle-runtime-ktx:2.7.0) with EnumerateClassesTransform
Caching disabled for EnumerateClassesTransform: C:\Users\user\.gradle\caches\transforms-3\e0d2ab855e4247356a8cef6da263e2f4\transformed\jetified-savedstate-ktx-1.2.1-runtime.jar because:
  Build cache is disabled
Skipping EnumerateClassesTransform: C:\Users\user\.gradle\caches\transforms-3\e0d2ab855e4247356a8cef6da263e2f4\transformed\jetified-savedstate-ktx-1.2.1-runtime.jar as it is up-to-date.
Caching disabled for AarToClassTransform: C:\Users\user\.gradle\caches\transforms-3\450afeadfeccb55c1a87d3e5a2f8395c\transformed\jetified-accompanist-drawablepainter-0.32.0.aar because:
  Build cache is disabled
Skipping AarToClassTransform: C:\Users\user\.gradle\caches\transforms-3\450afeadfeccb55c1a87d3e5a2f8395c\transformed\jetified-accompanist-drawablepainter-0.32.0.aar as it is up-to-date.
Transforming accompanist-drawablepainter-0.32.0.aar (com.google.accompanist:accompanist-drawablepainter:0.32.0) with EnumerateClassesTransform
Caching disabled for AarToClassTransform: C:\Users\user\.gradle\caches\transforms-3\a565b936f1170809d6cd0d476a4fa53c\transformed\jetified-activity-compose-1.8.2.aar because:
  Build cache is disabled
Skipping AarToClassTransform: C:\Users\user\.gradle\caches\transforms-3\a565b936f1170809d6cd0d476a4fa53c\transformed\jetified-activity-compose-1.8.2.aar as it is up-to-date.
Caching disabled for AarToClassTransform: C:\Users\user\.gradle\caches\transforms-3\367145ddcfd7aa731923b5762040bb4a\transformed\jetified-ui-release.aar because:
  Build cache is disabled
Skipping AarToClassTransform: C:\Users\user\.gradle\caches\transforms-3\367145ddcfd7aa731923b5762040bb4a\transformed\jetified-ui-release.aar as it is up-to-date.
Transforming ui-release.aar (androidx.compose.ui:ui-android:1.6.1) with EnumerateClassesTransform
Transforming activity-compose-1.8.2.aar (androidx.activity:activity-compose:1.8.2) with EnumerateClassesTransform
Caching disabled for AarToClassTransform: C:\Users\user\.gradle\caches\transforms-3\d5b96462afb12e34fafa301a6432dccb\transformed\jetified-activity-ktx-1.8.2.aar because:
  Build cache is disabled
Skipping AarToClassTransform: C:\Users\user\.gradle\caches\transforms-3\d5b96462afb12e34fafa301a6432dccb\transformed\jetified-activity-ktx-1.8.2.aar as it is up-to-date.
Transforming activity-ktx-1.8.2.aar (androidx.activity:activity-ktx:1.8.2) with EnumerateClassesTransform
Caching disabled for EnumerateClassesTransform: C:\Users\user\.gradle\caches\transforms-3\c023ddf8ff6606add534a0a514c0d958\transformed\jetified-lifecycle-viewmodel-compose-2.7.0-runtime.jar because:
  Build cache is disabled
Skipping EnumerateClassesTransform: C:\Users\user\.gradle\caches\transforms-3\c023ddf8ff6606add534a0a514c0d958\transformed\jetified-lifecycle-viewmodel-compose-2.7.0-runtime.jar as it is up-to-date.
Caching disabled for EnumerateClassesTransform: C:\Users\user\.gradle\caches\transforms-3\a6200e9e9597139e3b066cee15035524\transformed\jetified-accompanist-drawablepainter-0.32.0-runtime.jar because:
  Build cache is disabled
Skipping EnumerateClassesTransform: C:\Users\user\.gradle\caches\transforms-3\a6200e9e9597139e3b066cee15035524\transformed\jetified-accompanist-drawablepainter-0.32.0-runtime.jar as it is up-to-date.
Caching disabled for EnumerateClassesTransform: C:\Users\user\.gradle\caches\transforms-3\2788a04752515ef533ae8bf6247fe0c8\transformed\jetified-activity-compose-1.8.2-runtime.jar because:
  Build cache is disabled
Skipping EnumerateClassesTransform: C:\Users\user\.gradle\caches\transforms-3\2788a04752515ef533ae8bf6247fe0c8\transformed\jetified-activity-compose-1.8.2-runtime.jar as it is up-to-date.
Caching disabled for EnumerateClassesTransform: C:\Users\user\.gradle\caches\transforms-3\4d24ee823fd69d0d2661782d9e54a86f\transformed\jetified-lifecycle-runtime-ktx-2.7.0-runtime.jar because:
  Build cache is disabled
Caching disabled for EnumerateClassesTransform: C:\Users\user\.gradle\caches\transforms-3\66f9a201c7b86efd9eac80a4c532c700\transformed\jetified-ui-release-runtime.jar because:
  Build cache is disabled
Skipping EnumerateClassesTransform: C:\Users\user\.gradle\caches\transforms-3\4d24ee823fd69d0d2661782d9e54a86f\transformed\jetified-lifecycle-runtime-ktx-2.7.0-runtime.jar as it is up-to-date.
Caching disabled for AarToClassTransform: C:\Users\user\.gradle\caches\transforms-3\635743f1662fa06f1b77dc6b9f1ee188\transformed\jetified-activity-1.8.2.aar because:
  Build cache is disabled
Skipping EnumerateClassesTransform: C:\Users\user\.gradle\caches\transforms-3\66f9a201c7b86efd9eac80a4c532c700\transformed\jetified-ui-release-runtime.jar as it is up-to-date.
Skipping AarToClassTransform: C:\Users\user\.gradle\caches\transforms-3\635743f1662fa06f1b77dc6b9f1ee188\transformed\jetified-activity-1.8.2.aar as it is up-to-date.
Transforming activity-1.8.2.aar (androidx.activity:activity:1.8.2) with EnumerateClassesTransform
Caching disabled for EnumerateClassesTransform: C:\Users\user\.gradle\caches\transforms-3\75e5793fc14c1f6222e34322c18c27d7\transformed\jetified-activity-ktx-1.8.2-runtime.jar because:
  Build cache is disabled
Skipping EnumerateClassesTransform: C:\Users\user\.gradle\caches\transforms-3\75e5793fc14c1f6222e34322c18c27d7\transformed\jetified-activity-ktx-1.8.2-runtime.jar as it is up-to-date.
Caching disabled for AarToClassTransform: C:\Users\user\.gradle\caches\transforms-3\6ec9a996bc479418be954afeae09b185\transformed\jetified-exoplayer-2.19.1.aar because:
  Build cache is disabled
Skipping AarToClassTransform: C:\Users\user\.gradle\caches\transforms-3\6ec9a996bc479418be954afeae09b185\transformed\jetified-exoplayer-2.19.1.aar as it is up-to-date.
Transforming exoplayer-2.19.1.aar (com.google.android.exoplayer:exoplayer:2.19.1) with EnumerateClassesTransform
Caching disabled for AarToClassTransform: C:\Users\user\.gradle\caches\transforms-3\277e59d49ca9b50dd896509b14226935\transformed\jetified-exoplayer-dash-2.19.1.aar because:
  Build cache is disabled
Skipping AarToClassTransform: C:\Users\user\.gradle\caches\transforms-3\277e59d49ca9b50dd896509b14226935\transformed\jetified-exoplayer-dash-2.19.1.aar as it is up-to-date.
Caching disabled for AarToClassTransform: C:\Users\user\.gradle\caches\transforms-3\198e8db8d1459903e877c79812cc2a69\transformed\jetified-exoplayer-smoothstreaming-2.19.1.aar because:
  Build cache is disabled
Skipping AarToClassTransform: C:\Users\user\.gradle\caches\transforms-3\198e8db8d1459903e877c79812cc2a69\transformed\jetified-exoplayer-smoothstreaming-2.19.1.aar as it is up-to-date.
Caching disabled for AarToClassTransform: C:\Users\user\.gradle\caches\transforms-3\b23e2cd6e9c03eeaa8a8865bf72867c8\transformed\jetified-exoplayer-rtsp-2.19.1.aar because:
  Build cache is disabled
Transforming exoplayer-smoothstreaming-2.19.1.aar (com.google.android.exoplayer:exoplayer-smoothstreaming:2.19.1) with EnumerateClassesTransform
Caching disabled for EnumerateClassesTransform: C:\Users\user\.gradle\caches\transforms-3\284f6fab7233da5fe8f203ad6fb2c54d\transformed\jetified-activity-1.8.2-runtime.jar because:
  Build cache is disabled
Caching disabled for AarToClassTransform: C:\Users\user\.gradle\caches\transforms-3\a1ff08deaf73c63763b8c21031db89e9\transformed\jetified-exoplayer-hls-2.19.1.aar because:
  Build cache is disabled
Skipping AarToClassTransform: C:\Users\user\.gradle\caches\transforms-3\a1ff08deaf73c63763b8c21031db89e9\transformed\jetified-exoplayer-hls-2.19.1.aar as it is up-to-date.
Skipping AarToClassTransform: C:\Users\user\.gradle\caches\transforms-3\b23e2cd6e9c03eeaa8a8865bf72867c8\transformed\jetified-exoplayer-rtsp-2.19.1.aar as it is up-to-date.
Transforming exoplayer-hls-2.19.1.aar (com.google.android.exoplayer:exoplayer-hls:2.19.1) with EnumerateClassesTransform
Transforming exoplayer-rtsp-2.19.1.aar (com.google.android.exoplayer:exoplayer-rtsp:2.19.1) with EnumerateClassesTransform
Transforming exoplayer-dash-2.19.1.aar (com.google.android.exoplayer:exoplayer-dash:2.19.1) with EnumerateClassesTransform
Skipping EnumerateClassesTransform: C:\Users\user\.gradle\caches\transforms-3\284f6fab7233da5fe8f203ad6fb2c54d\transformed\jetified-activity-1.8.2-runtime.jar as it is up-to-date.
Caching disabled for EnumerateClassesTransform: C:\Users\user\.gradle\caches\transforms-3\7c38e0affdd9a82b23486d0838c0b65c\transformed\jetified-exoplayer-2.19.1-runtime.jar because:
  Build cache is disabled
Skipping EnumerateClassesTransform: C:\Users\user\.gradle\caches\transforms-3\7c38e0affdd9a82b23486d0838c0b65c\transformed\jetified-exoplayer-2.19.1-runtime.jar as it is up-to-date.
Caching disabled for AarToClassTransform: C:\Users\user\.gradle\caches\transforms-3\fb601a7f62cad805c5e36eb62ca67e9e\transformed\jetified-exoplayer-core-2.19.1.aar because:
  Build cache is disabled
Skipping AarToClassTransform: C:\Users\user\.gradle\caches\transforms-3\fb601a7f62cad805c5e36eb62ca67e9e\transformed\jetified-exoplayer-core-2.19.1.aar as it is up-to-date.
Transforming exoplayer-core-2.19.1.aar (com.google.android.exoplayer:exoplayer-core:2.19.1) with EnumerateClassesTransform
Caching disabled for EnumerateClassesTransform: C:\Users\user\.gradle\caches\transforms-3\91e761804dbedd296881e5bed134e72b\transformed\jetified-exoplayer-smoothstreaming-2.19.1-runtime.jar because:
  Build cache is disabled
Skipping EnumerateClassesTransform: C:\Users\user\.gradle\caches\transforms-3\91e761804dbedd296881e5bed134e72b\transformed\jetified-exoplayer-smoothstreaming-2.19.1-runtime.jar as it is up-to-date.
Caching disabled for EnumerateClassesTransform: C:\Users\user\.gradle\caches\transforms-3\886f4f20195aa0e7f9f51bb16138f2b1\transformed\jetified-exoplayer-rtsp-2.19.1-runtime.jar because:
  Build cache is disabled
Skipping EnumerateClassesTransform: C:\Users\user\.gradle\caches\transforms-3\886f4f20195aa0e7f9f51bb16138f2b1\transformed\jetified-exoplayer-rtsp-2.19.1-runtime.jar as it is up-to-date.
Caching disabled for AarToClassTransform: C:\Users\user\.gradle\caches\modules-2\files-2.1\androidx.recyclerview\recyclerview\1.3.0\57b0dfda0105b96dd2f8a6af4eabaa3daa77ce51\recyclerview-1.3.0.aar because:
  Build cache is disabled
Skipping AarToClassTransform: C:\Users\user\.gradle\caches\modules-2\files-2.1\androidx.recyclerview\recyclerview\1.3.0\57b0dfda0105b96dd2f8a6af4eabaa3daa77ce51\recyclerview-1.3.0.aar as it is up-to-date.
Caching disabled for EnumerateClassesTransform: C:\Users\user\.gradle\caches\transforms-3\79741f08ce47ad8ba3085e60079b3107\transformed\jetified-exoplayer-hls-2.19.1-runtime.jar because:
  Build cache is disabled
Caching disabled for AarToClassTransform: C:\Users\user\.gradle\caches\transforms-3\2d35061ac97c84f4bc7e6bbcb17d5491\transformed\jetified-exoplayer-ui-2.19.1.aar because:
  Build cache is disabled
Transforming recyclerview-1.3.0.aar (androidx.recyclerview:recyclerview:1.3.0) with EnumerateClassesTransform
Transforming recyclerview-1.3.0.aar (androidx.recyclerview:recyclerview:1.3.0) with EnumerateClassesTransform
Skipping AarToClassTransform: C:\Users\user\.gradle\caches\transforms-3\2d35061ac97c84f4bc7e6bbcb17d5491\transformed\jetified-exoplayer-ui-2.19.1.aar as it is up-to-date.
Skipping EnumerateClassesTransform: C:\Users\user\.gradle\caches\transforms-3\79741f08ce47ad8ba3085e60079b3107\transformed\jetified-exoplayer-hls-2.19.1-runtime.jar as it is up-to-date.
Transforming exoplayer-ui-2.19.1.aar (com.google.android.exoplayer:exoplayer-ui:2.19.1) with EnumerateClassesTransform
Caching disabled for EnumerateClassesTransform: C:\Users\user\.gradle\caches\transforms-3\e7c399f43b1aebf66215cac235cbda23\transformed\jetified-exoplayer-dash-2.19.1-runtime.jar because:
  Build cache is disabled
Skipping EnumerateClassesTransform: C:\Users\user\.gradle\caches\transforms-3\e7c399f43b1aebf66215cac235cbda23\transformed\jetified-exoplayer-dash-2.19.1-runtime.jar as it is up-to-date.
Caching disabled for EnumerateClassesTransform: C:\Users\user\.gradle\caches\transforms-3\ac2628e86e90e812fd6207c42f71ce57\transformed\recyclerview-1.3.0-runtime.jar because:
  Build cache is disabled
Skipping EnumerateClassesTransform: C:\Users\user\.gradle\caches\transforms-3\ac2628e86e90e812fd6207c42f71ce57\transformed\recyclerview-1.3.0-runtime.jar as it is up-to-date.
Caching disabled for EnumerateClassesTransform: C:\Users\user\.gradle\caches\transforms-3\43c3be15f8f3ceffcc552d2c36fe0df7\transformed\jetified-exoplayer-core-2.19.1-runtime.jar because:
  Build cache is disabled
Caching disabled for AarToClassTransform: C:\Users\user\.gradle\caches\modules-2\files-2.1\androidx.browser\browser\1.4.0\403c3cf31622ec0c70b3c0633be3e903c8062104\browser-1.4.0.aar because:
  Build cache is disabled
Caching disabled for AarToClassTransform: C:\Users\user\.gradle\caches\modules-2\files-2.1\androidx.customview\customview\1.1.0\a030aaf64c5419a89f7d91a33755c4629a43471\customview-1.1.0.aar because:
  Build cache is disabled
Skipping EnumerateClassesTransform: C:\Users\user\.gradle\caches\transforms-3\43c3be15f8f3ceffcc552d2c36fe0df7\transformed\jetified-exoplayer-core-2.19.1-runtime.jar as it is up-to-date.
Caching disabled for AarToClassTransform: C:\Users\user\.gradle\caches\modules-2\files-2.1\androidx.viewpager\viewpager\1.0.0\1f90e13820f96c2fb868f9674079a551678d68b2\viewpager-1.0.0.aar because:
  Build cache is disabled
Skipping AarToClassTransform: C:\Users\user\.gradle\caches\modules-2\files-2.1\androidx.viewpager\viewpager\1.0.0\1f90e13820f96c2fb868f9674079a551678d68b2\viewpager-1.0.0.aar as it is up-to-date.
Transforming viewpager-1.0.0.aar (androidx.viewpager:viewpager:1.0.0) with EnumerateClassesTransform
Skipping AarToClassTransform: C:\Users\user\.gradle\caches\modules-2\files-2.1\androidx.browser\browser\1.4.0\403c3cf31622ec0c70b3c0633be3e903c8062104\browser-1.4.0.aar as it is up-to-date.
Transforming browser-1.4.0.aar (androidx.browser:browser:1.4.0) with EnumerateClassesTransform
Caching disabled for AarToClassTransform: C:\Users\user\.gradle\caches\modules-2\files-2.1\androidx.media\media\1.6.0\db8f393321275a13f52eb5ff28f96931f238865e\media-1.6.0.aar because:
  Build cache is disabled
Skipping AarToClassTransform: C:\Users\user\.gradle\caches\modules-2\files-2.1\androidx.media\media\1.6.0\db8f393321275a13f52eb5ff28f96931f238865e\media-1.6.0.aar as it is up-to-date.
Caching disabled for EnumerateClassesTransform: C:\Users\user\.gradle\caches\transforms-3\dd781a665c550bdda0ab8df8c1951b17\transformed\browser-1.4.0-runtime.jar because:
  Build cache is disabled
Skipping EnumerateClassesTransform: C:\Users\user\.gradle\caches\transforms-3\dd781a665c550bdda0ab8df8c1951b17\transformed\browser-1.4.0-runtime.jar as it is up-to-date.
Transforming media-1.6.0.aar (androidx.media:media:1.6.0) with EnumerateClassesTransform
Caching disabled for EnumerateClassesTransform: C:\Users\user\.gradle\caches\transforms-3\89fd442303564cbf41636e7fbc353f8b\transformed\viewpager-1.0.0-runtime.jar because:
  Build cache is disabled
Skipping EnumerateClassesTransform: C:\Users\user\.gradle\caches\transforms-3\89fd442303564cbf41636e7fbc353f8b\transformed\viewpager-1.0.0-runtime.jar as it is up-to-date.
Caching disabled for AarToClassTransform: C:\Users\user\.gradle\caches\transforms-3\f45f6610b784288f41463cea36e99105\transformed\jetified-autofill-1.0.0.aar because:
  Build cache is disabled
Skipping AarToClassTransform: C:\Users\user\.gradle\caches\transforms-3\f45f6610b784288f41463cea36e99105\transformed\jetified-autofill-1.0.0.aar as it is up-to-date.
Transforming autofill-1.0.0.aar (androidx.autofill:autofill:1.0.0) with EnumerateClassesTransform
Caching disabled for EnumerateClassesTransform: C:\Users\user\.gradle\caches\transforms-3\ab029df2880fe32e41a8ad632f0fb921\transformed\media-1.6.0-runtime.jar because:
  Build cache is disabled
Skipping EnumerateClassesTransform: C:\Users\user\.gradle\caches\transforms-3\ab029df2880fe32e41a8ad632f0fb921\transformed\media-1.6.0-runtime.jar as it is up-to-date.
Caching disabled for EnumerateClassesTransform: C:\Users\user\.gradle\caches\transforms-3\374f7108895dec4ab6612d52d3c28b9e\transformed\jetified-autofill-1.0.0-runtime.jar because:
  Build cache is disabled
Caching disabled for EnumerateClassesTransform: C:\Users\user\.gradle\caches\transforms-3\654935bdaf2bc3e478b92561bc08fac3\transformed\jetified-exoplayer-ui-2.19.1-runtime.jar because:
  Build cache is disabled
Skipping AarToClassTransform: C:\Users\user\.gradle\caches\modules-2\files-2.1\androidx.customview\customview\1.1.0\a030aaf64c5419a89f7d91a33755c4629a43471\customview-1.1.0.aar as it is up-to-date.
Skipping EnumerateClassesTransform: C:\Users\user\.gradle\caches\transforms-3\374f7108895dec4ab6612d52d3c28b9e\transformed\jetified-autofill-1.0.0-runtime.jar as it is up-to-date.
Skipping EnumerateClassesTransform: C:\Users\user\.gradle\caches\transforms-3\654935bdaf2bc3e478b92561bc08fac3\transformed\jetified-exoplayer-ui-2.19.1-runtime.jar as it is up-to-date.
Transforming customview-1.1.0.aar (androidx.customview:customview:1.1.0) with EnumerateClassesTransform
Transforming customview-1.1.0.aar (androidx.customview:customview:1.1.0) with EnumerateClassesTransform
Caching disabled for AarToClassTransform: C:\Users\user\.gradle\caches\modules-2\files-2.1\androidx.core\core\1.12.0\5aa3088ed93ba8ebaea2b8a83befdfa829339e7a\core-1.12.0.aar because:
  Build cache is disabled
Skipping AarToClassTransform: C:\Users\user\.gradle\caches\modules-2\files-2.1\androidx.core\core\1.12.0\5aa3088ed93ba8ebaea2b8a83befdfa829339e7a\core-1.12.0.aar as it is up-to-date.
Transforming core-1.12.0.aar (androidx.core:core:1.12.0) with EnumerateClassesTransform
Transforming core-1.12.0.aar (androidx.core:core:1.12.0) with EnumerateClassesTransform
Caching disabled for EnumerateClassesTransform: C:\Users\user\.gradle\caches\transforms-3\a395599b25810b731c9c41598e7ec348\transformed\core-1.12.0-runtime.jar because:
  Build cache is disabled
Skipping EnumerateClassesTransform: C:\Users\user\.gradle\caches\transforms-3\a395599b25810b731c9c41598e7ec348\transformed\core-1.12.0-runtime.jar as it is up-to-date.
Caching disabled for EnumerateClassesTransform: C:\Users\user\.gradle\caches\transforms-3\ecffab750d49f800b38a418ff76deb81\transformed\customview-1.1.0-runtime.jar because:
  Build cache is disabled
Skipping EnumerateClassesTransform: C:\Users\user\.gradle\caches\transforms-3\ecffab750d49f800b38a418ff76deb81\transformed\customview-1.1.0-runtime.jar as it is up-to-date.
Caching disabled for AarToClassTransform: C:\Users\user\.gradle\caches\transforms-3\6633c217f19454b0daaef2039372214b\transformed\jetified-ads-adservices-1.0.0-beta05.aar because:
  Build cache is disabled
Skipping AarToClassTransform: C:\Users\user\.gradle\caches\transforms-3\6633c217f19454b0daaef2039372214b\transformed\jetified-ads-adservices-1.0.0-beta05.aar as it is up-to-date.
Transforming ads-adservices-1.0.0-beta05.aar (androidx.privacysandbox.ads:ads-adservices:1.0.0-beta05) with EnumerateClassesTransform
Transforming ads-adservices-1.0.0-beta05.aar (androidx.privacysandbox.ads:ads-adservices:1.0.0-beta05) with EnumerateClassesTransform
Caching disabled for AarToClassTransform: C:\Users\user\.gradle\caches\transforms-3\5bf13ac180e4647e757ba92e7045f6e8\transformed\jetified-ads-adservices-java-1.0.0-beta05.aar because:
  Build cache is disabled
Skipping AarToClassTransform: C:\Users\user\.gradle\caches\transforms-3\5bf13ac180e4647e757ba92e7045f6e8\transformed\jetified-ads-adservices-java-1.0.0-beta05.aar as it is up-to-date.
Transforming ads-adservices-java-1.0.0-beta05.aar (androidx.privacysandbox.ads:ads-adservices-java:1.0.0-beta05) with EnumerateClassesTransform
Caching disabled for AarToClassTransform: C:\Users\user\.gradle\caches\transforms-3\a34133fc3b29218c05b800d3d8b5c055\transformed\jetified-customview-poolingcontainer-1.0.0.aar because:
  Build cache is disabled
Caching disabled for EnumerateClassesTransform: C:\Users\user\.gradle\caches\transforms-3\4c30455c65c5c8830633e54d4ad26e24\transformed\jetified-ads-adservices-1.0.0-beta05-runtime.jar because:
  Build cache is disabled
Caching disabled for AarToClassTransform: C:\Users\user\.gradle\caches\transforms-3\bb00b9eb2ad39ae673fc6facee91937d\transformed\jetified-core-splashscreen-1.0.1.aar because:
  Build cache is disabled
Skipping EnumerateClassesTransform: C:\Users\user\.gradle\caches\transforms-3\4c30455c65c5c8830633e54d4ad26e24\transformed\jetified-ads-adservices-1.0.0-beta05-runtime.jar as it is up-to-date.
Skipping AarToClassTransform: C:\Users\user\.gradle\caches\transforms-3\bb00b9eb2ad39ae673fc6facee91937d\transformed\jetified-core-splashscreen-1.0.1.aar as it is up-to-date.
Transforming core-splashscreen-1.0.1.aar (androidx.core:core-splashscreen:1.0.1) with EnumerateClassesTransform
Skipping AarToClassTransform: C:\Users\user\.gradle\caches\transforms-3\a34133fc3b29218c05b800d3d8b5c055\transformed\jetified-customview-poolingcontainer-1.0.0.aar as it is up-to-date.
Transforming customview-poolingcontainer-1.0.0.aar (androidx.customview:customview-poolingcontainer:1.0.0) with EnumerateClassesTransform
Caching disabled for AarToClassTransform: C:\Users\user\.gradle\caches\modules-2\files-2.1\androidx.sqlite\sqlite-framework\2.4.0\532d56a4f312d78767534ff1cc2f8084baec6c26\sqlite-framework-2.4.0.aar because:
  Build cache is disabled
Skipping AarToClassTransform: C:\Users\user\.gradle\caches\modules-2\files-2.1\androidx.sqlite\sqlite-framework\2.4.0\532d56a4f312d78767534ff1cc2f8084baec6c26\sqlite-framework-2.4.0.aar as it is up-to-date.
Caching disabled for EnumerateClassesTransform: C:\Users\user\.gradle\caches\transforms-3\b1041981abcc08021700dfe81b9a98a2\transformed\jetified-customview-poolingcontainer-1.0.0-runtime.jar because:
  Build cache is disabled
Skipping EnumerateClassesTransform: C:\Users\user\.gradle\caches\transforms-3\b1041981abcc08021700dfe81b9a98a2\transformed\jetified-customview-poolingcontainer-1.0.0-runtime.jar as it is up-to-date.
Caching disabled for IdentityTransform: C:\Users\user\.gradle\caches\transforms-3\76da9a07d1228e29a4beb3200800de48\transformed\jetified-kotlin-parcelize-runtime-1.9.22.jar because:
  Build cache is disabled
Caching disabled for AarToClassTransform: C:\Users\user\.gradle\caches\transforms-3\9814d943fb1beda357ebd0cd13d5ba21\transformed\jetified-flexbox-3.0.0.aar because:
  Build cache is disabled
Transforming sqlite-framework-2.4.0.aar (androidx.sqlite:sqlite-framework:2.4.0) with EnumerateClassesTransform
Skipping AarToClassTransform: C:\Users\user\.gradle\caches\transforms-3\9814d943fb1beda357ebd0cd13d5ba21\transformed\jetified-flexbox-3.0.0.aar as it is up-to-date.
Transforming flexbox-3.0.0.aar (com.google.android.flexbox:flexbox:3.0.0) with EnumerateClassesTransform
Caching disabled for AarToClassTransform: C:\Users\user\.gradle\caches\transforms-3\db555cdd53b85b398646ca1acb377e16\transformed\jetified-core-ktx-1.12.0.aar because:
  Build cache is disabled
Skipping IdentityTransform: C:\Users\user\.gradle\caches\transforms-3\76da9a07d1228e29a4beb3200800de48\transformed\jetified-kotlin-parcelize-runtime-1.9.22.jar as it is up-to-date.
Caching disabled for EnumerateClassesTransform: C:\Users\user\.gradle\caches\transforms-3\f17c8a2ba52f8c6a2a517a00ca8a541a\transformed\jetified-core-splashscreen-1.0.1-runtime.jar because:
  Build cache is disabled
Skipping AarToClassTransform: C:\Users\user\.gradle\caches\transforms-3\db555cdd53b85b398646ca1acb377e16\transformed\jetified-core-ktx-1.12.0.aar as it is up-to-date.
Skipping EnumerateClassesTransform: C:\Users\user\.gradle\caches\transforms-3\f17c8a2ba52f8c6a2a517a00ca8a541a\transformed\jetified-core-splashscreen-1.0.1-runtime.jar as it is up-to-date.
Transforming kotlin-parcelize-runtime-1.9.22.jar (org.jetbrains.kotlin:kotlin-parcelize-runtime:1.9.22) with EnumerateClassesTransform
Transforming core-ktx-1.12.0.aar (androidx.core:core-ktx:1.12.0) with EnumerateClassesTransform
Caching disabled for EnumerateClassesTransform: C:\Users\user\.gradle\caches\transforms-3\a63646e9af94d4ad0e230f19d133823f\transformed\sqlite-framework-2.4.0-runtime.jar because:
  Build cache is disabled
Caching disabled for AarToClassTransform: C:\Users\user\.gradle\caches\modules-2\files-2.1\androidx.sqlite\sqlite\2.4.0\cc553e5621c8ad4e233059a724100afa9e2fd1f4\sqlite-2.4.0.aar because:
  Build cache is disabled
Skipping AarToClassTransform: C:\Users\user\.gradle\caches\modules-2\files-2.1\androidx.sqlite\sqlite\2.4.0\cc553e5621c8ad4e233059a724100afa9e2fd1f4\sqlite-2.4.0.aar as it is up-to-date.
Caching disabled for EnumerateClassesTransform: C:\Users\user\.gradle\caches\transforms-3\302794e7d586ea6b833eb5f031c42cd4\transformed\jetified-ads-adservices-java-1.0.0-beta05-runtime.jar because:
  Build cache is disabled
Skipping EnumerateClassesTransform: C:\Users\user\.gradle\caches\transforms-3\302794e7d586ea6b833eb5f031c42cd4\transformed\jetified-ads-adservices-java-1.0.0-beta05-runtime.jar as it is up-to-date.
Transforming sqlite-2.4.0.aar (androidx.sqlite:sqlite:2.4.0) with EnumerateClassesTransform
Skipping EnumerateClassesTransform: C:\Users\user\.gradle\caches\transforms-3\a63646e9af94d4ad0e230f19d133823f\transformed\sqlite-framework-2.4.0-runtime.jar as it is up-to-date.
Caching disabled for EnumerateClassesTransform: C:\Users\user\.gradle\caches\transforms-3\76da9a07d1228e29a4beb3200800de48\transformed\jetified-kotlin-parcelize-runtime-1.9.22.jar because:
  Build cache is disabled
Skipping EnumerateClassesTransform: C:\Users\user\.gradle\caches\transforms-3\76da9a07d1228e29a4beb3200800de48\transformed\jetified-kotlin-parcelize-runtime-1.9.22.jar as it is up-to-date.
Caching disabled for EnumerateClassesTransform: C:\Users\user\.gradle\caches\transforms-3\663a4dffc29fed9eb6e943e031c7060f\transformed\jetified-flexbox-3.0.0-runtime.jar because:
  Build cache is disabled
Skipping EnumerateClassesTransform: C:\Users\user\.gradle\caches\transforms-3\663a4dffc29fed9eb6e943e031c7060f\transformed\jetified-flexbox-3.0.0-runtime.jar as it is up-to-date.
Caching disabled for IdentityTransform: C:\Users\user\.gradle\caches\transforms-3\b468f2c4aedee3d560fd4d8f4b5c09e4\transformed\jetified-converter-gson-2.9.0.jar because:
  Build cache is disabled
Caching disabled for IdentityTransform: C:\Users\user\.gradle\caches\transforms-3\bba663ab8ecedbea7764f0d84209caf8\transformed\jetified-kotlinx-coroutines-android-1.7.3.jar because:
  Build cache is disabled
Skipping IdentityTransform: C:\Users\user\.gradle\caches\transforms-3\b468f2c4aedee3d560fd4d8f4b5c09e4\transformed\jetified-converter-gson-2.9.0.jar as it is up-to-date.
Skipping IdentityTransform: C:\Users\user\.gradle\caches\transforms-3\bba663ab8ecedbea7764f0d84209caf8\transformed\jetified-kotlinx-coroutines-android-1.7.3.jar as it is up-to-date.
Transforming converter-gson-2.9.0.jar (com.squareup.retrofit2:converter-gson:2.9.0) with EnumerateClassesTransform
Caching disabled for IdentityTransform: C:\Users\user\.gradle\caches\transforms-3\5f8fb35c0e42efc60950ab6c4084add3\transformed\jetified-logging-interceptor-4.12.0.jar because:
  Build cache is disabled
Skipping IdentityTransform: C:\Users\user\.gradle\caches\transforms-3\5f8fb35c0e42efc60950ab6c4084add3\transformed\jetified-logging-interceptor-4.12.0.jar as it is up-to-date.
Caching disabled for EnumerateClassesTransform: C:\Users\user\.gradle\caches\transforms-3\03b02b6a3b664e01acf435d452dbbfc8\transformed\jetified-core-ktx-1.12.0-runtime.jar because:
  Build cache is disabled
Skipping EnumerateClassesTransform: C:\Users\user\.gradle\caches\transforms-3\03b02b6a3b664e01acf435d452dbbfc8\transformed\jetified-core-ktx-1.12.0-runtime.jar as it is up-to-date.
Transforming logging-interceptor-4.12.0.jar (com.squareup.okhttp3:logging-interceptor:4.12.0) with EnumerateClassesTransform
Caching disabled for EnumerateClassesTransform: C:\Users\user\.gradle\caches\transforms-3\a6a94bd81a6b5e820e424bf3020ea6f4\transformed\sqlite-2.4.0-runtime.jar because:
  Build cache is disabled
Skipping EnumerateClassesTransform: C:\Users\user\.gradle\caches\transforms-3\a6a94bd81a6b5e820e424bf3020ea6f4\transformed\sqlite-2.4.0-runtime.jar as it is up-to-date.
Transforming kotlinx-coroutines-android-1.7.3.jar (org.jetbrains.kotlinx:kotlinx-coroutines-android:1.7.3) with EnumerateClassesTransform
Caching disabled for IdentityTransform: C:\Users\user\.gradle\caches\transforms-3\e6f1f03f0fed1b56197a2feb492ad572\transformed\jetified-kotlinx-coroutines-core-jvm-1.7.3.jar because:
  Build cache is disabled
Skipping IdentityTransform: C:\Users\user\.gradle\caches\transforms-3\e6f1f03f0fed1b56197a2feb492ad572\transformed\jetified-kotlinx-coroutines-core-jvm-1.7.3.jar as it is up-to-date.
Transforming kotlinx-coroutines-core-jvm-1.7.3.jar (org.jetbrains.kotlinx:kotlinx-coroutines-core-jvm:1.7.3) with EnumerateClassesTransform
Caching disabled for EnumerateClassesTransform: C:\Users\user\.gradle\caches\transforms-3\bba663ab8ecedbea7764f0d84209caf8\transformed\jetified-kotlinx-coroutines-android-1.7.3.jar because:
  Build cache is disabled
Caching disabled for IdentityTransform: C:\Users\user\.gradle\caches\transforms-3\7bb0199679dd1c71b81822bc48e5fa07\transformed\jetified-retrofit-2.9.0.jar because:
  Build cache is disabled
Skipping EnumerateClassesTransform: C:\Users\user\.gradle\caches\transforms-3\bba663ab8ecedbea7764f0d84209caf8\transformed\jetified-kotlinx-coroutines-android-1.7.3.jar as it is up-to-date.
Skipping IdentityTransform: C:\Users\user\.gradle\caches\transforms-3\7bb0199679dd1c71b81822bc48e5fa07\transformed\jetified-retrofit-2.9.0.jar as it is up-to-date.
Transforming retrofit-2.9.0.jar (com.squareup.retrofit2:retrofit:2.9.0) with EnumerateClassesTransform
Caching disabled for IdentityTransform: C:\Users\user\.gradle\caches\transforms-3\8ae3b60496e0dd8965771a4a1ab68581\transformed\jetified-okhttp-4.12.0.jar because:
  Build cache is disabled
Skipping IdentityTransform: C:\Users\user\.gradle\caches\transforms-3\8ae3b60496e0dd8965771a4a1ab68581\transformed\jetified-okhttp-4.12.0.jar as it is up-to-date.
Caching disabled for EnumerateClassesTransform: C:\Users\user\.gradle\caches\transforms-3\b468f2c4aedee3d560fd4d8f4b5c09e4\transformed\jetified-converter-gson-2.9.0.jar because:
  Build cache is disabled
Skipping EnumerateClassesTransform: C:\Users\user\.gradle\caches\transforms-3\b468f2c4aedee3d560fd4d8f4b5c09e4\transformed\jetified-converter-gson-2.9.0.jar as it is up-to-date.
Caching disabled for IdentityTransform: C:\Users\user\.gradle\caches\transforms-3\77152a2a635f9881362be8e1412de56f\transformed\jetified-okio-jvm-3.6.0.jar because:
  Build cache is disabled
Transforming okhttp-4.12.0.jar (com.squareup.okhttp3:okhttp:4.12.0) with EnumerateClassesTransform
Caching disabled for EnumerateClassesTransform: C:\Users\user\.gradle\caches\transforms-3\e6f1f03f0fed1b56197a2feb492ad572\transformed\jetified-kotlinx-coroutines-core-jvm-1.7.3.jar because:
  Build cache is disabled
Skipping EnumerateClassesTransform: C:\Users\user\.gradle\caches\transforms-3\e6f1f03f0fed1b56197a2feb492ad572\transformed\jetified-kotlinx-coroutines-core-jvm-1.7.3.jar as it is up-to-date.
Skipping IdentityTransform: C:\Users\user\.gradle\caches\transforms-3\77152a2a635f9881362be8e1412de56f\transformed\jetified-okio-jvm-3.6.0.jar as it is up-to-date.
Transforming okio-jvm-3.6.0.jar (com.squareup.okio:okio-jvm:3.6.0) with EnumerateClassesTransform
Caching disabled for IdentityTransform: C:\Users\user\.gradle\caches\transforms-3\752749e2153ae499cafc02c721e09a60\transformed\jetified-kotlin-stdlib-jdk8-1.9.10.jar because:
  Build cache is disabled
Skipping IdentityTransform: C:\Users\user\.gradle\caches\transforms-3\752749e2153ae499cafc02c721e09a60\transformed\jetified-kotlin-stdlib-jdk8-1.9.10.jar as it is up-to-date.
Transforming kotlin-stdlib-jdk8-1.9.10.jar (org.jetbrains.kotlin:kotlin-stdlib-jdk8:1.9.10) with EnumerateClassesTransform
Caching disabled for IdentityTransform: C:\Users\user\.gradle\caches\transforms-3\9d137afe6c7c0b28d85fcf45079e2505\transformed\jetified-kotlin-android-extensions-runtime-1.9.22.jar because:
  Build cache is disabled
Caching disabled for IdentityTransform: C:\Users\user\.gradle\caches\transforms-3\6d93db5f7bed33676134b9ab052a2526\transformed\jetified-kotlin-stdlib-jdk7-1.9.10.jar because:
  Build cache is disabled
Skipping IdentityTransform: C:\Users\user\.gradle\caches\transforms-3\9d137afe6c7c0b28d85fcf45079e2505\transformed\jetified-kotlin-android-extensions-runtime-1.9.22.jar as it is up-to-date.
Skipping IdentityTransform: C:\Users\user\.gradle\caches\transforms-3\6d93db5f7bed33676134b9ab052a2526\transformed\jetified-kotlin-stdlib-jdk7-1.9.10.jar as it is up-to-date.
Caching disabled for EnumerateClassesTransform: C:\Users\user\.gradle\caches\transforms-3\77152a2a635f9881362be8e1412de56f\transformed\jetified-okio-jvm-3.6.0.jar because:
  Build cache is disabled
Skipping EnumerateClassesTransform: C:\Users\user\.gradle\caches\transforms-3\77152a2a635f9881362be8e1412de56f\transformed\jetified-okio-jvm-3.6.0.jar as it is up-to-date.
Transforming kotlin-android-extensions-runtime-1.9.22.jar (org.jetbrains.kotlin:kotlin-android-extensions-runtime:1.9.22) with EnumerateClassesTransform
Transforming kotlin-stdlib-jdk7-1.9.10.jar (org.jetbrains.kotlin:kotlin-stdlib-jdk7:1.9.10) with EnumerateClassesTransform
Caching disabled for EnumerateClassesTransform: C:\Users\user\.gradle\caches\transforms-3\752749e2153ae499cafc02c721e09a60\transformed\jetified-kotlin-stdlib-jdk8-1.9.10.jar because:
  Build cache is disabled
Skipping EnumerateClassesTransform: C:\Users\user\.gradle\caches\transforms-3\752749e2153ae499cafc02c721e09a60\transformed\jetified-kotlin-stdlib-jdk8-1.9.10.jar as it is up-to-date.
Caching disabled for EnumerateClassesTransform: C:\Users\user\.gradle\caches\transforms-3\5f8fb35c0e42efc60950ab6c4084add3\transformed\jetified-logging-interceptor-4.12.0.jar because:
  Build cache is disabled
Skipping EnumerateClassesTransform: C:\Users\user\.gradle\caches\transforms-3\5f8fb35c0e42efc60950ab6c4084add3\transformed\jetified-logging-interceptor-4.12.0.jar as it is up-to-date.
Caching disabled for EnumerateClassesTransform: C:\Users\user\.gradle\caches\transforms-3\6d93db5f7bed33676134b9ab052a2526\transformed\jetified-kotlin-stdlib-jdk7-1.9.10.jar because:
  Build cache is disabled
Skipping EnumerateClassesTransform: C:\Users\user\.gradle\caches\transforms-3\6d93db5f7bed33676134b9ab052a2526\transformed\jetified-kotlin-stdlib-jdk7-1.9.10.jar as it is up-to-date.
Caching disabled for EnumerateClassesTransform: C:\Users\user\.gradle\caches\transforms-3\7bb0199679dd1c71b81822bc48e5fa07\transformed\jetified-retrofit-2.9.0.jar because:
  Build cache is disabled
Skipping EnumerateClassesTransform: C:\Users\user\.gradle\caches\transforms-3\7bb0199679dd1c71b81822bc48e5fa07\transformed\jetified-retrofit-2.9.0.jar as it is up-to-date.
Caching disabled for AarToClassTransform: C:\Users\user\.gradle\caches\transforms-3\b0d4b01664c59bb050a81bcd60a1dd28\transformed\jetified-napier-release.aar because:
  Build cache is disabled
Skipping AarToClassTransform: C:\Users\user\.gradle\caches\transforms-3\b0d4b01664c59bb050a81bcd60a1dd28\transformed\jetified-napier-release.aar as it is up-to-date.
Caching disabled for IdentityTransform: C:\Users\user\.gradle\caches\transforms-3\9c90e71eec87fc9974ddbb15923f6333\transformed\jetified-resourceinspection-annotation-1.0.1.jar because:
  Build cache is disabled
Skipping IdentityTransform: C:\Users\user\.gradle\caches\transforms-3\9c90e71eec87fc9974ddbb15923f6333\transformed\jetified-resourceinspection-annotation-1.0.1.jar as it is up-to-date.
Transforming napier-release.aar (io.github.aakira:napier-android:1.4.1) with EnumerateClassesTransform
Caching disabled for EnumerateClassesTransform: C:\Users\user\.gradle\caches\transforms-3\9d137afe6c7c0b28d85fcf45079e2505\transformed\jetified-kotlin-android-extensions-runtime-1.9.22.jar because:
  Build cache is disabled
Skipping EnumerateClassesTransform: C:\Users\user\.gradle\caches\transforms-3\9d137afe6c7c0b28d85fcf45079e2505\transformed\jetified-kotlin-android-extensions-runtime-1.9.22.jar as it is up-to-date.
Caching disabled for AarToClassTransform: C:\Users\user\.gradle\caches\modules-2\files-2.1\androidx.cursoradapter\cursoradapter\1.0.0\74014983a86b83cbce534dec4e7aa9312f5f5d82\cursoradapter-1.0.0.aar because:
  Build cache is disabled
Transforming resourceinspection-annotation-1.0.1.jar (androidx.resourceinspection:resourceinspection-annotation:1.0.1) with EnumerateClassesTransform
Skipping AarToClassTransform: C:\Users\user\.gradle\caches\modules-2\files-2.1\androidx.cursoradapter\cursoradapter\1.0.0\74014983a86b83cbce534dec4e7aa9312f5f5d82\cursoradapter-1.0.0.aar as it is up-to-date.
Transforming cursoradapter-1.0.0.aar (androidx.cursoradapter:cursoradapter:1.0.0) with EnumerateClassesTransform
Caching disabled for EnumerateClassesTransform: C:\Users\user\.gradle\caches\transforms-3\9c90e71eec87fc9974ddbb15923f6333\transformed\jetified-resourceinspection-annotation-1.0.1.jar because:
  Build cache is disabled
Skipping EnumerateClassesTransform: C:\Users\user\.gradle\caches\transforms-3\9c90e71eec87fc9974ddbb15923f6333\transformed\jetified-resourceinspection-annotation-1.0.1.jar as it is up-to-date.
Caching disabled for AarToClassTransform: C:\Users\user\.gradle\caches\modules-2\files-2.1\androidx.arch.core\core-runtime\2.2.0\39705982680d78556b679ef9d5400d4f17509b0b\core-runtime-2.2.0.aar because:
  Build cache is disabled
Skipping AarToClassTransform: C:\Users\user\.gradle\caches\modules-2\files-2.1\androidx.arch.core\core-runtime\2.2.0\39705982680d78556b679ef9d5400d4f17509b0b\core-runtime-2.2.0.aar as it is up-to-date.
Caching disabled for EnumerateClassesTransform: C:\Users\user\.gradle\caches\transforms-3\8c4ae2f78186fa624312048455747fcc\transformed\jetified-napier-release-runtime.jar because:
  Build cache is disabled
Skipping EnumerateClassesTransform: C:\Users\user\.gradle\caches\transforms-3\8c4ae2f78186fa624312048455747fcc\transformed\jetified-napier-release-runtime.jar as it is up-to-date.
Transforming core-runtime-2.2.0.aar (androidx.arch.core:core-runtime:2.2.0) with EnumerateClassesTransform
Caching disabled for EnumerateClassesTransform: C:\Users\user\.gradle\caches\transforms-3\8ae3b60496e0dd8965771a4a1ab68581\transformed\jetified-okhttp-4.12.0.jar because:
  Build cache is disabled
Skipping EnumerateClassesTransform: C:\Users\user\.gradle\caches\transforms-3\8ae3b60496e0dd8965771a4a1ab68581\transformed\jetified-okhttp-4.12.0.jar as it is up-to-date.
Caching disabled for AarToClassTransform: C:\Users\user\.gradle\caches\transforms-3\5a141c4e1361a207e539e5cd0b804db9\transformed\jetified-exoplayer-datasource-2.19.1.aar because:
  Build cache is disabled
Caching disabled for EnumerateClassesTransform: C:\Users\user\.gradle\caches\transforms-3\7c6255fa9f0e0fa96df53e8fac653b08\transformed\cursoradapter-1.0.0-runtime.jar because:
  Build cache is disabled
Skipping AarToClassTransform: C:\Users\user\.gradle\caches\transforms-3\5a141c4e1361a207e539e5cd0b804db9\transformed\jetified-exoplayer-datasource-2.19.1.aar as it is up-to-date.
Skipping EnumerateClassesTransform: C:\Users\user\.gradle\caches\transforms-3\7c6255fa9f0e0fa96df53e8fac653b08\transformed\cursoradapter-1.0.0-runtime.jar as it is up-to-date.
Transforming exoplayer-datasource-2.19.1.aar (com.google.android.exoplayer:exoplayer-datasource:2.19.1) with EnumerateClassesTransform
Caching disabled for EnumerateClassesTransform: C:\Users\user\.gradle\caches\transforms-3\be6b08a14fc920d8d2c4e2049f5732cf\transformed\core-runtime-2.2.0-runtime.jar because:
  Build cache is disabled
Skipping EnumerateClassesTransform: C:\Users\user\.gradle\caches\transforms-3\be6b08a14fc920d8d2c4e2049f5732cf\transformed\core-runtime-2.2.0-runtime.jar as it is up-to-date.
Caching disabled for AarToClassTransform: C:\Users\user\.gradle\caches\transforms-3\474f56b8a0d4cf2b439663d7b9fc3448\transformed\jetified-exoplayer-database-2.19.1.aar because:
  Build cache is disabled
Caching disabled for AarToClassTransform: C:\Users\user\.gradle\caches\transforms-3\52628cd1c421f5e6f538faea8d3ac358\transformed\jetified-annotation-experimental-1.4.0.aar because:
  Build cache is disabled
Skipping AarToClassTransform: C:\Users\user\.gradle\caches\transforms-3\474f56b8a0d4cf2b439663d7b9fc3448\transformed\jetified-exoplayer-database-2.19.1.aar as it is up-to-date.
Transforming exoplayer-database-2.19.1.aar (com.google.android.exoplayer:exoplayer-database:2.19.1) with EnumerateClassesTransform
Skipping AarToClassTransform: C:\Users\user\.gradle\caches\transforms-3\52628cd1c421f5e6f538faea8d3ac358\transformed\jetified-annotation-experimental-1.4.0.aar as it is up-to-date.
Transforming annotation-experimental-1.4.0.aar (androidx.annotation:annotation-experimental:1.4.0) with EnumerateClassesTransform
Caching disabled for AarToClassTransform: C:\Users\user\.gradle\caches\transforms-3\37ba6f7940ad213c9f1f6be0622bb72c\transformed\jetified-exoplayer-extractor-2.19.1.aar because:
  Build cache is disabled
Caching disabled for AarToClassTransform: C:\Users\user\.gradle\caches\modules-2\files-2.1\androidx.cardview\cardview\1.0.0\158dbc2e2bc502815821191b04446b8f663c1874\cardview-1.0.0.aar because:
  Build cache is disabled
Skipping AarToClassTransform: C:\Users\user\.gradle\caches\modules-2\files-2.1\androidx.cardview\cardview\1.0.0\158dbc2e2bc502815821191b04446b8f663c1874\cardview-1.0.0.aar as it is up-to-date.
Caching disabled for EnumerateClassesTransform: C:\Users\user\.gradle\caches\transforms-3\975b6988230332ecc9678bbfc3814d0b\transformed\jetified-exoplayer-datasource-2.19.1-runtime.jar because:
  Build cache is disabled
Skipping EnumerateClassesTransform: C:\Users\user\.gradle\caches\transforms-3\975b6988230332ecc9678bbfc3814d0b\transformed\jetified-exoplayer-datasource-2.19.1-runtime.jar as it is up-to-date.
Transforming cardview-1.0.0.aar (androidx.cardview:cardview:1.0.0) with EnumerateClassesTransform
Skipping AarToClassTransform: C:\Users\user\.gradle\caches\transforms-3\37ba6f7940ad213c9f1f6be0622bb72c\transformed\jetified-exoplayer-extractor-2.19.1.aar as it is up-to-date.
Caching disabled for AarToClassTransform: C:\Users\user\.gradle\caches\transforms-3\4a84cabcfd3d5577a6ccd1a1c18f1806\transformed\jetified-exoplayer-container-2.19.1.aar because:
  Build cache is disabled
Skipping AarToClassTransform: C:\Users\user\.gradle\caches\transforms-3\4a84cabcfd3d5577a6ccd1a1c18f1806\transformed\jetified-exoplayer-container-2.19.1.aar as it is up-to-date.
Transforming exoplayer-container-2.19.1.aar (com.google.android.exoplayer:exoplayer-container:2.19.1) with EnumerateClassesTransform
Caching disabled for EnumerateClassesTransform: C:\Users\user\.gradle\caches\transforms-3\838e4d7655e3929da80c91b9719b7490\transformed\jetified-annotation-experimental-1.4.0-runtime.jar because:
  Build cache is disabled
Skipping EnumerateClassesTransform: C:\Users\user\.gradle\caches\transforms-3\838e4d7655e3929da80c91b9719b7490\transformed\jetified-annotation-experimental-1.4.0-runtime.jar as it is up-to-date.
Transforming exoplayer-extractor-2.19.1.aar (com.google.android.exoplayer:exoplayer-extractor:2.19.1) with EnumerateClassesTransform
Caching disabled for AarToClassTransform: C:\Users\user\.gradle\caches\transforms-3\03c5f9b4261bd6c4e04cd2b9363cdc26\transformed\jetified-exoplayer-decoder-2.19.1.aar because:
  Build cache is disabled
Caching disabled for EnumerateClassesTransform: C:\Users\user\.gradle\caches\transforms-3\8c5d4b8756ea6648b7aede6508d5f6f6\transformed\jetified-exoplayer-database-2.19.1-runtime.jar because:
  Build cache is disabled
Skipping AarToClassTransform: C:\Users\user\.gradle\caches\transforms-3\03c5f9b4261bd6c4e04cd2b9363cdc26\transformed\jetified-exoplayer-decoder-2.19.1.aar as it is up-to-date.
Skipping EnumerateClassesTransform: C:\Users\user\.gradle\caches\transforms-3\8c5d4b8756ea6648b7aede6508d5f6f6\transformed\jetified-exoplayer-database-2.19.1-runtime.jar as it is up-to-date.
Transforming exoplayer-decoder-2.19.1.aar (com.google.android.exoplayer:exoplayer-decoder:2.19.1) with EnumerateClassesTransform
Caching disabled for EnumerateClassesTransform: C:\Users\user\.gradle\caches\transforms-3\f7272297fa7e00b73ddf743f46888d0f\transformed\cardview-1.0.0-runtime.jar because:
  Build cache is disabled
Skipping EnumerateClassesTransform: C:\Users\user\.gradle\caches\transforms-3\f7272297fa7e00b73ddf743f46888d0f\transformed\cardview-1.0.0-runtime.jar as it is up-to-date.
Caching disabled for EnumerateClassesTransform: C:\Users\user\.gradle\caches\transforms-3\72518c681d7e568051f474ebbafa9a12\transformed\jetified-exoplayer-container-2.19.1-runtime.jar because:
  Build cache is disabled
Skipping EnumerateClassesTransform: C:\Users\user\.gradle\caches\transforms-3\72518c681d7e568051f474ebbafa9a12\transformed\jetified-exoplayer-container-2.19.1-runtime.jar as it is up-to-date.
Caching disabled for AarToClassTransform: C:\Users\user\.gradle\caches\modules-2\files-2.1\androidx.interpolator\interpolator\1.0.0\8a01fa254a23b9388571eb6334b03707c7d122d7\interpolator-1.0.0.aar because:
  Build cache is disabled
Skipping AarToClassTransform: C:\Users\user\.gradle\caches\modules-2\files-2.1\androidx.interpolator\interpolator\1.0.0\8a01fa254a23b9388571eb6334b03707c7d122d7\interpolator-1.0.0.aar as it is up-to-date.
Caching disabled for AarToClassTransform: C:\Users\user\.gradle\caches\transforms-3\71b917bd5424ad7c271e84e7df2ceea6\transformed\jetified-exoplayer-common-2.19.1.aar because:
  Build cache is disabled
Skipping AarToClassTransform: C:\Users\user\.gradle\caches\transforms-3\71b917bd5424ad7c271e84e7df2ceea6\transformed\jetified-exoplayer-common-2.19.1.aar as it is up-to-date.
Transforming interpolator-1.0.0.aar (androidx.interpolator:interpolator:1.0.0) with EnumerateClassesTransform
Transforming interpolator-1.0.0.aar (androidx.interpolator:interpolator:1.0.0) with EnumerateClassesTransform
Caching disabled for EnumerateClassesTransform: C:\Users\user\.gradle\caches\transforms-3\e9ea5a45e51eb04bf1216e589c3ac764\transformed\jetified-exoplayer-decoder-2.19.1-runtime.jar because:
  Build cache is disabled
Skipping EnumerateClassesTransform: C:\Users\user\.gradle\caches\transforms-3\e9ea5a45e51eb04bf1216e589c3ac764\transformed\jetified-exoplayer-decoder-2.19.1-runtime.jar as it is up-to-date.
Caching disabled for EnumerateClassesTransform: C:\Users\user\.gradle\caches\transforms-3\ec17e698de048e3bfac0864a45436fea\transformed\jetified-exoplayer-extractor-2.19.1-runtime.jar because:
  Build cache is disabled
Skipping EnumerateClassesTransform: C:\Users\user\.gradle\caches\transforms-3\ec17e698de048e3bfac0864a45436fea\transformed\jetified-exoplayer-extractor-2.19.1-runtime.jar as it is up-to-date.
Transforming exoplayer-common-2.19.1.aar (com.google.android.exoplayer:exoplayer-common:2.19.1) with EnumerateClassesTransform
Caching disabled for AarToClassTransform: C:\Users\user\.gradle\caches\modules-2\files-2.1\androidx.versionedparcelable\versionedparcelable\1.1.1\18e18071e7715679e0593c570217edeb5ca48b9e\versionedparcelable-1.1.1.aar because:
  Build cache is disabled
Skipping AarToClassTransform: C:\Users\user\.gradle\caches\modules-2\files-2.1\androidx.versionedparcelable\versionedparcelable\1.1.1\18e18071e7715679e0593c570217edeb5ca48b9e\versionedparcelable-1.1.1.aar as it is up-to-date.
Transforming versionedparcelable-1.1.1.aar (androidx.versionedparcelable:versionedparcelable:1.1.1) with EnumerateClassesTransform
Caching disabled for AarToClassTransform: C:\Users\user\.gradle\caches\transforms-3\ab6bb530d83c77acb53ebec686454bbf\transformed\jetified-startup-runtime-1.1.1.aar because:
  Build cache is disabled
Caching disabled for AarToClassTransform: C:\Users\user\.gradle\caches\transforms-3\4c4008816fd481a42b09f9761f75351e\transformed\jetified-profileinstaller-1.3.1.aar because:
  Build cache is disabled
Skipping AarToClassTransform: C:\Users\user\.gradle\caches\transforms-3\4c4008816fd481a42b09f9761f75351e\transformed\jetified-profileinstaller-1.3.1.aar as it is up-to-date.
Skipping AarToClassTransform: C:\Users\user\.gradle\caches\transforms-3\ab6bb530d83c77acb53ebec686454bbf\transformed\jetified-startup-runtime-1.1.1.aar as it is up-to-date.
Transforming profileinstaller-1.3.1.aar (androidx.profileinstaller:profileinstaller:1.3.1) with EnumerateClassesTransform
Transforming startup-runtime-1.1.1.aar (androidx.startup:startup-runtime:1.1.1) with EnumerateClassesTransform
Caching disabled for IdentityTransform: C:\Users\user\.gradle\caches\modules-2\files-2.1\androidx.arch.core\core-common\2.2.0\5e1b8b81dfd5f52c56a8d53b18ca759c19a301f3\core-common-2.2.0.jar because:
  Build cache is disabled
Skipping IdentityTransform: C:\Users\user\.gradle\caches\modules-2\files-2.1\androidx.arch.core\core-common\2.2.0\5e1b8b81dfd5f52c56a8d53b18ca759c19a301f3\core-common-2.2.0.jar as it is up-to-date.
Caching disabled for EnumerateClassesTransform: C:\Users\user\.gradle\caches\transforms-3\4f45c3a7053e18b32f0d004efe9bcba5\transformed\jetified-exoplayer-common-2.19.1-runtime.jar because:
  Build cache is disabled
Skipping EnumerateClassesTransform: C:\Users\user\.gradle\caches\transforms-3\4f45c3a7053e18b32f0d004efe9bcba5\transformed\jetified-exoplayer-common-2.19.1-runtime.jar as it is up-to-date.
Caching disabled for EnumerateClassesTransform: C:\Users\user\.gradle\caches\transforms-3\16aae07c3dbf4462bd83f954a3daabd6\transformed\interpolator-1.0.0-runtime.jar because:
  Build cache is disabled
Caching disabled for EnumerateClassesTransform: C:\Users\user\.gradle\caches\transforms-3\a3bc45618f36d805c03b32cc30e7be15\transformed\versionedparcelable-1.1.1-runtime.jar because:
  Build cache is disabled
Skipping EnumerateClassesTransform: C:\Users\user\.gradle\caches\transforms-3\a3bc45618f36d805c03b32cc30e7be15\transformed\versionedparcelable-1.1.1-runtime.jar as it is up-to-date.
Skipping EnumerateClassesTransform: C:\Users\user\.gradle\caches\transforms-3\16aae07c3dbf4462bd83f954a3daabd6\transformed\interpolator-1.0.0-runtime.jar as it is up-to-date.
Transforming core-common-2.2.0.jar (androidx.arch.core:core-common:2.2.0) with EnumerateClassesTransform
Caching disabled for AarToClassTransform: C:\Users\user\.gradle\caches\transforms-3\0e88d704d0c7e84bf698a42a36fca2b6\transformed\jetified-tracing-1.0.0.aar because:
  Build cache is disabled
Skipping AarToClassTransform: C:\Users\user\.gradle\caches\transforms-3\0e88d704d0c7e84bf698a42a36fca2b6\transformed\jetified-tracing-1.0.0.aar as it is up-to-date.
Caching disabled for EnumerateClassesTransform: C:\Users\user\.gradle\caches\transforms-3\50ca6423d81d646198db1ce144e5883e\transformed\jetified-profileinstaller-1.3.1-runtime.jar because:
  Build cache is disabled
Skipping EnumerateClassesTransform: C:\Users\user\.gradle\caches\transforms-3\50ca6423d81d646198db1ce144e5883e\transformed\jetified-profileinstaller-1.3.1-runtime.jar as it is up-to-date.
Caching disabled for EnumerateClassesTransform: C:\Users\user\.gradle\caches\transforms-3\5d50dd385e532a69874e527f285a88fe\transformed\jetified-startup-runtime-1.1.1-runtime.jar because:
  Build cache is disabled
Caching disabled for IdentityTransform: C:\Users\user\.gradle\caches\transforms-3\4952dbf39e9f3615bfd2a00d64828bf5\transformed\jetified-concurrent-futures-1.1.0.jar because:
  Build cache is disabled
Caching disabled for AarToClassTransform: C:\Users\user\.gradle\caches\modules-2\files-2.1\androidx.documentfile\documentfile\1.0.0\66104345c90cd8c2fd5ad2d3aad692b280e10c32\documentfile-1.0.0.aar because:
  Build cache is disabled
Skipping IdentityTransform: C:\Users\user\.gradle\caches\transforms-3\4952dbf39e9f3615bfd2a00d64828bf5\transformed\jetified-concurrent-futures-1.1.0.jar as it is up-to-date.
Skipping AarToClassTransform: C:\Users\user\.gradle\caches\modules-2\files-2.1\androidx.documentfile\documentfile\1.0.0\66104345c90cd8c2fd5ad2d3aad692b280e10c32\documentfile-1.0.0.aar as it is up-to-date.
Transforming tracing-1.0.0.aar (androidx.tracing:tracing:1.0.0) with EnumerateClassesTransform
Caching disabled for EnumerateClassesTransform: C:\Users\user\.gradle\caches\modules-2\files-2.1\androidx.arch.core\core-common\2.2.0\5e1b8b81dfd5f52c56a8d53b18ca759c19a301f3\core-common-2.2.0.jar because:
  Build cache is disabled
Skipping EnumerateClassesTransform: C:\Users\user\.gradle\caches\modules-2\files-2.1\androidx.arch.core\core-common\2.2.0\5e1b8b81dfd5f52c56a8d53b18ca759c19a301f3\core-common-2.2.0.jar as it is up-to-date.
Transforming documentfile-1.0.0.aar (androidx.documentfile:documentfile:1.0.0) with EnumerateClassesTransform
Skipping EnumerateClassesTransform: C:\Users\user\.gradle\caches\transforms-3\5d50dd385e532a69874e527f285a88fe\transformed\jetified-startup-runtime-1.1.1-runtime.jar as it is up-to-date.
Transforming concurrent-futures-1.1.0.jar (androidx.concurrent:concurrent-futures:1.1.0) with EnumerateClassesTransform
Caching disabled for AarToClassTransform: C:\Users\user\.gradle\caches\modules-2\files-2.1\androidx.localbroadcastmanager\localbroadcastmanager\1.0.0\2734f31c8321e83ce6b60570d14777fc33cc2ece\localbroadcastmanager-1.0.0.aar because:
  Build cache is disabled
Skipping AarToClassTransform: C:\Users\user\.gradle\caches\modules-2\files-2.1\androidx.localbroadcastmanager\localbroadcastmanager\1.0.0\2734f31c8321e83ce6b60570d14777fc33cc2ece\localbroadcastmanager-1.0.0.aar as it is up-to-date.
Transforming localbroadcastmanager-1.0.0.aar (androidx.localbroadcastmanager:localbroadcastmanager:1.0.0) with EnumerateClassesTransform
Caching disabled for IdentityTransform: C:\Users\user\.gradle\caches\transforms-3\2f4ffbf12272dad9f22d1ec3454e7182\transformed\jetified-collection-ktx-1.4.0.jar because:
  Build cache is disabled
Skipping IdentityTransform: C:\Users\user\.gradle\caches\transforms-3\2f4ffbf12272dad9f22d1ec3454e7182\transformed\jetified-collection-ktx-1.4.0.jar as it is up-to-date.
Caching disabled for EnumerateClassesTransform: C:\Users\user\.gradle\caches\transforms-3\4952dbf39e9f3615bfd2a00d64828bf5\transformed\jetified-concurrent-futures-1.1.0.jar because:
  Build cache is disabled
Caching disabled for AarToClassTransform: C:\Users\user\.gradle\caches\modules-2\files-2.1\androidx.print\print\1.0.0\7722094652c48ebe27acc94d74a55e759e4635ff\print-1.0.0.aar because:
  Build cache is disabled
Skipping EnumerateClassesTransform: C:\Users\user\.gradle\caches\transforms-3\4952dbf39e9f3615bfd2a00d64828bf5\transformed\jetified-concurrent-futures-1.1.0.jar as it is up-to-date.
Skipping AarToClassTransform: C:\Users\user\.gradle\caches\modules-2\files-2.1\androidx.print\print\1.0.0\7722094652c48ebe27acc94d74a55e759e4635ff\print-1.0.0.aar as it is up-to-date.
Transforming print-1.0.0.aar (androidx.print:print:1.0.0) with EnumerateClassesTransform
Caching disabled for AarToClassTransform: C:\Users\user\.gradle\caches\modules-2\files-2.1\androidx.exifinterface\exifinterface\1.3.6\66c4f85fbe44c6556b05ecd28ea1af00cff3655e\exifinterface-1.3.6.aar because:
  Build cache is disabled
Skipping AarToClassTransform: C:\Users\user\.gradle\caches\modules-2\files-2.1\androidx.exifinterface\exifinterface\1.3.6\66c4f85fbe44c6556b05ecd28ea1af00cff3655e\exifinterface-1.3.6.aar as it is up-to-date.
Transforming exifinterface-1.3.6.aar (androidx.exifinterface:exifinterface:1.3.6) with EnumerateClassesTransform
Transforming collection-ktx-1.4.0.jar (androidx.collection:collection-ktx:1.4.0) with EnumerateClassesTransform
Caching disabled for EnumerateClassesTransform: C:\Users\user\.gradle\caches\transforms-3\7acce28c49147fb8a4d906997a9b3fae\transformed\jetified-tracing-1.0.0-runtime.jar because:
  Build cache is disabled
Caching disabled for EnumerateClassesTransform: C:\Users\user\.gradle\caches\transforms-3\f882d9048303c9d2549448629dd2b585\transformed\documentfile-1.0.0-runtime.jar because:
  Build cache is disabled
Skipping EnumerateClassesTransform: C:\Users\user\.gradle\caches\transforms-3\7acce28c49147fb8a4d906997a9b3fae\transformed\jetified-tracing-1.0.0-runtime.jar as it is up-to-date.
Skipping EnumerateClassesTransform: C:\Users\user\.gradle\caches\transforms-3\f882d9048303c9d2549448629dd2b585\transformed\documentfile-1.0.0-runtime.jar as it is up-to-date.
Caching disabled for EnumerateClassesTransform: C:\Users\user\.gradle\caches\transforms-3\c68ebee906ac0542c5c9e3fa683a481f\transformed\print-1.0.0-runtime.jar because:
  Build cache is disabled
Skipping EnumerateClassesTransform: C:\Users\user\.gradle\caches\transforms-3\c68ebee906ac0542c5c9e3fa683a481f\transformed\print-1.0.0-runtime.jar as it is up-to-date.
Caching disabled for EnumerateClassesTransform: C:\Users\user\.gradle\caches\transforms-3\2f4ffbf12272dad9f22d1ec3454e7182\transformed\jetified-collection-ktx-1.4.0.jar because:
  Build cache is disabled
Skipping EnumerateClassesTransform: C:\Users\user\.gradle\caches\transforms-3\2f4ffbf12272dad9f22d1ec3454e7182\transformed\jetified-collection-ktx-1.4.0.jar as it is up-to-date.
Caching disabled for IdentityTransform: C:\Users\user\.gradle\caches\transforms-3\42e8d76518df9ea4cb448b1ce9157841\transformed\jetified-collection-jvm-1.4.0.jar because:
  Build cache is disabled
Caching disabled for EnumerateClassesTransform: C:\Users\user\.gradle\caches\transforms-3\49e7e0206fa5d0fec012335aade9f065\transformed\exifinterface-1.3.6-runtime.jar because:
  Build cache is disabled
Skipping IdentityTransform: C:\Users\user\.gradle\caches\transforms-3\42e8d76518df9ea4cb448b1ce9157841\transformed\jetified-collection-jvm-1.4.0.jar as it is up-to-date.
Skipping EnumerateClassesTransform: C:\Users\user\.gradle\caches\transforms-3\49e7e0206fa5d0fec012335aade9f065\transformed\exifinterface-1.3.6-runtime.jar as it is up-to-date.
Caching disabled for IdentityTransform: C:\Users\user\.gradle\caches\transforms-3\83f966be81996885906751c46a8853bd\transformed\jetified-annotation-jvm-1.7.0.jar because:
  Build cache is disabled
Skipping IdentityTransform: C:\Users\user\.gradle\caches\transforms-3\83f966be81996885906751c46a8853bd\transformed\jetified-annotation-jvm-1.7.0.jar as it is up-to-date.
Transforming collection-jvm-1.4.0.jar (androidx.collection:collection-jvm:1.4.0) with EnumerateClassesTransform
Transforming annotation-jvm-1.7.0.jar (androidx.annotation:annotation-jvm:1.7.0) with EnumerateClassesTransform
Caching disabled for IdentityTransform: C:\Users\user\.gradle\caches\transforms-3\9f16e3865a4dfc170695dda65dfb3e08\transformed\jetified-kotlin-stdlib-1.9.22.jar because:
  Build cache is disabled
Caching disabled for AarToClassTransform: C:\Users\user\.gradle\caches\transforms-3\fbc9b37369269c733242e6987e66b20d\transformed\jetified-volley-1.2.1.aar because:
  Build cache is disabled
Caching disabled for EnumerateClassesTransform: C:\Users\user\.gradle\caches\transforms-3\1d0de2a4c2704e355260bca34e8d91cd\transformed\localbroadcastmanager-1.0.0-runtime.jar because:
  Build cache is disabled
Skipping AarToClassTransform: C:\Users\user\.gradle\caches\transforms-3\fbc9b37369269c733242e6987e66b20d\transformed\jetified-volley-1.2.1.aar as it is up-to-date.
Skipping IdentityTransform: C:\Users\user\.gradle\caches\transforms-3\9f16e3865a4dfc170695dda65dfb3e08\transformed\jetified-kotlin-stdlib-1.9.22.jar as it is up-to-date.
Skipping EnumerateClassesTransform: C:\Users\user\.gradle\caches\transforms-3\1d0de2a4c2704e355260bca34e8d91cd\transformed\localbroadcastmanager-1.0.0-runtime.jar as it is up-to-date.
Transforming volley-1.2.1.aar (com.android.volley:volley:1.2.1) with EnumerateClassesTransform
Transforming kotlin-stdlib-1.9.22.jar (org.jetbrains.kotlin:kotlin-stdlib:1.9.22) with EnumerateClassesTransform
Caching disabled for AarToClassTransform: C:\Users\user\.gradle\caches\transforms-3\851fbae5c43dae3c9ce9fb3bd77d7169\transformed\jetified-Android-Image-Slider-1.4.0.aar because:
  Build cache is disabled
Skipping AarToClassTransform: C:\Users\user\.gradle\caches\transforms-3\851fbae5c43dae3c9ce9fb3bd77d7169\transformed\jetified-Android-Image-Slider-1.4.0.aar as it is up-to-date.
Transforming Android-Image-Slider-1.4.0.aar (com.github.smarteist:Android-Image-Slider:1.4.0) with EnumerateClassesTransform
Caching disabled for AarToClassTransform: C:\Users\user\.gradle\caches\transforms-3\a475b4ecc0c45c83370ef0b6656f0a12\transformed\jetified-circleimageview-3.1.0.aar because:
  Build cache is disabled
Skipping AarToClassTransform: C:\Users\user\.gradle\caches\transforms-3\a475b4ecc0c45c83370ef0b6656f0a12\transformed\jetified-circleimageview-3.1.0.aar as it is up-to-date.
Transforming circleimageview-3.1.0.aar (de.hdodenhof:circleimageview:3.1.0) with EnumerateClassesTransform
Caching disabled for EnumerateClassesTransform: C:\Users\user\.gradle\caches\transforms-3\42e8d76518df9ea4cb448b1ce9157841\transformed\jetified-collection-jvm-1.4.0.jar because:
  Build cache is disabled
Skipping EnumerateClassesTransform: C:\Users\user\.gradle\caches\transforms-3\42e8d76518df9ea4cb448b1ce9157841\transformed\jetified-collection-jvm-1.4.0.jar as it is up-to-date.
Caching disabled for EnumerateClassesTransform: C:\Users\user\.gradle\caches\transforms-3\83f966be81996885906751c46a8853bd\transformed\jetified-annotation-jvm-1.7.0.jar because:
  Build cache is disabled
Skipping EnumerateClassesTransform: C:\Users\user\.gradle\caches\transforms-3\83f966be81996885906751c46a8853bd\transformed\jetified-annotation-jvm-1.7.0.jar as it is up-to-date.
Caching disabled for EnumerateClassesTransform: C:\Users\user\.gradle\caches\transforms-3\0cf66c4cb2ff6c8071175b352cebbf8a\transformed\jetified-Android-Image-Slider-1.4.0-runtime.jar because:
  Build cache is disabled
Skipping EnumerateClassesTransform: C:\Users\user\.gradle\caches\transforms-3\0cf66c4cb2ff6c8071175b352cebbf8a\transformed\jetified-Android-Image-Slider-1.4.0-runtime.jar as it is up-to-date.
Caching disabled for EnumerateClassesTransform: C:\Users\user\.gradle\caches\transforms-3\d6c34f75548d846104c158730dc52bd6\transformed\jetified-volley-1.2.1-runtime.jar because:
  Build cache is disabled
Caching disabled for EnumerateClassesTransform: C:\Users\user\.gradle\caches\transforms-3\9f16e3865a4dfc170695dda65dfb3e08\transformed\jetified-kotlin-stdlib-1.9.22.jar because:
  Build cache is disabled
Caching disabled for IdentityTransform: C:\Users\user\.gradle\caches\transforms-3\a3d7bd5a9a3e49f43871c691f0fe8576\transformed\jetified-annotations-23.0.0.jar because:
  Build cache is disabled
Skipping IdentityTransform: C:\Users\user\.gradle\caches\transforms-3\a3d7bd5a9a3e49f43871c691f0fe8576\transformed\jetified-annotations-23.0.0.jar as it is up-to-date.
Transforming annotations-23.0.0.jar (org.jetbrains:annotations:23.0.0) with EnumerateClassesTransform
Skipping EnumerateClassesTransform: C:\Users\user\.gradle\caches\transforms-3\d6c34f75548d846104c158730dc52bd6\transformed\jetified-volley-1.2.1-runtime.jar as it is up-to-date.
Skipping EnumerateClassesTransform: C:\Users\user\.gradle\caches\transforms-3\9f16e3865a4dfc170695dda65dfb3e08\transformed\jetified-kotlin-stdlib-1.9.22.jar as it is up-to-date.
Caching disabled for IdentityTransform: C:\Users\user\.gradle\caches\transforms-3\2e53967e99a2efb836f0fec11a705eb6\transformed\jetified-error_prone_annotations-2.15.0.jar because:
  Build cache is disabled
Skipping IdentityTransform: C:\Users\user\.gradle\caches\transforms-3\2e53967e99a2efb836f0fec11a705eb6\transformed\jetified-error_prone_annotations-2.15.0.jar as it is up-to-date.
Caching disabled for IdentityTransform: C:\Users\user\.gradle\caches\transforms-3\5bcbec75043d4518ba5cb538d57ceed2\transformed\jetified-guava-31.1-android.jar because:
  Build cache is disabled
Skipping IdentityTransform: C:\Users\user\.gradle\caches\transforms-3\5bcbec75043d4518ba5cb538d57ceed2\transformed\jetified-guava-31.1-android.jar as it is up-to-date.
Transforming guava-31.1-android.jar (com.google.guava:guava:31.1-android) with EnumerateClassesTransform
Caching disabled for EnumerateClassesTransform: C:\Users\user\.gradle\caches\transforms-3\a3d7bd5a9a3e49f43871c691f0fe8576\transformed\jetified-annotations-23.0.0.jar because:
  Build cache is disabled
Skipping EnumerateClassesTransform: C:\Users\user\.gradle\caches\transforms-3\a3d7bd5a9a3e49f43871c691f0fe8576\transformed\jetified-annotations-23.0.0.jar as it is up-to-date.
Caching disabled for EnumerateClassesTransform: C:\Users\user\.gradle\caches\transforms-3\d07aae526a278f9ce50449ffc7fe542d\transformed\jetified-circleimageview-3.1.0-runtime.jar because:
  Build cache is disabled
Skipping EnumerateClassesTransform: C:\Users\user\.gradle\caches\transforms-3\d07aae526a278f9ce50449ffc7fe542d\transformed\jetified-circleimageview-3.1.0-runtime.jar as it is up-to-date.
Caching disabled for IdentityTransform: C:\Users\user\.gradle\caches\transforms-3\7936f430f812b202848f563f75f3ce7a\transformed\jetified-dagger-2.49.jar because:
  Build cache is disabled
Caching disabled for IdentityTransform: C:\Users\user\.gradle\caches\transforms-3\903d7ba70be6ad17eeb78b6f8808620f\transformed\jetified-hilt-core-2.49.jar because:
  Build cache is disabled
Skipping IdentityTransform: C:\Users\user\.gradle\caches\transforms-3\903d7ba70be6ad17eeb78b6f8808620f\transformed\jetified-hilt-core-2.49.jar as it is up-to-date.
Caching disabled for IdentityTransform: C:\Users\user\.gradle\caches\transforms-3\19187101f19803dbcfbd88e4dae1795e\transformed\jetified-jsr305-3.0.2.jar because:
  Build cache is disabled
Caching disabled for IdentityTransform: C:\Users\user\.gradle\caches\transforms-3\40cadb43b1c01898eeeb3529c96d2563\transformed\jetified-javax.inject-1.jar because:
  Build cache is disabled
Skipping IdentityTransform: C:\Users\user\.gradle\caches\transforms-3\19187101f19803dbcfbd88e4dae1795e\transformed\jetified-jsr305-3.0.2.jar as it is up-to-date.
Skipping IdentityTransform: C:\Users\user\.gradle\caches\transforms-3\40cadb43b1c01898eeeb3529c96d2563\transformed\jetified-javax.inject-1.jar as it is up-to-date.
Transforming jsr305-3.0.2.jar (com.google.code.findbugs:jsr305:3.0.2) with EnumerateClassesTransform
Transforming hilt-core-2.49.jar (com.google.dagger:hilt-core:2.49) with EnumerateClassesTransform
Caching disabled for AarToClassTransform: C:\Users\user\.gradle\caches\transforms-3\ffe0bcc24acabf5fe2a8653bacada7e5\transformed\jetified-dagger-lint-aar-2.49.aar because:
  Build cache is disabled
Skipping AarToClassTransform: C:\Users\user\.gradle\caches\transforms-3\ffe0bcc24acabf5fe2a8653bacada7e5\transformed\jetified-dagger-lint-aar-2.49.aar as it is up-to-date.
Transforming dagger-lint-aar-2.49.aar (com.google.dagger:dagger-lint-aar:2.49) with EnumerateClassesTransform
Transforming javax.inject-1.jar (javax.inject:javax.inject:1) with EnumerateClassesTransform
Caching disabled for EnumerateClassesTransform: C:\Users\user\.gradle\caches\transforms-3\5bcbec75043d4518ba5cb538d57ceed2\transformed\jetified-guava-31.1-android.jar because:
  Build cache is disabled
Skipping EnumerateClassesTransform: C:\Users\user\.gradle\caches\transforms-3\5bcbec75043d4518ba5cb538d57ceed2\transformed\jetified-guava-31.1-android.jar as it is up-to-date.
Skipping IdentityTransform: C:\Users\user\.gradle\caches\transforms-3\7936f430f812b202848f563f75f3ce7a\transformed\jetified-dagger-2.49.jar as it is up-to-date.
Transforming error_prone_annotations-2.15.0.jar (com.google.errorprone:error_prone_annotations:2.15.0) with EnumerateClassesTransform
Transforming dagger-2.49.jar (com.google.dagger:dagger:2.49) with EnumerateClassesTransform
Caching disabled for EnumerateClassesTransform: C:\Users\user\.gradle\caches\transforms-3\19187101f19803dbcfbd88e4dae1795e\transformed\jetified-jsr305-3.0.2.jar because:
  Build cache is disabled
Skipping EnumerateClassesTransform: C:\Users\user\.gradle\caches\transforms-3\19187101f19803dbcfbd88e4dae1795e\transformed\jetified-jsr305-3.0.2.jar as it is up-to-date.
Caching disabled for IdentityTransform: C:\Users\user\.gradle\caches\transforms-3\bceaab695a1c441583b5b8db13947daf\transformed\jetified-gson-2.8.5.jar because:
  Build cache is disabled
Caching disabled for IdentityTransform: C:\Users\user\.gradle\caches\transforms-3\d8bd11bc02fdf2283eebd30102bbbade\transformed\jetified-listenablefuture-9999.0-empty-to-avoid-conflict-with-guava.jar because:
  Build cache is disabled
Skipping IdentityTransform: C:\Users\user\.gradle\caches\transforms-3\bceaab695a1c441583b5b8db13947daf\transformed\jetified-gson-2.8.5.jar as it is up-to-date.
Skipping IdentityTransform: C:\Users\user\.gradle\caches\transforms-3\d8bd11bc02fdf2283eebd30102bbbade\transformed\jetified-listenablefuture-9999.0-empty-to-avoid-conflict-with-guava.jar as it is up-to-date.
Caching disabled for EnumerateClassesTransform: C:\Users\user\.gradle\caches\transforms-3\903d7ba70be6ad17eeb78b6f8808620f\transformed\jetified-hilt-core-2.49.jar because:
  Build cache is disabled
Skipping EnumerateClassesTransform: C:\Users\user\.gradle\caches\transforms-3\903d7ba70be6ad17eeb78b6f8808620f\transformed\jetified-hilt-core-2.49.jar as it is up-to-date.
Caching disabled for EnumerateClassesTransform: C:\Users\user\.gradle\caches\transforms-3\40cadb43b1c01898eeeb3529c96d2563\transformed\jetified-javax.inject-1.jar because:
  Build cache is disabled
Skipping EnumerateClassesTransform: C:\Users\user\.gradle\caches\transforms-3\40cadb43b1c01898eeeb3529c96d2563\transformed\jetified-javax.inject-1.jar as it is up-to-date.
Caching disabled for EnumerateClassesTransform: C:\Users\user\.gradle\caches\transforms-3\2e53967e99a2efb836f0fec11a705eb6\transformed\jetified-error_prone_annotations-2.15.0.jar because:
  Build cache is disabled
Skipping EnumerateClassesTransform: C:\Users\user\.gradle\caches\transforms-3\2e53967e99a2efb836f0fec11a705eb6\transformed\jetified-error_prone_annotations-2.15.0.jar as it is up-to-date.
Caching disabled for IdentityTransform: C:\Users\user\.gradle\caches\modules-2\files-2.1\androidx.constraintlayout\constraintlayout-solver\2.0.1\30988fe2d77f3fe3bf7551bb8a8b795fad7e7226\constraintlayout-solver-2.0.1.jar because:
  Build cache is disabled
Skipping IdentityTransform: C:\Users\user\.gradle\caches\modules-2\files-2.1\androidx.constraintlayout\constraintlayout-solver\2.0.1\30988fe2d77f3fe3bf7551bb8a8b795fad7e7226\constraintlayout-solver-2.0.1.jar as it is up-to-date.
Transforming constraintlayout-solver-2.0.1.jar (androidx.constraintlayout:constraintlayout-solver:2.0.1) with EnumerateClassesTransform
Caching disabled for EnumerateClassesTransform: C:\Users\user\.gradle\caches\modules-2\files-2.1\androidx.constraintlayout\constraintlayout-solver\2.0.1\30988fe2d77f3fe3bf7551bb8a8b795fad7e7226\constraintlayout-solver-2.0.1.jar because:
  Build cache is disabled
Skipping EnumerateClassesTransform: C:\Users\user\.gradle\caches\modules-2\files-2.1\androidx.constraintlayout\constraintlayout-solver\2.0.1\30988fe2d77f3fe3bf7551bb8a8b795fad7e7226\constraintlayout-solver-2.0.1.jar as it is up-to-date.
Caching disabled for EnumerateClassesTransform: C:\Users\user\.gradle\caches\transforms-3\2ce731c6f5718fdd5e3f6012b37116c1\transformed\jetified-dagger-lint-aar-2.49-runtime.jar because:
  Build cache is disabled
Caching disabled for IdentityTransform: C:\Users\user\.gradle\caches\transforms-3\b6da9824ac421333ab94aed5f4016f70\transformed\jetified-failureaccess-1.0.1.jar because:
  Build cache is disabled
Skipping EnumerateClassesTransform: C:\Users\user\.gradle\caches\transforms-3\2ce731c6f5718fdd5e3f6012b37116c1\transformed\jetified-dagger-lint-aar-2.49-runtime.jar as it is up-to-date.
Transforming listenablefuture-9999.0-empty-to-avoid-conflict-with-guava.jar (com.google.guava:listenablefuture:9999.0-empty-to-avoid-conflict-with-guava) with EnumerateClassesTransform
Transforming gson-2.8.5.jar (com.google.code.gson:gson:2.8.5) with EnumerateClassesTransform
Skipping IdentityTransform: C:\Users\user\.gradle\caches\transforms-3\b6da9824ac421333ab94aed5f4016f70\transformed\jetified-failureaccess-1.0.1.jar as it is up-to-date.
Transforming failureaccess-1.0.1.jar (com.google.guava:failureaccess:1.0.1) with EnumerateClassesTransform
Caching disabled for IdentityTransform: C:\Users\user\.gradle\caches\transforms-3\0d8fc86428c6ca6b8589156b99d8617b\transformed\jetified-j2objc-annotations-1.3.jar because:
  Build cache is disabled
Skipping IdentityTransform: C:\Users\user\.gradle\caches\transforms-3\0d8fc86428c6ca6b8589156b99d8617b\transformed\jetified-j2objc-annotations-1.3.jar as it is up-to-date.
Transforming j2objc-annotations-1.3.jar (com.google.j2objc:j2objc-annotations:1.3) with EnumerateClassesTransform
Caching disabled for EnumerateClassesTransform: C:\Users\user\.gradle\caches\transforms-3\7936f430f812b202848f563f75f3ce7a\transformed\jetified-dagger-2.49.jar because:
  Build cache is disabled
Skipping EnumerateClassesTransform: C:\Users\user\.gradle\caches\transforms-3\7936f430f812b202848f563f75f3ce7a\transformed\jetified-dagger-2.49.jar as it is up-to-date.
Caching disabled for IdentityTransform: C:\Users\user\.gradle\caches\transforms-3\990fc3dabcc3f8ea1ba468e5491155fd\transformed\jetified-checker-qual-3.12.0.jar because:
  Build cache is disabled
Skipping IdentityTransform: C:\Users\user\.gradle\caches\transforms-3\990fc3dabcc3f8ea1ba468e5491155fd\transformed\jetified-checker-qual-3.12.0.jar as it is up-to-date.
Caching disabled for AarToClassTransform: C:\Users\user\.gradle\caches\transforms-3\d3e8b3030454882f18c17b804f4269a0\transformed\jetified-play-services-ads-22.6.0.aar because:
  Build cache is disabled
Skipping AarToClassTransform: C:\Users\user\.gradle\caches\transforms-3\d3e8b3030454882f18c17b804f4269a0\transformed\jetified-play-services-ads-22.6.0.aar as it is up-to-date.
Transforming play-services-ads-22.6.0.aar (com.google.android.gms:play-services-ads:22.6.0) with EnumerateClassesTransform
Transforming checker-qual-3.12.0.jar (org.checkerframework:checker-qual:3.12.0) with EnumerateClassesTransform
Caching disabled for AarToClassTransform: C:\Users\user\.gradle\caches\transforms-3\3b83c0859f84fcd6d974c10739ba311c\transformed\jetified-coil-base-2.5.0.aar because:
  Build cache is disabled
Caching disabled for EnumerateClassesTransform: C:\Users\user\.gradle\caches\transforms-3\bceaab695a1c441583b5b8db13947daf\transformed\jetified-gson-2.8.5.jar because:
  Build cache is disabled
Skipping AarToClassTransform: C:\Users\user\.gradle\caches\transforms-3\3b83c0859f84fcd6d974c10739ba311c\transformed\jetified-coil-base-2.5.0.aar as it is up-to-date.
Skipping EnumerateClassesTransform: C:\Users\user\.gradle\caches\transforms-3\bceaab695a1c441583b5b8db13947daf\transformed\jetified-gson-2.8.5.jar as it is up-to-date.
Caching disabled for EnumerateClassesTransform: C:\Users\user\.gradle\caches\transforms-3\b6da9824ac421333ab94aed5f4016f70\transformed\jetified-failureaccess-1.0.1.jar because:
  Build cache is disabled
Skipping EnumerateClassesTransform: C:\Users\user\.gradle\caches\transforms-3\b6da9824ac421333ab94aed5f4016f70\transformed\jetified-failureaccess-1.0.1.jar as it is up-to-date.
Caching disabled for EnumerateClassesTransform: C:\Users\user\.gradle\caches\transforms-3\d8bd11bc02fdf2283eebd30102bbbade\transformed\jetified-listenablefuture-9999.0-empty-to-avoid-conflict-with-guava.jar because:
  Build cache is disabled
Transforming coil-base-2.5.0.aar (io.coil-kt:coil-base:2.5.0) with EnumerateClassesTransform
Skipping EnumerateClassesTransform: C:\Users\user\.gradle\caches\transforms-3\d8bd11bc02fdf2283eebd30102bbbade\transformed\jetified-listenablefuture-9999.0-empty-to-avoid-conflict-with-guava.jar as it is up-to-date.
Caching disabled for EnumerateClassesTransform: C:\Users\user\.gradle\caches\transforms-3\0d8fc86428c6ca6b8589156b99d8617b\transformed\jetified-j2objc-annotations-1.3.jar because:
  Build cache is disabled
Skipping EnumerateClassesTransform: C:\Users\user\.gradle\caches\transforms-3\0d8fc86428c6ca6b8589156b99d8617b\transformed\jetified-j2objc-annotations-1.3.jar as it is up-to-date.
Caching disabled for EnumerateClassesTransform: C:\Users\user\.gradle\caches\transforms-3\990fc3dabcc3f8ea1ba468e5491155fd\transformed\jetified-checker-qual-3.12.0.jar because:
  Build cache is disabled
Skipping EnumerateClassesTransform: C:\Users\user\.gradle\caches\transforms-3\990fc3dabcc3f8ea1ba468e5491155fd\transformed\jetified-checker-qual-3.12.0.jar as it is up-to-date.
Caching disabled for EnumerateClassesTransform: C:\Users\user\.gradle\caches\transforms-3\6951a28fbeab4f5e0677dbbf51dd5290\transformed\jetified-play-services-ads-22.6.0-runtime.jar because:
  Build cache is disabled
Skipping EnumerateClassesTransform: C:\Users\user\.gradle\caches\transforms-3\6951a28fbeab4f5e0677dbbf51dd5290\transformed\jetified-play-services-ads-22.6.0-runtime.jar as it is up-to-date.
Caching disabled for AarToClassTransform: C:\Users\user\.gradle\caches\transforms-3\fe561860e56c5a4f4048bb09ce052968\transformed\jetified-appcompat-resources-1.6.1.aar because:
  Build cache is disabled
Skipping AarToClassTransform: C:\Users\user\.gradle\caches\transforms-3\fe561860e56c5a4f4048bb09ce052968\transformed\jetified-appcompat-resources-1.6.1.aar as it is up-to-date.
Transforming appcompat-resources-1.6.1.aar (androidx.appcompat:appcompat-resources:1.6.1) with EnumerateClassesTransform
Caching disabled for EnumerateClassesTransform: C:\Users\user\.gradle\caches\transforms-3\5459972164a1f8b2f38fc2ba8515d7d4\transformed\jetified-coil-base-2.5.0-runtime.jar because:
  Build cache is disabled
Skipping EnumerateClassesTransform: C:\Users\user\.gradle\caches\transforms-3\5459972164a1f8b2f38fc2ba8515d7d4\transformed\jetified-coil-base-2.5.0-runtime.jar as it is up-to-date.
Caching disabled for EnumerateClassesTransform: C:\Users\user\.gradle\caches\transforms-3\6c1d459ad613368c437e40827d1aa0f0\transformed\jetified-appcompat-resources-1.6.1-runtime.jar because:
  Build cache is disabled
Skipping EnumerateClassesTransform: C:\Users\user\.gradle\caches\transforms-3\6c1d459ad613368c437e40827d1aa0f0\transformed\jetified-appcompat-resources-1.6.1-runtime.jar as it is up-to-date.
Caching disabled for AarToClassTransform: C:\Users\user\.gradle\caches\transforms-3\d82ddde7da14eda94f3cca4ae01b694f\transformed\jetified-viewpager2-1.0.0.aar because:
  Build cache is disabled
Skipping AarToClassTransform: C:\Users\user\.gradle\caches\transforms-3\d82ddde7da14eda94f3cca4ae01b694f\transformed\jetified-viewpager2-1.0.0.aar as it is up-to-date.
Caching disabled for AarToClassTransform: C:\Users\user\.gradle\caches\modules-2\files-2.1\androidx.appcompat\appcompat\1.6.1\6c7577004b7ebbee5ed87d512b578dd20e3c8c31\appcompat-1.6.1.aar because:
  Build cache is disabled
Skipping AarToClassTransform: C:\Users\user\.gradle\caches\modules-2\files-2.1\androidx.appcompat\appcompat\1.6.1\6c7577004b7ebbee5ed87d512b578dd20e3c8c31\appcompat-1.6.1.aar as it is up-to-date.
Transforming viewpager2-1.0.0.aar (androidx.viewpager2:viewpager2:1.0.0) with EnumerateClassesTransform
Transforming appcompat-1.6.1.aar (androidx.appcompat:appcompat:1.6.1) with EnumerateClassesTransform
Caching disabled for EnumerateClassesTransform: C:\Users\user\.gradle\caches\transforms-3\6f1e96f5b1163e6860bb3d003f852136\transformed\appcompat-1.6.1-runtime.jar because:
  Build cache is disabled
Caching disabled for EnumerateClassesTransform: C:\Users\user\.gradle\caches\transforms-3\44c69262413f1ea6b7f5b18835cb8203\transformed\jetified-viewpager2-1.0.0-runtime.jar because:
  Build cache is disabled
Skipping EnumerateClassesTransform: C:\Users\user\.gradle\caches\transforms-3\44c69262413f1ea6b7f5b18835cb8203\transformed\jetified-viewpager2-1.0.0-runtime.jar as it is up-to-date.
Skipping EnumerateClassesTransform: C:\Users\user\.gradle\caches\transforms-3\6f1e96f5b1163e6860bb3d003f852136\transformed\appcompat-1.6.1-runtime.jar as it is up-to-date.
Caching disabled for task ':app:checkReleaseDuplicateClasses' because:
  Build cache is disabled
Skipping task ':app:checkReleaseDuplicateClasses' as it is up-to-date.
Resolve mutations for :app:mergeReleaseArtProfile (Thread[#92,Execution worker Thread 9,5,main]) started.
:app:mergeReleaseArtProfile (Thread[#92,Execution worker Thread 9,5,main]) started.

> Task :app:mergeReleaseArtProfile UP-TO-DATE
Transforming material-1.11.0.aar (com.google.android.material:material:1.11.0) with JetifyTransform
Transforming material-1.11.0.aar (com.google.android.material:material:1.11.0) with ExtractAarTransform
Transforming material-1.11.0.aar (com.google.android.material:material:1.11.0) with AarTransform
Transforming lottie-compose-6.1.0.aar (com.airbnb.android:lottie-compose:6.1.0) with JetifyTransform
Transforming lottie-compose-6.1.0.aar (com.airbnb.android:lottie-compose:6.1.0) with ExtractAarTransform
Transforming lottie-compose-6.1.0.aar (com.airbnb.android:lottie-compose:6.1.0) with AarTransform
Transforming lottie-6.1.0.aar (com.airbnb.android:lottie:6.1.0) with JetifyTransform
Transforming lottie-6.1.0.aar (com.airbnb.android:lottie:6.1.0) with ExtractAarTransform
Transforming lottie-6.1.0.aar (com.airbnb.android:lottie:6.1.0) with AarTransform
Transforming coil-compose-2.5.0.aar (io.coil-kt:coil-compose:2.5.0) with JetifyTransform
Transforming coil-compose-2.5.0.aar (io.coil-kt:coil-compose:2.5.0) with ExtractAarTransform
Transforming coil-compose-2.5.0.aar (io.coil-kt:coil-compose:2.5.0) with AarTransform
Transforming coil-compose-base-2.5.0.aar (io.coil-kt:coil-compose-base:2.5.0) with JetifyTransform
Transforming coil-compose-base-2.5.0.aar (io.coil-kt:coil-compose-base:2.5.0) with ExtractAarTransform
Transforming coil-compose-base-2.5.0.aar (io.coil-kt:coil-compose-base:2.5.0) with AarTransform
Transforming coil-2.5.0.aar (io.coil-kt:coil:2.5.0) with JetifyTransform
Transforming coil-2.5.0.aar (io.coil-kt:coil:2.5.0) with ExtractAarTransform
Transforming coil-2.5.0.aar (io.coil-kt:coil:2.5.0) with AarTransform
Transforming coil-base-2.5.0.aar (io.coil-kt:coil-base:2.5.0) with JetifyTransform
Transforming coil-base-2.5.0.aar (io.coil-kt:coil-base:2.5.0) with ExtractAarTransform
Transforming coil-base-2.5.0.aar (io.coil-kt:coil-base:2.5.0) with AarTransform
Transforming appcompat-resources-1.6.1.aar (androidx.appcompat:appcompat-resources:1.6.1) with JetifyTransform
Transforming appcompat-resources-1.6.1.aar (androidx.appcompat:appcompat-resources:1.6.1) with ExtractAarTransform
Transforming appcompat-resources-1.6.1.aar (androidx.appcompat:appcompat-resources:1.6.1) with AarTransform
Caching disabled for AarTransform: C:\Users\user\.gradle\caches\transforms-3\f0c43f23ec6e516e0621ab61a039ef0c\transformed\jetified-lottie-6.1.0 because:
  Build cache is disabled
Skipping AarTransform: C:\Users\user\.gradle\caches\transforms-3\f0c43f23ec6e516e0621ab61a039ef0c\transformed\jetified-lottie-6.1.0 as it is up-to-date.
Caching disabled for AarTransform: C:\Users\user\.gradle\caches\transforms-3\b279794bd278a40574c8244342fbb052\transformed\jetified-coil-2.5.0 because:
  Build cache is disabled
Caching disabled for AarTransform: C:\Users\user\.gradle\caches\transforms-3\d76c3ac89ac3f5a9a20dcb6973cf40e8\transformed\material-1.11.0 because:
  Build cache is disabled
Skipping AarTransform: C:\Users\user\.gradle\caches\transforms-3\d76c3ac89ac3f5a9a20dcb6973cf40e8\transformed\material-1.11.0 as it is up-to-date.
Skipping AarTransform: C:\Users\user\.gradle\caches\transforms-3\b279794bd278a40574c8244342fbb052\transformed\jetified-coil-2.5.0 as it is up-to-date.
Transforming constraintlayout-2.0.1.aar (androidx.constraintlayout:constraintlayout:2.0.1) with JetifyTransform
Transforming constraintlayout-2.0.1.aar (androidx.constraintlayout:constraintlayout:2.0.1) with ExtractAarTransform
Transforming constraintlayout-2.0.1.aar (androidx.constraintlayout:constraintlayout:2.0.1) with AarTransform
Transforming appcompat-1.6.1.aar (androidx.appcompat:appcompat:1.6.1) with JetifyTransform
Transforming appcompat-1.6.1.aar (androidx.appcompat:appcompat:1.6.1) with ExtractAarTransform
Transforming appcompat-1.6.1.aar (androidx.appcompat:appcompat:1.6.1) with AarTransform
Caching disabled for AarTransform: C:\Users\user\.gradle\caches\transforms-3\125cb728ef3f46ce7225da4c49aa0884\transformed\jetified-coil-compose-base-2.5.0 because:
  Build cache is disabled
Transforming viewpager2-1.0.0.aar (androidx.viewpager2:viewpager2:1.0.0) with JetifyTransform
Transforming viewpager2-1.0.0.aar (androidx.viewpager2:viewpager2:1.0.0) with ExtractAarTransform
Transforming viewpager2-1.0.0.aar (androidx.viewpager2:viewpager2:1.0.0) with AarTransform
Skipping AarTransform: C:\Users\user\.gradle\caches\transforms-3\125cb728ef3f46ce7225da4c49aa0884\transformed\jetified-coil-compose-base-2.5.0 as it is up-to-date.
Caching disabled for AarTransform: C:\Users\user\.gradle\caches\transforms-3\01af9fa4640328761f93b15ceedbb393\transformed\jetified-coil-compose-2.5.0 because:
  Build cache is disabled
Skipping AarTransform: C:\Users\user\.gradle\caches\transforms-3\01af9fa4640328761f93b15ceedbb393\transformed\jetified-coil-compose-2.5.0 as it is up-to-date.
Caching disabled for AarTransform: C:\Users\user\.gradle\caches\transforms-3\7b64fcd84fbd59187c29faf12635bee6\transformed\jetified-lottie-compose-6.1.0 because:
  Build cache is disabled
Skipping AarTransform: C:\Users\user\.gradle\caches\transforms-3\7b64fcd84fbd59187c29faf12635bee6\transformed\jetified-lottie-compose-6.1.0 as it is up-to-date.
Caching disabled for AarTransform: C:\Users\user\.gradle\caches\transforms-3\73d67742e5e0faeb12f6359aec9f4317\transformed\jetified-coil-base-2.5.0 because:
  Build cache is disabled
Skipping AarTransform: C:\Users\user\.gradle\caches\transforms-3\73d67742e5e0faeb12f6359aec9f4317\transformed\jetified-coil-base-2.5.0 as it is up-to-date.
Transforming play-services-ads-22.6.0.aar (com.google.android.gms:play-services-ads:22.6.0) with JetifyTransform
Transforming play-services-ads-22.6.0.aar (com.google.android.gms:play-services-ads:22.6.0) with ExtractAarTransform
Transforming play-services-ads-22.6.0.aar (com.google.android.gms:play-services-ads:22.6.0) with AarTransform
Transforming play-services-appset-16.0.1.aar (com.google.android.gms:play-services-appset:16.0.1) with JetifyTransform
Transforming play-services-appset-16.0.1.aar (com.google.android.gms:play-services-appset:16.0.1) with ExtractAarTransform
Transforming play-services-appset-16.0.1.aar (com.google.android.gms:play-services-appset:16.0.1) with AarTransform
Transforming play-services-base-18.2.0.aar (com.google.android.gms:play-services-base:18.2.0) with JetifyTransform
Transforming play-services-base-18.2.0.aar (com.google.android.gms:play-services-base:18.2.0) with ExtractAarTransform
Transforming play-services-base-18.2.0.aar (com.google.android.gms:play-services-base:18.2.0) with AarTransform
Transforming play-services-base-18.2.0.aar (com.google.android.gms:play-services-base:18.2.0) with JetifyTransform
Transforming play-services-base-18.2.0.aar (com.google.android.gms:play-services-base:18.2.0) with ExtractAarTransform
Transforming play-services-base-18.2.0.aar (com.google.android.gms:play-services-base:18.2.0) with AarTransform
Transforming drawerlayout-1.1.1.aar (androidx.drawerlayout:drawerlayout:1.1.1) with JetifyTransform
Transforming drawerlayout-1.1.1.aar (androidx.drawerlayout:drawerlayout:1.1.1) with ExtractAarTransform
Transforming drawerlayout-1.1.1.aar (androidx.drawerlayout:drawerlayout:1.1.1) with AarTransform
Transforming coordinatorlayout-1.1.0.aar (androidx.coordinatorlayout:coordinatorlayout:1.1.0) with JetifyTransform
Transforming coordinatorlayout-1.1.0.aar (androidx.coordinatorlayout:coordinatorlayout:1.1.0) with ExtractAarTransform
Transforming coordinatorlayout-1.1.0.aar (androidx.coordinatorlayout:coordinatorlayout:1.1.0) with AarTransform
Transforming dynamicanimation-1.0.0.aar (androidx.dynamicanimation:dynamicanimation:1.0.0) with JetifyTransform
Transforming dynamicanimation-1.0.0.aar (androidx.dynamicanimation:dynamicanimation:1.0.0) with ExtractAarTransform
Transforming dynamicanimation-1.0.0.aar (androidx.dynamicanimation:dynamicanimation:1.0.0) with AarTransform
Transforming transition-1.2.0.aar (androidx.transition:transition:1.2.0) with JetifyTransform
Transforming transition-1.2.0.aar (androidx.transition:transition:1.2.0) with ExtractAarTransform
Transforming transition-1.2.0.aar (androidx.transition:transition:1.2.0) with AarTransform
Transforming vectordrawable-animated-1.1.0.aar (androidx.vectordrawable:vectordrawable-animated:1.1.0) with JetifyTransform
Transforming vectordrawable-animated-1.1.0.aar (androidx.vectordrawable:vectordrawable-animated:1.1.0) with ExtractAarTransform
Transforming vectordrawable-animated-1.1.0.aar (androidx.vectordrawable:vectordrawable-animated:1.1.0) with AarTransform
Transforming vectordrawable-1.1.0.aar (androidx.vectordrawable:vectordrawable:1.1.0) with JetifyTransform
Transforming vectordrawable-1.1.0.aar (androidx.vectordrawable:vectordrawable:1.1.0) with ExtractAarTransform
Transforming vectordrawable-1.1.0.aar (androidx.vectordrawable:vectordrawable:1.1.0) with AarTransform
Transforming vectordrawable-1.1.0.aar (androidx.vectordrawable:vectordrawable:1.1.0) with JetifyTransform
Transforming vectordrawable-1.1.0.aar (androidx.vectordrawable:vectordrawable:1.1.0) with ExtractAarTransform
Transforming vectordrawable-1.1.0.aar (androidx.vectordrawable:vectordrawable:1.1.0) with AarTransform
Transforming hilt-navigation-compose-1.1.0.aar (androidx.hilt:hilt-navigation-compose:1.1.0) with JetifyTransform
Transforming hilt-navigation-compose-1.1.0.aar (androidx.hilt:hilt-navigation-compose:1.1.0) with ExtractAarTransform
Transforming hilt-navigation-compose-1.1.0.aar (androidx.hilt:hilt-navigation-compose:1.1.0) with AarTransform
Transforming hilt-navigation-1.1.0.aar (androidx.hilt:hilt-navigation:1.1.0) with JetifyTransform
Transforming hilt-navigation-1.1.0.aar (androidx.hilt:hilt-navigation:1.1.0) with ExtractAarTransform
Transforming hilt-navigation-1.1.0.aar (androidx.hilt:hilt-navigation:1.1.0) with AarTransform
Transforming navigation-common-2.7.6.aar (androidx.navigation:navigation-common:2.7.6) with JetifyTransform
Transforming navigation-common-2.7.6.aar (androidx.navigation:navigation-common:2.7.6) with ExtractAarTransform
Transforming navigation-common-2.7.6.aar (androidx.navigation:navigation-common:2.7.6) with AarTransform
Transforming navigation-runtime-2.7.6.aar (androidx.navigation:navigation-runtime:2.7.6) with JetifyTransform
Transforming navigation-runtime-2.7.6.aar (androidx.navigation:navigation-runtime:2.7.6) with ExtractAarTransform
Transforming navigation-runtime-2.7.6.aar (androidx.navigation:navigation-runtime:2.7.6) with AarTransform
Transforming navigation-common-ktx-2.7.6.aar (androidx.navigation:navigation-common-ktx:2.7.6) with JetifyTransform
Transforming navigation-common-ktx-2.7.6.aar (androidx.navigation:navigation-common-ktx:2.7.6) with ExtractAarTransform
Transforming navigation-common-ktx-2.7.6.aar (androidx.navigation:navigation-common-ktx:2.7.6) with AarTransform
Transforming navigation-runtime-ktx-2.7.6.aar (androidx.navigation:navigation-runtime-ktx:2.7.6) with JetifyTransform
Transforming navigation-runtime-ktx-2.7.6.aar (androidx.navigation:navigation-runtime-ktx:2.7.6) with ExtractAarTransform
Caching disabled for AarTransform: C:\Users\user\.gradle\caches\transforms-3\14c109339047e7a54ee79e8f23fe26ef\transformed\jetified-appcompat-resources-1.6.1 because:
  Build cache is disabled
Transforming navigation-runtime-ktx-2.7.6.aar (androidx.navigation:navigation-runtime-ktx:2.7.6) with AarTransform
Skipping AarTransform: C:\Users\user\.gradle\caches\transforms-3\14c109339047e7a54ee79e8f23fe26ef\transformed\jetified-appcompat-resources-1.6.1 as it is up-to-date.
Transforming navigation-compose-2.7.6.aar (androidx.navigation:navigation-compose:2.7.6) with JetifyTransform
Transforming navigation-compose-2.7.6.aar (androidx.navigation:navigation-compose:2.7.6) with ExtractAarTransform
Transforming navigation-compose-2.7.6.aar (androidx.navigation:navigation-compose:2.7.6) with AarTransform
Transforming accompanist-permissions-0.32.0.aar (com.google.accompanist:accompanist-permissions:0.32.0) with JetifyTransform
Transforming accompanist-permissions-0.32.0.aar (com.google.accompanist:accompanist-permissions:0.32.0) with ExtractAarTransform
Transforming accompanist-permissions-0.32.0.aar (com.google.accompanist:accompanist-permissions:0.32.0) with AarTransform
Transforming room-ktx-2.6.1.aar (androidx.room:room-ktx:2.6.1) with JetifyTransform
Transforming room-ktx-2.6.1.aar (androidx.room:room-ktx:2.6.1) with ExtractAarTransform
Transforming room-ktx-2.6.1.aar (androidx.room:room-ktx:2.6.1) with AarTransform
Transforming play-services-ads-lite-22.6.0.aar (com.google.android.gms:play-services-ads-lite:22.6.0) with JetifyTransform
Transforming play-services-ads-lite-22.6.0.aar (com.google.android.gms:play-services-ads-lite:22.6.0) with ExtractAarTransform
Transforming play-services-ads-lite-22.6.0.aar (com.google.android.gms:play-services-ads-lite:22.6.0) with AarTransform
Transforming work-runtime-2.7.0.aar (androidx.work:work-runtime:2.7.0) with JetifyTransform
Transforming work-runtime-2.7.0.aar (androidx.work:work-runtime:2.7.0) with ExtractAarTransform
Transforming work-runtime-2.7.0.aar (androidx.work:work-runtime:2.7.0) with AarTransform
Transforming room-runtime-2.6.1.aar (androidx.room:room-runtime:2.6.1) with JetifyTransform
Transforming room-runtime-2.6.1.aar (androidx.room:room-runtime:2.6.1) with ExtractAarTransform
Transforming room-runtime-2.6.1.aar (androidx.room:room-runtime:2.6.1) with AarTransform
Transforming room-paging-2.6.1.aar (androidx.room:room-paging:2.6.1) with JetifyTransform
Transforming room-paging-2.6.1.aar (androidx.room:room-paging:2.6.1) with ExtractAarTransform
Transforming room-paging-2.6.1.aar (androidx.room:room-paging:2.6.1) with AarTransform
Transforming paging-runtime-3.2.1.aar (androidx.paging:paging-runtime:3.2.1) with JetifyTransform
Transforming paging-runtime-3.2.1.aar (androidx.paging:paging-runtime:3.2.1) with ExtractAarTransform
Transforming paging-runtime-3.2.1.aar (androidx.paging:paging-runtime:3.2.1) with AarTransform
Transforming paging-runtime-ktx-3.2.1.aar (androidx.paging:paging-runtime-ktx:3.2.1) with JetifyTransform
Caching disabled for AarTransform: C:\Users\user\.gradle\caches\transforms-3\ba655bab558f728b21e193f216f3fd5b\transformed\constraintlayout-2.0.1 because:
  Build cache is disabled
Transforming paging-runtime-ktx-3.2.1.aar (androidx.paging:paging-runtime-ktx:3.2.1) with ExtractAarTransform
Transforming paging-runtime-ktx-3.2.1.aar (androidx.paging:paging-runtime-ktx:3.2.1) with AarTransform
Skipping AarTransform: C:\Users\user\.gradle\caches\transforms-3\ba655bab558f728b21e193f216f3fd5b\transformed\constraintlayout-2.0.1 as it is up-to-date.
Transforming paging-compose-3.2.1.aar (androidx.paging:paging-compose:3.2.1) with JetifyTransform
Transforming paging-compose-3.2.1.aar (androidx.paging:paging-compose:3.2.1) with ExtractAarTransform
Transforming paging-compose-3.2.1.aar (androidx.paging:paging-compose:3.2.1) with AarTransform
Transforming material3-release.aar (androidx.compose.material3:material3-android:1.2.0) with JetifyTransform
Caching disabled for AarTransform: C:\Users\user\.gradle\caches\transforms-3\7c1ae54e643c59b38470a4f4e87f36e0\transformed\jetified-viewpager2-1.0.0 because:
  Build cache is disabled
Transforming material3-release.aar (androidx.compose.material3:material3-android:1.2.0) with ExtractAarTransform
Skipping AarTransform: C:\Users\user\.gradle\caches\transforms-3\7c1ae54e643c59b38470a4f4e87f36e0\transformed\jetified-viewpager2-1.0.0 as it is up-to-date.
Transforming material3-release.aar (androidx.compose.material3:material3-android:1.2.0) with AarTransform
Transforming material-ripple-release.aar (androidx.compose.material:material-ripple-android:1.6.1) with JetifyTransform
Transforming material-ripple-release.aar (androidx.compose.material:material-ripple-android:1.6.1) with ExtractAarTransform
Transforming material-ripple-release.aar (androidx.compose.material:material-ripple-android:1.6.1) with AarTransform
Transforming material-icons-core-release.aar (androidx.compose.material:material-icons-core-android:1.6.1) with JetifyTransform
Transforming material-icons-core-release.aar (androidx.compose.material:material-icons-core-android:1.6.1) with ExtractAarTransform
Transforming material-icons-core-release.aar (androidx.compose.material:material-icons-core-android:1.6.1) with AarTransform
Transforming material-release.aar (androidx.compose.material:material-android:1.6.1) with JetifyTransform
Transforming material-release.aar (androidx.compose.material:material-android:1.6.1) with ExtractAarTransform
Transforming material-release.aar (androidx.compose.material:material-android:1.6.1) with AarTransform
Transforming animation-core-release.aar (androidx.compose.animation:animation-core-android:1.6.1) with JetifyTransform
Transforming animation-core-release.aar (androidx.compose.animation:animation-core-android:1.6.1) with ExtractAarTransform
Transforming animation-core-release.aar (androidx.compose.animation:animation-core-android:1.6.1) with AarTransform
Transforming animation-release.aar (androidx.compose.animation:animation-android:1.6.1) with JetifyTransform
Transforming animation-release.aar (androidx.compose.animation:animation-android:1.6.1) with ExtractAarTransform
Transforming animation-release.aar (androidx.compose.animation:animation-android:1.6.1) with AarTransform
Transforming foundation-layout-release.aar (androidx.compose.foundation:foundation-layout-android:1.6.1) with JetifyTransform
Transforming foundation-layout-release.aar (androidx.compose.foundation:foundation-layout-android:1.6.1) with ExtractAarTransform
Transforming foundation-layout-release.aar (androidx.compose.foundation:foundation-layout-android:1.6.1) with AarTransform
Transforming foundation-release.aar (androidx.compose.foundation:foundation-android:1.6.1) with JetifyTransform
Transforming foundation-release.aar (androidx.compose.foundation:foundation-android:1.6.1) with ExtractAarTransform
Transforming foundation-release.aar (androidx.compose.foundation:foundation-android:1.6.1) with AarTransform
Transforming ui-unit-release.aar (androidx.compose.ui:ui-unit-android:1.6.1) with JetifyTransform
Transforming ui-unit-release.aar (androidx.compose.ui:ui-unit-android:1.6.1) with ExtractAarTransform
Transforming ui-unit-release.aar (androidx.compose.ui:ui-unit-android:1.6.1) with AarTransform
Transforming ui-geometry-release.aar (androidx.compose.ui:ui-geometry-android:1.6.1) with JetifyTransform
Transforming ui-geometry-release.aar (androidx.compose.ui:ui-geometry-android:1.6.1) with ExtractAarTransform
Transforming ui-geometry-release.aar (androidx.compose.ui:ui-geometry-android:1.6.1) with AarTransform
Transforming ui-util-release.aar (androidx.compose.ui:ui-util-android:1.6.1) with JetifyTransform
Transforming ui-util-release.aar (androidx.compose.ui:ui-util-android:1.6.1) with ExtractAarTransform
Transforming ui-util-release.aar (androidx.compose.ui:ui-util-android:1.6.1) with AarTransform
Transforming ui-text-release.aar (androidx.compose.ui:ui-text-android:1.6.1) with JetifyTransform
Transforming ui-text-release.aar (androidx.compose.ui:ui-text-android:1.6.1) with ExtractAarTransform
Transforming ui-text-release.aar (androidx.compose.ui:ui-text-android:1.6.1) with AarTransform
Transforming ui-tooling-preview-release.aar (androidx.compose.ui:ui-tooling-preview-android:1.6.1) with JetifyTransform
Transforming ui-tooling-preview-release.aar (androidx.compose.ui:ui-tooling-preview-android:1.6.1) with ExtractAarTransform
Transforming ui-tooling-preview-release.aar (androidx.compose.ui:ui-tooling-preview-android:1.6.1) with AarTransform
Transforming ui-graphics-release.aar (androidx.compose.ui:ui-graphics-android:1.6.1) with JetifyTransform
Transforming ui-graphics-release.aar (androidx.compose.ui:ui-graphics-android:1.6.1) with ExtractAarTransform
Transforming ui-graphics-release.aar (androidx.compose.ui:ui-graphics-android:1.6.1) with AarTransform
Transforming runtime-saveable-release.aar (androidx.compose.runtime:runtime-saveable-android:1.6.1) with JetifyTransform
Transforming runtime-saveable-release.aar (androidx.compose.runtime:runtime-saveable-android:1.6.1) with ExtractAarTransform
Transforming runtime-saveable-release.aar (androidx.compose.runtime:runtime-saveable-android:1.6.1) with AarTransform
Transforming runtime-release.aar (androidx.compose.runtime:runtime-android:1.6.1) with JetifyTransform
Transforming runtime-release.aar (androidx.compose.runtime:runtime-android:1.6.1) with ExtractAarTransform
Transforming runtime-release.aar (androidx.compose.runtime:runtime-android:1.6.1) with AarTransform
Transforming runtime-livedata-1.6.1.aar (androidx.compose.runtime:runtime-livedata:1.6.1) with JetifyTransform
Transforming runtime-livedata-1.6.1.aar (androidx.compose.runtime:runtime-livedata:1.6.1) with ExtractAarTransform
Transforming runtime-livedata-1.6.1.aar (androidx.compose.runtime:runtime-livedata:1.6.1) with AarTransform
Transforming hilt-android-2.49.aar (com.google.dagger:hilt-android:2.49) with JetifyTransform
Transforming hilt-android-2.49.aar (com.google.dagger:hilt-android:2.49) with ExtractAarTransform
Transforming hilt-android-2.49.aar (com.google.dagger:hilt-android:2.49) with AarTransform
Transforming play-services-tasks-18.0.2.aar (com.google.android.gms:play-services-tasks:18.0.2) with JetifyTransform
Transforming play-services-tasks-18.0.2.aar (com.google.android.gms:play-services-tasks:18.0.2) with ExtractAarTransform
Transforming play-services-tasks-18.0.2.aar (com.google.android.gms:play-services-tasks:18.0.2) with AarTransform
Transforming play-services-tasks-18.0.2.aar (com.google.android.gms:play-services-tasks:18.0.2) with JetifyTransform
Transforming play-services-tasks-18.0.2.aar (com.google.android.gms:play-services-tasks:18.0.2) with ExtractAarTransform
Transforming play-services-tasks-18.0.2.aar (com.google.android.gms:play-services-tasks:18.0.2) with AarTransform
Transforming play-services-tasks-18.0.2.aar (com.google.android.gms:play-services-tasks:18.0.2) with JetifyTransform
Transforming play-services-tasks-18.0.2.aar (com.google.android.gms:play-services-tasks:18.0.2) with ExtractAarTransform
Transforming play-services-tasks-18.0.2.aar (com.google.android.gms:play-services-tasks:18.0.2) with AarTransform
Transforming play-services-ads-base-22.6.0.aar (com.google.android.gms:play-services-ads-base:22.6.0) with JetifyTransform
Transforming play-services-ads-base-22.6.0.aar (com.google.android.gms:play-services-ads-base:22.6.0) with ExtractAarTransform
Transforming play-services-ads-base-22.6.0.aar (com.google.android.gms:play-services-ads-base:22.6.0) with AarTransform
Transforming play-services-ads-base-22.6.0.aar (com.google.android.gms:play-services-ads-base:22.6.0) with JetifyTransform
Transforming play-services-ads-base-22.6.0.aar (com.google.android.gms:play-services-ads-base:22.6.0) with ExtractAarTransform
Transforming play-services-ads-base-22.6.0.aar (com.google.android.gms:play-services-ads-base:22.6.0) with AarTransform
Transforming user-messaging-platform-2.1.0.aar (com.google.android.ump:user-messaging-platform:2.1.0) with JetifyTransform
Transforming user-messaging-platform-2.1.0.aar (com.google.android.ump:user-messaging-platform:2.1.0) with ExtractAarTransform
Transforming user-messaging-platform-2.1.0.aar (com.google.android.ump:user-messaging-platform:2.1.0) with AarTransform
Transforming play-services-ads-identifier-18.0.0.aar (com.google.android.gms:play-services-ads-identifier:18.0.0) with JetifyTransform
Caching disabled for AarTransform: C:\Users\user\.gradle\caches\transforms-3\f0f9ccfae522ac4dd97fb98b3f926856\transformed\appcompat-1.6.1 because:
  Build cache is disabled
Transforming play-services-ads-identifier-18.0.0.aar (com.google.android.gms:play-services-ads-identifier:18.0.0) with ExtractAarTransform
Transforming play-services-ads-identifier-18.0.0.aar (com.google.android.gms:play-services-ads-identifier:18.0.0) with AarTransform
Transforming play-services-ads-identifier-18.0.0.aar (com.google.android.gms:play-services-ads-identifier:18.0.0) with JetifyTransform
Transforming play-services-ads-identifier-18.0.0.aar (com.google.android.gms:play-services-ads-identifier:18.0.0) with ExtractAarTransform
Transforming play-services-ads-identifier-18.0.0.aar (com.google.android.gms:play-services-ads-identifier:18.0.0) with AarTransform
Transforming play-services-measurement-sdk-api-20.1.2.aar (com.google.android.gms:play-services-measurement-sdk-api:20.1.2) with JetifyTransform
Transforming play-services-measurement-sdk-api-20.1.2.aar (com.google.android.gms:play-services-measurement-sdk-api:20.1.2) with ExtractAarTransform
Transforming play-services-measurement-sdk-api-20.1.2.aar (com.google.android.gms:play-services-measurement-sdk-api:20.1.2) with AarTransform
Transforming play-services-measurement-base-20.1.2.aar (com.google.android.gms:play-services-measurement-base:20.1.2) with JetifyTransform
Transforming play-services-measurement-base-20.1.2.aar (com.google.android.gms:play-services-measurement-base:20.1.2) with ExtractAarTransform
Transforming play-services-measurement-base-20.1.2.aar (com.google.android.gms:play-services-measurement-base:20.1.2) with AarTransform
Transforming play-services-basement-18.2.0.aar (com.google.android.gms:play-services-basement:18.2.0) with JetifyTransform
Skipping AarTransform: C:\Users\user\.gradle\caches\transforms-3\f0f9ccfae522ac4dd97fb98b3f926856\transformed\appcompat-1.6.1 as it is up-to-date.
Transforming play-services-basement-18.2.0.aar (com.google.android.gms:play-services-basement:18.2.0) with ExtractAarTransform
Transforming play-services-basement-18.2.0.aar (com.google.android.gms:play-services-basement:18.2.0) with AarTransform
Transforming play-services-basement-18.2.0.aar (com.google.android.gms:play-services-basement:18.2.0) with JetifyTransform
Transforming play-services-basement-18.2.0.aar (com.google.android.gms:play-services-basement:18.2.0) with ExtractAarTransform
Transforming play-services-basement-18.2.0.aar (com.google.android.gms:play-services-basement:18.2.0) with AarTransform
Transforming play-services-basement-18.2.0.aar (com.google.android.gms:play-services-basement:18.2.0) with JetifyTransform
Transforming play-services-basement-18.2.0.aar (com.google.android.gms:play-services-basement:18.2.0) with ExtractAarTransform
Transforming play-services-basement-18.2.0.aar (com.google.android.gms:play-services-basement:18.2.0) with AarTransform
Transforming play-services-basement-18.2.0.aar (com.google.android.gms:play-services-basement:18.2.0) with JetifyTransform
Transforming play-services-basement-18.2.0.aar (com.google.android.gms:play-services-basement:18.2.0) with ExtractAarTransform
Transforming play-services-basement-18.2.0.aar (com.google.android.gms:play-services-basement:18.2.0) with AarTransform
Transforming play-services-basement-18.2.0.aar (com.google.android.gms:play-services-basement:18.2.0) with JetifyTransform
Transforming play-services-basement-18.2.0.aar (com.google.android.gms:play-services-basement:18.2.0) with ExtractAarTransform
Transforming play-services-basement-18.2.0.aar (com.google.android.gms:play-services-basement:18.2.0) with AarTransform
Transforming play-services-basement-18.2.0.aar (com.google.android.gms:play-services-basement:18.2.0) with JetifyTransform
Transforming play-services-basement-18.2.0.aar (com.google.android.gms:play-services-basement:18.2.0) with ExtractAarTransform
Transforming play-services-basement-18.2.0.aar (com.google.android.gms:play-services-basement:18.2.0) with AarTransform
Transforming play-services-basement-18.2.0.aar (com.google.android.gms:play-services-basement:18.2.0) with JetifyTransform
Transforming play-services-basement-18.2.0.aar (com.google.android.gms:play-services-basement:18.2.0) with ExtractAarTransform
Transforming play-services-basement-18.2.0.aar (com.google.android.gms:play-services-basement:18.2.0) with AarTransform
Transforming play-services-basement-18.2.0.aar (com.google.android.gms:play-services-basement:18.2.0) with JetifyTransform
Transforming play-services-basement-18.2.0.aar (com.google.android.gms:play-services-basement:18.2.0) with ExtractAarTransform
Transforming play-services-basement-18.2.0.aar (com.google.android.gms:play-services-basement:18.2.0) with AarTransform
Transforming play-services-basement-18.2.0.aar (com.google.android.gms:play-services-basement:18.2.0) with JetifyTransform
Transforming play-services-basement-18.2.0.aar (com.google.android.gms:play-services-basement:18.2.0) with ExtractAarTransform
Transforming play-services-basement-18.2.0.aar (com.google.android.gms:play-services-basement:18.2.0) with AarTransform
Transforming play-services-basement-18.2.0.aar (com.google.android.gms:play-services-basement:18.2.0) with JetifyTransform
Transforming play-services-basement-18.2.0.aar (com.google.android.gms:play-services-basement:18.2.0) with ExtractAarTransform
Transforming play-services-basement-18.2.0.aar (com.google.android.gms:play-services-basement:18.2.0) with AarTransform
Transforming fragment-1.5.1.aar (androidx.fragment:fragment:1.5.1) with JetifyTransform
Transforming fragment-1.5.1.aar (androidx.fragment:fragment:1.5.1) with ExtractAarTransform
Transforming fragment-1.5.1.aar (androidx.fragment:fragment:1.5.1) with AarTransform
Transforming fragment-1.5.1.aar (androidx.fragment:fragment:1.5.1) with JetifyTransform
Caching disabled for AarTransform: C:\Users\user\.gradle\caches\transforms-3\c589b80479df8889d96e60fd7d9c5d2b\transformed\transition-1.2.0 because:
  Build cache is disabled
Transforming fragment-1.5.1.aar (androidx.fragment:fragment:1.5.1) with ExtractAarTransform
Skipping AarTransform: C:\Users\user\.gradle\caches\transforms-3\c589b80479df8889d96e60fd7d9c5d2b\transformed\transition-1.2.0 as it is up-to-date.
Caching disabled for AarTransform: C:\Users\user\.gradle\caches\transforms-3\c91da17cc1cab4ba2d28b8a00826b7a4\transformed\vectordrawable-animated-1.1.0 because:
  Build cache is disabled
Caching disabled for AarTransform: C:\Users\user\.gradle\caches\transforms-3\2619ed40ef3fa7bd0956e04ee7e7a9f1\transformed\vectordrawable-1.1.0 because:
  Build cache is disabled
Transforming fragment-1.5.1.aar (androidx.fragment:fragment:1.5.1) with AarTransform
Transforming fragment-1.5.1.aar (androidx.fragment:fragment:1.5.1) with JetifyTransform
Transforming fragment-1.5.1.aar (androidx.fragment:fragment:1.5.1) with ExtractAarTransform
Transforming fragment-1.5.1.aar (androidx.fragment:fragment:1.5.1) with AarTransform
Transforming fragment-1.5.1.aar (androidx.fragment:fragment:1.5.1) with JetifyTransform
Transforming fragment-1.5.1.aar (androidx.fragment:fragment:1.5.1) with ExtractAarTransform
Transforming fragment-1.5.1.aar (androidx.fragment:fragment:1.5.1) with AarTransform
Transforming emoji2-views-helper-1.3.0.aar (androidx.emoji2:emoji2-views-helper:1.3.0) with JetifyTransform
Transforming emoji2-views-helper-1.3.0.aar (androidx.emoji2:emoji2-views-helper:1.3.0) with ExtractAarTransform
Transforming emoji2-views-helper-1.3.0.aar (androidx.emoji2:emoji2-views-helper:1.3.0) with AarTransform
Transforming emoji2-1.3.0.aar (androidx.emoji2:emoji2:1.3.0) with JetifyTransform
Transforming emoji2-1.3.0.aar (androidx.emoji2:emoji2:1.3.0) with ExtractAarTransform
Transforming emoji2-1.3.0.aar (androidx.emoji2:emoji2:1.3.0) with AarTransform
Transforming lifecycle-process-2.7.0.aar (androidx.lifecycle:lifecycle-process:2.7.0) with JetifyTransform
Transforming lifecycle-process-2.7.0.aar (androidx.lifecycle:lifecycle-process:2.7.0) with ExtractAarTransform
Transforming lifecycle-process-2.7.0.aar (androidx.lifecycle:lifecycle-process:2.7.0) with AarTransform
Transforming lifecycle-service-2.7.0.aar (androidx.lifecycle:lifecycle-service:2.7.0) with JetifyTransform
Transforming lifecycle-service-2.7.0.aar (androidx.lifecycle:lifecycle-service:2.7.0) with ExtractAarTransform
Transforming lifecycle-service-2.7.0.aar (androidx.lifecycle:lifecycle-service:2.7.0) with AarTransform
Transforming lifecycle-livedata-core-ktx-2.7.0.aar (androidx.lifecycle:lifecycle-livedata-core-ktx:2.7.0) with JetifyTransform
Transforming lifecycle-livedata-core-ktx-2.7.0.aar (androidx.lifecycle:lifecycle-livedata-core-ktx:2.7.0) with ExtractAarTransform
Transforming lifecycle-livedata-core-ktx-2.7.0.aar (androidx.lifecycle:lifecycle-livedata-core-ktx:2.7.0) with AarTransform
Transforming lifecycle-livedata-ktx-2.7.0.aar (androidx.lifecycle:lifecycle-livedata-ktx:2.7.0) with JetifyTransform
Transforming lifecycle-livedata-ktx-2.7.0.aar (androidx.lifecycle:lifecycle-livedata-ktx:2.7.0) with ExtractAarTransform
Transforming lifecycle-livedata-ktx-2.7.0.aar (androidx.lifecycle:lifecycle-livedata-ktx:2.7.0) with AarTransform
Caching disabled for AarTransform: C:\Users\user\.gradle\caches\transforms-3\6ed70369f3cbd7b6be9f1b6bf7536159\transformed\jetified-play-services-appset-16.0.1 because:
  Build cache is disabled
Skipping AarTransform: C:\Users\user\.gradle\caches\transforms-3\6ed70369f3cbd7b6be9f1b6bf7536159\transformed\jetified-play-services-appset-16.0.1 as it is up-to-date.
Caching disabled for AarTransform: C:\Users\user\.gradle\caches\transforms-3\529160eccf25a2390ccb8db066af0ebf\transformed\jetified-hilt-navigation-compose-1.1.0 because:
  Build cache is disabled
Skipping AarTransform: C:\Users\user\.gradle\caches\transforms-3\529160eccf25a2390ccb8db066af0ebf\transformed\jetified-hilt-navigation-compose-1.1.0 as it is up-to-date.
Skipping AarTransform: C:\Users\user\.gradle\caches\transforms-3\c91da17cc1cab4ba2d28b8a00826b7a4\transformed\vectordrawable-animated-1.1.0 as it is up-to-date.
Transforming lifecycle-livedata-core-2.7.0.aar (androidx.lifecycle:lifecycle-livedata-core:2.7.0) with JetifyTransform
Skipping AarTransform: C:\Users\user\.gradle\caches\transforms-3\2619ed40ef3fa7bd0956e04ee7e7a9f1\transformed\vectordrawable-1.1.0 as it is up-to-date.
Transforming lifecycle-livedata-core-2.7.0.aar (androidx.lifecycle:lifecycle-livedata-core:2.7.0) with ExtractAarTransform
Transforming lifecycle-livedata-core-2.7.0.aar (androidx.lifecycle:lifecycle-livedata-core:2.7.0) with AarTransform
Transforming legacy-support-core-utils-1.0.0.aar (androidx.legacy:legacy-support-core-utils:1.0.0) with JetifyTransform
Transforming legacy-support-core-utils-1.0.0.aar (androidx.legacy:legacy-support-core-utils:1.0.0) with ExtractAarTransform
Transforming legacy-support-core-utils-1.0.0.aar (androidx.legacy:legacy-support-core-utils:1.0.0) with AarTransform
Transforming loader-1.0.0.aar (androidx.loader:loader:1.0.0) with JetifyTransform
Transforming loader-1.0.0.aar (androidx.loader:loader:1.0.0) with ExtractAarTransform
Transforming loader-1.0.0.aar (androidx.loader:loader:1.0.0) with AarTransform
Transforming loader-1.0.0.aar (androidx.loader:loader:1.0.0) with JetifyTransform
Transforming loader-1.0.0.aar (androidx.loader:loader:1.0.0) with ExtractAarTransform
Transforming loader-1.0.0.aar (androidx.loader:loader:1.0.0) with AarTransform
Transforming lifecycle-livedata-2.7.0.aar (androidx.lifecycle:lifecycle-livedata:2.7.0) with JetifyTransform
Transforming lifecycle-livedata-2.7.0.aar (androidx.lifecycle:lifecycle-livedata:2.7.0) with ExtractAarTransform
Transforming lifecycle-livedata-2.7.0.aar (androidx.lifecycle:lifecycle-livedata:2.7.0) with AarTransform
Transforming lifecycle-livedata-2.7.0.aar (androidx.lifecycle:lifecycle-livedata:2.7.0) with JetifyTransform
Transforming lifecycle-livedata-2.7.0.aar (androidx.lifecycle:lifecycle-livedata:2.7.0) with ExtractAarTransform
Transforming lifecycle-livedata-2.7.0.aar (androidx.lifecycle:lifecycle-livedata:2.7.0) with AarTransform
Transforming savedstate-ktx-1.2.1.aar (androidx.savedstate:savedstate-ktx:1.2.1) with JetifyTransform
Transforming savedstate-ktx-1.2.1.aar (androidx.savedstate:savedstate-ktx:1.2.1) with ExtractAarTransform
Transforming savedstate-ktx-1.2.1.aar (androidx.savedstate:savedstate-ktx:1.2.1) with AarTransform
Transforming savedstate-1.2.1.aar (androidx.savedstate:savedstate:1.2.1) with JetifyTransform
Transforming savedstate-1.2.1.aar (androidx.savedstate:savedstate:1.2.1) with ExtractAarTransform
Transforming savedstate-1.2.1.aar (androidx.savedstate:savedstate:1.2.1) with AarTransform
Transforming lifecycle-viewmodel-savedstate-2.7.0.aar (androidx.lifecycle:lifecycle-viewmodel-savedstate:2.7.0) with JetifyTransform
Transforming lifecycle-viewmodel-savedstate-2.7.0.aar (androidx.lifecycle:lifecycle-viewmodel-savedstate:2.7.0) with ExtractAarTransform
Transforming lifecycle-viewmodel-savedstate-2.7.0.aar (androidx.lifecycle:lifecycle-viewmodel-savedstate:2.7.0) with AarTransform
Transforming lifecycle-viewmodel-ktx-2.7.0.aar (androidx.lifecycle:lifecycle-viewmodel-ktx:2.7.0) with JetifyTransform
Transforming lifecycle-viewmodel-ktx-2.7.0.aar (androidx.lifecycle:lifecycle-viewmodel-ktx:2.7.0) with ExtractAarTransform
Transforming lifecycle-viewmodel-ktx-2.7.0.aar (androidx.lifecycle:lifecycle-viewmodel-ktx:2.7.0) with AarTransform
Transforming lifecycle-viewmodel-2.7.0.aar (androidx.lifecycle:lifecycle-viewmodel:2.7.0) with JetifyTransform
Transforming lifecycle-viewmodel-2.7.0.aar (androidx.lifecycle:lifecycle-viewmodel:2.7.0) with ExtractAarTransform
Transforming lifecycle-viewmodel-2.7.0.aar (androidx.lifecycle:lifecycle-viewmodel:2.7.0) with AarTransform
Transforming lifecycle-viewmodel-2.7.0.aar (androidx.lifecycle:lifecycle-viewmodel:2.7.0) with JetifyTransform
Transforming lifecycle-viewmodel-2.7.0.aar (androidx.lifecycle:lifecycle-viewmodel:2.7.0) with ExtractAarTransform
Transforming lifecycle-viewmodel-2.7.0.aar (androidx.lifecycle:lifecycle-viewmodel:2.7.0) with AarTransform
Transforming lifecycle-runtime-2.7.0.aar (androidx.lifecycle:lifecycle-runtime:2.7.0) with JetifyTransform
Transforming lifecycle-runtime-2.7.0.aar (androidx.lifecycle:lifecycle-runtime:2.7.0) with ExtractAarTransform
Transforming lifecycle-runtime-2.7.0.aar (androidx.lifecycle:lifecycle-runtime:2.7.0) with AarTransform
Transforming lifecycle-runtime-ktx-2.7.0.aar (androidx.lifecycle:lifecycle-runtime-ktx:2.7.0) with JetifyTransform
Transforming lifecycle-runtime-ktx-2.7.0.aar (androidx.lifecycle:lifecycle-runtime-ktx:2.7.0) with ExtractAarTransform
Transforming lifecycle-runtime-ktx-2.7.0.aar (androidx.lifecycle:lifecycle-runtime-ktx:2.7.0) with AarTransform
Transforming lifecycle-viewmodel-compose-2.7.0.aar (androidx.lifecycle:lifecycle-viewmodel-compose:2.7.0) with JetifyTransform
Transforming lifecycle-viewmodel-compose-2.7.0.aar (androidx.lifecycle:lifecycle-viewmodel-compose:2.7.0) with ExtractAarTransform
Transforming lifecycle-viewmodel-compose-2.7.0.aar (androidx.lifecycle:lifecycle-viewmodel-compose:2.7.0) with AarTransform
Transforming accompanist-drawablepainter-0.32.0.aar (com.google.accompanist:accompanist-drawablepainter:0.32.0) with JetifyTransform
Transforming accompanist-drawablepainter-0.32.0.aar (com.google.accompanist:accompanist-drawablepainter:0.32.0) with ExtractAarTransform
Transforming accompanist-drawablepainter-0.32.0.aar (com.google.accompanist:accompanist-drawablepainter:0.32.0) with AarTransform
Transforming ui-release.aar (androidx.compose.ui:ui-android:1.6.1) with JetifyTransform
Transforming ui-release.aar (androidx.compose.ui:ui-android:1.6.1) with ExtractAarTransform
Transforming ui-release.aar (androidx.compose.ui:ui-android:1.6.1) with AarTransform
Transforming activity-ktx-1.8.2.aar (androidx.activity:activity-ktx:1.8.2) with JetifyTransform
Transforming activity-ktx-1.8.2.aar (androidx.activity:activity-ktx:1.8.2) with ExtractAarTransform
Transforming activity-ktx-1.8.2.aar (androidx.activity:activity-ktx:1.8.2) with AarTransform
Transforming activity-compose-1.8.2.aar (androidx.activity:activity-compose:1.8.2) with JetifyTransform
Transforming activity-compose-1.8.2.aar (androidx.activity:activity-compose:1.8.2) with ExtractAarTransform
Transforming activity-compose-1.8.2.aar (androidx.activity:activity-compose:1.8.2) with AarTransform
Transforming activity-1.8.2.aar (androidx.activity:activity:1.8.2) with JetifyTransform
Transforming activity-1.8.2.aar (androidx.activity:activity:1.8.2) with ExtractAarTransform
Transforming activity-1.8.2.aar (androidx.activity:activity:1.8.2) with AarTransform
Transforming exoplayer-2.19.1.aar (com.google.android.exoplayer:exoplayer:2.19.1) with JetifyTransform
Transforming exoplayer-2.19.1.aar (com.google.android.exoplayer:exoplayer:2.19.1) with ExtractAarTransform
Transforming exoplayer-2.19.1.aar (com.google.android.exoplayer:exoplayer:2.19.1) with AarTransform
Transforming exoplayer-dash-2.19.1.aar (com.google.android.exoplayer:exoplayer-dash:2.19.1) with JetifyTransform
Transforming exoplayer-dash-2.19.1.aar (com.google.android.exoplayer:exoplayer-dash:2.19.1) with ExtractAarTransform
Transforming exoplayer-dash-2.19.1.aar (com.google.android.exoplayer:exoplayer-dash:2.19.1) with AarTransform
Transforming exoplayer-hls-2.19.1.aar (com.google.android.exoplayer:exoplayer-hls:2.19.1) with JetifyTransform
Transforming exoplayer-hls-2.19.1.aar (com.google.android.exoplayer:exoplayer-hls:2.19.1) with ExtractAarTransform
Transforming exoplayer-hls-2.19.1.aar (com.google.android.exoplayer:exoplayer-hls:2.19.1) with AarTransform
Transforming exoplayer-rtsp-2.19.1.aar (com.google.android.exoplayer:exoplayer-rtsp:2.19.1) with JetifyTransform
Transforming exoplayer-rtsp-2.19.1.aar (com.google.android.exoplayer:exoplayer-rtsp:2.19.1) with ExtractAarTransform
Transforming exoplayer-rtsp-2.19.1.aar (com.google.android.exoplayer:exoplayer-rtsp:2.19.1) with AarTransform
Transforming exoplayer-smoothstreaming-2.19.1.aar (com.google.android.exoplayer:exoplayer-smoothstreaming:2.19.1) with JetifyTransform
Transforming exoplayer-smoothstreaming-2.19.1.aar (com.google.android.exoplayer:exoplayer-smoothstreaming:2.19.1) with ExtractAarTransform
Transforming exoplayer-smoothstreaming-2.19.1.aar (com.google.android.exoplayer:exoplayer-smoothstreaming:2.19.1) with AarTransform
Transforming exoplayer-core-2.19.1.aar (com.google.android.exoplayer:exoplayer-core:2.19.1) with JetifyTransform
Transforming exoplayer-core-2.19.1.aar (com.google.android.exoplayer:exoplayer-core:2.19.1) with ExtractAarTransform
Transforming exoplayer-core-2.19.1.aar (com.google.android.exoplayer:exoplayer-core:2.19.1) with AarTransform
Transforming exoplayer-ui-2.19.1.aar (com.google.android.exoplayer:exoplayer-ui:2.19.1) with JetifyTransform
Transforming exoplayer-ui-2.19.1.aar (com.google.android.exoplayer:exoplayer-ui:2.19.1) with ExtractAarTransform
Transforming exoplayer-ui-2.19.1.aar (com.google.android.exoplayer:exoplayer-ui:2.19.1) with AarTransform
Transforming recyclerview-1.3.0.aar (androidx.recyclerview:recyclerview:1.3.0) with JetifyTransform
Transforming recyclerview-1.3.0.aar (androidx.recyclerview:recyclerview:1.3.0) with ExtractAarTransform
Transforming recyclerview-1.3.0.aar (androidx.recyclerview:recyclerview:1.3.0) with AarTransform
Transforming recyclerview-1.3.0.aar (androidx.recyclerview:recyclerview:1.3.0) with JetifyTransform
Transforming recyclerview-1.3.0.aar (androidx.recyclerview:recyclerview:1.3.0) with ExtractAarTransform
Transforming recyclerview-1.3.0.aar (androidx.recyclerview:recyclerview:1.3.0) with AarTransform
Caching disabled for AarTransform: C:\Users\user\.gradle\caches\transforms-3\cb4e1830d0316264aa08d7cecb5d49a4\transformed\jetified-play-services-ads-22.6.0 because:
  Build cache is disabled
Transforming media-1.6.0.aar (androidx.media:media:1.6.0) with JetifyTransform
Skipping AarTransform: C:\Users\user\.gradle\caches\transforms-3\cb4e1830d0316264aa08d7cecb5d49a4\transformed\jetified-play-services-ads-22.6.0 as it is up-to-date.
Transforming media-1.6.0.aar (androidx.media:media:1.6.0) with ExtractAarTransform
Transforming media-1.6.0.aar (androidx.media:media:1.6.0) with AarTransform
Transforming browser-1.4.0.aar (androidx.browser:browser:1.4.0) with JetifyTransform
Transforming browser-1.4.0.aar (androidx.browser:browser:1.4.0) with ExtractAarTransform
Transforming browser-1.4.0.aar (androidx.browser:browser:1.4.0) with AarTransform
Transforming viewpager-1.0.0.aar (androidx.viewpager:viewpager:1.0.0) with JetifyTransform
Transforming viewpager-1.0.0.aar (androidx.viewpager:viewpager:1.0.0) with ExtractAarTransform
Transforming viewpager-1.0.0.aar (androidx.viewpager:viewpager:1.0.0) with AarTransform
Transforming customview-1.1.0.aar (androidx.customview:customview:1.1.0) with JetifyTransform
Transforming customview-1.1.0.aar (androidx.customview:customview:1.1.0) with ExtractAarTransform
Transforming customview-1.1.0.aar (androidx.customview:customview:1.1.0) with AarTransform
Transforming customview-1.1.0.aar (androidx.customview:customview:1.1.0) with JetifyTransform
Transforming customview-1.1.0.aar (androidx.customview:customview:1.1.0) with ExtractAarTransform
Transforming customview-1.1.0.aar (androidx.customview:customview:1.1.0) with AarTransform
Transforming customview-1.1.0.aar (androidx.customview:customview:1.1.0) with JetifyTransform
Transforming customview-1.1.0.aar (androidx.customview:customview:1.1.0) with ExtractAarTransform
Transforming customview-1.1.0.aar (androidx.customview:customview:1.1.0) with AarTransform
Transforming customview-1.1.0.aar (androidx.customview:customview:1.1.0) with JetifyTransform
Transforming customview-1.1.0.aar (androidx.customview:customview:1.1.0) with ExtractAarTransform
Transforming customview-1.1.0.aar (androidx.customview:customview:1.1.0) with AarTransform
Transforming autofill-1.0.0.aar (androidx.autofill:autofill:1.0.0) with JetifyTransform
Transforming autofill-1.0.0.aar (androidx.autofill:autofill:1.0.0) with ExtractAarTransform
Transforming autofill-1.0.0.aar (androidx.autofill:autofill:1.0.0) with AarTransform
Transforming core-1.12.0.aar (androidx.core:core:1.12.0) with JetifyTransform
Transforming core-1.12.0.aar (androidx.core:core:1.12.0) with ExtractAarTransform
Transforming core-1.12.0.aar (androidx.core:core:1.12.0) with AarTransform
Transforming core-1.12.0.aar (androidx.core:core:1.12.0) with JetifyTransform
Transforming core-1.12.0.aar (androidx.core:core:1.12.0) with ExtractAarTransform
Transforming core-1.12.0.aar (androidx.core:core:1.12.0) with AarTransform
Transforming core-1.12.0.aar (androidx.core:core:1.12.0) with JetifyTransform
Transforming core-1.12.0.aar (androidx.core:core:1.12.0) with ExtractAarTransform
Transforming core-1.12.0.aar (androidx.core:core:1.12.0) with AarTransform
Transforming core-1.12.0.aar (androidx.core:core:1.12.0) with JetifyTransform
Transforming core-1.12.0.aar (androidx.core:core:1.12.0) with ExtractAarTransform
Transforming core-1.12.0.aar (androidx.core:core:1.12.0) with AarTransform
Transforming core-1.12.0.aar (androidx.core:core:1.12.0) with JetifyTransform
Transforming core-1.12.0.aar (androidx.core:core:1.12.0) with ExtractAarTransform
Transforming core-1.12.0.aar (androidx.core:core:1.12.0) with AarTransform
Transforming core-1.12.0.aar (androidx.core:core:1.12.0) with JetifyTransform
Transforming core-1.12.0.aar (androidx.core:core:1.12.0) with ExtractAarTransform
Transforming core-1.12.0.aar (androidx.core:core:1.12.0) with AarTransform
Transforming core-1.12.0.aar (androidx.core:core:1.12.0) with JetifyTransform
Transforming core-1.12.0.aar (androidx.core:core:1.12.0) with ExtractAarTransform
Transforming core-1.12.0.aar (androidx.core:core:1.12.0) with AarTransform
Transforming core-1.12.0.aar (androidx.core:core:1.12.0) with JetifyTransform
Transforming core-1.12.0.aar (androidx.core:core:1.12.0) with ExtractAarTransform
Transforming core-1.12.0.aar (androidx.core:core:1.12.0) with AarTransform
Transforming core-1.12.0.aar (androidx.core:core:1.12.0) with JetifyTransform
Transforming core-1.12.0.aar (androidx.core:core:1.12.0) with ExtractAarTransform
Transforming core-1.12.0.aar (androidx.core:core:1.12.0) with AarTransform
Transforming core-1.12.0.aar (androidx.core:core:1.12.0) with JetifyTransform
Transforming core-1.12.0.aar (androidx.core:core:1.12.0) with ExtractAarTransform
Transforming core-1.12.0.aar (androidx.core:core:1.12.0) with AarTransform
Transforming core-1.12.0.aar (androidx.core:core:1.12.0) with JetifyTransform
Transforming core-1.12.0.aar (androidx.core:core:1.12.0) with ExtractAarTransform
Transforming core-1.12.0.aar (androidx.core:core:1.12.0) with AarTransform
Transforming core-1.12.0.aar (androidx.core:core:1.12.0) with JetifyTransform
Transforming core-1.12.0.aar (androidx.core:core:1.12.0) with ExtractAarTransform
Transforming core-1.12.0.aar (androidx.core:core:1.12.0) with AarTransform
Transforming core-1.12.0.aar (androidx.core:core:1.12.0) with JetifyTransform
Transforming core-1.12.0.aar (androidx.core:core:1.12.0) with ExtractAarTransform
Transforming core-1.12.0.aar (androidx.core:core:1.12.0) with AarTransform
Transforming core-1.12.0.aar (androidx.core:core:1.12.0) with JetifyTransform
Transforming core-1.12.0.aar (androidx.core:core:1.12.0) with ExtractAarTransform
Transforming core-1.12.0.aar (androidx.core:core:1.12.0) with AarTransform
Transforming core-1.12.0.aar (androidx.core:core:1.12.0) with JetifyTransform
Transforming core-1.12.0.aar (androidx.core:core:1.12.0) with ExtractAarTransform
Transforming core-1.12.0.aar (androidx.core:core:1.12.0) with AarTransform
Transforming ads-adservices-java-1.0.0-beta05.aar (androidx.privacysandbox.ads:ads-adservices-java:1.0.0-beta05) with JetifyTransform
Transforming ads-adservices-java-1.0.0-beta05.aar (androidx.privacysandbox.ads:ads-adservices-java:1.0.0-beta05) with ExtractAarTransform
Transforming ads-adservices-java-1.0.0-beta05.aar (androidx.privacysandbox.ads:ads-adservices-java:1.0.0-beta05) with AarTransform
Transforming ads-adservices-1.0.0-beta05.aar (androidx.privacysandbox.ads:ads-adservices:1.0.0-beta05) with JetifyTransform
Transforming ads-adservices-1.0.0-beta05.aar (androidx.privacysandbox.ads:ads-adservices:1.0.0-beta05) with ExtractAarTransform
Transforming ads-adservices-1.0.0-beta05.aar (androidx.privacysandbox.ads:ads-adservices:1.0.0-beta05) with AarTransform
Transforming ads-adservices-1.0.0-beta05.aar (androidx.privacysandbox.ads:ads-adservices:1.0.0-beta05) with JetifyTransform
Transforming ads-adservices-1.0.0-beta05.aar (androidx.privacysandbox.ads:ads-adservices:1.0.0-beta05) with ExtractAarTransform
Transforming ads-adservices-1.0.0-beta05.aar (androidx.privacysandbox.ads:ads-adservices:1.0.0-beta05) with AarTransform
Transforming customview-poolingcontainer-1.0.0.aar (androidx.customview:customview-poolingcontainer:1.0.0) with JetifyTransform
Transforming customview-poolingcontainer-1.0.0.aar (androidx.customview:customview-poolingcontainer:1.0.0) with ExtractAarTransform
Transforming customview-poolingcontainer-1.0.0.aar (androidx.customview:customview-poolingcontainer:1.0.0) with AarTransform
Transforming core-ktx-1.12.0.aar (androidx.core:core-ktx:1.12.0) with JetifyTransform
Transforming core-ktx-1.12.0.aar (androidx.core:core-ktx:1.12.0) with ExtractAarTransform
Transforming core-ktx-1.12.0.aar (androidx.core:core-ktx:1.12.0) with AarTransform
Transforming flexbox-3.0.0.aar (com.google.android.flexbox:flexbox:3.0.0) with JetifyTransform
Transforming flexbox-3.0.0.aar (com.google.android.flexbox:flexbox:3.0.0) with ExtractAarTransform
Transforming flexbox-3.0.0.aar (com.google.android.flexbox:flexbox:3.0.0) with AarTransform
Transforming core-splashscreen-1.0.1.aar (androidx.core:core-splashscreen:1.0.1) with JetifyTransform
Transforming core-splashscreen-1.0.1.aar (androidx.core:core-splashscreen:1.0.1) with ExtractAarTransform
Transforming core-splashscreen-1.0.1.aar (androidx.core:core-splashscreen:1.0.1) with AarTransform
Transforming sqlite-framework-2.4.0.aar (androidx.sqlite:sqlite-framework:2.4.0) with JetifyTransform
Transforming sqlite-framework-2.4.0.aar (androidx.sqlite:sqlite-framework:2.4.0) with ExtractAarTransform
Transforming sqlite-framework-2.4.0.aar (androidx.sqlite:sqlite-framework:2.4.0) with AarTransform
Transforming sqlite-2.4.0.aar (androidx.sqlite:sqlite:2.4.0) with JetifyTransform
Transforming sqlite-2.4.0.aar (androidx.sqlite:sqlite:2.4.0) with ExtractAarTransform
Transforming sqlite-2.4.0.aar (androidx.sqlite:sqlite:2.4.0) with AarTransform
Transforming napier-release.aar (io.github.aakira:napier-android:1.4.1) with JetifyTransform
Transforming napier-release.aar (io.github.aakira:napier-android:1.4.1) with ExtractAarTransform
Caching disabled for AarTransform: C:\Users\user\.gradle\caches\transforms-3\e867abbcf77ff1131be5b6df08de5eee\transformed\navigation-runtime-ktx-2.7.6 because:
  Build cache is disabled
Transforming napier-release.aar (io.github.aakira:napier-android:1.4.1) with AarTransform
Skipping AarTransform: C:\Users\user\.gradle\caches\transforms-3\e867abbcf77ff1131be5b6df08de5eee\transformed\navigation-runtime-ktx-2.7.6 as it is up-to-date.
Transforming annotation-experimental-1.4.0.aar (androidx.annotation:annotation-experimental:1.4.0) with JetifyTransform
Transforming annotation-experimental-1.4.0.aar (androidx.annotation:annotation-experimental:1.4.0) with ExtractAarTransform
Transforming annotation-experimental-1.4.0.aar (androidx.annotation:annotation-experimental:1.4.0) with AarTransform
Transforming cursoradapter-1.0.0.aar (androidx.cursoradapter:cursoradapter:1.0.0) with JetifyTransform
Caching disabled for AarTransform: C:\Users\user\.gradle\caches\transforms-3\5c3aa40a2b81e8d14341f580c5067842\transformed\jetified-hilt-navigation-1.1.0 because:
  Build cache is disabled
Skipping AarTransform: C:\Users\user\.gradle\caches\transforms-3\5c3aa40a2b81e8d14341f580c5067842\transformed\jetified-hilt-navigation-1.1.0 as it is up-to-date.
Transforming cursoradapter-1.0.0.aar (androidx.cursoradapter:cursoradapter:1.0.0) with ExtractAarTransform
Transforming cursoradapter-1.0.0.aar (androidx.cursoradapter:cursoradapter:1.0.0) with AarTransform
Transforming cardview-1.0.0.aar (androidx.cardview:cardview:1.0.0) with JetifyTransform
Transforming cardview-1.0.0.aar (androidx.cardview:cardview:1.0.0) with ExtractAarTransform
Transforming cardview-1.0.0.aar (androidx.cardview:cardview:1.0.0) with AarTransform
Transforming core-runtime-2.2.0.aar (androidx.arch.core:core-runtime:2.2.0) with JetifyTransform
Transforming core-runtime-2.2.0.aar (androidx.arch.core:core-runtime:2.2.0) with ExtractAarTransform
Transforming core-runtime-2.2.0.aar (androidx.arch.core:core-runtime:2.2.0) with AarTransform
Transforming exoplayer-datasource-2.19.1.aar (com.google.android.exoplayer:exoplayer-datasource:2.19.1) with JetifyTransform
Transforming exoplayer-datasource-2.19.1.aar (com.google.android.exoplayer:exoplayer-datasource:2.19.1) with ExtractAarTransform
Transforming exoplayer-datasource-2.19.1.aar (com.google.android.exoplayer:exoplayer-datasource:2.19.1) with AarTransform
Transforming exoplayer-database-2.19.1.aar (com.google.android.exoplayer:exoplayer-database:2.19.1) with JetifyTransform
Transforming exoplayer-database-2.19.1.aar (com.google.android.exoplayer:exoplayer-database:2.19.1) with ExtractAarTransform
Transforming exoplayer-database-2.19.1.aar (com.google.android.exoplayer:exoplayer-database:2.19.1) with AarTransform
Transforming exoplayer-extractor-2.19.1.aar (com.google.android.exoplayer:exoplayer-extractor:2.19.1) with JetifyTransform
Transforming exoplayer-extractor-2.19.1.aar (com.google.android.exoplayer:exoplayer-extractor:2.19.1) with ExtractAarTransform
Transforming exoplayer-extractor-2.19.1.aar (com.google.android.exoplayer:exoplayer-extractor:2.19.1) with AarTransform
Transforming exoplayer-decoder-2.19.1.aar (com.google.android.exoplayer:exoplayer-decoder:2.19.1) with JetifyTransform
Transforming exoplayer-decoder-2.19.1.aar (com.google.android.exoplayer:exoplayer-decoder:2.19.1) with ExtractAarTransform
Transforming exoplayer-decoder-2.19.1.aar (com.google.android.exoplayer:exoplayer-decoder:2.19.1) with AarTransform
Transforming exoplayer-container-2.19.1.aar (com.google.android.exoplayer:exoplayer-container:2.19.1) with JetifyTransform
Transforming exoplayer-container-2.19.1.aar (com.google.android.exoplayer:exoplayer-container:2.19.1) with ExtractAarTransform
Transforming exoplayer-container-2.19.1.aar (com.google.android.exoplayer:exoplayer-container:2.19.1) with AarTransform
Transforming exoplayer-common-2.19.1.aar (com.google.android.exoplayer:exoplayer-common:2.19.1) with JetifyTransform
Transforming exoplayer-common-2.19.1.aar (com.google.android.exoplayer:exoplayer-common:2.19.1) with ExtractAarTransform
Transforming exoplayer-common-2.19.1.aar (com.google.android.exoplayer:exoplayer-common:2.19.1) with AarTransform
Transforming interpolator-1.0.0.aar (androidx.interpolator:interpolator:1.0.0) with JetifyTransform
Transforming interpolator-1.0.0.aar (androidx.interpolator:interpolator:1.0.0) with ExtractAarTransform
Transforming interpolator-1.0.0.aar (androidx.interpolator:interpolator:1.0.0) with AarTransform
Transforming interpolator-1.0.0.aar (androidx.interpolator:interpolator:1.0.0) with JetifyTransform
Transforming interpolator-1.0.0.aar (androidx.interpolator:interpolator:1.0.0) with ExtractAarTransform
Transforming interpolator-1.0.0.aar (androidx.interpolator:interpolator:1.0.0) with AarTransform
Transforming versionedparcelable-1.1.1.aar (androidx.versionedparcelable:versionedparcelable:1.1.1) with JetifyTransform
Transforming versionedparcelable-1.1.1.aar (androidx.versionedparcelable:versionedparcelable:1.1.1) with ExtractAarTransform
Transforming versionedparcelable-1.1.1.aar (androidx.versionedparcelable:versionedparcelable:1.1.1) with AarTransform
Transforming profileinstaller-1.3.1.aar (androidx.profileinstaller:profileinstaller:1.3.1) with JetifyTransform
Transforming profileinstaller-1.3.1.aar (androidx.profileinstaller:profileinstaller:1.3.1) with ExtractAarTransform
Transforming profileinstaller-1.3.1.aar (androidx.profileinstaller:profileinstaller:1.3.1) with AarTransform
Transforming startup-runtime-1.1.1.aar (androidx.startup:startup-runtime:1.1.1) with JetifyTransform
Transforming startup-runtime-1.1.1.aar (androidx.startup:startup-runtime:1.1.1) with ExtractAarTransform
Transforming startup-runtime-1.1.1.aar (androidx.startup:startup-runtime:1.1.1) with AarTransform
Transforming tracing-1.0.0.aar (androidx.tracing:tracing:1.0.0) with JetifyTransform
Transforming tracing-1.0.0.aar (androidx.tracing:tracing:1.0.0) with ExtractAarTransform
Transforming tracing-1.0.0.aar (androidx.tracing:tracing:1.0.0) with AarTransform
Transforming documentfile-1.0.0.aar (androidx.documentfile:documentfile:1.0.0) with JetifyTransform
Transforming documentfile-1.0.0.aar (androidx.documentfile:documentfile:1.0.0) with ExtractAarTransform
Transforming documentfile-1.0.0.aar (androidx.documentfile:documentfile:1.0.0) with AarTransform
Transforming localbroadcastmanager-1.0.0.aar (androidx.localbroadcastmanager:localbroadcastmanager:1.0.0) with JetifyTransform
Transforming localbroadcastmanager-1.0.0.aar (androidx.localbroadcastmanager:localbroadcastmanager:1.0.0) with ExtractAarTransform
Transforming localbroadcastmanager-1.0.0.aar (androidx.localbroadcastmanager:localbroadcastmanager:1.0.0) with AarTransform
Transforming print-1.0.0.aar (androidx.print:print:1.0.0) with JetifyTransform
Transforming print-1.0.0.aar (androidx.print:print:1.0.0) with ExtractAarTransform
Transforming print-1.0.0.aar (androidx.print:print:1.0.0) with AarTransform
Transforming exifinterface-1.3.6.aar (androidx.exifinterface:exifinterface:1.3.6) with JetifyTransform
Transforming exifinterface-1.3.6.aar (androidx.exifinterface:exifinterface:1.3.6) with ExtractAarTransform
Transforming exifinterface-1.3.6.aar (androidx.exifinterface:exifinterface:1.3.6) with AarTransform
Transforming volley-1.2.1.aar (com.android.volley:volley:1.2.1) with JetifyTransform
Transforming volley-1.2.1.aar (com.android.volley:volley:1.2.1) with ExtractAarTransform
Transforming volley-1.2.1.aar (com.android.volley:volley:1.2.1) with AarTransform
Transforming Android-Image-Slider-1.4.0.aar (com.github.smarteist:Android-Image-Slider:1.4.0) with JetifyTransform
Transforming Android-Image-Slider-1.4.0.aar (com.github.smarteist:Android-Image-Slider:1.4.0) with ExtractAarTransform
Caching disabled for AarTransform: C:\Users\user\.gradle\caches\transforms-3\0f46e4ccc0eeb6bdb32e10768693dbb1\transformed\navigation-common-2.7.6 because:
  Build cache is disabled
Transforming Android-Image-Slider-1.4.0.aar (com.github.smarteist:Android-Image-Slider:1.4.0) with AarTransform
Caching disabled for AarTransform: C:\Users\user\.gradle\caches\transforms-3\72921219f6734e39e36ce1ab1aad6d03\transformed\navigation-common-ktx-2.7.6 because:
  Build cache is disabled
Skipping AarTransform: C:\Users\user\.gradle\caches\transforms-3\0f46e4ccc0eeb6bdb32e10768693dbb1\transformed\navigation-common-2.7.6 as it is up-to-date.
Transforming circleimageview-3.1.0.aar (de.hdodenhof:circleimageview:3.1.0) with JetifyTransform
Transforming circleimageview-3.1.0.aar (de.hdodenhof:circleimageview:3.1.0) with ExtractAarTransform
Transforming circleimageview-3.1.0.aar (de.hdodenhof:circleimageview:3.1.0) with AarTransform
Transforming dagger-lint-aar-2.49.aar (com.google.dagger:dagger-lint-aar:2.49) with JetifyTransform
Transforming dagger-lint-aar-2.49.aar (com.google.dagger:dagger-lint-aar:2.49) with ExtractAarTransform
Skipping AarTransform: C:\Users\user\.gradle\caches\transforms-3\72921219f6734e39e36ce1ab1aad6d03\transformed\navigation-common-ktx-2.7.6 as it is up-to-date.
Transforming dagger-lint-aar-2.49.aar (com.google.dagger:dagger-lint-aar:2.49) with AarTransform
Caching disabled for AarTransform: C:\Users\user\.gradle\caches\transforms-3\3ce319f41dad2e0f26341deb50e79fea\transformed\navigation-runtime-2.7.6 because:
  Build cache is disabled
Skipping AarTransform: C:\Users\user\.gradle\caches\transforms-3\3ce319f41dad2e0f26341deb50e79fea\transformed\navigation-runtime-2.7.6 as it is up-to-date.
Caching disabled for AarTransform: C:\Users\user\.gradle\caches\transforms-3\f60bd6a2f18e5772f3e63663a99cb4e1\transformed\jetified-accompanist-permissions-0.32.0 because:
  Build cache is disabled
Skipping AarTransform: C:\Users\user\.gradle\caches\transforms-3\f60bd6a2f18e5772f3e63663a99cb4e1\transformed\jetified-accompanist-permissions-0.32.0 as it is up-to-date.
Caching disabled for AarTransform: C:\Users\user\.gradle\caches\transforms-3\ae35f69c27c9ae25ab61f505d1c73246\transformed\jetified-navigation-compose-2.7.6 because:
  Build cache is disabled
Skipping AarTransform: C:\Users\user\.gradle\caches\transforms-3\ae35f69c27c9ae25ab61f505d1c73246\transformed\jetified-navigation-compose-2.7.6 as it is up-to-date.
Caching disabled for AarTransform: C:\Users\user\.gradle\caches\transforms-3\48cbbb2a7e04ed4bd14f5ee9909e7333\transformed\jetified-room-paging-2.6.1 because:
  Build cache is disabled
Caching disabled for AarTransform: C:\Users\user\.gradle\caches\transforms-3\deeed389b8629d1b86b0d43d85b80f15\transformed\jetified-room-ktx-2.6.1 because:
  Build cache is disabled
Skipping AarTransform: C:\Users\user\.gradle\caches\transforms-3\deeed389b8629d1b86b0d43d85b80f15\transformed\jetified-room-ktx-2.6.1 as it is up-to-date.
Caching disabled for AarTransform: C:\Users\user\.gradle\caches\transforms-3\20b81b3594ace06c7a70dff3a2366e16\transformed\paging-runtime-3.2.1 because:
  Build cache is disabled
Skipping AarTransform: C:\Users\user\.gradle\caches\transforms-3\20b81b3594ace06c7a70dff3a2366e16\transformed\paging-runtime-3.2.1 as it is up-to-date.
Caching disabled for AarTransform: C:\Users\user\.gradle\caches\transforms-3\a0851db4a7ec9890e76aff435b580121\transformed\room-runtime-2.6.1 because:
  Build cache is disabled
Skipping AarTransform: C:\Users\user\.gradle\caches\transforms-3\a0851db4a7ec9890e76aff435b580121\transformed\room-runtime-2.6.1 as it is up-to-date.
Skipping AarTransform: C:\Users\user\.gradle\caches\transforms-3\48cbbb2a7e04ed4bd14f5ee9909e7333\transformed\jetified-room-paging-2.6.1 as it is up-to-date.
Caching disabled for AarTransform: C:\Users\user\.gradle\caches\transforms-3\c4b49199efd8b05d152a707fc92393f9\transformed\jetified-play-services-ads-lite-22.6.0 because:
  Build cache is disabled
Skipping AarTransform: C:\Users\user\.gradle\caches\transforms-3\c4b49199efd8b05d152a707fc92393f9\transformed\jetified-play-services-ads-lite-22.6.0 as it is up-to-date.
Caching disabled for AarTransform: C:\Users\user\.gradle\caches\transforms-3\88935f1d435615fcfcf4533f1e74a0c1\transformed\jetified-paging-runtime-ktx-3.2.1 because:
  Build cache is disabled
Caching disabled for AarTransform: C:\Users\user\.gradle\caches\transforms-3\d13efe73e15feb692f299aca534190ce\transformed\work-runtime-2.7.0 because:
  Build cache is disabled
Skipping AarTransform: C:\Users\user\.gradle\caches\transforms-3\88935f1d435615fcfcf4533f1e74a0c1\transformed\jetified-paging-runtime-ktx-3.2.1 as it is up-to-date.
Skipping AarTransform: C:\Users\user\.gradle\caches\transforms-3\d13efe73e15feb692f299aca534190ce\transformed\work-runtime-2.7.0 as it is up-to-date.
Caching disabled for AarTransform: C:\Users\user\.gradle\caches\transforms-3\9eb07947c41291dd8dfaea7376b52cb3\transformed\jetified-material3-release because:
  Build cache is disabled
Skipping AarTransform: C:\Users\user\.gradle\caches\transforms-3\9eb07947c41291dd8dfaea7376b52cb3\transformed\jetified-material3-release as it is up-to-date.
Caching disabled for AarTransform: C:\Users\user\.gradle\caches\transforms-3\8773d98ab94b13f9d6437ce7e24c811e\transformed\jetified-paging-compose-3.2.1 because:
  Build cache is disabled
Skipping AarTransform: C:\Users\user\.gradle\caches\transforms-3\8773d98ab94b13f9d6437ce7e24c811e\transformed\jetified-paging-compose-3.2.1 as it is up-to-date.
Caching disabled for AarTransform: C:\Users\user\.gradle\caches\transforms-3\b6b0faadec3c628e9c76a6db86636b8a\transformed\jetified-material-ripple-release because:
  Build cache is disabled
Caching disabled for AarTransform: C:\Users\user\.gradle\caches\transforms-3\be77d38c4543d58a04ecd2e2930e4907\transformed\jetified-material-icons-core-release because:
  Build cache is disabled
Skipping AarTransform: C:\Users\user\.gradle\caches\transforms-3\be77d38c4543d58a04ecd2e2930e4907\transformed\jetified-material-icons-core-release as it is up-to-date.
Caching disabled for AarTransform: C:\Users\user\.gradle\caches\transforms-3\0a80b947bb60c2e5812c98a4cde80cb9\transformed\jetified-animation-release because:
  Build cache is disabled
Skipping AarTransform: C:\Users\user\.gradle\caches\transforms-3\0a80b947bb60c2e5812c98a4cde80cb9\transformed\jetified-animation-release as it is up-to-date.
Caching disabled for AarTransform: C:\Users\user\.gradle\caches\transforms-3\a8d18580fb95d594af0e3ea2434d1f2a\transformed\jetified-animation-core-release because:
  Build cache is disabled
Skipping AarTransform: C:\Users\user\.gradle\caches\transforms-3\a8d18580fb95d594af0e3ea2434d1f2a\transformed\jetified-animation-core-release as it is up-to-date.
Caching disabled for AarTransform: C:\Users\user\.gradle\caches\transforms-3\cbc2465336ded970d23300a578f47882\transformed\jetified-material-release because:
  Build cache is disabled
Skipping AarTransform: C:\Users\user\.gradle\caches\transforms-3\cbc2465336ded970d23300a578f47882\transformed\jetified-material-release as it is up-to-date.
Skipping AarTransform: C:\Users\user\.gradle\caches\transforms-3\b6b0faadec3c628e9c76a6db86636b8a\transformed\jetified-material-ripple-release as it is up-to-date.
Caching disabled for AarTransform: C:\Users\user\.gradle\caches\transforms-3\1371974239ba7d2e1f74577aa0076246\transformed\jetified-foundation-release because:
  Build cache is disabled
Skipping AarTransform: C:\Users\user\.gradle\caches\transforms-3\1371974239ba7d2e1f74577aa0076246\transformed\jetified-foundation-release as it is up-to-date.
Caching disabled for AarTransform: C:\Users\user\.gradle\caches\transforms-3\c0256db1311281ff7005418483771fda\transformed\jetified-foundation-layout-release because:
  Build cache is disabled
Skipping AarTransform: C:\Users\user\.gradle\caches\transforms-3\c0256db1311281ff7005418483771fda\transformed\jetified-foundation-layout-release as it is up-to-date.
Caching disabled for AarTransform: C:\Users\user\.gradle\caches\transforms-3\a2969d7a46a5d26397bd0a40364b7789\transformed\jetified-ui-unit-release because:
  Build cache is disabled
Skipping AarTransform: C:\Users\user\.gradle\caches\transforms-3\a2969d7a46a5d26397bd0a40364b7789\transformed\jetified-ui-unit-release as it is up-to-date.
Caching disabled for AarTransform: C:\Users\user\.gradle\caches\transforms-3\ca905dde751b020875aee835366c918b\transformed\jetified-ui-geometry-release because:
  Build cache is disabled
Skipping AarTransform: C:\Users\user\.gradle\caches\transforms-3\ca905dde751b020875aee835366c918b\transformed\jetified-ui-geometry-release as it is up-to-date.
Caching disabled for AarTransform: C:\Users\user\.gradle\caches\transforms-3\153cbe083d7bbbca75db78a9ed87c037\transformed\jetified-ui-text-release because:
  Build cache is disabled
Caching disabled for AarTransform: C:\Users\user\.gradle\caches\transforms-3\a12ebe0bcfa38772b01b24696e6db1a0\transformed\jetified-runtime-saveable-release because:
  Build cache is disabled
Caching disabled for AarTransform: C:\Users\user\.gradle\caches\transforms-3\a24bbb3d7412e2af4b948b956c9db569\transformed\jetified-ui-util-release because:
  Build cache is disabled
Skipping AarTransform: C:\Users\user\.gradle\caches\transforms-3\a12ebe0bcfa38772b01b24696e6db1a0\transformed\jetified-runtime-saveable-release as it is up-to-date.
Caching disabled for AarTransform: C:\Users\user\.gradle\caches\transforms-3\d0defa3efce5913b5e3d5a8aac5cb6a4\transformed\jetified-ui-graphics-release because:
  Build cache is disabled
Skipping AarTransform: C:\Users\user\.gradle\caches\transforms-3\a24bbb3d7412e2af4b948b956c9db569\transformed\jetified-ui-util-release as it is up-to-date.
Skipping AarTransform: C:\Users\user\.gradle\caches\transforms-3\d0defa3efce5913b5e3d5a8aac5cb6a4\transformed\jetified-ui-graphics-release as it is up-to-date.
Skipping AarTransform: C:\Users\user\.gradle\caches\transforms-3\153cbe083d7bbbca75db78a9ed87c037\transformed\jetified-ui-text-release as it is up-to-date.
Caching disabled for AarTransform: C:\Users\user\.gradle\caches\transforms-3\86393e3996726b41f76008ce236fad9e\transformed\jetified-runtime-livedata-1.6.1 because:
  Build cache is disabled
Caching disabled for AarTransform: C:\Users\user\.gradle\caches\transforms-3\8d3e065e204b9a972c9d9d381b9eab8e\transformed\jetified-ui-tooling-preview-release because:
  Build cache is disabled
Skipping AarTransform: C:\Users\user\.gradle\caches\transforms-3\8d3e065e204b9a972c9d9d381b9eab8e\transformed\jetified-ui-tooling-preview-release as it is up-to-date.
Caching disabled for AarTransform: C:\Users\user\.gradle\caches\transforms-3\40952bfae19697ea740a0392ac032553\transformed\jetified-runtime-release because:
  Build cache is disabled
Skipping AarTransform: C:\Users\user\.gradle\caches\transforms-3\40952bfae19697ea740a0392ac032553\transformed\jetified-runtime-release as it is up-to-date.
Skipping AarTransform: C:\Users\user\.gradle\caches\transforms-3\86393e3996726b41f76008ce236fad9e\transformed\jetified-runtime-livedata-1.6.1 as it is up-to-date.
Caching disabled for AarTransform: C:\Users\user\.gradle\caches\transforms-3\7609d0ec1dd432c286d684064b087864\transformed\jetified-hilt-android-2.49 because:
  Build cache is disabled
Caching disabled for AarTransform: C:\Users\user\.gradle\caches\transforms-3\09909989bcc6df1cb4cf8f5bc33de582\transformed\jetified-play-services-tasks-18.0.2 because:
  Build cache is disabled
Skipping AarTransform: C:\Users\user\.gradle\caches\transforms-3\09909989bcc6df1cb4cf8f5bc33de582\transformed\jetified-play-services-tasks-18.0.2 as it is up-to-date.
Caching disabled for AarTransform: C:\Users\user\.gradle\caches\transforms-3\2a2496b4dd7bead2a2d5dfdd36faba56\transformed\jetified-user-messaging-platform-2.1.0 because:
  Build cache is disabled
Skipping AarTransform: C:\Users\user\.gradle\caches\transforms-3\2a2496b4dd7bead2a2d5dfdd36faba56\transformed\jetified-user-messaging-platform-2.1.0 as it is up-to-date.
Caching disabled for AarTransform: C:\Users\user\.gradle\caches\transforms-3\fefcfe30ff50cfe07535bb3f9f29fec4\transformed\jetified-play-services-ads-base-22.6.0 because:
  Build cache is disabled
Skipping AarTransform: C:\Users\user\.gradle\caches\transforms-3\fefcfe30ff50cfe07535bb3f9f29fec4\transformed\jetified-play-services-ads-base-22.6.0 as it is up-to-date.
Skipping AarTransform: C:\Users\user\.gradle\caches\transforms-3\7609d0ec1dd432c286d684064b087864\transformed\jetified-hilt-android-2.49 as it is up-to-date.
Caching disabled for AarTransform: C:\Users\user\.gradle\caches\transforms-3\7bc33f1b9169acd2dfd1a37a27683ae2\transformed\jetified-play-services-measurement-base-20.1.2 because:
  Build cache is disabled
Caching disabled for AarTransform: C:\Users\user\.gradle\caches\transforms-3\ff995add00743d0c496c4d8e0ee10f1e\transformed\jetified-play-services-ads-identifier-18.0.0 because:
  Build cache is disabled
Skipping AarTransform: C:\Users\user\.gradle\caches\transforms-3\7bc33f1b9169acd2dfd1a37a27683ae2\transformed\jetified-play-services-measurement-base-20.1.2 as it is up-to-date.
Caching disabled for AarTransform: C:\Users\user\.gradle\caches\transforms-3\a98fef1d1520166b9b08927ea1e4f9aa\transformed\jetified-play-services-basement-18.2.0 because:
  Build cache is disabled
Skipping AarTransform: C:\Users\user\.gradle\caches\transforms-3\ff995add00743d0c496c4d8e0ee10f1e\transformed\jetified-play-services-ads-identifier-18.0.0 as it is up-to-date.
Skipping AarTransform: C:\Users\user\.gradle\caches\transforms-3\a98fef1d1520166b9b08927ea1e4f9aa\transformed\jetified-play-services-basement-18.2.0 as it is up-to-date.
Caching disabled for AarTransform: C:\Users\user\.gradle\caches\transforms-3\b28c9dde44421952352d4ece06208963\transformed\jetified-play-services-measurement-sdk-api-20.1.2 because:
  Build cache is disabled
Skipping AarTransform: C:\Users\user\.gradle\caches\transforms-3\b28c9dde44421952352d4ece06208963\transformed\jetified-play-services-measurement-sdk-api-20.1.2 as it is up-to-date.
Caching disabled for AarTransform: C:\Users\user\.gradle\caches\transforms-3\ce43085ba0af9184b2d8510666d1eb4c\transformed\fragment-1.5.1 because:
  Build cache is disabled
Skipping AarTransform: C:\Users\user\.gradle\caches\transforms-3\ce43085ba0af9184b2d8510666d1eb4c\transformed\fragment-1.5.1 as it is up-to-date.
Caching disabled for AarTransform: C:\Users\user\.gradle\caches\transforms-3\befba8fbd8bdeb7a931e0ef64310fd03\transformed\jetified-lifecycle-process-2.7.0 because:
  Build cache is disabled
Caching disabled for AarTransform: C:\Users\user\.gradle\caches\transforms-3\3bde4be5f64196dc9d79c4d702f48306\transformed\jetified-emoji2-1.3.0 because:
  Build cache is disabled
Skipping AarTransform: C:\Users\user\.gradle\caches\transforms-3\3bde4be5f64196dc9d79c4d702f48306\transformed\jetified-emoji2-1.3.0 as it is up-to-date.
Caching disabled for AarTransform: C:\Users\user\.gradle\caches\transforms-3\405ea0b6b50f1060e1e85abd75c2300a\transformed\lifecycle-livedata-core-2.7.0 because:
  Build cache is disabled
Caching disabled for AarTransform: C:\Users\user\.gradle\caches\transforms-3\32759966595792c9a2f9091d1711a6d5\transformed\jetified-lifecycle-service-2.7.0 because:
  Build cache is disabled
Skipping AarTransform: C:\Users\user\.gradle\caches\transforms-3\405ea0b6b50f1060e1e85abd75c2300a\transformed\lifecycle-livedata-core-2.7.0 as it is up-to-date.
Skipping AarTransform: C:\Users\user\.gradle\caches\transforms-3\32759966595792c9a2f9091d1711a6d5\transformed\jetified-lifecycle-service-2.7.0 as it is up-to-date.
Caching disabled for AarTransform: C:\Users\user\.gradle\caches\transforms-3\8bdbdf69ffb075614c5a434d355a0f8b\transformed\jetified-lifecycle-livedata-ktx-2.7.0 because:
  Build cache is disabled
Skipping AarTransform: C:\Users\user\.gradle\caches\transforms-3\8bdbdf69ffb075614c5a434d355a0f8b\transformed\jetified-lifecycle-livedata-ktx-2.7.0 as it is up-to-date.
Caching disabled for AarTransform: C:\Users\user\.gradle\caches\transforms-3\2e6a11253b53f57b3b9d26b8fa62696e\transformed\jetified-emoji2-views-helper-1.3.0 because:
  Build cache is disabled
Skipping AarTransform: C:\Users\user\.gradle\caches\transforms-3\2e6a11253b53f57b3b9d26b8fa62696e\transformed\jetified-emoji2-views-helper-1.3.0 as it is up-to-date.
Skipping AarTransform: C:\Users\user\.gradle\caches\transforms-3\befba8fbd8bdeb7a931e0ef64310fd03\transformed\jetified-lifecycle-process-2.7.0 as it is up-to-date.
Caching disabled for AarTransform: C:\Users\user\.gradle\caches\transforms-3\aa2ff84b73bdf2fedfb6304d3a34c1c2\transformed\loader-1.0.0 because:
  Build cache is disabled
Skipping AarTransform: C:\Users\user\.gradle\caches\transforms-3\aa2ff84b73bdf2fedfb6304d3a34c1c2\transformed\loader-1.0.0 as it is up-to-date.
Caching disabled for AarTransform: C:\Users\user\.gradle\caches\transforms-3\be6eabc1e7597f5af8694205534369ad\transformed\lifecycle-livedata-2.7.0 because:
  Build cache is disabled
Skipping AarTransform: C:\Users\user\.gradle\caches\transforms-3\be6eabc1e7597f5af8694205534369ad\transformed\lifecycle-livedata-2.7.0 as it is up-to-date.
Caching disabled for AarTransform: C:\Users\user\.gradle\caches\transforms-3\17d74363b6e909a9d3f818c44afa4535\transformed\jetified-lifecycle-viewmodel-savedstate-2.7.0 because:
  Build cache is disabled
Skipping AarTransform: C:\Users\user\.gradle\caches\transforms-3\17d74363b6e909a9d3f818c44afa4535\transformed\jetified-lifecycle-viewmodel-savedstate-2.7.0 as it is up-to-date.
Caching disabled for AarTransform: C:\Users\user\.gradle\caches\transforms-3\d13525a792cc64e11bbc6a846969e153\transformed\jetified-savedstate-ktx-1.2.1 because:
  Build cache is disabled
Skipping AarTransform: C:\Users\user\.gradle\caches\transforms-3\d13525a792cc64e11bbc6a846969e153\transformed\jetified-savedstate-ktx-1.2.1 as it is up-to-date.
Caching disabled for AarTransform: C:\Users\user\.gradle\caches\transforms-3\39183825c891526e3de148cba7025d38\transformed\jetified-lifecycle-livedata-core-ktx-2.7.0 because:
  Build cache is disabled
Skipping AarTransform: C:\Users\user\.gradle\caches\transforms-3\39183825c891526e3de148cba7025d38\transformed\jetified-lifecycle-livedata-core-ktx-2.7.0 as it is up-to-date.
Caching disabled for AarTransform: C:\Users\user\.gradle\caches\transforms-3\d61403040d3c0a7f14b12e75c497150a\transformed\lifecycle-viewmodel-2.7.0 because:
  Build cache is disabled
Skipping AarTransform: C:\Users\user\.gradle\caches\transforms-3\d61403040d3c0a7f14b12e75c497150a\transformed\lifecycle-viewmodel-2.7.0 as it is up-to-date.
Caching disabled for AarTransform: C:\Users\user\.gradle\caches\transforms-3\06eaa3d4db2446ae08073b00af0f9f1e\transformed\legacy-support-core-utils-1.0.0 because:
  Build cache is disabled
Skipping AarTransform: C:\Users\user\.gradle\caches\transforms-3\06eaa3d4db2446ae08073b00af0f9f1e\transformed\legacy-support-core-utils-1.0.0 as it is up-to-date.
Caching disabled for AarTransform: C:\Users\user\.gradle\caches\transforms-3\4bea3ad7086dd6310416577e679b27ab\transformed\lifecycle-runtime-2.7.0 because:
  Build cache is disabled
Caching disabled for AarTransform: C:\Users\user\.gradle\caches\transforms-3\729f0ee4f5c310ded66695d5e416a80a\transformed\jetified-savedstate-1.2.1 because:
  Build cache is disabled
Caching disabled for AarTransform: C:\Users\user\.gradle\caches\transforms-3\8f69b11fed3424c2a2d07f943e7b1442\transformed\jetified-accompanist-drawablepainter-0.32.0 because:
  Build cache is disabled
Skipping AarTransform: C:\Users\user\.gradle\caches\transforms-3\4bea3ad7086dd6310416577e679b27ab\transformed\lifecycle-runtime-2.7.0 as it is up-to-date.
Skipping AarTransform: C:\Users\user\.gradle\caches\transforms-3\8f69b11fed3424c2a2d07f943e7b1442\transformed\jetified-accompanist-drawablepainter-0.32.0 as it is up-to-date.
Caching disabled for AarTransform: C:\Users\user\.gradle\caches\transforms-3\91aa7e25739ba49b8c446850083d9968\transformed\jetified-lifecycle-viewmodel-ktx-2.7.0 because:
  Build cache is disabled
Skipping AarTransform: C:\Users\user\.gradle\caches\transforms-3\729f0ee4f5c310ded66695d5e416a80a\transformed\jetified-savedstate-1.2.1 as it is up-to-date.
Caching disabled for AarTransform: C:\Users\user\.gradle\caches\transforms-3\4d6838555ad24cf15a99513e72d58fa0\transformed\jetified-lifecycle-viewmodel-compose-2.7.0 because:
  Build cache is disabled
Skipping AarTransform: C:\Users\user\.gradle\caches\transforms-3\4d6838555ad24cf15a99513e72d58fa0\transformed\jetified-lifecycle-viewmodel-compose-2.7.0 as it is up-to-date.
Skipping AarTransform: C:\Users\user\.gradle\caches\transforms-3\91aa7e25739ba49b8c446850083d9968\transformed\jetified-lifecycle-viewmodel-ktx-2.7.0 as it is up-to-date.
Caching disabled for AarTransform: C:\Users\user\.gradle\caches\transforms-3\bd4d0516dc82d593dc75d0d58095804e\transformed\jetified-activity-ktx-1.8.2 because:
  Build cache is disabled
Skipping AarTransform: C:\Users\user\.gradle\caches\transforms-3\bd4d0516dc82d593dc75d0d58095804e\transformed\jetified-activity-ktx-1.8.2 as it is up-to-date.
Caching disabled for AarTransform: C:\Users\user\.gradle\caches\transforms-3\3ff7e07e96cbf3c15e17ee90dee7c81e\transformed\jetified-activity-1.8.2 because:
  Build cache is disabled
Skipping AarTransform: C:\Users\user\.gradle\caches\transforms-3\3ff7e07e96cbf3c15e17ee90dee7c81e\transformed\jetified-activity-1.8.2 as it is up-to-date.
Caching disabled for AarTransform: C:\Users\user\.gradle\caches\transforms-3\cc2b5325880f19f8fa69e371da0fcec2\transformed\jetified-activity-compose-1.8.2 because:
  Build cache is disabled
Skipping AarTransform: C:\Users\user\.gradle\caches\transforms-3\cc2b5325880f19f8fa69e371da0fcec2\transformed\jetified-activity-compose-1.8.2 as it is up-to-date.
Caching disabled for AarTransform: C:\Users\user\.gradle\caches\transforms-3\e109843751a45ceb797ac7414dcd1f55\transformed\jetified-lifecycle-runtime-ktx-2.7.0 because:
  Build cache is disabled
Skipping AarTransform: C:\Users\user\.gradle\caches\transforms-3\e109843751a45ceb797ac7414dcd1f55\transformed\jetified-lifecycle-runtime-ktx-2.7.0 as it is up-to-date.
Caching disabled for AarTransform: C:\Users\user\.gradle\caches\transforms-3\23d54db28db6fd27500c43cbb98a94ee\transformed\jetified-exoplayer-2.19.1 because:
  Build cache is disabled
Skipping AarTransform: C:\Users\user\.gradle\caches\transforms-3\23d54db28db6fd27500c43cbb98a94ee\transformed\jetified-exoplayer-2.19.1 as it is up-to-date.
Caching disabled for AarTransform: C:\Users\user\.gradle\caches\transforms-3\6b9e330e22f5b80af693a9cc1ed78961\transformed\jetified-exoplayer-dash-2.19.1 because:
  Build cache is disabled
Skipping AarTransform: C:\Users\user\.gradle\caches\transforms-3\6b9e330e22f5b80af693a9cc1ed78961\transformed\jetified-exoplayer-dash-2.19.1 as it is up-to-date.
Caching disabled for AarTransform: C:\Users\user\.gradle\caches\transforms-3\eb7f95ceb80fe7edaffe686f45c414e3\transformed\jetified-ui-release because:
  Build cache is disabled
Skipping AarTransform: C:\Users\user\.gradle\caches\transforms-3\eb7f95ceb80fe7edaffe686f45c414e3\transformed\jetified-ui-release as it is up-to-date.
Caching disabled for AarTransform: C:\Users\user\.gradle\caches\transforms-3\86e7631404a3447ccb8c53460349c742\transformed\jetified-exoplayer-hls-2.19.1 because:
  Build cache is disabled
Skipping AarTransform: C:\Users\user\.gradle\caches\transforms-3\86e7631404a3447ccb8c53460349c742\transformed\jetified-exoplayer-hls-2.19.1 as it is up-to-date.
Caching disabled for AarTransform: C:\Users\user\.gradle\caches\transforms-3\04830523360f0a9c22bc3d9783abdb1e\transformed\jetified-exoplayer-smoothstreaming-2.19.1 because:
  Build cache is disabled
Caching disabled for AarTransform: C:\Users\user\.gradle\caches\transforms-3\6a39333c6856d532570520fbc2bd1c09\transformed\jetified-exoplayer-core-2.19.1 because:
  Build cache is disabled
Skipping AarTransform: C:\Users\user\.gradle\caches\transforms-3\04830523360f0a9c22bc3d9783abdb1e\transformed\jetified-exoplayer-smoothstreaming-2.19.1 as it is up-to-date.
Caching disabled for AarTransform: C:\Users\user\.gradle\caches\transforms-3\7988b5c431abeac835ef34d8554a267c\transformed\jetified-exoplayer-rtsp-2.19.1 because:
  Build cache is disabled
Skipping AarTransform: C:\Users\user\.gradle\caches\transforms-3\7988b5c431abeac835ef34d8554a267c\transformed\jetified-exoplayer-rtsp-2.19.1 as it is up-to-date.
Caching disabled for AarTransform: C:\Users\user\.gradle\caches\transforms-3\665f08a046034a03c45c1b60402783c2\transformed\jetified-exoplayer-ui-2.19.1 because:
  Build cache is disabled
Skipping AarTransform: C:\Users\user\.gradle\caches\transforms-3\665f08a046034a03c45c1b60402783c2\transformed\jetified-exoplayer-ui-2.19.1 as it is up-to-date.
Caching disabled for AarTransform: C:\Users\user\.gradle\caches\transforms-3\e64e0a3a08ca0f06a8ffeb68df2fb01e\transformed\media-1.6.0 because:
  Build cache is disabled
Skipping AarTransform: C:\Users\user\.gradle\caches\transforms-3\e64e0a3a08ca0f06a8ffeb68df2fb01e\transformed\media-1.6.0 as it is up-to-date.
Caching disabled for AarTransform: C:\Users\user\.gradle\caches\transforms-3\0f7bbe974198c0e6f5daf78e810cfb8e\transformed\recyclerview-1.3.0 because:
  Build cache is disabled
Skipping AarTransform: C:\Users\user\.gradle\caches\transforms-3\0f7bbe974198c0e6f5daf78e810cfb8e\transformed\recyclerview-1.3.0 as it is up-to-date.
Caching disabled for AarTransform: C:\Users\user\.gradle\caches\transforms-3\a2f4c85d9ee4c6259367ff55f3b32260\transformed\customview-1.1.0 because:
  Build cache is disabled
Skipping AarTransform: C:\Users\user\.gradle\caches\transforms-3\a2f4c85d9ee4c6259367ff55f3b32260\transformed\customview-1.1.0 as it is up-to-date.
Caching disabled for AarTransform: C:\Users\user\.gradle\caches\transforms-3\57848645458d68f540459ae62d741e32\transformed\viewpager-1.0.0 because:
  Build cache is disabled
Skipping AarTransform: C:\Users\user\.gradle\caches\transforms-3\57848645458d68f540459ae62d741e32\transformed\viewpager-1.0.0 as it is up-to-date.
Caching disabled for AarTransform: C:\Users\user\.gradle\caches\transforms-3\937d7a61b7111c64ca0de305910a85b2\transformed\jetified-autofill-1.0.0 because:
  Build cache is disabled
Skipping AarTransform: C:\Users\user\.gradle\caches\transforms-3\937d7a61b7111c64ca0de305910a85b2\transformed\jetified-autofill-1.0.0 as it is up-to-date.
Skipping AarTransform: C:\Users\user\.gradle\caches\transforms-3\6a39333c6856d532570520fbc2bd1c09\transformed\jetified-exoplayer-core-2.19.1 as it is up-to-date.
Caching disabled for AarTransform: C:\Users\user\.gradle\caches\transforms-3\5c5739f4de2f71729af9e79251007f6b\transformed\core-1.12.0 because:
  Build cache is disabled
Skipping AarTransform: C:\Users\user\.gradle\caches\transforms-3\5c5739f4de2f71729af9e79251007f6b\transformed\core-1.12.0 as it is up-to-date.
Caching disabled for AarTransform: C:\Users\user\.gradle\caches\transforms-3\756e4599b46450e09c632b813556cee0\transformed\browser-1.4.0 because:
  Build cache is disabled
Skipping AarTransform: C:\Users\user\.gradle\caches\transforms-3\756e4599b46450e09c632b813556cee0\transformed\browser-1.4.0 as it is up-to-date.
Caching disabled for AarTransform: C:\Users\user\.gradle\caches\transforms-3\c4b75ff235f5060d29e5ddca564ceddc\transformed\jetified-ads-adservices-java-1.0.0-beta05 because:
  Build cache is disabled
Skipping AarTransform: C:\Users\user\.gradle\caches\transforms-3\c4b75ff235f5060d29e5ddca564ceddc\transformed\jetified-ads-adservices-java-1.0.0-beta05 as it is up-to-date.
Caching disabled for AarTransform: C:\Users\user\.gradle\caches\transforms-3\bc26dfac284b88af3c813008f6ef1c3e\transformed\jetified-customview-poolingcontainer-1.0.0 because:
  Build cache is disabled
Caching disabled for AarTransform: C:\Users\user\.gradle\caches\transforms-3\b524aad8313712e1a2099d34ba0009dd\transformed\jetified-flexbox-3.0.0 because:
  Build cache is disabled
Skipping AarTransform: C:\Users\user\.gradle\caches\transforms-3\bc26dfac284b88af3c813008f6ef1c3e\transformed\jetified-customview-poolingcontainer-1.0.0 as it is up-to-date.
Caching disabled for AarTransform: C:\Users\user\.gradle\caches\transforms-3\88a788eb4554cb70c926faac5961e219\transformed\jetified-ads-adservices-1.0.0-beta05 because:
  Build cache is disabled
Skipping AarTransform: C:\Users\user\.gradle\caches\transforms-3\88a788eb4554cb70c926faac5961e219\transformed\jetified-ads-adservices-1.0.0-beta05 as it is up-to-date.
Skipping AarTransform: C:\Users\user\.gradle\caches\transforms-3\b524aad8313712e1a2099d34ba0009dd\transformed\jetified-flexbox-3.0.0 as it is up-to-date.
Caching disabled for AarTransform: C:\Users\user\.gradle\caches\transforms-3\8b9d9cccd9cd11d68aeff198447cb46d\transformed\jetified-core-splashscreen-1.0.1 because:
  Build cache is disabled
Skipping AarTransform: C:\Users\user\.gradle\caches\transforms-3\8b9d9cccd9cd11d68aeff198447cb46d\transformed\jetified-core-splashscreen-1.0.1 as it is up-to-date.
Caching disabled for AarTransform: C:\Users\user\.gradle\caches\transforms-3\9ab85f199ce6032d85aa0cc0c0e855bb\transformed\jetified-core-ktx-1.12.0 because:
  Build cache is disabled
Skipping AarTransform: C:\Users\user\.gradle\caches\transforms-3\9ab85f199ce6032d85aa0cc0c0e855bb\transformed\jetified-core-ktx-1.12.0 as it is up-to-date.
Caching disabled for AarTransform: C:\Users\user\.gradle\caches\transforms-3\3d44061c8964bbe6cad35f32dd98185c\transformed\jetified-napier-release because:
  Build cache is disabled
Skipping AarTransform: C:\Users\user\.gradle\caches\transforms-3\3d44061c8964bbe6cad35f32dd98185c\transformed\jetified-napier-release as it is up-to-date.
Caching disabled for AarTransform: C:\Users\user\.gradle\caches\transforms-3\22c98dd52680fc31e34a15f54a9f94d2\transformed\cardview-1.0.0 because:
  Build cache is disabled
Skipping AarTransform: C:\Users\user\.gradle\caches\transforms-3\22c98dd52680fc31e34a15f54a9f94d2\transformed\cardview-1.0.0 as it is up-to-date.
Caching disabled for AarTransform: C:\Users\user\.gradle\caches\transforms-3\a03b3d04d2ceca7ea618a06e3d24afa0\transformed\sqlite-2.4.0 because:
  Build cache is disabled
Caching disabled for AarTransform: C:\Users\user\.gradle\caches\transforms-3\9736755219de9964c187b9748cea348a\transformed\core-runtime-2.2.0 because:
  Build cache is disabled
Skipping AarTransform: C:\Users\user\.gradle\caches\transforms-3\a03b3d04d2ceca7ea618a06e3d24afa0\transformed\sqlite-2.4.0 as it is up-to-date.
Caching disabled for AarTransform: C:\Users\user\.gradle\caches\transforms-3\43654c406d94ba418e69a2f38c0ce75a\transformed\cursoradapter-1.0.0 because:
  Build cache is disabled
Skipping AarTransform: C:\Users\user\.gradle\caches\transforms-3\9736755219de9964c187b9748cea348a\transformed\core-runtime-2.2.0 as it is up-to-date.
Caching disabled for AarTransform: C:\Users\user\.gradle\caches\transforms-3\4ec695ed94a8284d6fd7bdbfc66270dc\transformed\jetified-annotation-experimental-1.4.0 because:
  Build cache is disabled
Skipping AarTransform: C:\Users\user\.gradle\caches\transforms-3\43654c406d94ba418e69a2f38c0ce75a\transformed\cursoradapter-1.0.0 as it is up-to-date.
Caching disabled for AarTransform: C:\Users\user\.gradle\caches\transforms-3\71618b46663af3ea0092ee8c6d5590fe\transformed\sqlite-framework-2.4.0 because:
  Build cache is disabled
Skipping AarTransform: C:\Users\user\.gradle\caches\transforms-3\4ec695ed94a8284d6fd7bdbfc66270dc\transformed\jetified-annotation-experimental-1.4.0 as it is up-to-date.
Skipping AarTransform: C:\Users\user\.gradle\caches\transforms-3\71618b46663af3ea0092ee8c6d5590fe\transformed\sqlite-framework-2.4.0 as it is up-to-date.
Caching disabled for AarTransform: C:\Users\user\.gradle\caches\transforms-3\378ae54a4a79477d991a76c42d10201e\transformed\jetified-exoplayer-datasource-2.19.1 because:
  Build cache is disabled
Skipping AarTransform: C:\Users\user\.gradle\caches\transforms-3\378ae54a4a79477d991a76c42d10201e\transformed\jetified-exoplayer-datasource-2.19.1 as it is up-to-date.
Caching disabled for AarTransform: C:\Users\user\.gradle\caches\transforms-3\2f746cdb46666a5ea31069a92ad1cee2\transformed\jetified-exoplayer-extractor-2.19.1 because:
  Build cache is disabled
Skipping AarTransform: C:\Users\user\.gradle\caches\transforms-3\2f746cdb46666a5ea31069a92ad1cee2\transformed\jetified-exoplayer-extractor-2.19.1 as it is up-to-date.
Caching disabled for AarTransform: C:\Users\user\.gradle\caches\transforms-3\715d44aa31120efd79cf05422b37b84e\transformed\jetified-exoplayer-common-2.19.1 because:
  Build cache is disabled
Skipping AarTransform: C:\Users\user\.gradle\caches\transforms-3\715d44aa31120efd79cf05422b37b84e\transformed\jetified-exoplayer-common-2.19.1 as it is up-to-date.
Caching disabled for AarTransform: C:\Users\user\.gradle\caches\transforms-3\7f41368f9514b52c773c9c6d9f2b90c2\transformed\jetified-exoplayer-database-2.19.1 because:
  Build cache is disabled
Skipping AarTransform: C:\Users\user\.gradle\caches\transforms-3\7f41368f9514b52c773c9c6d9f2b90c2\transformed\jetified-exoplayer-database-2.19.1 as it is up-to-date.
Caching disabled for AarTransform: C:\Users\user\.gradle\caches\transforms-3\c3fa91361cece7ab93c5fa0d01671725\transformed\jetified-exoplayer-container-2.19.1 because:
  Build cache is disabled
Caching disabled for AarTransform: C:\Users\user\.gradle\caches\transforms-3\c8dca9ca411b7b236189b876c168c300\transformed\jetified-profileinstaller-1.3.1 because:
  Build cache is disabled
Caching disabled for AarTransform: C:\Users\user\.gradle\caches\transforms-3\0774aba38fbb7a71a2e380171e0b7778\transformed\jetified-exoplayer-decoder-2.19.1 because:
  Build cache is disabled
Skipping AarTransform: C:\Users\user\.gradle\caches\transforms-3\c8dca9ca411b7b236189b876c168c300\transformed\jetified-profileinstaller-1.3.1 as it is up-to-date.
Skipping AarTransform: C:\Users\user\.gradle\caches\transforms-3\c3fa91361cece7ab93c5fa0d01671725\transformed\jetified-exoplayer-container-2.19.1 as it is up-to-date.
Skipping AarTransform: C:\Users\user\.gradle\caches\transforms-3\0774aba38fbb7a71a2e380171e0b7778\transformed\jetified-exoplayer-decoder-2.19.1 as it is up-to-date.
Caching disabled for AarTransform: C:\Users\user\.gradle\caches\transforms-3\8eba7c3e4113638c557764cfd1246d65\transformed\interpolator-1.0.0 because:
  Build cache is disabled
Skipping AarTransform: C:\Users\user\.gradle\caches\transforms-3\8eba7c3e4113638c557764cfd1246d65\transformed\interpolator-1.0.0 as it is up-to-date.
Caching disabled for AarTransform: C:\Users\user\.gradle\caches\transforms-3\82d49ae48ad7cd68ccf29f123b5e48ad\transformed\versionedparcelable-1.1.1 because:
  Build cache is disabled
Skipping AarTransform: C:\Users\user\.gradle\caches\transforms-3\82d49ae48ad7cd68ccf29f123b5e48ad\transformed\versionedparcelable-1.1.1 as it is up-to-date.
Caching disabled for AarTransform: C:\Users\user\.gradle\caches\transforms-3\87361d05feba7a7d0f4af0c7c0d3e017\transformed\jetified-tracing-1.0.0 because:
  Build cache is disabled
Skipping AarTransform: C:\Users\user\.gradle\caches\transforms-3\87361d05feba7a7d0f4af0c7c0d3e017\transformed\jetified-tracing-1.0.0 as it is up-to-date.
Caching disabled for AarTransform: C:\Users\user\.gradle\caches\transforms-3\54b5456fddcec85940b2ee402266c816\transformed\documentfile-1.0.0 because:
  Build cache is disabled
Skipping AarTransform: C:\Users\user\.gradle\caches\transforms-3\54b5456fddcec85940b2ee402266c816\transformed\documentfile-1.0.0 as it is up-to-date.
Caching disabled for AarTransform: C:\Users\user\.gradle\caches\transforms-3\56896802246a3dbc3ea0a00275524921\transformed\exifinterface-1.3.6 because:
  Build cache is disabled
Skipping AarTransform: C:\Users\user\.gradle\caches\transforms-3\56896802246a3dbc3ea0a00275524921\transformed\exifinterface-1.3.6 as it is up-to-date.
Caching disabled for AarTransform: C:\Users\user\.gradle\caches\transforms-3\2c86103f160590f7e7be532bf55d34f7\transformed\localbroadcastmanager-1.0.0 because:
  Build cache is disabled
Skipping AarTransform: C:\Users\user\.gradle\caches\transforms-3\2c86103f160590f7e7be532bf55d34f7\transformed\localbroadcastmanager-1.0.0 as it is up-to-date.
Caching disabled for AarTransform: C:\Users\user\.gradle\caches\transforms-3\3c8d6d9f40fe01c17d4d4666fd356dbc\transformed\jetified-circleimageview-3.1.0 because:
  Build cache is disabled
Skipping AarTransform: C:\Users\user\.gradle\caches\transforms-3\3c8d6d9f40fe01c17d4d4666fd356dbc\transformed\jetified-circleimageview-3.1.0 as it is up-to-date.
Caching disabled for AarTransform: C:\Users\user\.gradle\caches\transforms-3\4122ce09f170e8a2afb176a358403d3a\transformed\print-1.0.0 because:
  Build cache is disabled
Caching disabled for AarTransform: C:\Users\user\.gradle\caches\transforms-3\4d4b3f0524238b36b1a0d4335e32a8e5\transformed\dynamicanimation-1.0.0 because:
  Build cache is disabled
Skipping AarTransform: C:\Users\user\.gradle\caches\transforms-3\4d4b3f0524238b36b1a0d4335e32a8e5\transformed\dynamicanimation-1.0.0 as it is up-to-date.
Caching disabled for AarTransform: C:\Users\user\.gradle\caches\transforms-3\77df13c6b2001957f35925c162d5e46d\transformed\jetified-Android-Image-Slider-1.4.0 because:
  Build cache is disabled
Skipping AarTransform: C:\Users\user\.gradle\caches\transforms-3\77df13c6b2001957f35925c162d5e46d\transformed\jetified-Android-Image-Slider-1.4.0 as it is up-to-date.
Caching disabled for AarTransform: C:\Users\user\.gradle\caches\transforms-3\17460feccaee72c1c7a59c8d3aa5599a\transformed\jetified-dagger-lint-aar-2.49 because:
  Build cache is disabled
Caching disabled for AarTransform: C:\Users\user\.gradle\caches\transforms-3\e32c3b5e322944d64bfee37764a5fb00\transformed\jetified-volley-1.2.1 because:
  Build cache is disabled
Skipping AarTransform: C:\Users\user\.gradle\caches\transforms-3\17460feccaee72c1c7a59c8d3aa5599a\transformed\jetified-dagger-lint-aar-2.49 as it is up-to-date.
Caching disabled for AarTransform: C:\Users\user\.gradle\caches\transforms-3\fe52cfe629053f967703c8ba77285e8b\transformed\jetified-startup-runtime-1.1.1 because:
  Build cache is disabled
Skipping AarTransform: C:\Users\user\.gradle\caches\transforms-3\e32c3b5e322944d64bfee37764a5fb00\transformed\jetified-volley-1.2.1 as it is up-to-date.
Caching disabled for AarTransform: C:\Users\user\.gradle\caches\transforms-3\9fd41aa9d8f4ce40527fd11c9e9d8547\transformed\coordinatorlayout-1.1.0 because:
  Build cache is disabled
Skipping AarTransform: C:\Users\user\.gradle\caches\transforms-3\9fd41aa9d8f4ce40527fd11c9e9d8547\transformed\coordinatorlayout-1.1.0 as it is up-to-date.
Caching disabled for AarTransform: C:\Users\user\.gradle\caches\transforms-3\401ad4d70a412e15a764e8464bd867fe\transformed\jetified-play-services-base-18.2.0 because:
  Build cache is disabled
Skipping AarTransform: C:\Users\user\.gradle\caches\transforms-3\401ad4d70a412e15a764e8464bd867fe\transformed\jetified-play-services-base-18.2.0 as it is up-to-date.
Caching disabled for AarTransform: C:\Users\user\.gradle\caches\transforms-3\778bb1a5d67e711cfa1d601e315d4ba6\transformed\drawerlayout-1.1.1 because:
  Build cache is disabled
Skipping AarTransform: C:\Users\user\.gradle\caches\transforms-3\778bb1a5d67e711cfa1d601e315d4ba6\transformed\drawerlayout-1.1.1 as it is up-to-date.
Skipping AarTransform: C:\Users\user\.gradle\caches\transforms-3\4122ce09f170e8a2afb176a358403d3a\transformed\print-1.0.0 as it is up-to-date.
Skipping AarTransform: C:\Users\user\.gradle\caches\transforms-3\fe52cfe629053f967703c8ba77285e8b\transformed\jetified-startup-runtime-1.1.1 as it is up-to-date.
Caching disabled for task ':app:mergeReleaseArtProfile' because:
  Build cache is disabled
Skipping task ':app:mergeReleaseArtProfile' as it is up-to-date.
Resolve mutations for :app:mergeReleaseShaders (Thread[#91,Execution worker Thread 8,5,main]) started.
:app:mergeReleaseShaders (Thread[#91,Execution worker Thread 8,5,main]) started.

> Task :app:mergeReleaseShaders UP-TO-DATE
Caching disabled for task ':app:mergeReleaseShaders' because:
  Build cache is disabled
Skipping task ':app:mergeReleaseShaders' as it is up-to-date.
Resolve mutations for :app:compileReleaseShaders (Thread[#91,Execution worker Thread 8,5,main]) started.
:app:compileReleaseShaders (Thread[#91,Execution worker Thread 8,5,main]) started.

> Task :app:compileReleaseShaders NO-SOURCE
Skipping task ':app:compileReleaseShaders' as it has no source files and no previous output files.
Resolve mutations for :app:generateReleaseAssets (Thread[#83,included builds,5,main]) started.
:app:generateReleaseAssets (Thread[#83,included builds,5,main]) started.

> Task :app:generateReleaseAssets UP-TO-DATE
Skipping task ':app:generateReleaseAssets' as it has no actions.
Resolve mutations for :app:mergeReleaseAssets (Thread[#83,included builds,5,main]) started.
:app:mergeReleaseAssets (Thread[#83,included builds,5,main]) started.

> Task :app:mergeReleaseAssets
Transforming material-1.11.0.aar (com.google.android.material:material:1.11.0) with JetifyTransform
Transforming material-1.11.0.aar (com.google.android.material:material:1.11.0) with ExtractAarTransform
Transforming material-1.11.0.aar (com.google.android.material:material:1.11.0) with AarTransform
Transforming lottie-compose-6.1.0.aar (com.airbnb.android:lottie-compose:6.1.0) with JetifyTransform
Transforming lottie-compose-6.1.0.aar (com.airbnb.android:lottie-compose:6.1.0) with ExtractAarTransform
Transforming lottie-compose-6.1.0.aar (com.airbnb.android:lottie-compose:6.1.0) with AarTransform
Transforming lottie-6.1.0.aar (com.airbnb.android:lottie:6.1.0) with JetifyTransform
Transforming lottie-6.1.0.aar (com.airbnb.android:lottie:6.1.0) with ExtractAarTransform
Transforming lottie-6.1.0.aar (com.airbnb.android:lottie:6.1.0) with AarTransform
Transforming coil-compose-2.5.0.aar (io.coil-kt:coil-compose:2.5.0) with JetifyTransform
Transforming coil-compose-2.5.0.aar (io.coil-kt:coil-compose:2.5.0) with ExtractAarTransform
Transforming coil-compose-2.5.0.aar (io.coil-kt:coil-compose:2.5.0) with AarTransform
Transforming coil-compose-base-2.5.0.aar (io.coil-kt:coil-compose-base:2.5.0) with JetifyTransform
Transforming coil-compose-base-2.5.0.aar (io.coil-kt:coil-compose-base:2.5.0) with ExtractAarTransform
Transforming coil-compose-base-2.5.0.aar (io.coil-kt:coil-compose-base:2.5.0) with AarTransform
Transforming coil-2.5.0.aar (io.coil-kt:coil:2.5.0) with JetifyTransform
Transforming coil-2.5.0.aar (io.coil-kt:coil:2.5.0) with ExtractAarTransform
Transforming coil-2.5.0.aar (io.coil-kt:coil:2.5.0) with AarTransform
Transforming coil-base-2.5.0.aar (io.coil-kt:coil-base:2.5.0) with JetifyTransform
Transforming coil-base-2.5.0.aar (io.coil-kt:coil-base:2.5.0) with ExtractAarTransform
Transforming coil-base-2.5.0.aar (io.coil-kt:coil-base:2.5.0) with AarTransform
Transforming appcompat-resources-1.6.1.aar (androidx.appcompat:appcompat-resources:1.6.1) with JetifyTransform
Transforming appcompat-resources-1.6.1.aar (androidx.appcompat:appcompat-resources:1.6.1) with ExtractAarTransform
Transforming appcompat-resources-1.6.1.aar (androidx.appcompat:appcompat-resources:1.6.1) with AarTransform
Transforming constraintlayout-2.0.1.aar (androidx.constraintlayout:constraintlayout:2.0.1) with JetifyTransform
Transforming constraintlayout-2.0.1.aar (androidx.constraintlayout:constraintlayout:2.0.1) with ExtractAarTransform
Transforming constraintlayout-2.0.1.aar (androidx.constraintlayout:constraintlayout:2.0.1) with AarTransform
Transforming appcompat-1.6.1.aar (androidx.appcompat:appcompat:1.6.1) with JetifyTransform
Transforming appcompat-1.6.1.aar (androidx.appcompat:appcompat:1.6.1) with ExtractAarTransform
Transforming appcompat-1.6.1.aar (androidx.appcompat:appcompat:1.6.1) with AarTransform
Transforming viewpager2-1.0.0.aar (androidx.viewpager2:viewpager2:1.0.0) with JetifyTransform
Transforming viewpager2-1.0.0.aar (androidx.viewpager2:viewpager2:1.0.0) with ExtractAarTransform
Transforming viewpager2-1.0.0.aar (androidx.viewpager2:viewpager2:1.0.0) with AarTransform
Transforming play-services-ads-22.6.0.aar (com.google.android.gms:play-services-ads:22.6.0) with JetifyTransform
Transforming play-services-ads-22.6.0.aar (com.google.android.gms:play-services-ads:22.6.0) with ExtractAarTransform
Transforming play-services-ads-22.6.0.aar (com.google.android.gms:play-services-ads:22.6.0) with AarTransform
Transforming play-services-appset-16.0.1.aar (com.google.android.gms:play-services-appset:16.0.1) with JetifyTransform
Transforming play-services-appset-16.0.1.aar (com.google.android.gms:play-services-appset:16.0.1) with ExtractAarTransform
Transforming play-services-appset-16.0.1.aar (com.google.android.gms:play-services-appset:16.0.1) with AarTransform
Transforming play-services-base-18.2.0.aar (com.google.android.gms:play-services-base:18.2.0) with JetifyTransform
Transforming play-services-base-18.2.0.aar (com.google.android.gms:play-services-base:18.2.0) with ExtractAarTransform
Transforming play-services-base-18.2.0.aar (com.google.android.gms:play-services-base:18.2.0) with AarTransform
Transforming play-services-base-18.2.0.aar (com.google.android.gms:play-services-base:18.2.0) with JetifyTransform
Transforming play-services-base-18.2.0.aar (com.google.android.gms:play-services-base:18.2.0) with ExtractAarTransform
Transforming play-services-base-18.2.0.aar (com.google.android.gms:play-services-base:18.2.0) with AarTransform
Transforming drawerlayout-1.1.1.aar (androidx.drawerlayout:drawerlayout:1.1.1) with JetifyTransform
Transforming drawerlayout-1.1.1.aar (androidx.drawerlayout:drawerlayout:1.1.1) with ExtractAarTransform
Transforming drawerlayout-1.1.1.aar (androidx.drawerlayout:drawerlayout:1.1.1) with AarTransform
Transforming coordinatorlayout-1.1.0.aar (androidx.coordinatorlayout:coordinatorlayout:1.1.0) with JetifyTransform
Transforming coordinatorlayout-1.1.0.aar (androidx.coordinatorlayout:coordinatorlayout:1.1.0) with ExtractAarTransform
Transforming coordinatorlayout-1.1.0.aar (androidx.coordinatorlayout:coordinatorlayout:1.1.0) with AarTransform
Transforming dynamicanimation-1.0.0.aar (androidx.dynamicanimation:dynamicanimation:1.0.0) with JetifyTransform
Transforming dynamicanimation-1.0.0.aar (androidx.dynamicanimation:dynamicanimation:1.0.0) with ExtractAarTransform
Transforming dynamicanimation-1.0.0.aar (androidx.dynamicanimation:dynamicanimation:1.0.0) with AarTransform
Transforming transition-1.2.0.aar (androidx.transition:transition:1.2.0) with JetifyTransform
Transforming transition-1.2.0.aar (androidx.transition:transition:1.2.0) with ExtractAarTransform
Transforming transition-1.2.0.aar (androidx.transition:transition:1.2.0) with AarTransform
Transforming vectordrawable-animated-1.1.0.aar (androidx.vectordrawable:vectordrawable-animated:1.1.0) with JetifyTransform
Transforming vectordrawable-animated-1.1.0.aar (androidx.vectordrawable:vectordrawable-animated:1.1.0) with ExtractAarTransform
Transforming vectordrawable-animated-1.1.0.aar (androidx.vectordrawable:vectordrawable-animated:1.1.0) with AarTransform
Transforming vectordrawable-1.1.0.aar (androidx.vectordrawable:vectordrawable:1.1.0) with JetifyTransform
Transforming vectordrawable-1.1.0.aar (androidx.vectordrawable:vectordrawable:1.1.0) with ExtractAarTransform
Transforming vectordrawable-1.1.0.aar (androidx.vectordrawable:vectordrawable:1.1.0) with AarTransform
Transforming vectordrawable-1.1.0.aar (androidx.vectordrawable:vectordrawable:1.1.0) with JetifyTransform
Transforming vectordrawable-1.1.0.aar (androidx.vectordrawable:vectordrawable:1.1.0) with ExtractAarTransform
Transforming vectordrawable-1.1.0.aar (androidx.vectordrawable:vectordrawable:1.1.0) with AarTransform
Transforming hilt-navigation-compose-1.1.0.aar (androidx.hilt:hilt-navigation-compose:1.1.0) with JetifyTransform
Transforming hilt-navigation-compose-1.1.0.aar (androidx.hilt:hilt-navigation-compose:1.1.0) with ExtractAarTransform
Transforming hilt-navigation-compose-1.1.0.aar (androidx.hilt:hilt-navigation-compose:1.1.0) with AarTransform
Transforming hilt-navigation-1.1.0.aar (androidx.hilt:hilt-navigation:1.1.0) with JetifyTransform
Transforming hilt-navigation-1.1.0.aar (androidx.hilt:hilt-navigation:1.1.0) with ExtractAarTransform
Transforming hilt-navigation-1.1.0.aar (androidx.hilt:hilt-navigation:1.1.0) with AarTransform
Transforming navigation-common-2.7.6.aar (androidx.navigation:navigation-common:2.7.6) with JetifyTransform
Transforming navigation-common-2.7.6.aar (androidx.navigation:navigation-common:2.7.6) with ExtractAarTransform
Transforming navigation-common-2.7.6.aar (androidx.navigation:navigation-common:2.7.6) with AarTransform
Transforming navigation-runtime-2.7.6.aar (androidx.navigation:navigation-runtime:2.7.6) with JetifyTransform
Transforming navigation-runtime-2.7.6.aar (androidx.navigation:navigation-runtime:2.7.6) with ExtractAarTransform
Transforming navigation-runtime-2.7.6.aar (androidx.navigation:navigation-runtime:2.7.6) with AarTransform
Transforming navigation-common-ktx-2.7.6.aar (androidx.navigation:navigation-common-ktx:2.7.6) with JetifyTransform
Transforming navigation-common-ktx-2.7.6.aar (androidx.navigation:navigation-common-ktx:2.7.6) with ExtractAarTransform
Transforming navigation-common-ktx-2.7.6.aar (androidx.navigation:navigation-common-ktx:2.7.6) with AarTransform
Transforming navigation-runtime-ktx-2.7.6.aar (androidx.navigation:navigation-runtime-ktx:2.7.6) with JetifyTransform
Transforming navigation-runtime-ktx-2.7.6.aar (androidx.navigation:navigation-runtime-ktx:2.7.6) with ExtractAarTransform
Transforming navigation-runtime-ktx-2.7.6.aar (androidx.navigation:navigation-runtime-ktx:2.7.6) with AarTransform
Transforming navigation-compose-2.7.6.aar (androidx.navigation:navigation-compose:2.7.6) with JetifyTransform
Transforming navigation-compose-2.7.6.aar (androidx.navigation:navigation-compose:2.7.6) with ExtractAarTransform
Transforming navigation-compose-2.7.6.aar (androidx.navigation:navigation-compose:2.7.6) with AarTransform
Transforming accompanist-permissions-0.32.0.aar (com.google.accompanist:accompanist-permissions:0.32.0) with JetifyTransform
Transforming accompanist-permissions-0.32.0.aar (com.google.accompanist:accompanist-permissions:0.32.0) with ExtractAarTransform
Transforming accompanist-permissions-0.32.0.aar (com.google.accompanist:accompanist-permissions:0.32.0) with AarTransform
Transforming room-ktx-2.6.1.aar (androidx.room:room-ktx:2.6.1) with JetifyTransform
Transforming room-ktx-2.6.1.aar (androidx.room:room-ktx:2.6.1) with ExtractAarTransform
Transforming room-ktx-2.6.1.aar (androidx.room:room-ktx:2.6.1) with AarTransform
Transforming play-services-ads-lite-22.6.0.aar (com.google.android.gms:play-services-ads-lite:22.6.0) with JetifyTransform
Transforming play-services-ads-lite-22.6.0.aar (com.google.android.gms:play-services-ads-lite:22.6.0) with ExtractAarTransform
Transforming play-services-ads-lite-22.6.0.aar (com.google.android.gms:play-services-ads-lite:22.6.0) with AarTransform
Transforming work-runtime-2.7.0.aar (androidx.work:work-runtime:2.7.0) with JetifyTransform
Transforming work-runtime-2.7.0.aar (androidx.work:work-runtime:2.7.0) with ExtractAarTransform
Transforming work-runtime-2.7.0.aar (androidx.work:work-runtime:2.7.0) with AarTransform
Transforming room-runtime-2.6.1.aar (androidx.room:room-runtime:2.6.1) with JetifyTransform
Transforming room-runtime-2.6.1.aar (androidx.room:room-runtime:2.6.1) with ExtractAarTransform
Transforming room-runtime-2.6.1.aar (androidx.room:room-runtime:2.6.1) with AarTransform
Transforming room-paging-2.6.1.aar (androidx.room:room-paging:2.6.1) with JetifyTransform
Transforming room-paging-2.6.1.aar (androidx.room:room-paging:2.6.1) with ExtractAarTransform
Transforming room-paging-2.6.1.aar (androidx.room:room-paging:2.6.1) with AarTransform
Transforming paging-runtime-3.2.1.aar (androidx.paging:paging-runtime:3.2.1) with JetifyTransform
Transforming paging-runtime-3.2.1.aar (androidx.paging:paging-runtime:3.2.1) with ExtractAarTransform
Transforming paging-runtime-3.2.1.aar (androidx.paging:paging-runtime:3.2.1) with AarTransform
Transforming paging-runtime-ktx-3.2.1.aar (androidx.paging:paging-runtime-ktx:3.2.1) with JetifyTransform
Transforming paging-runtime-ktx-3.2.1.aar (androidx.paging:paging-runtime-ktx:3.2.1) with ExtractAarTransform
Transforming paging-runtime-ktx-3.2.1.aar (androidx.paging:paging-runtime-ktx:3.2.1) with AarTransform
Transforming paging-compose-3.2.1.aar (androidx.paging:paging-compose:3.2.1) with JetifyTransform
Transforming paging-compose-3.2.1.aar (androidx.paging:paging-compose:3.2.1) with ExtractAarTransform
Transforming paging-compose-3.2.1.aar (androidx.paging:paging-compose:3.2.1) with AarTransform
Transforming material3-release.aar (androidx.compose.material3:material3-android:1.2.0) with JetifyTransform
Transforming material3-release.aar (androidx.compose.material3:material3-android:1.2.0) with ExtractAarTransform
Transforming material3-release.aar (androidx.compose.material3:material3-android:1.2.0) with AarTransform
Transforming material-ripple-release.aar (androidx.compose.material:material-ripple-android:1.6.1) with JetifyTransform
Transforming material-ripple-release.aar (androidx.compose.material:material-ripple-android:1.6.1) with ExtractAarTransform
Transforming material-ripple-release.aar (androidx.compose.material:material-ripple-android:1.6.1) with AarTransform
Transforming material-icons-core-release.aar (androidx.compose.material:material-icons-core-android:1.6.1) with JetifyTransform
Transforming material-icons-core-release.aar (androidx.compose.material:material-icons-core-android:1.6.1) with ExtractAarTransform
Transforming material-icons-core-release.aar (androidx.compose.material:material-icons-core-android:1.6.1) with AarTransform
Transforming material-release.aar (androidx.compose.material:material-android:1.6.1) with JetifyTransform
Transforming material-release.aar (androidx.compose.material:material-android:1.6.1) with ExtractAarTransform
Transforming material-release.aar (androidx.compose.material:material-android:1.6.1) with AarTransform
Transforming animation-core-release.aar (androidx.compose.animation:animation-core-android:1.6.1) with JetifyTransform
Transforming animation-core-release.aar (androidx.compose.animation:animation-core-android:1.6.1) with ExtractAarTransform
Transforming animation-core-release.aar (androidx.compose.animation:animation-core-android:1.6.1) with AarTransform
Transforming animation-release.aar (androidx.compose.animation:animation-android:1.6.1) with JetifyTransform
Transforming animation-release.aar (androidx.compose.animation:animation-android:1.6.1) with ExtractAarTransform
Transforming animation-release.aar (androidx.compose.animation:animation-android:1.6.1) with AarTransform
Transforming foundation-layout-release.aar (androidx.compose.foundation:foundation-layout-android:1.6.1) with JetifyTransform
Transforming foundation-layout-release.aar (androidx.compose.foundation:foundation-layout-android:1.6.1) with ExtractAarTransform
Transforming foundation-layout-release.aar (androidx.compose.foundation:foundation-layout-android:1.6.1) with AarTransform
Transforming foundation-release.aar (androidx.compose.foundation:foundation-android:1.6.1) with JetifyTransform
Transforming foundation-release.aar (androidx.compose.foundation:foundation-android:1.6.1) with ExtractAarTransform
Transforming foundation-release.aar (androidx.compose.foundation:foundation-android:1.6.1) with AarTransform
Transforming ui-unit-release.aar (androidx.compose.ui:ui-unit-android:1.6.1) with JetifyTransform
Transforming ui-unit-release.aar (androidx.compose.ui:ui-unit-android:1.6.1) with ExtractAarTransform
Transforming ui-unit-release.aar (androidx.compose.ui:ui-unit-android:1.6.1) with AarTransform
Transforming ui-geometry-release.aar (androidx.compose.ui:ui-geometry-android:1.6.1) with JetifyTransform
Transforming ui-geometry-release.aar (androidx.compose.ui:ui-geometry-android:1.6.1) with ExtractAarTransform
Transforming ui-geometry-release.aar (androidx.compose.ui:ui-geometry-android:1.6.1) with AarTransform
Transforming ui-util-release.aar (androidx.compose.ui:ui-util-android:1.6.1) with JetifyTransform
Transforming ui-util-release.aar (androidx.compose.ui:ui-util-android:1.6.1) with ExtractAarTransform
Transforming ui-util-release.aar (androidx.compose.ui:ui-util-android:1.6.1) with AarTransform
Transforming ui-text-release.aar (androidx.compose.ui:ui-text-android:1.6.1) with JetifyTransform
Transforming ui-text-release.aar (androidx.compose.ui:ui-text-android:1.6.1) with ExtractAarTransform
Transforming ui-text-release.aar (androidx.compose.ui:ui-text-android:1.6.1) with AarTransform
Transforming ui-tooling-preview-release.aar (androidx.compose.ui:ui-tooling-preview-android:1.6.1) with JetifyTransform
Transforming ui-tooling-preview-release.aar (androidx.compose.ui:ui-tooling-preview-android:1.6.1) with ExtractAarTransform
Transforming ui-tooling-preview-release.aar (androidx.compose.ui:ui-tooling-preview-android:1.6.1) with AarTransform
Transforming ui-graphics-release.aar (androidx.compose.ui:ui-graphics-android:1.6.1) with JetifyTransform
Transforming ui-graphics-release.aar (androidx.compose.ui:ui-graphics-android:1.6.1) with ExtractAarTransform
Transforming ui-graphics-release.aar (androidx.compose.ui:ui-graphics-android:1.6.1) with AarTransform
Transforming runtime-saveable-release.aar (androidx.compose.runtime:runtime-saveable-android:1.6.1) with JetifyTransform
Transforming runtime-saveable-release.aar (androidx.compose.runtime:runtime-saveable-android:1.6.1) with ExtractAarTransform
Transforming runtime-saveable-release.aar (androidx.compose.runtime:runtime-saveable-android:1.6.1) with AarTransform
Transforming runtime-release.aar (androidx.compose.runtime:runtime-android:1.6.1) with JetifyTransform
Transforming runtime-release.aar (androidx.compose.runtime:runtime-android:1.6.1) with ExtractAarTransform
Transforming runtime-release.aar (androidx.compose.runtime:runtime-android:1.6.1) with AarTransform
Transforming runtime-livedata-1.6.1.aar (androidx.compose.runtime:runtime-livedata:1.6.1) with JetifyTransform
Transforming runtime-livedata-1.6.1.aar (androidx.compose.runtime:runtime-livedata:1.6.1) with ExtractAarTransform
Transforming runtime-livedata-1.6.1.aar (androidx.compose.runtime:runtime-livedata:1.6.1) with AarTransform
Transforming hilt-android-2.49.aar (com.google.dagger:hilt-android:2.49) with JetifyTransform
Transforming hilt-android-2.49.aar (com.google.dagger:hilt-android:2.49) with ExtractAarTransform
Transforming hilt-android-2.49.aar (com.google.dagger:hilt-android:2.49) with AarTransform
Transforming play-services-tasks-18.0.2.aar (com.google.android.gms:play-services-tasks:18.0.2) with JetifyTransform
Transforming play-services-tasks-18.0.2.aar (com.google.android.gms:play-services-tasks:18.0.2) with ExtractAarTransform
Transforming play-services-tasks-18.0.2.aar (com.google.android.gms:play-services-tasks:18.0.2) with AarTransform
Transforming play-services-tasks-18.0.2.aar (com.google.android.gms:play-services-tasks:18.0.2) with JetifyTransform
Transforming play-services-tasks-18.0.2.aar (com.google.android.gms:play-services-tasks:18.0.2) with ExtractAarTransform
Transforming play-services-tasks-18.0.2.aar (com.google.android.gms:play-services-tasks:18.0.2) with AarTransform
Transforming play-services-tasks-18.0.2.aar (com.google.android.gms:play-services-tasks:18.0.2) with JetifyTransform
Transforming play-services-tasks-18.0.2.aar (com.google.android.gms:play-services-tasks:18.0.2) with ExtractAarTransform
Transforming play-services-tasks-18.0.2.aar (com.google.android.gms:play-services-tasks:18.0.2) with AarTransform
Transforming play-services-ads-base-22.6.0.aar (com.google.android.gms:play-services-ads-base:22.6.0) with JetifyTransform
Transforming play-services-ads-base-22.6.0.aar (com.google.android.gms:play-services-ads-base:22.6.0) with ExtractAarTransform
Transforming play-services-ads-base-22.6.0.aar (com.google.android.gms:play-services-ads-base:22.6.0) with AarTransform
Transforming play-services-ads-base-22.6.0.aar (com.google.android.gms:play-services-ads-base:22.6.0) with JetifyTransform
Transforming play-services-ads-base-22.6.0.aar (com.google.android.gms:play-services-ads-base:22.6.0) with ExtractAarTransform
Transforming play-services-ads-base-22.6.0.aar (com.google.android.gms:play-services-ads-base:22.6.0) with AarTransform
Transforming user-messaging-platform-2.1.0.aar (com.google.android.ump:user-messaging-platform:2.1.0) with JetifyTransform
Transforming user-messaging-platform-2.1.0.aar (com.google.android.ump:user-messaging-platform:2.1.0) with ExtractAarTransform
Transforming user-messaging-platform-2.1.0.aar (com.google.android.ump:user-messaging-platform:2.1.0) with AarTransform
Transforming play-services-ads-identifier-18.0.0.aar (com.google.android.gms:play-services-ads-identifier:18.0.0) with JetifyTransform
Transforming play-services-ads-identifier-18.0.0.aar (com.google.android.gms:play-services-ads-identifier:18.0.0) with ExtractAarTransform
Transforming play-services-ads-identifier-18.0.0.aar (com.google.android.gms:play-services-ads-identifier:18.0.0) with AarTransform
Transforming play-services-ads-identifier-18.0.0.aar (com.google.android.gms:play-services-ads-identifier:18.0.0) with JetifyTransform
Transforming play-services-ads-identifier-18.0.0.aar (com.google.android.gms:play-services-ads-identifier:18.0.0) with ExtractAarTransform
Transforming play-services-ads-identifier-18.0.0.aar (com.google.android.gms:play-services-ads-identifier:18.0.0) with AarTransform
Transforming play-services-measurement-sdk-api-20.1.2.aar (com.google.android.gms:play-services-measurement-sdk-api:20.1.2) with JetifyTransform
Transforming play-services-measurement-sdk-api-20.1.2.aar (com.google.android.gms:play-services-measurement-sdk-api:20.1.2) with ExtractAarTransform
Transforming play-services-measurement-sdk-api-20.1.2.aar (com.google.android.gms:play-services-measurement-sdk-api:20.1.2) with AarTransform
Transforming play-services-measurement-base-20.1.2.aar (com.google.android.gms:play-services-measurement-base:20.1.2) with JetifyTransform
Transforming play-services-measurement-base-20.1.2.aar (com.google.android.gms:play-services-measurement-base:20.1.2) with ExtractAarTransform
Transforming play-services-measurement-base-20.1.2.aar (com.google.android.gms:play-services-measurement-base:20.1.2) with AarTransform
Transforming play-services-basement-18.2.0.aar (com.google.android.gms:play-services-basement:18.2.0) with JetifyTransform
Transforming play-services-basement-18.2.0.aar (com.google.android.gms:play-services-basement:18.2.0) with ExtractAarTransform
Transforming play-services-basement-18.2.0.aar (com.google.android.gms:play-services-basement:18.2.0) with AarTransform
Transforming play-services-basement-18.2.0.aar (com.google.android.gms:play-services-basement:18.2.0) with JetifyTransform
Transforming play-services-basement-18.2.0.aar (com.google.android.gms:play-services-basement:18.2.0) with ExtractAarTransform
Transforming play-services-basement-18.2.0.aar (com.google.android.gms:play-services-basement:18.2.0) with AarTransform
Transforming play-services-basement-18.2.0.aar (com.google.android.gms:play-services-basement:18.2.0) with JetifyTransform
Transforming play-services-basement-18.2.0.aar (com.google.android.gms:play-services-basement:18.2.0) with ExtractAarTransform
Transforming play-services-basement-18.2.0.aar (com.google.android.gms:play-services-basement:18.2.0) with AarTransform
Transforming play-services-basement-18.2.0.aar (com.google.android.gms:play-services-basement:18.2.0) with JetifyTransform
Transforming play-services-basement-18.2.0.aar (com.google.android.gms:play-services-basement:18.2.0) with ExtractAarTransform
Transforming play-services-basement-18.2.0.aar (com.google.android.gms:play-services-basement:18.2.0) with AarTransform
Transforming play-services-basement-18.2.0.aar (com.google.android.gms:play-services-basement:18.2.0) with JetifyTransform
Transforming play-services-basement-18.2.0.aar (com.google.android.gms:play-services-basement:18.2.0) with ExtractAarTransform
Transforming play-services-basement-18.2.0.aar (com.google.android.gms:play-services-basement:18.2.0) with AarTransform
Transforming play-services-basement-18.2.0.aar (com.google.android.gms:play-services-basement:18.2.0) with JetifyTransform
Transforming play-services-basement-18.2.0.aar (com.google.android.gms:play-services-basement:18.2.0) with ExtractAarTransform
Transforming play-services-basement-18.2.0.aar (com.google.android.gms:play-services-basement:18.2.0) with AarTransform
Transforming play-services-basement-18.2.0.aar (com.google.android.gms:play-services-basement:18.2.0) with JetifyTransform
Transforming play-services-basement-18.2.0.aar (com.google.android.gms:play-services-basement:18.2.0) with ExtractAarTransform
Transforming play-services-basement-18.2.0.aar (com.google.android.gms:play-services-basement:18.2.0) with AarTransform
Transforming play-services-basement-18.2.0.aar (com.google.android.gms:play-services-basement:18.2.0) with JetifyTransform
Transforming play-services-basement-18.2.0.aar (com.google.android.gms:play-services-basement:18.2.0) with ExtractAarTransform
Transforming play-services-basement-18.2.0.aar (com.google.android.gms:play-services-basement:18.2.0) with AarTransform
Transforming play-services-basement-18.2.0.aar (com.google.android.gms:play-services-basement:18.2.0) with JetifyTransform
Transforming play-services-basement-18.2.0.aar (com.google.android.gms:play-services-basement:18.2.0) with ExtractAarTransform
Transforming play-services-basement-18.2.0.aar (com.google.android.gms:play-services-basement:18.2.0) with AarTransform
Transforming play-services-basement-18.2.0.aar (com.google.android.gms:play-services-basement:18.2.0) with JetifyTransform
Transforming play-services-basement-18.2.0.aar (com.google.android.gms:play-services-basement:18.2.0) with ExtractAarTransform
Transforming play-services-basement-18.2.0.aar (com.google.android.gms:play-services-basement:18.2.0) with AarTransform
Transforming fragment-1.5.1.aar (androidx.fragment:fragment:1.5.1) with JetifyTransform
Transforming fragment-1.5.1.aar (androidx.fragment:fragment:1.5.1) with ExtractAarTransform
Transforming fragment-1.5.1.aar (androidx.fragment:fragment:1.5.1) with AarTransform
Transforming fragment-1.5.1.aar (androidx.fragment:fragment:1.5.1) with JetifyTransform
Transforming fragment-1.5.1.aar (androidx.fragment:fragment:1.5.1) with ExtractAarTransform
Transforming fragment-1.5.1.aar (androidx.fragment:fragment:1.5.1) with AarTransform
Transforming fragment-1.5.1.aar (androidx.fragment:fragment:1.5.1) with JetifyTransform
Transforming fragment-1.5.1.aar (androidx.fragment:fragment:1.5.1) with ExtractAarTransform
Transforming fragment-1.5.1.aar (androidx.fragment:fragment:1.5.1) with AarTransform
Transforming fragment-1.5.1.aar (androidx.fragment:fragment:1.5.1) with JetifyTransform
Transforming fragment-1.5.1.aar (androidx.fragment:fragment:1.5.1) with ExtractAarTransform
Transforming fragment-1.5.1.aar (androidx.fragment:fragment:1.5.1) with AarTransform
Transforming emoji2-views-helper-1.3.0.aar (androidx.emoji2:emoji2-views-helper:1.3.0) with JetifyTransform
Transforming emoji2-views-helper-1.3.0.aar (androidx.emoji2:emoji2-views-helper:1.3.0) with ExtractAarTransform
Transforming emoji2-views-helper-1.3.0.aar (androidx.emoji2:emoji2-views-helper:1.3.0) with AarTransform
Transforming emoji2-1.3.0.aar (androidx.emoji2:emoji2:1.3.0) with JetifyTransform
Transforming emoji2-1.3.0.aar (androidx.emoji2:emoji2:1.3.0) with ExtractAarTransform
Transforming emoji2-1.3.0.aar (androidx.emoji2:emoji2:1.3.0) with AarTransform
Transforming lifecycle-process-2.7.0.aar (androidx.lifecycle:lifecycle-process:2.7.0) with JetifyTransform
Transforming lifecycle-process-2.7.0.aar (androidx.lifecycle:lifecycle-process:2.7.0) with ExtractAarTransform
Transforming lifecycle-process-2.7.0.aar (androidx.lifecycle:lifecycle-process:2.7.0) with AarTransform
Transforming lifecycle-service-2.7.0.aar (androidx.lifecycle:lifecycle-service:2.7.0) with JetifyTransform
Transforming lifecycle-service-2.7.0.aar (androidx.lifecycle:lifecycle-service:2.7.0) with ExtractAarTransform
Transforming lifecycle-service-2.7.0.aar (androidx.lifecycle:lifecycle-service:2.7.0) with AarTransform
Transforming lifecycle-livedata-core-ktx-2.7.0.aar (androidx.lifecycle:lifecycle-livedata-core-ktx:2.7.0) with JetifyTransform
Transforming lifecycle-livedata-core-ktx-2.7.0.aar (androidx.lifecycle:lifecycle-livedata-core-ktx:2.7.0) with ExtractAarTransform
Transforming lifecycle-livedata-core-ktx-2.7.0.aar (androidx.lifecycle:lifecycle-livedata-core-ktx:2.7.0) with AarTransform
Transforming lifecycle-livedata-ktx-2.7.0.aar (androidx.lifecycle:lifecycle-livedata-ktx:2.7.0) with JetifyTransform
Transforming lifecycle-livedata-ktx-2.7.0.aar (androidx.lifecycle:lifecycle-livedata-ktx:2.7.0) with ExtractAarTransform
Transforming lifecycle-livedata-ktx-2.7.0.aar (androidx.lifecycle:lifecycle-livedata-ktx:2.7.0) with AarTransform
Transforming lifecycle-livedata-core-2.7.0.aar (androidx.lifecycle:lifecycle-livedata-core:2.7.0) with JetifyTransform
Transforming lifecycle-livedata-core-2.7.0.aar (androidx.lifecycle:lifecycle-livedata-core:2.7.0) with ExtractAarTransform
Transforming lifecycle-livedata-core-2.7.0.aar (androidx.lifecycle:lifecycle-livedata-core:2.7.0) with AarTransform
Transforming legacy-support-core-utils-1.0.0.aar (androidx.legacy:legacy-support-core-utils:1.0.0) with JetifyTransform
Transforming legacy-support-core-utils-1.0.0.aar (androidx.legacy:legacy-support-core-utils:1.0.0) with ExtractAarTransform
Transforming legacy-support-core-utils-1.0.0.aar (androidx.legacy:legacy-support-core-utils:1.0.0) with AarTransform
Transforming loader-1.0.0.aar (androidx.loader:loader:1.0.0) with JetifyTransform
Transforming loader-1.0.0.aar (androidx.loader:loader:1.0.0) with ExtractAarTransform
Transforming loader-1.0.0.aar (androidx.loader:loader:1.0.0) with AarTransform
Transforming loader-1.0.0.aar (androidx.loader:loader:1.0.0) with JetifyTransform
Transforming loader-1.0.0.aar (androidx.loader:loader:1.0.0) with ExtractAarTransform
Transforming loader-1.0.0.aar (androidx.loader:loader:1.0.0) with AarTransform
Transforming lifecycle-livedata-2.7.0.aar (androidx.lifecycle:lifecycle-livedata:2.7.0) with JetifyTransform
Transforming lifecycle-livedata-2.7.0.aar (androidx.lifecycle:lifecycle-livedata:2.7.0) with ExtractAarTransform
Transforming lifecycle-livedata-2.7.0.aar (androidx.lifecycle:lifecycle-livedata:2.7.0) with AarTransform
Transforming lifecycle-livedata-2.7.0.aar (androidx.lifecycle:lifecycle-livedata:2.7.0) with JetifyTransform
Transforming lifecycle-livedata-2.7.0.aar (androidx.lifecycle:lifecycle-livedata:2.7.0) with ExtractAarTransform
Transforming lifecycle-livedata-2.7.0.aar (androidx.lifecycle:lifecycle-livedata:2.7.0) with AarTransform
Transforming savedstate-ktx-1.2.1.aar (androidx.savedstate:savedstate-ktx:1.2.1) with JetifyTransform
Transforming savedstate-ktx-1.2.1.aar (androidx.savedstate:savedstate-ktx:1.2.1) with ExtractAarTransform
Transforming savedstate-ktx-1.2.1.aar (androidx.savedstate:savedstate-ktx:1.2.1) with AarTransform
Transforming savedstate-1.2.1.aar (androidx.savedstate:savedstate:1.2.1) with JetifyTransform
Transforming savedstate-1.2.1.aar (androidx.savedstate:savedstate:1.2.1) with ExtractAarTransform
Transforming savedstate-1.2.1.aar (androidx.savedstate:savedstate:1.2.1) with AarTransform
Transforming lifecycle-viewmodel-savedstate-2.7.0.aar (androidx.lifecycle:lifecycle-viewmodel-savedstate:2.7.0) with JetifyTransform
Transforming lifecycle-viewmodel-savedstate-2.7.0.aar (androidx.lifecycle:lifecycle-viewmodel-savedstate:2.7.0) with ExtractAarTransform
Transforming lifecycle-viewmodel-savedstate-2.7.0.aar (androidx.lifecycle:lifecycle-viewmodel-savedstate:2.7.0) with AarTransform
Transforming lifecycle-viewmodel-ktx-2.7.0.aar (androidx.lifecycle:lifecycle-viewmodel-ktx:2.7.0) with JetifyTransform
Transforming lifecycle-viewmodel-ktx-2.7.0.aar (androidx.lifecycle:lifecycle-viewmodel-ktx:2.7.0) with ExtractAarTransform
Transforming lifecycle-viewmodel-ktx-2.7.0.aar (androidx.lifecycle:lifecycle-viewmodel-ktx:2.7.0) with AarTransform
Transforming lifecycle-viewmodel-2.7.0.aar (androidx.lifecycle:lifecycle-viewmodel:2.7.0) with JetifyTransform
Transforming lifecycle-viewmodel-2.7.0.aar (androidx.lifecycle:lifecycle-viewmodel:2.7.0) with ExtractAarTransform
Transforming lifecycle-viewmodel-2.7.0.aar (androidx.lifecycle:lifecycle-viewmodel:2.7.0) with AarTransform
Transforming lifecycle-viewmodel-2.7.0.aar (androidx.lifecycle:lifecycle-viewmodel:2.7.0) with JetifyTransform
Transforming lifecycle-viewmodel-2.7.0.aar (androidx.lifecycle:lifecycle-viewmodel:2.7.0) with ExtractAarTransform
Transforming lifecycle-viewmodel-2.7.0.aar (androidx.lifecycle:lifecycle-viewmodel:2.7.0) with AarTransform
Transforming lifecycle-runtime-2.7.0.aar (androidx.lifecycle:lifecycle-runtime:2.7.0) with JetifyTransform
Transforming lifecycle-runtime-2.7.0.aar (androidx.lifecycle:lifecycle-runtime:2.7.0) with ExtractAarTransform
Transforming lifecycle-runtime-2.7.0.aar (androidx.lifecycle:lifecycle-runtime:2.7.0) with AarTransform
Transforming lifecycle-runtime-ktx-2.7.0.aar (androidx.lifecycle:lifecycle-runtime-ktx:2.7.0) with JetifyTransform
Transforming lifecycle-runtime-ktx-2.7.0.aar (androidx.lifecycle:lifecycle-runtime-ktx:2.7.0) with ExtractAarTransform
Transforming lifecycle-runtime-ktx-2.7.0.aar (androidx.lifecycle:lifecycle-runtime-ktx:2.7.0) with AarTransform
Transforming lifecycle-viewmodel-compose-2.7.0.aar (androidx.lifecycle:lifecycle-viewmodel-compose:2.7.0) with JetifyTransform
Transforming lifecycle-viewmodel-compose-2.7.0.aar (androidx.lifecycle:lifecycle-viewmodel-compose:2.7.0) with ExtractAarTransform
Transforming lifecycle-viewmodel-compose-2.7.0.aar (androidx.lifecycle:lifecycle-viewmodel-compose:2.7.0) with AarTransform
Transforming accompanist-drawablepainter-0.32.0.aar (com.google.accompanist:accompanist-drawablepainter:0.32.0) with JetifyTransform
Transforming accompanist-drawablepainter-0.32.0.aar (com.google.accompanist:accompanist-drawablepainter:0.32.0) with ExtractAarTransform
Transforming accompanist-drawablepainter-0.32.0.aar (com.google.accompanist:accompanist-drawablepainter:0.32.0) with AarTransform
Transforming ui-release.aar (androidx.compose.ui:ui-android:1.6.1) with JetifyTransform
Transforming ui-release.aar (androidx.compose.ui:ui-android:1.6.1) with ExtractAarTransform
Transforming ui-release.aar (androidx.compose.ui:ui-android:1.6.1) with AarTransform
Transforming activity-ktx-1.8.2.aar (androidx.activity:activity-ktx:1.8.2) with JetifyTransform
Transforming activity-ktx-1.8.2.aar (androidx.activity:activity-ktx:1.8.2) with ExtractAarTransform
Transforming activity-ktx-1.8.2.aar (androidx.activity:activity-ktx:1.8.2) with AarTransform
Transforming activity-compose-1.8.2.aar (androidx.activity:activity-compose:1.8.2) with JetifyTransform
Transforming activity-compose-1.8.2.aar (androidx.activity:activity-compose:1.8.2) with ExtractAarTransform
Transforming activity-compose-1.8.2.aar (androidx.activity:activity-compose:1.8.2) with AarTransform
Transforming activity-1.8.2.aar (androidx.activity:activity:1.8.2) with JetifyTransform
Transforming activity-1.8.2.aar (androidx.activity:activity:1.8.2) with ExtractAarTransform
Transforming activity-1.8.2.aar (androidx.activity:activity:1.8.2) with AarTransform
Transforming exoplayer-2.19.1.aar (com.google.android.exoplayer:exoplayer:2.19.1) with JetifyTransform
Transforming exoplayer-2.19.1.aar (com.google.android.exoplayer:exoplayer:2.19.1) with ExtractAarTransform
Transforming exoplayer-2.19.1.aar (com.google.android.exoplayer:exoplayer:2.19.1) with AarTransform
Transforming exoplayer-dash-2.19.1.aar (com.google.android.exoplayer:exoplayer-dash:2.19.1) with JetifyTransform
Transforming exoplayer-dash-2.19.1.aar (com.google.android.exoplayer:exoplayer-dash:2.19.1) with ExtractAarTransform
Transforming exoplayer-dash-2.19.1.aar (com.google.android.exoplayer:exoplayer-dash:2.19.1) with AarTransform
Transforming exoplayer-hls-2.19.1.aar (com.google.android.exoplayer:exoplayer-hls:2.19.1) with JetifyTransform
Transforming exoplayer-hls-2.19.1.aar (com.google.android.exoplayer:exoplayer-hls:2.19.1) with ExtractAarTransform
Transforming exoplayer-hls-2.19.1.aar (com.google.android.exoplayer:exoplayer-hls:2.19.1) with AarTransform
Transforming exoplayer-rtsp-2.19.1.aar (com.google.android.exoplayer:exoplayer-rtsp:2.19.1) with JetifyTransform
Transforming exoplayer-rtsp-2.19.1.aar (com.google.android.exoplayer:exoplayer-rtsp:2.19.1) with ExtractAarTransform
Transforming exoplayer-rtsp-2.19.1.aar (com.google.android.exoplayer:exoplayer-rtsp:2.19.1) with AarTransform
Transforming exoplayer-smoothstreaming-2.19.1.aar (com.google.android.exoplayer:exoplayer-smoothstreaming:2.19.1) with JetifyTransform
Transforming exoplayer-smoothstreaming-2.19.1.aar (com.google.android.exoplayer:exoplayer-smoothstreaming:2.19.1) with ExtractAarTransform
Transforming exoplayer-smoothstreaming-2.19.1.aar (com.google.android.exoplayer:exoplayer-smoothstreaming:2.19.1) with AarTransform
Transforming exoplayer-core-2.19.1.aar (com.google.android.exoplayer:exoplayer-core:2.19.1) with JetifyTransform
Transforming exoplayer-core-2.19.1.aar (com.google.android.exoplayer:exoplayer-core:2.19.1) with ExtractAarTransform
Transforming exoplayer-core-2.19.1.aar (com.google.android.exoplayer:exoplayer-core:2.19.1) with AarTransform
Transforming exoplayer-ui-2.19.1.aar (com.google.android.exoplayer:exoplayer-ui:2.19.1) with JetifyTransform
Transforming exoplayer-ui-2.19.1.aar (com.google.android.exoplayer:exoplayer-ui:2.19.1) with ExtractAarTransform
Transforming exoplayer-ui-2.19.1.aar (com.google.android.exoplayer:exoplayer-ui:2.19.1) with AarTransform
Transforming recyclerview-1.3.0.aar (androidx.recyclerview:recyclerview:1.3.0) with JetifyTransform
Transforming recyclerview-1.3.0.aar (androidx.recyclerview:recyclerview:1.3.0) with ExtractAarTransform
Transforming recyclerview-1.3.0.aar (androidx.recyclerview:recyclerview:1.3.0) with AarTransform
Transforming recyclerview-1.3.0.aar (androidx.recyclerview:recyclerview:1.3.0) with JetifyTransform
Transforming recyclerview-1.3.0.aar (androidx.recyclerview:recyclerview:1.3.0) with ExtractAarTransform
Transforming recyclerview-1.3.0.aar (androidx.recyclerview:recyclerview:1.3.0) with AarTransform
Transforming media-1.6.0.aar (androidx.media:media:1.6.0) with JetifyTransform
Transforming media-1.6.0.aar (androidx.media:media:1.6.0) with ExtractAarTransform
Transforming media-1.6.0.aar (androidx.media:media:1.6.0) with AarTransform
Transforming browser-1.4.0.aar (androidx.browser:browser:1.4.0) with JetifyTransform
Transforming browser-1.4.0.aar (androidx.browser:browser:1.4.0) with ExtractAarTransform
Transforming browser-1.4.0.aar (androidx.browser:browser:1.4.0) with AarTransform
Transforming viewpager-1.0.0.aar (androidx.viewpager:viewpager:1.0.0) with JetifyTransform
Transforming viewpager-1.0.0.aar (androidx.viewpager:viewpager:1.0.0) with ExtractAarTransform
Transforming viewpager-1.0.0.aar (androidx.viewpager:viewpager:1.0.0) with AarTransform
Transforming customview-1.1.0.aar (androidx.customview:customview:1.1.0) with JetifyTransform
Transforming customview-1.1.0.aar (androidx.customview:customview:1.1.0) with ExtractAarTransform
Transforming customview-1.1.0.aar (androidx.customview:customview:1.1.0) with AarTransform
Transforming customview-1.1.0.aar (androidx.customview:customview:1.1.0) with JetifyTransform
Transforming customview-1.1.0.aar (androidx.customview:customview:1.1.0) with ExtractAarTransform
Transforming customview-1.1.0.aar (androidx.customview:customview:1.1.0) with AarTransform
Transforming customview-1.1.0.aar (androidx.customview:customview:1.1.0) with JetifyTransform
Transforming customview-1.1.0.aar (androidx.customview:customview:1.1.0) with ExtractAarTransform
Transforming customview-1.1.0.aar (androidx.customview:customview:1.1.0) with AarTransform
Transforming customview-1.1.0.aar (androidx.customview:customview:1.1.0) with JetifyTransform
Transforming customview-1.1.0.aar (androidx.customview:customview:1.1.0) with ExtractAarTransform
Transforming customview-1.1.0.aar (androidx.customview:customview:1.1.0) with AarTransform
Transforming autofill-1.0.0.aar (androidx.autofill:autofill:1.0.0) with JetifyTransform
Transforming autofill-1.0.0.aar (androidx.autofill:autofill:1.0.0) with ExtractAarTransform
Transforming autofill-1.0.0.aar (androidx.autofill:autofill:1.0.0) with AarTransform
Transforming core-1.12.0.aar (androidx.core:core:1.12.0) with JetifyTransform
Transforming core-1.12.0.aar (androidx.core:core:1.12.0) with ExtractAarTransform
Transforming core-1.12.0.aar (androidx.core:core:1.12.0) with AarTransform
Transforming core-1.12.0.aar (androidx.core:core:1.12.0) with JetifyTransform
Transforming core-1.12.0.aar (androidx.core:core:1.12.0) with ExtractAarTransform
Transforming core-1.12.0.aar (androidx.core:core:1.12.0) with AarTransform
Transforming core-1.12.0.aar (androidx.core:core:1.12.0) with JetifyTransform
Transforming core-1.12.0.aar (androidx.core:core:1.12.0) with ExtractAarTransform
Transforming core-1.12.0.aar (androidx.core:core:1.12.0) with AarTransform
Transforming core-1.12.0.aar (androidx.core:core:1.12.0) with JetifyTransform
Transforming core-1.12.0.aar (androidx.core:core:1.12.0) with ExtractAarTransform
Transforming core-1.12.0.aar (androidx.core:core:1.12.0) with AarTransform
Transforming core-1.12.0.aar (androidx.core:core:1.12.0) with JetifyTransform
Transforming core-1.12.0.aar (androidx.core:core:1.12.0) with ExtractAarTransform
Transforming core-1.12.0.aar (androidx.core:core:1.12.0) with AarTransform
Transforming core-1.12.0.aar (androidx.core:core:1.12.0) with JetifyTransform
Transforming core-1.12.0.aar (androidx.core:core:1.12.0) with ExtractAarTransform
Transforming core-1.12.0.aar (androidx.core:core:1.12.0) with AarTransform
Transforming core-1.12.0.aar (androidx.core:core:1.12.0) with JetifyTransform
Transforming core-1.12.0.aar (androidx.core:core:1.12.0) with ExtractAarTransform
Transforming core-1.12.0.aar (androidx.core:core:1.12.0) with AarTransform
Transforming core-1.12.0.aar (androidx.core:core:1.12.0) with JetifyTransform
Transforming core-1.12.0.aar (androidx.core:core:1.12.0) with ExtractAarTransform
Transforming core-1.12.0.aar (androidx.core:core:1.12.0) with AarTransform
Transforming core-1.12.0.aar (androidx.core:core:1.12.0) with JetifyTransform
Transforming core-1.12.0.aar (androidx.core:core:1.12.0) with ExtractAarTransform
Transforming core-1.12.0.aar (androidx.core:core:1.12.0) with AarTransform
Transforming core-1.12.0.aar (androidx.core:core:1.12.0) with JetifyTransform
Transforming core-1.12.0.aar (androidx.core:core:1.12.0) with ExtractAarTransform
Transforming core-1.12.0.aar (androidx.core:core:1.12.0) with AarTransform
Transforming core-1.12.0.aar (androidx.core:core:1.12.0) with JetifyTransform
Transforming core-1.12.0.aar (androidx.core:core:1.12.0) with ExtractAarTransform
Transforming core-1.12.0.aar (androidx.core:core:1.12.0) with AarTransform
Transforming core-1.12.0.aar (androidx.core:core:1.12.0) with JetifyTransform
Transforming core-1.12.0.aar (androidx.core:core:1.12.0) with ExtractAarTransform
Transforming core-1.12.0.aar (androidx.core:core:1.12.0) with AarTransform
Transforming core-1.12.0.aar (androidx.core:core:1.12.0) with JetifyTransform
Transforming core-1.12.0.aar (androidx.core:core:1.12.0) with ExtractAarTransform
Transforming core-1.12.0.aar (androidx.core:core:1.12.0) with AarTransform
Transforming core-1.12.0.aar (androidx.core:core:1.12.0) with JetifyTransform
Transforming core-1.12.0.aar (androidx.core:core:1.12.0) with ExtractAarTransform
Transforming core-1.12.0.aar (androidx.core:core:1.12.0) with AarTransform
Transforming core-1.12.0.aar (androidx.core:core:1.12.0) with JetifyTransform
Transforming core-1.12.0.aar (androidx.core:core:1.12.0) with ExtractAarTransform
Transforming core-1.12.0.aar (androidx.core:core:1.12.0) with AarTransform
Transforming ads-adservices-java-1.0.0-beta05.aar (androidx.privacysandbox.ads:ads-adservices-java:1.0.0-beta05) with JetifyTransform
Transforming ads-adservices-java-1.0.0-beta05.aar (androidx.privacysandbox.ads:ads-adservices-java:1.0.0-beta05) with ExtractAarTransform
Transforming ads-adservices-java-1.0.0-beta05.aar (androidx.privacysandbox.ads:ads-adservices-java:1.0.0-beta05) with AarTransform
Transforming ads-adservices-1.0.0-beta05.aar (androidx.privacysandbox.ads:ads-adservices:1.0.0-beta05) with JetifyTransform
Transforming ads-adservices-1.0.0-beta05.aar (androidx.privacysandbox.ads:ads-adservices:1.0.0-beta05) with ExtractAarTransform
Transforming ads-adservices-1.0.0-beta05.aar (androidx.privacysandbox.ads:ads-adservices:1.0.0-beta05) with AarTransform
Transforming ads-adservices-1.0.0-beta05.aar (androidx.privacysandbox.ads:ads-adservices:1.0.0-beta05) with JetifyTransform
Transforming ads-adservices-1.0.0-beta05.aar (androidx.privacysandbox.ads:ads-adservices:1.0.0-beta05) with ExtractAarTransform
Transforming ads-adservices-1.0.0-beta05.aar (androidx.privacysandbox.ads:ads-adservices:1.0.0-beta05) with AarTransform
Transforming customview-poolingcontainer-1.0.0.aar (androidx.customview:customview-poolingcontainer:1.0.0) with JetifyTransform
Transforming customview-poolingcontainer-1.0.0.aar (androidx.customview:customview-poolingcontainer:1.0.0) with ExtractAarTransform
Transforming customview-poolingcontainer-1.0.0.aar (androidx.customview:customview-poolingcontainer:1.0.0) with AarTransform
Transforming core-ktx-1.12.0.aar (androidx.core:core-ktx:1.12.0) with JetifyTransform
Transforming core-ktx-1.12.0.aar (androidx.core:core-ktx:1.12.0) with ExtractAarTransform
Transforming core-ktx-1.12.0.aar (androidx.core:core-ktx:1.12.0) with AarTransform
Transforming flexbox-3.0.0.aar (com.google.android.flexbox:flexbox:3.0.0) with JetifyTransform
Transforming flexbox-3.0.0.aar (com.google.android.flexbox:flexbox:3.0.0) with ExtractAarTransform
Transforming flexbox-3.0.0.aar (com.google.android.flexbox:flexbox:3.0.0) with AarTransform
Transforming core-splashscreen-1.0.1.aar (androidx.core:core-splashscreen:1.0.1) with JetifyTransform
Transforming core-splashscreen-1.0.1.aar (androidx.core:core-splashscreen:1.0.1) with ExtractAarTransform
Transforming core-splashscreen-1.0.1.aar (androidx.core:core-splashscreen:1.0.1) with AarTransform
Transforming sqlite-framework-2.4.0.aar (androidx.sqlite:sqlite-framework:2.4.0) with JetifyTransform
Transforming sqlite-framework-2.4.0.aar (androidx.sqlite:sqlite-framework:2.4.0) with ExtractAarTransform
Transforming sqlite-framework-2.4.0.aar (androidx.sqlite:sqlite-framework:2.4.0) with AarTransform
Transforming sqlite-2.4.0.aar (androidx.sqlite:sqlite:2.4.0) with JetifyTransform
Transforming sqlite-2.4.0.aar (androidx.sqlite:sqlite:2.4.0) with ExtractAarTransform
Transforming sqlite-2.4.0.aar (androidx.sqlite:sqlite:2.4.0) with AarTransform
Transforming napier-release.aar (io.github.aakira:napier-android:1.4.1) with JetifyTransform
Transforming napier-release.aar (io.github.aakira:napier-android:1.4.1) with ExtractAarTransform
Transforming napier-release.aar (io.github.aakira:napier-android:1.4.1) with AarTransform
Transforming annotation-experimental-1.4.0.aar (androidx.annotation:annotation-experimental:1.4.0) with JetifyTransform
Transforming annotation-experimental-1.4.0.aar (androidx.annotation:annotation-experimental:1.4.0) with ExtractAarTransform
Transforming annotation-experimental-1.4.0.aar (androidx.annotation:annotation-experimental:1.4.0) with AarTransform
Transforming cursoradapter-1.0.0.aar (androidx.cursoradapter:cursoradapter:1.0.0) with JetifyTransform
Transforming cursoradapter-1.0.0.aar (androidx.cursoradapter:cursoradapter:1.0.0) with ExtractAarTransform
Transforming cursoradapter-1.0.0.aar (androidx.cursoradapter:cursoradapter:1.0.0) with AarTransform
Transforming cardview-1.0.0.aar (androidx.cardview:cardview:1.0.0) with JetifyTransform
Transforming cardview-1.0.0.aar (androidx.cardview:cardview:1.0.0) with ExtractAarTransform
Transforming cardview-1.0.0.aar (androidx.cardview:cardview:1.0.0) with AarTransform
Transforming core-runtime-2.2.0.aar (androidx.arch.core:core-runtime:2.2.0) with JetifyTransform
Transforming core-runtime-2.2.0.aar (androidx.arch.core:core-runtime:2.2.0) with ExtractAarTransform
Transforming core-runtime-2.2.0.aar (androidx.arch.core:core-runtime:2.2.0) with AarTransform
Transforming exoplayer-datasource-2.19.1.aar (com.google.android.exoplayer:exoplayer-datasource:2.19.1) with JetifyTransform
Transforming exoplayer-datasource-2.19.1.aar (com.google.android.exoplayer:exoplayer-datasource:2.19.1) with ExtractAarTransform
Transforming exoplayer-datasource-2.19.1.aar (com.google.android.exoplayer:exoplayer-datasource:2.19.1) with AarTransform
Transforming exoplayer-database-2.19.1.aar (com.google.android.exoplayer:exoplayer-database:2.19.1) with JetifyTransform
Transforming exoplayer-database-2.19.1.aar (com.google.android.exoplayer:exoplayer-database:2.19.1) with ExtractAarTransform
Transforming exoplayer-database-2.19.1.aar (com.google.android.exoplayer:exoplayer-database:2.19.1) with AarTransform
Transforming exoplayer-extractor-2.19.1.aar (com.google.android.exoplayer:exoplayer-extractor:2.19.1) with JetifyTransform
Transforming exoplayer-extractor-2.19.1.aar (com.google.android.exoplayer:exoplayer-extractor:2.19.1) with ExtractAarTransform
Transforming exoplayer-extractor-2.19.1.aar (com.google.android.exoplayer:exoplayer-extractor:2.19.1) with AarTransform
Transforming exoplayer-decoder-2.19.1.aar (com.google.android.exoplayer:exoplayer-decoder:2.19.1) with JetifyTransform
Transforming exoplayer-decoder-2.19.1.aar (com.google.android.exoplayer:exoplayer-decoder:2.19.1) with ExtractAarTransform
Transforming exoplayer-decoder-2.19.1.aar (com.google.android.exoplayer:exoplayer-decoder:2.19.1) with AarTransform
Transforming exoplayer-container-2.19.1.aar (com.google.android.exoplayer:exoplayer-container:2.19.1) with JetifyTransform
Transforming exoplayer-container-2.19.1.aar (com.google.android.exoplayer:exoplayer-container:2.19.1) with ExtractAarTransform
Transforming exoplayer-container-2.19.1.aar (com.google.android.exoplayer:exoplayer-container:2.19.1) with AarTransform
Transforming exoplayer-common-2.19.1.aar (com.google.android.exoplayer:exoplayer-common:2.19.1) with JetifyTransform
Transforming exoplayer-common-2.19.1.aar (com.google.android.exoplayer:exoplayer-common:2.19.1) with ExtractAarTransform
Transforming exoplayer-common-2.19.1.aar (com.google.android.exoplayer:exoplayer-common:2.19.1) with AarTransform
Transforming interpolator-1.0.0.aar (androidx.interpolator:interpolator:1.0.0) with JetifyTransform
Transforming interpolator-1.0.0.aar (androidx.interpolator:interpolator:1.0.0) with ExtractAarTransform
Transforming interpolator-1.0.0.aar (androidx.interpolator:interpolator:1.0.0) with AarTransform
Transforming interpolator-1.0.0.aar (androidx.interpolator:interpolator:1.0.0) with JetifyTransform
Transforming interpolator-1.0.0.aar (androidx.interpolator:interpolator:1.0.0) with ExtractAarTransform
Transforming interpolator-1.0.0.aar (androidx.interpolator:interpolator:1.0.0) with AarTransform
Transforming versionedparcelable-1.1.1.aar (androidx.versionedparcelable:versionedparcelable:1.1.1) with JetifyTransform
Transforming versionedparcelable-1.1.1.aar (androidx.versionedparcelable:versionedparcelable:1.1.1) with ExtractAarTransform
Transforming versionedparcelable-1.1.1.aar (androidx.versionedparcelable:versionedparcelable:1.1.1) with AarTransform
Transforming profileinstaller-1.3.1.aar (androidx.profileinstaller:profileinstaller:1.3.1) with JetifyTransform
Transforming profileinstaller-1.3.1.aar (androidx.profileinstaller:profileinstaller:1.3.1) with ExtractAarTransform
Transforming profileinstaller-1.3.1.aar (androidx.profileinstaller:profileinstaller:1.3.1) with AarTransform
Transforming startup-runtime-1.1.1.aar (androidx.startup:startup-runtime:1.1.1) with JetifyTransform
Transforming startup-runtime-1.1.1.aar (androidx.startup:startup-runtime:1.1.1) with ExtractAarTransform
Transforming startup-runtime-1.1.1.aar (androidx.startup:startup-runtime:1.1.1) with AarTransform
Transforming tracing-1.0.0.aar (androidx.tracing:tracing:1.0.0) with JetifyTransform
Transforming tracing-1.0.0.aar (androidx.tracing:tracing:1.0.0) with ExtractAarTransform
Transforming tracing-1.0.0.aar (androidx.tracing:tracing:1.0.0) with AarTransform
Transforming documentfile-1.0.0.aar (androidx.documentfile:documentfile:1.0.0) with JetifyTransform
Transforming documentfile-1.0.0.aar (androidx.documentfile:documentfile:1.0.0) with ExtractAarTransform
Transforming documentfile-1.0.0.aar (androidx.documentfile:documentfile:1.0.0) with AarTransform
Transforming localbroadcastmanager-1.0.0.aar (androidx.localbroadcastmanager:localbroadcastmanager:1.0.0) with JetifyTransform
Transforming localbroadcastmanager-1.0.0.aar (androidx.localbroadcastmanager:localbroadcastmanager:1.0.0) with ExtractAarTransform
Transforming localbroadcastmanager-1.0.0.aar (androidx.localbroadcastmanager:localbroadcastmanager:1.0.0) with AarTransform
Transforming print-1.0.0.aar (androidx.print:print:1.0.0) with JetifyTransform
Transforming print-1.0.0.aar (androidx.print:print:1.0.0) with ExtractAarTransform
Transforming print-1.0.0.aar (androidx.print:print:1.0.0) with AarTransform
Transforming exifinterface-1.3.6.aar (androidx.exifinterface:exifinterface:1.3.6) with JetifyTransform
Transforming exifinterface-1.3.6.aar (androidx.exifinterface:exifinterface:1.3.6) with ExtractAarTransform
Transforming exifinterface-1.3.6.aar (androidx.exifinterface:exifinterface:1.3.6) with AarTransform
Transforming volley-1.2.1.aar (com.android.volley:volley:1.2.1) with JetifyTransform
Transforming volley-1.2.1.aar (com.android.volley:volley:1.2.1) with ExtractAarTransform
Transforming volley-1.2.1.aar (com.android.volley:volley:1.2.1) with AarTransform
Transforming Android-Image-Slider-1.4.0.aar (com.github.smarteist:Android-Image-Slider:1.4.0) with JetifyTransform
Transforming Android-Image-Slider-1.4.0.aar (com.github.smarteist:Android-Image-Slider:1.4.0) with ExtractAarTransform
Transforming Android-Image-Slider-1.4.0.aar (com.github.smarteist:Android-Image-Slider:1.4.0) with AarTransform
Transforming circleimageview-3.1.0.aar (de.hdodenhof:circleimageview:3.1.0) with JetifyTransform
Transforming circleimageview-3.1.0.aar (de.hdodenhof:circleimageview:3.1.0) with ExtractAarTransform
Transforming circleimageview-3.1.0.aar (de.hdodenhof:circleimageview:3.1.0) with AarTransform
Transforming dagger-lint-aar-2.49.aar (com.google.dagger:dagger-lint-aar:2.49) with JetifyTransform
Transforming dagger-lint-aar-2.49.aar (com.google.dagger:dagger-lint-aar:2.49) with ExtractAarTransform
Transforming dagger-lint-aar-2.49.aar (com.google.dagger:dagger-lint-aar:2.49) with AarTransform
Caching disabled for AarTransform: C:\Users\user\.gradle\caches\transforms-3\7b64fcd84fbd59187c29faf12635bee6\transformed\jetified-lottie-compose-6.1.0 because:
  Build cache is disabled
Skipping AarTransform: C:\Users\user\.gradle\caches\transforms-3\7b64fcd84fbd59187c29faf12635bee6\transformed\jetified-lottie-compose-6.1.0 as it is up-to-date.
Caching disabled for AarTransform: C:\Users\user\.gradle\caches\transforms-3\d76c3ac89ac3f5a9a20dcb6973cf40e8\transformed\material-1.11.0 because:
  Build cache is disabled
Caching disabled for AarTransform: C:\Users\user\.gradle\caches\transforms-3\f0c43f23ec6e516e0621ab61a039ef0c\transformed\jetified-lottie-6.1.0 because:
  Build cache is disabled
Skipping AarTransform: C:\Users\user\.gradle\caches\transforms-3\f0c43f23ec6e516e0621ab61a039ef0c\transformed\jetified-lottie-6.1.0 as it is up-to-date.
Skipping AarTransform: C:\Users\user\.gradle\caches\transforms-3\d76c3ac89ac3f5a9a20dcb6973cf40e8\transformed\material-1.11.0 as it is up-to-date.
Caching disabled for AarTransform: C:\Users\user\.gradle\caches\transforms-3\cb4e1830d0316264aa08d7cecb5d49a4\transformed\jetified-play-services-ads-22.6.0 because:
  Build cache is disabled
Skipping AarTransform: C:\Users\user\.gradle\caches\transforms-3\cb4e1830d0316264aa08d7cecb5d49a4\transformed\jetified-play-services-ads-22.6.0 as it is up-to-date.
Caching disabled for AarTransform: C:\Users\user\.gradle\caches\transforms-3\b279794bd278a40574c8244342fbb052\transformed\jetified-coil-2.5.0 because:
  Build cache is disabled
Skipping AarTransform: C:\Users\user\.gradle\caches\transforms-3\b279794bd278a40574c8244342fbb052\transformed\jetified-coil-2.5.0 as it is up-to-date.
Caching disabled for AarTransform: C:\Users\user\.gradle\caches\transforms-3\401ad4d70a412e15a764e8464bd867fe\transformed\jetified-play-services-base-18.2.0 because:
  Build cache is disabled
Skipping AarTransform: C:\Users\user\.gradle\caches\transforms-3\401ad4d70a412e15a764e8464bd867fe\transformed\jetified-play-services-base-18.2.0 as it is up-to-date.
Caching disabled for AarTransform: C:\Users\user\.gradle\caches\transforms-3\6ed70369f3cbd7b6be9f1b6bf7536159\transformed\jetified-play-services-appset-16.0.1 because:
  Build cache is disabled
Skipping AarTransform: C:\Users\user\.gradle\caches\transforms-3\6ed70369f3cbd7b6be9f1b6bf7536159\transformed\jetified-play-services-appset-16.0.1 as it is up-to-date.
Caching disabled for AarTransform: C:\Users\user\.gradle\caches\transforms-3\01af9fa4640328761f93b15ceedbb393\transformed\jetified-coil-compose-2.5.0 because:
  Build cache is disabled
Skipping AarTransform: C:\Users\user\.gradle\caches\transforms-3\01af9fa4640328761f93b15ceedbb393\transformed\jetified-coil-compose-2.5.0 as it is up-to-date.
Caching disabled for AarTransform: C:\Users\user\.gradle\caches\transforms-3\125cb728ef3f46ce7225da4c49aa0884\transformed\jetified-coil-compose-base-2.5.0 because:
  Build cache is disabled
Skipping AarTransform: C:\Users\user\.gradle\caches\transforms-3\125cb728ef3f46ce7225da4c49aa0884\transformed\jetified-coil-compose-base-2.5.0 as it is up-to-date.
Caching disabled for AarTransform: C:\Users\user\.gradle\caches\transforms-3\778bb1a5d67e711cfa1d601e315d4ba6\transformed\drawerlayout-1.1.1 because:
  Build cache is disabled
Skipping AarTransform: C:\Users\user\.gradle\caches\transforms-3\778bb1a5d67e711cfa1d601e315d4ba6\transformed\drawerlayout-1.1.1 as it is up-to-date.
Caching disabled for AarTransform: C:\Users\user\.gradle\caches\transforms-3\9fd41aa9d8f4ce40527fd11c9e9d8547\transformed\coordinatorlayout-1.1.0 because:
  Build cache is disabled
Caching disabled for AarTransform: C:\Users\user\.gradle\caches\transforms-3\4d4b3f0524238b36b1a0d4335e32a8e5\transformed\dynamicanimation-1.0.0 because:
  Build cache is disabled
Skipping AarTransform: C:\Users\user\.gradle\caches\transforms-3\9fd41aa9d8f4ce40527fd11c9e9d8547\transformed\coordinatorlayout-1.1.0 as it is up-to-date.
Skipping AarTransform: C:\Users\user\.gradle\caches\transforms-3\4d4b3f0524238b36b1a0d4335e32a8e5\transformed\dynamicanimation-1.0.0 as it is up-to-date.
Caching disabled for AarTransform: C:\Users\user\.gradle\caches\transforms-3\c589b80479df8889d96e60fd7d9c5d2b\transformed\transition-1.2.0 because:
  Build cache is disabled
Caching disabled for AarTransform: C:\Users\user\.gradle\caches\transforms-3\2619ed40ef3fa7bd0956e04ee7e7a9f1\transformed\vectordrawable-1.1.0 because:
  Build cache is disabled
Skipping AarTransform: C:\Users\user\.gradle\caches\transforms-3\c589b80479df8889d96e60fd7d9c5d2b\transformed\transition-1.2.0 as it is up-to-date.
Caching disabled for AarTransform: C:\Users\user\.gradle\caches\transforms-3\c91da17cc1cab4ba2d28b8a00826b7a4\transformed\vectordrawable-animated-1.1.0 because:
  Build cache is disabled
Skipping AarTransform: C:\Users\user\.gradle\caches\transforms-3\2619ed40ef3fa7bd0956e04ee7e7a9f1\transformed\vectordrawable-1.1.0 as it is up-to-date.
Skipping AarTransform: C:\Users\user\.gradle\caches\transforms-3\c91da17cc1cab4ba2d28b8a00826b7a4\transformed\vectordrawable-animated-1.1.0 as it is up-to-date.
Caching disabled for AarTransform: C:\Users\user\.gradle\caches\transforms-3\0f46e4ccc0eeb6bdb32e10768693dbb1\transformed\navigation-common-2.7.6 because:
  Build cache is disabled
Skipping AarTransform: C:\Users\user\.gradle\caches\transforms-3\0f46e4ccc0eeb6bdb32e10768693dbb1\transformed\navigation-common-2.7.6 as it is up-to-date.
Caching disabled for AarTransform: C:\Users\user\.gradle\caches\transforms-3\529160eccf25a2390ccb8db066af0ebf\transformed\jetified-hilt-navigation-compose-1.1.0 because:
  Build cache is disabled
Caching disabled for AarTransform: C:\Users\user\.gradle\caches\transforms-3\3ce319f41dad2e0f26341deb50e79fea\transformed\navigation-runtime-2.7.6 because:
  Build cache is disabled
Skipping AarTransform: C:\Users\user\.gradle\caches\transforms-3\3ce319f41dad2e0f26341deb50e79fea\transformed\navigation-runtime-2.7.6 as it is up-to-date.
Caching disabled for AarTransform: C:\Users\user\.gradle\caches\transforms-3\e867abbcf77ff1131be5b6df08de5eee\transformed\navigation-runtime-ktx-2.7.6 because:
  Build cache is disabled
Skipping AarTransform: C:\Users\user\.gradle\caches\transforms-3\e867abbcf77ff1131be5b6df08de5eee\transformed\navigation-runtime-ktx-2.7.6 as it is up-to-date.
Caching disabled for AarTransform: C:\Users\user\.gradle\caches\transforms-3\5c3aa40a2b81e8d14341f580c5067842\transformed\jetified-hilt-navigation-1.1.0 because:
  Build cache is disabled
Skipping AarTransform: C:\Users\user\.gradle\caches\transforms-3\5c3aa40a2b81e8d14341f580c5067842\transformed\jetified-hilt-navigation-1.1.0 as it is up-to-date.
Caching disabled for AarTransform: C:\Users\user\.gradle\caches\transforms-3\deeed389b8629d1b86b0d43d85b80f15\transformed\jetified-room-ktx-2.6.1 because:
  Build cache is disabled
Skipping AarTransform: C:\Users\user\.gradle\caches\transforms-3\deeed389b8629d1b86b0d43d85b80f15\transformed\jetified-room-ktx-2.6.1 as it is up-to-date.
Caching disabled for AarTransform: C:\Users\user\.gradle\caches\transforms-3\72921219f6734e39e36ce1ab1aad6d03\transformed\navigation-common-ktx-2.7.6 because:
  Build cache is disabled
Skipping AarTransform: C:\Users\user\.gradle\caches\transforms-3\72921219f6734e39e36ce1ab1aad6d03\transformed\navigation-common-ktx-2.7.6 as it is up-to-date.
Caching disabled for AarTransform: C:\Users\user\.gradle\caches\transforms-3\c4b49199efd8b05d152a707fc92393f9\transformed\jetified-play-services-ads-lite-22.6.0 because:
  Build cache is disabled
Skipping AarTransform: C:\Users\user\.gradle\caches\transforms-3\c4b49199efd8b05d152a707fc92393f9\transformed\jetified-play-services-ads-lite-22.6.0 as it is up-to-date.
Skipping AarTransform: C:\Users\user\.gradle\caches\transforms-3\529160eccf25a2390ccb8db066af0ebf\transformed\jetified-hilt-navigation-compose-1.1.0 as it is up-to-date.
Caching disabled for AarTransform: C:\Users\user\.gradle\caches\transforms-3\d13efe73e15feb692f299aca534190ce\transformed\work-runtime-2.7.0 because:
  Build cache is disabled
Skipping AarTransform: C:\Users\user\.gradle\caches\transforms-3\d13efe73e15feb692f299aca534190ce\transformed\work-runtime-2.7.0 as it is up-to-date.
Caching disabled for AarTransform: C:\Users\user\.gradle\caches\transforms-3\48cbbb2a7e04ed4bd14f5ee9909e7333\transformed\jetified-room-paging-2.6.1 because:
  Build cache is disabled
Skipping AarTransform: C:\Users\user\.gradle\caches\transforms-3\48cbbb2a7e04ed4bd14f5ee9909e7333\transformed\jetified-room-paging-2.6.1 as it is up-to-date.
Caching disabled for AarTransform: C:\Users\user\.gradle\caches\transforms-3\20b81b3594ace06c7a70dff3a2366e16\transformed\paging-runtime-3.2.1 because:
  Build cache is disabled
Skipping AarTransform: C:\Users\user\.gradle\caches\transforms-3\20b81b3594ace06c7a70dff3a2366e16\transformed\paging-runtime-3.2.1 as it is up-to-date.
Caching disabled for AarTransform: C:\Users\user\.gradle\caches\transforms-3\ae35f69c27c9ae25ab61f505d1c73246\transformed\jetified-navigation-compose-2.7.6 because:
  Build cache is disabled
Skipping AarTransform: C:\Users\user\.gradle\caches\transforms-3\ae35f69c27c9ae25ab61f505d1c73246\transformed\jetified-navigation-compose-2.7.6 as it is up-to-date.
Caching disabled for AarTransform: C:\Users\user\.gradle\caches\transforms-3\f60bd6a2f18e5772f3e63663a99cb4e1\transformed\jetified-accompanist-permissions-0.32.0 because:
  Build cache is disabled
Skipping AarTransform: C:\Users\user\.gradle\caches\transforms-3\f60bd6a2f18e5772f3e63663a99cb4e1\transformed\jetified-accompanist-permissions-0.32.0 as it is up-to-date.
Caching disabled for AarTransform: C:\Users\user\.gradle\caches\transforms-3\88935f1d435615fcfcf4533f1e74a0c1\transformed\jetified-paging-runtime-ktx-3.2.1 because:
  Build cache is disabled
Skipping AarTransform: C:\Users\user\.gradle\caches\transforms-3\88935f1d435615fcfcf4533f1e74a0c1\transformed\jetified-paging-runtime-ktx-3.2.1 as it is up-to-date.
Caching disabled for AarTransform: C:\Users\user\.gradle\caches\transforms-3\a0851db4a7ec9890e76aff435b580121\transformed\room-runtime-2.6.1 because:
  Build cache is disabled
Skipping AarTransform: C:\Users\user\.gradle\caches\transforms-3\a0851db4a7ec9890e76aff435b580121\transformed\room-runtime-2.6.1 as it is up-to-date.
Caching disabled for AarTransform: C:\Users\user\.gradle\caches\transforms-3\8773d98ab94b13f9d6437ce7e24c811e\transformed\jetified-paging-compose-3.2.1 because:
  Build cache is disabled
Skipping AarTransform: C:\Users\user\.gradle\caches\transforms-3\8773d98ab94b13f9d6437ce7e24c811e\transformed\jetified-paging-compose-3.2.1 as it is up-to-date.
Caching disabled for AarTransform: C:\Users\user\.gradle\caches\transforms-3\b6b0faadec3c628e9c76a6db86636b8a\transformed\jetified-material-ripple-release because:
  Build cache is disabled
Skipping AarTransform: C:\Users\user\.gradle\caches\transforms-3\b6b0faadec3c628e9c76a6db86636b8a\transformed\jetified-material-ripple-release as it is up-to-date.
Caching disabled for AarTransform: C:\Users\user\.gradle\caches\transforms-3\be77d38c4543d58a04ecd2e2930e4907\transformed\jetified-material-icons-core-release because:
  Build cache is disabled
Skipping AarTransform: C:\Users\user\.gradle\caches\transforms-3\be77d38c4543d58a04ecd2e2930e4907\transformed\jetified-material-icons-core-release as it is up-to-date.
Caching disabled for AarTransform: C:\Users\user\.gradle\caches\transforms-3\9eb07947c41291dd8dfaea7376b52cb3\transformed\jetified-material3-release because:
  Build cache is disabled
Caching disabled for AarTransform: C:\Users\user\.gradle\caches\transforms-3\cbc2465336ded970d23300a578f47882\transformed\jetified-material-release because:
  Build cache is disabled
Skipping AarTransform: C:\Users\user\.gradle\caches\transforms-3\9eb07947c41291dd8dfaea7376b52cb3\transformed\jetified-material3-release as it is up-to-date.
Caching disabled for AarTransform: C:\Users\user\.gradle\caches\transforms-3\0a80b947bb60c2e5812c98a4cde80cb9\transformed\jetified-animation-release because:
  Build cache is disabled
Caching disabled for AarTransform: C:\Users\user\.gradle\caches\transforms-3\a8d18580fb95d594af0e3ea2434d1f2a\transformed\jetified-animation-core-release because:
  Build cache is disabled
Skipping AarTransform: C:\Users\user\.gradle\caches\transforms-3\a8d18580fb95d594af0e3ea2434d1f2a\transformed\jetified-animation-core-release as it is up-to-date.
Skipping AarTransform: C:\Users\user\.gradle\caches\transforms-3\0a80b947bb60c2e5812c98a4cde80cb9\transformed\jetified-animation-release as it is up-to-date.
Skipping AarTransform: C:\Users\user\.gradle\caches\transforms-3\cbc2465336ded970d23300a578f47882\transformed\jetified-material-release as it is up-to-date.
Caching disabled for AarTransform: C:\Users\user\.gradle\caches\transforms-3\c0256db1311281ff7005418483771fda\transformed\jetified-foundation-layout-release because:
  Build cache is disabled
Skipping AarTransform: C:\Users\user\.gradle\caches\transforms-3\c0256db1311281ff7005418483771fda\transformed\jetified-foundation-layout-release as it is up-to-date.
Caching disabled for AarTransform: C:\Users\user\.gradle\caches\transforms-3\1371974239ba7d2e1f74577aa0076246\transformed\jetified-foundation-release because:
  Build cache is disabled
Skipping AarTransform: C:\Users\user\.gradle\caches\transforms-3\1371974239ba7d2e1f74577aa0076246\transformed\jetified-foundation-release as it is up-to-date.
Caching disabled for AarTransform: C:\Users\user\.gradle\caches\transforms-3\153cbe083d7bbbca75db78a9ed87c037\transformed\jetified-ui-text-release because:
  Build cache is disabled
Caching disabled for AarTransform: C:\Users\user\.gradle\caches\transforms-3\a24bbb3d7412e2af4b948b956c9db569\transformed\jetified-ui-util-release because:
  Build cache is disabled
Skipping AarTransform: C:\Users\user\.gradle\caches\transforms-3\153cbe083d7bbbca75db78a9ed87c037\transformed\jetified-ui-text-release as it is up-to-date.
Caching disabled for AarTransform: C:\Users\user\.gradle\caches\transforms-3\ca905dde751b020875aee835366c918b\transformed\jetified-ui-geometry-release because:
  Build cache is disabled
Skipping AarTransform: C:\Users\user\.gradle\caches\transforms-3\a24bbb3d7412e2af4b948b956c9db569\transformed\jetified-ui-util-release as it is up-to-date.
Skipping AarTransform: C:\Users\user\.gradle\caches\transforms-3\ca905dde751b020875aee835366c918b\transformed\jetified-ui-geometry-release as it is up-to-date.
Caching disabled for AarTransform: C:\Users\user\.gradle\caches\transforms-3\d0defa3efce5913b5e3d5a8aac5cb6a4\transformed\jetified-ui-graphics-release because:
  Build cache is disabled
Skipping AarTransform: C:\Users\user\.gradle\caches\transforms-3\d0defa3efce5913b5e3d5a8aac5cb6a4\transformed\jetified-ui-graphics-release as it is up-to-date.
Caching disabled for AarTransform: C:\Users\user\.gradle\caches\transforms-3\8d3e065e204b9a972c9d9d381b9eab8e\transformed\jetified-ui-tooling-preview-release because:
  Build cache is disabled
Skipping AarTransform: C:\Users\user\.gradle\caches\transforms-3\8d3e065e204b9a972c9d9d381b9eab8e\transformed\jetified-ui-tooling-preview-release as it is up-to-date.
Caching disabled for AarTransform: C:\Users\user\.gradle\caches\transforms-3\40952bfae19697ea740a0392ac032553\transformed\jetified-runtime-release because:
  Build cache is disabled
Caching disabled for AarTransform: C:\Users\user\.gradle\caches\transforms-3\a2969d7a46a5d26397bd0a40364b7789\transformed\jetified-ui-unit-release because:
  Build cache is disabled
Caching disabled for AarTransform: C:\Users\user\.gradle\caches\transforms-3\7609d0ec1dd432c286d684064b087864\transformed\jetified-hilt-android-2.49 because:
  Build cache is disabled
Skipping AarTransform: C:\Users\user\.gradle\caches\transforms-3\a2969d7a46a5d26397bd0a40364b7789\transformed\jetified-ui-unit-release as it is up-to-date.
Caching disabled for AarTransform: C:\Users\user\.gradle\caches\transforms-3\86393e3996726b41f76008ce236fad9e\transformed\jetified-runtime-livedata-1.6.1 because:
  Build cache is disabled
Skipping AarTransform: C:\Users\user\.gradle\caches\transforms-3\40952bfae19697ea740a0392ac032553\transformed\jetified-runtime-release as it is up-to-date.
Caching disabled for AarTransform: C:\Users\user\.gradle\caches\transforms-3\a12ebe0bcfa38772b01b24696e6db1a0\transformed\jetified-runtime-saveable-release because:
  Build cache is disabled
Caching disabled for AarTransform: C:\Users\user\.gradle\caches\transforms-3\09909989bcc6df1cb4cf8f5bc33de582\transformed\jetified-play-services-tasks-18.0.2 because:
  Build cache is disabled
Skipping AarTransform: C:\Users\user\.gradle\caches\transforms-3\a12ebe0bcfa38772b01b24696e6db1a0\transformed\jetified-runtime-saveable-release as it is up-to-date.
Skipping AarTransform: C:\Users\user\.gradle\caches\transforms-3\09909989bcc6df1cb4cf8f5bc33de582\transformed\jetified-play-services-tasks-18.0.2 as it is up-to-date.
Skipping AarTransform: C:\Users\user\.gradle\caches\transforms-3\7609d0ec1dd432c286d684064b087864\transformed\jetified-hilt-android-2.49 as it is up-to-date.
Skipping AarTransform: C:\Users\user\.gradle\caches\transforms-3\86393e3996726b41f76008ce236fad9e\transformed\jetified-runtime-livedata-1.6.1 as it is up-to-date.
Caching disabled for AarTransform: C:\Users\user\.gradle\caches\transforms-3\fefcfe30ff50cfe07535bb3f9f29fec4\transformed\jetified-play-services-ads-base-22.6.0 because:
  Build cache is disabled
Skipping AarTransform: C:\Users\user\.gradle\caches\transforms-3\fefcfe30ff50cfe07535bb3f9f29fec4\transformed\jetified-play-services-ads-base-22.6.0 as it is up-to-date.
Caching disabled for AarTransform: C:\Users\user\.gradle\caches\transforms-3\ff995add00743d0c496c4d8e0ee10f1e\transformed\jetified-play-services-ads-identifier-18.0.0 because:
  Build cache is disabled
Skipping AarTransform: C:\Users\user\.gradle\caches\transforms-3\ff995add00743d0c496c4d8e0ee10f1e\transformed\jetified-play-services-ads-identifier-18.0.0 as it is up-to-date.
Caching disabled for AarTransform: C:\Users\user\.gradle\caches\transforms-3\2a2496b4dd7bead2a2d5dfdd36faba56\transformed\jetified-user-messaging-platform-2.1.0 because:
  Build cache is disabled
Caching disabled for AarTransform: C:\Users\user\.gradle\caches\transforms-3\b28c9dde44421952352d4ece06208963\transformed\jetified-play-services-measurement-sdk-api-20.1.2 because:
  Build cache is disabled
Skipping AarTransform: C:\Users\user\.gradle\caches\transforms-3\2a2496b4dd7bead2a2d5dfdd36faba56\transformed\jetified-user-messaging-platform-2.1.0 as it is up-to-date.
Skipping AarTransform: C:\Users\user\.gradle\caches\transforms-3\b28c9dde44421952352d4ece06208963\transformed\jetified-play-services-measurement-sdk-api-20.1.2 as it is up-to-date.
Caching disabled for AarTransform: C:\Users\user\.gradle\caches\transforms-3\a98fef1d1520166b9b08927ea1e4f9aa\transformed\jetified-play-services-basement-18.2.0 because:
  Build cache is disabled
Caching disabled for AarTransform: C:\Users\user\.gradle\caches\transforms-3\7bc33f1b9169acd2dfd1a37a27683ae2\transformed\jetified-play-services-measurement-base-20.1.2 because:
  Build cache is disabled
Skipping AarTransform: C:\Users\user\.gradle\caches\transforms-3\a98fef1d1520166b9b08927ea1e4f9aa\transformed\jetified-play-services-basement-18.2.0 as it is up-to-date.
Skipping AarTransform: C:\Users\user\.gradle\caches\transforms-3\7bc33f1b9169acd2dfd1a37a27683ae2\transformed\jetified-play-services-measurement-base-20.1.2 as it is up-to-date.
Caching disabled for AarTransform: C:\Users\user\.gradle\caches\transforms-3\ce43085ba0af9184b2d8510666d1eb4c\transformed\fragment-1.5.1 because:
  Build cache is disabled
Skipping AarTransform: C:\Users\user\.gradle\caches\transforms-3\ce43085ba0af9184b2d8510666d1eb4c\transformed\fragment-1.5.1 as it is up-to-date.
Caching disabled for AarTransform: C:\Users\user\.gradle\caches\transforms-3\2e6a11253b53f57b3b9d26b8fa62696e\transformed\jetified-emoji2-views-helper-1.3.0 because:
  Build cache is disabled
Skipping AarTransform: C:\Users\user\.gradle\caches\transforms-3\2e6a11253b53f57b3b9d26b8fa62696e\transformed\jetified-emoji2-views-helper-1.3.0 as it is up-to-date.
Caching disabled for AarTransform: C:\Users\user\.gradle\caches\transforms-3\3bde4be5f64196dc9d79c4d702f48306\transformed\jetified-emoji2-1.3.0 because:
  Build cache is disabled
Skipping AarTransform: C:\Users\user\.gradle\caches\transforms-3\3bde4be5f64196dc9d79c4d702f48306\transformed\jetified-emoji2-1.3.0 as it is up-to-date.
Caching disabled for AarTransform: C:\Users\user\.gradle\caches\transforms-3\32759966595792c9a2f9091d1711a6d5\transformed\jetified-lifecycle-service-2.7.0 because:
  Build cache is disabled
Caching disabled for AarTransform: C:\Users\user\.gradle\caches\transforms-3\8bdbdf69ffb075614c5a434d355a0f8b\transformed\jetified-lifecycle-livedata-ktx-2.7.0 because:
  Build cache is disabled
Skipping AarTransform: C:\Users\user\.gradle\caches\transforms-3\32759966595792c9a2f9091d1711a6d5\transformed\jetified-lifecycle-service-2.7.0 as it is up-to-date.
Skipping AarTransform: C:\Users\user\.gradle\caches\transforms-3\8bdbdf69ffb075614c5a434d355a0f8b\transformed\jetified-lifecycle-livedata-ktx-2.7.0 as it is up-to-date.
Caching disabled for AarTransform: C:\Users\user\.gradle\caches\transforms-3\06eaa3d4db2446ae08073b00af0f9f1e\transformed\legacy-support-core-utils-1.0.0 because:
  Build cache is disabled
Skipping AarTransform: C:\Users\user\.gradle\caches\transforms-3\06eaa3d4db2446ae08073b00af0f9f1e\transformed\legacy-support-core-utils-1.0.0 as it is up-to-date.
Caching disabled for AarTransform: C:\Users\user\.gradle\caches\transforms-3\befba8fbd8bdeb7a931e0ef64310fd03\transformed\jetified-lifecycle-process-2.7.0 because:
  Build cache is disabled
Skipping AarTransform: C:\Users\user\.gradle\caches\transforms-3\befba8fbd8bdeb7a931e0ef64310fd03\transformed\jetified-lifecycle-process-2.7.0 as it is up-to-date.
Caching disabled for AarTransform: C:\Users\user\.gradle\caches\transforms-3\aa2ff84b73bdf2fedfb6304d3a34c1c2\transformed\loader-1.0.0 because:
  Build cache is disabled
Skipping AarTransform: C:\Users\user\.gradle\caches\transforms-3\aa2ff84b73bdf2fedfb6304d3a34c1c2\transformed\loader-1.0.0 as it is up-to-date.
Caching disabled for AarTransform: C:\Users\user\.gradle\caches\transforms-3\39183825c891526e3de148cba7025d38\transformed\jetified-lifecycle-livedata-core-ktx-2.7.0 because:
  Build cache is disabled
Skipping AarTransform: C:\Users\user\.gradle\caches\transforms-3\39183825c891526e3de148cba7025d38\transformed\jetified-lifecycle-livedata-core-ktx-2.7.0 as it is up-to-date.
Caching disabled for AarTransform: C:\Users\user\.gradle\caches\transforms-3\405ea0b6b50f1060e1e85abd75c2300a\transformed\lifecycle-livedata-core-2.7.0 because:
  Build cache is disabled
Caching disabled for AarTransform: C:\Users\user\.gradle\caches\transforms-3\be6eabc1e7597f5af8694205534369ad\transformed\lifecycle-livedata-2.7.0 because:
  Build cache is disabled
Skipping AarTransform: C:\Users\user\.gradle\caches\transforms-3\405ea0b6b50f1060e1e85abd75c2300a\transformed\lifecycle-livedata-core-2.7.0 as it is up-to-date.
Skipping AarTransform: C:\Users\user\.gradle\caches\transforms-3\be6eabc1e7597f5af8694205534369ad\transformed\lifecycle-livedata-2.7.0 as it is up-to-date.
Caching disabled for AarTransform: C:\Users\user\.gradle\caches\transforms-3\17d74363b6e909a9d3f818c44afa4535\transformed\jetified-lifecycle-viewmodel-savedstate-2.7.0 because:
  Build cache is disabled
Caching disabled for AarTransform: C:\Users\user\.gradle\caches\transforms-3\91aa7e25739ba49b8c446850083d9968\transformed\jetified-lifecycle-viewmodel-ktx-2.7.0 because:
  Build cache is disabled
Skipping AarTransform: C:\Users\user\.gradle\caches\transforms-3\17d74363b6e909a9d3f818c44afa4535\transformed\jetified-lifecycle-viewmodel-savedstate-2.7.0 as it is up-to-date.
Skipping AarTransform: C:\Users\user\.gradle\caches\transforms-3\91aa7e25739ba49b8c446850083d9968\transformed\jetified-lifecycle-viewmodel-ktx-2.7.0 as it is up-to-date.
Caching disabled for AarTransform: C:\Users\user\.gradle\caches\transforms-3\729f0ee4f5c310ded66695d5e416a80a\transformed\jetified-savedstate-1.2.1 because:
  Build cache is disabled
Skipping AarTransform: C:\Users\user\.gradle\caches\transforms-3\729f0ee4f5c310ded66695d5e416a80a\transformed\jetified-savedstate-1.2.1 as it is up-to-date.
Caching disabled for AarTransform: C:\Users\user\.gradle\caches\transforms-3\d13525a792cc64e11bbc6a846969e153\transformed\jetified-savedstate-ktx-1.2.1 because:
  Build cache is disabled
Skipping AarTransform: C:\Users\user\.gradle\caches\transforms-3\d13525a792cc64e11bbc6a846969e153\transformed\jetified-savedstate-ktx-1.2.1 as it is up-to-date.
Caching disabled for AarTransform: C:\Users\user\.gradle\caches\transforms-3\4bea3ad7086dd6310416577e679b27ab\transformed\lifecycle-runtime-2.7.0 because:
  Build cache is disabled
Caching disabled for AarTransform: C:\Users\user\.gradle\caches\transforms-3\d61403040d3c0a7f14b12e75c497150a\transformed\lifecycle-viewmodel-2.7.0 because:
  Build cache is disabled
Caching disabled for AarTransform: C:\Users\user\.gradle\caches\transforms-3\e109843751a45ceb797ac7414dcd1f55\transformed\jetified-lifecycle-runtime-ktx-2.7.0 because:
  Build cache is disabled
Skipping AarTransform: C:\Users\user\.gradle\caches\transforms-3\d61403040d3c0a7f14b12e75c497150a\transformed\lifecycle-viewmodel-2.7.0 as it is up-to-date.
Skipping AarTransform: C:\Users\user\.gradle\caches\transforms-3\e109843751a45ceb797ac7414dcd1f55\transformed\jetified-lifecycle-runtime-ktx-2.7.0 as it is up-to-date.
Skipping AarTransform: C:\Users\user\.gradle\caches\transforms-3\4bea3ad7086dd6310416577e679b27ab\transformed\lifecycle-runtime-2.7.0 as it is up-to-date.
Caching disabled for AarTransform: C:\Users\user\.gradle\caches\transforms-3\4d6838555ad24cf15a99513e72d58fa0\transformed\jetified-lifecycle-viewmodel-compose-2.7.0 because:
  Build cache is disabled
Skipping AarTransform: C:\Users\user\.gradle\caches\transforms-3\4d6838555ad24cf15a99513e72d58fa0\transformed\jetified-lifecycle-viewmodel-compose-2.7.0 as it is up-to-date.
Caching disabled for AarTransform: C:\Users\user\.gradle\caches\transforms-3\8f69b11fed3424c2a2d07f943e7b1442\transformed\jetified-accompanist-drawablepainter-0.32.0 because:
  Build cache is disabled
Caching disabled for AarTransform: C:\Users\user\.gradle\caches\transforms-3\3ff7e07e96cbf3c15e17ee90dee7c81e\transformed\jetified-activity-1.8.2 because:
  Build cache is disabled
Skipping AarTransform: C:\Users\user\.gradle\caches\transforms-3\3ff7e07e96cbf3c15e17ee90dee7c81e\transformed\jetified-activity-1.8.2 as it is up-to-date.
Caching disabled for AarTransform: C:\Users\user\.gradle\caches\transforms-3\eb7f95ceb80fe7edaffe686f45c414e3\transformed\jetified-ui-release because:
  Build cache is disabled
Caching disabled for AarTransform: C:\Users\user\.gradle\caches\transforms-3\23d54db28db6fd27500c43cbb98a94ee\transformed\jetified-exoplayer-2.19.1 because:
  Build cache is disabled
Skipping AarTransform: C:\Users\user\.gradle\caches\transforms-3\eb7f95ceb80fe7edaffe686f45c414e3\transformed\jetified-ui-release as it is up-to-date.
Caching disabled for AarTransform: C:\Users\user\.gradle\caches\transforms-3\6b9e330e22f5b80af693a9cc1ed78961\transformed\jetified-exoplayer-dash-2.19.1 because:
  Build cache is disabled
Skipping AarTransform: C:\Users\user\.gradle\caches\transforms-3\6b9e330e22f5b80af693a9cc1ed78961\transformed\jetified-exoplayer-dash-2.19.1 as it is up-to-date.
Caching disabled for AarTransform: C:\Users\user\.gradle\caches\transforms-3\cc2b5325880f19f8fa69e371da0fcec2\transformed\jetified-activity-compose-1.8.2 because:
  Build cache is disabled
Skipping AarTransform: C:\Users\user\.gradle\caches\transforms-3\cc2b5325880f19f8fa69e371da0fcec2\transformed\jetified-activity-compose-1.8.2 as it is up-to-date.
Caching disabled for AarTransform: C:\Users\user\.gradle\caches\transforms-3\bd4d0516dc82d593dc75d0d58095804e\transformed\jetified-activity-ktx-1.8.2 because:
  Build cache is disabled
Skipping AarTransform: C:\Users\user\.gradle\caches\transforms-3\bd4d0516dc82d593dc75d0d58095804e\transformed\jetified-activity-ktx-1.8.2 as it is up-to-date.
Skipping AarTransform: C:\Users\user\.gradle\caches\transforms-3\8f69b11fed3424c2a2d07f943e7b1442\transformed\jetified-accompanist-drawablepainter-0.32.0 as it is up-to-date.
Caching disabled for AarTransform: C:\Users\user\.gradle\caches\transforms-3\86e7631404a3447ccb8c53460349c742\transformed\jetified-exoplayer-hls-2.19.1 because:
  Build cache is disabled
Skipping AarTransform: C:\Users\user\.gradle\caches\transforms-3\86e7631404a3447ccb8c53460349c742\transformed\jetified-exoplayer-hls-2.19.1 as it is up-to-date.
Skipping AarTransform: C:\Users\user\.gradle\caches\transforms-3\23d54db28db6fd27500c43cbb98a94ee\transformed\jetified-exoplayer-2.19.1 as it is up-to-date.
Caching disabled for AarTransform: C:\Users\user\.gradle\caches\transforms-3\7988b5c431abeac835ef34d8554a267c\transformed\jetified-exoplayer-rtsp-2.19.1 because:
  Build cache is disabled
Caching disabled for AarTransform: C:\Users\user\.gradle\caches\transforms-3\04830523360f0a9c22bc3d9783abdb1e\transformed\jetified-exoplayer-smoothstreaming-2.19.1 because:
  Build cache is disabled
Caching disabled for AarTransform: C:\Users\user\.gradle\caches\transforms-3\6a39333c6856d532570520fbc2bd1c09\transformed\jetified-exoplayer-core-2.19.1 because:
  Build cache is disabled
Skipping AarTransform: C:\Users\user\.gradle\caches\transforms-3\6a39333c6856d532570520fbc2bd1c09\transformed\jetified-exoplayer-core-2.19.1 as it is up-to-date.
Skipping AarTransform: C:\Users\user\.gradle\caches\transforms-3\7988b5c431abeac835ef34d8554a267c\transformed\jetified-exoplayer-rtsp-2.19.1 as it is up-to-date.
Caching disabled for AarTransform: C:\Users\user\.gradle\caches\transforms-3\0f7bbe974198c0e6f5daf78e810cfb8e\transformed\recyclerview-1.3.0 because:
  Build cache is disabled
Skipping AarTransform: C:\Users\user\.gradle\caches\transforms-3\0f7bbe974198c0e6f5daf78e810cfb8e\transformed\recyclerview-1.3.0 as it is up-to-date.
Caching disabled for AarTransform: C:\Users\user\.gradle\caches\transforms-3\e64e0a3a08ca0f06a8ffeb68df2fb01e\transformed\media-1.6.0 because:
  Build cache is disabled
Skipping AarTransform: C:\Users\user\.gradle\caches\transforms-3\e64e0a3a08ca0f06a8ffeb68df2fb01e\transformed\media-1.6.0 as it is up-to-date.
Caching disabled for AarTransform: C:\Users\user\.gradle\caches\transforms-3\665f08a046034a03c45c1b60402783c2\transformed\jetified-exoplayer-ui-2.19.1 because:
  Build cache is disabled
Skipping AarTransform: C:\Users\user\.gradle\caches\transforms-3\665f08a046034a03c45c1b60402783c2\transformed\jetified-exoplayer-ui-2.19.1 as it is up-to-date.
Skipping AarTransform: C:\Users\user\.gradle\caches\transforms-3\04830523360f0a9c22bc3d9783abdb1e\transformed\jetified-exoplayer-smoothstreaming-2.19.1 as it is up-to-date.
Caching disabled for AarTransform: C:\Users\user\.gradle\caches\transforms-3\57848645458d68f540459ae62d741e32\transformed\viewpager-1.0.0 because:
  Build cache is disabled
Skipping AarTransform: C:\Users\user\.gradle\caches\transforms-3\57848645458d68f540459ae62d741e32\transformed\viewpager-1.0.0 as it is up-to-date.
Caching disabled for AarTransform: C:\Users\user\.gradle\caches\transforms-3\756e4599b46450e09c632b813556cee0\transformed\browser-1.4.0 because:
  Build cache is disabled
Skipping AarTransform: C:\Users\user\.gradle\caches\transforms-3\756e4599b46450e09c632b813556cee0\transformed\browser-1.4.0 as it is up-to-date.
Caching disabled for AarTransform: C:\Users\user\.gradle\caches\transforms-3\a2f4c85d9ee4c6259367ff55f3b32260\transformed\customview-1.1.0 because:
  Build cache is disabled
Skipping AarTransform: C:\Users\user\.gradle\caches\transforms-3\a2f4c85d9ee4c6259367ff55f3b32260\transformed\customview-1.1.0 as it is up-to-date.
Caching disabled for AarTransform: C:\Users\user\.gradle\caches\transforms-3\937d7a61b7111c64ca0de305910a85b2\transformed\jetified-autofill-1.0.0 because:
  Build cache is disabled
Skipping AarTransform: C:\Users\user\.gradle\caches\transforms-3\937d7a61b7111c64ca0de305910a85b2\transformed\jetified-autofill-1.0.0 as it is up-to-date.
Caching disabled for AarTransform: C:\Users\user\.gradle\caches\transforms-3\5c5739f4de2f71729af9e79251007f6b\transformed\core-1.12.0 because:
  Build cache is disabled
Skipping AarTransform: C:\Users\user\.gradle\caches\transforms-3\5c5739f4de2f71729af9e79251007f6b\transformed\core-1.12.0 as it is up-to-date.
Caching disabled for AarTransform: C:\Users\user\.gradle\caches\transforms-3\8b9d9cccd9cd11d68aeff198447cb46d\transformed\jetified-core-splashscreen-1.0.1 because:
  Build cache is disabled
Skipping AarTransform: C:\Users\user\.gradle\caches\transforms-3\8b9d9cccd9cd11d68aeff198447cb46d\transformed\jetified-core-splashscreen-1.0.1 as it is up-to-date.
Caching disabled for AarTransform: C:\Users\user\.gradle\caches\transforms-3\88a788eb4554cb70c926faac5961e219\transformed\jetified-ads-adservices-1.0.0-beta05 because:
  Build cache is disabled
Skipping AarTransform: C:\Users\user\.gradle\caches\transforms-3\88a788eb4554cb70c926faac5961e219\transformed\jetified-ads-adservices-1.0.0-beta05 as it is up-to-date.
Caching disabled for AarTransform: C:\Users\user\.gradle\caches\transforms-3\9ab85f199ce6032d85aa0cc0c0e855bb\transformed\jetified-core-ktx-1.12.0 because:
  Build cache is disabled
Caching disabled for AarTransform: C:\Users\user\.gradle\caches\transforms-3\bc26dfac284b88af3c813008f6ef1c3e\transformed\jetified-customview-poolingcontainer-1.0.0 because:
  Build cache is disabled
Skipping AarTransform: C:\Users\user\.gradle\caches\transforms-3\9ab85f199ce6032d85aa0cc0c0e855bb\transformed\jetified-core-ktx-1.12.0 as it is up-to-date.
Caching disabled for AarTransform: C:\Users\user\.gradle\caches\transforms-3\b524aad8313712e1a2099d34ba0009dd\transformed\jetified-flexbox-3.0.0 because:
  Build cache is disabled
Skipping AarTransform: C:\Users\user\.gradle\caches\transforms-3\bc26dfac284b88af3c813008f6ef1c3e\transformed\jetified-customview-poolingcontainer-1.0.0 as it is up-to-date.
Skipping AarTransform: C:\Users\user\.gradle\caches\transforms-3\b524aad8313712e1a2099d34ba0009dd\transformed\jetified-flexbox-3.0.0 as it is up-to-date.
Caching disabled for AarTransform: C:\Users\user\.gradle\caches\transforms-3\71618b46663af3ea0092ee8c6d5590fe\transformed\sqlite-framework-2.4.0 because:
  Build cache is disabled
Skipping AarTransform: C:\Users\user\.gradle\caches\transforms-3\71618b46663af3ea0092ee8c6d5590fe\transformed\sqlite-framework-2.4.0 as it is up-to-date.
Caching disabled for AarTransform: C:\Users\user\.gradle\caches\transforms-3\c4b75ff235f5060d29e5ddca564ceddc\transformed\jetified-ads-adservices-java-1.0.0-beta05 because:
  Build cache is disabled
Skipping AarTransform: C:\Users\user\.gradle\caches\transforms-3\c4b75ff235f5060d29e5ddca564ceddc\transformed\jetified-ads-adservices-java-1.0.0-beta05 as it is up-to-date.
Caching disabled for AarTransform: C:\Users\user\.gradle\caches\transforms-3\3d44061c8964bbe6cad35f32dd98185c\transformed\jetified-napier-release because:
  Build cache is disabled
Caching disabled for AarTransform: C:\Users\user\.gradle\caches\transforms-3\22c98dd52680fc31e34a15f54a9f94d2\transformed\cardview-1.0.0 because:
  Build cache is disabled
Skipping AarTransform: C:\Users\user\.gradle\caches\transforms-3\3d44061c8964bbe6cad35f32dd98185c\transformed\jetified-napier-release as it is up-to-date.
Skipping AarTransform: C:\Users\user\.gradle\caches\transforms-3\22c98dd52680fc31e34a15f54a9f94d2\transformed\cardview-1.0.0 as it is up-to-date.
Caching disabled for AarTransform: C:\Users\user\.gradle\caches\transforms-3\4ec695ed94a8284d6fd7bdbfc66270dc\transformed\jetified-annotation-experimental-1.4.0 because:
  Build cache is disabled
Caching disabled for AarTransform: C:\Users\user\.gradle\caches\transforms-3\a03b3d04d2ceca7ea618a06e3d24afa0\transformed\sqlite-2.4.0 because:
  Build cache is disabled
Skipping AarTransform: C:\Users\user\.gradle\caches\transforms-3\4ec695ed94a8284d6fd7bdbfc66270dc\transformed\jetified-annotation-experimental-1.4.0 as it is up-to-date.
Caching disabled for AarTransform: C:\Users\user\.gradle\caches\transforms-3\378ae54a4a79477d991a76c42d10201e\transformed\jetified-exoplayer-datasource-2.19.1 because:
  Build cache is disabled
Skipping AarTransform: C:\Users\user\.gradle\caches\transforms-3\a03b3d04d2ceca7ea618a06e3d24afa0\transformed\sqlite-2.4.0 as it is up-to-date.
Skipping AarTransform: C:\Users\user\.gradle\caches\transforms-3\378ae54a4a79477d991a76c42d10201e\transformed\jetified-exoplayer-datasource-2.19.1 as it is up-to-date.
Caching disabled for AarTransform: C:\Users\user\.gradle\caches\transforms-3\9736755219de9964c187b9748cea348a\transformed\core-runtime-2.2.0 because:
  Build cache is disabled
Skipping AarTransform: C:\Users\user\.gradle\caches\transforms-3\9736755219de9964c187b9748cea348a\transformed\core-runtime-2.2.0 as it is up-to-date.
Caching disabled for AarTransform: C:\Users\user\.gradle\caches\transforms-3\43654c406d94ba418e69a2f38c0ce75a\transformed\cursoradapter-1.0.0 because:
  Build cache is disabled
Skipping AarTransform: C:\Users\user\.gradle\caches\transforms-3\43654c406d94ba418e69a2f38c0ce75a\transformed\cursoradapter-1.0.0 as it is up-to-date.
Caching disabled for AarTransform: C:\Users\user\.gradle\caches\transforms-3\0774aba38fbb7a71a2e380171e0b7778\transformed\jetified-exoplayer-decoder-2.19.1 because:
  Build cache is disabled
Skipping AarTransform: C:\Users\user\.gradle\caches\transforms-3\0774aba38fbb7a71a2e380171e0b7778\transformed\jetified-exoplayer-decoder-2.19.1 as it is up-to-date.
Caching disabled for AarTransform: C:\Users\user\.gradle\caches\transforms-3\715d44aa31120efd79cf05422b37b84e\transformed\jetified-exoplayer-common-2.19.1 because:
  Build cache is disabled
Skipping AarTransform: C:\Users\user\.gradle\caches\transforms-3\715d44aa31120efd79cf05422b37b84e\transformed\jetified-exoplayer-common-2.19.1 as it is up-to-date.
Caching disabled for AarTransform: C:\Users\user\.gradle\caches\transforms-3\8eba7c3e4113638c557764cfd1246d65\transformed\interpolator-1.0.0 because:
  Build cache is disabled
Caching disabled for AarTransform: C:\Users\user\.gradle\caches\transforms-3\7f41368f9514b52c773c9c6d9f2b90c2\transformed\jetified-exoplayer-database-2.19.1 because:
  Build cache is disabled
Skipping AarTransform: C:\Users\user\.gradle\caches\transforms-3\7f41368f9514b52c773c9c6d9f2b90c2\transformed\jetified-exoplayer-database-2.19.1 as it is up-to-date.
Caching disabled for AarTransform: C:\Users\user\.gradle\caches\transforms-3\2f746cdb46666a5ea31069a92ad1cee2\transformed\jetified-exoplayer-extractor-2.19.1 because:
  Build cache is disabled
Skipping AarTransform: C:\Users\user\.gradle\caches\transforms-3\2f746cdb46666a5ea31069a92ad1cee2\transformed\jetified-exoplayer-extractor-2.19.1 as it is up-to-date.
Caching disabled for AarTransform: C:\Users\user\.gradle\caches\transforms-3\c3fa91361cece7ab93c5fa0d01671725\transformed\jetified-exoplayer-container-2.19.1 because:
  Build cache is disabled
Skipping AarTransform: C:\Users\user\.gradle\caches\transforms-3\c3fa91361cece7ab93c5fa0d01671725\transformed\jetified-exoplayer-container-2.19.1 as it is up-to-date.
Caching disabled for AarTransform: C:\Users\user\.gradle\caches\transforms-3\82d49ae48ad7cd68ccf29f123b5e48ad\transformed\versionedparcelable-1.1.1 because:
  Build cache is disabled
Skipping AarTransform: C:\Users\user\.gradle\caches\transforms-3\82d49ae48ad7cd68ccf29f123b5e48ad\transformed\versionedparcelable-1.1.1 as it is up-to-date.
Skipping AarTransform: C:\Users\user\.gradle\caches\transforms-3\8eba7c3e4113638c557764cfd1246d65\transformed\interpolator-1.0.0 as it is up-to-date.
Caching disabled for AarTransform: C:\Users\user\.gradle\caches\transforms-3\c8dca9ca411b7b236189b876c168c300\transformed\jetified-profileinstaller-1.3.1 because:
  Build cache is disabled
Skipping AarTransform: C:\Users\user\.gradle\caches\transforms-3\c8dca9ca411b7b236189b876c168c300\transformed\jetified-profileinstaller-1.3.1 as it is up-to-date.
Caching disabled for AarTransform: C:\Users\user\.gradle\caches\transforms-3\fe52cfe629053f967703c8ba77285e8b\transformed\jetified-startup-runtime-1.1.1 because:
  Build cache is disabled
Caching disabled for AarTransform: C:\Users\user\.gradle\caches\transforms-3\87361d05feba7a7d0f4af0c7c0d3e017\transformed\jetified-tracing-1.0.0 because:
  Build cache is disabled
Skipping AarTransform: C:\Users\user\.gradle\caches\transforms-3\fe52cfe629053f967703c8ba77285e8b\transformed\jetified-startup-runtime-1.1.1 as it is up-to-date.
Skipping AarTransform: C:\Users\user\.gradle\caches\transforms-3\87361d05feba7a7d0f4af0c7c0d3e017\transformed\jetified-tracing-1.0.0 as it is up-to-date.
Caching disabled for AarTransform: C:\Users\user\.gradle\caches\transforms-3\2c86103f160590f7e7be532bf55d34f7\transformed\localbroadcastmanager-1.0.0 because:
  Build cache is disabled
Skipping AarTransform: C:\Users\user\.gradle\caches\transforms-3\2c86103f160590f7e7be532bf55d34f7\transformed\localbroadcastmanager-1.0.0 as it is up-to-date.
Caching disabled for AarTransform: C:\Users\user\.gradle\caches\transforms-3\54b5456fddcec85940b2ee402266c816\transformed\documentfile-1.0.0 because:
  Build cache is disabled
Skipping AarTransform: C:\Users\user\.gradle\caches\transforms-3\54b5456fddcec85940b2ee402266c816\transformed\documentfile-1.0.0 as it is up-to-date.
Caching disabled for AarTransform: C:\Users\user\.gradle\caches\transforms-3\56896802246a3dbc3ea0a00275524921\transformed\exifinterface-1.3.6 because:
  Build cache is disabled
Skipping AarTransform: C:\Users\user\.gradle\caches\transforms-3\56896802246a3dbc3ea0a00275524921\transformed\exifinterface-1.3.6 as it is up-to-date.
Caching disabled for AarTransform: C:\Users\user\.gradle\caches\transforms-3\4122ce09f170e8a2afb176a358403d3a\transformed\print-1.0.0 because:
  Build cache is disabled
Skipping AarTransform: C:\Users\user\.gradle\caches\transforms-3\4122ce09f170e8a2afb176a358403d3a\transformed\print-1.0.0 as it is up-to-date.
Caching disabled for AarTransform: C:\Users\user\.gradle\caches\transforms-3\e32c3b5e322944d64bfee37764a5fb00\transformed\jetified-volley-1.2.1 because:
  Build cache is disabled
Skipping AarTransform: C:\Users\user\.gradle\caches\transforms-3\e32c3b5e322944d64bfee37764a5fb00\transformed\jetified-volley-1.2.1 as it is up-to-date.
Caching disabled for AarTransform: C:\Users\user\.gradle\caches\transforms-3\77df13c6b2001957f35925c162d5e46d\transformed\jetified-Android-Image-Slider-1.4.0 because:
  Build cache is disabled
Skipping AarTransform: C:\Users\user\.gradle\caches\transforms-3\77df13c6b2001957f35925c162d5e46d\transformed\jetified-Android-Image-Slider-1.4.0 as it is up-to-date.
Caching disabled for AarTransform: C:\Users\user\.gradle\caches\transforms-3\3c8d6d9f40fe01c17d4d4666fd356dbc\transformed\jetified-circleimageview-3.1.0 because:
  Build cache is disabled
Skipping AarTransform: C:\Users\user\.gradle\caches\transforms-3\3c8d6d9f40fe01c17d4d4666fd356dbc\transformed\jetified-circleimageview-3.1.0 as it is up-to-date.
Caching disabled for AarTransform: C:\Users\user\.gradle\caches\transforms-3\14c109339047e7a54ee79e8f23fe26ef\transformed\jetified-appcompat-resources-1.6.1 because:
  Build cache is disabled
Caching disabled for AarTransform: C:\Users\user\.gradle\caches\transforms-3\17460feccaee72c1c7a59c8d3aa5599a\transformed\jetified-dagger-lint-aar-2.49 because:
  Build cache is disabled
Caching disabled for AarTransform: C:\Users\user\.gradle\caches\transforms-3\7c1ae54e643c59b38470a4f4e87f36e0\transformed\jetified-viewpager2-1.0.0 because:
  Build cache is disabled
Caching disabled for AarTransform: C:\Users\user\.gradle\caches\transforms-3\73d67742e5e0faeb12f6359aec9f4317\transformed\jetified-coil-base-2.5.0 because:
  Build cache is disabled
Caching disabled for AarTransform: C:\Users\user\.gradle\caches\transforms-3\ba655bab558f728b21e193f216f3fd5b\transformed\constraintlayout-2.0.1 because:
  Build cache is disabled
Skipping AarTransform: C:\Users\user\.gradle\caches\transforms-3\73d67742e5e0faeb12f6359aec9f4317\transformed\jetified-coil-base-2.5.0 as it is up-to-date.
Skipping AarTransform: C:\Users\user\.gradle\caches\transforms-3\ba655bab558f728b21e193f216f3fd5b\transformed\constraintlayout-2.0.1 as it is up-to-date.
Skipping AarTransform: C:\Users\user\.gradle\caches\transforms-3\7c1ae54e643c59b38470a4f4e87f36e0\transformed\jetified-viewpager2-1.0.0 as it is up-to-date.
Skipping AarTransform: C:\Users\user\.gradle\caches\transforms-3\17460feccaee72c1c7a59c8d3aa5599a\transformed\jetified-dagger-lint-aar-2.49 as it is up-to-date.
Skipping AarTransform: C:\Users\user\.gradle\caches\transforms-3\14c109339047e7a54ee79e8f23fe26ef\transformed\jetified-appcompat-resources-1.6.1 as it is up-to-date.
Caching disabled for AarTransform: C:\Users\user\.gradle\caches\transforms-3\f0f9ccfae522ac4dd97fb98b3f926856\transformed\appcompat-1.6.1 because:
  Build cache is disabled
Skipping AarTransform: C:\Users\user\.gradle\caches\transforms-3\f0f9ccfae522ac4dd97fb98b3f926856\transformed\appcompat-1.6.1 as it is up-to-date.
Caching disabled for task ':app:mergeReleaseAssets' because:
  Build cache is disabled
Task ':app:mergeReleaseAssets' is not up-to-date because:
  Output property 'outputDir' file C:\Users\user\Desktop\projects\Football Live Score (Topon)\Live Football\app\build\intermediates\assets\release has been removed.
  Output property 'outputDir' file C:\Users\user\Desktop\projects\Football Live Score (Topon)\Live Football\app\build\intermediates\assets\release\adapters.json has been removed.
  Output property 'outputDir' file C:\Users\user\Desktop\projects\Football Live Score (Topon)\Live Football\app\build\intermediates\assets\release\countries.json has been removed.
  Output property 'outputDir' file C:\Users\user\Desktop\projects\Football Live Score (Topon)\Live Football\app\build\intermediates\assets\release\networks.json has been removed.
The input changes require a full rebuild for incremental task ':app:mergeReleaseAssets'.
Resolve mutations for :app:compressReleaseAssets (Thread[#83,included builds,5,main]) started.
:app:compressReleaseAssets (Thread[#83,included builds,5,main]) started.

> Task :app:compressReleaseAssets UP-TO-DATE
Caching disabled for task ':app:compressReleaseAssets' because:
  Build cache is disabled
Skipping task ':app:compressReleaseAssets' as it is up-to-date.
Resolve mutations for :app:collectReleaseDependencies (Thread[#83,included builds,5,main]) started.
:app:collectReleaseDependencies (Thread[#83,included builds,5,main]) started.

> Task :app:collectReleaseDependencies UP-TO-DATE
Caching disabled for task ':app:collectReleaseDependencies' because:
  Build cache is disabled
Skipping task ':app:collectReleaseDependencies' as it is up-to-date.
Resolve mutations for :app:sdkReleaseDependencyData (Thread[#83,included builds,5,main]) started.
:app:sdkReleaseDependencyData (Thread[#83,included builds,5,main]) started.

> Task :app:sdkReleaseDependencyData UP-TO-DATE
Caching disabled for task ':app:sdkReleaseDependencyData' because:
  Build cache is disabled
Skipping task ':app:sdkReleaseDependencyData' as it is up-to-date.
Resolve mutations for :app:writeReleaseAppMetadata (Thread[#83,included builds,5,main]) started.
:app:writeReleaseAppMetadata (Thread[#83,included builds,5,main]) started.

> Task :app:writeReleaseAppMetadata
Caching disabled for task ':app:writeReleaseAppMetadata' because:
  Build cache is disabled
Task ':app:writeReleaseAppMetadata' is not up-to-date because:
  Output property 'outputFile' file C:\Users\user\Desktop\projects\Football Live Score (Topon)\Live Football\app\build\intermediates\app_metadata\release\app-metadata.properties has been removed.
Resolve mutations for :app:writeReleaseSigningConfigVersions (Thread[#83,included builds,5,main]) started.
:app:writeReleaseSigningConfigVersions (Thread[#83,included builds,5,main]) started.

> Task :app:writeReleaseSigningConfigVersions UP-TO-DATE
Caching disabled for task ':app:writeReleaseSigningConfigVersions' because:
  Build cache is disabled
Skipping task ':app:writeReleaseSigningConfigVersions' as it is up-to-date.
Resolve mutations for :app:processReleaseResources (Thread[#83,included builds,5,main]) started.
:app:processReleaseResources (Thread[#83,included builds,5,main]) started.

> Task :app:processReleaseResources
Transforming material-1.11.0.aar (com.google.android.material:material:1.11.0) with JetifyTransform
Transforming material-1.11.0.aar (com.google.android.material:material:1.11.0) with ExtractAarTransform
Transforming material-1.11.0.aar (com.google.android.material:material:1.11.0) with AarResourcesCompilerTransform
Transforming lottie-compose-6.1.0.aar (com.airbnb.android:lottie-compose:6.1.0) with JetifyTransform
Transforming lottie-compose-6.1.0.aar (com.airbnb.android:lottie-compose:6.1.0) with ExtractAarTransform
Transforming lottie-compose-6.1.0.aar (com.airbnb.android:lottie-compose:6.1.0) with AarResourcesCompilerTransform
Transforming lottie-6.1.0.aar (com.airbnb.android:lottie:6.1.0) with JetifyTransform
Transforming lottie-6.1.0.aar (com.airbnb.android:lottie:6.1.0) with ExtractAarTransform
Transforming lottie-6.1.0.aar (com.airbnb.android:lottie:6.1.0) with AarResourcesCompilerTransform
Transforming coil-compose-2.5.0.aar (io.coil-kt:coil-compose:2.5.0) with JetifyTransform
Transforming coil-compose-2.5.0.aar (io.coil-kt:coil-compose:2.5.0) with ExtractAarTransform
Transforming coil-compose-2.5.0.aar (io.coil-kt:coil-compose:2.5.0) with AarResourcesCompilerTransform
Transforming coil-compose-base-2.5.0.aar (io.coil-kt:coil-compose-base:2.5.0) with JetifyTransform
Transforming coil-compose-base-2.5.0.aar (io.coil-kt:coil-compose-base:2.5.0) with ExtractAarTransform
Transforming coil-compose-base-2.5.0.aar (io.coil-kt:coil-compose-base:2.5.0) with AarResourcesCompilerTransform
Transforming coil-2.5.0.aar (io.coil-kt:coil:2.5.0) with JetifyTransform
Transforming coil-2.5.0.aar (io.coil-kt:coil:2.5.0) with ExtractAarTransform
Transforming coil-2.5.0.aar (io.coil-kt:coil:2.5.0) with AarResourcesCompilerTransform
Transforming coil-base-2.5.0.aar (io.coil-kt:coil-base:2.5.0) with JetifyTransform
Transforming coil-base-2.5.0.aar (io.coil-kt:coil-base:2.5.0) with ExtractAarTransform
Caching disabled for AarResourcesCompilerTransform: C:\Users\user\.gradle\caches\transforms-3\7b64fcd84fbd59187c29faf12635bee6\transformed\jetified-lottie-compose-6.1.0 because:
  Build cache is disabled
Transforming coil-base-2.5.0.aar (io.coil-kt:coil-base:2.5.0) with AarResourcesCompilerTransform
Skipping AarResourcesCompilerTransform: C:\Users\user\.gradle\caches\transforms-3\7b64fcd84fbd59187c29faf12635bee6\transformed\jetified-lottie-compose-6.1.0 as it is up-to-date.
Transforming appcompat-resources-1.6.1.aar (androidx.appcompat:appcompat-resources:1.6.1) with JetifyTransform
Transforming appcompat-resources-1.6.1.aar (androidx.appcompat:appcompat-resources:1.6.1) with ExtractAarTransform
Transforming appcompat-resources-1.6.1.aar (androidx.appcompat:appcompat-resources:1.6.1) with AarResourcesCompilerTransform
Transforming constraintlayout-2.0.1.aar (androidx.constraintlayout:constraintlayout:2.0.1) with JetifyTransform
Transforming constraintlayout-2.0.1.aar (androidx.constraintlayout:constraintlayout:2.0.1) with ExtractAarTransform
Transforming constraintlayout-2.0.1.aar (androidx.constraintlayout:constraintlayout:2.0.1) with AarResourcesCompilerTransform
Transforming appcompat-1.6.1.aar (androidx.appcompat:appcompat:1.6.1) with JetifyTransform
Transforming appcompat-1.6.1.aar (androidx.appcompat:appcompat:1.6.1) with ExtractAarTransform
Transforming appcompat-1.6.1.aar (androidx.appcompat:appcompat:1.6.1) with AarResourcesCompilerTransform
Transforming viewpager2-1.0.0.aar (androidx.viewpager2:viewpager2:1.0.0) with JetifyTransform
Transforming viewpager2-1.0.0.aar (androidx.viewpager2:viewpager2:1.0.0) with ExtractAarTransform
Transforming viewpager2-1.0.0.aar (androidx.viewpager2:viewpager2:1.0.0) with AarResourcesCompilerTransform
Transforming play-services-ads-22.6.0.aar (com.google.android.gms:play-services-ads:22.6.0) with JetifyTransform
Transforming play-services-ads-22.6.0.aar (com.google.android.gms:play-services-ads:22.6.0) with ExtractAarTransform
Transforming play-services-ads-22.6.0.aar (com.google.android.gms:play-services-ads:22.6.0) with AarResourcesCompilerTransform
Transforming play-services-appset-16.0.1.aar (com.google.android.gms:play-services-appset:16.0.1) with JetifyTransform
Transforming play-services-appset-16.0.1.aar (com.google.android.gms:play-services-appset:16.0.1) with ExtractAarTransform
Transforming play-services-appset-16.0.1.aar (com.google.android.gms:play-services-appset:16.0.1) with AarResourcesCompilerTransform
Transforming play-services-base-18.2.0.aar (com.google.android.gms:play-services-base:18.2.0) with JetifyTransform
Transforming play-services-base-18.2.0.aar (com.google.android.gms:play-services-base:18.2.0) with ExtractAarTransform
Transforming play-services-base-18.2.0.aar (com.google.android.gms:play-services-base:18.2.0) with AarResourcesCompilerTransform
Transforming play-services-base-18.2.0.aar (com.google.android.gms:play-services-base:18.2.0) with JetifyTransform
Transforming play-services-base-18.2.0.aar (com.google.android.gms:play-services-base:18.2.0) with ExtractAarTransform
Transforming play-services-base-18.2.0.aar (com.google.android.gms:play-services-base:18.2.0) with AarResourcesCompilerTransform
Transforming drawerlayout-1.1.1.aar (androidx.drawerlayout:drawerlayout:1.1.1) with JetifyTransform
Transforming drawerlayout-1.1.1.aar (androidx.drawerlayout:drawerlayout:1.1.1) with ExtractAarTransform
Caching disabled for AarResourcesCompilerTransform: C:\Users\user\.gradle\caches\transforms-3\f0c43f23ec6e516e0621ab61a039ef0c\transformed\jetified-lottie-6.1.0 because:
  Build cache is disabled
Transforming drawerlayout-1.1.1.aar (androidx.drawerlayout:drawerlayout:1.1.1) with AarResourcesCompilerTransform
Transforming coordinatorlayout-1.1.0.aar (androidx.coordinatorlayout:coordinatorlayout:1.1.0) with JetifyTransform
Transforming coordinatorlayout-1.1.0.aar (androidx.coordinatorlayout:coordinatorlayout:1.1.0) with ExtractAarTransform
Transforming coordinatorlayout-1.1.0.aar (androidx.coordinatorlayout:coordinatorlayout:1.1.0) with AarResourcesCompilerTransform
Transforming dynamicanimation-1.0.0.aar (androidx.dynamicanimation:dynamicanimation:1.0.0) with JetifyTransform
Transforming dynamicanimation-1.0.0.aar (androidx.dynamicanimation:dynamicanimation:1.0.0) with ExtractAarTransform
Transforming dynamicanimation-1.0.0.aar (androidx.dynamicanimation:dynamicanimation:1.0.0) with AarResourcesCompilerTransform
Transforming transition-1.2.0.aar (androidx.transition:transition:1.2.0) with JetifyTransform
Transforming transition-1.2.0.aar (androidx.transition:transition:1.2.0) with ExtractAarTransform
Transforming transition-1.2.0.aar (androidx.transition:transition:1.2.0) with AarResourcesCompilerTransform
Transforming vectordrawable-animated-1.1.0.aar (androidx.vectordrawable:vectordrawable-animated:1.1.0) with JetifyTransform
Transforming vectordrawable-animated-1.1.0.aar (androidx.vectordrawable:vectordrawable-animated:1.1.0) with ExtractAarTransform
Transforming vectordrawable-animated-1.1.0.aar (androidx.vectordrawable:vectordrawable-animated:1.1.0) with AarResourcesCompilerTransform
Transforming vectordrawable-1.1.0.aar (androidx.vectordrawable:vectordrawable:1.1.0) with JetifyTransform
Skipping AarResourcesCompilerTransform: C:\Users\user\.gradle\caches\transforms-3\f0c43f23ec6e516e0621ab61a039ef0c\transformed\jetified-lottie-6.1.0 as it is up-to-date.
Transforming vectordrawable-1.1.0.aar (androidx.vectordrawable:vectordrawable:1.1.0) with ExtractAarTransform
Transforming vectordrawable-1.1.0.aar (androidx.vectordrawable:vectordrawable:1.1.0) with AarResourcesCompilerTransform
Transforming vectordrawable-1.1.0.aar (androidx.vectordrawable:vectordrawable:1.1.0) with JetifyTransform
Transforming vectordrawable-1.1.0.aar (androidx.vectordrawable:vectordrawable:1.1.0) with ExtractAarTransform
Transforming vectordrawable-1.1.0.aar (androidx.vectordrawable:vectordrawable:1.1.0) with AarResourcesCompilerTransform
Transforming hilt-navigation-compose-1.1.0.aar (androidx.hilt:hilt-navigation-compose:1.1.0) with JetifyTransform
Transforming hilt-navigation-compose-1.1.0.aar (androidx.hilt:hilt-navigation-compose:1.1.0) with ExtractAarTransform
Transforming hilt-navigation-compose-1.1.0.aar (androidx.hilt:hilt-navigation-compose:1.1.0) with AarResourcesCompilerTransform
Transforming hilt-navigation-1.1.0.aar (androidx.hilt:hilt-navigation:1.1.0) with JetifyTransform
Caching disabled for AarResourcesCompilerTransform: C:\Users\user\.gradle\caches\transforms-3\01af9fa4640328761f93b15ceedbb393\transformed\jetified-coil-compose-2.5.0 because:
  Build cache is disabled
Caching disabled for AarResourcesCompilerTransform: C:\Users\user\.gradle\caches\transforms-3\125cb728ef3f46ce7225da4c49aa0884\transformed\jetified-coil-compose-base-2.5.0 because:
  Build cache is disabled
Skipping AarResourcesCompilerTransform: C:\Users\user\.gradle\caches\transforms-3\01af9fa4640328761f93b15ceedbb393\transformed\jetified-coil-compose-2.5.0 as it is up-to-date.
Skipping AarResourcesCompilerTransform: C:\Users\user\.gradle\caches\transforms-3\125cb728ef3f46ce7225da4c49aa0884\transformed\jetified-coil-compose-base-2.5.0 as it is up-to-date.
Caching disabled for AarResourcesCompilerTransform: C:\Users\user\.gradle\caches\transforms-3\b279794bd278a40574c8244342fbb052\transformed\jetified-coil-2.5.0 because:
  Build cache is disabled
Skipping AarResourcesCompilerTransform: C:\Users\user\.gradle\caches\transforms-3\b279794bd278a40574c8244342fbb052\transformed\jetified-coil-2.5.0 as it is up-to-date.
Transforming hilt-navigation-1.1.0.aar (androidx.hilt:hilt-navigation:1.1.0) with ExtractAarTransform
Caching disabled for AarResourcesCompilerTransform: C:\Users\user\.gradle\caches\transforms-3\73d67742e5e0faeb12f6359aec9f4317\transformed\jetified-coil-base-2.5.0 because:
  Build cache is disabled
Transforming hilt-navigation-1.1.0.aar (androidx.hilt:hilt-navigation:1.1.0) with AarResourcesCompilerTransform
Skipping AarResourcesCompilerTransform: C:\Users\user\.gradle\caches\transforms-3\73d67742e5e0faeb12f6359aec9f4317\transformed\jetified-coil-base-2.5.0 as it is up-to-date.
Transforming navigation-common-2.7.6.aar (androidx.navigation:navigation-common:2.7.6) with JetifyTransform
Transforming navigation-common-2.7.6.aar (androidx.navigation:navigation-common:2.7.6) with ExtractAarTransform
Transforming navigation-common-2.7.6.aar (androidx.navigation:navigation-common:2.7.6) with AarResourcesCompilerTransform
Transforming navigation-runtime-2.7.6.aar (androidx.navigation:navigation-runtime:2.7.6) with JetifyTransform
Transforming navigation-runtime-2.7.6.aar (androidx.navigation:navigation-runtime:2.7.6) with ExtractAarTransform
Transforming navigation-runtime-2.7.6.aar (androidx.navigation:navigation-runtime:2.7.6) with AarResourcesCompilerTransform
Transforming navigation-common-ktx-2.7.6.aar (androidx.navigation:navigation-common-ktx:2.7.6) with JetifyTransform
Transforming navigation-common-ktx-2.7.6.aar (androidx.navigation:navigation-common-ktx:2.7.6) with ExtractAarTransform
Caching disabled for AarResourcesCompilerTransform: C:\Users\user\.gradle\caches\transforms-3\ba655bab558f728b21e193f216f3fd5b\transformed\constraintlayout-2.0.1 because:
  Build cache is disabled
Transforming navigation-common-ktx-2.7.6.aar (androidx.navigation:navigation-common-ktx:2.7.6) with AarResourcesCompilerTransform
Skipping AarResourcesCompilerTransform: C:\Users\user\.gradle\caches\transforms-3\ba655bab558f728b21e193f216f3fd5b\transformed\constraintlayout-2.0.1 as it is up-to-date.
Transforming navigation-runtime-ktx-2.7.6.aar (androidx.navigation:navigation-runtime-ktx:2.7.6) with JetifyTransform
Transforming navigation-runtime-ktx-2.7.6.aar (androidx.navigation:navigation-runtime-ktx:2.7.6) with ExtractAarTransform
Transforming navigation-runtime-ktx-2.7.6.aar (androidx.navigation:navigation-runtime-ktx:2.7.6) with AarResourcesCompilerTransform
Transforming navigation-compose-2.7.6.aar (androidx.navigation:navigation-compose:2.7.6) with JetifyTransform
Transforming navigation-compose-2.7.6.aar (androidx.navigation:navigation-compose:2.7.6) with ExtractAarTransform
Transforming navigation-compose-2.7.6.aar (androidx.navigation:navigation-compose:2.7.6) with AarResourcesCompilerTransform
Transforming accompanist-permissions-0.32.0.aar (com.google.accompanist:accompanist-permissions:0.32.0) with JetifyTransform
Transforming accompanist-permissions-0.32.0.aar (com.google.accompanist:accompanist-permissions:0.32.0) with ExtractAarTransform
Transforming accompanist-permissions-0.32.0.aar (com.google.accompanist:accompanist-permissions:0.32.0) with AarResourcesCompilerTransform
Transforming room-ktx-2.6.1.aar (androidx.room:room-ktx:2.6.1) with JetifyTransform
Transforming room-ktx-2.6.1.aar (androidx.room:room-ktx:2.6.1) with ExtractAarTransform
Transforming room-ktx-2.6.1.aar (androidx.room:room-ktx:2.6.1) with AarResourcesCompilerTransform
Transforming play-services-ads-lite-22.6.0.aar (com.google.android.gms:play-services-ads-lite:22.6.0) with JetifyTransform
Caching disabled for AarResourcesCompilerTransform: C:\Users\user\.gradle\caches\transforms-3\14c109339047e7a54ee79e8f23fe26ef\transformed\jetified-appcompat-resources-1.6.1 because:
  Build cache is disabled
Transforming play-services-ads-lite-22.6.0.aar (com.google.android.gms:play-services-ads-lite:22.6.0) with ExtractAarTransform
Skipping AarResourcesCompilerTransform: C:\Users\user\.gradle\caches\transforms-3\14c109339047e7a54ee79e8f23fe26ef\transformed\jetified-appcompat-resources-1.6.1 as it is up-to-date.
Transforming play-services-ads-lite-22.6.0.aar (com.google.android.gms:play-services-ads-lite:22.6.0) with AarResourcesCompilerTransform
Transforming work-runtime-2.7.0.aar (androidx.work:work-runtime:2.7.0) with JetifyTransform
Transforming work-runtime-2.7.0.aar (androidx.work:work-runtime:2.7.0) with ExtractAarTransform
Transforming work-runtime-2.7.0.aar (androidx.work:work-runtime:2.7.0) with AarResourcesCompilerTransform
Transforming room-runtime-2.6.1.aar (androidx.room:room-runtime:2.6.1) with JetifyTransform
Transforming room-runtime-2.6.1.aar (androidx.room:room-runtime:2.6.1) with ExtractAarTransform
Transforming room-runtime-2.6.1.aar (androidx.room:room-runtime:2.6.1) with AarResourcesCompilerTransform
Transforming room-paging-2.6.1.aar (androidx.room:room-paging:2.6.1) with JetifyTransform
Transforming room-paging-2.6.1.aar (androidx.room:room-paging:2.6.1) with ExtractAarTransform
Transforming room-paging-2.6.1.aar (androidx.room:room-paging:2.6.1) with AarResourcesCompilerTransform
Transforming paging-runtime-3.2.1.aar (androidx.paging:paging-runtime:3.2.1) with JetifyTransform
Transforming paging-runtime-3.2.1.aar (androidx.paging:paging-runtime:3.2.1) with ExtractAarTransform
Transforming paging-runtime-3.2.1.aar (androidx.paging:paging-runtime:3.2.1) with AarResourcesCompilerTransform
Transforming paging-runtime-ktx-3.2.1.aar (androidx.paging:paging-runtime-ktx:3.2.1) with JetifyTransform
Caching disabled for AarResourcesCompilerTransform: C:\Users\user\.gradle\caches\transforms-3\7c1ae54e643c59b38470a4f4e87f36e0\transformed\jetified-viewpager2-1.0.0 because:
  Build cache is disabled
Skipping AarResourcesCompilerTransform: C:\Users\user\.gradle\caches\transforms-3\7c1ae54e643c59b38470a4f4e87f36e0\transformed\jetified-viewpager2-1.0.0 as it is up-to-date.
Transforming paging-runtime-ktx-3.2.1.aar (androidx.paging:paging-runtime-ktx:3.2.1) with ExtractAarTransform
Transforming paging-runtime-ktx-3.2.1.aar (androidx.paging:paging-runtime-ktx:3.2.1) with AarResourcesCompilerTransform
Transforming paging-compose-3.2.1.aar (androidx.paging:paging-compose:3.2.1) with JetifyTransform
Transforming paging-compose-3.2.1.aar (androidx.paging:paging-compose:3.2.1) with ExtractAarTransform
Transforming paging-compose-3.2.1.aar (androidx.paging:paging-compose:3.2.1) with AarResourcesCompilerTransform
Transforming material3-release.aar (androidx.compose.material3:material3-android:1.2.0) with JetifyTransform
Transforming material3-release.aar (androidx.compose.material3:material3-android:1.2.0) with ExtractAarTransform
Transforming material3-release.aar (androidx.compose.material3:material3-android:1.2.0) with AarResourcesCompilerTransform
Transforming material-ripple-release.aar (androidx.compose.material:material-ripple-android:1.6.1) with JetifyTransform
Transforming material-ripple-release.aar (androidx.compose.material:material-ripple-android:1.6.1) with ExtractAarTransform
Transforming material-ripple-release.aar (androidx.compose.material:material-ripple-android:1.6.1) with AarResourcesCompilerTransform
Transforming material-icons-core-release.aar (androidx.compose.material:material-icons-core-android:1.6.1) with JetifyTransform
Transforming material-icons-core-release.aar (androidx.compose.material:material-icons-core-android:1.6.1) with ExtractAarTransform
Transforming material-icons-core-release.aar (androidx.compose.material:material-icons-core-android:1.6.1) with AarResourcesCompilerTransform
Transforming material-release.aar (androidx.compose.material:material-android:1.6.1) with JetifyTransform
Transforming material-release.aar (androidx.compose.material:material-android:1.6.1) with ExtractAarTransform
Transforming material-release.aar (androidx.compose.material:material-android:1.6.1) with AarResourcesCompilerTransform
Transforming animation-core-release.aar (androidx.compose.animation:animation-core-android:1.6.1) with JetifyTransform
Transforming animation-core-release.aar (androidx.compose.animation:animation-core-android:1.6.1) with ExtractAarTransform
Transforming animation-core-release.aar (androidx.compose.animation:animation-core-android:1.6.1) with AarResourcesCompilerTransform
Transforming animation-release.aar (androidx.compose.animation:animation-android:1.6.1) with JetifyTransform
Transforming animation-release.aar (androidx.compose.animation:animation-android:1.6.1) with ExtractAarTransform
Transforming animation-release.aar (androidx.compose.animation:animation-android:1.6.1) with AarResourcesCompilerTransform
Transforming foundation-layout-release.aar (androidx.compose.foundation:foundation-layout-android:1.6.1) with JetifyTransform
Transforming foundation-layout-release.aar (androidx.compose.foundation:foundation-layout-android:1.6.1) with ExtractAarTransform
Caching disabled for AarResourcesCompilerTransform: C:\Users\user\.gradle\caches\transforms-3\778bb1a5d67e711cfa1d601e315d4ba6\transformed\drawerlayout-1.1.1 because:
  Build cache is disabled
Caching disabled for AarResourcesCompilerTransform: C:\Users\user\.gradle\caches\transforms-3\9fd41aa9d8f4ce40527fd11c9e9d8547\transformed\coordinatorlayout-1.1.0 because:
  Build cache is disabled
Skipping AarResourcesCompilerTransform: C:\Users\user\.gradle\caches\transforms-3\778bb1a5d67e711cfa1d601e315d4ba6\transformed\drawerlayout-1.1.1 as it is up-to-date.
Skipping AarResourcesCompilerTransform: C:\Users\user\.gradle\caches\transforms-3\9fd41aa9d8f4ce40527fd11c9e9d8547\transformed\coordinatorlayout-1.1.0 as it is up-to-date.
Caching disabled for AarResourcesCompilerTransform: C:\Users\user\.gradle\caches\transforms-3\c589b80479df8889d96e60fd7d9c5d2b\transformed\transition-1.2.0 because:
  Build cache is disabled
Caching disabled for AarResourcesCompilerTransform: C:\Users\user\.gradle\caches\transforms-3\6ed70369f3cbd7b6be9f1b6bf7536159\transformed\jetified-play-services-appset-16.0.1 because:
  Build cache is disabled
Skipping AarResourcesCompilerTransform: C:\Users\user\.gradle\caches\transforms-3\c589b80479df8889d96e60fd7d9c5d2b\transformed\transition-1.2.0 as it is up-to-date.
Transforming foundation-layout-release.aar (androidx.compose.foundation:foundation-layout-android:1.6.1) with AarResourcesCompilerTransform
Caching disabled for AarResourcesCompilerTransform: C:\Users\user\.gradle\caches\transforms-3\4d4b3f0524238b36b1a0d4335e32a8e5\transformed\dynamicanimation-1.0.0 because:
  Build cache is disabled
Transforming foundation-release.aar (androidx.compose.foundation:foundation-android:1.6.1) with JetifyTransform
Skipping AarResourcesCompilerTransform: C:\Users\user\.gradle\caches\transforms-3\4d4b3f0524238b36b1a0d4335e32a8e5\transformed\dynamicanimation-1.0.0 as it is up-to-date.
Caching disabled for AarResourcesCompilerTransform: C:\Users\user\.gradle\caches\transforms-3\cb4e1830d0316264aa08d7cecb5d49a4\transformed\jetified-play-services-ads-22.6.0 because:
  Build cache is disabled
Skipping AarResourcesCompilerTransform: C:\Users\user\.gradle\caches\transforms-3\cb4e1830d0316264aa08d7cecb5d49a4\transformed\jetified-play-services-ads-22.6.0 as it is up-to-date.
Skipping AarResourcesCompilerTransform: C:\Users\user\.gradle\caches\transforms-3\6ed70369f3cbd7b6be9f1b6bf7536159\transformed\jetified-play-services-appset-16.0.1 as it is up-to-date.
Transforming foundation-release.aar (androidx.compose.foundation:foundation-android:1.6.1) with ExtractAarTransform
Transforming foundation-release.aar (androidx.compose.foundation:foundation-android:1.6.1) with AarResourcesCompilerTransform
Transforming ui-unit-release.aar (androidx.compose.ui:ui-unit-android:1.6.1) with JetifyTransform
Transforming ui-unit-release.aar (androidx.compose.ui:ui-unit-android:1.6.1) with ExtractAarTransform
Transforming ui-unit-release.aar (androidx.compose.ui:ui-unit-android:1.6.1) with AarResourcesCompilerTransform
Transforming ui-geometry-release.aar (androidx.compose.ui:ui-geometry-android:1.6.1) with JetifyTransform
Transforming ui-geometry-release.aar (androidx.compose.ui:ui-geometry-android:1.6.1) with ExtractAarTransform
Transforming ui-geometry-release.aar (androidx.compose.ui:ui-geometry-android:1.6.1) with AarResourcesCompilerTransform
Transforming ui-util-release.aar (androidx.compose.ui:ui-util-android:1.6.1) with JetifyTransform
Transforming ui-util-release.aar (androidx.compose.ui:ui-util-android:1.6.1) with ExtractAarTransform
Transforming ui-util-release.aar (androidx.compose.ui:ui-util-android:1.6.1) with AarResourcesCompilerTransform
Transforming ui-text-release.aar (androidx.compose.ui:ui-text-android:1.6.1) with JetifyTransform
Transforming ui-text-release.aar (androidx.compose.ui:ui-text-android:1.6.1) with ExtractAarTransform
Transforming ui-text-release.aar (androidx.compose.ui:ui-text-android:1.6.1) with AarResourcesCompilerTransform
Transforming ui-tooling-preview-release.aar (androidx.compose.ui:ui-tooling-preview-android:1.6.1) with JetifyTransform
Transforming ui-tooling-preview-release.aar (androidx.compose.ui:ui-tooling-preview-android:1.6.1) with ExtractAarTransform
Transforming ui-tooling-preview-release.aar (androidx.compose.ui:ui-tooling-preview-android:1.6.1) with AarResourcesCompilerTransform
Transforming ui-graphics-release.aar (androidx.compose.ui:ui-graphics-android:1.6.1) with JetifyTransform
Transforming ui-graphics-release.aar (androidx.compose.ui:ui-graphics-android:1.6.1) with ExtractAarTransform
Transforming ui-graphics-release.aar (androidx.compose.ui:ui-graphics-android:1.6.1) with AarResourcesCompilerTransform
Transforming runtime-saveable-release.aar (androidx.compose.runtime:runtime-saveable-android:1.6.1) with JetifyTransform
Transforming runtime-saveable-release.aar (androidx.compose.runtime:runtime-saveable-android:1.6.1) with ExtractAarTransform
Transforming runtime-saveable-release.aar (androidx.compose.runtime:runtime-saveable-android:1.6.1) with AarResourcesCompilerTransform
Transforming runtime-release.aar (androidx.compose.runtime:runtime-android:1.6.1) with JetifyTransform
Transforming runtime-release.aar (androidx.compose.runtime:runtime-android:1.6.1) with ExtractAarTransform
Transforming runtime-release.aar (androidx.compose.runtime:runtime-android:1.6.1) with AarResourcesCompilerTransform
Transforming runtime-livedata-1.6.1.aar (androidx.compose.runtime:runtime-livedata:1.6.1) with JetifyTransform
Transforming runtime-livedata-1.6.1.aar (androidx.compose.runtime:runtime-livedata:1.6.1) with ExtractAarTransform
Transforming runtime-livedata-1.6.1.aar (androidx.compose.runtime:runtime-livedata:1.6.1) with AarResourcesCompilerTransform
Transforming hilt-android-2.49.aar (com.google.dagger:hilt-android:2.49) with JetifyTransform
Transforming hilt-android-2.49.aar (com.google.dagger:hilt-android:2.49) with ExtractAarTransform
Transforming hilt-android-2.49.aar (com.google.dagger:hilt-android:2.49) with AarResourcesCompilerTransform
Transforming play-services-tasks-18.0.2.aar (com.google.android.gms:play-services-tasks:18.0.2) with JetifyTransform
Transforming play-services-tasks-18.0.2.aar (com.google.android.gms:play-services-tasks:18.0.2) with ExtractAarTransform
Transforming play-services-tasks-18.0.2.aar (com.google.android.gms:play-services-tasks:18.0.2) with AarResourcesCompilerTransform
Transforming play-services-tasks-18.0.2.aar (com.google.android.gms:play-services-tasks:18.0.2) with JetifyTransform
Transforming play-services-tasks-18.0.2.aar (com.google.android.gms:play-services-tasks:18.0.2) with ExtractAarTransform
Transforming play-services-tasks-18.0.2.aar (com.google.android.gms:play-services-tasks:18.0.2) with AarResourcesCompilerTransform
Transforming play-services-tasks-18.0.2.aar (com.google.android.gms:play-services-tasks:18.0.2) with JetifyTransform
Transforming play-services-tasks-18.0.2.aar (com.google.android.gms:play-services-tasks:18.0.2) with ExtractAarTransform
Transforming play-services-tasks-18.0.2.aar (com.google.android.gms:play-services-tasks:18.0.2) with AarResourcesCompilerTransform
Transforming play-services-ads-base-22.6.0.aar (com.google.android.gms:play-services-ads-base:22.6.0) with JetifyTransform
Transforming play-services-ads-base-22.6.0.aar (com.google.android.gms:play-services-ads-base:22.6.0) with ExtractAarTransform
Caching disabled for AarResourcesCompilerTransform: C:\Users\user\.gradle\caches\transforms-3\529160eccf25a2390ccb8db066af0ebf\transformed\jetified-hilt-navigation-compose-1.1.0 because:
  Build cache is disabled
Caching disabled for AarResourcesCompilerTransform: C:\Users\user\.gradle\caches\transforms-3\3ce319f41dad2e0f26341deb50e79fea\transformed\navigation-runtime-2.7.6 because:
  Build cache is disabled
Skipping AarResourcesCompilerTransform: C:\Users\user\.gradle\caches\transforms-3\3ce319f41dad2e0f26341deb50e79fea\transformed\navigation-runtime-2.7.6 as it is up-to-date.
Caching disabled for AarResourcesCompilerTransform: C:\Users\user\.gradle\caches\transforms-3\c91da17cc1cab4ba2d28b8a00826b7a4\transformed\vectordrawable-animated-1.1.0 because:
  Build cache is disabled
Caching disabled for AarResourcesCompilerTransform: C:\Users\user\.gradle\caches\transforms-3\2619ed40ef3fa7bd0956e04ee7e7a9f1\transformed\vectordrawable-1.1.0 because:
  Build cache is disabled
Skipping AarResourcesCompilerTransform: C:\Users\user\.gradle\caches\transforms-3\c91da17cc1cab4ba2d28b8a00826b7a4\transformed\vectordrawable-animated-1.1.0 as it is up-to-date.
Caching disabled for AarResourcesCompilerTransform: C:\Users\user\.gradle\caches\transforms-3\0f46e4ccc0eeb6bdb32e10768693dbb1\transformed\navigation-common-2.7.6 because:
  Build cache is disabled
Caching disabled for AarResourcesCompilerTransform: C:\Users\user\.gradle\caches\transforms-3\5c3aa40a2b81e8d14341f580c5067842\transformed\jetified-hilt-navigation-1.1.0 because:
  Build cache is disabled
Skipping AarResourcesCompilerTransform: C:\Users\user\.gradle\caches\transforms-3\5c3aa40a2b81e8d14341f580c5067842\transformed\jetified-hilt-navigation-1.1.0 as it is up-to-date.
Skipping AarResourcesCompilerTransform: C:\Users\user\.gradle\caches\transforms-3\529160eccf25a2390ccb8db066af0ebf\transformed\jetified-hilt-navigation-compose-1.1.0 as it is up-to-date.
Transforming play-services-ads-base-22.6.0.aar (com.google.android.gms:play-services-ads-base:22.6.0) with AarResourcesCompilerTransform
Transforming play-services-ads-base-22.6.0.aar (com.google.android.gms:play-services-ads-base:22.6.0) with JetifyTransform
Transforming play-services-ads-base-22.6.0.aar (com.google.android.gms:play-services-ads-base:22.6.0) with ExtractAarTransform
Transforming play-services-ads-base-22.6.0.aar (com.google.android.gms:play-services-ads-base:22.6.0) with AarResourcesCompilerTransform
Transforming user-messaging-platform-2.1.0.aar (com.google.android.ump:user-messaging-platform:2.1.0) with JetifyTransform
Transforming user-messaging-platform-2.1.0.aar (com.google.android.ump:user-messaging-platform:2.1.0) with ExtractAarTransform
Transforming user-messaging-platform-2.1.0.aar (com.google.android.ump:user-messaging-platform:2.1.0) with AarResourcesCompilerTransform
Transforming play-services-ads-identifier-18.0.0.aar (com.google.android.gms:play-services-ads-identifier:18.0.0) with JetifyTransform
Transforming play-services-ads-identifier-18.0.0.aar (com.google.android.gms:play-services-ads-identifier:18.0.0) with ExtractAarTransform
Transforming play-services-ads-identifier-18.0.0.aar (com.google.android.gms:play-services-ads-identifier:18.0.0) with AarResourcesCompilerTransform
Transforming play-services-ads-identifier-18.0.0.aar (com.google.android.gms:play-services-ads-identifier:18.0.0) with JetifyTransform
Transforming play-services-ads-identifier-18.0.0.aar (com.google.android.gms:play-services-ads-identifier:18.0.0) with ExtractAarTransform
Transforming play-services-ads-identifier-18.0.0.aar (com.google.android.gms:play-services-ads-identifier:18.0.0) with AarResourcesCompilerTransform
Transforming play-services-measurement-sdk-api-20.1.2.aar (com.google.android.gms:play-services-measurement-sdk-api:20.1.2) with JetifyTransform
Transforming play-services-measurement-sdk-api-20.1.2.aar (com.google.android.gms:play-services-measurement-sdk-api:20.1.2) with ExtractAarTransform
Transforming play-services-measurement-sdk-api-20.1.2.aar (com.google.android.gms:play-services-measurement-sdk-api:20.1.2) with AarResourcesCompilerTransform
Transforming play-services-measurement-base-20.1.2.aar (com.google.android.gms:play-services-measurement-base:20.1.2) with JetifyTransform
Transforming play-services-measurement-base-20.1.2.aar (com.google.android.gms:play-services-measurement-base:20.1.2) with ExtractAarTransform
Transforming play-services-measurement-base-20.1.2.aar (com.google.android.gms:play-services-measurement-base:20.1.2) with AarResourcesCompilerTransform
Transforming play-services-basement-18.2.0.aar (com.google.android.gms:play-services-basement:18.2.0) with JetifyTransform
Transforming play-services-basement-18.2.0.aar (com.google.android.gms:play-services-basement:18.2.0) with ExtractAarTransform
Transforming play-services-basement-18.2.0.aar (com.google.android.gms:play-services-basement:18.2.0) with AarResourcesCompilerTransform
Transforming play-services-basement-18.2.0.aar (com.google.android.gms:play-services-basement:18.2.0) with JetifyTransform
Transforming play-services-basement-18.2.0.aar (com.google.android.gms:play-services-basement:18.2.0) with ExtractAarTransform
Transforming play-services-basement-18.2.0.aar (com.google.android.gms:play-services-basement:18.2.0) with AarResourcesCompilerTransform
Transforming play-services-basement-18.2.0.aar (com.google.android.gms:play-services-basement:18.2.0) with JetifyTransform
Transforming play-services-basement-18.2.0.aar (com.google.android.gms:play-services-basement:18.2.0) with ExtractAarTransform
Transforming play-services-basement-18.2.0.aar (com.google.android.gms:play-services-basement:18.2.0) with AarResourcesCompilerTransform
Transforming play-services-basement-18.2.0.aar (com.google.android.gms:play-services-basement:18.2.0) with JetifyTransform
Transforming play-services-basement-18.2.0.aar (com.google.android.gms:play-services-basement:18.2.0) with ExtractAarTransform
Transforming play-services-basement-18.2.0.aar (com.google.android.gms:play-services-basement:18.2.0) with AarResourcesCompilerTransform
Transforming play-services-basement-18.2.0.aar (com.google.android.gms:play-services-basement:18.2.0) with JetifyTransform
Transforming play-services-basement-18.2.0.aar (com.google.android.gms:play-services-basement:18.2.0) with ExtractAarTransform
Transforming play-services-basement-18.2.0.aar (com.google.android.gms:play-services-basement:18.2.0) with AarResourcesCompilerTransform
Caching disabled for AarResourcesCompilerTransform: C:\Users\user\.gradle\caches\transforms-3\f60bd6a2f18e5772f3e63663a99cb4e1\transformed\jetified-accompanist-permissions-0.32.0 because:
  Build cache is disabled
Skipping AarResourcesCompilerTransform: C:\Users\user\.gradle\caches\transforms-3\f60bd6a2f18e5772f3e63663a99cb4e1\transformed\jetified-accompanist-permissions-0.32.0 as it is up-to-date.
Caching disabled for AarResourcesCompilerTransform: C:\Users\user\.gradle\caches\transforms-3\e867abbcf77ff1131be5b6df08de5eee\transformed\navigation-runtime-ktx-2.7.6 because:
  Build cache is disabled
Skipping AarResourcesCompilerTransform: C:\Users\user\.gradle\caches\transforms-3\e867abbcf77ff1131be5b6df08de5eee\transformed\navigation-runtime-ktx-2.7.6 as it is up-to-date.
Skipping AarResourcesCompilerTransform: C:\Users\user\.gradle\caches\transforms-3\0f46e4ccc0eeb6bdb32e10768693dbb1\transformed\navigation-common-2.7.6 as it is up-to-date.
Skipping AarResourcesCompilerTransform: C:\Users\user\.gradle\caches\transforms-3\2619ed40ef3fa7bd0956e04ee7e7a9f1\transformed\vectordrawable-1.1.0 as it is up-to-date.
Caching disabled for AarResourcesCompilerTransform: C:\Users\user\.gradle\caches\transforms-3\ae35f69c27c9ae25ab61f505d1c73246\transformed\jetified-navigation-compose-2.7.6 because:
  Build cache is disabled
Transforming play-services-basement-18.2.0.aar (com.google.android.gms:play-services-basement:18.2.0) with JetifyTransform
Transforming play-services-basement-18.2.0.aar (com.google.android.gms:play-services-basement:18.2.0) with ExtractAarTransform
Skipping AarResourcesCompilerTransform: C:\Users\user\.gradle\caches\transforms-3\ae35f69c27c9ae25ab61f505d1c73246\transformed\jetified-navigation-compose-2.7.6 as it is up-to-date.
Transforming play-services-basement-18.2.0.aar (com.google.android.gms:play-services-basement:18.2.0) with AarResourcesCompilerTransform
Transforming play-services-basement-18.2.0.aar (com.google.android.gms:play-services-basement:18.2.0) with JetifyTransform
Transforming play-services-basement-18.2.0.aar (com.google.android.gms:play-services-basement:18.2.0) with ExtractAarTransform
Transforming play-services-basement-18.2.0.aar (com.google.android.gms:play-services-basement:18.2.0) with AarResourcesCompilerTransform
Transforming play-services-basement-18.2.0.aar (com.google.android.gms:play-services-basement:18.2.0) with JetifyTransform
Transforming play-services-basement-18.2.0.aar (com.google.android.gms:play-services-basement:18.2.0) with ExtractAarTransform
Transforming play-services-basement-18.2.0.aar (com.google.android.gms:play-services-basement:18.2.0) with AarResourcesCompilerTransform
Transforming play-services-basement-18.2.0.aar (com.google.android.gms:play-services-basement:18.2.0) with JetifyTransform
Transforming play-services-basement-18.2.0.aar (com.google.android.gms:play-services-basement:18.2.0) with ExtractAarTransform
Transforming play-services-basement-18.2.0.aar (com.google.android.gms:play-services-basement:18.2.0) with AarResourcesCompilerTransform
Transforming play-services-basement-18.2.0.aar (com.google.android.gms:play-services-basement:18.2.0) with JetifyTransform
Transforming play-services-basement-18.2.0.aar (com.google.android.gms:play-services-basement:18.2.0) with ExtractAarTransform
Transforming play-services-basement-18.2.0.aar (com.google.android.gms:play-services-basement:18.2.0) with AarResourcesCompilerTransform
Transforming fragment-1.5.1.aar (androidx.fragment:fragment:1.5.1) with JetifyTransform
Caching disabled for AarResourcesCompilerTransform: C:\Users\user\.gradle\caches\transforms-3\72921219f6734e39e36ce1ab1aad6d03\transformed\navigation-common-ktx-2.7.6 because:
  Build cache is disabled
Transforming fragment-1.5.1.aar (androidx.fragment:fragment:1.5.1) with ExtractAarTransform
Skipping AarResourcesCompilerTransform: C:\Users\user\.gradle\caches\transforms-3\72921219f6734e39e36ce1ab1aad6d03\transformed\navigation-common-ktx-2.7.6 as it is up-to-date.
Transforming fragment-1.5.1.aar (androidx.fragment:fragment:1.5.1) with AarResourcesCompilerTransform
Transforming fragment-1.5.1.aar (androidx.fragment:fragment:1.5.1) with JetifyTransform
Transforming fragment-1.5.1.aar (androidx.fragment:fragment:1.5.1) with ExtractAarTransform
Transforming fragment-1.5.1.aar (androidx.fragment:fragment:1.5.1) with AarResourcesCompilerTransform
Transforming fragment-1.5.1.aar (androidx.fragment:fragment:1.5.1) with JetifyTransform
Transforming fragment-1.5.1.aar (androidx.fragment:fragment:1.5.1) with ExtractAarTransform
Transforming fragment-1.5.1.aar (androidx.fragment:fragment:1.5.1) with AarResourcesCompilerTransform
Transforming fragment-1.5.1.aar (androidx.fragment:fragment:1.5.1) with JetifyTransform
Transforming fragment-1.5.1.aar (androidx.fragment:fragment:1.5.1) with ExtractAarTransform
Transforming fragment-1.5.1.aar (androidx.fragment:fragment:1.5.1) with AarResourcesCompilerTransform
Transforming emoji2-views-helper-1.3.0.aar (androidx.emoji2:emoji2-views-helper:1.3.0) with JetifyTransform
Transforming emoji2-views-helper-1.3.0.aar (androidx.emoji2:emoji2-views-helper:1.3.0) with ExtractAarTransform
Transforming emoji2-views-helper-1.3.0.aar (androidx.emoji2:emoji2-views-helper:1.3.0) with AarResourcesCompilerTransform
Transforming emoji2-1.3.0.aar (androidx.emoji2:emoji2:1.3.0) with JetifyTransform
Transforming emoji2-1.3.0.aar (androidx.emoji2:emoji2:1.3.0) with ExtractAarTransform
Transforming emoji2-1.3.0.aar (androidx.emoji2:emoji2:1.3.0) with AarResourcesCompilerTransform
Transforming lifecycle-process-2.7.0.aar (androidx.lifecycle:lifecycle-process:2.7.0) with JetifyTransform
Transforming lifecycle-process-2.7.0.aar (androidx.lifecycle:lifecycle-process:2.7.0) with ExtractAarTransform
Transforming lifecycle-process-2.7.0.aar (androidx.lifecycle:lifecycle-process:2.7.0) with AarResourcesCompilerTransform
Transforming lifecycle-service-2.7.0.aar (androidx.lifecycle:lifecycle-service:2.7.0) with JetifyTransform
Transforming lifecycle-service-2.7.0.aar (androidx.lifecycle:lifecycle-service:2.7.0) with ExtractAarTransform
Caching disabled for AarResourcesCompilerTransform: C:\Users\user\.gradle\caches\transforms-3\deeed389b8629d1b86b0d43d85b80f15\transformed\jetified-room-ktx-2.6.1 because:
  Build cache is disabled
Transforming lifecycle-service-2.7.0.aar (androidx.lifecycle:lifecycle-service:2.7.0) with AarResourcesCompilerTransform
Skipping AarResourcesCompilerTransform: C:\Users\user\.gradle\caches\transforms-3\deeed389b8629d1b86b0d43d85b80f15\transformed\jetified-room-ktx-2.6.1 as it is up-to-date.
Transforming lifecycle-livedata-core-ktx-2.7.0.aar (androidx.lifecycle:lifecycle-livedata-core-ktx:2.7.0) with JetifyTransform
Transforming lifecycle-livedata-core-ktx-2.7.0.aar (androidx.lifecycle:lifecycle-livedata-core-ktx:2.7.0) with ExtractAarTransform
Transforming lifecycle-livedata-core-ktx-2.7.0.aar (androidx.lifecycle:lifecycle-livedata-core-ktx:2.7.0) with AarResourcesCompilerTransform
Transforming lifecycle-livedata-ktx-2.7.0.aar (androidx.lifecycle:lifecycle-livedata-ktx:2.7.0) with JetifyTransform
Transforming lifecycle-livedata-ktx-2.7.0.aar (androidx.lifecycle:lifecycle-livedata-ktx:2.7.0) with ExtractAarTransform
Transforming lifecycle-livedata-ktx-2.7.0.aar (androidx.lifecycle:lifecycle-livedata-ktx:2.7.0) with AarResourcesCompilerTransform
Transforming lifecycle-livedata-core-2.7.0.aar (androidx.lifecycle:lifecycle-livedata-core:2.7.0) with JetifyTransform
Transforming lifecycle-livedata-core-2.7.0.aar (androidx.lifecycle:lifecycle-livedata-core:2.7.0) with ExtractAarTransform
Transforming lifecycle-livedata-core-2.7.0.aar (androidx.lifecycle:lifecycle-livedata-core:2.7.0) with AarResourcesCompilerTransform
Caching disabled for AarResourcesCompilerTransform: C:\Users\user\.gradle\caches\transforms-3\d13efe73e15feb692f299aca534190ce\transformed\work-runtime-2.7.0 because:
  Build cache is disabled
Transforming legacy-support-core-utils-1.0.0.aar (androidx.legacy:legacy-support-core-utils:1.0.0) with JetifyTransform
Skipping AarResourcesCompilerTransform: C:\Users\user\.gradle\caches\transforms-3\d13efe73e15feb692f299aca534190ce\transformed\work-runtime-2.7.0 as it is up-to-date.
Transforming legacy-support-core-utils-1.0.0.aar (androidx.legacy:legacy-support-core-utils:1.0.0) with ExtractAarTransform
Transforming legacy-support-core-utils-1.0.0.aar (androidx.legacy:legacy-support-core-utils:1.0.0) with AarResourcesCompilerTransform
Transforming loader-1.0.0.aar (androidx.loader:loader:1.0.0) with JetifyTransform
Transforming loader-1.0.0.aar (androidx.loader:loader:1.0.0) with ExtractAarTransform
Transforming loader-1.0.0.aar (androidx.loader:loader:1.0.0) with AarResourcesCompilerTransform
Transforming loader-1.0.0.aar (androidx.loader:loader:1.0.0) with JetifyTransform
Transforming loader-1.0.0.aar (androidx.loader:loader:1.0.0) with ExtractAarTransform
Transforming loader-1.0.0.aar (androidx.loader:loader:1.0.0) with AarResourcesCompilerTransform
Transforming lifecycle-livedata-2.7.0.aar (androidx.lifecycle:lifecycle-livedata:2.7.0) with JetifyTransform
Transforming lifecycle-livedata-2.7.0.aar (androidx.lifecycle:lifecycle-livedata:2.7.0) with ExtractAarTransform
Caching disabled for AarResourcesCompilerTransform: C:\Users\user\.gradle\caches\transforms-3\88935f1d435615fcfcf4533f1e74a0c1\transformed\jetified-paging-runtime-ktx-3.2.1 because:
  Build cache is disabled
Transforming lifecycle-livedata-2.7.0.aar (androidx.lifecycle:lifecycle-livedata:2.7.0) with AarResourcesCompilerTransform
Skipping AarResourcesCompilerTransform: C:\Users\user\.gradle\caches\transforms-3\88935f1d435615fcfcf4533f1e74a0c1\transformed\jetified-paging-runtime-ktx-3.2.1 as it is up-to-date.
Caching disabled for AarResourcesCompilerTransform: C:\Users\user\.gradle\caches\transforms-3\20b81b3594ace06c7a70dff3a2366e16\transformed\paging-runtime-3.2.1 because:
  Build cache is disabled
Caching disabled for AarResourcesCompilerTransform: C:\Users\user\.gradle\caches\transforms-3\c4b49199efd8b05d152a707fc92393f9\transformed\jetified-play-services-ads-lite-22.6.0 because:
  Build cache is disabled
Skipping AarResourcesCompilerTransform: C:\Users\user\.gradle\caches\transforms-3\20b81b3594ace06c7a70dff3a2366e16\transformed\paging-runtime-3.2.1 as it is up-to-date.
Skipping AarResourcesCompilerTransform: C:\Users\user\.gradle\caches\transforms-3\c4b49199efd8b05d152a707fc92393f9\transformed\jetified-play-services-ads-lite-22.6.0 as it is up-to-date.
Transforming lifecycle-livedata-2.7.0.aar (androidx.lifecycle:lifecycle-livedata:2.7.0) with JetifyTransform
Transforming lifecycle-livedata-2.7.0.aar (androidx.lifecycle:lifecycle-livedata:2.7.0) with ExtractAarTransform
Transforming lifecycle-livedata-2.7.0.aar (androidx.lifecycle:lifecycle-livedata:2.7.0) with AarResourcesCompilerTransform
Transforming savedstate-ktx-1.2.1.aar (androidx.savedstate:savedstate-ktx:1.2.1) with JetifyTransform
Transforming savedstate-ktx-1.2.1.aar (androidx.savedstate:savedstate-ktx:1.2.1) with ExtractAarTransform
Transforming savedstate-ktx-1.2.1.aar (androidx.savedstate:savedstate-ktx:1.2.1) with AarResourcesCompilerTransform
Transforming savedstate-1.2.1.aar (androidx.savedstate:savedstate:1.2.1) with JetifyTransform
Transforming savedstate-1.2.1.aar (androidx.savedstate:savedstate:1.2.1) with ExtractAarTransform
Transforming savedstate-1.2.1.aar (androidx.savedstate:savedstate:1.2.1) with AarResourcesCompilerTransform
Transforming lifecycle-viewmodel-savedstate-2.7.0.aar (androidx.lifecycle:lifecycle-viewmodel-savedstate:2.7.0) with JetifyTransform
Transforming lifecycle-viewmodel-savedstate-2.7.0.aar (androidx.lifecycle:lifecycle-viewmodel-savedstate:2.7.0) with ExtractAarTransform
Transforming lifecycle-viewmodel-savedstate-2.7.0.aar (androidx.lifecycle:lifecycle-viewmodel-savedstate:2.7.0) with AarResourcesCompilerTransform
Transforming lifecycle-viewmodel-ktx-2.7.0.aar (androidx.lifecycle:lifecycle-viewmodel-ktx:2.7.0) with JetifyTransform
Transforming lifecycle-viewmodel-ktx-2.7.0.aar (androidx.lifecycle:lifecycle-viewmodel-ktx:2.7.0) with ExtractAarTransform
Transforming lifecycle-viewmodel-ktx-2.7.0.aar (androidx.lifecycle:lifecycle-viewmodel-ktx:2.7.0) with AarResourcesCompilerTransform
Caching disabled for AarResourcesCompilerTransform: C:\Users\user\.gradle\caches\transforms-3\48cbbb2a7e04ed4bd14f5ee9909e7333\transformed\jetified-room-paging-2.6.1 because:
  Build cache is disabled
Transforming lifecycle-viewmodel-2.7.0.aar (androidx.lifecycle:lifecycle-viewmodel:2.7.0) with JetifyTransform
Skipping AarResourcesCompilerTransform: C:\Users\user\.gradle\caches\transforms-3\48cbbb2a7e04ed4bd14f5ee9909e7333\transformed\jetified-room-paging-2.6.1 as it is up-to-date.
Transforming lifecycle-viewmodel-2.7.0.aar (androidx.lifecycle:lifecycle-viewmodel:2.7.0) with ExtractAarTransform
Transforming lifecycle-viewmodel-2.7.0.aar (androidx.lifecycle:lifecycle-viewmodel:2.7.0) with AarResourcesCompilerTransform
Transforming lifecycle-viewmodel-2.7.0.aar (androidx.lifecycle:lifecycle-viewmodel:2.7.0) with JetifyTransform
Transforming lifecycle-viewmodel-2.7.0.aar (androidx.lifecycle:lifecycle-viewmodel:2.7.0) with ExtractAarTransform
Transforming lifecycle-viewmodel-2.7.0.aar (androidx.lifecycle:lifecycle-viewmodel:2.7.0) with AarResourcesCompilerTransform
Transforming lifecycle-runtime-2.7.0.aar (androidx.lifecycle:lifecycle-runtime:2.7.0) with JetifyTransform
Transforming lifecycle-runtime-2.7.0.aar (androidx.lifecycle:lifecycle-runtime:2.7.0) with ExtractAarTransform
Transforming lifecycle-runtime-2.7.0.aar (androidx.lifecycle:lifecycle-runtime:2.7.0) with AarResourcesCompilerTransform
Transforming lifecycle-runtime-ktx-2.7.0.aar (androidx.lifecycle:lifecycle-runtime-ktx:2.7.0) with JetifyTransform
Transforming lifecycle-runtime-ktx-2.7.0.aar (androidx.lifecycle:lifecycle-runtime-ktx:2.7.0) with ExtractAarTransform
Transforming lifecycle-runtime-ktx-2.7.0.aar (androidx.lifecycle:lifecycle-runtime-ktx:2.7.0) with AarResourcesCompilerTransform
Transforming lifecycle-viewmodel-compose-2.7.0.aar (androidx.lifecycle:lifecycle-viewmodel-compose:2.7.0) with JetifyTransform
Transforming lifecycle-viewmodel-compose-2.7.0.aar (androidx.lifecycle:lifecycle-viewmodel-compose:2.7.0) with ExtractAarTransform
Transforming lifecycle-viewmodel-compose-2.7.0.aar (androidx.lifecycle:lifecycle-viewmodel-compose:2.7.0) with AarResourcesCompilerTransform
Transforming accompanist-drawablepainter-0.32.0.aar (com.google.accompanist:accompanist-drawablepainter:0.32.0) with JetifyTransform
Transforming accompanist-drawablepainter-0.32.0.aar (com.google.accompanist:accompanist-drawablepainter:0.32.0) with ExtractAarTransform
Transforming accompanist-drawablepainter-0.32.0.aar (com.google.accompanist:accompanist-drawablepainter:0.32.0) with AarResourcesCompilerTransform
Transforming ui-release.aar (androidx.compose.ui:ui-android:1.6.1) with JetifyTransform
Transforming ui-release.aar (androidx.compose.ui:ui-android:1.6.1) with ExtractAarTransform
Transforming ui-release.aar (androidx.compose.ui:ui-android:1.6.1) with AarResourcesCompilerTransform
Transforming activity-ktx-1.8.2.aar (androidx.activity:activity-ktx:1.8.2) with JetifyTransform
Transforming activity-ktx-1.8.2.aar (androidx.activity:activity-ktx:1.8.2) with ExtractAarTransform
Transforming activity-ktx-1.8.2.aar (androidx.activity:activity-ktx:1.8.2) with AarResourcesCompilerTransform
Transforming activity-compose-1.8.2.aar (androidx.activity:activity-compose:1.8.2) with JetifyTransform
Transforming activity-compose-1.8.2.aar (androidx.activity:activity-compose:1.8.2) with ExtractAarTransform
Transforming activity-compose-1.8.2.aar (androidx.activity:activity-compose:1.8.2) with AarResourcesCompilerTransform
Caching disabled for AarResourcesCompilerTransform: C:\Users\user\.gradle\caches\transforms-3\401ad4d70a412e15a764e8464bd867fe\transformed\jetified-play-services-base-18.2.0 because:
  Build cache is disabled
Caching disabled for AarResourcesCompilerTransform: C:\Users\user\.gradle\caches\transforms-3\9eb07947c41291dd8dfaea7376b52cb3\transformed\jetified-material3-release because:
  Build cache is disabled
Caching disabled for AarResourcesCompilerTransform: C:\Users\user\.gradle\caches\transforms-3\be77d38c4543d58a04ecd2e2930e4907\transformed\jetified-material-icons-core-release because:
  Build cache is disabled
Caching disabled for AarResourcesCompilerTransform: C:\Users\user\.gradle\caches\transforms-3\a0851db4a7ec9890e76aff435b580121\transformed\room-runtime-2.6.1 because:
  Build cache is disabled
Skipping AarResourcesCompilerTransform: C:\Users\user\.gradle\caches\transforms-3\a0851db4a7ec9890e76aff435b580121\transformed\room-runtime-2.6.1 as it is up-to-date.
Caching disabled for AarResourcesCompilerTransform: C:\Users\user\.gradle\caches\transforms-3\8773d98ab94b13f9d6437ce7e24c811e\transformed\jetified-paging-compose-3.2.1 because:
  Build cache is disabled
Skipping AarResourcesCompilerTransform: C:\Users\user\.gradle\caches\transforms-3\8773d98ab94b13f9d6437ce7e24c811e\transformed\jetified-paging-compose-3.2.1 as it is up-to-date.
Caching disabled for AarResourcesCompilerTransform: C:\Users\user\.gradle\caches\transforms-3\b6b0faadec3c628e9c76a6db86636b8a\transformed\jetified-material-ripple-release because:
  Build cache is disabled
Skipping AarResourcesCompilerTransform: C:\Users\user\.gradle\caches\transforms-3\be77d38c4543d58a04ecd2e2930e4907\transformed\jetified-material-icons-core-release as it is up-to-date.
Skipping AarResourcesCompilerTransform: C:\Users\user\.gradle\caches\transforms-3\b6b0faadec3c628e9c76a6db86636b8a\transformed\jetified-material-ripple-release as it is up-to-date.
Skipping AarResourcesCompilerTransform: C:\Users\user\.gradle\caches\transforms-3\9eb07947c41291dd8dfaea7376b52cb3\transformed\jetified-material3-release as it is up-to-date.
Skipping AarResourcesCompilerTransform: C:\Users\user\.gradle\caches\transforms-3\401ad4d70a412e15a764e8464bd867fe\transformed\jetified-play-services-base-18.2.0 as it is up-to-date.
Transforming activity-1.8.2.aar (androidx.activity:activity:1.8.2) with JetifyTransform
Transforming activity-1.8.2.aar (androidx.activity:activity:1.8.2) with ExtractAarTransform
Transforming activity-1.8.2.aar (androidx.activity:activity:1.8.2) with AarResourcesCompilerTransform
Transforming exoplayer-2.19.1.aar (com.google.android.exoplayer:exoplayer:2.19.1) with JetifyTransform
Caching disabled for AarResourcesCompilerTransform: C:\Users\user\.gradle\caches\transforms-3\cbc2465336ded970d23300a578f47882\transformed\jetified-material-release because:
  Build cache is disabled
Transforming exoplayer-2.19.1.aar (com.google.android.exoplayer:exoplayer:2.19.1) with ExtractAarTransform
Caching disabled for AarResourcesCompilerTransform: C:\Users\user\.gradle\caches\transforms-3\0a80b947bb60c2e5812c98a4cde80cb9\transformed\jetified-animation-release because:
  Build cache is disabled
Caching disabled for AarResourcesCompilerTransform: C:\Users\user\.gradle\caches\transforms-3\a8d18580fb95d594af0e3ea2434d1f2a\transformed\jetified-animation-core-release because:
  Build cache is disabled
Transforming exoplayer-2.19.1.aar (com.google.android.exoplayer:exoplayer:2.19.1) with AarResourcesCompilerTransform
Skipping AarResourcesCompilerTransform: C:\Users\user\.gradle\caches\transforms-3\a8d18580fb95d594af0e3ea2434d1f2a\transformed\jetified-animation-core-release as it is up-to-date.
Transforming exoplayer-dash-2.19.1.aar (com.google.android.exoplayer:exoplayer-dash:2.19.1) with JetifyTransform
Skipping AarResourcesCompilerTransform: C:\Users\user\.gradle\caches\transforms-3\cbc2465336ded970d23300a578f47882\transformed\jetified-material-release as it is up-to-date.
Transforming exoplayer-dash-2.19.1.aar (com.google.android.exoplayer:exoplayer-dash:2.19.1) with ExtractAarTransform
Skipping AarResourcesCompilerTransform: C:\Users\user\.gradle\caches\transforms-3\0a80b947bb60c2e5812c98a4cde80cb9\transformed\jetified-animation-release as it is up-to-date.
Transforming exoplayer-dash-2.19.1.aar (com.google.android.exoplayer:exoplayer-dash:2.19.1) with AarResourcesCompilerTransform
Transforming exoplayer-hls-2.19.1.aar (com.google.android.exoplayer:exoplayer-hls:2.19.1) with JetifyTransform
Caching disabled for AarResourcesCompilerTransform: C:\Users\user\.gradle\caches\transforms-3\a24bbb3d7412e2af4b948b956c9db569\transformed\jetified-ui-util-release because:
  Build cache is disabled
Caching disabled for AarResourcesCompilerTransform: C:\Users\user\.gradle\caches\transforms-3\d0defa3efce5913b5e3d5a8aac5cb6a4\transformed\jetified-ui-graphics-release because:
  Build cache is disabled
Caching disabled for AarResourcesCompilerTransform: C:\Users\user\.gradle\caches\transforms-3\8d3e065e204b9a972c9d9d381b9eab8e\transformed\jetified-ui-tooling-preview-release because:
  Build cache is disabled
Caching disabled for AarResourcesCompilerTransform: C:\Users\user\.gradle\caches\transforms-3\a2969d7a46a5d26397bd0a40364b7789\transformed\jetified-ui-unit-release because:
  Build cache is disabled
Caching disabled for AarResourcesCompilerTransform: C:\Users\user\.gradle\caches\transforms-3\153cbe083d7bbbca75db78a9ed87c037\transformed\jetified-ui-text-release because:
  Build cache is disabled
Skipping AarResourcesCompilerTransform: C:\Users\user\.gradle\caches\transforms-3\a2969d7a46a5d26397bd0a40364b7789\transformed\jetified-ui-unit-release as it is up-to-date.
Caching disabled for AarResourcesCompilerTransform: C:\Users\user\.gradle\caches\transforms-3\1371974239ba7d2e1f74577aa0076246\transformed\jetified-foundation-release because:
  Build cache is disabled
Skipping AarResourcesCompilerTransform: C:\Users\user\.gradle\caches\transforms-3\8d3e065e204b9a972c9d9d381b9eab8e\transformed\jetified-ui-tooling-preview-release as it is up-to-date.
Caching disabled for AarResourcesCompilerTransform: C:\Users\user\.gradle\caches\transforms-3\ca905dde751b020875aee835366c918b\transformed\jetified-ui-geometry-release because:
  Build cache is disabled
Skipping AarResourcesCompilerTransform: C:\Users\user\.gradle\caches\transforms-3\1371974239ba7d2e1f74577aa0076246\transformed\jetified-foundation-release as it is up-to-date.
Skipping AarResourcesCompilerTransform: C:\Users\user\.gradle\caches\transforms-3\153cbe083d7bbbca75db78a9ed87c037\transformed\jetified-ui-text-release as it is up-to-date.
Skipping AarResourcesCompilerTransform: C:\Users\user\.gradle\caches\transforms-3\d0defa3efce5913b5e3d5a8aac5cb6a4\transformed\jetified-ui-graphics-release as it is up-to-date.
Caching disabled for AarResourcesCompilerTransform: C:\Users\user\.gradle\caches\transforms-3\a12ebe0bcfa38772b01b24696e6db1a0\transformed\jetified-runtime-saveable-release because:
  Build cache is disabled
Skipping AarResourcesCompilerTransform: C:\Users\user\.gradle\caches\transforms-3\a12ebe0bcfa38772b01b24696e6db1a0\transformed\jetified-runtime-saveable-release as it is up-to-date.
Skipping AarResourcesCompilerTransform: C:\Users\user\.gradle\caches\transforms-3\a24bbb3d7412e2af4b948b956c9db569\transformed\jetified-ui-util-release as it is up-to-date.
Transforming exoplayer-hls-2.19.1.aar (com.google.android.exoplayer:exoplayer-hls:2.19.1) with ExtractAarTransform
Transforming exoplayer-hls-2.19.1.aar (com.google.android.exoplayer:exoplayer-hls:2.19.1) with AarResourcesCompilerTransform
Transforming exoplayer-rtsp-2.19.1.aar (com.google.android.exoplayer:exoplayer-rtsp:2.19.1) with JetifyTransform
Transforming exoplayer-rtsp-2.19.1.aar (com.google.android.exoplayer:exoplayer-rtsp:2.19.1) with ExtractAarTransform
Transforming exoplayer-rtsp-2.19.1.aar (com.google.android.exoplayer:exoplayer-rtsp:2.19.1) with AarResourcesCompilerTransform
Transforming exoplayer-smoothstreaming-2.19.1.aar (com.google.android.exoplayer:exoplayer-smoothstreaming:2.19.1) with JetifyTransform
Caching disabled for AarResourcesCompilerTransform: C:\Users\user\.gradle\caches\transforms-3\7609d0ec1dd432c286d684064b087864\transformed\jetified-hilt-android-2.49 because:
  Build cache is disabled
Skipping AarResourcesCompilerTransform: C:\Users\user\.gradle\caches\transforms-3\ca905dde751b020875aee835366c918b\transformed\jetified-ui-geometry-release as it is up-to-date.
Transforming exoplayer-smoothstreaming-2.19.1.aar (com.google.android.exoplayer:exoplayer-smoothstreaming:2.19.1) with ExtractAarTransform
Transforming exoplayer-smoothstreaming-2.19.1.aar (com.google.android.exoplayer:exoplayer-smoothstreaming:2.19.1) with AarResourcesCompilerTransform
Transforming exoplayer-core-2.19.1.aar (com.google.android.exoplayer:exoplayer-core:2.19.1) with JetifyTransform
Transforming exoplayer-core-2.19.1.aar (com.google.android.exoplayer:exoplayer-core:2.19.1) with ExtractAarTransform
Transforming exoplayer-core-2.19.1.aar (com.google.android.exoplayer:exoplayer-core:2.19.1) with AarResourcesCompilerTransform
Transforming exoplayer-ui-2.19.1.aar (com.google.android.exoplayer:exoplayer-ui:2.19.1) with JetifyTransform
Transforming exoplayer-ui-2.19.1.aar (com.google.android.exoplayer:exoplayer-ui:2.19.1) with ExtractAarTransform
Skipping AarResourcesCompilerTransform: C:\Users\user\.gradle\caches\transforms-3\7609d0ec1dd432c286d684064b087864\transformed\jetified-hilt-android-2.49 as it is up-to-date.
Transforming exoplayer-ui-2.19.1.aar (com.google.android.exoplayer:exoplayer-ui:2.19.1) with AarResourcesCompilerTransform
Transforming recyclerview-1.3.0.aar (androidx.recyclerview:recyclerview:1.3.0) with JetifyTransform
Transforming recyclerview-1.3.0.aar (androidx.recyclerview:recyclerview:1.3.0) with ExtractAarTransform
Transforming recyclerview-1.3.0.aar (androidx.recyclerview:recyclerview:1.3.0) with AarResourcesCompilerTransform
Transforming recyclerview-1.3.0.aar (androidx.recyclerview:recyclerview:1.3.0) with JetifyTransform
Transforming recyclerview-1.3.0.aar (androidx.recyclerview:recyclerview:1.3.0) with ExtractAarTransform
Transforming recyclerview-1.3.0.aar (androidx.recyclerview:recyclerview:1.3.0) with AarResourcesCompilerTransform
Transforming media-1.6.0.aar (androidx.media:media:1.6.0) with JetifyTransform
Transforming media-1.6.0.aar (androidx.media:media:1.6.0) with ExtractAarTransform
Transforming media-1.6.0.aar (androidx.media:media:1.6.0) with AarResourcesCompilerTransform
Caching disabled for AarResourcesCompilerTransform: C:\Users\user\.gradle\caches\transforms-3\fefcfe30ff50cfe07535bb3f9f29fec4\transformed\jetified-play-services-ads-base-22.6.0 because:
  Build cache is disabled
Transforming browser-1.4.0.aar (androidx.browser:browser:1.4.0) with JetifyTransform
Transforming browser-1.4.0.aar (androidx.browser:browser:1.4.0) with ExtractAarTransform
Transforming browser-1.4.0.aar (androidx.browser:browser:1.4.0) with AarResourcesCompilerTransform
Skipping AarResourcesCompilerTransform: C:\Users\user\.gradle\caches\transforms-3\fefcfe30ff50cfe07535bb3f9f29fec4\transformed\jetified-play-services-ads-base-22.6.0 as it is up-to-date.
Transforming viewpager-1.0.0.aar (androidx.viewpager:viewpager:1.0.0) with JetifyTransform
Transforming viewpager-1.0.0.aar (androidx.viewpager:viewpager:1.0.0) with ExtractAarTransform
Transforming viewpager-1.0.0.aar (androidx.viewpager:viewpager:1.0.0) with AarResourcesCompilerTransform
Transforming customview-1.1.0.aar (androidx.customview:customview:1.1.0) with JetifyTransform
Transforming customview-1.1.0.aar (androidx.customview:customview:1.1.0) with ExtractAarTransform
Transforming customview-1.1.0.aar (androidx.customview:customview:1.1.0) with AarResourcesCompilerTransform
Transforming customview-1.1.0.aar (androidx.customview:customview:1.1.0) with JetifyTransform
Transforming customview-1.1.0.aar (androidx.customview:customview:1.1.0) with ExtractAarTransform
Transforming customview-1.1.0.aar (androidx.customview:customview:1.1.0) with AarResourcesCompilerTransform
Transforming customview-1.1.0.aar (androidx.customview:customview:1.1.0) with JetifyTransform
Transforming customview-1.1.0.aar (androidx.customview:customview:1.1.0) with ExtractAarTransform
Transforming customview-1.1.0.aar (androidx.customview:customview:1.1.0) with AarResourcesCompilerTransform
Transforming customview-1.1.0.aar (androidx.customview:customview:1.1.0) with JetifyTransform
Transforming customview-1.1.0.aar (androidx.customview:customview:1.1.0) with ExtractAarTransform
Transforming customview-1.1.0.aar (androidx.customview:customview:1.1.0) with AarResourcesCompilerTransform
Transforming autofill-1.0.0.aar (androidx.autofill:autofill:1.0.0) with JetifyTransform
Transforming autofill-1.0.0.aar (androidx.autofill:autofill:1.0.0) with ExtractAarTransform
Transforming autofill-1.0.0.aar (androidx.autofill:autofill:1.0.0) with AarResourcesCompilerTransform
Transforming core-1.12.0.aar (androidx.core:core:1.12.0) with JetifyTransform
Transforming core-1.12.0.aar (androidx.core:core:1.12.0) with ExtractAarTransform
Transforming core-1.12.0.aar (androidx.core:core:1.12.0) with AarResourcesCompilerTransform
Transforming core-1.12.0.aar (androidx.core:core:1.12.0) with JetifyTransform
Transforming core-1.12.0.aar (androidx.core:core:1.12.0) with ExtractAarTransform
Caching disabled for AarResourcesCompilerTransform: C:\Users\user\.gradle\caches\transforms-3\2a2496b4dd7bead2a2d5dfdd36faba56\transformed\jetified-user-messaging-platform-2.1.0 because:
  Build cache is disabled
Skipping AarResourcesCompilerTransform: C:\Users\user\.gradle\caches\transforms-3\2a2496b4dd7bead2a2d5dfdd36faba56\transformed\jetified-user-messaging-platform-2.1.0 as it is up-to-date.
Transforming core-1.12.0.aar (androidx.core:core:1.12.0) with AarResourcesCompilerTransform
Transforming core-1.12.0.aar (androidx.core:core:1.12.0) with JetifyTransform
Transforming core-1.12.0.aar (androidx.core:core:1.12.0) with ExtractAarTransform
Transforming core-1.12.0.aar (androidx.core:core:1.12.0) with AarResourcesCompilerTransform
Transforming core-1.12.0.aar (androidx.core:core:1.12.0) with JetifyTransform
Transforming core-1.12.0.aar (androidx.core:core:1.12.0) with ExtractAarTransform
Transforming core-1.12.0.aar (androidx.core:core:1.12.0) with AarResourcesCompilerTransform
Transforming core-1.12.0.aar (androidx.core:core:1.12.0) with JetifyTransform
Transforming core-1.12.0.aar (androidx.core:core:1.12.0) with ExtractAarTransform
Transforming core-1.12.0.aar (androidx.core:core:1.12.0) with AarResourcesCompilerTransform
Transforming core-1.12.0.aar (androidx.core:core:1.12.0) with JetifyTransform
Transforming core-1.12.0.aar (androidx.core:core:1.12.0) with ExtractAarTransform
Transforming core-1.12.0.aar (androidx.core:core:1.12.0) with AarResourcesCompilerTransform
Transforming core-1.12.0.aar (androidx.core:core:1.12.0) with JetifyTransform
Transforming core-1.12.0.aar (androidx.core:core:1.12.0) with ExtractAarTransform
Transforming core-1.12.0.aar (androidx.core:core:1.12.0) with AarResourcesCompilerTransform
Transforming core-1.12.0.aar (androidx.core:core:1.12.0) with JetifyTransform
Transforming core-1.12.0.aar (androidx.core:core:1.12.0) with ExtractAarTransform
Transforming core-1.12.0.aar (androidx.core:core:1.12.0) with AarResourcesCompilerTransform
Transforming core-1.12.0.aar (androidx.core:core:1.12.0) with JetifyTransform
Transforming core-1.12.0.aar (androidx.core:core:1.12.0) with ExtractAarTransform
Caching disabled for AarResourcesCompilerTransform: C:\Users\user\.gradle\caches\transforms-3\b28c9dde44421952352d4ece06208963\transformed\jetified-play-services-measurement-sdk-api-20.1.2 because:
  Build cache is disabled
Skipping AarResourcesCompilerTransform: C:\Users\user\.gradle\caches\transforms-3\b28c9dde44421952352d4ece06208963\transformed\jetified-play-services-measurement-sdk-api-20.1.2 as it is up-to-date.
Transforming core-1.12.0.aar (androidx.core:core:1.12.0) with AarResourcesCompilerTransform
Transforming core-1.12.0.aar (androidx.core:core:1.12.0) with JetifyTransform
Transforming core-1.12.0.aar (androidx.core:core:1.12.0) with ExtractAarTransform
Transforming core-1.12.0.aar (androidx.core:core:1.12.0) with AarResourcesCompilerTransform
Transforming core-1.12.0.aar (androidx.core:core:1.12.0) with JetifyTransform
Transforming core-1.12.0.aar (androidx.core:core:1.12.0) with ExtractAarTransform
Transforming core-1.12.0.aar (androidx.core:core:1.12.0) with AarResourcesCompilerTransform
Transforming core-1.12.0.aar (androidx.core:core:1.12.0) with JetifyTransform
Transforming core-1.12.0.aar (androidx.core:core:1.12.0) with ExtractAarTransform
Transforming core-1.12.0.aar (androidx.core:core:1.12.0) with AarResourcesCompilerTransform
Transforming core-1.12.0.aar (androidx.core:core:1.12.0) with JetifyTransform
Transforming core-1.12.0.aar (androidx.core:core:1.12.0) with ExtractAarTransform
Transforming core-1.12.0.aar (androidx.core:core:1.12.0) with AarResourcesCompilerTransform
Transforming core-1.12.0.aar (androidx.core:core:1.12.0) with JetifyTransform
Transforming core-1.12.0.aar (androidx.core:core:1.12.0) with ExtractAarTransform
Transforming core-1.12.0.aar (androidx.core:core:1.12.0) with AarResourcesCompilerTransform
Transforming core-1.12.0.aar (androidx.core:core:1.12.0) with JetifyTransform
Transforming core-1.12.0.aar (androidx.core:core:1.12.0) with ExtractAarTransform
Transforming core-1.12.0.aar (androidx.core:core:1.12.0) with AarResourcesCompilerTransform
Transforming ads-adservices-java-1.0.0-beta05.aar (androidx.privacysandbox.ads:ads-adservices-java:1.0.0-beta05) with JetifyTransform
Transforming ads-adservices-java-1.0.0-beta05.aar (androidx.privacysandbox.ads:ads-adservices-java:1.0.0-beta05) with ExtractAarTransform
Transforming ads-adservices-java-1.0.0-beta05.aar (androidx.privacysandbox.ads:ads-adservices-java:1.0.0-beta05) with AarResourcesCompilerTransform
Transforming ads-adservices-1.0.0-beta05.aar (androidx.privacysandbox.ads:ads-adservices:1.0.0-beta05) with JetifyTransform
Transforming ads-adservices-1.0.0-beta05.aar (androidx.privacysandbox.ads:ads-adservices:1.0.0-beta05) with ExtractAarTransform
Transforming ads-adservices-1.0.0-beta05.aar (androidx.privacysandbox.ads:ads-adservices:1.0.0-beta05) with AarResourcesCompilerTransform
Transforming ads-adservices-1.0.0-beta05.aar (androidx.privacysandbox.ads:ads-adservices:1.0.0-beta05) with JetifyTransform
Transforming ads-adservices-1.0.0-beta05.aar (androidx.privacysandbox.ads:ads-adservices:1.0.0-beta05) with ExtractAarTransform
Transforming ads-adservices-1.0.0-beta05.aar (androidx.privacysandbox.ads:ads-adservices:1.0.0-beta05) with AarResourcesCompilerTransform
Transforming customview-poolingcontainer-1.0.0.aar (androidx.customview:customview-poolingcontainer:1.0.0) with JetifyTransform
Transforming customview-poolingcontainer-1.0.0.aar (androidx.customview:customview-poolingcontainer:1.0.0) with ExtractAarTransform
Transforming customview-poolingcontainer-1.0.0.aar (androidx.customview:customview-poolingcontainer:1.0.0) with AarResourcesCompilerTransform
Transforming core-ktx-1.12.0.aar (androidx.core:core-ktx:1.12.0) with JetifyTransform
Transforming core-ktx-1.12.0.aar (androidx.core:core-ktx:1.12.0) with ExtractAarTransform
Transforming core-ktx-1.12.0.aar (androidx.core:core-ktx:1.12.0) with AarResourcesCompilerTransform
Transforming flexbox-3.0.0.aar (com.google.android.flexbox:flexbox:3.0.0) with JetifyTransform
Transforming flexbox-3.0.0.aar (com.google.android.flexbox:flexbox:3.0.0) with ExtractAarTransform
Transforming flexbox-3.0.0.aar (com.google.android.flexbox:flexbox:3.0.0) with AarResourcesCompilerTransform
Transforming core-splashscreen-1.0.1.aar (androidx.core:core-splashscreen:1.0.1) with JetifyTransform
Transforming core-splashscreen-1.0.1.aar (androidx.core:core-splashscreen:1.0.1) with ExtractAarTransform
Transforming core-splashscreen-1.0.1.aar (androidx.core:core-splashscreen:1.0.1) with AarResourcesCompilerTransform
Transforming sqlite-framework-2.4.0.aar (androidx.sqlite:sqlite-framework:2.4.0) with JetifyTransform
Transforming sqlite-framework-2.4.0.aar (androidx.sqlite:sqlite-framework:2.4.0) with ExtractAarTransform
Caching disabled for AarResourcesCompilerTransform: C:\Users\user\.gradle\caches\transforms-3\7bc33f1b9169acd2dfd1a37a27683ae2\transformed\jetified-play-services-measurement-base-20.1.2 because:
  Build cache is disabled
Transforming sqlite-framework-2.4.0.aar (androidx.sqlite:sqlite-framework:2.4.0) with AarResourcesCompilerTransform
Skipping AarResourcesCompilerTransform: C:\Users\user\.gradle\caches\transforms-3\7bc33f1b9169acd2dfd1a37a27683ae2\transformed\jetified-play-services-measurement-base-20.1.2 as it is up-to-date.
Transforming sqlite-2.4.0.aar (androidx.sqlite:sqlite:2.4.0) with JetifyTransform
Transforming sqlite-2.4.0.aar (androidx.sqlite:sqlite:2.4.0) with ExtractAarTransform
Transforming sqlite-2.4.0.aar (androidx.sqlite:sqlite:2.4.0) with AarResourcesCompilerTransform
Transforming napier-release.aar (io.github.aakira:napier-android:1.4.1) with JetifyTransform
Transforming napier-release.aar (io.github.aakira:napier-android:1.4.1) with ExtractAarTransform
Transforming napier-release.aar (io.github.aakira:napier-android:1.4.1) with AarResourcesCompilerTransform
Transforming annotation-experimental-1.4.0.aar (androidx.annotation:annotation-experimental:1.4.0) with JetifyTransform
Transforming annotation-experimental-1.4.0.aar (androidx.annotation:annotation-experimental:1.4.0) with ExtractAarTransform
Transforming annotation-experimental-1.4.0.aar (androidx.annotation:annotation-experimental:1.4.0) with AarResourcesCompilerTransform
Transforming cursoradapter-1.0.0.aar (androidx.cursoradapter:cursoradapter:1.0.0) with JetifyTransform
Transforming cursoradapter-1.0.0.aar (androidx.cursoradapter:cursoradapter:1.0.0) with ExtractAarTransform
Transforming cursoradapter-1.0.0.aar (androidx.cursoradapter:cursoradapter:1.0.0) with AarResourcesCompilerTransform
Transforming cardview-1.0.0.aar (androidx.cardview:cardview:1.0.0) with JetifyTransform
Transforming cardview-1.0.0.aar (androidx.cardview:cardview:1.0.0) with ExtractAarTransform
Transforming cardview-1.0.0.aar (androidx.cardview:cardview:1.0.0) with AarResourcesCompilerTransform
Transforming core-runtime-2.2.0.aar (androidx.arch.core:core-runtime:2.2.0) with JetifyTransform
Transforming core-runtime-2.2.0.aar (androidx.arch.core:core-runtime:2.2.0) with ExtractAarTransform
Transforming core-runtime-2.2.0.aar (androidx.arch.core:core-runtime:2.2.0) with AarResourcesCompilerTransform
Transforming exoplayer-datasource-2.19.1.aar (com.google.android.exoplayer:exoplayer-datasource:2.19.1) with JetifyTransform
Transforming exoplayer-datasource-2.19.1.aar (com.google.android.exoplayer:exoplayer-datasource:2.19.1) with ExtractAarTransform
Transforming exoplayer-datasource-2.19.1.aar (com.google.android.exoplayer:exoplayer-datasource:2.19.1) with AarResourcesCompilerTransform
Transforming exoplayer-database-2.19.1.aar (com.google.android.exoplayer:exoplayer-database:2.19.1) with JetifyTransform
Transforming exoplayer-database-2.19.1.aar (com.google.android.exoplayer:exoplayer-database:2.19.1) with ExtractAarTransform
Transforming exoplayer-database-2.19.1.aar (com.google.android.exoplayer:exoplayer-database:2.19.1) with AarResourcesCompilerTransform
Transforming exoplayer-extractor-2.19.1.aar (com.google.android.exoplayer:exoplayer-extractor:2.19.1) with JetifyTransform
Transforming exoplayer-extractor-2.19.1.aar (com.google.android.exoplayer:exoplayer-extractor:2.19.1) with ExtractAarTransform
Transforming exoplayer-extractor-2.19.1.aar (com.google.android.exoplayer:exoplayer-extractor:2.19.1) with AarResourcesCompilerTransform
Transforming exoplayer-decoder-2.19.1.aar (com.google.android.exoplayer:exoplayer-decoder:2.19.1) with JetifyTransform
Transforming exoplayer-decoder-2.19.1.aar (com.google.android.exoplayer:exoplayer-decoder:2.19.1) with ExtractAarTransform
Transforming exoplayer-decoder-2.19.1.aar (com.google.android.exoplayer:exoplayer-decoder:2.19.1) with AarResourcesCompilerTransform
Transforming exoplayer-container-2.19.1.aar (com.google.android.exoplayer:exoplayer-container:2.19.1) with JetifyTransform
Transforming exoplayer-container-2.19.1.aar (com.google.android.exoplayer:exoplayer-container:2.19.1) with ExtractAarTransform
Transforming exoplayer-container-2.19.1.aar (com.google.android.exoplayer:exoplayer-container:2.19.1) with AarResourcesCompilerTransform
Transforming exoplayer-common-2.19.1.aar (com.google.android.exoplayer:exoplayer-common:2.19.1) with JetifyTransform
Transforming exoplayer-common-2.19.1.aar (com.google.android.exoplayer:exoplayer-common:2.19.1) with ExtractAarTransform
Transforming exoplayer-common-2.19.1.aar (com.google.android.exoplayer:exoplayer-common:2.19.1) with AarResourcesCompilerTransform
Transforming interpolator-1.0.0.aar (androidx.interpolator:interpolator:1.0.0) with JetifyTransform
Transforming interpolator-1.0.0.aar (androidx.interpolator:interpolator:1.0.0) with ExtractAarTransform
Transforming interpolator-1.0.0.aar (androidx.interpolator:interpolator:1.0.0) with AarResourcesCompilerTransform
Transforming interpolator-1.0.0.aar (androidx.interpolator:interpolator:1.0.0) with JetifyTransform
Transforming interpolator-1.0.0.aar (androidx.interpolator:interpolator:1.0.0) with ExtractAarTransform
Transforming interpolator-1.0.0.aar (androidx.interpolator:interpolator:1.0.0) with AarResourcesCompilerTransform
Transforming versionedparcelable-1.1.1.aar (androidx.versionedparcelable:versionedparcelable:1.1.1) with JetifyTransform
Transforming versionedparcelable-1.1.1.aar (androidx.versionedparcelable:versionedparcelable:1.1.1) with ExtractAarTransform
Transforming versionedparcelable-1.1.1.aar (androidx.versionedparcelable:versionedparcelable:1.1.1) with AarResourcesCompilerTransform
Transforming profileinstaller-1.3.1.aar (androidx.profileinstaller:profileinstaller:1.3.1) with JetifyTransform
Caching disabled for AarResourcesCompilerTransform: C:\Users\user\.gradle\caches\transforms-3\a98fef1d1520166b9b08927ea1e4f9aa\transformed\jetified-play-services-basement-18.2.0 because:
  Build cache is disabled
Transforming profileinstaller-1.3.1.aar (androidx.profileinstaller:profileinstaller:1.3.1) with ExtractAarTransform
Skipping AarResourcesCompilerTransform: C:\Users\user\.gradle\caches\transforms-3\a98fef1d1520166b9b08927ea1e4f9aa\transformed\jetified-play-services-basement-18.2.0 as it is up-to-date.
Transforming profileinstaller-1.3.1.aar (androidx.profileinstaller:profileinstaller:1.3.1) with AarResourcesCompilerTransform
Transforming startup-runtime-1.1.1.aar (androidx.startup:startup-runtime:1.1.1) with JetifyTransform
Transforming startup-runtime-1.1.1.aar (androidx.startup:startup-runtime:1.1.1) with ExtractAarTransform
Transforming startup-runtime-1.1.1.aar (androidx.startup:startup-runtime:1.1.1) with AarResourcesCompilerTransform
Transforming tracing-1.0.0.aar (androidx.tracing:tracing:1.0.0) with JetifyTransform
Transforming tracing-1.0.0.aar (androidx.tracing:tracing:1.0.0) with ExtractAarTransform
Transforming tracing-1.0.0.aar (androidx.tracing:tracing:1.0.0) with AarResourcesCompilerTransform
Transforming documentfile-1.0.0.aar (androidx.documentfile:documentfile:1.0.0) with JetifyTransform
Transforming documentfile-1.0.0.aar (androidx.documentfile:documentfile:1.0.0) with ExtractAarTransform
Transforming documentfile-1.0.0.aar (androidx.documentfile:documentfile:1.0.0) with AarResourcesCompilerTransform
Transforming localbroadcastmanager-1.0.0.aar (androidx.localbroadcastmanager:localbroadcastmanager:1.0.0) with JetifyTransform
Transforming localbroadcastmanager-1.0.0.aar (androidx.localbroadcastmanager:localbroadcastmanager:1.0.0) with ExtractAarTransform
Transforming localbroadcastmanager-1.0.0.aar (androidx.localbroadcastmanager:localbroadcastmanager:1.0.0) with AarResourcesCompilerTransform
Transforming print-1.0.0.aar (androidx.print:print:1.0.0) with JetifyTransform
Transforming print-1.0.0.aar (androidx.print:print:1.0.0) with ExtractAarTransform
Transforming print-1.0.0.aar (androidx.print:print:1.0.0) with AarResourcesCompilerTransform
Transforming exifinterface-1.3.6.aar (androidx.exifinterface:exifinterface:1.3.6) with JetifyTransform
Transforming exifinterface-1.3.6.aar (androidx.exifinterface:exifinterface:1.3.6) with ExtractAarTransform
Transforming exifinterface-1.3.6.aar (androidx.exifinterface:exifinterface:1.3.6) with AarResourcesCompilerTransform
Transforming volley-1.2.1.aar (com.android.volley:volley:1.2.1) with JetifyTransform
Transforming volley-1.2.1.aar (com.android.volley:volley:1.2.1) with ExtractAarTransform
Transforming volley-1.2.1.aar (com.android.volley:volley:1.2.1) with AarResourcesCompilerTransform
Transforming Android-Image-Slider-1.4.0.aar (com.github.smarteist:Android-Image-Slider:1.4.0) with JetifyTransform
Transforming Android-Image-Slider-1.4.0.aar (com.github.smarteist:Android-Image-Slider:1.4.0) with ExtractAarTransform
Transforming Android-Image-Slider-1.4.0.aar (com.github.smarteist:Android-Image-Slider:1.4.0) with AarResourcesCompilerTransform
Transforming circleimageview-3.1.0.aar (de.hdodenhof:circleimageview:3.1.0) with JetifyTransform
Transforming circleimageview-3.1.0.aar (de.hdodenhof:circleimageview:3.1.0) with ExtractAarTransform
Transforming circleimageview-3.1.0.aar (de.hdodenhof:circleimageview:3.1.0) with AarResourcesCompilerTransform
Transforming dagger-lint-aar-2.49.aar (com.google.dagger:dagger-lint-aar:2.49) with JetifyTransform
Transforming dagger-lint-aar-2.49.aar (com.google.dagger:dagger-lint-aar:2.49) with ExtractAarTransform
Transforming dagger-lint-aar-2.49.aar (com.google.dagger:dagger-lint-aar:2.49) with AarResourcesCompilerTransform
Caching disabled for AarResourcesCompilerTransform: C:\Users\user\.gradle\caches\transforms-3\ce43085ba0af9184b2d8510666d1eb4c\transformed\fragment-1.5.1 because:
  Build cache is disabled
Skipping AarResourcesCompilerTransform: C:\Users\user\.gradle\caches\transforms-3\ce43085ba0af9184b2d8510666d1eb4c\transformed\fragment-1.5.1 as it is up-to-date.
Caching disabled for AarResourcesCompilerTransform: C:\Users\user\.gradle\caches\transforms-3\2e6a11253b53f57b3b9d26b8fa62696e\transformed\jetified-emoji2-views-helper-1.3.0 because:
  Build cache is disabled
Caching disabled for AarResourcesCompilerTransform: C:\Users\user\.gradle\caches\transforms-3\3bde4be5f64196dc9d79c4d702f48306\transformed\jetified-emoji2-1.3.0 because:
  Build cache is disabled
Skipping AarResourcesCompilerTransform: C:\Users\user\.gradle\caches\transforms-3\2e6a11253b53f57b3b9d26b8fa62696e\transformed\jetified-emoji2-views-helper-1.3.0 as it is up-to-date.
Skipping AarResourcesCompilerTransform: C:\Users\user\.gradle\caches\transforms-3\3bde4be5f64196dc9d79c4d702f48306\transformed\jetified-emoji2-1.3.0 as it is up-to-date.
Caching disabled for AarResourcesCompilerTransform: C:\Users\user\.gradle\caches\transforms-3\befba8fbd8bdeb7a931e0ef64310fd03\transformed\jetified-lifecycle-process-2.7.0 because:
  Build cache is disabled
Skipping AarResourcesCompilerTransform: C:\Users\user\.gradle\caches\transforms-3\befba8fbd8bdeb7a931e0ef64310fd03\transformed\jetified-lifecycle-process-2.7.0 as it is up-to-date.
Caching disabled for AarResourcesCompilerTransform: C:\Users\user\.gradle\caches\transforms-3\32759966595792c9a2f9091d1711a6d5\transformed\jetified-lifecycle-service-2.7.0 because:
  Build cache is disabled
Skipping AarResourcesCompilerTransform: C:\Users\user\.gradle\caches\transforms-3\32759966595792c9a2f9091d1711a6d5\transformed\jetified-lifecycle-service-2.7.0 as it is up-to-date.
Caching disabled for AarResourcesCompilerTransform: C:\Users\user\.gradle\caches\transforms-3\39183825c891526e3de148cba7025d38\transformed\jetified-lifecycle-livedata-core-ktx-2.7.0 because:
  Build cache is disabled
Skipping AarResourcesCompilerTransform: C:\Users\user\.gradle\caches\transforms-3\39183825c891526e3de148cba7025d38\transformed\jetified-lifecycle-livedata-core-ktx-2.7.0 as it is up-to-date.
Caching disabled for AarResourcesCompilerTransform: C:\Users\user\.gradle\caches\transforms-3\8bdbdf69ffb075614c5a434d355a0f8b\transformed\jetified-lifecycle-livedata-ktx-2.7.0 because:
  Build cache is disabled
Skipping AarResourcesCompilerTransform: C:\Users\user\.gradle\caches\transforms-3\8bdbdf69ffb075614c5a434d355a0f8b\transformed\jetified-lifecycle-livedata-ktx-2.7.0 as it is up-to-date.
Caching disabled for AarResourcesCompilerTransform: C:\Users\user\.gradle\caches\transforms-3\06eaa3d4db2446ae08073b00af0f9f1e\transformed\legacy-support-core-utils-1.0.0 because:
  Build cache is disabled
Skipping AarResourcesCompilerTransform: C:\Users\user\.gradle\caches\transforms-3\06eaa3d4db2446ae08073b00af0f9f1e\transformed\legacy-support-core-utils-1.0.0 as it is up-to-date.
Caching disabled for AarResourcesCompilerTransform: C:\Users\user\.gradle\caches\transforms-3\405ea0b6b50f1060e1e85abd75c2300a\transformed\lifecycle-livedata-core-2.7.0 because:
  Build cache is disabled
Skipping AarResourcesCompilerTransform: C:\Users\user\.gradle\caches\transforms-3\405ea0b6b50f1060e1e85abd75c2300a\transformed\lifecycle-livedata-core-2.7.0 as it is up-to-date.
Caching disabled for AarResourcesCompilerTransform: C:\Users\user\.gradle\caches\transforms-3\aa2ff84b73bdf2fedfb6304d3a34c1c2\transformed\loader-1.0.0 because:
  Build cache is disabled
Skipping AarResourcesCompilerTransform: C:\Users\user\.gradle\caches\transforms-3\aa2ff84b73bdf2fedfb6304d3a34c1c2\transformed\loader-1.0.0 as it is up-to-date.
Caching disabled for AarResourcesCompilerTransform: C:\Users\user\.gradle\caches\transforms-3\be6eabc1e7597f5af8694205534369ad\transformed\lifecycle-livedata-2.7.0 because:
  Build cache is disabled
Skipping AarResourcesCompilerTransform: C:\Users\user\.gradle\caches\transforms-3\be6eabc1e7597f5af8694205534369ad\transformed\lifecycle-livedata-2.7.0 as it is up-to-date.
Caching disabled for AarResourcesCompilerTransform: C:\Users\user\.gradle\caches\transforms-3\d13525a792cc64e11bbc6a846969e153\transformed\jetified-savedstate-ktx-1.2.1 because:
  Build cache is disabled
Caching disabled for AarResourcesCompilerTransform: C:\Users\user\.gradle\caches\transforms-3\729f0ee4f5c310ded66695d5e416a80a\transformed\jetified-savedstate-1.2.1 because:
  Build cache is disabled
Skipping AarResourcesCompilerTransform: C:\Users\user\.gradle\caches\transforms-3\d13525a792cc64e11bbc6a846969e153\transformed\jetified-savedstate-ktx-1.2.1 as it is up-to-date.
Skipping AarResourcesCompilerTransform: C:\Users\user\.gradle\caches\transforms-3\729f0ee4f5c310ded66695d5e416a80a\transformed\jetified-savedstate-1.2.1 as it is up-to-date.
Caching disabled for AarResourcesCompilerTransform: C:\Users\user\.gradle\caches\transforms-3\91aa7e25739ba49b8c446850083d9968\transformed\jetified-lifecycle-viewmodel-ktx-2.7.0 because:
  Build cache is disabled
Caching disabled for AarResourcesCompilerTransform: C:\Users\user\.gradle\caches\transforms-3\17d74363b6e909a9d3f818c44afa4535\transformed\jetified-lifecycle-viewmodel-savedstate-2.7.0 because:
  Build cache is disabled
Skipping AarResourcesCompilerTransform: C:\Users\user\.gradle\caches\transforms-3\91aa7e25739ba49b8c446850083d9968\transformed\jetified-lifecycle-viewmodel-ktx-2.7.0 as it is up-to-date.
Skipping AarResourcesCompilerTransform: C:\Users\user\.gradle\caches\transforms-3\17d74363b6e909a9d3f818c44afa4535\transformed\jetified-lifecycle-viewmodel-savedstate-2.7.0 as it is up-to-date.
Caching disabled for AarResourcesCompilerTransform: C:\Users\user\.gradle\caches\transforms-3\d61403040d3c0a7f14b12e75c497150a\transformed\lifecycle-viewmodel-2.7.0 because:
  Build cache is disabled
Skipping AarResourcesCompilerTransform: C:\Users\user\.gradle\caches\transforms-3\d61403040d3c0a7f14b12e75c497150a\transformed\lifecycle-viewmodel-2.7.0 as it is up-to-date.
Caching disabled for AarResourcesCompilerTransform: C:\Users\user\.gradle\caches\transforms-3\4bea3ad7086dd6310416577e679b27ab\transformed\lifecycle-runtime-2.7.0 because:
  Build cache is disabled
Skipping AarResourcesCompilerTransform: C:\Users\user\.gradle\caches\transforms-3\4bea3ad7086dd6310416577e679b27ab\transformed\lifecycle-runtime-2.7.0 as it is up-to-date.
Caching disabled for AarResourcesCompilerTransform: C:\Users\user\.gradle\caches\transforms-3\e109843751a45ceb797ac7414dcd1f55\transformed\jetified-lifecycle-runtime-ktx-2.7.0 because:
  Build cache is disabled
Skipping AarResourcesCompilerTransform: C:\Users\user\.gradle\caches\transforms-3\e109843751a45ceb797ac7414dcd1f55\transformed\jetified-lifecycle-runtime-ktx-2.7.0 as it is up-to-date.
Caching disabled for AarResourcesCompilerTransform: C:\Users\user\.gradle\caches\transforms-3\4d6838555ad24cf15a99513e72d58fa0\transformed\jetified-lifecycle-viewmodel-compose-2.7.0 because:
  Build cache is disabled
Caching disabled for AarResourcesCompilerTransform: C:\Users\user\.gradle\caches\transforms-3\8f69b11fed3424c2a2d07f943e7b1442\transformed\jetified-accompanist-drawablepainter-0.32.0 because:
  Build cache is disabled
Skipping AarResourcesCompilerTransform: C:\Users\user\.gradle\caches\transforms-3\4d6838555ad24cf15a99513e72d58fa0\transformed\jetified-lifecycle-viewmodel-compose-2.7.0 as it is up-to-date.
Skipping AarResourcesCompilerTransform: C:\Users\user\.gradle\caches\transforms-3\8f69b11fed3424c2a2d07f943e7b1442\transformed\jetified-accompanist-drawablepainter-0.32.0 as it is up-to-date.
Caching disabled for AarResourcesCompilerTransform: C:\Users\user\.gradle\caches\transforms-3\d76c3ac89ac3f5a9a20dcb6973cf40e8\transformed\material-1.11.0 because:
  Build cache is disabled
Skipping AarResourcesCompilerTransform: C:\Users\user\.gradle\caches\transforms-3\d76c3ac89ac3f5a9a20dcb6973cf40e8\transformed\material-1.11.0 as it is up-to-date.
Caching disabled for AarResourcesCompilerTransform: C:\Users\user\.gradle\caches\transforms-3\bd4d0516dc82d593dc75d0d58095804e\transformed\jetified-activity-ktx-1.8.2 because:
  Build cache is disabled
Skipping AarResourcesCompilerTransform: C:\Users\user\.gradle\caches\transforms-3\bd4d0516dc82d593dc75d0d58095804e\transformed\jetified-activity-ktx-1.8.2 as it is up-to-date.
Caching disabled for AarResourcesCompilerTransform: C:\Users\user\.gradle\caches\transforms-3\c0256db1311281ff7005418483771fda\transformed\jetified-foundation-layout-release because:
  Build cache is disabled
Skipping AarResourcesCompilerTransform: C:\Users\user\.gradle\caches\transforms-3\c0256db1311281ff7005418483771fda\transformed\jetified-foundation-layout-release as it is up-to-date.
Caching disabled for AarResourcesCompilerTransform: C:\Users\user\.gradle\caches\transforms-3\40952bfae19697ea740a0392ac032553\transformed\jetified-runtime-release because:
  Build cache is disabled
Caching disabled for AarResourcesCompilerTransform: C:\Users\user\.gradle\caches\transforms-3\86393e3996726b41f76008ce236fad9e\transformed\jetified-runtime-livedata-1.6.1 because:
  Build cache is disabled
Skipping AarResourcesCompilerTransform: C:\Users\user\.gradle\caches\transforms-3\40952bfae19697ea740a0392ac032553\transformed\jetified-runtime-release as it is up-to-date.
Caching disabled for AarResourcesCompilerTransform: C:\Users\user\.gradle\caches\transforms-3\eb7f95ceb80fe7edaffe686f45c414e3\transformed\jetified-ui-release because:
  Build cache is disabled
Skipping AarResourcesCompilerTransform: C:\Users\user\.gradle\caches\transforms-3\86393e3996726b41f76008ce236fad9e\transformed\jetified-runtime-livedata-1.6.1 as it is up-to-date.
Skipping AarResourcesCompilerTransform: C:\Users\user\.gradle\caches\transforms-3\eb7f95ceb80fe7edaffe686f45c414e3\transformed\jetified-ui-release as it is up-to-date.
Caching disabled for AarResourcesCompilerTransform: C:\Users\user\.gradle\caches\transforms-3\cc2b5325880f19f8fa69e371da0fcec2\transformed\jetified-activity-compose-1.8.2 because:
  Build cache is disabled
Skipping AarResourcesCompilerTransform: C:\Users\user\.gradle\caches\transforms-3\cc2b5325880f19f8fa69e371da0fcec2\transformed\jetified-activity-compose-1.8.2 as it is up-to-date.
Caching disabled for AarResourcesCompilerTransform: C:\Users\user\.gradle\caches\transforms-3\3ff7e07e96cbf3c15e17ee90dee7c81e\transformed\jetified-activity-1.8.2 because:
  Build cache is disabled
Caching disabled for AarResourcesCompilerTransform: C:\Users\user\.gradle\caches\transforms-3\ff995add00743d0c496c4d8e0ee10f1e\transformed\jetified-play-services-ads-identifier-18.0.0 because:
  Build cache is disabled
Skipping AarResourcesCompilerTransform: C:\Users\user\.gradle\caches\transforms-3\3ff7e07e96cbf3c15e17ee90dee7c81e\transformed\jetified-activity-1.8.2 as it is up-to-date.
Skipping AarResourcesCompilerTransform: C:\Users\user\.gradle\caches\transforms-3\ff995add00743d0c496c4d8e0ee10f1e\transformed\jetified-play-services-ads-identifier-18.0.0 as it is up-to-date.
Caching disabled for AarResourcesCompilerTransform: C:\Users\user\.gradle\caches\transforms-3\23d54db28db6fd27500c43cbb98a94ee\transformed\jetified-exoplayer-2.19.1 because:
  Build cache is disabled
Skipping AarResourcesCompilerTransform: C:\Users\user\.gradle\caches\transforms-3\23d54db28db6fd27500c43cbb98a94ee\transformed\jetified-exoplayer-2.19.1 as it is up-to-date.
Caching disabled for AarResourcesCompilerTransform: C:\Users\user\.gradle\caches\transforms-3\6b9e330e22f5b80af693a9cc1ed78961\transformed\jetified-exoplayer-dash-2.19.1 because:
  Build cache is disabled
Skipping AarResourcesCompilerTransform: C:\Users\user\.gradle\caches\transforms-3\6b9e330e22f5b80af693a9cc1ed78961\transformed\jetified-exoplayer-dash-2.19.1 as it is up-to-date.
Caching disabled for AarResourcesCompilerTransform: C:\Users\user\.gradle\caches\transforms-3\86e7631404a3447ccb8c53460349c742\transformed\jetified-exoplayer-hls-2.19.1 because:
  Build cache is disabled
Caching disabled for AarResourcesCompilerTransform: C:\Users\user\.gradle\caches\transforms-3\04830523360f0a9c22bc3d9783abdb1e\transformed\jetified-exoplayer-smoothstreaming-2.19.1 because:
  Build cache is disabled
Skipping AarResourcesCompilerTransform: C:\Users\user\.gradle\caches\transforms-3\86e7631404a3447ccb8c53460349c742\transformed\jetified-exoplayer-hls-2.19.1 as it is up-to-date.
Skipping AarResourcesCompilerTransform: C:\Users\user\.gradle\caches\transforms-3\04830523360f0a9c22bc3d9783abdb1e\transformed\jetified-exoplayer-smoothstreaming-2.19.1 as it is up-to-date.
Caching disabled for AarResourcesCompilerTransform: C:\Users\user\.gradle\caches\transforms-3\7988b5c431abeac835ef34d8554a267c\transformed\jetified-exoplayer-rtsp-2.19.1 because:
  Build cache is disabled
Skipping AarResourcesCompilerTransform: C:\Users\user\.gradle\caches\transforms-3\7988b5c431abeac835ef34d8554a267c\transformed\jetified-exoplayer-rtsp-2.19.1 as it is up-to-date.
Caching disabled for AarResourcesCompilerTransform: C:\Users\user\.gradle\caches\transforms-3\0f7bbe974198c0e6f5daf78e810cfb8e\transformed\recyclerview-1.3.0 because:
  Build cache is disabled
Skipping AarResourcesCompilerTransform: C:\Users\user\.gradle\caches\transforms-3\0f7bbe974198c0e6f5daf78e810cfb8e\transformed\recyclerview-1.3.0 as it is up-to-date.
Caching disabled for AarResourcesCompilerTransform: C:\Users\user\.gradle\caches\transforms-3\6a39333c6856d532570520fbc2bd1c09\transformed\jetified-exoplayer-core-2.19.1 because:
  Build cache is disabled
Skipping AarResourcesCompilerTransform: C:\Users\user\.gradle\caches\transforms-3\6a39333c6856d532570520fbc2bd1c09\transformed\jetified-exoplayer-core-2.19.1 as it is up-to-date.
Caching disabled for AarResourcesCompilerTransform: C:\Users\user\.gradle\caches\transforms-3\a2f4c85d9ee4c6259367ff55f3b32260\transformed\customview-1.1.0 because:
  Build cache is disabled
Skipping AarResourcesCompilerTransform: C:\Users\user\.gradle\caches\transforms-3\a2f4c85d9ee4c6259367ff55f3b32260\transformed\customview-1.1.0 as it is up-to-date.
Caching disabled for AarResourcesCompilerTransform: C:\Users\user\.gradle\caches\transforms-3\756e4599b46450e09c632b813556cee0\transformed\browser-1.4.0 because:
  Build cache is disabled
Skipping AarResourcesCompilerTransform: C:\Users\user\.gradle\caches\transforms-3\756e4599b46450e09c632b813556cee0\transformed\browser-1.4.0 as it is up-to-date.
Caching disabled for AarResourcesCompilerTransform: C:\Users\user\.gradle\caches\transforms-3\e64e0a3a08ca0f06a8ffeb68df2fb01e\transformed\media-1.6.0 because:
  Build cache is disabled
Skipping AarResourcesCompilerTransform: C:\Users\user\.gradle\caches\transforms-3\e64e0a3a08ca0f06a8ffeb68df2fb01e\transformed\media-1.6.0 as it is up-to-date.
Caching disabled for AarResourcesCompilerTransform: C:\Users\user\.gradle\caches\transforms-3\937d7a61b7111c64ca0de305910a85b2\transformed\jetified-autofill-1.0.0 because:
  Build cache is disabled
Skipping AarResourcesCompilerTransform: C:\Users\user\.gradle\caches\transforms-3\937d7a61b7111c64ca0de305910a85b2\transformed\jetified-autofill-1.0.0 as it is up-to-date.
Caching disabled for AarResourcesCompilerTransform: C:\Users\user\.gradle\caches\transforms-3\57848645458d68f540459ae62d741e32\transformed\viewpager-1.0.0 because:
  Build cache is disabled
Skipping AarResourcesCompilerTransform: C:\Users\user\.gradle\caches\transforms-3\57848645458d68f540459ae62d741e32\transformed\viewpager-1.0.0 as it is up-to-date.
Caching disabled for AarResourcesCompilerTransform: C:\Users\user\.gradle\caches\transforms-3\09909989bcc6df1cb4cf8f5bc33de582\transformed\jetified-play-services-tasks-18.0.2 because:
  Build cache is disabled
Skipping AarResourcesCompilerTransform: C:\Users\user\.gradle\caches\transforms-3\09909989bcc6df1cb4cf8f5bc33de582\transformed\jetified-play-services-tasks-18.0.2 as it is up-to-date.
Caching disabled for AarResourcesCompilerTransform: C:\Users\user\.gradle\caches\transforms-3\5c5739f4de2f71729af9e79251007f6b\transformed\core-1.12.0 because:
  Build cache is disabled
Skipping AarResourcesCompilerTransform: C:\Users\user\.gradle\caches\transforms-3\5c5739f4de2f71729af9e79251007f6b\transformed\core-1.12.0 as it is up-to-date.
Caching disabled for AarResourcesCompilerTransform: C:\Users\user\.gradle\caches\transforms-3\9ab85f199ce6032d85aa0cc0c0e855bb\transformed\jetified-core-ktx-1.12.0 because:
  Build cache is disabled
Caching disabled for AarResourcesCompilerTransform: C:\Users\user\.gradle\caches\transforms-3\b524aad8313712e1a2099d34ba0009dd\transformed\jetified-flexbox-3.0.0 because:
  Build cache is disabled
Skipping AarResourcesCompilerTransform: C:\Users\user\.gradle\caches\transforms-3\9ab85f199ce6032d85aa0cc0c0e855bb\transformed\jetified-core-ktx-1.12.0 as it is up-to-date.
Caching disabled for AarResourcesCompilerTransform: C:\Users\user\.gradle\caches\transforms-3\c4b75ff235f5060d29e5ddca564ceddc\transformed\jetified-ads-adservices-java-1.0.0-beta05 because:
  Build cache is disabled
Skipping AarResourcesCompilerTransform: C:\Users\user\.gradle\caches\transforms-3\b524aad8313712e1a2099d34ba0009dd\transformed\jetified-flexbox-3.0.0 as it is up-to-date.
Skipping AarResourcesCompilerTransform: C:\Users\user\.gradle\caches\transforms-3\c4b75ff235f5060d29e5ddca564ceddc\transformed\jetified-ads-adservices-java-1.0.0-beta05 as it is up-to-date.
Caching disabled for AarResourcesCompilerTransform: C:\Users\user\.gradle\caches\transforms-3\3d44061c8964bbe6cad35f32dd98185c\transformed\jetified-napier-release because:
  Build cache is disabled
Skipping AarResourcesCompilerTransform: C:\Users\user\.gradle\caches\transforms-3\3d44061c8964bbe6cad35f32dd98185c\transformed\jetified-napier-release as it is up-to-date.
Caching disabled for AarResourcesCompilerTransform: C:\Users\user\.gradle\caches\transforms-3\71618b46663af3ea0092ee8c6d5590fe\transformed\sqlite-framework-2.4.0 because:
  Build cache is disabled
Caching disabled for AarResourcesCompilerTransform: C:\Users\user\.gradle\caches\transforms-3\a03b3d04d2ceca7ea618a06e3d24afa0\transformed\sqlite-2.4.0 because:
  Build cache is disabled
Skipping AarResourcesCompilerTransform: C:\Users\user\.gradle\caches\transforms-3\71618b46663af3ea0092ee8c6d5590fe\transformed\sqlite-framework-2.4.0 as it is up-to-date.
Caching disabled for AarResourcesCompilerTransform: C:\Users\user\.gradle\caches\transforms-3\8b9d9cccd9cd11d68aeff198447cb46d\transformed\jetified-core-splashscreen-1.0.1 because:
  Build cache is disabled
Skipping AarResourcesCompilerTransform: C:\Users\user\.gradle\caches\transforms-3\8b9d9cccd9cd11d68aeff198447cb46d\transformed\jetified-core-splashscreen-1.0.1 as it is up-to-date.
Skipping AarResourcesCompilerTransform: C:\Users\user\.gradle\caches\transforms-3\a03b3d04d2ceca7ea618a06e3d24afa0\transformed\sqlite-2.4.0 as it is up-to-date.
Caching disabled for AarResourcesCompilerTransform: C:\Users\user\.gradle\caches\transforms-3\88a788eb4554cb70c926faac5961e219\transformed\jetified-ads-adservices-1.0.0-beta05 because:
  Build cache is disabled
Skipping AarResourcesCompilerTransform: C:\Users\user\.gradle\caches\transforms-3\88a788eb4554cb70c926faac5961e219\transformed\jetified-ads-adservices-1.0.0-beta05 as it is up-to-date.
Caching disabled for AarResourcesCompilerTransform: C:\Users\user\.gradle\caches\transforms-3\4ec695ed94a8284d6fd7bdbfc66270dc\transformed\jetified-annotation-experimental-1.4.0 because:
  Build cache is disabled
Skipping AarResourcesCompilerTransform: C:\Users\user\.gradle\caches\transforms-3\4ec695ed94a8284d6fd7bdbfc66270dc\transformed\jetified-annotation-experimental-1.4.0 as it is up-to-date.
Caching disabled for AarResourcesCompilerTransform: C:\Users\user\.gradle\caches\transforms-3\43654c406d94ba418e69a2f38c0ce75a\transformed\cursoradapter-1.0.0 because:
  Build cache is disabled
Skipping AarResourcesCompilerTransform: C:\Users\user\.gradle\caches\transforms-3\43654c406d94ba418e69a2f38c0ce75a\transformed\cursoradapter-1.0.0 as it is up-to-date.
Caching disabled for AarResourcesCompilerTransform: C:\Users\user\.gradle\caches\transforms-3\2f746cdb46666a5ea31069a92ad1cee2\transformed\jetified-exoplayer-extractor-2.19.1 because:
  Build cache is disabled
Skipping AarResourcesCompilerTransform: C:\Users\user\.gradle\caches\transforms-3\2f746cdb46666a5ea31069a92ad1cee2\transformed\jetified-exoplayer-extractor-2.19.1 as it is up-to-date.
Caching disabled for AarResourcesCompilerTransform: C:\Users\user\.gradle\caches\transforms-3\7f41368f9514b52c773c9c6d9f2b90c2\transformed\jetified-exoplayer-database-2.19.1 because:
  Build cache is disabled
Skipping AarResourcesCompilerTransform: C:\Users\user\.gradle\caches\transforms-3\7f41368f9514b52c773c9c6d9f2b90c2\transformed\jetified-exoplayer-database-2.19.1 as it is up-to-date.
Caching disabled for AarResourcesCompilerTransform: C:\Users\user\.gradle\caches\transforms-3\378ae54a4a79477d991a76c42d10201e\transformed\jetified-exoplayer-datasource-2.19.1 because:
  Build cache is disabled
Skipping AarResourcesCompilerTransform: C:\Users\user\.gradle\caches\transforms-3\378ae54a4a79477d991a76c42d10201e\transformed\jetified-exoplayer-datasource-2.19.1 as it is up-to-date.
Caching disabled for AarResourcesCompilerTransform: C:\Users\user\.gradle\caches\transforms-3\9736755219de9964c187b9748cea348a\transformed\core-runtime-2.2.0 because:
  Build cache is disabled
Skipping AarResourcesCompilerTransform: C:\Users\user\.gradle\caches\transforms-3\9736755219de9964c187b9748cea348a\transformed\core-runtime-2.2.0 as it is up-to-date.
Caching disabled for AarResourcesCompilerTransform: C:\Users\user\.gradle\caches\transforms-3\82d49ae48ad7cd68ccf29f123b5e48ad\transformed\versionedparcelable-1.1.1 because:
  Build cache is disabled
Caching disabled for AarResourcesCompilerTransform: C:\Users\user\.gradle\caches\transforms-3\8eba7c3e4113638c557764cfd1246d65\transformed\interpolator-1.0.0 because:
  Build cache is disabled
Skipping AarResourcesCompilerTransform: C:\Users\user\.gradle\caches\transforms-3\8eba7c3e4113638c557764cfd1246d65\transformed\interpolator-1.0.0 as it is up-to-date.
Caching disabled for AarResourcesCompilerTransform: C:\Users\user\.gradle\caches\transforms-3\c8dca9ca411b7b236189b876c168c300\transformed\jetified-profileinstaller-1.3.1 because:
  Build cache is disabled
Caching disabled for AarResourcesCompilerTransform: C:\Users\user\.gradle\caches\transforms-3\fe52cfe629053f967703c8ba77285e8b\transformed\jetified-startup-runtime-1.1.1 because:
  Build cache is disabled
Skipping AarResourcesCompilerTransform: C:\Users\user\.gradle\caches\transforms-3\fe52cfe629053f967703c8ba77285e8b\transformed\jetified-startup-runtime-1.1.1 as it is up-to-date.
Caching disabled for AarResourcesCompilerTransform: C:\Users\user\.gradle\caches\transforms-3\c3fa91361cece7ab93c5fa0d01671725\transformed\jetified-exoplayer-container-2.19.1 because:
  Build cache is disabled
Skipping AarResourcesCompilerTransform: C:\Users\user\.gradle\caches\transforms-3\c3fa91361cece7ab93c5fa0d01671725\transformed\jetified-exoplayer-container-2.19.1 as it is up-to-date.
Skipping AarResourcesCompilerTransform: C:\Users\user\.gradle\caches\transforms-3\82d49ae48ad7cd68ccf29f123b5e48ad\transformed\versionedparcelable-1.1.1 as it is up-to-date.
Skipping AarResourcesCompilerTransform: C:\Users\user\.gradle\caches\transforms-3\c8dca9ca411b7b236189b876c168c300\transformed\jetified-profileinstaller-1.3.1 as it is up-to-date.
Caching disabled for AarResourcesCompilerTransform: C:\Users\user\.gradle\caches\transforms-3\22c98dd52680fc31e34a15f54a9f94d2\transformed\cardview-1.0.0 because:
  Build cache is disabled
Skipping AarResourcesCompilerTransform: C:\Users\user\.gradle\caches\transforms-3\22c98dd52680fc31e34a15f54a9f94d2\transformed\cardview-1.0.0 as it is up-to-date.
Caching disabled for AarResourcesCompilerTransform: C:\Users\user\.gradle\caches\transforms-3\715d44aa31120efd79cf05422b37b84e\transformed\jetified-exoplayer-common-2.19.1 because:
  Build cache is disabled
Skipping AarResourcesCompilerTransform: C:\Users\user\.gradle\caches\transforms-3\715d44aa31120efd79cf05422b37b84e\transformed\jetified-exoplayer-common-2.19.1 as it is up-to-date.
Caching disabled for AarResourcesCompilerTransform: C:\Users\user\.gradle\caches\transforms-3\87361d05feba7a7d0f4af0c7c0d3e017\transformed\jetified-tracing-1.0.0 because:
  Build cache is disabled
Caching disabled for AarResourcesCompilerTransform: C:\Users\user\.gradle\caches\transforms-3\54b5456fddcec85940b2ee402266c816\transformed\documentfile-1.0.0 because:
  Build cache is disabled
Caching disabled for AarResourcesCompilerTransform: C:\Users\user\.gradle\caches\transforms-3\2c86103f160590f7e7be532bf55d34f7\transformed\localbroadcastmanager-1.0.0 because:
  Build cache is disabled
Skipping AarResourcesCompilerTransform: C:\Users\user\.gradle\caches\transforms-3\87361d05feba7a7d0f4af0c7c0d3e017\transformed\jetified-tracing-1.0.0 as it is up-to-date.
Skipping AarResourcesCompilerTransform: C:\Users\user\.gradle\caches\transforms-3\2c86103f160590f7e7be532bf55d34f7\transformed\localbroadcastmanager-1.0.0 as it is up-to-date.
Skipping AarResourcesCompilerTransform: C:\Users\user\.gradle\caches\transforms-3\54b5456fddcec85940b2ee402266c816\transformed\documentfile-1.0.0 as it is up-to-date.
Caching disabled for AarResourcesCompilerTransform: C:\Users\user\.gradle\caches\transforms-3\56896802246a3dbc3ea0a00275524921\transformed\exifinterface-1.3.6 because:
  Build cache is disabled
Skipping AarResourcesCompilerTransform: C:\Users\user\.gradle\caches\transforms-3\56896802246a3dbc3ea0a00275524921\transformed\exifinterface-1.3.6 as it is up-to-date.
Caching disabled for AarResourcesCompilerTransform: C:\Users\user\.gradle\caches\transforms-3\4122ce09f170e8a2afb176a358403d3a\transformed\print-1.0.0 because:
  Build cache is disabled
Caching disabled for AarResourcesCompilerTransform: C:\Users\user\.gradle\caches\transforms-3\e32c3b5e322944d64bfee37764a5fb00\transformed\jetified-volley-1.2.1 because:
  Build cache is disabled
Caching disabled for AarResourcesCompilerTransform: C:\Users\user\.gradle\caches\transforms-3\3c8d6d9f40fe01c17d4d4666fd356dbc\transformed\jetified-circleimageview-3.1.0 because:
  Build cache is disabled
Skipping AarResourcesCompilerTransform: C:\Users\user\.gradle\caches\transforms-3\e32c3b5e322944d64bfee37764a5fb00\transformed\jetified-volley-1.2.1 as it is up-to-date.
Skipping AarResourcesCompilerTransform: C:\Users\user\.gradle\caches\transforms-3\4122ce09f170e8a2afb176a358403d3a\transformed\print-1.0.0 as it is up-to-date.
Skipping AarResourcesCompilerTransform: C:\Users\user\.gradle\caches\transforms-3\3c8d6d9f40fe01c17d4d4666fd356dbc\transformed\jetified-circleimageview-3.1.0 as it is up-to-date.
Caching disabled for AarResourcesCompilerTransform: C:\Users\user\.gradle\caches\transforms-3\17460feccaee72c1c7a59c8d3aa5599a\transformed\jetified-dagger-lint-aar-2.49 because:
  Build cache is disabled
Skipping AarResourcesCompilerTransform: C:\Users\user\.gradle\caches\transforms-3\17460feccaee72c1c7a59c8d3aa5599a\transformed\jetified-dagger-lint-aar-2.49 as it is up-to-date.
Caching disabled for AarResourcesCompilerTransform: C:\Users\user\.gradle\caches\transforms-3\f0f9ccfae522ac4dd97fb98b3f926856\transformed\appcompat-1.6.1 because:
  Build cache is disabled
Caching disabled for AarResourcesCompilerTransform: C:\Users\user\.gradle\caches\transforms-3\665f08a046034a03c45c1b60402783c2\transformed\jetified-exoplayer-ui-2.19.1 because:
  Build cache is disabled
Skipping AarResourcesCompilerTransform: C:\Users\user\.gradle\caches\transforms-3\f0f9ccfae522ac4dd97fb98b3f926856\transformed\appcompat-1.6.1 as it is up-to-date.
Skipping AarResourcesCompilerTransform: C:\Users\user\.gradle\caches\transforms-3\665f08a046034a03c45c1b60402783c2\transformed\jetified-exoplayer-ui-2.19.1 as it is up-to-date.
Caching disabled for AarResourcesCompilerTransform: C:\Users\user\.gradle\caches\transforms-3\bc26dfac284b88af3c813008f6ef1c3e\transformed\jetified-customview-poolingcontainer-1.0.0 because:
  Build cache is disabled
Skipping AarResourcesCompilerTransform: C:\Users\user\.gradle\caches\transforms-3\bc26dfac284b88af3c813008f6ef1c3e\transformed\jetified-customview-poolingcontainer-1.0.0 as it is up-to-date.
Caching disabled for AarResourcesCompilerTransform: C:\Users\user\.gradle\caches\transforms-3\77df13c6b2001957f35925c162d5e46d\transformed\jetified-Android-Image-Slider-1.4.0 because:
  Build cache is disabled
Caching disabled for AarResourcesCompilerTransform: C:\Users\user\.gradle\caches\transforms-3\0774aba38fbb7a71a2e380171e0b7778\transformed\jetified-exoplayer-decoder-2.19.1 because:
  Build cache is disabled
Skipping AarResourcesCompilerTransform: C:\Users\user\.gradle\caches\transforms-3\77df13c6b2001957f35925c162d5e46d\transformed\jetified-Android-Image-Slider-1.4.0 as it is up-to-date.
Skipping AarResourcesCompilerTransform: C:\Users\user\.gradle\caches\transforms-3\0774aba38fbb7a71a2e380171e0b7778\transformed\jetified-exoplayer-decoder-2.19.1 as it is up-to-date.
Transforming material-1.11.0.aar (com.google.android.material:material:1.11.0) with JetifyTransform
Transforming material-1.11.0.aar (com.google.android.material:material:1.11.0) with ExtractAarTransform
Transforming material-1.11.0.aar (com.google.android.material:material:1.11.0) with LibrarySymbolTableTransform
Transforming lottie-compose-6.1.0.aar (com.airbnb.android:lottie-compose:6.1.0) with JetifyTransform
Transforming lottie-compose-6.1.0.aar (com.airbnb.android:lottie-compose:6.1.0) with ExtractAarTransform
Transforming lottie-compose-6.1.0.aar (com.airbnb.android:lottie-compose:6.1.0) with LibrarySymbolTableTransform
Transforming lottie-6.1.0.aar (com.airbnb.android:lottie:6.1.0) with JetifyTransform
Transforming lottie-6.1.0.aar (com.airbnb.android:lottie:6.1.0) with ExtractAarTransform
Transforming lottie-6.1.0.aar (com.airbnb.android:lottie:6.1.0) with LibrarySymbolTableTransform
Transforming coil-compose-2.5.0.aar (io.coil-kt:coil-compose:2.5.0) with JetifyTransform
Transforming coil-compose-2.5.0.aar (io.coil-kt:coil-compose:2.5.0) with ExtractAarTransform
Transforming coil-compose-2.5.0.aar (io.coil-kt:coil-compose:2.5.0) with LibrarySymbolTableTransform
Transforming coil-compose-base-2.5.0.aar (io.coil-kt:coil-compose-base:2.5.0) with JetifyTransform
Transforming coil-compose-base-2.5.0.aar (io.coil-kt:coil-compose-base:2.5.0) with ExtractAarTransform
Transforming coil-compose-base-2.5.0.aar (io.coil-kt:coil-compose-base:2.5.0) with LibrarySymbolTableTransform
Transforming coil-2.5.0.aar (io.coil-kt:coil:2.5.0) with JetifyTransform
Transforming coil-2.5.0.aar (io.coil-kt:coil:2.5.0) with ExtractAarTransform
Transforming coil-2.5.0.aar (io.coil-kt:coil:2.5.0) with LibrarySymbolTableTransform
Transforming coil-base-2.5.0.aar (io.coil-kt:coil-base:2.5.0) with JetifyTransform
Transforming coil-base-2.5.0.aar (io.coil-kt:coil-base:2.5.0) with ExtractAarTransform
Transforming coil-base-2.5.0.aar (io.coil-kt:coil-base:2.5.0) with LibrarySymbolTableTransform
Transforming appcompat-resources-1.6.1.aar (androidx.appcompat:appcompat-resources:1.6.1) with JetifyTransform
Transforming appcompat-resources-1.6.1.aar (androidx.appcompat:appcompat-resources:1.6.1) with ExtractAarTransform
Transforming appcompat-resources-1.6.1.aar (androidx.appcompat:appcompat-resources:1.6.1) with LibrarySymbolTableTransform
Transforming constraintlayout-2.0.1.aar (androidx.constraintlayout:constraintlayout:2.0.1) with JetifyTransform
Transforming constraintlayout-2.0.1.aar (androidx.constraintlayout:constraintlayout:2.0.1) with ExtractAarTransform
Transforming constraintlayout-2.0.1.aar (androidx.constraintlayout:constraintlayout:2.0.1) with LibrarySymbolTableTransform
Transforming appcompat-1.6.1.aar (androidx.appcompat:appcompat:1.6.1) with JetifyTransform
Transforming appcompat-1.6.1.aar (androidx.appcompat:appcompat:1.6.1) with ExtractAarTransform
Transforming appcompat-1.6.1.aar (androidx.appcompat:appcompat:1.6.1) with LibrarySymbolTableTransform
Transforming viewpager2-1.0.0.aar (androidx.viewpager2:viewpager2:1.0.0) with JetifyTransform
Transforming viewpager2-1.0.0.aar (androidx.viewpager2:viewpager2:1.0.0) with ExtractAarTransform
Transforming viewpager2-1.0.0.aar (androidx.viewpager2:viewpager2:1.0.0) with LibrarySymbolTableTransform
Transforming play-services-ads-22.6.0.aar (com.google.android.gms:play-services-ads:22.6.0) with JetifyTransform
Transforming play-services-ads-22.6.0.aar (com.google.android.gms:play-services-ads:22.6.0) with ExtractAarTransform
Transforming play-services-ads-22.6.0.aar (com.google.android.gms:play-services-ads:22.6.0) with LibrarySymbolTableTransform
Transforming play-services-appset-16.0.1.aar (com.google.android.gms:play-services-appset:16.0.1) with JetifyTransform
Transforming play-services-appset-16.0.1.aar (com.google.android.gms:play-services-appset:16.0.1) with ExtractAarTransform
Transforming play-services-appset-16.0.1.aar (com.google.android.gms:play-services-appset:16.0.1) with LibrarySymbolTableTransform
Transforming play-services-base-18.2.0.aar (com.google.android.gms:play-services-base:18.2.0) with JetifyTransform
Transforming play-services-base-18.2.0.aar (com.google.android.gms:play-services-base:18.2.0) with ExtractAarTransform
Transforming play-services-base-18.2.0.aar (com.google.android.gms:play-services-base:18.2.0) with LibrarySymbolTableTransform
Transforming play-services-base-18.2.0.aar (com.google.android.gms:play-services-base:18.2.0) with JetifyTransform
Transforming play-services-base-18.2.0.aar (com.google.android.gms:play-services-base:18.2.0) with ExtractAarTransform
Transforming play-services-base-18.2.0.aar (com.google.android.gms:play-services-base:18.2.0) with LibrarySymbolTableTransform
Transforming drawerlayout-1.1.1.aar (androidx.drawerlayout:drawerlayout:1.1.1) with JetifyTransform
Transforming drawerlayout-1.1.1.aar (androidx.drawerlayout:drawerlayout:1.1.1) with ExtractAarTransform
Transforming drawerlayout-1.1.1.aar (androidx.drawerlayout:drawerlayout:1.1.1) with LibrarySymbolTableTransform
Transforming coordinatorlayout-1.1.0.aar (androidx.coordinatorlayout:coordinatorlayout:1.1.0) with JetifyTransform
Transforming coordinatorlayout-1.1.0.aar (androidx.coordinatorlayout:coordinatorlayout:1.1.0) with ExtractAarTransform
Transforming coordinatorlayout-1.1.0.aar (androidx.coordinatorlayout:coordinatorlayout:1.1.0) with LibrarySymbolTableTransform
Transforming dynamicanimation-1.0.0.aar (androidx.dynamicanimation:dynamicanimation:1.0.0) with JetifyTransform
Transforming dynamicanimation-1.0.0.aar (androidx.dynamicanimation:dynamicanimation:1.0.0) with ExtractAarTransform
Transforming dynamicanimation-1.0.0.aar (androidx.dynamicanimation:dynamicanimation:1.0.0) with LibrarySymbolTableTransform
Transforming transition-1.2.0.aar (androidx.transition:transition:1.2.0) with JetifyTransform
Transforming transition-1.2.0.aar (androidx.transition:transition:1.2.0) with ExtractAarTransform
Transforming transition-1.2.0.aar (androidx.transition:transition:1.2.0) with LibrarySymbolTableTransform
Transforming vectordrawable-animated-1.1.0.aar (androidx.vectordrawable:vectordrawable-animated:1.1.0) with JetifyTransform
Transforming vectordrawable-animated-1.1.0.aar (androidx.vectordrawable:vectordrawable-animated:1.1.0) with ExtractAarTransform
Transforming vectordrawable-animated-1.1.0.aar (androidx.vectordrawable:vectordrawable-animated:1.1.0) with LibrarySymbolTableTransform
Transforming vectordrawable-1.1.0.aar (androidx.vectordrawable:vectordrawable:1.1.0) with JetifyTransform
Caching disabled for LibrarySymbolTableTransform: C:\Users\user\.gradle\caches\transforms-3\7b64fcd84fbd59187c29faf12635bee6\transformed\jetified-lottie-compose-6.1.0 because:
  Build cache is disabled
Transforming vectordrawable-1.1.0.aar (androidx.vectordrawable:vectordrawable:1.1.0) with ExtractAarTransform
Skipping LibrarySymbolTableTransform: C:\Users\user\.gradle\caches\transforms-3\7b64fcd84fbd59187c29faf12635bee6\transformed\jetified-lottie-compose-6.1.0 as it is up-to-date.
Transforming vectordrawable-1.1.0.aar (androidx.vectordrawable:vectordrawable:1.1.0) with LibrarySymbolTableTransform
Caching disabled for LibrarySymbolTableTransform: C:\Users\user\.gradle\caches\transforms-3\01af9fa4640328761f93b15ceedbb393\transformed\jetified-coil-compose-2.5.0 because:
  Build cache is disabled
Skipping LibrarySymbolTableTransform: C:\Users\user\.gradle\caches\transforms-3\01af9fa4640328761f93b15ceedbb393\transformed\jetified-coil-compose-2.5.0 as it is up-to-date.
Transforming vectordrawable-1.1.0.aar (androidx.vectordrawable:vectordrawable:1.1.0) with JetifyTransform
Caching disabled for LibrarySymbolTableTransform: C:\Users\user\.gradle\caches\transforms-3\d76c3ac89ac3f5a9a20dcb6973cf40e8\transformed\material-1.11.0 because:
  Build cache is disabled
Caching disabled for LibrarySymbolTableTransform: C:\Users\user\.gradle\caches\transforms-3\f0c43f23ec6e516e0621ab61a039ef0c\transformed\jetified-lottie-6.1.0 because:
  Build cache is disabled
Skipping LibrarySymbolTableTransform: C:\Users\user\.gradle\caches\transforms-3\d76c3ac89ac3f5a9a20dcb6973cf40e8\transformed\material-1.11.0 as it is up-to-date.
Skipping LibrarySymbolTableTransform: C:\Users\user\.gradle\caches\transforms-3\f0c43f23ec6e516e0621ab61a039ef0c\transformed\jetified-lottie-6.1.0 as it is up-to-date.
Caching disabled for LibrarySymbolTableTransform: C:\Users\user\.gradle\caches\transforms-3\125cb728ef3f46ce7225da4c49aa0884\transformed\jetified-coil-compose-base-2.5.0 because:
  Build cache is disabled
Transforming vectordrawable-1.1.0.aar (androidx.vectordrawable:vectordrawable:1.1.0) with ExtractAarTransform
Transforming vectordrawable-1.1.0.aar (androidx.vectordrawable:vectordrawable:1.1.0) with LibrarySymbolTableTransform
Skipping LibrarySymbolTableTransform: C:\Users\user\.gradle\caches\transforms-3\125cb728ef3f46ce7225da4c49aa0884\transformed\jetified-coil-compose-base-2.5.0 as it is up-to-date.
Transforming hilt-navigation-compose-1.1.0.aar (androidx.hilt:hilt-navigation-compose:1.1.0) with JetifyTransform
Transforming hilt-navigation-compose-1.1.0.aar (androidx.hilt:hilt-navigation-compose:1.1.0) with ExtractAarTransform
Transforming hilt-navigation-compose-1.1.0.aar (androidx.hilt:hilt-navigation-compose:1.1.0) with LibrarySymbolTableTransform
Transforming hilt-navigation-1.1.0.aar (androidx.hilt:hilt-navigation:1.1.0) with JetifyTransform
Caching disabled for LibrarySymbolTableTransform: C:\Users\user\.gradle\caches\transforms-3\b279794bd278a40574c8244342fbb052\transformed\jetified-coil-2.5.0 because:
  Build cache is disabled
Skipping LibrarySymbolTableTransform: C:\Users\user\.gradle\caches\transforms-3\b279794bd278a40574c8244342fbb052\transformed\jetified-coil-2.5.0 as it is up-to-date.
Transforming hilt-navigation-1.1.0.aar (androidx.hilt:hilt-navigation:1.1.0) with ExtractAarTransform
Transforming hilt-navigation-1.1.0.aar (androidx.hilt:hilt-navigation:1.1.0) with LibrarySymbolTableTransform
Transforming navigation-common-2.7.6.aar (androidx.navigation:navigation-common:2.7.6) with JetifyTransform
Caching disabled for LibrarySymbolTableTransform: C:\Users\user\.gradle\caches\transforms-3\ba655bab558f728b21e193f216f3fd5b\transformed\constraintlayout-2.0.1 because:
  Build cache is disabled
Skipping LibrarySymbolTableTransform: C:\Users\user\.gradle\caches\transforms-3\ba655bab558f728b21e193f216f3fd5b\transformed\constraintlayout-2.0.1 as it is up-to-date.
Transforming navigation-common-2.7.6.aar (androidx.navigation:navigation-common:2.7.6) with ExtractAarTransform
Transforming navigation-common-2.7.6.aar (androidx.navigation:navigation-common:2.7.6) with LibrarySymbolTableTransform
Transforming navigation-runtime-2.7.6.aar (androidx.navigation:navigation-runtime:2.7.6) with JetifyTransform
Transforming navigation-runtime-2.7.6.aar (androidx.navigation:navigation-runtime:2.7.6) with ExtractAarTransform
Transforming navigation-runtime-2.7.6.aar (androidx.navigation:navigation-runtime:2.7.6) with LibrarySymbolTableTransform
Caching disabled for LibrarySymbolTableTransform: C:\Users\user\.gradle\caches\transforms-3\73d67742e5e0faeb12f6359aec9f4317\transformed\jetified-coil-base-2.5.0 because:
  Build cache is disabled
Caching disabled for LibrarySymbolTableTransform: C:\Users\user\.gradle\caches\transforms-3\14c109339047e7a54ee79e8f23fe26ef\transformed\jetified-appcompat-resources-1.6.1 because:
  Build cache is disabled
Transforming navigation-common-ktx-2.7.6.aar (androidx.navigation:navigation-common-ktx:2.7.6) with JetifyTransform
Skipping LibrarySymbolTableTransform: C:\Users\user\.gradle\caches\transforms-3\73d67742e5e0faeb12f6359aec9f4317\transformed\jetified-coil-base-2.5.0 as it is up-to-date.
Transforming navigation-common-ktx-2.7.6.aar (androidx.navigation:navigation-common-ktx:2.7.6) with ExtractAarTransform
Skipping LibrarySymbolTableTransform: C:\Users\user\.gradle\caches\transforms-3\14c109339047e7a54ee79e8f23fe26ef\transformed\jetified-appcompat-resources-1.6.1 as it is up-to-date.
Transforming navigation-common-ktx-2.7.6.aar (androidx.navigation:navigation-common-ktx:2.7.6) with LibrarySymbolTableTransform
Transforming navigation-runtime-ktx-2.7.6.aar (androidx.navigation:navigation-runtime-ktx:2.7.6) with JetifyTransform
Transforming navigation-runtime-ktx-2.7.6.aar (androidx.navigation:navigation-runtime-ktx:2.7.6) with ExtractAarTransform
Transforming navigation-runtime-ktx-2.7.6.aar (androidx.navigation:navigation-runtime-ktx:2.7.6) with LibrarySymbolTableTransform
Transforming navigation-compose-2.7.6.aar (androidx.navigation:navigation-compose:2.7.6) with JetifyTransform
Caching disabled for LibrarySymbolTableTransform: C:\Users\user\.gradle\caches\transforms-3\f0f9ccfae522ac4dd97fb98b3f926856\transformed\appcompat-1.6.1 because:
  Build cache is disabled
Caching disabled for LibrarySymbolTableTransform: C:\Users\user\.gradle\caches\transforms-3\7c1ae54e643c59b38470a4f4e87f36e0\transformed\jetified-viewpager2-1.0.0 because:
  Build cache is disabled
Skipping LibrarySymbolTableTransform: C:\Users\user\.gradle\caches\transforms-3\f0f9ccfae522ac4dd97fb98b3f926856\transformed\appcompat-1.6.1 as it is up-to-date.
Transforming navigation-compose-2.7.6.aar (androidx.navigation:navigation-compose:2.7.6) with ExtractAarTransform
Skipping LibrarySymbolTableTransform: C:\Users\user\.gradle\caches\transforms-3\7c1ae54e643c59b38470a4f4e87f36e0\transformed\jetified-viewpager2-1.0.0 as it is up-to-date.
Transforming navigation-compose-2.7.6.aar (androidx.navigation:navigation-compose:2.7.6) with LibrarySymbolTableTransform
Caching disabled for LibrarySymbolTableTransform: C:\Users\user\.gradle\caches\transforms-3\6ed70369f3cbd7b6be9f1b6bf7536159\transformed\jetified-play-services-appset-16.0.1 because:
  Build cache is disabled
Caching disabled for LibrarySymbolTableTransform: C:\Users\user\.gradle\caches\transforms-3\401ad4d70a412e15a764e8464bd867fe\transformed\jetified-play-services-base-18.2.0 because:
  Build cache is disabled
Skipping LibrarySymbolTableTransform: C:\Users\user\.gradle\caches\transforms-3\6ed70369f3cbd7b6be9f1b6bf7536159\transformed\jetified-play-services-appset-16.0.1 as it is up-to-date.
Skipping LibrarySymbolTableTransform: C:\Users\user\.gradle\caches\transforms-3\401ad4d70a412e15a764e8464bd867fe\transformed\jetified-play-services-base-18.2.0 as it is up-to-date.
Caching disabled for LibrarySymbolTableTransform: C:\Users\user\.gradle\caches\transforms-3\cb4e1830d0316264aa08d7cecb5d49a4\transformed\jetified-play-services-ads-22.6.0 because:
  Build cache is disabled
Transforming accompanist-permissions-0.32.0.aar (com.google.accompanist:accompanist-permissions:0.32.0) with JetifyTransform
Caching disabled for LibrarySymbolTableTransform: C:\Users\user\.gradle\caches\transforms-3\4d4b3f0524238b36b1a0d4335e32a8e5\transformed\dynamicanimation-1.0.0 because:
  Build cache is disabled
Caching disabled for LibrarySymbolTableTransform: C:\Users\user\.gradle\caches\transforms-3\9fd41aa9d8f4ce40527fd11c9e9d8547\transformed\coordinatorlayout-1.1.0 because:
  Build cache is disabled
Transforming accompanist-permissions-0.32.0.aar (com.google.accompanist:accompanist-permissions:0.32.0) with ExtractAarTransform
Skipping LibrarySymbolTableTransform: C:\Users\user\.gradle\caches\transforms-3\9fd41aa9d8f4ce40527fd11c9e9d8547\transformed\coordinatorlayout-1.1.0 as it is up-to-date.
Transforming accompanist-permissions-0.32.0.aar (com.google.accompanist:accompanist-permissions:0.32.0) with LibrarySymbolTableTransform
Skipping LibrarySymbolTableTransform: C:\Users\user\.gradle\caches\transforms-3\4d4b3f0524238b36b1a0d4335e32a8e5\transformed\dynamicanimation-1.0.0 as it is up-to-date.
Skipping LibrarySymbolTableTransform: C:\Users\user\.gradle\caches\transforms-3\cb4e1830d0316264aa08d7cecb5d49a4\transformed\jetified-play-services-ads-22.6.0 as it is up-to-date.
Transforming room-ktx-2.6.1.aar (androidx.room:room-ktx:2.6.1) with JetifyTransform
Transforming room-ktx-2.6.1.aar (androidx.room:room-ktx:2.6.1) with ExtractAarTransform
Transforming room-ktx-2.6.1.aar (androidx.room:room-ktx:2.6.1) with LibrarySymbolTableTransform
Transforming play-services-ads-lite-22.6.0.aar (com.google.android.gms:play-services-ads-lite:22.6.0) with JetifyTransform
Caching disabled for LibrarySymbolTableTransform: C:\Users\user\.gradle\caches\transforms-3\778bb1a5d67e711cfa1d601e315d4ba6\transformed\drawerlayout-1.1.1 because:
  Build cache is disabled
Transforming play-services-ads-lite-22.6.0.aar (com.google.android.gms:play-services-ads-lite:22.6.0) with ExtractAarTransform
Skipping LibrarySymbolTableTransform: C:\Users\user\.gradle\caches\transforms-3\778bb1a5d67e711cfa1d601e315d4ba6\transformed\drawerlayout-1.1.1 as it is up-to-date.
Transforming play-services-ads-lite-22.6.0.aar (com.google.android.gms:play-services-ads-lite:22.6.0) with LibrarySymbolTableTransform
Transforming work-runtime-2.7.0.aar (androidx.work:work-runtime:2.7.0) with JetifyTransform
Transforming work-runtime-2.7.0.aar (androidx.work:work-runtime:2.7.0) with ExtractAarTransform
Transforming work-runtime-2.7.0.aar (androidx.work:work-runtime:2.7.0) with LibrarySymbolTableTransform
Transforming room-runtime-2.6.1.aar (androidx.room:room-runtime:2.6.1) with JetifyTransform
Transforming room-runtime-2.6.1.aar (androidx.room:room-runtime:2.6.1) with ExtractAarTransform
Transforming room-runtime-2.6.1.aar (androidx.room:room-runtime:2.6.1) with LibrarySymbolTableTransform
Transforming room-paging-2.6.1.aar (androidx.room:room-paging:2.6.1) with JetifyTransform
Transforming room-paging-2.6.1.aar (androidx.room:room-paging:2.6.1) with ExtractAarTransform
Transforming room-paging-2.6.1.aar (androidx.room:room-paging:2.6.1) with LibrarySymbolTableTransform
Transforming paging-runtime-3.2.1.aar (androidx.paging:paging-runtime:3.2.1) with JetifyTransform
Transforming paging-runtime-3.2.1.aar (androidx.paging:paging-runtime:3.2.1) with ExtractAarTransform
Transforming paging-runtime-3.2.1.aar (androidx.paging:paging-runtime:3.2.1) with LibrarySymbolTableTransform
Transforming paging-runtime-ktx-3.2.1.aar (androidx.paging:paging-runtime-ktx:3.2.1) with JetifyTransform
Transforming paging-runtime-ktx-3.2.1.aar (androidx.paging:paging-runtime-ktx:3.2.1) with ExtractAarTransform
Transforming paging-runtime-ktx-3.2.1.aar (androidx.paging:paging-runtime-ktx:3.2.1) with LibrarySymbolTableTransform
Transforming paging-compose-3.2.1.aar (androidx.paging:paging-compose:3.2.1) with JetifyTransform
Transforming paging-compose-3.2.1.aar (androidx.paging:paging-compose:3.2.1) with ExtractAarTransform
Transforming paging-compose-3.2.1.aar (androidx.paging:paging-compose:3.2.1) with LibrarySymbolTableTransform
Transforming material3-release.aar (androidx.compose.material3:material3-android:1.2.0) with JetifyTransform
Transforming material3-release.aar (androidx.compose.material3:material3-android:1.2.0) with ExtractAarTransform
Transforming material3-release.aar (androidx.compose.material3:material3-android:1.2.0) with LibrarySymbolTableTransform
Caching disabled for LibrarySymbolTableTransform: C:\Users\user\.gradle\caches\transforms-3\c91da17cc1cab4ba2d28b8a00826b7a4\transformed\vectordrawable-animated-1.1.0 because:
  Build cache is disabled
Transforming material-ripple-release.aar (androidx.compose.material:material-ripple-android:1.6.1) with JetifyTransform
Skipping LibrarySymbolTableTransform: C:\Users\user\.gradle\caches\transforms-3\c91da17cc1cab4ba2d28b8a00826b7a4\transformed\vectordrawable-animated-1.1.0 as it is up-to-date.
Transforming material-ripple-release.aar (androidx.compose.material:material-ripple-android:1.6.1) with ExtractAarTransform
Transforming material-ripple-release.aar (androidx.compose.material:material-ripple-android:1.6.1) with LibrarySymbolTableTransform
Transforming material-icons-core-release.aar (androidx.compose.material:material-icons-core-android:1.6.1) with JetifyTransform
Transforming material-icons-core-release.aar (androidx.compose.material:material-icons-core-android:1.6.1) with ExtractAarTransform
Transforming material-icons-core-release.aar (androidx.compose.material:material-icons-core-android:1.6.1) with LibrarySymbolTableTransform
Transforming material-release.aar (androidx.compose.material:material-android:1.6.1) with JetifyTransform
Transforming material-release.aar (androidx.compose.material:material-android:1.6.1) with ExtractAarTransform
Transforming material-release.aar (androidx.compose.material:material-android:1.6.1) with LibrarySymbolTableTransform
Caching disabled for LibrarySymbolTableTransform: C:\Users\user\.gradle\caches\transforms-3\c589b80479df8889d96e60fd7d9c5d2b\transformed\transition-1.2.0 because:
  Build cache is disabled
Transforming animation-core-release.aar (androidx.compose.animation:animation-core-android:1.6.1) with JetifyTransform
Skipping LibrarySymbolTableTransform: C:\Users\user\.gradle\caches\transforms-3\c589b80479df8889d96e60fd7d9c5d2b\transformed\transition-1.2.0 as it is up-to-date.
Transforming animation-core-release.aar (androidx.compose.animation:animation-core-android:1.6.1) with ExtractAarTransform
Transforming animation-core-release.aar (androidx.compose.animation:animation-core-android:1.6.1) with LibrarySymbolTableTransform
Transforming animation-release.aar (androidx.compose.animation:animation-android:1.6.1) with JetifyTransform
Transforming animation-release.aar (androidx.compose.animation:animation-android:1.6.1) with ExtractAarTransform
Caching disabled for LibrarySymbolTableTransform: C:\Users\user\.gradle\caches\transforms-3\5c3aa40a2b81e8d14341f580c5067842\transformed\jetified-hilt-navigation-1.1.0 because:
  Build cache is disabled
Skipping LibrarySymbolTableTransform: C:\Users\user\.gradle\caches\transforms-3\5c3aa40a2b81e8d14341f580c5067842\transformed\jetified-hilt-navigation-1.1.0 as it is up-to-date.
Caching disabled for LibrarySymbolTableTransform: C:\Users\user\.gradle\caches\transforms-3\72921219f6734e39e36ce1ab1aad6d03\transformed\navigation-common-ktx-2.7.6 because:
  Build cache is disabled
Caching disabled for LibrarySymbolTableTransform: C:\Users\user\.gradle\caches\transforms-3\0f46e4ccc0eeb6bdb32e10768693dbb1\transformed\navigation-common-2.7.6 because:
  Build cache is disabled
Skipping LibrarySymbolTableTransform: C:\Users\user\.gradle\caches\transforms-3\72921219f6734e39e36ce1ab1aad6d03\transformed\navigation-common-ktx-2.7.6 as it is up-to-date.
Skipping LibrarySymbolTableTransform: C:\Users\user\.gradle\caches\transforms-3\0f46e4ccc0eeb6bdb32e10768693dbb1\transformed\navigation-common-2.7.6 as it is up-to-date.
Transforming animation-release.aar (androidx.compose.animation:animation-android:1.6.1) with LibrarySymbolTableTransform
Transforming foundation-layout-release.aar (androidx.compose.foundation:foundation-layout-android:1.6.1) with JetifyTransform
Transforming foundation-layout-release.aar (androidx.compose.foundation:foundation-layout-android:1.6.1) with ExtractAarTransform
Transforming foundation-layout-release.aar (androidx.compose.foundation:foundation-layout-android:1.6.1) with LibrarySymbolTableTransform
Caching disabled for LibrarySymbolTableTransform: C:\Users\user\.gradle\caches\transforms-3\529160eccf25a2390ccb8db066af0ebf\transformed\jetified-hilt-navigation-compose-1.1.0 because:
  Build cache is disabled
Transforming foundation-release.aar (androidx.compose.foundation:foundation-android:1.6.1) with JetifyTransform
Skipping LibrarySymbolTableTransform: C:\Users\user\.gradle\caches\transforms-3\529160eccf25a2390ccb8db066af0ebf\transformed\jetified-hilt-navigation-compose-1.1.0 as it is up-to-date.
Transforming foundation-release.aar (androidx.compose.foundation:foundation-android:1.6.1) with ExtractAarTransform
Caching disabled for LibrarySymbolTableTransform: C:\Users\user\.gradle\caches\transforms-3\2619ed40ef3fa7bd0956e04ee7e7a9f1\transformed\vectordrawable-1.1.0 because:
  Build cache is disabled
Transforming foundation-release.aar (androidx.compose.foundation:foundation-android:1.6.1) with LibrarySymbolTableTransform
Caching disabled for LibrarySymbolTableTransform: C:\Users\user\.gradle\caches\transforms-3\f60bd6a2f18e5772f3e63663a99cb4e1\transformed\jetified-accompanist-permissions-0.32.0 because:
  Build cache is disabled
Transforming ui-unit-release.aar (androidx.compose.ui:ui-unit-android:1.6.1) with JetifyTransform
Skipping LibrarySymbolTableTransform: C:\Users\user\.gradle\caches\transforms-3\2619ed40ef3fa7bd0956e04ee7e7a9f1\transformed\vectordrawable-1.1.0 as it is up-to-date.
Transforming ui-unit-release.aar (androidx.compose.ui:ui-unit-android:1.6.1) with ExtractAarTransform
Caching disabled for LibrarySymbolTableTransform: C:\Users\user\.gradle\caches\transforms-3\e867abbcf77ff1131be5b6df08de5eee\transformed\navigation-runtime-ktx-2.7.6 because:
  Build cache is disabled
Skipping LibrarySymbolTableTransform: C:\Users\user\.gradle\caches\transforms-3\f60bd6a2f18e5772f3e63663a99cb4e1\transformed\jetified-accompanist-permissions-0.32.0 as it is up-to-date.
Transforming ui-unit-release.aar (androidx.compose.ui:ui-unit-android:1.6.1) with LibrarySymbolTableTransform
Transforming ui-geometry-release.aar (androidx.compose.ui:ui-geometry-android:1.6.1) with JetifyTransform
Skipping LibrarySymbolTableTransform: C:\Users\user\.gradle\caches\transforms-3\e867abbcf77ff1131be5b6df08de5eee\transformed\navigation-runtime-ktx-2.7.6 as it is up-to-date.
Caching disabled for LibrarySymbolTableTransform: C:\Users\user\.gradle\caches\transforms-3\ae35f69c27c9ae25ab61f505d1c73246\transformed\jetified-navigation-compose-2.7.6 because:
  Build cache is disabled
Skipping LibrarySymbolTableTransform: C:\Users\user\.gradle\caches\transforms-3\ae35f69c27c9ae25ab61f505d1c73246\transformed\jetified-navigation-compose-2.7.6 as it is up-to-date.
Transforming ui-geometry-release.aar (androidx.compose.ui:ui-geometry-android:1.6.1) with ExtractAarTransform
Caching disabled for LibrarySymbolTableTransform: C:\Users\user\.gradle\caches\transforms-3\3ce319f41dad2e0f26341deb50e79fea\transformed\navigation-runtime-2.7.6 because:
  Build cache is disabled
Transforming ui-geometry-release.aar (androidx.compose.ui:ui-geometry-android:1.6.1) with LibrarySymbolTableTransform
Transforming ui-util-release.aar (androidx.compose.ui:ui-util-android:1.6.1) with JetifyTransform
Transforming ui-util-release.aar (androidx.compose.ui:ui-util-android:1.6.1) with ExtractAarTransform
Transforming ui-util-release.aar (androidx.compose.ui:ui-util-android:1.6.1) with LibrarySymbolTableTransform
Transforming ui-text-release.aar (androidx.compose.ui:ui-text-android:1.6.1) with JetifyTransform
Caching disabled for LibrarySymbolTableTransform: C:\Users\user\.gradle\caches\transforms-3\d13efe73e15feb692f299aca534190ce\transformed\work-runtime-2.7.0 because:
  Build cache is disabled
Skipping LibrarySymbolTableTransform: C:\Users\user\.gradle\caches\transforms-3\d13efe73e15feb692f299aca534190ce\transformed\work-runtime-2.7.0 as it is up-to-date.
Caching disabled for LibrarySymbolTableTransform: C:\Users\user\.gradle\caches\transforms-3\c4b49199efd8b05d152a707fc92393f9\transformed\jetified-play-services-ads-lite-22.6.0 because:
  Build cache is disabled
Skipping LibrarySymbolTableTransform: C:\Users\user\.gradle\caches\transforms-3\c4b49199efd8b05d152a707fc92393f9\transformed\jetified-play-services-ads-lite-22.6.0 as it is up-to-date.
Caching disabled for LibrarySymbolTableTransform: C:\Users\user\.gradle\caches\transforms-3\48cbbb2a7e04ed4bd14f5ee9909e7333\transformed\jetified-room-paging-2.6.1 because:
  Build cache is disabled
Skipping LibrarySymbolTableTransform: C:\Users\user\.gradle\caches\transforms-3\48cbbb2a7e04ed4bd14f5ee9909e7333\transformed\jetified-room-paging-2.6.1 as it is up-to-date.
Skipping LibrarySymbolTableTransform: C:\Users\user\.gradle\caches\transforms-3\3ce319f41dad2e0f26341deb50e79fea\transformed\navigation-runtime-2.7.6 as it is up-to-date.
Caching disabled for LibrarySymbolTableTransform: C:\Users\user\.gradle\caches\transforms-3\a0851db4a7ec9890e76aff435b580121\transformed\room-runtime-2.6.1 because:
  Build cache is disabled
Skipping LibrarySymbolTableTransform: C:\Users\user\.gradle\caches\transforms-3\a0851db4a7ec9890e76aff435b580121\transformed\room-runtime-2.6.1 as it is up-to-date.
Transforming ui-text-release.aar (androidx.compose.ui:ui-text-android:1.6.1) with ExtractAarTransform
Caching disabled for LibrarySymbolTableTransform: C:\Users\user\.gradle\caches\transforms-3\8773d98ab94b13f9d6437ce7e24c811e\transformed\jetified-paging-compose-3.2.1 because:
  Build cache is disabled
Transforming ui-text-release.aar (androidx.compose.ui:ui-text-android:1.6.1) with LibrarySymbolTableTransform
Skipping LibrarySymbolTableTransform: C:\Users\user\.gradle\caches\transforms-3\8773d98ab94b13f9d6437ce7e24c811e\transformed\jetified-paging-compose-3.2.1 as it is up-to-date.
Transforming ui-tooling-preview-release.aar (androidx.compose.ui:ui-tooling-preview-android:1.6.1) with JetifyTransform
Transforming ui-tooling-preview-release.aar (androidx.compose.ui:ui-tooling-preview-android:1.6.1) with ExtractAarTransform
Caching disabled for LibrarySymbolTableTransform: C:\Users\user\.gradle\caches\transforms-3\88935f1d435615fcfcf4533f1e74a0c1\transformed\jetified-paging-runtime-ktx-3.2.1 because:
  Build cache is disabled
Transforming ui-tooling-preview-release.aar (androidx.compose.ui:ui-tooling-preview-android:1.6.1) with LibrarySymbolTableTransform
Skipping LibrarySymbolTableTransform: C:\Users\user\.gradle\caches\transforms-3\88935f1d435615fcfcf4533f1e74a0c1\transformed\jetified-paging-runtime-ktx-3.2.1 as it is up-to-date.
Transforming ui-graphics-release.aar (androidx.compose.ui:ui-graphics-android:1.6.1) with JetifyTransform
Transforming ui-graphics-release.aar (androidx.compose.ui:ui-graphics-android:1.6.1) with ExtractAarTransform
Transforming ui-graphics-release.aar (androidx.compose.ui:ui-graphics-android:1.6.1) with LibrarySymbolTableTransform
Caching disabled for LibrarySymbolTableTransform: C:\Users\user\.gradle\caches\transforms-3\20b81b3594ace06c7a70dff3a2366e16\transformed\paging-runtime-3.2.1 because:
  Build cache is disabled
Caching disabled for LibrarySymbolTableTransform: C:\Users\user\.gradle\caches\transforms-3\deeed389b8629d1b86b0d43d85b80f15\transformed\jetified-room-ktx-2.6.1 because:
  Build cache is disabled
Transforming runtime-saveable-release.aar (androidx.compose.runtime:runtime-saveable-android:1.6.1) with JetifyTransform
Skipping LibrarySymbolTableTransform: C:\Users\user\.gradle\caches\transforms-3\deeed389b8629d1b86b0d43d85b80f15\transformed\jetified-room-ktx-2.6.1 as it is up-to-date.
Skipping LibrarySymbolTableTransform: C:\Users\user\.gradle\caches\transforms-3\20b81b3594ace06c7a70dff3a2366e16\transformed\paging-runtime-3.2.1 as it is up-to-date.
Transforming runtime-saveable-release.aar (androidx.compose.runtime:runtime-saveable-android:1.6.1) with ExtractAarTransform
Transforming runtime-saveable-release.aar (androidx.compose.runtime:runtime-saveable-android:1.6.1) with LibrarySymbolTableTransform
Transforming runtime-release.aar (androidx.compose.runtime:runtime-android:1.6.1) with JetifyTransform
Transforming runtime-release.aar (androidx.compose.runtime:runtime-android:1.6.1) with ExtractAarTransform
Transforming runtime-release.aar (androidx.compose.runtime:runtime-android:1.6.1) with LibrarySymbolTableTransform
Transforming runtime-livedata-1.6.1.aar (androidx.compose.runtime:runtime-livedata:1.6.1) with JetifyTransform
Transforming runtime-livedata-1.6.1.aar (androidx.compose.runtime:runtime-livedata:1.6.1) with ExtractAarTransform
Transforming runtime-livedata-1.6.1.aar (androidx.compose.runtime:runtime-livedata:1.6.1) with LibrarySymbolTableTransform
Transforming hilt-android-2.49.aar (com.google.dagger:hilt-android:2.49) with JetifyTransform
Transforming hilt-android-2.49.aar (com.google.dagger:hilt-android:2.49) with ExtractAarTransform
Transforming hilt-android-2.49.aar (com.google.dagger:hilt-android:2.49) with LibrarySymbolTableTransform
Transforming play-services-tasks-18.0.2.aar (com.google.android.gms:play-services-tasks:18.0.2) with JetifyTransform
Caching disabled for LibrarySymbolTableTransform: C:\Users\user\.gradle\caches\transforms-3\9eb07947c41291dd8dfaea7376b52cb3\transformed\jetified-material3-release because:
  Build cache is disabled
Skipping LibrarySymbolTableTransform: C:\Users\user\.gradle\caches\transforms-3\9eb07947c41291dd8dfaea7376b52cb3\transformed\jetified-material3-release as it is up-to-date.
Transforming play-services-tasks-18.0.2.aar (com.google.android.gms:play-services-tasks:18.0.2) with ExtractAarTransform
Caching disabled for LibrarySymbolTableTransform: C:\Users\user\.gradle\caches\transforms-3\a8d18580fb95d594af0e3ea2434d1f2a\transformed\jetified-animation-core-release because:
  Build cache is disabled
Skipping LibrarySymbolTableTransform: C:\Users\user\.gradle\caches\transforms-3\a8d18580fb95d594af0e3ea2434d1f2a\transformed\jetified-animation-core-release as it is up-to-date.
Transforming play-services-tasks-18.0.2.aar (com.google.android.gms:play-services-tasks:18.0.2) with LibrarySymbolTableTransform
Caching disabled for LibrarySymbolTableTransform: C:\Users\user\.gradle\caches\transforms-3\cbc2465336ded970d23300a578f47882\transformed\jetified-material-release because:
  Build cache is disabled
Skipping LibrarySymbolTableTransform: C:\Users\user\.gradle\caches\transforms-3\cbc2465336ded970d23300a578f47882\transformed\jetified-material-release as it is up-to-date.
Transforming play-services-tasks-18.0.2.aar (com.google.android.gms:play-services-tasks:18.0.2) with JetifyTransform
Caching disabled for LibrarySymbolTableTransform: C:\Users\user\.gradle\caches\transforms-3\0a80b947bb60c2e5812c98a4cde80cb9\transformed\jetified-animation-release because:
  Build cache is disabled
Transforming play-services-tasks-18.0.2.aar (com.google.android.gms:play-services-tasks:18.0.2) with ExtractAarTransform
Skipping LibrarySymbolTableTransform: C:\Users\user\.gradle\caches\transforms-3\0a80b947bb60c2e5812c98a4cde80cb9\transformed\jetified-animation-release as it is up-to-date.
Caching disabled for LibrarySymbolTableTransform: C:\Users\user\.gradle\caches\transforms-3\1371974239ba7d2e1f74577aa0076246\transformed\jetified-foundation-release because:
  Build cache is disabled
Transforming play-services-tasks-18.0.2.aar (com.google.android.gms:play-services-tasks:18.0.2) with LibrarySymbolTableTransform
Skipping LibrarySymbolTableTransform: C:\Users\user\.gradle\caches\transforms-3\1371974239ba7d2e1f74577aa0076246\transformed\jetified-foundation-release as it is up-to-date.
Transforming play-services-tasks-18.0.2.aar (com.google.android.gms:play-services-tasks:18.0.2) with JetifyTransform
Transforming play-services-tasks-18.0.2.aar (com.google.android.gms:play-services-tasks:18.0.2) with ExtractAarTransform
Transforming play-services-tasks-18.0.2.aar (com.google.android.gms:play-services-tasks:18.0.2) with LibrarySymbolTableTransform
Caching disabled for LibrarySymbolTableTransform: C:\Users\user\.gradle\caches\transforms-3\a2969d7a46a5d26397bd0a40364b7789\transformed\jetified-ui-unit-release because:
  Build cache is disabled
Caching disabled for LibrarySymbolTableTransform: C:\Users\user\.gradle\caches\transforms-3\c0256db1311281ff7005418483771fda\transformed\jetified-foundation-layout-release because:
  Build cache is disabled
Skipping LibrarySymbolTableTransform: C:\Users\user\.gradle\caches\transforms-3\a2969d7a46a5d26397bd0a40364b7789\transformed\jetified-ui-unit-release as it is up-to-date.
Transforming play-services-ads-base-22.6.0.aar (com.google.android.gms:play-services-ads-base:22.6.0) with JetifyTransform
Skipping LibrarySymbolTableTransform: C:\Users\user\.gradle\caches\transforms-3\c0256db1311281ff7005418483771fda\transformed\jetified-foundation-layout-release as it is up-to-date.
Caching disabled for LibrarySymbolTableTransform: C:\Users\user\.gradle\caches\transforms-3\b6b0faadec3c628e9c76a6db86636b8a\transformed\jetified-material-ripple-release because:
  Build cache is disabled
Transforming play-services-ads-base-22.6.0.aar (com.google.android.gms:play-services-ads-base:22.6.0) with ExtractAarTransform
Skipping LibrarySymbolTableTransform: C:\Users\user\.gradle\caches\transforms-3\b6b0faadec3c628e9c76a6db86636b8a\transformed\jetified-material-ripple-release as it is up-to-date.
Transforming play-services-ads-base-22.6.0.aar (com.google.android.gms:play-services-ads-base:22.6.0) with LibrarySymbolTableTransform
Caching disabled for LibrarySymbolTableTransform: C:\Users\user\.gradle\caches\transforms-3\8d3e065e204b9a972c9d9d381b9eab8e\transformed\jetified-ui-tooling-preview-release because:
  Build cache is disabled
Skipping LibrarySymbolTableTransform: C:\Users\user\.gradle\caches\transforms-3\8d3e065e204b9a972c9d9d381b9eab8e\transformed\jetified-ui-tooling-preview-release as it is up-to-date.
Caching disabled for LibrarySymbolTableTransform: C:\Users\user\.gradle\caches\transforms-3\a24bbb3d7412e2af4b948b956c9db569\transformed\jetified-ui-util-release because:
  Build cache is disabled
Transforming play-services-ads-base-22.6.0.aar (com.google.android.gms:play-services-ads-base:22.6.0) with JetifyTransform
Skipping LibrarySymbolTableTransform: C:\Users\user\.gradle\caches\transforms-3\a24bbb3d7412e2af4b948b956c9db569\transformed\jetified-ui-util-release as it is up-to-date.
Transforming play-services-ads-base-22.6.0.aar (com.google.android.gms:play-services-ads-base:22.6.0) with ExtractAarTransform
Caching disabled for LibrarySymbolTableTransform: C:\Users\user\.gradle\caches\transforms-3\be77d38c4543d58a04ecd2e2930e4907\transformed\jetified-material-icons-core-release because:
  Build cache is disabled
Transforming play-services-ads-base-22.6.0.aar (com.google.android.gms:play-services-ads-base:22.6.0) with LibrarySymbolTableTransform
Skipping LibrarySymbolTableTransform: C:\Users\user\.gradle\caches\transforms-3\be77d38c4543d58a04ecd2e2930e4907\transformed\jetified-material-icons-core-release as it is up-to-date.
Caching disabled for LibrarySymbolTableTransform: C:\Users\user\.gradle\caches\transforms-3\a12ebe0bcfa38772b01b24696e6db1a0\transformed\jetified-runtime-saveable-release because:
  Build cache is disabled
Transforming user-messaging-platform-2.1.0.aar (com.google.android.ump:user-messaging-platform:2.1.0) with JetifyTransform
Skipping LibrarySymbolTableTransform: C:\Users\user\.gradle\caches\transforms-3\a12ebe0bcfa38772b01b24696e6db1a0\transformed\jetified-runtime-saveable-release as it is up-to-date.
Transforming user-messaging-platform-2.1.0.aar (com.google.android.ump:user-messaging-platform:2.1.0) with ExtractAarTransform
Caching disabled for LibrarySymbolTableTransform: C:\Users\user\.gradle\caches\transforms-3\d0defa3efce5913b5e3d5a8aac5cb6a4\transformed\jetified-ui-graphics-release because:
  Build cache is disabled
Transforming user-messaging-platform-2.1.0.aar (com.google.android.ump:user-messaging-platform:2.1.0) with LibrarySymbolTableTransform
Skipping LibrarySymbolTableTransform: C:\Users\user\.gradle\caches\transforms-3\d0defa3efce5913b5e3d5a8aac5cb6a4\transformed\jetified-ui-graphics-release as it is up-to-date.
Transforming play-services-ads-identifier-18.0.0.aar (com.google.android.gms:play-services-ads-identifier:18.0.0) with JetifyTransform
Caching disabled for LibrarySymbolTableTransform: C:\Users\user\.gradle\caches\transforms-3\153cbe083d7bbbca75db78a9ed87c037\transformed\jetified-ui-text-release because:
  Build cache is disabled
Transforming play-services-ads-identifier-18.0.0.aar (com.google.android.gms:play-services-ads-identifier:18.0.0) with ExtractAarTransform
Skipping LibrarySymbolTableTransform: C:\Users\user\.gradle\caches\transforms-3\153cbe083d7bbbca75db78a9ed87c037\transformed\jetified-ui-text-release as it is up-to-date.
Transforming play-services-ads-identifier-18.0.0.aar (com.google.android.gms:play-services-ads-identifier:18.0.0) with LibrarySymbolTableTransform
Transforming play-services-ads-identifier-18.0.0.aar (com.google.android.gms:play-services-ads-identifier:18.0.0) with JetifyTransform
Caching disabled for LibrarySymbolTableTransform: C:\Users\user\.gradle\caches\transforms-3\ca905dde751b020875aee835366c918b\transformed\jetified-ui-geometry-release because:
  Build cache is disabled
Transforming play-services-ads-identifier-18.0.0.aar (com.google.android.gms:play-services-ads-identifier:18.0.0) with ExtractAarTransform
Skipping LibrarySymbolTableTransform: C:\Users\user\.gradle\caches\transforms-3\ca905dde751b020875aee835366c918b\transformed\jetified-ui-geometry-release as it is up-to-date.
Transforming play-services-ads-identifier-18.0.0.aar (com.google.android.gms:play-services-ads-identifier:18.0.0) with LibrarySymbolTableTransform
Caching disabled for LibrarySymbolTableTransform: C:\Users\user\.gradle\caches\transforms-3\09909989bcc6df1cb4cf8f5bc33de582\transformed\jetified-play-services-tasks-18.0.2 because:
  Build cache is disabled
Transforming play-services-measurement-sdk-api-20.1.2.aar (com.google.android.gms:play-services-measurement-sdk-api:20.1.2) with JetifyTransform
Caching disabled for LibrarySymbolTableTransform: C:\Users\user\.gradle\caches\transforms-3\7609d0ec1dd432c286d684064b087864\transformed\jetified-hilt-android-2.49 because:
  Build cache is disabled
Skipping LibrarySymbolTableTransform: C:\Users\user\.gradle\caches\transforms-3\09909989bcc6df1cb4cf8f5bc33de582\transformed\jetified-play-services-tasks-18.0.2 as it is up-to-date.
Caching disabled for LibrarySymbolTableTransform: C:\Users\user\.gradle\caches\transforms-3\86393e3996726b41f76008ce236fad9e\transformed\jetified-runtime-livedata-1.6.1 because:
  Build cache is disabled
Caching disabled for LibrarySymbolTableTransform: C:\Users\user\.gradle\caches\transforms-3\fefcfe30ff50cfe07535bb3f9f29fec4\transformed\jetified-play-services-ads-base-22.6.0 because:
  Build cache is disabled
Skipping LibrarySymbolTableTransform: C:\Users\user\.gradle\caches\transforms-3\86393e3996726b41f76008ce236fad9e\transformed\jetified-runtime-livedata-1.6.1 as it is up-to-date.
Transforming play-services-measurement-sdk-api-20.1.2.aar (com.google.android.gms:play-services-measurement-sdk-api:20.1.2) with ExtractAarTransform
Skipping LibrarySymbolTableTransform: C:\Users\user\.gradle\caches\transforms-3\fefcfe30ff50cfe07535bb3f9f29fec4\transformed\jetified-play-services-ads-base-22.6.0 as it is up-to-date.
Transforming play-services-measurement-sdk-api-20.1.2.aar (com.google.android.gms:play-services-measurement-sdk-api:20.1.2) with LibrarySymbolTableTransform
Skipping LibrarySymbolTableTransform: C:\Users\user\.gradle\caches\transforms-3\7609d0ec1dd432c286d684064b087864\transformed\jetified-hilt-android-2.49 as it is up-to-date.
Transforming play-services-measurement-base-20.1.2.aar (com.google.android.gms:play-services-measurement-base:20.1.2) with JetifyTransform
Transforming play-services-measurement-base-20.1.2.aar (com.google.android.gms:play-services-measurement-base:20.1.2) with ExtractAarTransform
Transforming play-services-measurement-base-20.1.2.aar (com.google.android.gms:play-services-measurement-base:20.1.2) with LibrarySymbolTableTransform
Transforming play-services-basement-18.2.0.aar (com.google.android.gms:play-services-basement:18.2.0) with JetifyTransform
Transforming play-services-basement-18.2.0.aar (com.google.android.gms:play-services-basement:18.2.0) with ExtractAarTransform
Transforming play-services-basement-18.2.0.aar (com.google.android.gms:play-services-basement:18.2.0) with LibrarySymbolTableTransform
Caching disabled for LibrarySymbolTableTransform: C:\Users\user\.gradle\caches\transforms-3\40952bfae19697ea740a0392ac032553\transformed\jetified-runtime-release because:
  Build cache is disabled
Transforming play-services-basement-18.2.0.aar (com.google.android.gms:play-services-basement:18.2.0) with JetifyTransform
Skipping LibrarySymbolTableTransform: C:\Users\user\.gradle\caches\transforms-3\40952bfae19697ea740a0392ac032553\transformed\jetified-runtime-release as it is up-to-date.
Transforming play-services-basement-18.2.0.aar (com.google.android.gms:play-services-basement:18.2.0) with ExtractAarTransform
Caching disabled for LibrarySymbolTableTransform: C:\Users\user\.gradle\caches\transforms-3\ff995add00743d0c496c4d8e0ee10f1e\transformed\jetified-play-services-ads-identifier-18.0.0 because:
  Build cache is disabled
Transforming play-services-basement-18.2.0.aar (com.google.android.gms:play-services-basement:18.2.0) with LibrarySymbolTableTransform
Skipping LibrarySymbolTableTransform: C:\Users\user\.gradle\caches\transforms-3\ff995add00743d0c496c4d8e0ee10f1e\transformed\jetified-play-services-ads-identifier-18.0.0 as it is up-to-date.
Transforming play-services-basement-18.2.0.aar (com.google.android.gms:play-services-basement:18.2.0) with JetifyTransform
Transforming play-services-basement-18.2.0.aar (com.google.android.gms:play-services-basement:18.2.0) with ExtractAarTransform
Transforming play-services-basement-18.2.0.aar (com.google.android.gms:play-services-basement:18.2.0) with LibrarySymbolTableTransform
Transforming play-services-basement-18.2.0.aar (com.google.android.gms:play-services-basement:18.2.0) with JetifyTransform
Transforming play-services-basement-18.2.0.aar (com.google.android.gms:play-services-basement:18.2.0) with ExtractAarTransform
Transforming play-services-basement-18.2.0.aar (com.google.android.gms:play-services-basement:18.2.0) with LibrarySymbolTableTransform
Transforming play-services-basement-18.2.0.aar (com.google.android.gms:play-services-basement:18.2.0) with JetifyTransform
Transforming play-services-basement-18.2.0.aar (com.google.android.gms:play-services-basement:18.2.0) with ExtractAarTransform
Transforming play-services-basement-18.2.0.aar (com.google.android.gms:play-services-basement:18.2.0) with LibrarySymbolTableTransform
Transforming play-services-basement-18.2.0.aar (com.google.android.gms:play-services-basement:18.2.0) with JetifyTransform
Transforming play-services-basement-18.2.0.aar (com.google.android.gms:play-services-basement:18.2.0) with ExtractAarTransform
Transforming play-services-basement-18.2.0.aar (com.google.android.gms:play-services-basement:18.2.0) with LibrarySymbolTableTransform
Transforming play-services-basement-18.2.0.aar (com.google.android.gms:play-services-basement:18.2.0) with JetifyTransform
Transforming play-services-basement-18.2.0.aar (com.google.android.gms:play-services-basement:18.2.0) with ExtractAarTransform
Caching disabled for LibrarySymbolTableTransform: C:\Users\user\.gradle\caches\transforms-3\2a2496b4dd7bead2a2d5dfdd36faba56\transformed\jetified-user-messaging-platform-2.1.0 because:
  Build cache is disabled
Transforming play-services-basement-18.2.0.aar (com.google.android.gms:play-services-basement:18.2.0) with LibrarySymbolTableTransform
Skipping LibrarySymbolTableTransform: C:\Users\user\.gradle\caches\transforms-3\2a2496b4dd7bead2a2d5dfdd36faba56\transformed\jetified-user-messaging-platform-2.1.0 as it is up-to-date.
Transforming play-services-basement-18.2.0.aar (com.google.android.gms:play-services-basement:18.2.0) with JetifyTransform
Transforming play-services-basement-18.2.0.aar (com.google.android.gms:play-services-basement:18.2.0) with ExtractAarTransform
Transforming play-services-basement-18.2.0.aar (com.google.android.gms:play-services-basement:18.2.0) with LibrarySymbolTableTransform
Transforming play-services-basement-18.2.0.aar (com.google.android.gms:play-services-basement:18.2.0) with JetifyTransform
Transforming play-services-basement-18.2.0.aar (com.google.android.gms:play-services-basement:18.2.0) with ExtractAarTransform
Transforming play-services-basement-18.2.0.aar (com.google.android.gms:play-services-basement:18.2.0) with LibrarySymbolTableTransform
Transforming play-services-basement-18.2.0.aar (com.google.android.gms:play-services-basement:18.2.0) with JetifyTransform
Transforming play-services-basement-18.2.0.aar (com.google.android.gms:play-services-basement:18.2.0) with ExtractAarTransform
Transforming play-services-basement-18.2.0.aar (com.google.android.gms:play-services-basement:18.2.0) with LibrarySymbolTableTransform
Transforming fragment-1.5.1.aar (androidx.fragment:fragment:1.5.1) with JetifyTransform
Transforming fragment-1.5.1.aar (androidx.fragment:fragment:1.5.1) with ExtractAarTransform
Transforming fragment-1.5.1.aar (androidx.fragment:fragment:1.5.1) with LibrarySymbolTableTransform
Transforming fragment-1.5.1.aar (androidx.fragment:fragment:1.5.1) with JetifyTransform
Transforming fragment-1.5.1.aar (androidx.fragment:fragment:1.5.1) with ExtractAarTransform
Transforming fragment-1.5.1.aar (androidx.fragment:fragment:1.5.1) with LibrarySymbolTableTransform
Transforming fragment-1.5.1.aar (androidx.fragment:fragment:1.5.1) with JetifyTransform
Transforming fragment-1.5.1.aar (androidx.fragment:fragment:1.5.1) with ExtractAarTransform
Transforming fragment-1.5.1.aar (androidx.fragment:fragment:1.5.1) with LibrarySymbolTableTransform
Transforming fragment-1.5.1.aar (androidx.fragment:fragment:1.5.1) with JetifyTransform
Transforming fragment-1.5.1.aar (androidx.fragment:fragment:1.5.1) with ExtractAarTransform
Transforming fragment-1.5.1.aar (androidx.fragment:fragment:1.5.1) with LibrarySymbolTableTransform
Transforming emoji2-views-helper-1.3.0.aar (androidx.emoji2:emoji2-views-helper:1.3.0) with JetifyTransform
Transforming emoji2-views-helper-1.3.0.aar (androidx.emoji2:emoji2-views-helper:1.3.0) with ExtractAarTransform
Transforming emoji2-views-helper-1.3.0.aar (androidx.emoji2:emoji2-views-helper:1.3.0) with LibrarySymbolTableTransform
Caching disabled for LibrarySymbolTableTransform: C:\Users\user\.gradle\caches\transforms-3\7bc33f1b9169acd2dfd1a37a27683ae2\transformed\jetified-play-services-measurement-base-20.1.2 because:
  Build cache is disabled
Caching disabled for LibrarySymbolTableTransform: C:\Users\user\.gradle\caches\transforms-3\b28c9dde44421952352d4ece06208963\transformed\jetified-play-services-measurement-sdk-api-20.1.2 because:
  Build cache is disabled
Skipping LibrarySymbolTableTransform: C:\Users\user\.gradle\caches\transforms-3\7bc33f1b9169acd2dfd1a37a27683ae2\transformed\jetified-play-services-measurement-base-20.1.2 as it is up-to-date.
Skipping LibrarySymbolTableTransform: C:\Users\user\.gradle\caches\transforms-3\b28c9dde44421952352d4ece06208963\transformed\jetified-play-services-measurement-sdk-api-20.1.2 as it is up-to-date.
Transforming emoji2-1.3.0.aar (androidx.emoji2:emoji2:1.3.0) with JetifyTransform
Caching disabled for LibrarySymbolTableTransform: C:\Users\user\.gradle\caches\transforms-3\a98fef1d1520166b9b08927ea1e4f9aa\transformed\jetified-play-services-basement-18.2.0 because:
  Build cache is disabled
Transforming emoji2-1.3.0.aar (androidx.emoji2:emoji2:1.3.0) with ExtractAarTransform
Skipping LibrarySymbolTableTransform: C:\Users\user\.gradle\caches\transforms-3\a98fef1d1520166b9b08927ea1e4f9aa\transformed\jetified-play-services-basement-18.2.0 as it is up-to-date.
Transforming emoji2-1.3.0.aar (androidx.emoji2:emoji2:1.3.0) with LibrarySymbolTableTransform
Transforming lifecycle-process-2.7.0.aar (androidx.lifecycle:lifecycle-process:2.7.0) with JetifyTransform
Transforming lifecycle-process-2.7.0.aar (androidx.lifecycle:lifecycle-process:2.7.0) with ExtractAarTransform
Transforming lifecycle-process-2.7.0.aar (androidx.lifecycle:lifecycle-process:2.7.0) with LibrarySymbolTableTransform
Transforming lifecycle-service-2.7.0.aar (androidx.lifecycle:lifecycle-service:2.7.0) with JetifyTransform
Transforming lifecycle-service-2.7.0.aar (androidx.lifecycle:lifecycle-service:2.7.0) with ExtractAarTransform
Transforming lifecycle-service-2.7.0.aar (androidx.lifecycle:lifecycle-service:2.7.0) with LibrarySymbolTableTransform
Transforming lifecycle-livedata-core-ktx-2.7.0.aar (androidx.lifecycle:lifecycle-livedata-core-ktx:2.7.0) with JetifyTransform
Transforming lifecycle-livedata-core-ktx-2.7.0.aar (androidx.lifecycle:lifecycle-livedata-core-ktx:2.7.0) with ExtractAarTransform
Transforming lifecycle-livedata-core-ktx-2.7.0.aar (androidx.lifecycle:lifecycle-livedata-core-ktx:2.7.0) with LibrarySymbolTableTransform
Transforming lifecycle-livedata-ktx-2.7.0.aar (androidx.lifecycle:lifecycle-livedata-ktx:2.7.0) with JetifyTransform
Transforming lifecycle-livedata-ktx-2.7.0.aar (androidx.lifecycle:lifecycle-livedata-ktx:2.7.0) with ExtractAarTransform
Transforming lifecycle-livedata-ktx-2.7.0.aar (androidx.lifecycle:lifecycle-livedata-ktx:2.7.0) with LibrarySymbolTableTransform
Transforming lifecycle-livedata-core-2.7.0.aar (androidx.lifecycle:lifecycle-livedata-core:2.7.0) with JetifyTransform
Transforming lifecycle-livedata-core-2.7.0.aar (androidx.lifecycle:lifecycle-livedata-core:2.7.0) with ExtractAarTransform
Transforming lifecycle-livedata-core-2.7.0.aar (androidx.lifecycle:lifecycle-livedata-core:2.7.0) with LibrarySymbolTableTransform
Transforming legacy-support-core-utils-1.0.0.aar (androidx.legacy:legacy-support-core-utils:1.0.0) with JetifyTransform
Transforming legacy-support-core-utils-1.0.0.aar (androidx.legacy:legacy-support-core-utils:1.0.0) with ExtractAarTransform
Transforming legacy-support-core-utils-1.0.0.aar (androidx.legacy:legacy-support-core-utils:1.0.0) with LibrarySymbolTableTransform
Transforming loader-1.0.0.aar (androidx.loader:loader:1.0.0) with JetifyTransform
Transforming loader-1.0.0.aar (androidx.loader:loader:1.0.0) with ExtractAarTransform
Transforming loader-1.0.0.aar (androidx.loader:loader:1.0.0) with LibrarySymbolTableTransform
Transforming loader-1.0.0.aar (androidx.loader:loader:1.0.0) with JetifyTransform
Transforming loader-1.0.0.aar (androidx.loader:loader:1.0.0) with ExtractAarTransform
Transforming loader-1.0.0.aar (androidx.loader:loader:1.0.0) with LibrarySymbolTableTransform
Transforming lifecycle-livedata-2.7.0.aar (androidx.lifecycle:lifecycle-livedata:2.7.0) with JetifyTransform
Transforming lifecycle-livedata-2.7.0.aar (androidx.lifecycle:lifecycle-livedata:2.7.0) with ExtractAarTransform
Transforming lifecycle-livedata-2.7.0.aar (androidx.lifecycle:lifecycle-livedata:2.7.0) with LibrarySymbolTableTransform
Caching disabled for LibrarySymbolTableTransform: C:\Users\user\.gradle\caches\transforms-3\2e6a11253b53f57b3b9d26b8fa62696e\transformed\jetified-emoji2-views-helper-1.3.0 because:
  Build cache is disabled
Transforming lifecycle-livedata-2.7.0.aar (androidx.lifecycle:lifecycle-livedata:2.7.0) with JetifyTransform
Transforming lifecycle-livedata-2.7.0.aar (androidx.lifecycle:lifecycle-livedata:2.7.0) with ExtractAarTransform
Caching disabled for LibrarySymbolTableTransform: C:\Users\user\.gradle\caches\transforms-3\3bde4be5f64196dc9d79c4d702f48306\transformed\jetified-emoji2-1.3.0 because:
  Build cache is disabled
Skipping LibrarySymbolTableTransform: C:\Users\user\.gradle\caches\transforms-3\2e6a11253b53f57b3b9d26b8fa62696e\transformed\jetified-emoji2-views-helper-1.3.0 as it is up-to-date.
Skipping LibrarySymbolTableTransform: C:\Users\user\.gradle\caches\transforms-3\3bde4be5f64196dc9d79c4d702f48306\transformed\jetified-emoji2-1.3.0 as it is up-to-date.
Transforming lifecycle-livedata-2.7.0.aar (androidx.lifecycle:lifecycle-livedata:2.7.0) with LibrarySymbolTableTransform
Transforming savedstate-ktx-1.2.1.aar (androidx.savedstate:savedstate-ktx:1.2.1) with JetifyTransform
Transforming savedstate-ktx-1.2.1.aar (androidx.savedstate:savedstate-ktx:1.2.1) with ExtractAarTransform
Caching disabled for LibrarySymbolTableTransform: C:\Users\user\.gradle\caches\transforms-3\39183825c891526e3de148cba7025d38\transformed\jetified-lifecycle-livedata-core-ktx-2.7.0 because:
  Build cache is disabled
Transforming savedstate-ktx-1.2.1.aar (androidx.savedstate:savedstate-ktx:1.2.1) with LibrarySymbolTableTransform
Skipping LibrarySymbolTableTransform: C:\Users\user\.gradle\caches\transforms-3\39183825c891526e3de148cba7025d38\transformed\jetified-lifecycle-livedata-core-ktx-2.7.0 as it is up-to-date.
Transforming savedstate-1.2.1.aar (androidx.savedstate:savedstate:1.2.1) with JetifyTransform
Transforming savedstate-1.2.1.aar (androidx.savedstate:savedstate:1.2.1) with ExtractAarTransform
Transforming savedstate-1.2.1.aar (androidx.savedstate:savedstate:1.2.1) with LibrarySymbolTableTransform
Transforming lifecycle-viewmodel-savedstate-2.7.0.aar (androidx.lifecycle:lifecycle-viewmodel-savedstate:2.7.0) with JetifyTransform
Transforming lifecycle-viewmodel-savedstate-2.7.0.aar (androidx.lifecycle:lifecycle-viewmodel-savedstate:2.7.0) with ExtractAarTransform
Caching disabled for LibrarySymbolTableTransform: C:\Users\user\.gradle\caches\transforms-3\405ea0b6b50f1060e1e85abd75c2300a\transformed\lifecycle-livedata-core-2.7.0 because:
  Build cache is disabled
Transforming lifecycle-viewmodel-savedstate-2.7.0.aar (androidx.lifecycle:lifecycle-viewmodel-savedstate:2.7.0) with LibrarySymbolTableTransform
Skipping LibrarySymbolTableTransform: C:\Users\user\.gradle\caches\transforms-3\405ea0b6b50f1060e1e85abd75c2300a\transformed\lifecycle-livedata-core-2.7.0 as it is up-to-date.
Caching disabled for LibrarySymbolTableTransform: C:\Users\user\.gradle\caches\transforms-3\befba8fbd8bdeb7a931e0ef64310fd03\transformed\jetified-lifecycle-process-2.7.0 because:
  Build cache is disabled
Transforming lifecycle-viewmodel-ktx-2.7.0.aar (androidx.lifecycle:lifecycle-viewmodel-ktx:2.7.0) with JetifyTransform
Skipping LibrarySymbolTableTransform: C:\Users\user\.gradle\caches\transforms-3\befba8fbd8bdeb7a931e0ef64310fd03\transformed\jetified-lifecycle-process-2.7.0 as it is up-to-date.
Transforming lifecycle-viewmodel-ktx-2.7.0.aar (androidx.lifecycle:lifecycle-viewmodel-ktx:2.7.0) with ExtractAarTransform
Transforming lifecycle-viewmodel-ktx-2.7.0.aar (androidx.lifecycle:lifecycle-viewmodel-ktx:2.7.0) with LibrarySymbolTableTransform
Transforming lifecycle-viewmodel-2.7.0.aar (androidx.lifecycle:lifecycle-viewmodel:2.7.0) with JetifyTransform
Transforming lifecycle-viewmodel-2.7.0.aar (androidx.lifecycle:lifecycle-viewmodel:2.7.0) with ExtractAarTransform
Transforming lifecycle-viewmodel-2.7.0.aar (androidx.lifecycle:lifecycle-viewmodel:2.7.0) with LibrarySymbolTableTransform
Transforming lifecycle-viewmodel-2.7.0.aar (androidx.lifecycle:lifecycle-viewmodel:2.7.0) with JetifyTransform
Transforming lifecycle-viewmodel-2.7.0.aar (androidx.lifecycle:lifecycle-viewmodel:2.7.0) with ExtractAarTransform
Caching disabled for LibrarySymbolTableTransform: C:\Users\user\.gradle\caches\transforms-3\ce43085ba0af9184b2d8510666d1eb4c\transformed\fragment-1.5.1 because:
  Build cache is disabled
Transforming lifecycle-viewmodel-2.7.0.aar (androidx.lifecycle:lifecycle-viewmodel:2.7.0) with LibrarySymbolTableTransform
Skipping LibrarySymbolTableTransform: C:\Users\user\.gradle\caches\transforms-3\ce43085ba0af9184b2d8510666d1eb4c\transformed\fragment-1.5.1 as it is up-to-date.
Caching disabled for LibrarySymbolTableTransform: C:\Users\user\.gradle\caches\transforms-3\06eaa3d4db2446ae08073b00af0f9f1e\transformed\legacy-support-core-utils-1.0.0 because:
  Build cache is disabled
Caching disabled for LibrarySymbolTableTransform: C:\Users\user\.gradle\caches\transforms-3\32759966595792c9a2f9091d1711a6d5\transformed\jetified-lifecycle-service-2.7.0 because:
  Build cache is disabled
Skipping LibrarySymbolTableTransform: C:\Users\user\.gradle\caches\transforms-3\06eaa3d4db2446ae08073b00af0f9f1e\transformed\legacy-support-core-utils-1.0.0 as it is up-to-date.
Transforming lifecycle-runtime-2.7.0.aar (androidx.lifecycle:lifecycle-runtime:2.7.0) with JetifyTransform
Caching disabled for LibrarySymbolTableTransform: C:\Users\user\.gradle\caches\transforms-3\8bdbdf69ffb075614c5a434d355a0f8b\transformed\jetified-lifecycle-livedata-ktx-2.7.0 because:
  Build cache is disabled
Skipping LibrarySymbolTableTransform: C:\Users\user\.gradle\caches\transforms-3\8bdbdf69ffb075614c5a434d355a0f8b\transformed\jetified-lifecycle-livedata-ktx-2.7.0 as it is up-to-date.
Caching disabled for LibrarySymbolTableTransform: C:\Users\user\.gradle\caches\transforms-3\be6eabc1e7597f5af8694205534369ad\transformed\lifecycle-livedata-2.7.0 because:
  Build cache is disabled
Skipping LibrarySymbolTableTransform: C:\Users\user\.gradle\caches\transforms-3\be6eabc1e7597f5af8694205534369ad\transformed\lifecycle-livedata-2.7.0 as it is up-to-date.
Skipping LibrarySymbolTableTransform: C:\Users\user\.gradle\caches\transforms-3\32759966595792c9a2f9091d1711a6d5\transformed\jetified-lifecycle-service-2.7.0 as it is up-to-date.
Transforming lifecycle-runtime-2.7.0.aar (androidx.lifecycle:lifecycle-runtime:2.7.0) with ExtractAarTransform
Transforming lifecycle-runtime-2.7.0.aar (androidx.lifecycle:lifecycle-runtime:2.7.0) with LibrarySymbolTableTransform
Transforming lifecycle-runtime-ktx-2.7.0.aar (androidx.lifecycle:lifecycle-runtime-ktx:2.7.0) with JetifyTransform
Transforming lifecycle-runtime-ktx-2.7.0.aar (androidx.lifecycle:lifecycle-runtime-ktx:2.7.0) with ExtractAarTransform
Transforming lifecycle-runtime-ktx-2.7.0.aar (androidx.lifecycle:lifecycle-runtime-ktx:2.7.0) with LibrarySymbolTableTransform
Transforming lifecycle-viewmodel-compose-2.7.0.aar (androidx.lifecycle:lifecycle-viewmodel-compose:2.7.0) with JetifyTransform
Transforming lifecycle-viewmodel-compose-2.7.0.aar (androidx.lifecycle:lifecycle-viewmodel-compose:2.7.0) with ExtractAarTransform
Transforming lifecycle-viewmodel-compose-2.7.0.aar (androidx.lifecycle:lifecycle-viewmodel-compose:2.7.0) with LibrarySymbolTableTransform
Transforming accompanist-drawablepainter-0.32.0.aar (com.google.accompanist:accompanist-drawablepainter:0.32.0) with JetifyTransform
Caching disabled for LibrarySymbolTableTransform: C:\Users\user\.gradle\caches\transforms-3\729f0ee4f5c310ded66695d5e416a80a\transformed\jetified-savedstate-1.2.1 because:
  Build cache is disabled
Skipping LibrarySymbolTableTransform: C:\Users\user\.gradle\caches\transforms-3\729f0ee4f5c310ded66695d5e416a80a\transformed\jetified-savedstate-1.2.1 as it is up-to-date.
Caching disabled for LibrarySymbolTableTransform: C:\Users\user\.gradle\caches\transforms-3\aa2ff84b73bdf2fedfb6304d3a34c1c2\transformed\loader-1.0.0 because:
  Build cache is disabled
Skipping LibrarySymbolTableTransform: C:\Users\user\.gradle\caches\transforms-3\aa2ff84b73bdf2fedfb6304d3a34c1c2\transformed\loader-1.0.0 as it is up-to-date.
Transforming accompanist-drawablepainter-0.32.0.aar (com.google.accompanist:accompanist-drawablepainter:0.32.0) with ExtractAarTransform
Transforming accompanist-drawablepainter-0.32.0.aar (com.google.accompanist:accompanist-drawablepainter:0.32.0) with LibrarySymbolTableTransform
Transforming ui-release.aar (androidx.compose.ui:ui-android:1.6.1) with JetifyTransform
Caching disabled for LibrarySymbolTableTransform: C:\Users\user\.gradle\caches\transforms-3\17d74363b6e909a9d3f818c44afa4535\transformed\jetified-lifecycle-viewmodel-savedstate-2.7.0 because:
  Build cache is disabled
Skipping LibrarySymbolTableTransform: C:\Users\user\.gradle\caches\transforms-3\17d74363b6e909a9d3f818c44afa4535\transformed\jetified-lifecycle-viewmodel-savedstate-2.7.0 as it is up-to-date.
Caching disabled for LibrarySymbolTableTransform: C:\Users\user\.gradle\caches\transforms-3\d13525a792cc64e11bbc6a846969e153\transformed\jetified-savedstate-ktx-1.2.1 because:
  Build cache is disabled
Skipping LibrarySymbolTableTransform: C:\Users\user\.gradle\caches\transforms-3\d13525a792cc64e11bbc6a846969e153\transformed\jetified-savedstate-ktx-1.2.1 as it is up-to-date.
Transforming ui-release.aar (androidx.compose.ui:ui-android:1.6.1) with ExtractAarTransform
Transforming ui-release.aar (androidx.compose.ui:ui-android:1.6.1) with LibrarySymbolTableTransform
Transforming activity-ktx-1.8.2.aar (androidx.activity:activity-ktx:1.8.2) with JetifyTransform
Caching disabled for LibrarySymbolTableTransform: C:\Users\user\.gradle\caches\transforms-3\4bea3ad7086dd6310416577e679b27ab\transformed\lifecycle-runtime-2.7.0 because:
  Build cache is disabled
Skipping LibrarySymbolTableTransform: C:\Users\user\.gradle\caches\transforms-3\4bea3ad7086dd6310416577e679b27ab\transformed\lifecycle-runtime-2.7.0 as it is up-to-date.
Transforming activity-ktx-1.8.2.aar (androidx.activity:activity-ktx:1.8.2) with ExtractAarTransform
Transforming activity-ktx-1.8.2.aar (androidx.activity:activity-ktx:1.8.2) with LibrarySymbolTableTransform
Transforming activity-compose-1.8.2.aar (androidx.activity:activity-compose:1.8.2) with JetifyTransform
Transforming activity-compose-1.8.2.aar (androidx.activity:activity-compose:1.8.2) with ExtractAarTransform
Transforming activity-compose-1.8.2.aar (androidx.activity:activity-compose:1.8.2) with LibrarySymbolTableTransform
Transforming activity-1.8.2.aar (androidx.activity:activity:1.8.2) with JetifyTransform
Transforming activity-1.8.2.aar (androidx.activity:activity:1.8.2) with ExtractAarTransform
Transforming activity-1.8.2.aar (androidx.activity:activity:1.8.2) with LibrarySymbolTableTransform
Transforming exoplayer-2.19.1.aar (com.google.android.exoplayer:exoplayer:2.19.1) with JetifyTransform
Transforming exoplayer-2.19.1.aar (com.google.android.exoplayer:exoplayer:2.19.1) with ExtractAarTransform
Transforming exoplayer-2.19.1.aar (com.google.android.exoplayer:exoplayer:2.19.1) with LibrarySymbolTableTransform
Transforming exoplayer-dash-2.19.1.aar (com.google.android.exoplayer:exoplayer-dash:2.19.1) with JetifyTransform
Transforming exoplayer-dash-2.19.1.aar (com.google.android.exoplayer:exoplayer-dash:2.19.1) with ExtractAarTransform
Transforming exoplayer-dash-2.19.1.aar (com.google.android.exoplayer:exoplayer-dash:2.19.1) with LibrarySymbolTableTransform
Transforming exoplayer-hls-2.19.1.aar (com.google.android.exoplayer:exoplayer-hls:2.19.1) with JetifyTransform
Caching disabled for LibrarySymbolTableTransform: C:\Users\user\.gradle\caches\transforms-3\d61403040d3c0a7f14b12e75c497150a\transformed\lifecycle-viewmodel-2.7.0 because:
  Build cache is disabled
Skipping LibrarySymbolTableTransform: C:\Users\user\.gradle\caches\transforms-3\d61403040d3c0a7f14b12e75c497150a\transformed\lifecycle-viewmodel-2.7.0 as it is up-to-date.
Caching disabled for LibrarySymbolTableTransform: C:\Users\user\.gradle\caches\transforms-3\91aa7e25739ba49b8c446850083d9968\transformed\jetified-lifecycle-viewmodel-ktx-2.7.0 because:
  Build cache is disabled
Skipping LibrarySymbolTableTransform: C:\Users\user\.gradle\caches\transforms-3\91aa7e25739ba49b8c446850083d9968\transformed\jetified-lifecycle-viewmodel-ktx-2.7.0 as it is up-to-date.
Transforming exoplayer-hls-2.19.1.aar (com.google.android.exoplayer:exoplayer-hls:2.19.1) with ExtractAarTransform
Caching disabled for LibrarySymbolTableTransform: C:\Users\user\.gradle\caches\transforms-3\8f69b11fed3424c2a2d07f943e7b1442\transformed\jetified-accompanist-drawablepainter-0.32.0 because:
  Build cache is disabled
Transforming exoplayer-hls-2.19.1.aar (com.google.android.exoplayer:exoplayer-hls:2.19.1) with LibrarySymbolTableTransform
Skipping LibrarySymbolTableTransform: C:\Users\user\.gradle\caches\transforms-3\8f69b11fed3424c2a2d07f943e7b1442\transformed\jetified-accompanist-drawablepainter-0.32.0 as it is up-to-date.
Transforming exoplayer-rtsp-2.19.1.aar (com.google.android.exoplayer:exoplayer-rtsp:2.19.1) with JetifyTransform
Transforming exoplayer-rtsp-2.19.1.aar (com.google.android.exoplayer:exoplayer-rtsp:2.19.1) with ExtractAarTransform
Transforming exoplayer-rtsp-2.19.1.aar (com.google.android.exoplayer:exoplayer-rtsp:2.19.1) with LibrarySymbolTableTransform
Transforming exoplayer-smoothstreaming-2.19.1.aar (com.google.android.exoplayer:exoplayer-smoothstreaming:2.19.1) with JetifyTransform
Transforming exoplayer-smoothstreaming-2.19.1.aar (com.google.android.exoplayer:exoplayer-smoothstreaming:2.19.1) with ExtractAarTransform
Transforming exoplayer-smoothstreaming-2.19.1.aar (com.google.android.exoplayer:exoplayer-smoothstreaming:2.19.1) with LibrarySymbolTableTransform
Transforming exoplayer-core-2.19.1.aar (com.google.android.exoplayer:exoplayer-core:2.19.1) with JetifyTransform
Transforming exoplayer-core-2.19.1.aar (com.google.android.exoplayer:exoplayer-core:2.19.1) with ExtractAarTransform
Transforming exoplayer-core-2.19.1.aar (com.google.android.exoplayer:exoplayer-core:2.19.1) with LibrarySymbolTableTransform
Transforming exoplayer-ui-2.19.1.aar (com.google.android.exoplayer:exoplayer-ui:2.19.1) with JetifyTransform
Transforming exoplayer-ui-2.19.1.aar (com.google.android.exoplayer:exoplayer-ui:2.19.1) with ExtractAarTransform
Transforming exoplayer-ui-2.19.1.aar (com.google.android.exoplayer:exoplayer-ui:2.19.1) with LibrarySymbolTableTransform
Transforming recyclerview-1.3.0.aar (androidx.recyclerview:recyclerview:1.3.0) with JetifyTransform
Transforming recyclerview-1.3.0.aar (androidx.recyclerview:recyclerview:1.3.0) with ExtractAarTransform
Transforming recyclerview-1.3.0.aar (androidx.recyclerview:recyclerview:1.3.0) with LibrarySymbolTableTransform
Transforming recyclerview-1.3.0.aar (androidx.recyclerview:recyclerview:1.3.0) with JetifyTransform
Transforming recyclerview-1.3.0.aar (androidx.recyclerview:recyclerview:1.3.0) with ExtractAarTransform
Transforming recyclerview-1.3.0.aar (androidx.recyclerview:recyclerview:1.3.0) with LibrarySymbolTableTransform
Transforming media-1.6.0.aar (androidx.media:media:1.6.0) with JetifyTransform
Transforming media-1.6.0.aar (androidx.media:media:1.6.0) with ExtractAarTransform
Transforming media-1.6.0.aar (androidx.media:media:1.6.0) with LibrarySymbolTableTransform
Caching disabled for LibrarySymbolTableTransform: C:\Users\user\.gradle\caches\transforms-3\4d6838555ad24cf15a99513e72d58fa0\transformed\jetified-lifecycle-viewmodel-compose-2.7.0 because:
  Build cache is disabled
Transforming browser-1.4.0.aar (androidx.browser:browser:1.4.0) with JetifyTransform
Skipping LibrarySymbolTableTransform: C:\Users\user\.gradle\caches\transforms-3\4d6838555ad24cf15a99513e72d58fa0\transformed\jetified-lifecycle-viewmodel-compose-2.7.0 as it is up-to-date.
Transforming browser-1.4.0.aar (androidx.browser:browser:1.4.0) with ExtractAarTransform
Transforming browser-1.4.0.aar (androidx.browser:browser:1.4.0) with LibrarySymbolTableTransform
Transforming viewpager-1.0.0.aar (androidx.viewpager:viewpager:1.0.0) with JetifyTransform
Transforming viewpager-1.0.0.aar (androidx.viewpager:viewpager:1.0.0) with ExtractAarTransform
Transforming viewpager-1.0.0.aar (androidx.viewpager:viewpager:1.0.0) with LibrarySymbolTableTransform
Transforming customview-1.1.0.aar (androidx.customview:customview:1.1.0) with JetifyTransform
Transforming customview-1.1.0.aar (androidx.customview:customview:1.1.0) with ExtractAarTransform
Transforming customview-1.1.0.aar (androidx.customview:customview:1.1.0) with LibrarySymbolTableTransform
Transforming customview-1.1.0.aar (androidx.customview:customview:1.1.0) with JetifyTransform
Transforming customview-1.1.0.aar (androidx.customview:customview:1.1.0) with ExtractAarTransform
Transforming customview-1.1.0.aar (androidx.customview:customview:1.1.0) with LibrarySymbolTableTransform
Transforming customview-1.1.0.aar (androidx.customview:customview:1.1.0) with JetifyTransform
Transforming customview-1.1.0.aar (androidx.customview:customview:1.1.0) with ExtractAarTransform
Transforming customview-1.1.0.aar (androidx.customview:customview:1.1.0) with LibrarySymbolTableTransform
Transforming customview-1.1.0.aar (androidx.customview:customview:1.1.0) with JetifyTransform
Transforming customview-1.1.0.aar (androidx.customview:customview:1.1.0) with ExtractAarTransform
Caching disabled for LibrarySymbolTableTransform: C:\Users\user\.gradle\caches\transforms-3\23d54db28db6fd27500c43cbb98a94ee\transformed\jetified-exoplayer-2.19.1 because:
  Build cache is disabled
Caching disabled for LibrarySymbolTableTransform: C:\Users\user\.gradle\caches\transforms-3\e109843751a45ceb797ac7414dcd1f55\transformed\jetified-lifecycle-runtime-ktx-2.7.0 because:
  Build cache is disabled
Caching disabled for LibrarySymbolTableTransform: C:\Users\user\.gradle\caches\transforms-3\3ff7e07e96cbf3c15e17ee90dee7c81e\transformed\jetified-activity-1.8.2 because:
  Build cache is disabled
Skipping LibrarySymbolTableTransform: C:\Users\user\.gradle\caches\transforms-3\23d54db28db6fd27500c43cbb98a94ee\transformed\jetified-exoplayer-2.19.1 as it is up-to-date.
Skipping LibrarySymbolTableTransform: C:\Users\user\.gradle\caches\transforms-3\3ff7e07e96cbf3c15e17ee90dee7c81e\transformed\jetified-activity-1.8.2 as it is up-to-date.
Transforming customview-1.1.0.aar (androidx.customview:customview:1.1.0) with LibrarySymbolTableTransform
Skipping LibrarySymbolTableTransform: C:\Users\user\.gradle\caches\transforms-3\e109843751a45ceb797ac7414dcd1f55\transformed\jetified-lifecycle-runtime-ktx-2.7.0 as it is up-to-date.
Transforming autofill-1.0.0.aar (androidx.autofill:autofill:1.0.0) with JetifyTransform
Transforming autofill-1.0.0.aar (androidx.autofill:autofill:1.0.0) with ExtractAarTransform
Transforming autofill-1.0.0.aar (androidx.autofill:autofill:1.0.0) with LibrarySymbolTableTransform
Transforming core-1.12.0.aar (androidx.core:core:1.12.0) with JetifyTransform
Transforming core-1.12.0.aar (androidx.core:core:1.12.0) with ExtractAarTransform
Transforming core-1.12.0.aar (androidx.core:core:1.12.0) with LibrarySymbolTableTransform
Transforming core-1.12.0.aar (androidx.core:core:1.12.0) with JetifyTransform
Transforming core-1.12.0.aar (androidx.core:core:1.12.0) with ExtractAarTransform
Caching disabled for LibrarySymbolTableTransform: C:\Users\user\.gradle\caches\transforms-3\bd4d0516dc82d593dc75d0d58095804e\transformed\jetified-activity-ktx-1.8.2 because:
  Build cache is disabled
Transforming core-1.12.0.aar (androidx.core:core:1.12.0) with LibrarySymbolTableTransform
Caching disabled for LibrarySymbolTableTransform: C:\Users\user\.gradle\caches\transforms-3\cc2b5325880f19f8fa69e371da0fcec2\transformed\jetified-activity-compose-1.8.2 because:
  Build cache is disabled
Caching disabled for LibrarySymbolTableTransform: C:\Users\user\.gradle\caches\transforms-3\86e7631404a3447ccb8c53460349c742\transformed\jetified-exoplayer-hls-2.19.1 because:
  Build cache is disabled
Caching disabled for LibrarySymbolTableTransform: C:\Users\user\.gradle\caches\transforms-3\04830523360f0a9c22bc3d9783abdb1e\transformed\jetified-exoplayer-smoothstreaming-2.19.1 because:
  Build cache is disabled
Skipping LibrarySymbolTableTransform: C:\Users\user\.gradle\caches\transforms-3\86e7631404a3447ccb8c53460349c742\transformed\jetified-exoplayer-hls-2.19.1 as it is up-to-date.
Caching disabled for LibrarySymbolTableTransform: C:\Users\user\.gradle\caches\transforms-3\eb7f95ceb80fe7edaffe686f45c414e3\transformed\jetified-ui-release because:
  Build cache is disabled
Skipping LibrarySymbolTableTransform: C:\Users\user\.gradle\caches\transforms-3\04830523360f0a9c22bc3d9783abdb1e\transformed\jetified-exoplayer-smoothstreaming-2.19.1 as it is up-to-date.
Skipping LibrarySymbolTableTransform: C:\Users\user\.gradle\caches\transforms-3\eb7f95ceb80fe7edaffe686f45c414e3\transformed\jetified-ui-release as it is up-to-date.
Skipping LibrarySymbolTableTransform: C:\Users\user\.gradle\caches\transforms-3\cc2b5325880f19f8fa69e371da0fcec2\transformed\jetified-activity-compose-1.8.2 as it is up-to-date.
Caching disabled for LibrarySymbolTableTransform: C:\Users\user\.gradle\caches\transforms-3\6b9e330e22f5b80af693a9cc1ed78961\transformed\jetified-exoplayer-dash-2.19.1 because:
  Build cache is disabled
Transforming core-1.12.0.aar (androidx.core:core:1.12.0) with JetifyTransform
Skipping LibrarySymbolTableTransform: C:\Users\user\.gradle\caches\transforms-3\bd4d0516dc82d593dc75d0d58095804e\transformed\jetified-activity-ktx-1.8.2 as it is up-to-date.
Transforming core-1.12.0.aar (androidx.core:core:1.12.0) with ExtractAarTransform
Skipping LibrarySymbolTableTransform: C:\Users\user\.gradle\caches\transforms-3\6b9e330e22f5b80af693a9cc1ed78961\transformed\jetified-exoplayer-dash-2.19.1 as it is up-to-date.
Transforming core-1.12.0.aar (androidx.core:core:1.12.0) with LibrarySymbolTableTransform
Transforming core-1.12.0.aar (androidx.core:core:1.12.0) with JetifyTransform
Transforming core-1.12.0.aar (androidx.core:core:1.12.0) with ExtractAarTransform
Transforming core-1.12.0.aar (androidx.core:core:1.12.0) with LibrarySymbolTableTransform
Transforming core-1.12.0.aar (androidx.core:core:1.12.0) with JetifyTransform
Transforming core-1.12.0.aar (androidx.core:core:1.12.0) with ExtractAarTransform
Transforming core-1.12.0.aar (androidx.core:core:1.12.0) with LibrarySymbolTableTransform
Transforming core-1.12.0.aar (androidx.core:core:1.12.0) with JetifyTransform
Transforming core-1.12.0.aar (androidx.core:core:1.12.0) with ExtractAarTransform
Transforming core-1.12.0.aar (androidx.core:core:1.12.0) with LibrarySymbolTableTransform
Transforming core-1.12.0.aar (androidx.core:core:1.12.0) with JetifyTransform
Transforming core-1.12.0.aar (androidx.core:core:1.12.0) with ExtractAarTransform
Transforming core-1.12.0.aar (androidx.core:core:1.12.0) with LibrarySymbolTableTransform
Transforming core-1.12.0.aar (androidx.core:core:1.12.0) with JetifyTransform
Transforming core-1.12.0.aar (androidx.core:core:1.12.0) with ExtractAarTransform
Transforming core-1.12.0.aar (androidx.core:core:1.12.0) with LibrarySymbolTableTransform
Transforming core-1.12.0.aar (androidx.core:core:1.12.0) with JetifyTransform
Transforming core-1.12.0.aar (androidx.core:core:1.12.0) with ExtractAarTransform
Transforming core-1.12.0.aar (androidx.core:core:1.12.0) with LibrarySymbolTableTransform
Transforming core-1.12.0.aar (androidx.core:core:1.12.0) with JetifyTransform
Transforming core-1.12.0.aar (androidx.core:core:1.12.0) with ExtractAarTransform
Transforming core-1.12.0.aar (androidx.core:core:1.12.0) with LibrarySymbolTableTransform
Transforming core-1.12.0.aar (androidx.core:core:1.12.0) with JetifyTransform
Transforming core-1.12.0.aar (androidx.core:core:1.12.0) with ExtractAarTransform
Transforming core-1.12.0.aar (androidx.core:core:1.12.0) with LibrarySymbolTableTransform
Transforming core-1.12.0.aar (androidx.core:core:1.12.0) with JetifyTransform
Transforming core-1.12.0.aar (androidx.core:core:1.12.0) with ExtractAarTransform
Transforming core-1.12.0.aar (androidx.core:core:1.12.0) with LibrarySymbolTableTransform
Transforming core-1.12.0.aar (androidx.core:core:1.12.0) with JetifyTransform
Transforming core-1.12.0.aar (androidx.core:core:1.12.0) with ExtractAarTransform
Transforming core-1.12.0.aar (androidx.core:core:1.12.0) with LibrarySymbolTableTransform
Transforming core-1.12.0.aar (androidx.core:core:1.12.0) with JetifyTransform
Transforming core-1.12.0.aar (androidx.core:core:1.12.0) with ExtractAarTransform
Transforming core-1.12.0.aar (androidx.core:core:1.12.0) with LibrarySymbolTableTransform
Transforming core-1.12.0.aar (androidx.core:core:1.12.0) with JetifyTransform
Transforming core-1.12.0.aar (androidx.core:core:1.12.0) with ExtractAarTransform
Transforming core-1.12.0.aar (androidx.core:core:1.12.0) with LibrarySymbolTableTransform
Transforming ads-adservices-java-1.0.0-beta05.aar (androidx.privacysandbox.ads:ads-adservices-java:1.0.0-beta05) with JetifyTransform
Transforming ads-adservices-java-1.0.0-beta05.aar (androidx.privacysandbox.ads:ads-adservices-java:1.0.0-beta05) with ExtractAarTransform
Transforming ads-adservices-java-1.0.0-beta05.aar (androidx.privacysandbox.ads:ads-adservices-java:1.0.0-beta05) with LibrarySymbolTableTransform
Transforming ads-adservices-1.0.0-beta05.aar (androidx.privacysandbox.ads:ads-adservices:1.0.0-beta05) with JetifyTransform
Transforming ads-adservices-1.0.0-beta05.aar (androidx.privacysandbox.ads:ads-adservices:1.0.0-beta05) with ExtractAarTransform
Transforming ads-adservices-1.0.0-beta05.aar (androidx.privacysandbox.ads:ads-adservices:1.0.0-beta05) with LibrarySymbolTableTransform
Transforming ads-adservices-1.0.0-beta05.aar (androidx.privacysandbox.ads:ads-adservices:1.0.0-beta05) with JetifyTransform
Transforming ads-adservices-1.0.0-beta05.aar (androidx.privacysandbox.ads:ads-adservices:1.0.0-beta05) with ExtractAarTransform
Transforming ads-adservices-1.0.0-beta05.aar (androidx.privacysandbox.ads:ads-adservices:1.0.0-beta05) with LibrarySymbolTableTransform
Transforming customview-poolingcontainer-1.0.0.aar (androidx.customview:customview-poolingcontainer:1.0.0) with JetifyTransform
Transforming customview-poolingcontainer-1.0.0.aar (androidx.customview:customview-poolingcontainer:1.0.0) with ExtractAarTransform
Transforming customview-poolingcontainer-1.0.0.aar (androidx.customview:customview-poolingcontainer:1.0.0) with LibrarySymbolTableTransform
Transforming core-ktx-1.12.0.aar (androidx.core:core-ktx:1.12.0) with JetifyTransform
Transforming core-ktx-1.12.0.aar (androidx.core:core-ktx:1.12.0) with ExtractAarTransform
Transforming core-ktx-1.12.0.aar (androidx.core:core-ktx:1.12.0) with LibrarySymbolTableTransform
Transforming flexbox-3.0.0.aar (com.google.android.flexbox:flexbox:3.0.0) with JetifyTransform
Transforming flexbox-3.0.0.aar (com.google.android.flexbox:flexbox:3.0.0) with ExtractAarTransform
Transforming flexbox-3.0.0.aar (com.google.android.flexbox:flexbox:3.0.0) with LibrarySymbolTableTransform
Caching disabled for LibrarySymbolTableTransform: C:\Users\user\.gradle\caches\transforms-3\6a39333c6856d532570520fbc2bd1c09\transformed\jetified-exoplayer-core-2.19.1 because:
  Build cache is disabled
Transforming core-splashscreen-1.0.1.aar (androidx.core:core-splashscreen:1.0.1) with JetifyTransform
Caching disabled for LibrarySymbolTableTransform: C:\Users\user\.gradle\caches\transforms-3\0f7bbe974198c0e6f5daf78e810cfb8e\transformed\recyclerview-1.3.0 because:
  Build cache is disabled
Caching disabled for LibrarySymbolTableTransform: C:\Users\user\.gradle\caches\transforms-3\7988b5c431abeac835ef34d8554a267c\transformed\jetified-exoplayer-rtsp-2.19.1 because:
  Build cache is disabled
Skipping LibrarySymbolTableTransform: C:\Users\user\.gradle\caches\transforms-3\0f7bbe974198c0e6f5daf78e810cfb8e\transformed\recyclerview-1.3.0 as it is up-to-date.
Transforming core-splashscreen-1.0.1.aar (androidx.core:core-splashscreen:1.0.1) with ExtractAarTransform
Skipping LibrarySymbolTableTransform: C:\Users\user\.gradle\caches\transforms-3\6a39333c6856d532570520fbc2bd1c09\transformed\jetified-exoplayer-core-2.19.1 as it is up-to-date.
Transforming core-splashscreen-1.0.1.aar (androidx.core:core-splashscreen:1.0.1) with LibrarySymbolTableTransform
Transforming sqlite-framework-2.4.0.aar (androidx.sqlite:sqlite-framework:2.4.0) with JetifyTransform
Transforming sqlite-framework-2.4.0.aar (androidx.sqlite:sqlite-framework:2.4.0) with ExtractAarTransform
Transforming sqlite-framework-2.4.0.aar (androidx.sqlite:sqlite-framework:2.4.0) with LibrarySymbolTableTransform
Transforming sqlite-2.4.0.aar (androidx.sqlite:sqlite:2.4.0) with JetifyTransform
Transforming sqlite-2.4.0.aar (androidx.sqlite:sqlite:2.4.0) with ExtractAarTransform
Transforming sqlite-2.4.0.aar (androidx.sqlite:sqlite:2.4.0) with LibrarySymbolTableTransform
Transforming napier-release.aar (io.github.aakira:napier-android:1.4.1) with JetifyTransform
Skipping LibrarySymbolTableTransform: C:\Users\user\.gradle\caches\transforms-3\7988b5c431abeac835ef34d8554a267c\transformed\jetified-exoplayer-rtsp-2.19.1 as it is up-to-date.
Transforming napier-release.aar (io.github.aakira:napier-android:1.4.1) with ExtractAarTransform
Caching disabled for LibrarySymbolTableTransform: C:\Users\user\.gradle\caches\transforms-3\665f08a046034a03c45c1b60402783c2\transformed\jetified-exoplayer-ui-2.19.1 because:
  Build cache is disabled
Transforming napier-release.aar (io.github.aakira:napier-android:1.4.1) with LibrarySymbolTableTransform
Skipping LibrarySymbolTableTransform: C:\Users\user\.gradle\caches\transforms-3\665f08a046034a03c45c1b60402783c2\transformed\jetified-exoplayer-ui-2.19.1 as it is up-to-date.
Transforming annotation-experimental-1.4.0.aar (androidx.annotation:annotation-experimental:1.4.0) with JetifyTransform
Transforming annotation-experimental-1.4.0.aar (androidx.annotation:annotation-experimental:1.4.0) with ExtractAarTransform
Transforming annotation-experimental-1.4.0.aar (androidx.annotation:annotation-experimental:1.4.0) with LibrarySymbolTableTransform
Transforming cursoradapter-1.0.0.aar (androidx.cursoradapter:cursoradapter:1.0.0) with JetifyTransform
Transforming cursoradapter-1.0.0.aar (androidx.cursoradapter:cursoradapter:1.0.0) with ExtractAarTransform
Transforming cursoradapter-1.0.0.aar (androidx.cursoradapter:cursoradapter:1.0.0) with LibrarySymbolTableTransform
Transforming cardview-1.0.0.aar (androidx.cardview:cardview:1.0.0) with JetifyTransform
Transforming cardview-1.0.0.aar (androidx.cardview:cardview:1.0.0) with ExtractAarTransform
Transforming cardview-1.0.0.aar (androidx.cardview:cardview:1.0.0) with LibrarySymbolTableTransform
Transforming core-runtime-2.2.0.aar (androidx.arch.core:core-runtime:2.2.0) with JetifyTransform
Transforming core-runtime-2.2.0.aar (androidx.arch.core:core-runtime:2.2.0) with ExtractAarTransform
Transforming core-runtime-2.2.0.aar (androidx.arch.core:core-runtime:2.2.0) with LibrarySymbolTableTransform
Transforming exoplayer-datasource-2.19.1.aar (com.google.android.exoplayer:exoplayer-datasource:2.19.1) with JetifyTransform
Transforming exoplayer-datasource-2.19.1.aar (com.google.android.exoplayer:exoplayer-datasource:2.19.1) with ExtractAarTransform
Transforming exoplayer-datasource-2.19.1.aar (com.google.android.exoplayer:exoplayer-datasource:2.19.1) with LibrarySymbolTableTransform
Transforming exoplayer-database-2.19.1.aar (com.google.android.exoplayer:exoplayer-database:2.19.1) with JetifyTransform
Transforming exoplayer-database-2.19.1.aar (com.google.android.exoplayer:exoplayer-database:2.19.1) with ExtractAarTransform
Transforming exoplayer-database-2.19.1.aar (com.google.android.exoplayer:exoplayer-database:2.19.1) with LibrarySymbolTableTransform
Transforming exoplayer-extractor-2.19.1.aar (com.google.android.exoplayer:exoplayer-extractor:2.19.1) with JetifyTransform
Transforming exoplayer-extractor-2.19.1.aar (com.google.android.exoplayer:exoplayer-extractor:2.19.1) with ExtractAarTransform
Caching disabled for LibrarySymbolTableTransform: C:\Users\user\.gradle\caches\transforms-3\e64e0a3a08ca0f06a8ffeb68df2fb01e\transformed\media-1.6.0 because:
  Build cache is disabled
Transforming exoplayer-extractor-2.19.1.aar (com.google.android.exoplayer:exoplayer-extractor:2.19.1) with LibrarySymbolTableTransform
Skipping LibrarySymbolTableTransform: C:\Users\user\.gradle\caches\transforms-3\e64e0a3a08ca0f06a8ffeb68df2fb01e\transformed\media-1.6.0 as it is up-to-date.
Transforming exoplayer-decoder-2.19.1.aar (com.google.android.exoplayer:exoplayer-decoder:2.19.1) with JetifyTransform
Transforming exoplayer-decoder-2.19.1.aar (com.google.android.exoplayer:exoplayer-decoder:2.19.1) with ExtractAarTransform
Transforming exoplayer-decoder-2.19.1.aar (com.google.android.exoplayer:exoplayer-decoder:2.19.1) with LibrarySymbolTableTransform
Transforming exoplayer-container-2.19.1.aar (com.google.android.exoplayer:exoplayer-container:2.19.1) with JetifyTransform
Transforming exoplayer-container-2.19.1.aar (com.google.android.exoplayer:exoplayer-container:2.19.1) with ExtractAarTransform
Transforming exoplayer-container-2.19.1.aar (com.google.android.exoplayer:exoplayer-container:2.19.1) with LibrarySymbolTableTransform
Transforming exoplayer-common-2.19.1.aar (com.google.android.exoplayer:exoplayer-common:2.19.1) with JetifyTransform
Transforming exoplayer-common-2.19.1.aar (com.google.android.exoplayer:exoplayer-common:2.19.1) with ExtractAarTransform
Transforming exoplayer-common-2.19.1.aar (com.google.android.exoplayer:exoplayer-common:2.19.1) with LibrarySymbolTableTransform
Transforming interpolator-1.0.0.aar (androidx.interpolator:interpolator:1.0.0) with JetifyTransform
Transforming interpolator-1.0.0.aar (androidx.interpolator:interpolator:1.0.0) with ExtractAarTransform
Caching disabled for LibrarySymbolTableTransform: C:\Users\user\.gradle\caches\transforms-3\756e4599b46450e09c632b813556cee0\transformed\browser-1.4.0 because:
  Build cache is disabled
Caching disabled for LibrarySymbolTableTransform: C:\Users\user\.gradle\caches\transforms-3\57848645458d68f540459ae62d741e32\transformed\viewpager-1.0.0 because:
  Build cache is disabled
Caching disabled for LibrarySymbolTableTransform: C:\Users\user\.gradle\caches\transforms-3\a2f4c85d9ee4c6259367ff55f3b32260\transformed\customview-1.1.0 because:
  Build cache is disabled
Skipping LibrarySymbolTableTransform: C:\Users\user\.gradle\caches\transforms-3\a2f4c85d9ee4c6259367ff55f3b32260\transformed\customview-1.1.0 as it is up-to-date.
Transforming interpolator-1.0.0.aar (androidx.interpolator:interpolator:1.0.0) with LibrarySymbolTableTransform
Skipping LibrarySymbolTableTransform: C:\Users\user\.gradle\caches\transforms-3\57848645458d68f540459ae62d741e32\transformed\viewpager-1.0.0 as it is up-to-date.
Skipping LibrarySymbolTableTransform: C:\Users\user\.gradle\caches\transforms-3\756e4599b46450e09c632b813556cee0\transformed\browser-1.4.0 as it is up-to-date.
Transforming interpolator-1.0.0.aar (androidx.interpolator:interpolator:1.0.0) with JetifyTransform
Transforming interpolator-1.0.0.aar (androidx.interpolator:interpolator:1.0.0) with ExtractAarTransform
Transforming interpolator-1.0.0.aar (androidx.interpolator:interpolator:1.0.0) with LibrarySymbolTableTransform
Transforming versionedparcelable-1.1.1.aar (androidx.versionedparcelable:versionedparcelable:1.1.1) with JetifyTransform
Transforming versionedparcelable-1.1.1.aar (androidx.versionedparcelable:versionedparcelable:1.1.1) with ExtractAarTransform
Transforming versionedparcelable-1.1.1.aar (androidx.versionedparcelable:versionedparcelable:1.1.1) with LibrarySymbolTableTransform
Transforming profileinstaller-1.3.1.aar (androidx.profileinstaller:profileinstaller:1.3.1) with JetifyTransform
Transforming profileinstaller-1.3.1.aar (androidx.profileinstaller:profileinstaller:1.3.1) with ExtractAarTransform
Transforming profileinstaller-1.3.1.aar (androidx.profileinstaller:profileinstaller:1.3.1) with LibrarySymbolTableTransform
Transforming startup-runtime-1.1.1.aar (androidx.startup:startup-runtime:1.1.1) with JetifyTransform
Transforming startup-runtime-1.1.1.aar (androidx.startup:startup-runtime:1.1.1) with ExtractAarTransform
Transforming startup-runtime-1.1.1.aar (androidx.startup:startup-runtime:1.1.1) with LibrarySymbolTableTransform
Caching disabled for LibrarySymbolTableTransform: C:\Users\user\.gradle\caches\transforms-3\937d7a61b7111c64ca0de305910a85b2\transformed\jetified-autofill-1.0.0 because:
  Build cache is disabled
Skipping LibrarySymbolTableTransform: C:\Users\user\.gradle\caches\transforms-3\937d7a61b7111c64ca0de305910a85b2\transformed\jetified-autofill-1.0.0 as it is up-to-date.
Transforming tracing-1.0.0.aar (androidx.tracing:tracing:1.0.0) with JetifyTransform
Transforming tracing-1.0.0.aar (androidx.tracing:tracing:1.0.0) with ExtractAarTransform
Transforming tracing-1.0.0.aar (androidx.tracing:tracing:1.0.0) with LibrarySymbolTableTransform
Transforming documentfile-1.0.0.aar (androidx.documentfile:documentfile:1.0.0) with JetifyTransform
Transforming documentfile-1.0.0.aar (androidx.documentfile:documentfile:1.0.0) with ExtractAarTransform
Transforming documentfile-1.0.0.aar (androidx.documentfile:documentfile:1.0.0) with LibrarySymbolTableTransform
Transforming localbroadcastmanager-1.0.0.aar (androidx.localbroadcastmanager:localbroadcastmanager:1.0.0) with JetifyTransform
Transforming localbroadcastmanager-1.0.0.aar (androidx.localbroadcastmanager:localbroadcastmanager:1.0.0) with ExtractAarTransform
Transforming localbroadcastmanager-1.0.0.aar (androidx.localbroadcastmanager:localbroadcastmanager:1.0.0) with LibrarySymbolTableTransform
Transforming print-1.0.0.aar (androidx.print:print:1.0.0) with JetifyTransform
Transforming print-1.0.0.aar (androidx.print:print:1.0.0) with ExtractAarTransform
Transforming print-1.0.0.aar (androidx.print:print:1.0.0) with LibrarySymbolTableTransform
Transforming exifinterface-1.3.6.aar (androidx.exifinterface:exifinterface:1.3.6) with JetifyTransform
Transforming exifinterface-1.3.6.aar (androidx.exifinterface:exifinterface:1.3.6) with ExtractAarTransform
Transforming exifinterface-1.3.6.aar (androidx.exifinterface:exifinterface:1.3.6) with LibrarySymbolTableTransform
Transforming volley-1.2.1.aar (com.android.volley:volley:1.2.1) with JetifyTransform
Transforming volley-1.2.1.aar (com.android.volley:volley:1.2.1) with ExtractAarTransform
Transforming volley-1.2.1.aar (com.android.volley:volley:1.2.1) with LibrarySymbolTableTransform
Transforming Android-Image-Slider-1.4.0.aar (com.github.smarteist:Android-Image-Slider:1.4.0) with JetifyTransform
Transforming Android-Image-Slider-1.4.0.aar (com.github.smarteist:Android-Image-Slider:1.4.0) with ExtractAarTransform
Transforming Android-Image-Slider-1.4.0.aar (com.github.smarteist:Android-Image-Slider:1.4.0) with LibrarySymbolTableTransform
Caching disabled for LibrarySymbolTableTransform: C:\Users\user\.gradle\caches\transforms-3\5c5739f4de2f71729af9e79251007f6b\transformed\core-1.12.0 because:
  Build cache is disabled
Skipping LibrarySymbolTableTransform: C:\Users\user\.gradle\caches\transforms-3\5c5739f4de2f71729af9e79251007f6b\transformed\core-1.12.0 as it is up-to-date.
Transforming circleimageview-3.1.0.aar (de.hdodenhof:circleimageview:3.1.0) with JetifyTransform
Transforming circleimageview-3.1.0.aar (de.hdodenhof:circleimageview:3.1.0) with ExtractAarTransform
Transforming circleimageview-3.1.0.aar (de.hdodenhof:circleimageview:3.1.0) with LibrarySymbolTableTransform
Transforming dagger-lint-aar-2.49.aar (com.google.dagger:dagger-lint-aar:2.49) with JetifyTransform
Transforming dagger-lint-aar-2.49.aar (com.google.dagger:dagger-lint-aar:2.49) with ExtractAarTransform
Transforming dagger-lint-aar-2.49.aar (com.google.dagger:dagger-lint-aar:2.49) with LibrarySymbolTableTransform
Caching disabled for LibrarySymbolTableTransform: C:\Users\user\.gradle\caches\transforms-3\88a788eb4554cb70c926faac5961e219\transformed\jetified-ads-adservices-1.0.0-beta05 because:
  Build cache is disabled
Skipping LibrarySymbolTableTransform: C:\Users\user\.gradle\caches\transforms-3\88a788eb4554cb70c926faac5961e219\transformed\jetified-ads-adservices-1.0.0-beta05 as it is up-to-date.
Caching disabled for LibrarySymbolTableTransform: C:\Users\user\.gradle\caches\transforms-3\9ab85f199ce6032d85aa0cc0c0e855bb\transformed\jetified-core-ktx-1.12.0 because:
  Build cache is disabled
Caching disabled for LibrarySymbolTableTransform: C:\Users\user\.gradle\caches\transforms-3\8b9d9cccd9cd11d68aeff198447cb46d\transformed\jetified-core-splashscreen-1.0.1 because:
  Build cache is disabled
Skipping LibrarySymbolTableTransform: C:\Users\user\.gradle\caches\transforms-3\9ab85f199ce6032d85aa0cc0c0e855bb\transformed\jetified-core-ktx-1.12.0 as it is up-to-date.
Caching disabled for LibrarySymbolTableTransform: C:\Users\user\.gradle\caches\transforms-3\3d44061c8964bbe6cad35f32dd98185c\transformed\jetified-napier-release because:
  Build cache is disabled
Caching disabled for LibrarySymbolTableTransform: C:\Users\user\.gradle\caches\transforms-3\71618b46663af3ea0092ee8c6d5590fe\transformed\sqlite-framework-2.4.0 because:
  Build cache is disabled
Caching disabled for LibrarySymbolTableTransform: C:\Users\user\.gradle\caches\transforms-3\a03b3d04d2ceca7ea618a06e3d24afa0\transformed\sqlite-2.4.0 because:
  Build cache is disabled
Skipping LibrarySymbolTableTransform: C:\Users\user\.gradle\caches\transforms-3\71618b46663af3ea0092ee8c6d5590fe\transformed\sqlite-framework-2.4.0 as it is up-to-date.
Skipping LibrarySymbolTableTransform: C:\Users\user\.gradle\caches\transforms-3\a03b3d04d2ceca7ea618a06e3d24afa0\transformed\sqlite-2.4.0 as it is up-to-date.
Caching disabled for LibrarySymbolTableTransform: C:\Users\user\.gradle\caches\transforms-3\bc26dfac284b88af3c813008f6ef1c3e\transformed\jetified-customview-poolingcontainer-1.0.0 because:
  Build cache is disabled
Skipping LibrarySymbolTableTransform: C:\Users\user\.gradle\caches\transforms-3\bc26dfac284b88af3c813008f6ef1c3e\transformed\jetified-customview-poolingcontainer-1.0.0 as it is up-to-date.
Caching disabled for LibrarySymbolTableTransform: C:\Users\user\.gradle\caches\transforms-3\22c98dd52680fc31e34a15f54a9f94d2\transformed\cardview-1.0.0 because:
  Build cache is disabled
Caching disabled for LibrarySymbolTableTransform: C:\Users\user\.gradle\caches\transforms-3\c4b75ff235f5060d29e5ddca564ceddc\transformed\jetified-ads-adservices-java-1.0.0-beta05 because:
  Build cache is disabled
Skipping LibrarySymbolTableTransform: C:\Users\user\.gradle\caches\transforms-3\22c98dd52680fc31e34a15f54a9f94d2\transformed\cardview-1.0.0 as it is up-to-date.
Caching disabled for LibrarySymbolTableTransform: C:\Users\user\.gradle\caches\transforms-3\43654c406d94ba418e69a2f38c0ce75a\transformed\cursoradapter-1.0.0 because:
  Build cache is disabled
Skipping LibrarySymbolTableTransform: C:\Users\user\.gradle\caches\transforms-3\3d44061c8964bbe6cad35f32dd98185c\transformed\jetified-napier-release as it is up-to-date.
Caching disabled for LibrarySymbolTableTransform: C:\Users\user\.gradle\caches\transforms-3\b524aad8313712e1a2099d34ba0009dd\transformed\jetified-flexbox-3.0.0 because:
  Build cache is disabled
Skipping LibrarySymbolTableTransform: C:\Users\user\.gradle\caches\transforms-3\8b9d9cccd9cd11d68aeff198447cb46d\transformed\jetified-core-splashscreen-1.0.1 as it is up-to-date.
Skipping LibrarySymbolTableTransform: C:\Users\user\.gradle\caches\transforms-3\b524aad8313712e1a2099d34ba0009dd\transformed\jetified-flexbox-3.0.0 as it is up-to-date.
Skipping LibrarySymbolTableTransform: C:\Users\user\.gradle\caches\transforms-3\43654c406d94ba418e69a2f38c0ce75a\transformed\cursoradapter-1.0.0 as it is up-to-date.
Caching disabled for LibrarySymbolTableTransform: C:\Users\user\.gradle\caches\transforms-3\4ec695ed94a8284d6fd7bdbfc66270dc\transformed\jetified-annotation-experimental-1.4.0 because:
  Build cache is disabled
Skipping LibrarySymbolTableTransform: C:\Users\user\.gradle\caches\transforms-3\4ec695ed94a8284d6fd7bdbfc66270dc\transformed\jetified-annotation-experimental-1.4.0 as it is up-to-date.
Caching disabled for LibrarySymbolTableTransform: C:\Users\user\.gradle\caches\transforms-3\9736755219de9964c187b9748cea348a\transformed\core-runtime-2.2.0 because:
  Build cache is disabled
Skipping LibrarySymbolTableTransform: C:\Users\user\.gradle\caches\transforms-3\9736755219de9964c187b9748cea348a\transformed\core-runtime-2.2.0 as it is up-to-date.
Caching disabled for LibrarySymbolTableTransform: C:\Users\user\.gradle\caches\transforms-3\7f41368f9514b52c773c9c6d9f2b90c2\transformed\jetified-exoplayer-database-2.19.1 because:
  Build cache is disabled
Skipping LibrarySymbolTableTransform: C:\Users\user\.gradle\caches\transforms-3\7f41368f9514b52c773c9c6d9f2b90c2\transformed\jetified-exoplayer-database-2.19.1 as it is up-to-date.
Skipping LibrarySymbolTableTransform: C:\Users\user\.gradle\caches\transforms-3\c4b75ff235f5060d29e5ddca564ceddc\transformed\jetified-ads-adservices-java-1.0.0-beta05 as it is up-to-date.
Caching disabled for LibrarySymbolTableTransform: C:\Users\user\.gradle\caches\transforms-3\2f746cdb46666a5ea31069a92ad1cee2\transformed\jetified-exoplayer-extractor-2.19.1 because:
  Build cache is disabled
Caching disabled for LibrarySymbolTableTransform: C:\Users\user\.gradle\caches\transforms-3\c3fa91361cece7ab93c5fa0d01671725\transformed\jetified-exoplayer-container-2.19.1 because:
  Build cache is disabled
Skipping LibrarySymbolTableTransform: C:\Users\user\.gradle\caches\transforms-3\2f746cdb46666a5ea31069a92ad1cee2\transformed\jetified-exoplayer-extractor-2.19.1 as it is up-to-date.
Skipping LibrarySymbolTableTransform: C:\Users\user\.gradle\caches\transforms-3\c3fa91361cece7ab93c5fa0d01671725\transformed\jetified-exoplayer-container-2.19.1 as it is up-to-date.
Caching disabled for LibrarySymbolTableTransform: C:\Users\user\.gradle\caches\transforms-3\715d44aa31120efd79cf05422b37b84e\transformed\jetified-exoplayer-common-2.19.1 because:
  Build cache is disabled
Caching disabled for LibrarySymbolTableTransform: C:\Users\user\.gradle\caches\transforms-3\0774aba38fbb7a71a2e380171e0b7778\transformed\jetified-exoplayer-decoder-2.19.1 because:
  Build cache is disabled
Skipping LibrarySymbolTableTransform: C:\Users\user\.gradle\caches\transforms-3\0774aba38fbb7a71a2e380171e0b7778\transformed\jetified-exoplayer-decoder-2.19.1 as it is up-to-date.
Skipping LibrarySymbolTableTransform: C:\Users\user\.gradle\caches\transforms-3\715d44aa31120efd79cf05422b37b84e\transformed\jetified-exoplayer-common-2.19.1 as it is up-to-date.
Caching disabled for LibrarySymbolTableTransform: C:\Users\user\.gradle\caches\transforms-3\378ae54a4a79477d991a76c42d10201e\transformed\jetified-exoplayer-datasource-2.19.1 because:
  Build cache is disabled
Caching disabled for LibrarySymbolTableTransform: C:\Users\user\.gradle\caches\transforms-3\8eba7c3e4113638c557764cfd1246d65\transformed\interpolator-1.0.0 because:
  Build cache is disabled
Skipping LibrarySymbolTableTransform: C:\Users\user\.gradle\caches\transforms-3\378ae54a4a79477d991a76c42d10201e\transformed\jetified-exoplayer-datasource-2.19.1 as it is up-to-date.
Skipping LibrarySymbolTableTransform: C:\Users\user\.gradle\caches\transforms-3\8eba7c3e4113638c557764cfd1246d65\transformed\interpolator-1.0.0 as it is up-to-date.
Caching disabled for LibrarySymbolTableTransform: C:\Users\user\.gradle\caches\transforms-3\c8dca9ca411b7b236189b876c168c300\transformed\jetified-profileinstaller-1.3.1 because:
  Build cache is disabled
Caching disabled for LibrarySymbolTableTransform: C:\Users\user\.gradle\caches\transforms-3\87361d05feba7a7d0f4af0c7c0d3e017\transformed\jetified-tracing-1.0.0 because:
  Build cache is disabled
Skipping LibrarySymbolTableTransform: C:\Users\user\.gradle\caches\transforms-3\c8dca9ca411b7b236189b876c168c300\transformed\jetified-profileinstaller-1.3.1 as it is up-to-date.
Skipping LibrarySymbolTableTransform: C:\Users\user\.gradle\caches\transforms-3\87361d05feba7a7d0f4af0c7c0d3e017\transformed\jetified-tracing-1.0.0 as it is up-to-date.
Caching disabled for LibrarySymbolTableTransform: C:\Users\user\.gradle\caches\transforms-3\82d49ae48ad7cd68ccf29f123b5e48ad\transformed\versionedparcelable-1.1.1 because:
  Build cache is disabled
Skipping LibrarySymbolTableTransform: C:\Users\user\.gradle\caches\transforms-3\82d49ae48ad7cd68ccf29f123b5e48ad\transformed\versionedparcelable-1.1.1 as it is up-to-date.
Caching disabled for LibrarySymbolTableTransform: C:\Users\user\.gradle\caches\transforms-3\fe52cfe629053f967703c8ba77285e8b\transformed\jetified-startup-runtime-1.1.1 because:
  Build cache is disabled
Skipping LibrarySymbolTableTransform: C:\Users\user\.gradle\caches\transforms-3\fe52cfe629053f967703c8ba77285e8b\transformed\jetified-startup-runtime-1.1.1 as it is up-to-date.
Caching disabled for LibrarySymbolTableTransform: C:\Users\user\.gradle\caches\transforms-3\2c86103f160590f7e7be532bf55d34f7\transformed\localbroadcastmanager-1.0.0 because:
  Build cache is disabled
Caching disabled for LibrarySymbolTableTransform: C:\Users\user\.gradle\caches\transforms-3\4122ce09f170e8a2afb176a358403d3a\transformed\print-1.0.0 because:
  Build cache is disabled
Caching disabled for LibrarySymbolTableTransform: C:\Users\user\.gradle\caches\transforms-3\54b5456fddcec85940b2ee402266c816\transformed\documentfile-1.0.0 because:
  Build cache is disabled
Skipping LibrarySymbolTableTransform: C:\Users\user\.gradle\caches\transforms-3\4122ce09f170e8a2afb176a358403d3a\transformed\print-1.0.0 as it is up-to-date.
Skipping LibrarySymbolTableTransform: C:\Users\user\.gradle\caches\transforms-3\2c86103f160590f7e7be532bf55d34f7\transformed\localbroadcastmanager-1.0.0 as it is up-to-date.
Caching disabled for LibrarySymbolTableTransform: C:\Users\user\.gradle\caches\transforms-3\3c8d6d9f40fe01c17d4d4666fd356dbc\transformed\jetified-circleimageview-3.1.0 because:
  Build cache is disabled
Caching disabled for LibrarySymbolTableTransform: C:\Users\user\.gradle\caches\transforms-3\56896802246a3dbc3ea0a00275524921\transformed\exifinterface-1.3.6 because:
  Build cache is disabled
Caching disabled for LibrarySymbolTableTransform: C:\Users\user\.gradle\caches\transforms-3\77df13c6b2001957f35925c162d5e46d\transformed\jetified-Android-Image-Slider-1.4.0 because:
  Build cache is disabled
Skipping LibrarySymbolTableTransform: C:\Users\user\.gradle\caches\transforms-3\54b5456fddcec85940b2ee402266c816\transformed\documentfile-1.0.0 as it is up-to-date.
Skipping LibrarySymbolTableTransform: C:\Users\user\.gradle\caches\transforms-3\77df13c6b2001957f35925c162d5e46d\transformed\jetified-Android-Image-Slider-1.4.0 as it is up-to-date.
Caching disabled for LibrarySymbolTableTransform: C:\Users\user\.gradle\caches\transforms-3\e32c3b5e322944d64bfee37764a5fb00\transformed\jetified-volley-1.2.1 because:
  Build cache is disabled
Skipping LibrarySymbolTableTransform: C:\Users\user\.gradle\caches\transforms-3\56896802246a3dbc3ea0a00275524921\transformed\exifinterface-1.3.6 as it is up-to-date.
Skipping LibrarySymbolTableTransform: C:\Users\user\.gradle\caches\transforms-3\3c8d6d9f40fe01c17d4d4666fd356dbc\transformed\jetified-circleimageview-3.1.0 as it is up-to-date.
Caching disabled for LibrarySymbolTableTransform: C:\Users\user\.gradle\caches\transforms-3\17460feccaee72c1c7a59c8d3aa5599a\transformed\jetified-dagger-lint-aar-2.49 because:
  Build cache is disabled
Skipping LibrarySymbolTableTransform: C:\Users\user\.gradle\caches\transforms-3\17460feccaee72c1c7a59c8d3aa5599a\transformed\jetified-dagger-lint-aar-2.49 as it is up-to-date.
Skipping LibrarySymbolTableTransform: C:\Users\user\.gradle\caches\transforms-3\e32c3b5e322944d64bfee37764a5fb00\transformed\jetified-volley-1.2.1 as it is up-to-date.
Caching disabled for task ':app:processReleaseResources' because:
  Build cache is disabled
Task ':app:processReleaseResources' is not up-to-date because:
  Output property 'proguardOutputFile' file C:\Users\user\Desktop\projects\Football Live Score (Topon)\Live Football\app\build\intermediates\aapt_proguard_file\release\aapt_rules.txt has been removed.
The input changes require a full rebuild for incremental task ':app:processReleaseResources'.
Aapt output file C:\Users\user\Desktop\projects\Football Live Score (Topon)\Live Football\app\build\intermediates\processed_res\release\out\resources-release.ap_
Resolve mutations for :app:kaptGenerateStubsReleaseKotlin (Thread[#83,included builds,5,main]) started.
:app:kaptGenerateStubsReleaseKotlin (Thread[#83,included builds,5,main]) started.

> Task :app:kaptGenerateStubsReleaseKotlin UP-TO-DATE
Transforming hilt-android-compiler-2.49.jar (com.google.dagger:hilt-android-compiler:2.49) with JetifyTransform
Transforming room-migration-2.6.1.jar (androidx.room:room-migration:2.6.1) with JetifyTransform
Transforming room-compiler-processing-2.6.1.jar (androidx.room:room-compiler-processing:2.6.1) with JetifyTransform
Transforming room-common-2.6.1.jar (androidx.room:room-common:2.6.1) with JetifyTransform
Transforming room-compiler-2.6.1.jar (androidx.room:room-compiler:2.6.1) with JetifyTransform
Transforming dagger-compiler-2.49.jar (com.google.dagger:dagger-compiler:2.49) with JetifyTransform
Transforming dagger-spi-2.49.jar (com.google.dagger:dagger-spi:2.49) with JetifyTransform
Transforming dagger-2.49.jar (com.google.dagger:dagger:2.49) with JetifyTransform
Transforming auto-common-0.11.jar (com.google.auto:auto-common:0.11) with JetifyTransform
Transforming google-java-format-1.5.jar (com.google.googlejavaformat:google-java-format:1.5) with JetifyTransform
Transforming guava-31.1-jre.jar (com.google.guava:guava:31.1-jre) with JetifyTransform
Transforming jsr305-3.0.2.jar (com.google.code.findbugs:jsr305:3.0.2) with JetifyTransform
Transforming symbol-processing-api-1.9.20-1.0.14.jar (com.google.devtools.ksp:symbol-processing-api:1.9.20-1.0.14) with JetifyTransform
Transforming failureaccess-1.0.1.jar (com.google.guava:failureaccess:1.0.1) with JetifyTransform
Transforming kotlinpoet-javapoet-1.14.2.jar (com.squareup:kotlinpoet-javapoet:1.14.2) with JetifyTransform
Transforming javapoet-1.13.0.jar (com.squareup:javapoet:1.13.0) with JetifyTransform
Transforming javax.inject-1.jar (javax.inject:javax.inject:1) with JetifyTransform
Transforming incap-0.2.jar (net.ltgt.gradle.incap:incap:0.2) with JetifyTransform
Transforming kotlinpoet-1.14.2.jar (com.squareup:kotlinpoet:1.14.2) with JetifyTransform
Caching disabled for JetifyTransform: C:\Users\user\.gradle\caches\modules-2\files-2.1\com.google.dagger\hilt-android-compiler\2.49\eaff2892d81a81ec3718df231f615d0823263b9e\hilt-android-compiler-2.49.jar because:
  Build cache is disabled
Caching disabled for JetifyTransform: C:\Users\user\.gradle\caches\modules-2\files-2.1\androidx.room\room-migration\2.6.1\8d8218e4ccfe9b34485619a8ca68f8760840301d\room-migration-2.6.1.jar because:
  Build cache is disabled
Caching disabled for JetifyTransform: C:\Users\user\.gradle\caches\modules-2\files-2.1\androidx.room\room-compiler-processing\2.6.1\64891dd45a3adbb4137f338563b6d716dca7c456\room-compiler-processing-2.6.1.jar because:
  Build cache is disabled
Caching disabled for JetifyTransform: C:\Users\user\.gradle\caches\modules-2\files-2.1\androidx.room\room-compiler\2.6.1\d789379e27b40fa5cc6e17f4c56988d6500a4036\room-compiler-2.6.1.jar because:
  Build cache is disabled
Skipping JetifyTransform: C:\Users\user\.gradle\caches\modules-2\files-2.1\androidx.room\room-compiler-processing\2.6.1\64891dd45a3adbb4137f338563b6d716dca7c456\room-compiler-processing-2.6.1.jar as it is up-to-date.
Skipping JetifyTransform: C:\Users\user\.gradle\caches\modules-2\files-2.1\androidx.room\room-compiler\2.6.1\d789379e27b40fa5cc6e17f4c56988d6500a4036\room-compiler-2.6.1.jar as it is up-to-date.
Skipping JetifyTransform: C:\Users\user\.gradle\caches\modules-2\files-2.1\androidx.room\room-migration\2.6.1\8d8218e4ccfe9b34485619a8ca68f8760840301d\room-migration-2.6.1.jar as it is up-to-date.
Caching disabled for JetifyTransform: C:\Users\user\.gradle\caches\modules-2\files-2.1\com.google.dagger\dagger-compiler\2.49\59559d7604e616a0e462ad2c3928f33889432c9d\dagger-compiler-2.49.jar because:
  Build cache is disabled
Skipping JetifyTransform: C:\Users\user\.gradle\caches\modules-2\files-2.1\com.google.dagger\hilt-android-compiler\2.49\eaff2892d81a81ec3718df231f615d0823263b9e\hilt-android-compiler-2.49.jar as it is up-to-date.
Caching disabled for JetifyTransform: C:\Users\user\.gradle\caches\modules-2\files-2.1\com.google.auto\auto-common\0.11\345a7dc983e11c123c8000a53383cc2b83848caf\auto-common-0.11.jar because:
  Build cache is disabled
Transforming kotlin-stdlib-jdk8-1.9.0.jar (org.jetbrains.kotlin:kotlin-stdlib-jdk8:1.9.0) with JetifyTransform
Skipping JetifyTransform: C:\Users\user\.gradle\caches\modules-2\files-2.1\com.google.auto\auto-common\0.11\345a7dc983e11c123c8000a53383cc2b83848caf\auto-common-0.11.jar as it is up-to-date.
Skipping JetifyTransform: C:\Users\user\.gradle\caches\modules-2\files-2.1\com.google.dagger\dagger-compiler\2.49\59559d7604e616a0e462ad2c3928f33889432c9d\dagger-compiler-2.49.jar as it is up-to-date.
Caching disabled for JetifyTransform: C:\Users\user\.gradle\caches\modules-2\files-2.1\com.google.dagger\dagger-spi\2.49\6b7c54f2c1ee43a60aee90851993199f32c1e9d7\dagger-spi-2.49.jar because:
  Build cache is disabled
Caching disabled for JetifyTransform: C:\Users\user\.gradle\caches\modules-2\files-2.1\com.squareup\kotlinpoet-javapoet\1.14.2\e4481d491afe47e3dcce952c87628141dc16454b\kotlinpoet-javapoet-1.14.2.jar because:
  Build cache is disabled
Skipping JetifyTransform: C:\Users\user\.gradle\caches\modules-2\files-2.1\com.google.dagger\dagger-spi\2.49\6b7c54f2c1ee43a60aee90851993199f32c1e9d7\dagger-spi-2.49.jar as it is up-to-date.
Skipping JetifyTransform: C:\Users\user\.gradle\caches\modules-2\files-2.1\com.squareup\kotlinpoet-javapoet\1.14.2\e4481d491afe47e3dcce952c87628141dc16454b\kotlinpoet-javapoet-1.14.2.jar as it is up-to-date.
Transforming kotlin-reflect-1.8.21.jar (org.jetbrains.kotlin:kotlin-reflect:1.8.21) with JetifyTransform
Caching disabled for JetifyTransform: C:\Users\user\.gradle\caches\modules-2\files-2.1\com.google.googlejavaformat\google-java-format\1.5\fba7f130d29061d2d2ea384b4880c10cae92ef73\google-java-format-1.5.jar because:
  Build cache is disabled
Transforming kotlin-stdlib-jdk7-1.9.0.jar (org.jetbrains.kotlin:kotlin-stdlib-jdk7:1.9.0) with JetifyTransform
Transforming kotlin-stdlib-1.9.20.jar (org.jetbrains.kotlin:kotlin-stdlib:1.9.20) with JetifyTransform
Skipping JetifyTransform: C:\Users\user\.gradle\caches\modules-2\files-2.1\com.google.googlejavaformat\google-java-format\1.5\fba7f130d29061d2d2ea384b4880c10cae92ef73\google-java-format-1.5.jar as it is up-to-date.
Caching disabled for JetifyTransform: C:\Users\user\.gradle\caches\modules-2\files-2.1\com.google.guava\guava\31.1-jre\60458f877d055d0c9114d9e1a2efb737b4bc282c\guava-31.1-jre.jar because:
  Build cache is disabled
Caching disabled for JetifyTransform: C:\Users\user\.gradle\caches\modules-2\files-2.1\com.google.devtools.ksp\symbol-processing-api\1.9.20-1.0.14\d2ad74a4925af1a7cf0ff6212794d83a05a0a652\symbol-processing-api-1.9.20-1.0.14.jar because:
  Build cache is disabled
Transforming auto-value-annotations-1.6.3.jar (com.google.auto.value:auto-value-annotations:1.6.3) with JetifyTransform
Skipping JetifyTransform: C:\Users\user\.gradle\caches\modules-2\files-2.1\com.google.devtools.ksp\symbol-processing-api\1.9.20-1.0.14\d2ad74a4925af1a7cf0ff6212794d83a05a0a652\symbol-processing-api-1.9.20-1.0.14.jar as it is up-to-date.
Transforming annotations-12.0.jar (com.intellij:annotations:12.0) with JetifyTransform
Skipping JetifyTransform: C:\Users\user\.gradle\caches\modules-2\files-2.1\com.google.guava\guava\31.1-jre\60458f877d055d0c9114d9e1a2efb737b4bc282c\guava-31.1-jre.jar as it is up-to-date.
Transforming commons-codec-1.15.jar (commons-codec:commons-codec:1.15) with JetifyTransform
Transforming sqlite-jdbc-3.41.2.2.jar (org.xerial:sqlite-jdbc:3.41.2.2) with JetifyTransform
Transforming checker-compat-qual-2.5.5.jar (org.checkerframework:checker-compat-qual:2.5.5) with JetifyTransform
Transforming listenablefuture-9999.0-empty-to-avoid-conflict-with-guava.jar (com.google.guava:listenablefuture:9999.0-empty-to-avoid-conflict-with-guava) with JetifyTransform
Transforming checker-qual-3.12.0.jar (org.checkerframework:checker-qual:3.12.0) with JetifyTransform
Transforming error_prone_annotations-2.11.0.jar (com.google.errorprone:error_prone_annotations:2.11.0) with JetifyTransform
Transforming j2objc-annotations-1.3.jar (com.google.j2objc:j2objc-annotations:1.3) with JetifyTransform
Transforming annotations-13.0.jar (org.jetbrains:annotations:13.0) with JetifyTransform
Transforming annotation-1.3.0.jar (androidx.annotation:annotation:1.3.0) with JetifyTransform
Caching disabled for JetifyTransform: C:\Users\user\.gradle\caches\modules-2\files-2.1\org.jetbrains.kotlin\kotlin-stdlib-jdk8\1.9.0\e000bd084353d84c9e888f6fb341dc1f5b79d948\kotlin-stdlib-jdk8-1.9.0.jar because:
  Build cache is disabled
Transforming gson-2.9.0.jar (com.google.code.gson:gson:2.9.0) with JetifyTransform
Skipping JetifyTransform: C:\Users\user\.gradle\caches\modules-2\files-2.1\org.jetbrains.kotlin\kotlin-stdlib-jdk8\1.9.0\e000bd084353d84c9e888f6fb341dc1f5b79d948\kotlin-stdlib-jdk8-1.9.0.jar as it is up-to-date.
Transforming javac-shaded-9-dev-r4023-3.jar (com.google.errorprone:javac-shaded:9-dev-r4023-3) with JetifyTransform
Caching disabled for JetifyTransform: C:\Users\user\.gradle\caches\modules-2\files-2.1\net.ltgt.gradle.incap\incap\0.2\c73e3db9bee414d6ee27995d951fcdbee09acad\incap-0.2.jar because:
  Build cache is disabled
Caching disabled for JetifyTransform: C:\Users\user\.gradle\caches\modules-2\files-2.1\com.squareup\kotlinpoet\1.14.2\b6741951260d555a05932e39de177fc64ef450bd\kotlinpoet-1.14.2.jar because:
  Build cache is disabled
Skipping JetifyTransform: C:\Users\user\.gradle\caches\modules-2\files-2.1\net.ltgt.gradle.incap\incap\0.2\c73e3db9bee414d6ee27995d951fcdbee09acad\incap-0.2.jar as it is up-to-date.
Skipping JetifyTransform: C:\Users\user\.gradle\caches\modules-2\files-2.1\com.squareup\kotlinpoet\1.14.2\b6741951260d555a05932e39de177fc64ef450bd\kotlinpoet-1.14.2.jar as it is up-to-date.
Caching disabled for JetifyTransform: C:\Users\user\.gradle\caches\modules-2\files-2.1\org.jetbrains.kotlin\kotlin-reflect\1.8.21\662838019bc1141f8a311180d93b9e13765c7f55\kotlin-reflect-1.8.21.jar because:
  Build cache is disabled
Skipping JetifyTransform: C:\Users\user\.gradle\caches\modules-2\files-2.1\org.jetbrains.kotlin\kotlin-reflect\1.8.21\662838019bc1141f8a311180d93b9e13765c7f55\kotlin-reflect-1.8.21.jar as it is up-to-date.
Caching disabled for JetifyTransform: C:\Users\user\.gradle\caches\modules-2\files-2.1\com.squareup\javapoet\1.13.0\d6562d385049f35eb50403fa86bb11cce76b866a\javapoet-1.13.0.jar because:
  Build cache is disabled
Caching disabled for JetifyTransform: C:\Users\user\.gradle\caches\modules-2\files-2.1\org.jetbrains.kotlin\kotlin-stdlib-jdk7\1.9.0\f320478990d05e0cfaadd74f9619fd6027adbf37\kotlin-stdlib-jdk7-1.9.0.jar because:
  Build cache is disabled
Skipping JetifyTransform: C:\Users\user\.gradle\caches\modules-2\files-2.1\com.squareup\javapoet\1.13.0\d6562d385049f35eb50403fa86bb11cce76b866a\javapoet-1.13.0.jar as it is up-to-date.
Skipping JetifyTransform: C:\Users\user\.gradle\caches\modules-2\files-2.1\org.jetbrains.kotlin\kotlin-stdlib-jdk7\1.9.0\f320478990d05e0cfaadd74f9619fd6027adbf37\kotlin-stdlib-jdk7-1.9.0.jar as it is up-to-date.
Caching disabled for JetifyTransform: C:\Users\user\.gradle\caches\modules-2\files-2.1\org.jetbrains.kotlin\kotlin-stdlib\1.9.20\e58b4816ac517e9cc5df1db051120c63d4cde669\kotlin-stdlib-1.9.20.jar because:
  Build cache is disabled
Skipping JetifyTransform: C:\Users\user\.gradle\caches\modules-2\files-2.1\org.jetbrains.kotlin\kotlin-stdlib\1.9.20\e58b4816ac517e9cc5df1db051120c63d4cde669\kotlin-stdlib-1.9.20.jar as it is up-to-date.
Caching disabled for JetifyTransform: C:\Users\user\.gradle\caches\modules-2\files-2.1\commons-codec\commons-codec\1.15\49d94806b6e3dc933dacbd8acb0fdbab8ebd1e5d\commons-codec-1.15.jar because:
  Build cache is disabled
Skipping JetifyTransform: C:\Users\user\.gradle\caches\modules-2\files-2.1\commons-codec\commons-codec\1.15\49d94806b6e3dc933dacbd8acb0fdbab8ebd1e5d\commons-codec-1.15.jar as it is up-to-date.
Caching disabled for JetifyTransform: C:\Users\user\.gradle\caches\modules-2\files-2.1\com.google.errorprone\error_prone_annotations\2.11.0\c5a0ace696d3f8b1c1d8cc036d8c03cc0cbe6b69\error_prone_annotations-2.11.0.jar because:
  Build cache is disabled
Caching disabled for JetifyTransform: C:\Users\user\.gradle\caches\modules-2\files-2.1\com.google.auto.value\auto-value-annotations\1.6.3\b88c1bb7f149f6d2cc03898359283e57b08f39cc\auto-value-annotations-1.6.3.jar because:
  Build cache is disabled
Skipping JetifyTransform: C:\Users\user\.gradle\caches\modules-2\files-2.1\com.google.errorprone\error_prone_annotations\2.11.0\c5a0ace696d3f8b1c1d8cc036d8c03cc0cbe6b69\error_prone_annotations-2.11.0.jar as it is up-to-date.
Skipping JetifyTransform: C:\Users\user\.gradle\caches\modules-2\files-2.1\com.google.auto.value\auto-value-annotations\1.6.3\b88c1bb7f149f6d2cc03898359283e57b08f39cc\auto-value-annotations-1.6.3.jar as it is up-to-date.
Caching disabled for JetifyTransform: C:\Users\user\.gradle\caches\modules-2\files-2.1\org.checkerframework\checker-compat-qual\2.5.5\435dc33e3019c9f019e15f01aa111de9d6b2b79c\checker-compat-qual-2.5.5.jar because:
  Build cache is disabled
Skipping JetifyTransform: C:\Users\user\.gradle\caches\modules-2\files-2.1\org.checkerframework\checker-compat-qual\2.5.5\435dc33e3019c9f019e15f01aa111de9d6b2b79c\checker-compat-qual-2.5.5.jar as it is up-to-date.
Caching disabled for JetifyTransform: C:\Users\user\.gradle\caches\modules-2\files-2.1\androidx.annotation\annotation\1.3.0\21f49f5f9b85fc49de712539f79123119740595\annotation-1.3.0.jar because:
  Build cache is disabled
Skipping JetifyTransform: C:\Users\user\.gradle\caches\modules-2\files-2.1\androidx.annotation\annotation\1.3.0\21f49f5f9b85fc49de712539f79123119740595\annotation-1.3.0.jar as it is up-to-date.
Caching disabled for JetifyTransform: C:\Users\user\.gradle\caches\modules-2\files-2.1\com.intellij\annotations\12.0\bbcf6448f6d40abe506e2c83b70a3e8bfd2b4539\annotations-12.0.jar because:
  Build cache is disabled
Caching disabled for JetifyTransform: C:\Users\user\.gradle\caches\modules-2\files-2.1\org.xerial\sqlite-jdbc\3.41.2.2\ddeb8d3a3004f412ed19b4c98b3aec11d9452ab5\sqlite-jdbc-3.41.2.2.jar because:
  Build cache is disabled
Skipping JetifyTransform: C:\Users\user\.gradle\caches\modules-2\files-2.1\com.intellij\annotations\12.0\bbcf6448f6d40abe506e2c83b70a3e8bfd2b4539\annotations-12.0.jar as it is up-to-date.
Skipping JetifyTransform: C:\Users\user\.gradle\caches\modules-2\files-2.1\org.xerial\sqlite-jdbc\3.41.2.2\ddeb8d3a3004f412ed19b4c98b3aec11d9452ab5\sqlite-jdbc-3.41.2.2.jar as it is up-to-date.
Caching disabled for JetifyTransform: C:\Users\user\.gradle\caches\modules-2\files-2.1\com.google.errorprone\javac-shaded\9-dev-r4023-3\72b688efd290280a0afde5f9892b0fde6f362d1d\javac-shaded-9-dev-r4023-3.jar because:
  Build cache is disabled
Caching disabled for JetifyTransform: C:\Users\user\.gradle\caches\modules-2\files-2.1\com.google.code.gson\gson\2.9.0\8a1167e089096758b49f9b34066ef98b2f4b37aa\gson-2.9.0.jar because:
  Build cache is disabled
Skipping JetifyTransform: C:\Users\user\.gradle\caches\modules-2\files-2.1\com.google.errorprone\javac-shaded\9-dev-r4023-3\72b688efd290280a0afde5f9892b0fde6f362d1d\javac-shaded-9-dev-r4023-3.jar as it is up-to-date.
Caching disabled for JetifyTransform: C:\Users\user\.gradle\caches\modules-2\files-2.1\org.jetbrains\annotations\13.0\919f0dfe192fb4e063e7dacadee7f8bb9a2672a9\annotations-13.0.jar because:
  Build cache is disabled
Skipping JetifyTransform: C:\Users\user\.gradle\caches\modules-2\files-2.1\com.google.code.gson\gson\2.9.0\8a1167e089096758b49f9b34066ef98b2f4b37aa\gson-2.9.0.jar as it is up-to-date.
Skipping JetifyTransform: C:\Users\user\.gradle\caches\modules-2\files-2.1\org.jetbrains\annotations\13.0\919f0dfe192fb4e063e7dacadee7f8bb9a2672a9\annotations-13.0.jar as it is up-to-date.
Transforming material-1.11.0.aar (com.google.android.material:material:1.11.0) with JetifyTransform
Transforming material-1.11.0.aar (com.google.android.material:material:1.11.0) with AarToClassTransform
Transforming constraintlayout-2.0.1.aar (androidx.constraintlayout:constraintlayout:2.0.1) with JetifyTransform
Transforming constraintlayout-2.0.1.aar (androidx.constraintlayout:constraintlayout:2.0.1) with AarToClassTransform
Transforming appcompat-1.6.1.aar (androidx.appcompat:appcompat:1.6.1) with JetifyTransform
Transforming appcompat-1.6.1.aar (androidx.appcompat:appcompat:1.6.1) with AarToClassTransform
Transforming hilt-navigation-compose-1.1.0.aar (androidx.hilt:hilt-navigation-compose:1.1.0) with JetifyTransform
Transforming hilt-navigation-compose-1.1.0.aar (androidx.hilt:hilt-navigation-compose:1.1.0) with AarToClassTransform
Transforming hilt-navigation-1.1.0.aar (androidx.hilt:hilt-navigation:1.1.0) with JetifyTransform
Transforming hilt-navigation-1.1.0.aar (androidx.hilt:hilt-navigation:1.1.0) with AarToClassTransform
Transforming hilt-android-2.49.aar (com.google.dagger:hilt-android:2.49) with JetifyTransform
Transforming hilt-android-2.49.aar (com.google.dagger:hilt-android:2.49) with AarToClassTransform
Transforming viewpager2-1.0.0.aar (androidx.viewpager2:viewpager2:1.0.0) with JetifyTransform
Transforming viewpager2-1.0.0.aar (androidx.viewpager2:viewpager2:1.0.0) with AarToClassTransform
Transforming play-services-ads-22.6.0.aar (com.google.android.gms:play-services-ads:22.6.0) with JetifyTransform
Transforming play-services-ads-22.6.0.aar (com.google.android.gms:play-services-ads:22.6.0) with AarToClassTransform
Transforming play-services-appset-16.0.1.aar (com.google.android.gms:play-services-appset:16.0.1) with JetifyTransform
Transforming play-services-appset-16.0.1.aar (com.google.android.gms:play-services-appset:16.0.1) with AarToClassTransform
Transforming play-services-base-18.2.0.aar (com.google.android.gms:play-services-base:18.2.0) with JetifyTransform
Transforming play-services-base-18.2.0.aar (com.google.android.gms:play-services-base:18.2.0) with AarToClassTransform
Transforming play-services-base-18.2.0.aar (com.google.android.gms:play-services-base:18.2.0) with JetifyTransform
Transforming play-services-base-18.2.0.aar (com.google.android.gms:play-services-base:18.2.0) with AarToClassTransform
Transforming play-services-tasks-18.0.2.aar (com.google.android.gms:play-services-tasks:18.0.2) with JetifyTransform
Transforming play-services-tasks-18.0.2.aar (com.google.android.gms:play-services-tasks:18.0.2) with AarToClassTransform
Transforming play-services-tasks-18.0.2.aar (com.google.android.gms:play-services-tasks:18.0.2) with JetifyTransform
Transforming play-services-tasks-18.0.2.aar (com.google.android.gms:play-services-tasks:18.0.2) with AarToClassTransform
Transforming play-services-tasks-18.0.2.aar (com.google.android.gms:play-services-tasks:18.0.2) with JetifyTransform
Transforming play-services-tasks-18.0.2.aar (com.google.android.gms:play-services-tasks:18.0.2) with AarToClassTransform
Transforming play-services-ads-lite-22.6.0.aar (com.google.android.gms:play-services-ads-lite:22.6.0) with JetifyTransform
Caching disabled for AarToClassTransform: C:\Users\user\.gradle\caches\modules-2\files-2.1\androidx.constraintlayout\constraintlayout\2.0.1\fab633b1873e5c1fbe49d919fab85ed1f8cf47ca\constraintlayout-2.0.1.aar because:
  Build cache is disabled
Caching disabled for AarToClassTransform: C:\Users\user\.gradle\caches\modules-2\files-2.1\androidx.appcompat\appcompat\1.6.1\6c7577004b7ebbee5ed87d512b578dd20e3c8c31\appcompat-1.6.1.aar because:
  Build cache is disabled
Transforming play-services-ads-lite-22.6.0.aar (com.google.android.gms:play-services-ads-lite:22.6.0) with AarToClassTransform
Caching disabled for AarToClassTransform: C:\Users\user\.gradle\caches\transforms-3\f46647568c902cdbd165fc6d17ff62f6\transformed\jetified-hilt-navigation-1.1.0.aar because:
  Build cache is disabled
Caching disabled for AarToClassTransform: C:\Users\user\.gradle\caches\transforms-3\8703479fc05bfedc45f378d16d3920a7\transformed\jetified-hilt-navigation-compose-1.1.0.aar because:
  Build cache is disabled
Skipping AarToClassTransform: C:\Users\user\.gradle\caches\transforms-3\f46647568c902cdbd165fc6d17ff62f6\transformed\jetified-hilt-navigation-1.1.0.aar as it is up-to-date.
Skipping AarToClassTransform: C:\Users\user\.gradle\caches\modules-2\files-2.1\androidx.appcompat\appcompat\1.6.1\6c7577004b7ebbee5ed87d512b578dd20e3c8c31\appcompat-1.6.1.aar as it is up-to-date.
Skipping AarToClassTransform: C:\Users\user\.gradle\caches\modules-2\files-2.1\androidx.constraintlayout\constraintlayout\2.0.1\fab633b1873e5c1fbe49d919fab85ed1f8cf47ca\constraintlayout-2.0.1.aar as it is up-to-date.
Transforming play-services-ads-base-22.6.0.aar (com.google.android.gms:play-services-ads-base:22.6.0) with JetifyTransform
Skipping AarToClassTransform: C:\Users\user\.gradle\caches\transforms-3\8703479fc05bfedc45f378d16d3920a7\transformed\jetified-hilt-navigation-compose-1.1.0.aar as it is up-to-date.
Transforming play-services-ads-base-22.6.0.aar (com.google.android.gms:play-services-ads-base:22.6.0) with AarToClassTransform
Caching disabled for AarToClassTransform: C:\Users\user\.gradle\caches\transforms-3\69f0777ff229251775eeafe04fd45d45\transformed\jetified-hilt-android-2.49.aar because:
  Build cache is disabled
Transforming play-services-ads-base-22.6.0.aar (com.google.android.gms:play-services-ads-base:22.6.0) with JetifyTransform
Caching disabled for AarToClassTransform: C:\Users\user\.gradle\caches\modules-2\files-2.1\com.google.android.material\material\1.11.0\e46abb2e27abed3ad274ba96b169a4c61fbb11fd\material-1.11.0.aar because:
  Build cache is disabled
Transforming play-services-ads-base-22.6.0.aar (com.google.android.gms:play-services-ads-base:22.6.0) with AarToClassTransform
Caching disabled for AarToClassTransform: C:\Users\user\.gradle\caches\transforms-3\d82ddde7da14eda94f3cca4ae01b694f\transformed\jetified-viewpager2-1.0.0.aar because:
  Build cache is disabled
Skipping AarToClassTransform: C:\Users\user\.gradle\caches\modules-2\files-2.1\com.google.android.material\material\1.11.0\e46abb2e27abed3ad274ba96b169a4c61fbb11fd\material-1.11.0.aar as it is up-to-date.
Skipping AarToClassTransform: C:\Users\user\.gradle\caches\transforms-3\69f0777ff229251775eeafe04fd45d45\transformed\jetified-hilt-android-2.49.aar as it is up-to-date.
Caching disabled for AarToClassTransform: C:\Users\user\.gradle\caches\transforms-3\d3e8b3030454882f18c17b804f4269a0\transformed\jetified-play-services-ads-22.6.0.aar because:
  Build cache is disabled
Caching disabled for AarToClassTransform: C:\Users\user\.gradle\caches\transforms-3\9c5c22aa837753835ca871a8ed9398ae\transformed\jetified-play-services-appset-16.0.1.aar because:
  Build cache is disabled
Skipping AarToClassTransform: C:\Users\user\.gradle\caches\transforms-3\9c5c22aa837753835ca871a8ed9398ae\transformed\jetified-play-services-appset-16.0.1.aar as it is up-to-date.
Caching disabled for AarToClassTransform: C:\Users\user\.gradle\caches\transforms-3\61271fcaa8905c3b5cac30b730ce8a4d\transformed\jetified-play-services-base-18.2.0.aar because:
  Build cache is disabled
Skipping AarToClassTransform: C:\Users\user\.gradle\caches\transforms-3\61271fcaa8905c3b5cac30b730ce8a4d\transformed\jetified-play-services-base-18.2.0.aar as it is up-to-date.
Caching disabled for AarToClassTransform: C:\Users\user\.gradle\caches\transforms-3\611e91890af6e59cf0249d392aecd2e1\transformed\jetified-play-services-tasks-18.0.2.aar because:
  Build cache is disabled
Skipping AarToClassTransform: C:\Users\user\.gradle\caches\transforms-3\d82ddde7da14eda94f3cca4ae01b694f\transformed\jetified-viewpager2-1.0.0.aar as it is up-to-date.
Transforming user-messaging-platform-2.1.0.aar (com.google.android.ump:user-messaging-platform:2.1.0) with JetifyTransform
Skipping AarToClassTransform: C:\Users\user\.gradle\caches\transforms-3\611e91890af6e59cf0249d392aecd2e1\transformed\jetified-play-services-tasks-18.0.2.aar as it is up-to-date.
Transforming user-messaging-platform-2.1.0.aar (com.google.android.ump:user-messaging-platform:2.1.0) with AarToClassTransform
Skipping AarToClassTransform: C:\Users\user\.gradle\caches\transforms-3\d3e8b3030454882f18c17b804f4269a0\transformed\jetified-play-services-ads-22.6.0.aar as it is up-to-date.
Transforming play-services-ads-identifier-18.0.0.aar (com.google.android.gms:play-services-ads-identifier:18.0.0) with JetifyTransform
Caching disabled for AarToClassTransform: C:\Users\user\.gradle\caches\transforms-3\cc8f2761067710b6744b3a67b3790448\transformed\jetified-play-services-ads-lite-22.6.0.aar because:
  Build cache is disabled
Skipping AarToClassTransform: C:\Users\user\.gradle\caches\transforms-3\cc8f2761067710b6744b3a67b3790448\transformed\jetified-play-services-ads-lite-22.6.0.aar as it is up-to-date.
Transforming play-services-ads-identifier-18.0.0.aar (com.google.android.gms:play-services-ads-identifier:18.0.0) with AarToClassTransform
Transforming play-services-ads-identifier-18.0.0.aar (com.google.android.gms:play-services-ads-identifier:18.0.0) with JetifyTransform
Transforming play-services-ads-identifier-18.0.0.aar (com.google.android.gms:play-services-ads-identifier:18.0.0) with AarToClassTransform
Transforming play-services-measurement-sdk-api-20.1.2.aar (com.google.android.gms:play-services-measurement-sdk-api:20.1.2) with JetifyTransform
Transforming play-services-measurement-sdk-api-20.1.2.aar (com.google.android.gms:play-services-measurement-sdk-api:20.1.2) with AarToClassTransform
Transforming play-services-measurement-base-20.1.2.aar (com.google.android.gms:play-services-measurement-base:20.1.2) with JetifyTransform
Transforming play-services-measurement-base-20.1.2.aar (com.google.android.gms:play-services-measurement-base:20.1.2) with AarToClassTransform
Transforming play-services-basement-18.2.0.aar (com.google.android.gms:play-services-basement:18.2.0) with JetifyTransform
Transforming play-services-basement-18.2.0.aar (com.google.android.gms:play-services-basement:18.2.0) with AarToClassTransform
Caching disabled for AarToClassTransform: C:\Users\user\.gradle\caches\transforms-3\1cd0726061e8774a9fd1adffd0f36036\transformed\jetified-play-services-ads-base-22.6.0.aar because:
  Build cache is disabled
Caching disabled for AarToClassTransform: C:\Users\user\.gradle\caches\transforms-3\6a690031960121bfaddf2d9082e2491b\transformed\jetified-user-messaging-platform-2.1.0.aar because:
  Build cache is disabled
Skipping AarToClassTransform: C:\Users\user\.gradle\caches\transforms-3\1cd0726061e8774a9fd1adffd0f36036\transformed\jetified-play-services-ads-base-22.6.0.aar as it is up-to-date.
Transforming play-services-basement-18.2.0.aar (com.google.android.gms:play-services-basement:18.2.0) with JetifyTransform
Skipping AarToClassTransform: C:\Users\user\.gradle\caches\transforms-3\6a690031960121bfaddf2d9082e2491b\transformed\jetified-user-messaging-platform-2.1.0.aar as it is up-to-date.
Transforming play-services-basement-18.2.0.aar (com.google.android.gms:play-services-basement:18.2.0) with AarToClassTransform
Transforming play-services-basement-18.2.0.aar (com.google.android.gms:play-services-basement:18.2.0) with JetifyTransform
Transforming play-services-basement-18.2.0.aar (com.google.android.gms:play-services-basement:18.2.0) with AarToClassTransform
Caching disabled for AarToClassTransform: C:\Users\user\.gradle\caches\transforms-3\1a489187f48f91f164581add09f4f409\transformed\jetified-play-services-ads-identifier-18.0.0.aar because:
  Build cache is disabled
Transforming play-services-basement-18.2.0.aar (com.google.android.gms:play-services-basement:18.2.0) with JetifyTransform
Transforming play-services-basement-18.2.0.aar (com.google.android.gms:play-services-basement:18.2.0) with AarToClassTransform
Skipping AarToClassTransform: C:\Users\user\.gradle\caches\transforms-3\1a489187f48f91f164581add09f4f409\transformed\jetified-play-services-ads-identifier-18.0.0.aar as it is up-to-date.
Caching disabled for AarToClassTransform: C:\Users\user\.gradle\caches\transforms-3\932a7d915eb61cfaf903019a7bfd8dd0\transformed\jetified-play-services-measurement-sdk-api-20.1.2.aar because:
  Build cache is disabled
Transforming play-services-basement-18.2.0.aar (com.google.android.gms:play-services-basement:18.2.0) with JetifyTransform
Skipping AarToClassTransform: C:\Users\user\.gradle\caches\transforms-3\932a7d915eb61cfaf903019a7bfd8dd0\transformed\jetified-play-services-measurement-sdk-api-20.1.2.aar as it is up-to-date.
Transforming play-services-basement-18.2.0.aar (com.google.android.gms:play-services-basement:18.2.0) with AarToClassTransform
Transforming play-services-basement-18.2.0.aar (com.google.android.gms:play-services-basement:18.2.0) with JetifyTransform
Transforming play-services-basement-18.2.0.aar (com.google.android.gms:play-services-basement:18.2.0) with AarToClassTransform
Transforming play-services-basement-18.2.0.aar (com.google.android.gms:play-services-basement:18.2.0) with JetifyTransform
Transforming play-services-basement-18.2.0.aar (com.google.android.gms:play-services-basement:18.2.0) with AarToClassTransform
Transforming play-services-basement-18.2.0.aar (com.google.android.gms:play-services-basement:18.2.0) with JetifyTransform
Transforming play-services-basement-18.2.0.aar (com.google.android.gms:play-services-basement:18.2.0) with AarToClassTransform
Caching disabled for AarToClassTransform: C:\Users\user\.gradle\caches\transforms-3\07d668fa46fe3c1fc1a5d82f23d4805f\transformed\jetified-play-services-measurement-base-20.1.2.aar because:
  Build cache is disabled
Caching disabled for AarToClassTransform: C:\Users\user\.gradle\caches\transforms-3\3fdee7e1a2e667bb766a44ff6d06c53c\transformed\jetified-play-services-basement-18.2.0.aar because:
  Build cache is disabled
Transforming play-services-basement-18.2.0.aar (com.google.android.gms:play-services-basement:18.2.0) with JetifyTransform
Skipping AarToClassTransform: C:\Users\user\.gradle\caches\transforms-3\3fdee7e1a2e667bb766a44ff6d06c53c\transformed\jetified-play-services-basement-18.2.0.aar as it is up-to-date.
Skipping AarToClassTransform: C:\Users\user\.gradle\caches\transforms-3\07d668fa46fe3c1fc1a5d82f23d4805f\transformed\jetified-play-services-measurement-base-20.1.2.aar as it is up-to-date.
Transforming play-services-basement-18.2.0.aar (com.google.android.gms:play-services-basement:18.2.0) with AarToClassTransform
Transforming play-services-basement-18.2.0.aar (com.google.android.gms:play-services-basement:18.2.0) with JetifyTransform
Transforming play-services-basement-18.2.0.aar (com.google.android.gms:play-services-basement:18.2.0) with AarToClassTransform
Transforming fragment-1.5.1.aar (androidx.fragment:fragment:1.5.1) with JetifyTransform
Transforming fragment-1.5.1.aar (androidx.fragment:fragment:1.5.1) with AarToClassTransform
Transforming fragment-1.5.1.aar (androidx.fragment:fragment:1.5.1) with JetifyTransform
Transforming fragment-1.5.1.aar (androidx.fragment:fragment:1.5.1) with AarToClassTransform
Transforming fragment-1.5.1.aar (androidx.fragment:fragment:1.5.1) with JetifyTransform
Transforming fragment-1.5.1.aar (androidx.fragment:fragment:1.5.1) with AarToClassTransform
Transforming fragment-1.5.1.aar (androidx.fragment:fragment:1.5.1) with JetifyTransform
Transforming fragment-1.5.1.aar (androidx.fragment:fragment:1.5.1) with AarToClassTransform
Transforming navigation-common-2.7.6.aar (androidx.navigation:navigation-common:2.7.6) with JetifyTransform
Transforming navigation-common-2.7.6.aar (androidx.navigation:navigation-common:2.7.6) with AarToClassTransform
Transforming navigation-runtime-2.7.6.aar (androidx.navigation:navigation-runtime:2.7.6) with JetifyTransform
Transforming navigation-runtime-2.7.6.aar (androidx.navigation:navigation-runtime:2.7.6) with AarToClassTransform
Transforming navigation-common-ktx-2.7.6.aar (androidx.navigation:navigation-common-ktx:2.7.6) with JetifyTransform
Transforming navigation-common-ktx-2.7.6.aar (androidx.navigation:navigation-common-ktx:2.7.6) with AarToClassTransform
Transforming navigation-runtime-ktx-2.7.6.aar (androidx.navigation:navigation-runtime-ktx:2.7.6) with JetifyTransform
Transforming navigation-runtime-ktx-2.7.6.aar (androidx.navigation:navigation-runtime-ktx:2.7.6) with AarToClassTransform
Transforming navigation-compose-2.7.6.aar (androidx.navigation:navigation-compose:2.7.6) with JetifyTransform
Transforming navigation-compose-2.7.6.aar (androidx.navigation:navigation-compose:2.7.6) with AarToClassTransform
Transforming activity-1.8.2.aar (androidx.activity:activity:1.8.2) with JetifyTransform
Transforming activity-1.8.2.aar (androidx.activity:activity:1.8.2) with AarToClassTransform
Transforming activity-compose-1.8.2.aar (androidx.activity:activity-compose:1.8.2) with JetifyTransform
Transforming activity-compose-1.8.2.aar (androidx.activity:activity-compose:1.8.2) with AarToClassTransform
Caching disabled for AarToClassTransform: C:\Users\user\.gradle\caches\modules-2\files-2.1\androidx.fragment\fragment\1.5.1\39660bdcb1ed2c71e181ec3ac7dbfa65fc0f701f\fragment-1.5.1.aar because:
  Build cache is disabled
Skipping AarToClassTransform: C:\Users\user\.gradle\caches\modules-2\files-2.1\androidx.fragment\fragment\1.5.1\39660bdcb1ed2c71e181ec3ac7dbfa65fc0f701f\fragment-1.5.1.aar as it is up-to-date.
Transforming activity-ktx-1.8.2.aar (androidx.activity:activity-ktx:1.8.2) with JetifyTransform
Transforming activity-ktx-1.8.2.aar (androidx.activity:activity-ktx:1.8.2) with AarToClassTransform
Transforming room-common-2.6.1.jar (androidx.room:room-common:2.6.1) with JetifyTransform
Transforming room-common-2.6.1.jar (androidx.room:room-common:2.6.1) with IdentityTransform
Transforming room-ktx-2.6.1.aar (androidx.room:room-ktx:2.6.1) with JetifyTransform
Transforming room-ktx-2.6.1.aar (androidx.room:room-ktx:2.6.1) with AarToClassTransform
Caching disabled for AarToClassTransform: C:\Users\user\.gradle\caches\modules-2\files-2.1\androidx.navigation\navigation-common-ktx\2.7.6\d2a5c5a1ad654392d76b922162d1083bcc367bf8\navigation-common-ktx-2.7.6.aar because:
  Build cache is disabled
Transforming room-runtime-2.6.1.aar (androidx.room:room-runtime:2.6.1) with JetifyTransform
Caching disabled for AarToClassTransform: C:\Users\user\.gradle\caches\modules-2\files-2.1\androidx.navigation\navigation-common\2.7.6\2eecee45d32487df750c718a19cb1e11f238c4ca\navigation-common-2.7.6.aar because:
  Build cache is disabled
Caching disabled for AarToClassTransform: C:\Users\user\.gradle\caches\modules-2\files-2.1\androidx.navigation\navigation-runtime-ktx\2.7.6\b41134cb853acff7f2a8034dac311bc76d53972e\navigation-runtime-ktx-2.7.6.aar because:
  Build cache is disabled
Skipping AarToClassTransform: C:\Users\user\.gradle\caches\modules-2\files-2.1\androidx.navigation\navigation-common-ktx\2.7.6\d2a5c5a1ad654392d76b922162d1083bcc367bf8\navigation-common-ktx-2.7.6.aar as it is up-to-date.
Skipping AarToClassTransform: C:\Users\user\.gradle\caches\modules-2\files-2.1\androidx.navigation\navigation-runtime-ktx\2.7.6\b41134cb853acff7f2a8034dac311bc76d53972e\navigation-runtime-ktx-2.7.6.aar as it is up-to-date.
Transforming room-runtime-2.6.1.aar (androidx.room:room-runtime:2.6.1) with AarToClassTransform
Caching disabled for AarToClassTransform: C:\Users\user\.gradle\caches\modules-2\files-2.1\androidx.navigation\navigation-runtime\2.7.6\4cb5888903afcbf2ef96e7420b3f1998e4431a97\navigation-runtime-2.7.6.aar because:
  Build cache is disabled
Transforming room-paging-2.6.1.aar (androidx.room:room-paging:2.6.1) with JetifyTransform
Skipping AarToClassTransform: C:\Users\user\.gradle\caches\modules-2\files-2.1\androidx.navigation\navigation-runtime\2.7.6\4cb5888903afcbf2ef96e7420b3f1998e4431a97\navigation-runtime-2.7.6.aar as it is up-to-date.
Caching disabled for AarToClassTransform: C:\Users\user\.gradle\caches\transforms-3\635743f1662fa06f1b77dc6b9f1ee188\transformed\jetified-activity-1.8.2.aar because:
  Build cache is disabled
Caching disabled for AarToClassTransform: C:\Users\user\.gradle\caches\transforms-3\be88080fa349fdda78660acba9c2bea4\transformed\jetified-navigation-compose-2.7.6.aar because:
  Build cache is disabled
Skipping AarToClassTransform: C:\Users\user\.gradle\caches\transforms-3\635743f1662fa06f1b77dc6b9f1ee188\transformed\jetified-activity-1.8.2.aar as it is up-to-date.
Skipping AarToClassTransform: C:\Users\user\.gradle\caches\modules-2\files-2.1\androidx.navigation\navigation-common\2.7.6\2eecee45d32487df750c718a19cb1e11f238c4ca\navigation-common-2.7.6.aar as it is up-to-date.
Skipping AarToClassTransform: C:\Users\user\.gradle\caches\transforms-3\be88080fa349fdda78660acba9c2bea4\transformed\jetified-navigation-compose-2.7.6.aar as it is up-to-date.
Transforming room-paging-2.6.1.aar (androidx.room:room-paging:2.6.1) with AarToClassTransform
Transforming paging-common-ktx-3.2.1.jar (androidx.paging:paging-common-ktx:3.2.1) with JetifyTransform
Transforming paging-common-ktx-3.2.1.jar (androidx.paging:paging-common-ktx:3.2.1) with IdentityTransform
Transforming paging-runtime-3.2.1.aar (androidx.paging:paging-runtime:3.2.1) with JetifyTransform
Transforming paging-runtime-3.2.1.aar (androidx.paging:paging-runtime:3.2.1) with AarToClassTransform
Caching disabled for AarToClassTransform: C:\Users\user\.gradle\caches\transforms-3\8cc8b512882d99d69412b505acddd976\transformed\jetified-room-ktx-2.6.1.aar because:
  Build cache is disabled
Transforming paging-common-3.2.1.jar (androidx.paging:paging-common:3.2.1) with JetifyTransform
Caching disabled for AarToClassTransform: C:\Users\user\.gradle\caches\transforms-3\d5b96462afb12e34fafa301a6432dccb\transformed\jetified-activity-ktx-1.8.2.aar because:
  Build cache is disabled
Transforming paging-common-3.2.1.jar (androidx.paging:paging-common:3.2.1) with IdentityTransform
Skipping AarToClassTransform: C:\Users\user\.gradle\caches\transforms-3\d5b96462afb12e34fafa301a6432dccb\transformed\jetified-activity-ktx-1.8.2.aar as it is up-to-date.
Transforming paging-runtime-ktx-3.2.1.aar (androidx.paging:paging-runtime-ktx:3.2.1) with JetifyTransform
Caching disabled for AarToClassTransform: C:\Users\user\.gradle\caches\transforms-3\a565b936f1170809d6cd0d476a4fa53c\transformed\jetified-activity-compose-1.8.2.aar because:
  Build cache is disabled
Caching disabled for AarToClassTransform: C:\Users\user\.gradle\caches\modules-2\files-2.1\androidx.room\room-runtime\2.6.1\3ebcd7683411c298dd8aeee635f452c96eaf319\room-runtime-2.6.1.aar because:
  Build cache is disabled
Skipping AarToClassTransform: C:\Users\user\.gradle\caches\transforms-3\a565b936f1170809d6cd0d476a4fa53c\transformed\jetified-activity-compose-1.8.2.aar as it is up-to-date.
Transforming paging-runtime-ktx-3.2.1.aar (androidx.paging:paging-runtime-ktx:3.2.1) with AarToClassTransform
Skipping AarToClassTransform: C:\Users\user\.gradle\caches\transforms-3\8cc8b512882d99d69412b505acddd976\transformed\jetified-room-ktx-2.6.1.aar as it is up-to-date.
Skipping AarToClassTransform: C:\Users\user\.gradle\caches\modules-2\files-2.1\androidx.room\room-runtime\2.6.1\3ebcd7683411c298dd8aeee635f452c96eaf319\room-runtime-2.6.1.aar as it is up-to-date.
Transforming paging-compose-3.2.1.aar (androidx.paging:paging-compose:3.2.1) with JetifyTransform
Transforming paging-compose-3.2.1.aar (androidx.paging:paging-compose:3.2.1) with AarToClassTransform
Transforming material3-release.aar (androidx.compose.material3:material3-android:1.2.0) with JetifyTransform
Transforming material3-release.aar (androidx.compose.material3:material3-android:1.2.0) with AarToClassTransform
Caching disabled for AarToClassTransform: C:\Users\user\.gradle\caches\transforms-3\3dc0501c76e929524b437f24196d70ff\transformed\jetified-room-paging-2.6.1.aar because:
  Build cache is disabled
Transforming material-ripple-release.aar (androidx.compose.material:material-ripple-android:1.6.1) with JetifyTransform
Skipping AarToClassTransform: C:\Users\user\.gradle\caches\transforms-3\3dc0501c76e929524b437f24196d70ff\transformed\jetified-room-paging-2.6.1.aar as it is up-to-date.
Transforming material-ripple-release.aar (androidx.compose.material:material-ripple-android:1.6.1) with AarToClassTransform
Transforming material-icons-core-release.aar (androidx.compose.material:material-icons-core-android:1.6.1) with JetifyTransform
Caching disabled for AarToClassTransform: C:\Users\user\.gradle\caches\modules-2\files-2.1\androidx.paging\paging-runtime\3.2.1\d443532f0cf032fa47344b6e329bf0cb67ee638b\paging-runtime-3.2.1.aar because:
  Build cache is disabled
Transforming material-icons-core-release.aar (androidx.compose.material:material-icons-core-android:1.6.1) with AarToClassTransform
Skipping AarToClassTransform: C:\Users\user\.gradle\caches\modules-2\files-2.1\androidx.paging\paging-runtime\3.2.1\d443532f0cf032fa47344b6e329bf0cb67ee638b\paging-runtime-3.2.1.aar as it is up-to-date.
Transforming material-release.aar (androidx.compose.material:material-android:1.6.1) with JetifyTransform
Transforming material-release.aar (androidx.compose.material:material-android:1.6.1) with AarToClassTransform
Transforming coil-compose-2.5.0.aar (io.coil-kt:coil-compose:2.5.0) with JetifyTransform
Transforming coil-compose-2.5.0.aar (io.coil-kt:coil-compose:2.5.0) with AarToClassTransform
Transforming coil-compose-base-2.5.0.aar (io.coil-kt:coil-compose-base:2.5.0) with JetifyTransform
Transforming coil-compose-base-2.5.0.aar (io.coil-kt:coil-compose-base:2.5.0) with AarToClassTransform
Caching disabled for AarToClassTransform: C:\Users\user\.gradle\caches\transforms-3\fef780525d70977df774a3b3b3e6b579\transformed\jetified-paging-runtime-ktx-3.2.1.aar because:
  Build cache is disabled
Skipping AarToClassTransform: C:\Users\user\.gradle\caches\transforms-3\fef780525d70977df774a3b3b3e6b579\transformed\jetified-paging-runtime-ktx-3.2.1.aar as it is up-to-date.
Transforming foundation-layout-release.aar (androidx.compose.foundation:foundation-layout-android:1.6.1) with JetifyTransform
Transforming foundation-layout-release.aar (androidx.compose.foundation:foundation-layout-android:1.6.1) with AarToClassTransform
Transforming foundation-release.aar (androidx.compose.foundation:foundation-android:1.6.1) with JetifyTransform
Transforming foundation-release.aar (androidx.compose.foundation:foundation-android:1.6.1) with AarToClassTransform
Caching disabled for AarToClassTransform: C:\Users\user\.gradle\caches\transforms-3\1ecd7f2c9c3b9b8dbba76bd63f38663f\transformed\jetified-material-ripple-release.aar because:
  Build cache is disabled
Skipping AarToClassTransform: C:\Users\user\.gradle\caches\transforms-3\1ecd7f2c9c3b9b8dbba76bd63f38663f\transformed\jetified-material-ripple-release.aar as it is up-to-date.
Caching disabled for AarToClassTransform: C:\Users\user\.gradle\caches\transforms-3\1c165f469a0d1ab5f2a6a8759b5982a5\transformed\jetified-paging-compose-3.2.1.aar because:
  Build cache is disabled
Caching disabled for AarToClassTransform: C:\Users\user\.gradle\caches\transforms-3\063821bd26541215de873b02f8ffafa4\transformed\jetified-material-icons-core-release.aar because:
  Build cache is disabled
Skipping AarToClassTransform: C:\Users\user\.gradle\caches\transforms-3\1c165f469a0d1ab5f2a6a8759b5982a5\transformed\jetified-paging-compose-3.2.1.aar as it is up-to-date.
Skipping AarToClassTransform: C:\Users\user\.gradle\caches\transforms-3\063821bd26541215de873b02f8ffafa4\transformed\jetified-material-icons-core-release.aar as it is up-to-date.
Caching disabled for AarToClassTransform: C:\Users\user\.gradle\caches\transforms-3\9813d251edccd767ce84f892b092707a\transformed\jetified-material3-release.aar because:
  Build cache is disabled
Skipping AarToClassTransform: C:\Users\user\.gradle\caches\transforms-3\9813d251edccd767ce84f892b092707a\transformed\jetified-material3-release.aar as it is up-to-date.
Transforming animation-core-release.aar (androidx.compose.animation:animation-core-android:1.6.1) with JetifyTransform
Transforming animation-core-release.aar (androidx.compose.animation:animation-core-android:1.6.1) with AarToClassTransform
Transforming animation-release.aar (androidx.compose.animation:animation-android:1.6.1) with JetifyTransform
Transforming animation-release.aar (androidx.compose.animation:animation-android:1.6.1) with AarToClassTransform
Transforming ui-util-release.aar (androidx.compose.ui:ui-util-android:1.6.1) with JetifyTransform
Caching disabled for AarToClassTransform: C:\Users\user\.gradle\caches\transforms-3\1db05b8da6febfd9727417c3f1e9b103\transformed\jetified-material-release.aar because:
  Build cache is disabled
Transforming ui-util-release.aar (androidx.compose.ui:ui-util-android:1.6.1) with AarToClassTransform
Skipping AarToClassTransform: C:\Users\user\.gradle\caches\transforms-3\1db05b8da6febfd9727417c3f1e9b103\transformed\jetified-material-release.aar as it is up-to-date.
Transforming ui-unit-release.aar (androidx.compose.ui:ui-unit-android:1.6.1) with JetifyTransform
Transforming ui-unit-release.aar (androidx.compose.ui:ui-unit-android:1.6.1) with AarToClassTransform
Transforming ui-text-release.aar (androidx.compose.ui:ui-text-android:1.6.1) with JetifyTransform
Transforming ui-text-release.aar (androidx.compose.ui:ui-text-android:1.6.1) with AarToClassTransform
Transforming ui-geometry-release.aar (androidx.compose.ui:ui-geometry-android:1.6.1) with JetifyTransform
Transforming ui-geometry-release.aar (androidx.compose.ui:ui-geometry-android:1.6.1) with AarToClassTransform
Caching disabled for AarToClassTransform: C:\Users\user\.gradle\caches\transforms-3\8d7983209f8bafe0af6b6aa324dcbfc2\transformed\jetified-foundation-release.aar because:
  Build cache is disabled
Caching disabled for AarToClassTransform: C:\Users\user\.gradle\caches\transforms-3\0d6660770032877c8bd659e064b2816a\transformed\jetified-coil-compose-2.5.0.aar because:
  Build cache is disabled
Skipping AarToClassTransform: C:\Users\user\.gradle\caches\transforms-3\8d7983209f8bafe0af6b6aa324dcbfc2\transformed\jetified-foundation-release.aar as it is up-to-date.
Transforming ui-graphics-release.aar (androidx.compose.ui:ui-graphics-android:1.6.1) with JetifyTransform
Skipping AarToClassTransform: C:\Users\user\.gradle\caches\transforms-3\0d6660770032877c8bd659e064b2816a\transformed\jetified-coil-compose-2.5.0.aar as it is up-to-date.
Transforming ui-graphics-release.aar (androidx.compose.ui:ui-graphics-android:1.6.1) with AarToClassTransform
Transforming ui-release.aar (androidx.compose.ui:ui-android:1.6.1) with JetifyTransform
Transforming ui-release.aar (androidx.compose.ui:ui-android:1.6.1) with AarToClassTransform
Transforming ui-tooling-preview-release.aar (androidx.compose.ui:ui-tooling-preview-android:1.6.1) with JetifyTransform
Transforming ui-tooling-preview-release.aar (androidx.compose.ui:ui-tooling-preview-android:1.6.1) with AarToClassTransform
Transforming runtime-saveable-release.aar (androidx.compose.runtime:runtime-saveable-android:1.6.1) with JetifyTransform
Transforming runtime-saveable-release.aar (androidx.compose.runtime:runtime-saveable-android:1.6.1) with AarToClassTransform
Caching disabled for AarToClassTransform: C:\Users\user\.gradle\caches\transforms-3\623aee7c30918b0bc372641a54efb960\transformed\jetified-coil-compose-base-2.5.0.aar because:
  Build cache is disabled
Transforming runtime-release.aar (androidx.compose.runtime:runtime-android:1.6.1) with JetifyTransform
Skipping AarToClassTransform: C:\Users\user\.gradle\caches\transforms-3\623aee7c30918b0bc372641a54efb960\transformed\jetified-coil-compose-base-2.5.0.aar as it is up-to-date.
Caching disabled for AarToClassTransform: C:\Users\user\.gradle\caches\transforms-3\4decf918e3504277ff442969dbb0b64b\transformed\jetified-foundation-layout-release.aar because:
  Build cache is disabled
Skipping AarToClassTransform: C:\Users\user\.gradle\caches\transforms-3\4decf918e3504277ff442969dbb0b64b\transformed\jetified-foundation-layout-release.aar as it is up-to-date.
Transforming runtime-release.aar (androidx.compose.runtime:runtime-android:1.6.1) with AarToClassTransform
Caching disabled for AarToClassTransform: C:\Users\user\.gradle\caches\transforms-3\426ce391878339f3c3763bed50de3702\transformed\jetified-ui-util-release.aar because:
  Build cache is disabled
Transforming runtime-livedata-1.6.1.aar (androidx.compose.runtime:runtime-livedata:1.6.1) with JetifyTransform
Skipping AarToClassTransform: C:\Users\user\.gradle\caches\transforms-3\426ce391878339f3c3763bed50de3702\transformed\jetified-ui-util-release.aar as it is up-to-date.
Caching disabled for AarToClassTransform: C:\Users\user\.gradle\caches\transforms-3\46ab0f5b4f9f580eda14c33aad43a411\transformed\jetified-ui-geometry-release.aar because:
  Build cache is disabled
Skipping AarToClassTransform: C:\Users\user\.gradle\caches\transforms-3\46ab0f5b4f9f580eda14c33aad43a411\transformed\jetified-ui-geometry-release.aar as it is up-to-date.
Transforming runtime-livedata-1.6.1.aar (androidx.compose.runtime:runtime-livedata:1.6.1) with AarToClassTransform
Caching disabled for AarToClassTransform: C:\Users\user\.gradle\caches\transforms-3\a42298fe51b5435229ea73c3dead67aa\transformed\jetified-ui-text-release.aar because:
  Build cache is disabled
Caching disabled for AarToClassTransform: C:\Users\user\.gradle\caches\transforms-3\76c9ba4a259aa26ef5bbf103be53c4e2\transformed\jetified-ui-tooling-preview-release.aar because:
  Build cache is disabled
Skipping AarToClassTransform: C:\Users\user\.gradle\caches\transforms-3\a42298fe51b5435229ea73c3dead67aa\transformed\jetified-ui-text-release.aar as it is up-to-date.
Skipping AarToClassTransform: C:\Users\user\.gradle\caches\transforms-3\76c9ba4a259aa26ef5bbf103be53c4e2\transformed\jetified-ui-tooling-preview-release.aar as it is up-to-date.
Caching disabled for AarToClassTransform: C:\Users\user\.gradle\caches\transforms-3\cbb9300e85ec24256c793b397db19035\transformed\jetified-animation-core-release.aar because:
  Build cache is disabled
Skipping AarToClassTransform: C:\Users\user\.gradle\caches\transforms-3\cbb9300e85ec24256c793b397db19035\transformed\jetified-animation-core-release.aar as it is up-to-date.
Caching disabled for AarToClassTransform: C:\Users\user\.gradle\caches\transforms-3\ec37f96b192ecdb855dfe54a3b43ec15\transformed\jetified-ui-unit-release.aar because:
  Build cache is disabled
Transforming appcompat-resources-1.6.1.aar (androidx.appcompat:appcompat-resources:1.6.1) with JetifyTransform
Skipping AarToClassTransform: C:\Users\user\.gradle\caches\transforms-3\ec37f96b192ecdb855dfe54a3b43ec15\transformed\jetified-ui-unit-release.aar as it is up-to-date.
Transforming appcompat-resources-1.6.1.aar (androidx.appcompat:appcompat-resources:1.6.1) with AarToClassTransform
Caching disabled for AarToClassTransform: C:\Users\user\.gradle\caches\transforms-3\b69437159b1e2ebe72beac37c05e8c22\transformed\jetified-animation-release.aar because:
  Build cache is disabled
Caching disabled for AarToClassTransform: C:\Users\user\.gradle\caches\transforms-3\2fcc2b87b3e049e22adcc07b61f50547\transformed\jetified-ui-graphics-release.aar because:
  Build cache is disabled
Caching disabled for AarToClassTransform: C:\Users\user\.gradle\caches\transforms-3\7bbf737b4eca3d5168f2d6960294cf2d\transformed\jetified-runtime-release.aar because:
  Build cache is disabled
Skipping AarToClassTransform: C:\Users\user\.gradle\caches\transforms-3\2fcc2b87b3e049e22adcc07b61f50547\transformed\jetified-ui-graphics-release.aar as it is up-to-date.
Skipping AarToClassTransform: C:\Users\user\.gradle\caches\transforms-3\b69437159b1e2ebe72beac37c05e8c22\transformed\jetified-animation-release.aar as it is up-to-date.
Transforming drawerlayout-1.1.1.aar (androidx.drawerlayout:drawerlayout:1.1.1) with JetifyTransform
Transforming drawerlayout-1.1.1.aar (androidx.drawerlayout:drawerlayout:1.1.1) with AarToClassTransform
Caching disabled for AarToClassTransform: C:\Users\user\.gradle\caches\transforms-3\bd181becbf892579f1903c907b484321\transformed\jetified-runtime-saveable-release.aar because:
  Build cache is disabled
Transforming coordinatorlayout-1.1.0.aar (androidx.coordinatorlayout:coordinatorlayout:1.1.0) with JetifyTransform
Skipping AarToClassTransform: C:\Users\user\.gradle\caches\transforms-3\bd181becbf892579f1903c907b484321\transformed\jetified-runtime-saveable-release.aar as it is up-to-date.
Skipping AarToClassTransform: C:\Users\user\.gradle\caches\transforms-3\7bbf737b4eca3d5168f2d6960294cf2d\transformed\jetified-runtime-release.aar as it is up-to-date.
Caching disabled for AarToClassTransform: C:\Users\user\.gradle\caches\transforms-3\367145ddcfd7aa731923b5762040bb4a\transformed\jetified-ui-release.aar because:
  Build cache is disabled
Skipping AarToClassTransform: C:\Users\user\.gradle\caches\transforms-3\367145ddcfd7aa731923b5762040bb4a\transformed\jetified-ui-release.aar as it is up-to-date.
Transforming coordinatorlayout-1.1.0.aar (androidx.coordinatorlayout:coordinatorlayout:1.1.0) with AarToClassTransform
Caching disabled for AarToClassTransform: C:\Users\user\.gradle\caches\transforms-3\f2ab45029814083fd9eb4f2ef80168cd\transformed\jetified-runtime-livedata-1.6.1.aar because:
  Build cache is disabled
Transforming dynamicanimation-1.0.0.aar (androidx.dynamicanimation:dynamicanimation:1.0.0) with JetifyTransform
Skipping AarToClassTransform: C:\Users\user\.gradle\caches\transforms-3\f2ab45029814083fd9eb4f2ef80168cd\transformed\jetified-runtime-livedata-1.6.1.aar as it is up-to-date.
Transforming dynamicanimation-1.0.0.aar (androidx.dynamicanimation:dynamicanimation:1.0.0) with AarToClassTransform
Transforming recyclerview-1.3.0.aar (androidx.recyclerview:recyclerview:1.3.0) with JetifyTransform
Transforming recyclerview-1.3.0.aar (androidx.recyclerview:recyclerview:1.3.0) with AarToClassTransform
Transforming recyclerview-1.3.0.aar (androidx.recyclerview:recyclerview:1.3.0) with JetifyTransform
Transforming recyclerview-1.3.0.aar (androidx.recyclerview:recyclerview:1.3.0) with AarToClassTransform
Transforming transition-1.2.0.aar (androidx.transition:transition:1.2.0) with JetifyTransform
Caching disabled for AarToClassTransform: C:\Users\user\.gradle\caches\transforms-3\fe561860e56c5a4f4048bb09ce052968\transformed\jetified-appcompat-resources-1.6.1.aar because:
  Build cache is disabled
Transforming transition-1.2.0.aar (androidx.transition:transition:1.2.0) with AarToClassTransform
Skipping AarToClassTransform: C:\Users\user\.gradle\caches\transforms-3\fe561860e56c5a4f4048bb09ce052968\transformed\jetified-appcompat-resources-1.6.1.aar as it is up-to-date.
Transforming vectordrawable-animated-1.1.0.aar (androidx.vectordrawable:vectordrawable-animated:1.1.0) with JetifyTransform
Transforming vectordrawable-animated-1.1.0.aar (androidx.vectordrawable:vectordrawable-animated:1.1.0) with AarToClassTransform
Transforming vectordrawable-1.1.0.aar (androidx.vectordrawable:vectordrawable:1.1.0) with JetifyTransform
Transforming vectordrawable-1.1.0.aar (androidx.vectordrawable:vectordrawable:1.1.0) with AarToClassTransform
Transforming vectordrawable-1.1.0.aar (androidx.vectordrawable:vectordrawable:1.1.0) with JetifyTransform
Transforming vectordrawable-1.1.0.aar (androidx.vectordrawable:vectordrawable:1.1.0) with AarToClassTransform
Caching disabled for AarToClassTransform: C:\Users\user\.gradle\caches\modules-2\files-2.1\androidx.coordinatorlayout\coordinatorlayout\1.1.0\8eeb7baf75b9595d017642a460df5af3bb9fa4e1\coordinatorlayout-1.1.0.aar because:
  Build cache is disabled
Transforming exoplayer-2.19.1.aar (com.google.android.exoplayer:exoplayer:2.19.1) with JetifyTransform
Skipping AarToClassTransform: C:\Users\user\.gradle\caches\modules-2\files-2.1\androidx.coordinatorlayout\coordinatorlayout\1.1.0\8eeb7baf75b9595d017642a460df5af3bb9fa4e1\coordinatorlayout-1.1.0.aar as it is up-to-date.
Transforming exoplayer-2.19.1.aar (com.google.android.exoplayer:exoplayer:2.19.1) with AarToClassTransform
Transforming exoplayer-ui-2.19.1.aar (com.google.android.exoplayer:exoplayer-ui:2.19.1) with JetifyTransform
Transforming exoplayer-ui-2.19.1.aar (com.google.android.exoplayer:exoplayer-ui:2.19.1) with AarToClassTransform
Transforming media-1.6.0.aar (androidx.media:media:1.6.0) with JetifyTransform
Transforming media-1.6.0.aar (androidx.media:media:1.6.0) with AarToClassTransform
Caching disabled for AarToClassTransform: C:\Users\user\.gradle\caches\modules-2\files-2.1\androidx.transition\transition\1.2.0\28003577e8b32f5417bfe899bbdc7a333dc81c9f\transition-1.2.0.aar because:
  Build cache is disabled
Caching disabled for AarToClassTransform: C:\Users\user\.gradle\caches\modules-2\files-2.1\androidx.dynamicanimation\dynamicanimation\1.0.0\e980497a58fb319d471f3bb78d066b926a08ba8e\dynamicanimation-1.0.0.aar because:
  Build cache is disabled
Skipping AarToClassTransform: C:\Users\user\.gradle\caches\modules-2\files-2.1\androidx.transition\transition\1.2.0\28003577e8b32f5417bfe899bbdc7a333dc81c9f\transition-1.2.0.aar as it is up-to-date.
Skipping AarToClassTransform: C:\Users\user\.gradle\caches\modules-2\files-2.1\androidx.dynamicanimation\dynamicanimation\1.0.0\e980497a58fb319d471f3bb78d066b926a08ba8e\dynamicanimation-1.0.0.aar as it is up-to-date.
Transforming browser-1.4.0.aar (androidx.browser:browser:1.4.0) with JetifyTransform
Transforming browser-1.4.0.aar (androidx.browser:browser:1.4.0) with AarToClassTransform
Caching disabled for AarToClassTransform: C:\Users\user\.gradle\caches\modules-2\files-2.1\androidx.drawerlayout\drawerlayout\1.1.1\1b2b049e1e88589510ddd4d93f2699b46ecd73dd\drawerlayout-1.1.1.aar because:
  Build cache is disabled
Caching disabled for AarToClassTransform: C:\Users\user\.gradle\caches\transforms-3\2d35061ac97c84f4bc7e6bbcb17d5491\transformed\jetified-exoplayer-ui-2.19.1.aar because:
  Build cache is disabled
Skipping AarToClassTransform: C:\Users\user\.gradle\caches\modules-2\files-2.1\androidx.drawerlayout\drawerlayout\1.1.1\1b2b049e1e88589510ddd4d93f2699b46ecd73dd\drawerlayout-1.1.1.aar as it is up-to-date.
Caching disabled for AarToClassTransform: C:\Users\user\.gradle\caches\modules-2\files-2.1\androidx.media\media\1.6.0\db8f393321275a13f52eb5ff28f96931f238865e\media-1.6.0.aar because:
  Build cache is disabled
Skipping AarToClassTransform: C:\Users\user\.gradle\caches\transforms-3\2d35061ac97c84f4bc7e6bbcb17d5491\transformed\jetified-exoplayer-ui-2.19.1.aar as it is up-to-date.
Skipping AarToClassTransform: C:\Users\user\.gradle\caches\modules-2\files-2.1\androidx.media\media\1.6.0\db8f393321275a13f52eb5ff28f96931f238865e\media-1.6.0.aar as it is up-to-date.
Caching disabled for AarToClassTransform: C:\Users\user\.gradle\caches\modules-2\files-2.1\androidx.recyclerview\recyclerview\1.3.0\57b0dfda0105b96dd2f8a6af4eabaa3daa77ce51\recyclerview-1.3.0.aar because:
  Build cache is disabled
Caching disabled for AarToClassTransform: C:\Users\user\.gradle\caches\transforms-3\6ec9a996bc479418be954afeae09b185\transformed\jetified-exoplayer-2.19.1.aar because:
  Build cache is disabled
Skipping AarToClassTransform: C:\Users\user\.gradle\caches\modules-2\files-2.1\androidx.recyclerview\recyclerview\1.3.0\57b0dfda0105b96dd2f8a6af4eabaa3daa77ce51\recyclerview-1.3.0.aar as it is up-to-date.
Skipping AarToClassTransform: C:\Users\user\.gradle\caches\transforms-3\6ec9a996bc479418be954afeae09b185\transformed\jetified-exoplayer-2.19.1.aar as it is up-to-date.
Transforming viewpager-1.0.0.aar (androidx.viewpager:viewpager:1.0.0) with JetifyTransform
Transforming viewpager-1.0.0.aar (androidx.viewpager:viewpager:1.0.0) with AarToClassTransform
Caching disabled for AarToClassTransform: C:\Users\user\.gradle\caches\modules-2\files-2.1\androidx.vectordrawable\vectordrawable\1.1.0\eac7a364fff534035a2a6cb17770a1288315f69f\vectordrawable-1.1.0.aar because:
  Build cache is disabled
Transforming customview-1.1.0.aar (androidx.customview:customview:1.1.0) with JetifyTransform
Skipping AarToClassTransform: C:\Users\user\.gradle\caches\modules-2\files-2.1\androidx.vectordrawable\vectordrawable\1.1.0\eac7a364fff534035a2a6cb17770a1288315f69f\vectordrawable-1.1.0.aar as it is up-to-date.
Transforming customview-1.1.0.aar (androidx.customview:customview:1.1.0) with AarToClassTransform
Transforming customview-1.1.0.aar (androidx.customview:customview:1.1.0) with JetifyTransform
Transforming customview-1.1.0.aar (androidx.customview:customview:1.1.0) with AarToClassTransform
Caching disabled for AarToClassTransform: C:\Users\user\.gradle\caches\modules-2\files-2.1\androidx.vectordrawable\vectordrawable-animated\1.1.0\fcda1161354501471c30a4e077af6b5c4d4eddc6\vectordrawable-animated-1.1.0.aar because:
  Build cache is disabled
Transforming customview-1.1.0.aar (androidx.customview:customview:1.1.0) with JetifyTransform
Skipping AarToClassTransform: C:\Users\user\.gradle\caches\modules-2\files-2.1\androidx.vectordrawable\vectordrawable-animated\1.1.0\fcda1161354501471c30a4e077af6b5c4d4eddc6\vectordrawable-animated-1.1.0.aar as it is up-to-date.
Transforming customview-1.1.0.aar (androidx.customview:customview:1.1.0) with AarToClassTransform
Transforming customview-1.1.0.aar (androidx.customview:customview:1.1.0) with JetifyTransform
Transforming customview-1.1.0.aar (androidx.customview:customview:1.1.0) with AarToClassTransform
Transforming legacy-support-core-utils-1.0.0.aar (androidx.legacy:legacy-support-core-utils:1.0.0) with JetifyTransform
Transforming legacy-support-core-utils-1.0.0.aar (androidx.legacy:legacy-support-core-utils:1.0.0) with AarToClassTransform
Transforming loader-1.0.0.aar (androidx.loader:loader:1.0.0) with JetifyTransform
Transforming loader-1.0.0.aar (androidx.loader:loader:1.0.0) with AarToClassTransform
Transforming loader-1.0.0.aar (androidx.loader:loader:1.0.0) with JetifyTransform
Transforming loader-1.0.0.aar (androidx.loader:loader:1.0.0) with AarToClassTransform
Caching disabled for AarToClassTransform: C:\Users\user\.gradle\caches\modules-2\files-2.1\androidx.browser\browser\1.4.0\403c3cf31622ec0c70b3c0633be3e903c8062104\browser-1.4.0.aar because:
  Build cache is disabled
Skipping AarToClassTransform: C:\Users\user\.gradle\caches\modules-2\files-2.1\androidx.browser\browser\1.4.0\403c3cf31622ec0c70b3c0633be3e903c8062104\browser-1.4.0.aar as it is up-to-date.
Caching disabled for AarToClassTransform: C:\Users\user\.gradle\caches\modules-2\files-2.1\androidx.viewpager\viewpager\1.0.0\1f90e13820f96c2fb868f9674079a551678d68b2\viewpager-1.0.0.aar because:
  Build cache is disabled
Transforming core-1.12.0.aar (androidx.core:core:1.12.0) with JetifyTransform
Skipping AarToClassTransform: C:\Users\user\.gradle\caches\modules-2\files-2.1\androidx.viewpager\viewpager\1.0.0\1f90e13820f96c2fb868f9674079a551678d68b2\viewpager-1.0.0.aar as it is up-to-date.
Transforming core-1.12.0.aar (androidx.core:core:1.12.0) with AarToClassTransform
Caching disabled for AarToClassTransform: C:\Users\user\.gradle\caches\modules-2\files-2.1\androidx.customview\customview\1.1.0\a030aaf64c5419a89f7d91a33755c4629a43471\customview-1.1.0.aar because:
  Build cache is disabled
Transforming core-1.12.0.aar (androidx.core:core:1.12.0) with JetifyTransform
Transforming core-1.12.0.aar (androidx.core:core:1.12.0) with AarToClassTransform
Transforming core-1.12.0.aar (androidx.core:core:1.12.0) with JetifyTransform
Transforming core-1.12.0.aar (androidx.core:core:1.12.0) with AarToClassTransform
Transforming core-1.12.0.aar (androidx.core:core:1.12.0) with JetifyTransform
Skipping AarToClassTransform: C:\Users\user\.gradle\caches\modules-2\files-2.1\androidx.customview\customview\1.1.0\a030aaf64c5419a89f7d91a33755c4629a43471\customview-1.1.0.aar as it is up-to-date.
Transforming core-1.12.0.aar (androidx.core:core:1.12.0) with AarToClassTransform
Transforming core-1.12.0.aar (androidx.core:core:1.12.0) with JetifyTransform
Transforming core-1.12.0.aar (androidx.core:core:1.12.0) with AarToClassTransform
Transforming core-1.12.0.aar (androidx.core:core:1.12.0) with JetifyTransform
Transforming core-1.12.0.aar (androidx.core:core:1.12.0) with AarToClassTransform
Transforming core-1.12.0.aar (androidx.core:core:1.12.0) with JetifyTransform
Caching disabled for AarToClassTransform: C:\Users\user\.gradle\caches\modules-2\files-2.1\androidx.legacy\legacy-support-core-utils\1.0.0\9b9570042115da8629519090dfeb71df75da59fc\legacy-support-core-utils-1.0.0.aar because:
  Build cache is disabled
Transforming core-1.12.0.aar (androidx.core:core:1.12.0) with AarToClassTransform
Skipping AarToClassTransform: C:\Users\user\.gradle\caches\modules-2\files-2.1\androidx.legacy\legacy-support-core-utils\1.0.0\9b9570042115da8629519090dfeb71df75da59fc\legacy-support-core-utils-1.0.0.aar as it is up-to-date.
Transforming core-1.12.0.aar (androidx.core:core:1.12.0) with JetifyTransform
Transforming core-1.12.0.aar (androidx.core:core:1.12.0) with AarToClassTransform
Transforming core-1.12.0.aar (androidx.core:core:1.12.0) with JetifyTransform
Transforming core-1.12.0.aar (androidx.core:core:1.12.0) with AarToClassTransform
Transforming core-1.12.0.aar (androidx.core:core:1.12.0) with JetifyTransform
Transforming core-1.12.0.aar (androidx.core:core:1.12.0) with AarToClassTransform
Transforming core-1.12.0.aar (androidx.core:core:1.12.0) with JetifyTransform
Transforming core-1.12.0.aar (androidx.core:core:1.12.0) with AarToClassTransform
Transforming core-1.12.0.aar (androidx.core:core:1.12.0) with JetifyTransform
Caching disabled for AarToClassTransform: C:\Users\user\.gradle\caches\modules-2\files-2.1\androidx.loader\loader\1.0.0\8af8b6cec0da85c207d03e15840e0722cbc71e70\loader-1.0.0.aar because:
  Build cache is disabled
Transforming core-1.12.0.aar (androidx.core:core:1.12.0) with AarToClassTransform
Skipping AarToClassTransform: C:\Users\user\.gradle\caches\modules-2\files-2.1\androidx.loader\loader\1.0.0\8af8b6cec0da85c207d03e15840e0722cbc71e70\loader-1.0.0.aar as it is up-to-date.
Transforming core-1.12.0.aar (androidx.core:core:1.12.0) with JetifyTransform
Caching disabled for AarToClassTransform: C:\Users\user\.gradle\caches\modules-2\files-2.1\androidx.core\core\1.12.0\5aa3088ed93ba8ebaea2b8a83befdfa829339e7a\core-1.12.0.aar because:
  Build cache is disabled
Transforming core-1.12.0.aar (androidx.core:core:1.12.0) with AarToClassTransform
Skipping AarToClassTransform: C:\Users\user\.gradle\caches\modules-2\files-2.1\androidx.core\core\1.12.0\5aa3088ed93ba8ebaea2b8a83befdfa829339e7a\core-1.12.0.aar as it is up-to-date.
Transforming core-1.12.0.aar (androidx.core:core:1.12.0) with JetifyTransform
Transforming core-1.12.0.aar (androidx.core:core:1.12.0) with AarToClassTransform
Transforming lifecycle-livedata-ktx-2.7.0.aar (androidx.lifecycle:lifecycle-livedata-ktx:2.7.0) with JetifyTransform
Transforming lifecycle-livedata-ktx-2.7.0.aar (androidx.lifecycle:lifecycle-livedata-ktx:2.7.0) with AarToClassTransform
Transforming lifecycle-livedata-core-ktx-2.7.0.aar (androidx.lifecycle:lifecycle-livedata-core-ktx:2.7.0) with JetifyTransform
Transforming lifecycle-livedata-core-ktx-2.7.0.aar (androidx.lifecycle:lifecycle-livedata-core-ktx:2.7.0) with AarToClassTransform
Transforming lifecycle-livedata-core-2.7.0.aar (androidx.lifecycle:lifecycle-livedata-core:2.7.0) with JetifyTransform
Transforming lifecycle-livedata-core-2.7.0.aar (androidx.lifecycle:lifecycle-livedata-core:2.7.0) with AarToClassTransform
Transforming lifecycle-common-2.7.0.jar (androidx.lifecycle:lifecycle-common:2.7.0) with JetifyTransform
Transforming lifecycle-common-2.7.0.jar (androidx.lifecycle:lifecycle-common:2.7.0) with IdentityTransform
Transforming work-runtime-2.7.0.aar (androidx.work:work-runtime:2.7.0) with JetifyTransform
Transforming work-runtime-2.7.0.aar (androidx.work:work-runtime:2.7.0) with AarToClassTransform
Transforming lifecycle-livedata-2.7.0.aar (androidx.lifecycle:lifecycle-livedata:2.7.0) with JetifyTransform
Transforming lifecycle-livedata-2.7.0.aar (androidx.lifecycle:lifecycle-livedata:2.7.0) with AarToClassTransform
Transforming lifecycle-livedata-2.7.0.aar (androidx.lifecycle:lifecycle-livedata:2.7.0) with JetifyTransform
Transforming lifecycle-livedata-2.7.0.aar (androidx.lifecycle:lifecycle-livedata:2.7.0) with AarToClassTransform
Transforming lifecycle-viewmodel-ktx-2.7.0.aar (androidx.lifecycle:lifecycle-viewmodel-ktx:2.7.0) with JetifyTransform
Transforming lifecycle-viewmodel-ktx-2.7.0.aar (androidx.lifecycle:lifecycle-viewmodel-ktx:2.7.0) with AarToClassTransform
Transforming lifecycle-common-java8-2.7.0.jar (androidx.lifecycle:lifecycle-common-java8:2.7.0) with JetifyTransform
Caching disabled for AarToClassTransform: C:\Users\user\.gradle\caches\transforms-3\c9df3ceb2e58ba03e52bed7752205083\transformed\jetified-lifecycle-livedata-core-ktx-2.7.0.aar because:
  Build cache is disabled
Skipping AarToClassTransform: C:\Users\user\.gradle\caches\transforms-3\c9df3ceb2e58ba03e52bed7752205083\transformed\jetified-lifecycle-livedata-core-ktx-2.7.0.aar as it is up-to-date.
Caching disabled for AarToClassTransform: C:\Users\user\.gradle\caches\modules-2\files-2.1\androidx.lifecycle\lifecycle-livedata-core\2.7.0\d95c9c0b74a6b9882c416c688f6cf201dc416bed\lifecycle-livedata-core-2.7.0.aar because:
  Build cache is disabled
Transforming lifecycle-common-java8-2.7.0.jar (androidx.lifecycle:lifecycle-common-java8:2.7.0) with IdentityTransform
Skipping AarToClassTransform: C:\Users\user\.gradle\caches\modules-2\files-2.1\androidx.lifecycle\lifecycle-livedata-core\2.7.0\d95c9c0b74a6b9882c416c688f6cf201dc416bed\lifecycle-livedata-core-2.7.0.aar as it is up-to-date.
Transforming lifecycle-viewmodel-2.7.0.aar (androidx.lifecycle:lifecycle-viewmodel:2.7.0) with JetifyTransform
Transforming lifecycle-viewmodel-2.7.0.aar (androidx.lifecycle:lifecycle-viewmodel:2.7.0) with AarToClassTransform
Caching disabled for AarToClassTransform: C:\Users\user\.gradle\caches\modules-2\files-2.1\androidx.lifecycle\lifecycle-livedata\2.7.0\42ad14e1ee00719636e31a36e8cd50d7ce5c45c6\lifecycle-livedata-2.7.0.aar because:
  Build cache is disabled
Caching disabled for AarToClassTransform: C:\Users\user\.gradle\caches\modules-2\files-2.1\androidx.work\work-runtime\2.7.0\109bbbe00b5b9bd6bb83acccb8d414256a696023\work-runtime-2.7.0.aar because:
  Build cache is disabled
Caching disabled for AarToClassTransform: C:\Users\user\.gradle\caches\transforms-3\4128f0bf461b630c3b6d5986f35175d6\transformed\jetified-lifecycle-livedata-ktx-2.7.0.aar because:
  Build cache is disabled
Skipping AarToClassTransform: C:\Users\user\.gradle\caches\modules-2\files-2.1\androidx.work\work-runtime\2.7.0\109bbbe00b5b9bd6bb83acccb8d414256a696023\work-runtime-2.7.0.aar as it is up-to-date.
Skipping AarToClassTransform: C:\Users\user\.gradle\caches\transforms-3\4128f0bf461b630c3b6d5986f35175d6\transformed\jetified-lifecycle-livedata-ktx-2.7.0.aar as it is up-to-date.
Skipping AarToClassTransform: C:\Users\user\.gradle\caches\modules-2\files-2.1\androidx.lifecycle\lifecycle-livedata\2.7.0\42ad14e1ee00719636e31a36e8cd50d7ce5c45c6\lifecycle-livedata-2.7.0.aar as it is up-to-date.
Caching disabled for AarToClassTransform: C:\Users\user\.gradle\caches\transforms-3\bea0eb29fc40b83ba61e586efefdbc80\transformed\jetified-lifecycle-viewmodel-ktx-2.7.0.aar because:
  Build cache is disabled
Skipping AarToClassTransform: C:\Users\user\.gradle\caches\transforms-3\bea0eb29fc40b83ba61e586efefdbc80\transformed\jetified-lifecycle-viewmodel-ktx-2.7.0.aar as it is up-to-date.
Transforming lifecycle-viewmodel-2.7.0.aar (androidx.lifecycle:lifecycle-viewmodel:2.7.0) with JetifyTransform
Transforming lifecycle-viewmodel-2.7.0.aar (androidx.lifecycle:lifecycle-viewmodel:2.7.0) with AarToClassTransform
Transforming coil-2.5.0.aar (io.coil-kt:coil:2.5.0) with JetifyTransform
Transforming coil-2.5.0.aar (io.coil-kt:coil:2.5.0) with AarToClassTransform
Transforming coil-base-2.5.0.aar (io.coil-kt:coil-base:2.5.0) with JetifyTransform
Transforming coil-base-2.5.0.aar (io.coil-kt:coil-base:2.5.0) with AarToClassTransform
Transforming lifecycle-runtime-2.7.0.aar (androidx.lifecycle:lifecycle-runtime:2.7.0) with JetifyTransform
Transforming lifecycle-runtime-2.7.0.aar (androidx.lifecycle:lifecycle-runtime:2.7.0) with AarToClassTransform
Caching disabled for AarToClassTransform: C:\Users\user\.gradle\caches\modules-2\files-2.1\androidx.lifecycle\lifecycle-viewmodel\2.7.0\ea64fb2e504d200f2b7f03c76f51edd7e9ef62a9\lifecycle-viewmodel-2.7.0.aar because:
  Build cache is disabled
Transforming lifecycle-runtime-ktx-2.7.0.aar (androidx.lifecycle:lifecycle-runtime-ktx:2.7.0) with JetifyTransform
Skipping AarToClassTransform: C:\Users\user\.gradle\caches\modules-2\files-2.1\androidx.lifecycle\lifecycle-viewmodel\2.7.0\ea64fb2e504d200f2b7f03c76f51edd7e9ef62a9\lifecycle-viewmodel-2.7.0.aar as it is up-to-date.
Transforming lifecycle-runtime-ktx-2.7.0.aar (androidx.lifecycle:lifecycle-runtime-ktx:2.7.0) with AarToClassTransform
Transforming lifecycle-viewmodel-compose-2.7.0.aar (androidx.lifecycle:lifecycle-viewmodel-compose:2.7.0) with JetifyTransform
Transforming lifecycle-viewmodel-compose-2.7.0.aar (androidx.lifecycle:lifecycle-viewmodel-compose:2.7.0) with AarToClassTransform
Transforming lifecycle-viewmodel-savedstate-2.7.0.aar (androidx.lifecycle:lifecycle-viewmodel-savedstate:2.7.0) with JetifyTransform
Caching disabled for AarToClassTransform: C:\Users\user\.gradle\caches\transforms-3\273c1ccbf3398e02dc2f14b75670e867\transformed\jetified-coil-2.5.0.aar because:
  Build cache is disabled
Transforming lifecycle-viewmodel-savedstate-2.7.0.aar (androidx.lifecycle:lifecycle-viewmodel-savedstate:2.7.0) with AarToClassTransform
Skipping AarToClassTransform: C:\Users\user\.gradle\caches\transforms-3\273c1ccbf3398e02dc2f14b75670e867\transformed\jetified-coil-2.5.0.aar as it is up-to-date.
Transforming core-ktx-1.12.0.aar (androidx.core:core-ktx:1.12.0) with JetifyTransform
Transforming core-ktx-1.12.0.aar (androidx.core:core-ktx:1.12.0) with AarToClassTransform
Transforming flexbox-3.0.0.aar (com.google.android.flexbox:flexbox:3.0.0) with JetifyTransform
Transforming flexbox-3.0.0.aar (com.google.android.flexbox:flexbox:3.0.0) with AarToClassTransform
Transforming core-splashscreen-1.0.1.aar (androidx.core:core-splashscreen:1.0.1) with JetifyTransform
Transforming core-splashscreen-1.0.1.aar (androidx.core:core-splashscreen:1.0.1) with AarToClassTransform
Transforming kotlin-parcelize-runtime-1.9.22.jar (org.jetbrains.kotlin:kotlin-parcelize-runtime:1.9.22) with JetifyTransform
Caching disabled for AarToClassTransform: C:\Users\user\.gradle\caches\transforms-3\3b83c0859f84fcd6d974c10739ba311c\transformed\jetified-coil-base-2.5.0.aar because:
  Build cache is disabled
Caching disabled for AarToClassTransform: C:\Users\user\.gradle\caches\transforms-3\fbc8f9cd9ae8e26469fc6bf89567b33b\transformed\jetified-lifecycle-runtime-ktx-2.7.0.aar because:
  Build cache is disabled
Transforming kotlin-parcelize-runtime-1.9.22.jar (org.jetbrains.kotlin:kotlin-parcelize-runtime:1.9.22) with IdentityTransform
Skipping AarToClassTransform: C:\Users\user\.gradle\caches\transforms-3\fbc8f9cd9ae8e26469fc6bf89567b33b\transformed\jetified-lifecycle-runtime-ktx-2.7.0.aar as it is up-to-date.
Transforming savedstate-ktx-1.2.1.aar (androidx.savedstate:savedstate-ktx:1.2.1) with JetifyTransform
Transforming savedstate-ktx-1.2.1.aar (androidx.savedstate:savedstate-ktx:1.2.1) with AarToClassTransform
Caching disabled for AarToClassTransform: C:\Users\user\.gradle\caches\transforms-3\5b9928826629e1d065af7b415c675cfe\transformed\jetified-lifecycle-viewmodel-savedstate-2.7.0.aar because:
  Build cache is disabled
Caching disabled for AarToClassTransform: C:\Users\user\.gradle\caches\transforms-3\db555cdd53b85b398646ca1acb377e16\transformed\jetified-core-ktx-1.12.0.aar because:
  Build cache is disabled
Skipping AarToClassTransform: C:\Users\user\.gradle\caches\transforms-3\5b9928826629e1d065af7b415c675cfe\transformed\jetified-lifecycle-viewmodel-savedstate-2.7.0.aar as it is up-to-date.
Skipping AarToClassTransform: C:\Users\user\.gradle\caches\transforms-3\db555cdd53b85b398646ca1acb377e16\transformed\jetified-core-ktx-1.12.0.aar as it is up-to-date.
Caching disabled for AarToClassTransform: C:\Users\user\.gradle\caches\modules-2\files-2.1\androidx.lifecycle\lifecycle-runtime\2.7.0\e46d7c73ab6cb3e288f51a0ad96bf372e90ceb31\lifecycle-runtime-2.7.0.aar because:
  Build cache is disabled
Caching disabled for AarToClassTransform: C:\Users\user\.gradle\caches\transforms-3\bb00b9eb2ad39ae673fc6facee91937d\transformed\jetified-core-splashscreen-1.0.1.aar because:
  Build cache is disabled
Skipping AarToClassTransform: C:\Users\user\.gradle\caches\transforms-3\bb00b9eb2ad39ae673fc6facee91937d\transformed\jetified-core-splashscreen-1.0.1.aar as it is up-to-date.
Caching disabled for AarToClassTransform: C:\Users\user\.gradle\caches\transforms-3\bc3fe3c7aeb4111f80d215a11d8a36df\transformed\jetified-lifecycle-viewmodel-compose-2.7.0.aar because:
  Build cache is disabled
Transforming savedstate-1.2.1.aar (androidx.savedstate:savedstate:1.2.1) with JetifyTransform
Skipping AarToClassTransform: C:\Users\user\.gradle\caches\transforms-3\bc3fe3c7aeb4111f80d215a11d8a36df\transformed\jetified-lifecycle-viewmodel-compose-2.7.0.aar as it is up-to-date.
Transforming savedstate-1.2.1.aar (androidx.savedstate:savedstate:1.2.1) with AarToClassTransform
Skipping AarToClassTransform: C:\Users\user\.gradle\caches\transforms-3\3b83c0859f84fcd6d974c10739ba311c\transformed\jetified-coil-base-2.5.0.aar as it is up-to-date.
Transforming annotation-experimental-1.4.0.aar (androidx.annotation:annotation-experimental:1.4.0) with JetifyTransform
Transforming annotation-experimental-1.4.0.aar (androidx.annotation:annotation-experimental:1.4.0) with AarToClassTransform
Caching disabled for AarToClassTransform: C:\Users\user\.gradle\caches\transforms-3\9814d943fb1beda357ebd0cd13d5ba21\transformed\jetified-flexbox-3.0.0.aar because:
  Build cache is disabled
Skipping AarToClassTransform: C:\Users\user\.gradle\caches\modules-2\files-2.1\androidx.lifecycle\lifecycle-runtime\2.7.0\e46d7c73ab6cb3e288f51a0ad96bf372e90ceb31\lifecycle-runtime-2.7.0.aar as it is up-to-date.
Transforming converter-gson-2.9.0.jar (com.squareup.retrofit2:converter-gson:2.9.0) with JetifyTransform
Transforming converter-gson-2.9.0.jar (com.squareup.retrofit2:converter-gson:2.9.0) with IdentityTransform
Transforming retrofit-2.9.0.jar (com.squareup.retrofit2:retrofit:2.9.0) with JetifyTransform
Transforming retrofit-2.9.0.jar (com.squareup.retrofit2:retrofit:2.9.0) with IdentityTransform
Transforming logging-interceptor-4.12.0.jar (com.squareup.okhttp3:logging-interceptor:4.12.0) with JetifyTransform
Transforming logging-interceptor-4.12.0.jar (com.squareup.okhttp3:logging-interceptor:4.12.0) with IdentityTransform
Transforming okhttp-4.12.0.jar (com.squareup.okhttp3:okhttp:4.12.0) with JetifyTransform
Transforming okhttp-4.12.0.jar (com.squareup.okhttp3:okhttp:4.12.0) with IdentityTransform
Transforming ads-adservices-java-1.0.0-beta05.aar (androidx.privacysandbox.ads:ads-adservices-java:1.0.0-beta05) with JetifyTransform
Transforming ads-adservices-java-1.0.0-beta05.aar (androidx.privacysandbox.ads:ads-adservices-java:1.0.0-beta05) with AarToClassTransform
Skipping AarToClassTransform: C:\Users\user\.gradle\caches\transforms-3\9814d943fb1beda357ebd0cd13d5ba21\transformed\jetified-flexbox-3.0.0.aar as it is up-to-date.
Caching disabled for AarToClassTransform: C:\Users\user\.gradle\caches\transforms-3\1c5963f8e4fffaad74ee8cb6cd6f3eba\transformed\jetified-savedstate-ktx-1.2.1.aar because:
  Build cache is disabled
Transforming ads-adservices-1.0.0-beta05.aar (androidx.privacysandbox.ads:ads-adservices:1.0.0-beta05) with JetifyTransform
Skipping AarToClassTransform: C:\Users\user\.gradle\caches\transforms-3\1c5963f8e4fffaad74ee8cb6cd6f3eba\transformed\jetified-savedstate-ktx-1.2.1.aar as it is up-to-date.
Transforming ads-adservices-1.0.0-beta05.aar (androidx.privacysandbox.ads:ads-adservices:1.0.0-beta05) with AarToClassTransform
Transforming kotlinx-coroutines-core-jvm-1.7.3.jar (org.jetbrains.kotlinx:kotlinx-coroutines-core-jvm:1.7.3) with JetifyTransform
Transforming kotlinx-coroutines-core-jvm-1.7.3.jar (org.jetbrains.kotlinx:kotlinx-coroutines-core-jvm:1.7.3) with IdentityTransform
Transforming kotlinx-coroutines-android-1.7.3.jar (org.jetbrains.kotlinx:kotlinx-coroutines-android:1.7.3) with JetifyTransform
Transforming kotlinx-coroutines-android-1.7.3.jar (org.jetbrains.kotlinx:kotlinx-coroutines-android:1.7.3) with IdentityTransform
Transforming lottie-compose-6.1.0.aar (com.airbnb.android:lottie-compose:6.1.0) with JetifyTransform
Transforming lottie-compose-6.1.0.aar (com.airbnb.android:lottie-compose:6.1.0) with AarToClassTransform
Transforming accompanist-permissions-0.32.0.aar (com.google.accompanist:accompanist-permissions:0.32.0) with JetifyTransform
Transforming accompanist-permissions-0.32.0.aar (com.google.accompanist:accompanist-permissions:0.32.0) with AarToClassTransform
Transforming okio-jvm-3.6.0.jar (com.squareup.okio:okio-jvm:3.6.0) with JetifyTransform
Transforming okio-jvm-3.6.0.jar (com.squareup.okio:okio-jvm:3.6.0) with IdentityTransform
Transforming kotlin-stdlib-jdk8-1.9.10.jar (org.jetbrains.kotlin:kotlin-stdlib-jdk8:1.9.10) with JetifyTransform
Transforming kotlin-stdlib-jdk8-1.9.10.jar (org.jetbrains.kotlin:kotlin-stdlib-jdk8:1.9.10) with IdentityTransform
Caching disabled for AarToClassTransform: C:\Users\user\.gradle\caches\transforms-3\5bf13ac180e4647e757ba92e7045f6e8\transformed\jetified-ads-adservices-java-1.0.0-beta05.aar because:
  Build cache is disabled
Caching disabled for AarToClassTransform: C:\Users\user\.gradle\caches\transforms-3\6633c217f19454b0daaef2039372214b\transformed\jetified-ads-adservices-1.0.0-beta05.aar because:
  Build cache is disabled
Transforming kotlin-android-extensions-runtime-1.9.22.jar (org.jetbrains.kotlin:kotlin-android-extensions-runtime:1.9.22) with JetifyTransform
Caching disabled for AarToClassTransform: C:\Users\user\.gradle\caches\transforms-3\176057ce525d9260435c3fc865a4ce78\transformed\jetified-savedstate-1.2.1.aar because:
  Build cache is disabled
Transforming kotlin-android-extensions-runtime-1.9.22.jar (org.jetbrains.kotlin:kotlin-android-extensions-runtime:1.9.22) with IdentityTransform
Caching disabled for AarToClassTransform: C:\Users\user\.gradle\caches\transforms-3\52628cd1c421f5e6f538faea8d3ac358\transformed\jetified-annotation-experimental-1.4.0.aar because:
  Build cache is disabled
Skipping AarToClassTransform: C:\Users\user\.gradle\caches\transforms-3\176057ce525d9260435c3fc865a4ce78\transformed\jetified-savedstate-1.2.1.aar as it is up-to-date.
Skipping AarToClassTransform: C:\Users\user\.gradle\caches\transforms-3\52628cd1c421f5e6f538faea8d3ac358\transformed\jetified-annotation-experimental-1.4.0.aar as it is up-to-date.
Transforming cursoradapter-1.0.0.aar (androidx.cursoradapter:cursoradapter:1.0.0) with JetifyTransform
Skipping AarToClassTransform: C:\Users\user\.gradle\caches\transforms-3\6633c217f19454b0daaef2039372214b\transformed\jetified-ads-adservices-1.0.0-beta05.aar as it is up-to-date.
Transforming cursoradapter-1.0.0.aar (androidx.cursoradapter:cursoradapter:1.0.0) with AarToClassTransform
Skipping AarToClassTransform: C:\Users\user\.gradle\caches\transforms-3\5bf13ac180e4647e757ba92e7045f6e8\transformed\jetified-ads-adservices-java-1.0.0-beta05.aar as it is up-to-date.
Transforming cardview-1.0.0.aar (androidx.cardview:cardview:1.0.0) with JetifyTransform
Caching disabled for AarToClassTransform: C:\Users\user\.gradle\caches\transforms-3\f3d2f13db9cc613f09ac253f5a11d2bc\transformed\jetified-lottie-compose-6.1.0.aar because:
  Build cache is disabled
Transforming cardview-1.0.0.aar (androidx.cardview:cardview:1.0.0) with AarToClassTransform
Skipping AarToClassTransform: C:\Users\user\.gradle\caches\transforms-3\f3d2f13db9cc613f09ac253f5a11d2bc\transformed\jetified-lottie-compose-6.1.0.aar as it is up-to-date.
Caching disabled for AarToClassTransform: C:\Users\user\.gradle\caches\transforms-3\e4c38736cad5e9f0f7d4b364dbe54266\transformed\jetified-accompanist-permissions-0.32.0.aar because:
  Build cache is disabled
Transforming sqlite-framework-2.4.0.aar (androidx.sqlite:sqlite-framework:2.4.0) with JetifyTransform
Skipping AarToClassTransform: C:\Users\user\.gradle\caches\transforms-3\e4c38736cad5e9f0f7d4b364dbe54266\transformed\jetified-accompanist-permissions-0.32.0.aar as it is up-to-date.
Transforming sqlite-framework-2.4.0.aar (androidx.sqlite:sqlite-framework:2.4.0) with AarToClassTransform
Transforming sqlite-2.4.0.aar (androidx.sqlite:sqlite:2.4.0) with JetifyTransform
Transforming sqlite-2.4.0.aar (androidx.sqlite:sqlite:2.4.0) with AarToClassTransform
Transforming versionedparcelable-1.1.1.aar (androidx.versionedparcelable:versionedparcelable:1.1.1) with JetifyTransform
Transforming versionedparcelable-1.1.1.aar (androidx.versionedparcelable:versionedparcelable:1.1.1) with AarToClassTransform
Transforming core-runtime-2.2.0.aar (androidx.arch.core:core-runtime:2.2.0) with JetifyTransform
Transforming core-runtime-2.2.0.aar (androidx.arch.core:core-runtime:2.2.0) with AarToClassTransform
Transforming core-common-2.2.0.jar (androidx.arch.core:core-common:2.2.0) with JetifyTransform
Transforming core-common-2.2.0.jar (androidx.arch.core:core-common:2.2.0) with IdentityTransform
Transforming collection-jvm-1.4.0.jar (androidx.collection:collection-jvm:1.4.0) with JetifyTransform
Transforming collection-jvm-1.4.0.jar (androidx.collection:collection-jvm:1.4.0) with IdentityTransform
Caching disabled for AarToClassTransform: C:\Users\user\.gradle\caches\modules-2\files-2.1\androidx.cursoradapter\cursoradapter\1.0.0\74014983a86b83cbce534dec4e7aa9312f5f5d82\cursoradapter-1.0.0.aar because:
  Build cache is disabled
Transforming interpolator-1.0.0.aar (androidx.interpolator:interpolator:1.0.0) with JetifyTransform
Skipping AarToClassTransform: C:\Users\user\.gradle\caches\modules-2\files-2.1\androidx.cursoradapter\cursoradapter\1.0.0\74014983a86b83cbce534dec4e7aa9312f5f5d82\cursoradapter-1.0.0.aar as it is up-to-date.
Transforming interpolator-1.0.0.aar (androidx.interpolator:interpolator:1.0.0) with AarToClassTransform
Transforming documentfile-1.0.0.aar (androidx.documentfile:documentfile:1.0.0) with JetifyTransform
Caching disabled for AarToClassTransform: C:\Users\user\.gradle\caches\modules-2\files-2.1\androidx.cardview\cardview\1.0.0\158dbc2e2bc502815821191b04446b8f663c1874\cardview-1.0.0.aar because:
  Build cache is disabled
Skipping AarToClassTransform: C:\Users\user\.gradle\caches\modules-2\files-2.1\androidx.cardview\cardview\1.0.0\158dbc2e2bc502815821191b04446b8f663c1874\cardview-1.0.0.aar as it is up-to-date.
Transforming documentfile-1.0.0.aar (androidx.documentfile:documentfile:1.0.0) with AarToClassTransform
Caching disabled for AarToClassTransform: C:\Users\user\.gradle\caches\modules-2\files-2.1\androidx.sqlite\sqlite\2.4.0\cc553e5621c8ad4e233059a724100afa9e2fd1f4\sqlite-2.4.0.aar because:
  Build cache is disabled
Transforming localbroadcastmanager-1.0.0.aar (androidx.localbroadcastmanager:localbroadcastmanager:1.0.0) with JetifyTransform
Caching disabled for AarToClassTransform: C:\Users\user\.gradle\caches\modules-2\files-2.1\androidx.sqlite\sqlite-framework\2.4.0\532d56a4f312d78767534ff1cc2f8084baec6c26\sqlite-framework-2.4.0.aar because:
  Build cache is disabled
Caching disabled for AarToClassTransform: C:\Users\user\.gradle\caches\modules-2\files-2.1\androidx.versionedparcelable\versionedparcelable\1.1.1\18e18071e7715679e0593c570217edeb5ca48b9e\versionedparcelable-1.1.1.aar because:
  Build cache is disabled
Transforming localbroadcastmanager-1.0.0.aar (androidx.localbroadcastmanager:localbroadcastmanager:1.0.0) with AarToClassTransform
Skipping AarToClassTransform: C:\Users\user\.gradle\caches\modules-2\files-2.1\androidx.versionedparcelable\versionedparcelable\1.1.1\18e18071e7715679e0593c570217edeb5ca48b9e\versionedparcelable-1.1.1.aar as it is up-to-date.
Skipping AarToClassTransform: C:\Users\user\.gradle\caches\modules-2\files-2.1\androidx.sqlite\sqlite\2.4.0\cc553e5621c8ad4e233059a724100afa9e2fd1f4\sqlite-2.4.0.aar as it is up-to-date.
Transforming print-1.0.0.aar (androidx.print:print:1.0.0) with JetifyTransform
Skipping AarToClassTransform: C:\Users\user\.gradle\caches\modules-2\files-2.1\androidx.sqlite\sqlite-framework\2.4.0\532d56a4f312d78767534ff1cc2f8084baec6c26\sqlite-framework-2.4.0.aar as it is up-to-date.
Transforming print-1.0.0.aar (androidx.print:print:1.0.0) with AarToClassTransform
Transforming annotation-jvm-1.7.0.jar (androidx.annotation:annotation-jvm:1.7.0) with JetifyTransform
Transforming annotation-jvm-1.7.0.jar (androidx.annotation:annotation-jvm:1.7.0) with IdentityTransform
Transforming kotlin-stdlib-jdk7-1.9.10.jar (org.jetbrains.kotlin:kotlin-stdlib-jdk7:1.9.10) with JetifyTransform
Transforming kotlin-stdlib-jdk7-1.9.10.jar (org.jetbrains.kotlin:kotlin-stdlib-jdk7:1.9.10) with IdentityTransform
Transforming kotlin-stdlib-1.9.22.jar (org.jetbrains.kotlin:kotlin-stdlib:1.9.22) with JetifyTransform
Transforming kotlin-stdlib-1.9.22.jar (org.jetbrains.kotlin:kotlin-stdlib:1.9.22) with IdentityTransform
Transforming volley-1.2.1.aar (com.android.volley:volley:1.2.1) with JetifyTransform
Transforming volley-1.2.1.aar (com.android.volley:volley:1.2.1) with AarToClassTransform
Transforming lottie-6.1.0.aar (com.airbnb.android:lottie:6.1.0) with JetifyTransform
Caching disabled for AarToClassTransform: C:\Users\user\.gradle\caches\modules-2\files-2.1\androidx.interpolator\interpolator\1.0.0\8a01fa254a23b9388571eb6334b03707c7d122d7\interpolator-1.0.0.aar because:
  Build cache is disabled
Caching disabled for AarToClassTransform: C:\Users\user\.gradle\caches\modules-2\files-2.1\androidx.documentfile\documentfile\1.0.0\66104345c90cd8c2fd5ad2d3aad692b280e10c32\documentfile-1.0.0.aar because:
  Build cache is disabled
Caching disabled for AarToClassTransform: C:\Users\user\.gradle\caches\modules-2\files-2.1\androidx.arch.core\core-runtime\2.2.0\39705982680d78556b679ef9d5400d4f17509b0b\core-runtime-2.2.0.aar because:
  Build cache is disabled
Transforming lottie-6.1.0.aar (com.airbnb.android:lottie:6.1.0) with AarToClassTransform
Skipping AarToClassTransform: C:\Users\user\.gradle\caches\modules-2\files-2.1\androidx.arch.core\core-runtime\2.2.0\39705982680d78556b679ef9d5400d4f17509b0b\core-runtime-2.2.0.aar as it is up-to-date.
Skipping AarToClassTransform: C:\Users\user\.gradle\caches\modules-2\files-2.1\androidx.documentfile\documentfile\1.0.0\66104345c90cd8c2fd5ad2d3aad692b280e10c32\documentfile-1.0.0.aar as it is up-to-date.
Transforming Android-Image-Slider-1.4.0.aar (com.github.smarteist:Android-Image-Slider:1.4.0) with JetifyTransform
Transforming Android-Image-Slider-1.4.0.aar (com.github.smarteist:Android-Image-Slider:1.4.0) with AarToClassTransform
Transforming circleimageview-3.1.0.aar (de.hdodenhof:circleimageview:3.1.0) with JetifyTransform
Transforming circleimageview-3.1.0.aar (de.hdodenhof:circleimageview:3.1.0) with AarToClassTransform
Caching disabled for AarToClassTransform: C:\Users\user\.gradle\caches\modules-2\files-2.1\androidx.localbroadcastmanager\localbroadcastmanager\1.0.0\2734f31c8321e83ce6b60570d14777fc33cc2ece\localbroadcastmanager-1.0.0.aar because:
  Build cache is disabled
Transforming annotations-23.0.0.jar (org.jetbrains:annotations:23.0.0) with JetifyTransform
Skipping AarToClassTransform: C:\Users\user\.gradle\caches\modules-2\files-2.1\androidx.interpolator\interpolator\1.0.0\8a01fa254a23b9388571eb6334b03707c7d122d7\interpolator-1.0.0.aar as it is up-to-date.
Transforming annotations-23.0.0.jar (org.jetbrains:annotations:23.0.0) with IdentityTransform
Transforming exoplayer-core-2.19.1.aar (com.google.android.exoplayer:exoplayer-core:2.19.1) with JetifyTransform
Transforming exoplayer-core-2.19.1.aar (com.google.android.exoplayer:exoplayer-core:2.19.1) with AarToClassTransform
Transforming exoplayer-common-2.19.1.aar (com.google.android.exoplayer:exoplayer-common:2.19.1) with JetifyTransform
Transforming exoplayer-common-2.19.1.aar (com.google.android.exoplayer:exoplayer-common:2.19.1) with AarToClassTransform
Caching disabled for AarToClassTransform: C:\Users\user\.gradle\caches\transforms-3\fbc9b37369269c733242e6987e66b20d\transformed\jetified-volley-1.2.1.aar because:
  Build cache is disabled
Skipping AarToClassTransform: C:\Users\user\.gradle\caches\modules-2\files-2.1\androidx.localbroadcastmanager\localbroadcastmanager\1.0.0\2734f31c8321e83ce6b60570d14777fc33cc2ece\localbroadcastmanager-1.0.0.aar as it is up-to-date.
Caching disabled for AarToClassTransform: C:\Users\user\.gradle\caches\modules-2\files-2.1\androidx.print\print\1.0.0\7722094652c48ebe27acc94d74a55e759e4635ff\print-1.0.0.aar because:
  Build cache is disabled
Skipping AarToClassTransform: C:\Users\user\.gradle\caches\modules-2\files-2.1\androidx.print\print\1.0.0\7722094652c48ebe27acc94d74a55e759e4635ff\print-1.0.0.aar as it is up-to-date.
Skipping AarToClassTransform: C:\Users\user\.gradle\caches\transforms-3\fbc9b37369269c733242e6987e66b20d\transformed\jetified-volley-1.2.1.aar as it is up-to-date.
Transforming guava-31.1-android.jar (com.google.guava:guava:31.1-android) with JetifyTransform
Transforming guava-31.1-android.jar (com.google.guava:guava:31.1-android) with IdentityTransform
Transforming listenablefuture-9999.0-empty-to-avoid-conflict-with-guava.jar (com.google.guava:listenablefuture:9999.0-empty-to-avoid-conflict-with-guava) with JetifyTransform
Transforming listenablefuture-9999.0-empty-to-avoid-conflict-with-guava.jar (com.google.guava:listenablefuture:9999.0-empty-to-avoid-conflict-with-guava) with IdentityTransform
Transforming startup-runtime-1.1.1.aar (androidx.startup:startup-runtime:1.1.1) with JetifyTransform
Transforming startup-runtime-1.1.1.aar (androidx.startup:startup-runtime:1.1.1) with AarToClassTransform
Caching disabled for AarToClassTransform: C:\Users\user\.gradle\caches\transforms-3\0a8916c9023a0c8953561b4e842192b7\transformed\jetified-lottie-6.1.0.aar because:
  Build cache is disabled
Caching disabled for AarToClassTransform: C:\Users\user\.gradle\caches\transforms-3\a475b4ecc0c45c83370ef0b6656f0a12\transformed\jetified-circleimageview-3.1.0.aar because:
  Build cache is disabled
Caching disabled for AarToClassTransform: C:\Users\user\.gradle\caches\transforms-3\851fbae5c43dae3c9ce9fb3bd77d7169\transformed\jetified-Android-Image-Slider-1.4.0.aar because:
  Build cache is disabled
Transforming resourceinspection-annotation-1.0.1.jar (androidx.resourceinspection:resourceinspection-annotation:1.0.1) with JetifyTransform
Skipping AarToClassTransform: C:\Users\user\.gradle\caches\transforms-3\851fbae5c43dae3c9ce9fb3bd77d7169\transformed\jetified-Android-Image-Slider-1.4.0.aar as it is up-to-date.
Skipping AarToClassTransform: C:\Users\user\.gradle\caches\transforms-3\a475b4ecc0c45c83370ef0b6656f0a12\transformed\jetified-circleimageview-3.1.0.aar as it is up-to-date.
Skipping AarToClassTransform: C:\Users\user\.gradle\caches\transforms-3\0a8916c9023a0c8953561b4e842192b7\transformed\jetified-lottie-6.1.0.aar as it is up-to-date.
Transforming resourceinspection-annotation-1.0.1.jar (androidx.resourceinspection:resourceinspection-annotation:1.0.1) with IdentityTransform
Caching disabled for AarToClassTransform: C:\Users\user\.gradle\caches\transforms-3\fb601a7f62cad805c5e36eb62ca67e9e\transformed\jetified-exoplayer-core-2.19.1.aar because:
  Build cache is disabled
Transforming constraintlayout-solver-2.0.1.jar (androidx.constraintlayout:constraintlayout-solver:2.0.1) with JetifyTransform
Skipping AarToClassTransform: C:\Users\user\.gradle\caches\transforms-3\fb601a7f62cad805c5e36eb62ca67e9e\transformed\jetified-exoplayer-core-2.19.1.aar as it is up-to-date.
Transforming constraintlayout-solver-2.0.1.jar (androidx.constraintlayout:constraintlayout-solver:2.0.1) with IdentityTransform
Transforming hilt-core-2.49.jar (com.google.dagger:hilt-core:2.49) with JetifyTransform
Transforming hilt-core-2.49.jar (com.google.dagger:hilt-core:2.49) with IdentityTransform
Transforming dagger-2.49.jar (com.google.dagger:dagger:2.49) with JetifyTransform
Transforming dagger-2.49.jar (com.google.dagger:dagger:2.49) with IdentityTransform
Transforming javax.inject-1.jar (javax.inject:javax.inject:1) with JetifyTransform
Transforming javax.inject-1.jar (javax.inject:javax.inject:1) with IdentityTransform
Transforming dagger-lint-aar-2.49.aar (com.google.dagger:dagger-lint-aar:2.49) with JetifyTransform
Transforming dagger-lint-aar-2.49.aar (com.google.dagger:dagger-lint-aar:2.49) with AarToClassTransform
Caching disabled for AarToClassTransform: C:\Users\user\.gradle\caches\transforms-3\71b917bd5424ad7c271e84e7df2ceea6\transformed\jetified-exoplayer-common-2.19.1.aar because:
  Build cache is disabled
Transforming jsr305-3.0.2.jar (com.google.code.findbugs:jsr305:3.0.2) with JetifyTransform
Skipping AarToClassTransform: C:\Users\user\.gradle\caches\transforms-3\71b917bd5424ad7c271e84e7df2ceea6\transformed\jetified-exoplayer-common-2.19.1.aar as it is up-to-date.
Transforming jsr305-3.0.2.jar (com.google.code.findbugs:jsr305:3.0.2) with IdentityTransform
Transforming gson-2.8.5.jar (com.google.code.gson:gson:2.8.5) with JetifyTransform
Transforming gson-2.8.5.jar (com.google.code.gson:gson:2.8.5) with IdentityTransform
Caching disabled for AarToClassTransform: C:\Users\user\.gradle\caches\transforms-3\ab6bb530d83c77acb53ebec686454bbf\transformed\jetified-startup-runtime-1.1.1.aar because:
  Build cache is disabled
Transforming failureaccess-1.0.1.jar (com.google.guava:failureaccess:1.0.1) with JetifyTransform
Skipping AarToClassTransform: C:\Users\user\.gradle\caches\transforms-3\ab6bb530d83c77acb53ebec686454bbf\transformed\jetified-startup-runtime-1.1.1.aar as it is up-to-date.
Transforming failureaccess-1.0.1.jar (com.google.guava:failureaccess:1.0.1) with IdentityTransform
Transforming exoplayer-database-2.19.1.aar (com.google.android.exoplayer:exoplayer-database:2.19.1) with JetifyTransform
Transforming exoplayer-database-2.19.1.aar (com.google.android.exoplayer:exoplayer-database:2.19.1) with AarToClassTransform
Transforming exoplayer-datasource-2.19.1.aar (com.google.android.exoplayer:exoplayer-datasource:2.19.1) with JetifyTransform
Transforming exoplayer-datasource-2.19.1.aar (com.google.android.exoplayer:exoplayer-datasource:2.19.1) with AarToClassTransform
Transforming exoplayer-decoder-2.19.1.aar (com.google.android.exoplayer:exoplayer-decoder:2.19.1) with JetifyTransform
Transforming exoplayer-decoder-2.19.1.aar (com.google.android.exoplayer:exoplayer-decoder:2.19.1) with AarToClassTransform
Transforming exoplayer-extractor-2.19.1.aar (com.google.android.exoplayer:exoplayer-extractor:2.19.1) with JetifyTransform
Transforming exoplayer-extractor-2.19.1.aar (com.google.android.exoplayer:exoplayer-extractor:2.19.1) with AarToClassTransform
Transforming exoplayer-container-2.19.1.aar (com.google.android.exoplayer:exoplayer-container:2.19.1) with JetifyTransform
Transforming exoplayer-container-2.19.1.aar (com.google.android.exoplayer:exoplayer-container:2.19.1) with AarToClassTransform
Caching disabled for AarToClassTransform: C:\Users\user\.gradle\caches\transforms-3\03c5f9b4261bd6c4e04cd2b9363cdc26\transformed\jetified-exoplayer-decoder-2.19.1.aar because:
  Build cache is disabled
Caching disabled for AarToClassTransform: C:\Users\user\.gradle\caches\transforms-3\5a141c4e1361a207e539e5cd0b804db9\transformed\jetified-exoplayer-datasource-2.19.1.aar because:
  Build cache is disabled
Skipping AarToClassTransform: C:\Users\user\.gradle\caches\transforms-3\5a141c4e1361a207e539e5cd0b804db9\transformed\jetified-exoplayer-datasource-2.19.1.aar as it is up-to-date.
Skipping AarToClassTransform: C:\Users\user\.gradle\caches\transforms-3\03c5f9b4261bd6c4e04cd2b9363cdc26\transformed\jetified-exoplayer-decoder-2.19.1.aar as it is up-to-date.
Caching disabled for AarToClassTransform: C:\Users\user\.gradle\caches\transforms-3\ffe0bcc24acabf5fe2a8653bacada7e5\transformed\jetified-dagger-lint-aar-2.49.aar because:
  Build cache is disabled
Caching disabled for AarToClassTransform: C:\Users\user\.gradle\caches\transforms-3\474f56b8a0d4cf2b439663d7b9fc3448\transformed\jetified-exoplayer-database-2.19.1.aar because:
  Build cache is disabled
Skipping AarToClassTransform: C:\Users\user\.gradle\caches\transforms-3\ffe0bcc24acabf5fe2a8653bacada7e5\transformed\jetified-dagger-lint-aar-2.49.aar as it is up-to-date.
Skipping AarToClassTransform: C:\Users\user\.gradle\caches\transforms-3\474f56b8a0d4cf2b439663d7b9fc3448\transformed\jetified-exoplayer-database-2.19.1.aar as it is up-to-date.
Caching disabled for AarToClassTransform: C:\Users\user\.gradle\caches\transforms-3\37ba6f7940ad213c9f1f6be0622bb72c\transformed\jetified-exoplayer-extractor-2.19.1.aar because:
  Build cache is disabled
Skipping AarToClassTransform: C:\Users\user\.gradle\caches\transforms-3\37ba6f7940ad213c9f1f6be0622bb72c\transformed\jetified-exoplayer-extractor-2.19.1.aar as it is up-to-date.
Transforming exoplayer-dash-2.19.1.aar (com.google.android.exoplayer:exoplayer-dash:2.19.1) with JetifyTransform
Caching disabled for AarToClassTransform: C:\Users\user\.gradle\caches\transforms-3\4a84cabcfd3d5577a6ccd1a1c18f1806\transformed\jetified-exoplayer-container-2.19.1.aar because:
  Build cache is disabled
Transforming exoplayer-dash-2.19.1.aar (com.google.android.exoplayer:exoplayer-dash:2.19.1) with AarToClassTransform
Skipping AarToClassTransform: C:\Users\user\.gradle\caches\transforms-3\4a84cabcfd3d5577a6ccd1a1c18f1806\transformed\jetified-exoplayer-container-2.19.1.aar as it is up-to-date.
Transforming exoplayer-hls-2.19.1.aar (com.google.android.exoplayer:exoplayer-hls:2.19.1) with JetifyTransform
Transforming exoplayer-hls-2.19.1.aar (com.google.android.exoplayer:exoplayer-hls:2.19.1) with AarToClassTransform
Transforming exoplayer-rtsp-2.19.1.aar (com.google.android.exoplayer:exoplayer-rtsp:2.19.1) with JetifyTransform
Transforming exoplayer-rtsp-2.19.1.aar (com.google.android.exoplayer:exoplayer-rtsp:2.19.1) with AarToClassTransform
Transforming exoplayer-smoothstreaming-2.19.1.aar (com.google.android.exoplayer:exoplayer-smoothstreaming:2.19.1) with JetifyTransform
Transforming exoplayer-smoothstreaming-2.19.1.aar (com.google.android.exoplayer:exoplayer-smoothstreaming:2.19.1) with AarToClassTransform
Caching disabled for AarToClassTransform: C:\Users\user\.gradle\caches\transforms-3\277e59d49ca9b50dd896509b14226935\transformed\jetified-exoplayer-dash-2.19.1.aar because:
  Build cache is disabled
Skipping AarToClassTransform: C:\Users\user\.gradle\caches\transforms-3\277e59d49ca9b50dd896509b14226935\transformed\jetified-exoplayer-dash-2.19.1.aar as it is up-to-date.
Caching disabled for AarToClassTransform: C:\Users\user\.gradle\caches\transforms-3\a1ff08deaf73c63763b8c21031db89e9\transformed\jetified-exoplayer-hls-2.19.1.aar because:
  Build cache is disabled
Caching disabled for AarToClassTransform: C:\Users\user\.gradle\caches\transforms-3\198e8db8d1459903e877c79812cc2a69\transformed\jetified-exoplayer-smoothstreaming-2.19.1.aar because:
  Build cache is disabled
Caching disabled for AarToClassTransform: C:\Users\user\.gradle\caches\transforms-3\b23e2cd6e9c03eeaa8a8865bf72867c8\transformed\jetified-exoplayer-rtsp-2.19.1.aar because:
  Build cache is disabled
Skipping AarToClassTransform: C:\Users\user\.gradle\caches\transforms-3\198e8db8d1459903e877c79812cc2a69\transformed\jetified-exoplayer-smoothstreaming-2.19.1.aar as it is up-to-date.
Skipping AarToClassTransform: C:\Users\user\.gradle\caches\transforms-3\a1ff08deaf73c63763b8c21031db89e9\transformed\jetified-exoplayer-hls-2.19.1.aar as it is up-to-date.
Skipping AarToClassTransform: C:\Users\user\.gradle\caches\transforms-3\b23e2cd6e9c03eeaa8a8865bf72867c8\transformed\jetified-exoplayer-rtsp-2.19.1.aar as it is up-to-date.
Transforming R.jar with ClasspathEntrySnapshotTransform
Transforming material-1.11.0-api.jar with ClasspathEntrySnapshotTransform
Transforming constraintlayout-2.0.1-api.jar with ClasspathEntrySnapshotTransform
Transforming appcompat-1.6.1-api.jar with ClasspathEntrySnapshotTransform
Transforming jetified-hilt-navigation-compose-1.1.0-api.jar with ClasspathEntrySnapshotTransform
Transforming jetified-hilt-navigation-1.1.0-api.jar with ClasspathEntrySnapshotTransform
Transforming jetified-hilt-android-2.49-api.jar with ClasspathEntrySnapshotTransform
Transforming jetified-viewpager2-1.0.0-api.jar with ClasspathEntrySnapshotTransform
Transforming jetified-play-services-ads-22.6.0-api.jar with ClasspathEntrySnapshotTransform
Transforming jetified-play-services-appset-16.0.1-api.jar with ClasspathEntrySnapshotTransform
Transforming jetified-play-services-base-18.2.0-api.jar with ClasspathEntrySnapshotTransform
Transforming jetified-play-services-tasks-18.0.2-api.jar with ClasspathEntrySnapshotTransform
Transforming jetified-play-services-ads-lite-22.6.0-api.jar with ClasspathEntrySnapshotTransform
Transforming jetified-play-services-ads-base-22.6.0-api.jar with ClasspathEntrySnapshotTransform
Transforming jetified-user-messaging-platform-2.1.0-api.jar with ClasspathEntrySnapshotTransform
Transforming jetified-play-services-ads-identifier-18.0.0-api.jar with ClasspathEntrySnapshotTransform
Transforming jetified-play-services-measurement-sdk-api-20.1.2-api.jar with ClasspathEntrySnapshotTransform
Transforming jetified-play-services-measurement-base-20.1.2-api.jar with ClasspathEntrySnapshotTransform
Transforming jetified-play-services-basement-18.2.0-api.jar with ClasspathEntrySnapshotTransform
Transforming fragment-1.5.1-api.jar with ClasspathEntrySnapshotTransform
Transforming navigation-common-2.7.6-api.jar with ClasspathEntrySnapshotTransform
Transforming navigation-runtime-2.7.6-api.jar with ClasspathEntrySnapshotTransform
Transforming navigation-common-ktx-2.7.6-api.jar with ClasspathEntrySnapshotTransform
Transforming navigation-runtime-ktx-2.7.6-api.jar with ClasspathEntrySnapshotTransform
Transforming jetified-navigation-compose-2.7.6-api.jar with ClasspathEntrySnapshotTransform
Transforming jetified-activity-1.8.2-api.jar with ClasspathEntrySnapshotTransform
Transforming jetified-activity-compose-1.8.2-api.jar with ClasspathEntrySnapshotTransform
Transforming jetified-activity-ktx-1.8.2-api.jar with ClasspathEntrySnapshotTransform
Transforming room-common-2.6.1.jar with ClasspathEntrySnapshotTransform
Transforming jetified-room-ktx-2.6.1-api.jar with ClasspathEntrySnapshotTransform
Transforming room-runtime-2.6.1-api.jar with ClasspathEntrySnapshotTransform
Transforming jetified-room-paging-2.6.1-api.jar with ClasspathEntrySnapshotTransform
Transforming jetified-paging-common-ktx-3.2.1.jar with ClasspathEntrySnapshotTransform
Transforming paging-runtime-3.2.1-api.jar with ClasspathEntrySnapshotTransform
Transforming paging-common-3.2.1.jar with ClasspathEntrySnapshotTransform
Caching disabled for ClasspathEntrySnapshotTransform: C:\Users\user\Desktop\projects\Football Live Score (Topon)\Live Football\app\build\intermediates\compile_and_runtime_not_namespaced_r_class_jar\release\R.jar because:
  Build cache is disabled
Skipping ClasspathEntrySnapshotTransform: C:\Users\user\Desktop\projects\Football Live Score (Topon)\Live Football\app\build\intermediates\compile_and_runtime_not_namespaced_r_class_jar\release\R.jar as it is up-to-date.
Transforming jetified-paging-runtime-ktx-3.2.1-api.jar with ClasspathEntrySnapshotTransform
Caching disabled for ClasspathEntrySnapshotTransform: C:\Users\user\.gradle\caches\transforms-3\cbcfd89667e4aed9ae93d79ea3d2d9d3\transformed\appcompat-1.6.1-api.jar because:
  Build cache is disabled
Skipping ClasspathEntrySnapshotTransform: C:\Users\user\.gradle\caches\transforms-3\cbcfd89667e4aed9ae93d79ea3d2d9d3\transformed\appcompat-1.6.1-api.jar as it is up-to-date.
Caching disabled for ClasspathEntrySnapshotTransform: C:\Users\user\.gradle\caches\transforms-3\3efe4d2e22b5b846e52acddc106a11c5\transformed\material-1.11.0-api.jar because:
  Build cache is disabled
Skipping ClasspathEntrySnapshotTransform: C:\Users\user\.gradle\caches\transforms-3\3efe4d2e22b5b846e52acddc106a11c5\transformed\material-1.11.0-api.jar as it is up-to-date.
Transforming jetified-paging-compose-3.2.1-api.jar with ClasspathEntrySnapshotTransform
Transforming jetified-material3-release-api.jar with ClasspathEntrySnapshotTransform
Transforming jetified-material-ripple-release-api.jar with ClasspathEntrySnapshotTransform
Transforming jetified-material-icons-core-release-api.jar with ClasspathEntrySnapshotTransform
Transforming jetified-material-release-api.jar with ClasspathEntrySnapshotTransform
Caching disabled for ClasspathEntrySnapshotTransform: C:\Users\user\.gradle\caches\transforms-3\f2186c4dac06fe3b9bf203f36f6fe9b2\transformed\jetified-hilt-android-2.49-api.jar because:
  Build cache is disabled
Skipping ClasspathEntrySnapshotTransform: C:\Users\user\.gradle\caches\transforms-3\f2186c4dac06fe3b9bf203f36f6fe9b2\transformed\jetified-hilt-android-2.49-api.jar as it is up-to-date.
Caching disabled for ClasspathEntrySnapshotTransform: C:\Users\user\.gradle\caches\transforms-3\b862e75a790792ef7d68ad0761b14869\transformed\jetified-hilt-navigation-1.1.0-api.jar because:
  Build cache is disabled
Caching disabled for ClasspathEntrySnapshotTransform: C:\Users\user\.gradle\caches\transforms-3\5e52de47ece93cc5ef68eff9feca65f0\transformed\jetified-play-services-appset-16.0.1-api.jar because:
  Build cache is disabled
Skipping ClasspathEntrySnapshotTransform: C:\Users\user\.gradle\caches\transforms-3\b862e75a790792ef7d68ad0761b14869\transformed\jetified-hilt-navigation-1.1.0-api.jar as it is up-to-date.
Caching disabled for ClasspathEntrySnapshotTransform: C:\Users\user\.gradle\caches\transforms-3\fe9ebe0711c9c2c91a083fb2f923a71b\transformed\jetified-hilt-navigation-compose-1.1.0-api.jar because:
  Build cache is disabled
Skipping ClasspathEntrySnapshotTransform: C:\Users\user\.gradle\caches\transforms-3\fe9ebe0711c9c2c91a083fb2f923a71b\transformed\jetified-hilt-navigation-compose-1.1.0-api.jar as it is up-to-date.
Caching disabled for ClasspathEntrySnapshotTransform: C:\Users\user\.gradle\caches\transforms-3\bf51b357ebcbbe3a5b569e1726ac45b4\transformed\constraintlayout-2.0.1-api.jar because:
  Build cache is disabled
Skipping ClasspathEntrySnapshotTransform: C:\Users\user\.gradle\caches\transforms-3\5e52de47ece93cc5ef68eff9feca65f0\transformed\jetified-play-services-appset-16.0.1-api.jar as it is up-to-date.
Skipping ClasspathEntrySnapshotTransform: C:\Users\user\.gradle\caches\transforms-3\bf51b357ebcbbe3a5b569e1726ac45b4\transformed\constraintlayout-2.0.1-api.jar as it is up-to-date.
Transforming jetified-coil-compose-2.5.0-api.jar with ClasspathEntrySnapshotTransform
Caching disabled for ClasspathEntrySnapshotTransform: C:\Users\user\.gradle\caches\transforms-3\43f910de07e7cbe39cefcb65da475821\transformed\jetified-viewpager2-1.0.0-api.jar because:
  Build cache is disabled
Transforming jetified-coil-compose-base-2.5.0-api.jar with ClasspathEntrySnapshotTransform
Skipping ClasspathEntrySnapshotTransform: C:\Users\user\.gradle\caches\transforms-3\43f910de07e7cbe39cefcb65da475821\transformed\jetified-viewpager2-1.0.0-api.jar as it is up-to-date.
Caching disabled for ClasspathEntrySnapshotTransform: C:\Users\user\.gradle\caches\transforms-3\e01f7d2b51bcff8cc8129e8cc088c91b\transformed\jetified-play-services-base-18.2.0-api.jar because:
  Build cache is disabled
Transforming jetified-foundation-layout-release-api.jar with ClasspathEntrySnapshotTransform
Skipping ClasspathEntrySnapshotTransform: C:\Users\user\.gradle\caches\transforms-3\e01f7d2b51bcff8cc8129e8cc088c91b\transformed\jetified-play-services-base-18.2.0-api.jar as it is up-to-date.
Caching disabled for ClasspathEntrySnapshotTransform: C:\Users\user\.gradle\caches\transforms-3\ead2dd11908d4daab01cb875ed26fd3d\transformed\jetified-play-services-ads-22.6.0-api.jar because:
  Build cache is disabled
Transforming jetified-foundation-release-api.jar with ClasspathEntrySnapshotTransform
Skipping ClasspathEntrySnapshotTransform: C:\Users\user\.gradle\caches\transforms-3\ead2dd11908d4daab01cb875ed26fd3d\transformed\jetified-play-services-ads-22.6.0-api.jar as it is up-to-date.
Transforming jetified-animation-core-release-api.jar with ClasspathEntrySnapshotTransform
Transforming jetified-animation-release-api.jar with ClasspathEntrySnapshotTransform
Transforming jetified-ui-util-release-api.jar with ClasspathEntrySnapshotTransform
Transforming jetified-ui-unit-release-api.jar with ClasspathEntrySnapshotTransform
Transforming jetified-ui-text-release-api.jar with ClasspathEntrySnapshotTransform
Transforming jetified-ui-geometry-release-api.jar with ClasspathEntrySnapshotTransform
Transforming jetified-ui-graphics-release-api.jar with ClasspathEntrySnapshotTransform
Caching disabled for ClasspathEntrySnapshotTransform: C:\Users\user\.gradle\caches\transforms-3\2a4dd99a898ddec2911d6fa610fc4000\transformed\jetified-play-services-tasks-18.0.2-api.jar because:
  Build cache is disabled
Skipping ClasspathEntrySnapshotTransform: C:\Users\user\.gradle\caches\transforms-3\2a4dd99a898ddec2911d6fa610fc4000\transformed\jetified-play-services-tasks-18.0.2-api.jar as it is up-to-date.
Caching disabled for ClasspathEntrySnapshotTransform: C:\Users\user\.gradle\caches\transforms-3\80076ca8be81e6c47be44c8a37a5436f\transformed\jetified-play-services-ads-lite-22.6.0-api.jar because:
  Build cache is disabled
Skipping ClasspathEntrySnapshotTransform: C:\Users\user\.gradle\caches\transforms-3\80076ca8be81e6c47be44c8a37a5436f\transformed\jetified-play-services-ads-lite-22.6.0-api.jar as it is up-to-date.
Transforming jetified-ui-release-api.jar with ClasspathEntrySnapshotTransform
Transforming jetified-ui-tooling-preview-release-api.jar with ClasspathEntrySnapshotTransform
Transforming jetified-runtime-saveable-release-api.jar with ClasspathEntrySnapshotTransform
Transforming jetified-runtime-release-api.jar with ClasspathEntrySnapshotTransform
Transforming jetified-runtime-livedata-1.6.1-api.jar with ClasspathEntrySnapshotTransform
Transforming jetified-appcompat-resources-1.6.1-api.jar with ClasspathEntrySnapshotTransform
Transforming drawerlayout-1.1.1-api.jar with ClasspathEntrySnapshotTransform
Transforming coordinatorlayout-1.1.0-api.jar with ClasspathEntrySnapshotTransform
Transforming dynamicanimation-1.0.0-api.jar with ClasspathEntrySnapshotTransform
Transforming recyclerview-1.3.0-api.jar with ClasspathEntrySnapshotTransform
Transforming transition-1.2.0-api.jar with ClasspathEntrySnapshotTransform
Transforming vectordrawable-animated-1.1.0-api.jar with ClasspathEntrySnapshotTransform
Transforming vectordrawable-1.1.0-api.jar with ClasspathEntrySnapshotTransform
Transforming jetified-exoplayer-2.19.1-api.jar with ClasspathEntrySnapshotTransform
Transforming jetified-exoplayer-ui-2.19.1-api.jar with ClasspathEntrySnapshotTransform
Transforming media-1.6.0-api.jar with ClasspathEntrySnapshotTransform
Transforming browser-1.4.0-api.jar with ClasspathEntrySnapshotTransform
Transforming viewpager-1.0.0-api.jar with ClasspathEntrySnapshotTransform
Transforming customview-1.1.0-api.jar with ClasspathEntrySnapshotTransform
Transforming legacy-support-core-utils-1.0.0-api.jar with ClasspathEntrySnapshotTransform
Transforming loader-1.0.0-api.jar with ClasspathEntrySnapshotTransform
Transforming core-1.12.0-api.jar with ClasspathEntrySnapshotTransform
Transforming jetified-lifecycle-livedata-ktx-2.7.0-api.jar with ClasspathEntrySnapshotTransform
Transforming jetified-lifecycle-livedata-core-ktx-2.7.0-api.jar with ClasspathEntrySnapshotTransform
Transforming lifecycle-livedata-core-2.7.0-api.jar with ClasspathEntrySnapshotTransform
Transforming lifecycle-common-2.7.0.jar with ClasspathEntrySnapshotTransform
Transforming work-runtime-2.7.0-api.jar with ClasspathEntrySnapshotTransform
Transforming lifecycle-livedata-2.7.0-api.jar with ClasspathEntrySnapshotTransform
Caching disabled for ClasspathEntrySnapshotTransform: C:\Users\user\.gradle\caches\transforms-3\6070a8a55b07af9bba206a0bc3ce4be9\transformed\jetified-play-services-measurement-sdk-api-20.1.2-api.jar because:
  Build cache is disabled
Caching disabled for ClasspathEntrySnapshotTransform: C:\Users\user\.gradle\caches\transforms-3\b07c92cbf51eaaec23d31325185edf84\transformed\jetified-user-messaging-platform-2.1.0-api.jar because:
  Build cache is disabled
Caching disabled for ClasspathEntrySnapshotTransform: C:\Users\user\.gradle\caches\transforms-3\1f2346df9314605286de174a583248f5\transformed\jetified-play-services-measurement-base-20.1.2-api.jar because:
  Build cache is disabled
Skipping ClasspathEntrySnapshotTransform: C:\Users\user\.gradle\caches\transforms-3\b07c92cbf51eaaec23d31325185edf84\transformed\jetified-user-messaging-platform-2.1.0-api.jar as it is up-to-date.
Skipping ClasspathEntrySnapshotTransform: C:\Users\user\.gradle\caches\transforms-3\1f2346df9314605286de174a583248f5\transformed\jetified-play-services-measurement-base-20.1.2-api.jar as it is up-to-date.
Skipping ClasspathEntrySnapshotTransform: C:\Users\user\.gradle\caches\transforms-3\6070a8a55b07af9bba206a0bc3ce4be9\transformed\jetified-play-services-measurement-sdk-api-20.1.2-api.jar as it is up-to-date.
Transforming jetified-lifecycle-viewmodel-ktx-2.7.0-api.jar with ClasspathEntrySnapshotTransform
Caching disabled for ClasspathEntrySnapshotTransform: C:\Users\user\.gradle\caches\transforms-3\11e5b6f27cffd79bfa52a1521b214ec0\transformed\jetified-play-services-ads-identifier-18.0.0-api.jar because:
  Build cache is disabled
Transforming lifecycle-common-java8-2.7.0.jar with ClasspathEntrySnapshotTransform
Skipping ClasspathEntrySnapshotTransform: C:\Users\user\.gradle\caches\transforms-3\11e5b6f27cffd79bfa52a1521b214ec0\transformed\jetified-play-services-ads-identifier-18.0.0-api.jar as it is up-to-date.
Transforming lifecycle-viewmodel-2.7.0-api.jar with ClasspathEntrySnapshotTransform
Caching disabled for ClasspathEntrySnapshotTransform: C:\Users\user\.gradle\caches\transforms-3\b93cf1d9d624fa190ff87b73b02786ac\transformed\jetified-play-services-basement-18.2.0-api.jar because:
  Build cache is disabled
Skipping ClasspathEntrySnapshotTransform: C:\Users\user\.gradle\caches\transforms-3\b93cf1d9d624fa190ff87b73b02786ac\transformed\jetified-play-services-basement-18.2.0-api.jar as it is up-to-date.
Caching disabled for ClasspathEntrySnapshotTransform: C:\Users\user\.gradle\caches\transforms-3\c2215d25b2d840030ede5186a3c05345\transformed\fragment-1.5.1-api.jar because:
  Build cache is disabled
Caching disabled for ClasspathEntrySnapshotTransform: C:\Users\user\.gradle\caches\transforms-3\38317c4bc41322a67c369f9e15ec7388\transformed\navigation-common-ktx-2.7.6-api.jar because:
  Build cache is disabled
Transforming jetified-coil-2.5.0-api.jar with ClasspathEntrySnapshotTransform
Caching disabled for ClasspathEntrySnapshotTransform: C:\Users\user\.gradle\caches\transforms-3\fac22b21885a477b5657bbf24c43130b\transformed\jetified-play-services-ads-base-22.6.0-api.jar because:
  Build cache is disabled
Skipping ClasspathEntrySnapshotTransform: C:\Users\user\.gradle\caches\transforms-3\fac22b21885a477b5657bbf24c43130b\transformed\jetified-play-services-ads-base-22.6.0-api.jar as it is up-to-date.
Caching disabled for ClasspathEntrySnapshotTransform: C:\Users\user\.gradle\caches\transforms-3\d875dea16cb95bb051ce57fafd2541bc\transformed\navigation-runtime-ktx-2.7.6-api.jar because:
  Build cache is disabled
Transforming jetified-coil-base-2.5.0-api.jar with ClasspathEntrySnapshotTransform
Caching disabled for ClasspathEntrySnapshotTransform: C:\Users\user\.gradle\caches\transforms-3\c670c4f4facc885eb01e4f0c6cd2ee5d\transformed\jetified-activity-1.8.2-api.jar because:
  Build cache is disabled
Transforming lifecycle-runtime-2.7.0-api.jar with ClasspathEntrySnapshotTransform
Skipping ClasspathEntrySnapshotTransform: C:\Users\user\.gradle\caches\transforms-3\c670c4f4facc885eb01e4f0c6cd2ee5d\transformed\jetified-activity-1.8.2-api.jar as it is up-to-date.
Caching disabled for ClasspathEntrySnapshotTransform: C:\Users\user\.gradle\caches\transforms-3\4beda84bc3859e2f1405ad0b0df33413\transformed\navigation-runtime-2.7.6-api.jar because:
  Build cache is disabled
Skipping ClasspathEntrySnapshotTransform: C:\Users\user\.gradle\caches\transforms-3\38317c4bc41322a67c369f9e15ec7388\transformed\navigation-common-ktx-2.7.6-api.jar as it is up-to-date.
Skipping ClasspathEntrySnapshotTransform: C:\Users\user\.gradle\caches\transforms-3\c2215d25b2d840030ede5186a3c05345\transformed\fragment-1.5.1-api.jar as it is up-to-date.
Caching disabled for ClasspathEntrySnapshotTransform: C:\Users\user\.gradle\caches\transforms-3\6f3fec40aedaf012baa40dbd0d150580\transformed\navigation-common-2.7.6-api.jar because:
  Build cache is disabled
Skipping ClasspathEntrySnapshotTransform: C:\Users\user\.gradle\caches\transforms-3\4beda84bc3859e2f1405ad0b0df33413\transformed\navigation-runtime-2.7.6-api.jar as it is up-to-date.
Skipping ClasspathEntrySnapshotTransform: C:\Users\user\.gradle\caches\transforms-3\6f3fec40aedaf012baa40dbd0d150580\transformed\navigation-common-2.7.6-api.jar as it is up-to-date.
Transforming jetified-lifecycle-runtime-ktx-2.7.0-api.jar with ClasspathEntrySnapshotTransform
Transforming jetified-lifecycle-viewmodel-compose-2.7.0-api.jar with ClasspathEntrySnapshotTransform
Transforming jetified-lifecycle-viewmodel-savedstate-2.7.0-api.jar with ClasspathEntrySnapshotTransform
Transforming jetified-core-ktx-1.12.0-api.jar with ClasspathEntrySnapshotTransform
Transforming jetified-flexbox-3.0.0-api.jar with ClasspathEntrySnapshotTransform
Transforming jetified-core-splashscreen-1.0.1-api.jar with ClasspathEntrySnapshotTransform
Transforming jetified-kotlin-parcelize-runtime-1.9.22.jar with ClasspathEntrySnapshotTransform
Transforming jetified-savedstate-ktx-1.2.1-api.jar with ClasspathEntrySnapshotTransform
Transforming jetified-savedstate-1.2.1-api.jar with ClasspathEntrySnapshotTransform
Caching disabled for ClasspathEntrySnapshotTransform: C:\Users\user\.gradle\caches\transforms-3\2dc834dad25f60311ad8563ae9e69369\transformed\jetified-activity-compose-1.8.2-api.jar because:
  Build cache is disabled
Caching disabled for ClasspathEntrySnapshotTransform: C:\Users\user\.gradle\caches\transforms-3\05e02f5eb083e174f1cf81c656144347\transformed\jetified-navigation-compose-2.7.6-api.jar because:
  Build cache is disabled
Skipping ClasspathEntrySnapshotTransform: C:\Users\user\.gradle\caches\transforms-3\2dc834dad25f60311ad8563ae9e69369\transformed\jetified-activity-compose-1.8.2-api.jar as it is up-to-date.
Skipping ClasspathEntrySnapshotTransform: C:\Users\user\.gradle\caches\transforms-3\d875dea16cb95bb051ce57fafd2541bc\transformed\navigation-runtime-ktx-2.7.6-api.jar as it is up-to-date.
Skipping ClasspathEntrySnapshotTransform: C:\Users\user\.gradle\caches\transforms-3\05e02f5eb083e174f1cf81c656144347\transformed\jetified-navigation-compose-2.7.6-api.jar as it is up-to-date.
Caching disabled for ClasspathEntrySnapshotTransform: C:\Users\user\.gradle\caches\transforms-3\bbe4891fbea243ea8935a5246a220925\transformed\jetified-room-ktx-2.6.1-api.jar because:
  Build cache is disabled
Skipping ClasspathEntrySnapshotTransform: C:\Users\user\.gradle\caches\transforms-3\bbe4891fbea243ea8935a5246a220925\transformed\jetified-room-ktx-2.6.1-api.jar as it is up-to-date.
Caching disabled for ClasspathEntrySnapshotTransform: C:\Users\user\.gradle\caches\transforms-3\d1fe90f07578c3ac6e3fd33d1601feb8\transformed\jetified-activity-ktx-1.8.2-api.jar because:
  Build cache is disabled
Skipping ClasspathEntrySnapshotTransform: C:\Users\user\.gradle\caches\transforms-3\d1fe90f07578c3ac6e3fd33d1601feb8\transformed\jetified-activity-ktx-1.8.2-api.jar as it is up-to-date.
Caching disabled for ClasspathEntrySnapshotTransform: C:\Users\user\.gradle\caches\transforms-3\13ffb2e7b98dfbb3cf16b04cd4c1a7ab\transformed\jetified-paging-compose-3.2.1-api.jar because:
  Build cache is disabled
Caching disabled for ClasspathEntrySnapshotTransform: C:\Users\user\.gradle\caches\transforms-3\7b8ea8f2a2ecbbeddf6848cace47b09e\transformed\paging-runtime-3.2.1-api.jar because:
  Build cache is disabled
Skipping ClasspathEntrySnapshotTransform: C:\Users\user\.gradle\caches\transforms-3\13ffb2e7b98dfbb3cf16b04cd4c1a7ab\transformed\jetified-paging-compose-3.2.1-api.jar as it is up-to-date.
Transforming jetified-annotation-experimental-1.4.0-api.jar with ClasspathEntrySnapshotTransform
Skipping ClasspathEntrySnapshotTransform: C:\Users\user\.gradle\caches\transforms-3\7b8ea8f2a2ecbbeddf6848cace47b09e\transformed\paging-runtime-3.2.1-api.jar as it is up-to-date.
Transforming jetified-converter-gson-2.9.0.jar with ClasspathEntrySnapshotTransform
Caching disabled for ClasspathEntrySnapshotTransform: C:\Users\user\.gradle\caches\transforms-3\7308236ebe5bc620bd7fbb5deb7c61c6\transformed\jetified-paging-common-ktx-3.2.1.jar because:
  Build cache is disabled
Transforming jetified-retrofit-2.9.0.jar with ClasspathEntrySnapshotTransform
Transforming jetified-logging-interceptor-4.12.0.jar with ClasspathEntrySnapshotTransform
Transforming jetified-okhttp-4.12.0.jar with ClasspathEntrySnapshotTransform
Transforming jetified-ads-adservices-java-1.0.0-beta05-api.jar with ClasspathEntrySnapshotTransform
Transforming jetified-ads-adservices-1.0.0-beta05-api.jar with ClasspathEntrySnapshotTransform
Skipping ClasspathEntrySnapshotTransform: C:\Users\user\.gradle\caches\transforms-3\7308236ebe5bc620bd7fbb5deb7c61c6\transformed\jetified-paging-common-ktx-3.2.1.jar as it is up-to-date.
Transforming jetified-kotlinx-coroutines-core-jvm-1.7.3.jar with ClasspathEntrySnapshotTransform
Caching disabled for ClasspathEntrySnapshotTransform: C:\Users\user\.gradle\caches\transforms-3\6484d2ec886ee25e8fa486a7367cef89\transformed\jetified-paging-runtime-ktx-3.2.1-api.jar because:
  Build cache is disabled
Transforming jetified-kotlinx-coroutines-android-1.7.3.jar with ClasspathEntrySnapshotTransform
Caching disabled for ClasspathEntrySnapshotTransform: C:\Users\user\.gradle\caches\transforms-3\f791774d15e0a5c25b0d18f7170cfec6\transformed\room-runtime-2.6.1-api.jar because:
  Build cache is disabled
Transforming jetified-lottie-compose-6.1.0-api.jar with ClasspathEntrySnapshotTransform
Skipping ClasspathEntrySnapshotTransform: C:\Users\user\.gradle\caches\transforms-3\6484d2ec886ee25e8fa486a7367cef89\transformed\jetified-paging-runtime-ktx-3.2.1-api.jar as it is up-to-date.
Caching disabled for ClasspathEntrySnapshotTransform: C:\Users\user\.gradle\caches\modules-2\files-2.1\androidx.room\room-common\2.6.1\ff1b9580850a9b7eef56554e356628d225785265\room-common-2.6.1.jar because:
  Build cache is disabled
Skipping ClasspathEntrySnapshotTransform: C:\Users\user\.gradle\caches\modules-2\files-2.1\androidx.room\room-common\2.6.1\ff1b9580850a9b7eef56554e356628d225785265\room-common-2.6.1.jar as it is up-to-date.
Caching disabled for ClasspathEntrySnapshotTransform: C:\Users\user\.gradle\caches\transforms-3\02cf926b406b88cb89884dba3d41da6c\transformed\jetified-room-paging-2.6.1-api.jar because:
  Build cache is disabled
Transforming jetified-accompanist-permissions-0.32.0-api.jar with ClasspathEntrySnapshotTransform
Skipping ClasspathEntrySnapshotTransform: C:\Users\user\.gradle\caches\transforms-3\f791774d15e0a5c25b0d18f7170cfec6\transformed\room-runtime-2.6.1-api.jar as it is up-to-date.
Caching disabled for ClasspathEntrySnapshotTransform: C:\Users\user\.gradle\caches\transforms-3\57e0efac4cc3822bc412c4d24ceef8df\transformed\jetified-material3-release-api.jar because:
  Build cache is disabled
Caching disabled for ClasspathEntrySnapshotTransform: C:\Users\user\.gradle\caches\transforms-3\1824013db16aafcfda54096b8477ef59\transformed\jetified-material-ripple-release-api.jar because:
  Build cache is disabled
Skipping ClasspathEntrySnapshotTransform: C:\Users\user\.gradle\caches\transforms-3\57e0efac4cc3822bc412c4d24ceef8df\transformed\jetified-material3-release-api.jar as it is up-to-date.
Transforming jetified-okio-jvm-3.6.0.jar with ClasspathEntrySnapshotTransform
Skipping ClasspathEntrySnapshotTransform: C:\Users\user\.gradle\caches\transforms-3\1824013db16aafcfda54096b8477ef59\transformed\jetified-material-ripple-release-api.jar as it is up-to-date.
Transforming jetified-kotlin-stdlib-jdk8-1.9.10.jar with ClasspathEntrySnapshotTransform
Skipping ClasspathEntrySnapshotTransform: C:\Users\user\.gradle\caches\transforms-3\02cf926b406b88cb89884dba3d41da6c\transformed\jetified-room-paging-2.6.1-api.jar as it is up-to-date.
Transforming jetified-kotlin-android-extensions-runtime-1.9.22.jar with ClasspathEntrySnapshotTransform
Caching disabled for ClasspathEntrySnapshotTransform: C:\Users\user\.gradle\caches\modules-2\files-2.1\androidx.paging\paging-common\3.2.1\48d6af8b2cfb4da25557588b471557fa0751efbb\paging-common-3.2.1.jar because:
  Build cache is disabled
Caching disabled for ClasspathEntrySnapshotTransform: C:\Users\user\.gradle\caches\transforms-3\0aa56702d8de5d3f89c3a8889209e38c\transformed\jetified-material-icons-core-release-api.jar because:
  Build cache is disabled
Skipping ClasspathEntrySnapshotTransform: C:\Users\user\.gradle\caches\modules-2\files-2.1\androidx.paging\paging-common\3.2.1\48d6af8b2cfb4da25557588b471557fa0751efbb\paging-common-3.2.1.jar as it is up-to-date.
Skipping ClasspathEntrySnapshotTransform: C:\Users\user\.gradle\caches\transforms-3\0aa56702d8de5d3f89c3a8889209e38c\transformed\jetified-material-icons-core-release-api.jar as it is up-to-date.
Transforming cursoradapter-1.0.0-api.jar with ClasspathEntrySnapshotTransform
Caching disabled for ClasspathEntrySnapshotTransform: C:\Users\user\.gradle\caches\transforms-3\df79b6c2f1f03c92ecc0aacfe64cbe04\transformed\jetified-coil-compose-2.5.0-api.jar because:
  Build cache is disabled
Transforming cardview-1.0.0-api.jar with ClasspathEntrySnapshotTransform
Skipping ClasspathEntrySnapshotTransform: C:\Users\user\.gradle\caches\transforms-3\df79b6c2f1f03c92ecc0aacfe64cbe04\transformed\jetified-coil-compose-2.5.0-api.jar as it is up-to-date.
Caching disabled for ClasspathEntrySnapshotTransform: C:\Users\user\.gradle\caches\transforms-3\e6f5ef55846e8e2e58e794bc0547580b\transformed\jetified-material-release-api.jar because:
  Build cache is disabled
Skipping ClasspathEntrySnapshotTransform: C:\Users\user\.gradle\caches\transforms-3\e6f5ef55846e8e2e58e794bc0547580b\transformed\jetified-material-release-api.jar as it is up-to-date.
Transforming sqlite-framework-2.4.0-api.jar with ClasspathEntrySnapshotTransform
Transforming sqlite-2.4.0-api.jar with ClasspathEntrySnapshotTransform
Transforming versionedparcelable-1.1.1-api.jar with ClasspathEntrySnapshotTransform
Transforming core-runtime-2.2.0-api.jar with ClasspathEntrySnapshotTransform
Transforming core-common-2.2.0.jar with ClasspathEntrySnapshotTransform
Transforming jetified-collection-jvm-1.4.0.jar with ClasspathEntrySnapshotTransform
Transforming interpolator-1.0.0-api.jar with ClasspathEntrySnapshotTransform
Transforming documentfile-1.0.0-api.jar with ClasspathEntrySnapshotTransform
Transforming localbroadcastmanager-1.0.0-api.jar with ClasspathEntrySnapshotTransform
Transforming print-1.0.0-api.jar with ClasspathEntrySnapshotTransform
Transforming jetified-annotation-jvm-1.7.0.jar with ClasspathEntrySnapshotTransform
Transforming jetified-kotlin-stdlib-jdk7-1.9.10.jar with ClasspathEntrySnapshotTransform
Transforming jetified-kotlin-stdlib-1.9.22.jar with ClasspathEntrySnapshotTransform
Transforming jetified-volley-1.2.1-api.jar with ClasspathEntrySnapshotTransform
Transforming jetified-lottie-6.1.0-api.jar with ClasspathEntrySnapshotTransform
Transforming jetified-Android-Image-Slider-1.4.0-api.jar with ClasspathEntrySnapshotTransform
Transforming jetified-circleimageview-3.1.0-api.jar with ClasspathEntrySnapshotTransform
Transforming jetified-annotations-23.0.0.jar with ClasspathEntrySnapshotTransform
Transforming jetified-exoplayer-core-2.19.1-api.jar with ClasspathEntrySnapshotTransform
Transforming jetified-exoplayer-common-2.19.1-api.jar with ClasspathEntrySnapshotTransform
Transforming jetified-guava-31.1-android.jar with ClasspathEntrySnapshotTransform
Transforming jetified-listenablefuture-9999.0-empty-to-avoid-conflict-with-guava.jar with ClasspathEntrySnapshotTransform
Transforming jetified-startup-runtime-1.1.1-api.jar with ClasspathEntrySnapshotTransform
Transforming jetified-resourceinspection-annotation-1.0.1.jar with ClasspathEntrySnapshotTransform
Transforming constraintlayout-solver-2.0.1.jar with ClasspathEntrySnapshotTransform
Transforming jetified-hilt-core-2.49.jar with ClasspathEntrySnapshotTransform
Caching disabled for ClasspathEntrySnapshotTransform: C:\Users\user\.gradle\caches\transforms-3\2b579740c6b4009340f0c3eb5aa52c79\transformed\jetified-foundation-release-api.jar because:
  Build cache is disabled
Skipping ClasspathEntrySnapshotTransform: C:\Users\user\.gradle\caches\transforms-3\2b579740c6b4009340f0c3eb5aa52c79\transformed\jetified-foundation-release-api.jar as it is up-to-date.
Caching disabled for ClasspathEntrySnapshotTransform: C:\Users\user\.gradle\caches\transforms-3\8c03f65f6ff502ff4ce9f214a9bb5979\transformed\jetified-ui-util-release-api.jar because:
  Build cache is disabled
Caching disabled for ClasspathEntrySnapshotTransform: C:\Users\user\.gradle\caches\transforms-3\f7880a7d6293967080bff58b168589a9\transformed\jetified-animation-release-api.jar because:
  Build cache is disabled
Skipping ClasspathEntrySnapshotTransform: C:\Users\user\.gradle\caches\transforms-3\f7880a7d6293967080bff58b168589a9\transformed\jetified-animation-release-api.jar as it is up-to-date.
Caching disabled for ClasspathEntrySnapshotTransform: C:\Users\user\.gradle\caches\transforms-3\632527dce4695115ee6b44a335f62b5e\transformed\jetified-coil-compose-base-2.5.0-api.jar because:
  Build cache is disabled
Skipping ClasspathEntrySnapshotTransform: C:\Users\user\.gradle\caches\transforms-3\632527dce4695115ee6b44a335f62b5e\transformed\jetified-coil-compose-base-2.5.0-api.jar as it is up-to-date.
Caching disabled for ClasspathEntrySnapshotTransform: C:\Users\user\.gradle\caches\transforms-3\7ce0da08bb9e48a6033667008f497f3e\transformed\jetified-ui-release-api.jar because:
  Build cache is disabled
Skipping ClasspathEntrySnapshotTransform: C:\Users\user\.gradle\caches\transforms-3\7ce0da08bb9e48a6033667008f497f3e\transformed\jetified-ui-release-api.jar as it is up-to-date.
Caching disabled for ClasspathEntrySnapshotTransform: C:\Users\user\.gradle\caches\transforms-3\880530f06dd32c288c155f3c96332039\transformed\jetified-ui-geometry-release-api.jar because:
  Build cache is disabled
Transforming jetified-dagger-2.49.jar with ClasspathEntrySnapshotTransform
Skipping ClasspathEntrySnapshotTransform: C:\Users\user\.gradle\caches\transforms-3\880530f06dd32c288c155f3c96332039\transformed\jetified-ui-geometry-release-api.jar as it is up-to-date.
Skipping ClasspathEntrySnapshotTransform: C:\Users\user\.gradle\caches\transforms-3\8c03f65f6ff502ff4ce9f214a9bb5979\transformed\jetified-ui-util-release-api.jar as it is up-to-date.
Caching disabled for ClasspathEntrySnapshotTransform: C:\Users\user\.gradle\caches\transforms-3\304c97c13454032cb0451d212a6a910a\transformed\jetified-ui-text-release-api.jar because:
  Build cache is disabled
Skipping ClasspathEntrySnapshotTransform: C:\Users\user\.gradle\caches\transforms-3\304c97c13454032cb0451d212a6a910a\transformed\jetified-ui-text-release-api.jar as it is up-to-date.
Caching disabled for ClasspathEntrySnapshotTransform: C:\Users\user\.gradle\caches\transforms-3\4ac012c8e725f3bcc201d41b3e111eaa\transformed\jetified-foundation-layout-release-api.jar because:
  Build cache is disabled
Skipping ClasspathEntrySnapshotTransform: C:\Users\user\.gradle\caches\transforms-3\4ac012c8e725f3bcc201d41b3e111eaa\transformed\jetified-foundation-layout-release-api.jar as it is up-to-date.
Transforming jetified-javax.inject-1.jar with ClasspathEntrySnapshotTransform
Caching disabled for ClasspathEntrySnapshotTransform: C:\Users\user\.gradle\caches\transforms-3\80d5f4751bd84a81d7fe87ef2ae20a94\transformed\jetified-ui-unit-release-api.jar because:
  Build cache is disabled
Transforming jetified-dagger-lint-aar-2.49-api.jar with ClasspathEntrySnapshotTransform
Skipping ClasspathEntrySnapshotTransform: C:\Users\user\.gradle\caches\transforms-3\80d5f4751bd84a81d7fe87ef2ae20a94\transformed\jetified-ui-unit-release-api.jar as it is up-to-date.
Caching disabled for ClasspathEntrySnapshotTransform: C:\Users\user\.gradle\caches\transforms-3\e12166c81d63a751e832141fd0705a8f\transformed\jetified-ui-tooling-preview-release-api.jar because:
  Build cache is disabled
Transforming jetified-jsr305-3.0.2.jar with ClasspathEntrySnapshotTransform
Skipping ClasspathEntrySnapshotTransform: C:\Users\user\.gradle\caches\transforms-3\e12166c81d63a751e832141fd0705a8f\transformed\jetified-ui-tooling-preview-release-api.jar as it is up-to-date.
Transforming jetified-gson-2.8.5.jar with ClasspathEntrySnapshotTransform
Transforming jetified-failureaccess-1.0.1.jar with ClasspathEntrySnapshotTransform
Transforming jetified-exoplayer-database-2.19.1-api.jar with ClasspathEntrySnapshotTransform
Transforming jetified-exoplayer-datasource-2.19.1-api.jar with ClasspathEntrySnapshotTransform
Transforming jetified-exoplayer-decoder-2.19.1-api.jar with ClasspathEntrySnapshotTransform
Transforming jetified-exoplayer-extractor-2.19.1-api.jar with ClasspathEntrySnapshotTransform
Transforming jetified-exoplayer-container-2.19.1-api.jar with ClasspathEntrySnapshotTransform
Transforming jetified-exoplayer-dash-2.19.1-api.jar with ClasspathEntrySnapshotTransform
Transforming jetified-exoplayer-hls-2.19.1-api.jar with ClasspathEntrySnapshotTransform
Caching disabled for ClasspathEntrySnapshotTransform: C:\Users\user\.gradle\caches\transforms-3\6cecaccb3c6b6ed956dabefc6dce9741\transformed\jetified-ui-graphics-release-api.jar because:
  Build cache is disabled
Transforming jetified-exoplayer-rtsp-2.19.1-api.jar with ClasspathEntrySnapshotTransform
Transforming jetified-exoplayer-smoothstreaming-2.19.1-api.jar with ClasspathEntrySnapshotTransform
Skipping ClasspathEntrySnapshotTransform: C:\Users\user\.gradle\caches\transforms-3\6cecaccb3c6b6ed956dabefc6dce9741\transformed\jetified-ui-graphics-release-api.jar as it is up-to-date.
Transforming android.jar with ClasspathEntrySnapshotTransform
Caching disabled for ClasspathEntrySnapshotTransform: C:\Users\user\.gradle\caches\transforms-3\c471a02f0ff4f459b664e2677586df60\transformed\jetified-animation-core-release-api.jar because:
  Build cache is disabled
Transforming core-lambda-stubs.jar with ClasspathEntrySnapshotTransform
Skipping ClasspathEntrySnapshotTransform: C:\Users\user\.gradle\caches\transforms-3\c471a02f0ff4f459b664e2677586df60\transformed\jetified-animation-core-release-api.jar as it is up-to-date.
Caching disabled for ClasspathEntrySnapshotTransform: C:\Users\user\.gradle\caches\transforms-3\07c42d6bf1e9de50e0cbc2296de3371e\transformed\jetified-runtime-livedata-1.6.1-api.jar because:
  Build cache is disabled
Skipping ClasspathEntrySnapshotTransform: C:\Users\user\.gradle\caches\transforms-3\07c42d6bf1e9de50e0cbc2296de3371e\transformed\jetified-runtime-livedata-1.6.1-api.jar as it is up-to-date.
Caching disabled for ClasspathEntrySnapshotTransform: C:\Users\user\.gradle\caches\transforms-3\435eb49610f7431757b855d6fd0b7f34\transformed\drawerlayout-1.1.1-api.jar because:
  Build cache is disabled
Caching disabled for ClasspathEntrySnapshotTransform: C:\Users\user\.gradle\caches\transforms-3\085668034b74f7ae76423a26409f6a29\transformed\jetified-runtime-saveable-release-api.jar because:
  Build cache is disabled
Skipping ClasspathEntrySnapshotTransform: C:\Users\user\.gradle\caches\transforms-3\435eb49610f7431757b855d6fd0b7f34\transformed\drawerlayout-1.1.1-api.jar as it is up-to-date.
Skipping ClasspathEntrySnapshotTransform: C:\Users\user\.gradle\caches\transforms-3\085668034b74f7ae76423a26409f6a29\transformed\jetified-runtime-saveable-release-api.jar as it is up-to-date.
Caching disabled for ClasspathEntrySnapshotTransform: C:\Users\user\.gradle\caches\transforms-3\6a586d1db000328b60e9e007d453b858\transformed\jetified-runtime-release-api.jar because:
  Build cache is disabled
Skipping ClasspathEntrySnapshotTransform: C:\Users\user\.gradle\caches\transforms-3\6a586d1db000328b60e9e007d453b858\transformed\jetified-runtime-release-api.jar as it is up-to-date.
Caching disabled for ClasspathEntrySnapshotTransform: C:\Users\user\.gradle\caches\transforms-3\06ba35993a31107d2ce8c81e65ebc0a4\transformed\coordinatorlayout-1.1.0-api.jar because:
  Build cache is disabled
Caching disabled for ClasspathEntrySnapshotTransform: C:\Users\user\.gradle\caches\transforms-3\73b8057fd0bc3a0f63be7e665fbf4148\transformed\dynamicanimation-1.0.0-api.jar because:
  Build cache is disabled
Skipping ClasspathEntrySnapshotTransform: C:\Users\user\.gradle\caches\transforms-3\06ba35993a31107d2ce8c81e65ebc0a4\transformed\coordinatorlayout-1.1.0-api.jar as it is up-to-date.
Caching disabled for ClasspathEntrySnapshotTransform: C:\Users\user\.gradle\caches\transforms-3\04c8eb497be33d27858744a49cd2529a\transformed\recyclerview-1.3.0-api.jar because:
  Build cache is disabled
Skipping ClasspathEntrySnapshotTransform: C:\Users\user\.gradle\caches\transforms-3\04c8eb497be33d27858744a49cd2529a\transformed\recyclerview-1.3.0-api.jar as it is up-to-date.
Skipping ClasspathEntrySnapshotTransform: C:\Users\user\.gradle\caches\transforms-3\73b8057fd0bc3a0f63be7e665fbf4148\transformed\dynamicanimation-1.0.0-api.jar as it is up-to-date.
Caching disabled for ClasspathEntrySnapshotTransform: C:\Users\user\.gradle\caches\transforms-3\2935053ea8d4edb6c4a629bdec7f747f\transformed\transition-1.2.0-api.jar because:
  Build cache is disabled
Skipping ClasspathEntrySnapshotTransform: C:\Users\user\.gradle\caches\transforms-3\2935053ea8d4edb6c4a629bdec7f747f\transformed\transition-1.2.0-api.jar as it is up-to-date.
Caching disabled for ClasspathEntrySnapshotTransform: C:\Users\user\.gradle\caches\transforms-3\9699cb158169186684509a88237060e6\transformed\jetified-appcompat-resources-1.6.1-api.jar because:
  Build cache is disabled
Caching disabled for ClasspathEntrySnapshotTransform: C:\Users\user\.gradle\caches\transforms-3\6e789970a3d3194d1cfbbad457aa4d28\transformed\vectordrawable-animated-1.1.0-api.jar because:
  Build cache is disabled
Skipping ClasspathEntrySnapshotTransform: C:\Users\user\.gradle\caches\transforms-3\9699cb158169186684509a88237060e6\transformed\jetified-appcompat-resources-1.6.1-api.jar as it is up-to-date.
Skipping ClasspathEntrySnapshotTransform: C:\Users\user\.gradle\caches\transforms-3\6e789970a3d3194d1cfbbad457aa4d28\transformed\vectordrawable-animated-1.1.0-api.jar as it is up-to-date.
Caching disabled for ClasspathEntrySnapshotTransform: C:\Users\user\.gradle\caches\transforms-3\10c8f036657c513e6f16da2f705bed14\transformed\vectordrawable-1.1.0-api.jar because:
  Build cache is disabled
Caching disabled for ClasspathEntrySnapshotTransform: C:\Users\user\.gradle\caches\transforms-3\b2335d6634777ecea41527f2756a63df\transformed\jetified-exoplayer-2.19.1-api.jar because:
  Build cache is disabled
Skipping ClasspathEntrySnapshotTransform: C:\Users\user\.gradle\caches\transforms-3\10c8f036657c513e6f16da2f705bed14\transformed\vectordrawable-1.1.0-api.jar as it is up-to-date.
Skipping ClasspathEntrySnapshotTransform: C:\Users\user\.gradle\caches\transforms-3\b2335d6634777ecea41527f2756a63df\transformed\jetified-exoplayer-2.19.1-api.jar as it is up-to-date.
Caching disabled for ClasspathEntrySnapshotTransform: C:\Users\user\.gradle\caches\transforms-3\3895efddbf130d35683e148a11b64420\transformed\jetified-exoplayer-ui-2.19.1-api.jar because:
  Build cache is disabled
Skipping ClasspathEntrySnapshotTransform: C:\Users\user\.gradle\caches\transforms-3\3895efddbf130d35683e148a11b64420\transformed\jetified-exoplayer-ui-2.19.1-api.jar as it is up-to-date.
Caching disabled for ClasspathEntrySnapshotTransform: C:\Users\user\.gradle\caches\transforms-3\bed3d49ab3497d5b91c24e9ec3624e5a\transformed\media-1.6.0-api.jar because:
  Build cache is disabled
Skipping ClasspathEntrySnapshotTransform: C:\Users\user\.gradle\caches\transforms-3\bed3d49ab3497d5b91c24e9ec3624e5a\transformed\media-1.6.0-api.jar as it is up-to-date.
Caching disabled for ClasspathEntrySnapshotTransform: C:\Users\user\.gradle\caches\transforms-3\6ad087cb427078a4b9f8dc6ce61c6e25\transformed\browser-1.4.0-api.jar because:
  Build cache is disabled
Skipping ClasspathEntrySnapshotTransform: C:\Users\user\.gradle\caches\transforms-3\6ad087cb427078a4b9f8dc6ce61c6e25\transformed\browser-1.4.0-api.jar as it is up-to-date.
Caching disabled for ClasspathEntrySnapshotTransform: C:\Users\user\.gradle\caches\transforms-3\74b74d63175036bbe8f9d45381590765\transformed\viewpager-1.0.0-api.jar because:
  Build cache is disabled
Skipping ClasspathEntrySnapshotTransform: C:\Users\user\.gradle\caches\transforms-3\74b74d63175036bbe8f9d45381590765\transformed\viewpager-1.0.0-api.jar as it is up-to-date.
Caching disabled for ClasspathEntrySnapshotTransform: C:\Users\user\.gradle\caches\transforms-3\c333f5710e601ee064b6026976307330\transformed\customview-1.1.0-api.jar because:
  Build cache is disabled
Skipping ClasspathEntrySnapshotTransform: C:\Users\user\.gradle\caches\transforms-3\c333f5710e601ee064b6026976307330\transformed\customview-1.1.0-api.jar as it is up-to-date.
Caching disabled for ClasspathEntrySnapshotTransform: C:\Users\user\.gradle\caches\transforms-3\98f7c6f8474fe1245df4f282c01ed43e\transformed\core-1.12.0-api.jar because:
  Build cache is disabled
Caching disabled for ClasspathEntrySnapshotTransform: C:\Users\user\.gradle\caches\transforms-3\c1c9ea52bb7b915bad590fc8b4ef97a5\transformed\jetified-lifecycle-livedata-ktx-2.7.0-api.jar because:
  Build cache is disabled
Skipping ClasspathEntrySnapshotTransform: C:\Users\user\.gradle\caches\transforms-3\c1c9ea52bb7b915bad590fc8b4ef97a5\transformed\jetified-lifecycle-livedata-ktx-2.7.0-api.jar as it is up-to-date.
Skipping ClasspathEntrySnapshotTransform: C:\Users\user\.gradle\caches\transforms-3\98f7c6f8474fe1245df4f282c01ed43e\transformed\core-1.12.0-api.jar as it is up-to-date.
Caching disabled for ClasspathEntrySnapshotTransform: C:\Users\user\.gradle\caches\transforms-3\7bc70e0b54824666e63014d886455385\transformed\work-runtime-2.7.0-api.jar because:
  Build cache is disabled
Caching disabled for ClasspathEntrySnapshotTransform: C:\Users\user\.gradle\caches\transforms-3\93347fdb2d2877a2460eec52ee4ba389\transformed\lifecycle-livedata-core-2.7.0-api.jar because:
  Build cache is disabled
Caching disabled for ClasspathEntrySnapshotTransform: C:\Users\user\.gradle\caches\transforms-3\2bb7c56f2acf186a0eb55a6023a4f6e1\transformed\loader-1.0.0-api.jar because:
  Build cache is disabled
Caching disabled for ClasspathEntrySnapshotTransform: C:\Users\user\.gradle\caches\transforms-3\a92816ff59f4b3c020cacb711ec50020\transformed\jetified-lifecycle-livedata-core-ktx-2.7.0-api.jar because:
  Build cache is disabled
Caching disabled for ClasspathEntrySnapshotTransform: C:\Users\user\.gradle\caches\transforms-3\15eb6cbc0a8813988919e0216c37b198\transformed\legacy-support-core-utils-1.0.0-api.jar because:
  Build cache is disabled
Skipping ClasspathEntrySnapshotTransform: C:\Users\user\.gradle\caches\transforms-3\15eb6cbc0a8813988919e0216c37b198\transformed\legacy-support-core-utils-1.0.0-api.jar as it is up-to-date.
Skipping ClasspathEntrySnapshotTransform: C:\Users\user\.gradle\caches\transforms-3\2bb7c56f2acf186a0eb55a6023a4f6e1\transformed\loader-1.0.0-api.jar as it is up-to-date.
Skipping ClasspathEntrySnapshotTransform: C:\Users\user\.gradle\caches\transforms-3\93347fdb2d2877a2460eec52ee4ba389\transformed\lifecycle-livedata-core-2.7.0-api.jar as it is up-to-date.
Skipping ClasspathEntrySnapshotTransform: C:\Users\user\.gradle\caches\transforms-3\7bc70e0b54824666e63014d886455385\transformed\work-runtime-2.7.0-api.jar as it is up-to-date.
Caching disabled for ClasspathEntrySnapshotTransform: C:\Users\user\.gradle\caches\modules-2\files-2.1\androidx.lifecycle\lifecycle-common\2.7.0\85334205d65cca70ed0109c3acbd29e22a2d9cb1\lifecycle-common-2.7.0.jar because:
  Build cache is disabled
Skipping ClasspathEntrySnapshotTransform: C:\Users\user\.gradle\caches\modules-2\files-2.1\androidx.lifecycle\lifecycle-common\2.7.0\85334205d65cca70ed0109c3acbd29e22a2d9cb1\lifecycle-common-2.7.0.jar as it is up-to-date.
Skipping ClasspathEntrySnapshotTransform: C:\Users\user\.gradle\caches\transforms-3\a92816ff59f4b3c020cacb711ec50020\transformed\jetified-lifecycle-livedata-core-ktx-2.7.0-api.jar as it is up-to-date.
Caching disabled for ClasspathEntrySnapshotTransform: C:\Users\user\.gradle\caches\transforms-3\ac3a81555401175b4fe4b0d7471cb4e8\transformed\jetified-lifecycle-viewmodel-ktx-2.7.0-api.jar because:
  Build cache is disabled
Skipping ClasspathEntrySnapshotTransform: C:\Users\user\.gradle\caches\transforms-3\ac3a81555401175b4fe4b0d7471cb4e8\transformed\jetified-lifecycle-viewmodel-ktx-2.7.0-api.jar as it is up-to-date.
Caching disabled for ClasspathEntrySnapshotTransform: C:\Users\user\.gradle\caches\transforms-3\2d1570213fdb8cf9347e0bd73e8083b0\transformed\lifecycle-livedata-2.7.0-api.jar because:
  Build cache is disabled
Skipping ClasspathEntrySnapshotTransform: C:\Users\user\.gradle\caches\transforms-3\2d1570213fdb8cf9347e0bd73e8083b0\transformed\lifecycle-livedata-2.7.0-api.jar as it is up-to-date.
Caching disabled for ClasspathEntrySnapshotTransform: C:\Users\user\.gradle\caches\modules-2\files-2.1\androidx.lifecycle\lifecycle-common-java8\2.7.0\2ad14aed781c4a73ed4dbb421966d408a0a06686\lifecycle-common-java8-2.7.0.jar because:
  Build cache is disabled
Skipping ClasspathEntrySnapshotTransform: C:\Users\user\.gradle\caches\modules-2\files-2.1\androidx.lifecycle\lifecycle-common-java8\2.7.0\2ad14aed781c4a73ed4dbb421966d408a0a06686\lifecycle-common-java8-2.7.0.jar as it is up-to-date.
Caching disabled for ClasspathEntrySnapshotTransform: C:\Users\user\.gradle\caches\transforms-3\d578ec6effa76ead2a17869ca9b4b170\transformed\jetified-coil-2.5.0-api.jar because:
  Build cache is disabled
Skipping ClasspathEntrySnapshotTransform: C:\Users\user\.gradle\caches\transforms-3\d578ec6effa76ead2a17869ca9b4b170\transformed\jetified-coil-2.5.0-api.jar as it is up-to-date.
Caching disabled for ClasspathEntrySnapshotTransform: C:\Users\user\.gradle\caches\transforms-3\92336b936596d7f3ee7714042354c480\transformed\lifecycle-viewmodel-2.7.0-api.jar because:
  Build cache is disabled
Caching disabled for ClasspathEntrySnapshotTransform: C:\Users\user\.gradle\caches\transforms-3\64ecef9d52563019818f599b3c7ed2bb\transformed\jetified-coil-base-2.5.0-api.jar because:
  Build cache is disabled
Skipping ClasspathEntrySnapshotTransform: C:\Users\user\.gradle\caches\transforms-3\64ecef9d52563019818f599b3c7ed2bb\transformed\jetified-coil-base-2.5.0-api.jar as it is up-to-date.
Caching disabled for ClasspathEntrySnapshotTransform: C:\Users\user\.gradle\caches\transforms-3\a5a2b2e10f2fa84c93f886bb473a7f0b\transformed\lifecycle-runtime-2.7.0-api.jar because:
  Build cache is disabled
Skipping ClasspathEntrySnapshotTransform: C:\Users\user\.gradle\caches\transforms-3\a5a2b2e10f2fa84c93f886bb473a7f0b\transformed\lifecycle-runtime-2.7.0-api.jar as it is up-to-date.
Skipping ClasspathEntrySnapshotTransform: C:\Users\user\.gradle\caches\transforms-3\92336b936596d7f3ee7714042354c480\transformed\lifecycle-viewmodel-2.7.0-api.jar as it is up-to-date.
Caching disabled for ClasspathEntrySnapshotTransform: C:\Users\user\.gradle\caches\transforms-3\9ffacb43f460eecfb97c687ebe33a9b6\transformed\jetified-lifecycle-viewmodel-compose-2.7.0-api.jar because:
  Build cache is disabled
Caching disabled for ClasspathEntrySnapshotTransform: C:\Users\user\.gradle\caches\transforms-3\21f0c1fbc7bfa601aae90078444d086d\transformed\jetified-core-splashscreen-1.0.1-api.jar because:
  Build cache is disabled
Skipping ClasspathEntrySnapshotTransform: C:\Users\user\.gradle\caches\transforms-3\9ffacb43f460eecfb97c687ebe33a9b6\transformed\jetified-lifecycle-viewmodel-compose-2.7.0-api.jar as it is up-to-date.
Skipping ClasspathEntrySnapshotTransform: C:\Users\user\.gradle\caches\transforms-3\21f0c1fbc7bfa601aae90078444d086d\transformed\jetified-core-splashscreen-1.0.1-api.jar as it is up-to-date.
Caching disabled for ClasspathEntrySnapshotTransform: C:\Users\user\.gradle\caches\transforms-3\9f709f226447a1294c000343ac93b2bd\transformed\jetified-core-ktx-1.12.0-api.jar because:
  Build cache is disabled
Skipping ClasspathEntrySnapshotTransform: C:\Users\user\.gradle\caches\transforms-3\9f709f226447a1294c000343ac93b2bd\transformed\jetified-core-ktx-1.12.0-api.jar as it is up-to-date.
Caching disabled for ClasspathEntrySnapshotTransform: C:\Users\user\.gradle\caches\transforms-3\60c977f0d338bd73f014abbe88a33b15\transformed\jetified-lifecycle-runtime-ktx-2.7.0-api.jar because:
  Build cache is disabled
Skipping ClasspathEntrySnapshotTransform: C:\Users\user\.gradle\caches\transforms-3\60c977f0d338bd73f014abbe88a33b15\transformed\jetified-lifecycle-runtime-ktx-2.7.0-api.jar as it is up-to-date.
Caching disabled for ClasspathEntrySnapshotTransform: C:\Users\user\.gradle\caches\transforms-3\c89768cdd4b0eb6c520987c6ca2e95a1\transformed\jetified-savedstate-ktx-1.2.1-api.jar because:
  Build cache is disabled
Skipping ClasspathEntrySnapshotTransform: C:\Users\user\.gradle\caches\transforms-3\c89768cdd4b0eb6c520987c6ca2e95a1\transformed\jetified-savedstate-ktx-1.2.1-api.jar as it is up-to-date.
Caching disabled for ClasspathEntrySnapshotTransform: C:\Users\user\.gradle\caches\transforms-3\05fa4360e533259e7dfd7fc1d1834eba\transformed\jetified-flexbox-3.0.0-api.jar because:
  Build cache is disabled
Skipping ClasspathEntrySnapshotTransform: C:\Users\user\.gradle\caches\transforms-3\05fa4360e533259e7dfd7fc1d1834eba\transformed\jetified-flexbox-3.0.0-api.jar as it is up-to-date.
Caching disabled for ClasspathEntrySnapshotTransform: C:\Users\user\.gradle\caches\transforms-3\76da9a07d1228e29a4beb3200800de48\transformed\jetified-kotlin-parcelize-runtime-1.9.22.jar because:
  Build cache is disabled
Caching disabled for ClasspathEntrySnapshotTransform: C:\Users\user\.gradle\caches\transforms-3\564f38922432335703eaa961212f0075\transformed\jetified-annotation-experimental-1.4.0-api.jar because:
  Build cache is disabled
Skipping ClasspathEntrySnapshotTransform: C:\Users\user\.gradle\caches\transforms-3\76da9a07d1228e29a4beb3200800de48\transformed\jetified-kotlin-parcelize-runtime-1.9.22.jar as it is up-to-date.
Caching disabled for ClasspathEntrySnapshotTransform: C:\Users\user\.gradle\caches\transforms-3\8543eed63d03784f96c5769ab3364ba8\transformed\jetified-lifecycle-viewmodel-savedstate-2.7.0-api.jar because:
  Build cache is disabled
Skipping ClasspathEntrySnapshotTransform: C:\Users\user\.gradle\caches\transforms-3\564f38922432335703eaa961212f0075\transformed\jetified-annotation-experimental-1.4.0-api.jar as it is up-to-date.
Skipping ClasspathEntrySnapshotTransform: C:\Users\user\.gradle\caches\transforms-3\8543eed63d03784f96c5769ab3364ba8\transformed\jetified-lifecycle-viewmodel-savedstate-2.7.0-api.jar as it is up-to-date.
Caching disabled for ClasspathEntrySnapshotTransform: C:\Users\user\.gradle\caches\transforms-3\8ae3b60496e0dd8965771a4a1ab68581\transformed\jetified-okhttp-4.12.0.jar because:
  Build cache is disabled
Caching disabled for ClasspathEntrySnapshotTransform: C:\Users\user\.gradle\caches\transforms-3\391a8c97f263b6ace37634f541176c75\transformed\jetified-ads-adservices-1.0.0-beta05-api.jar because:
  Build cache is disabled
Skipping ClasspathEntrySnapshotTransform: C:\Users\user\.gradle\caches\transforms-3\8ae3b60496e0dd8965771a4a1ab68581\transformed\jetified-okhttp-4.12.0.jar as it is up-to-date.
Skipping ClasspathEntrySnapshotTransform: C:\Users\user\.gradle\caches\transforms-3\391a8c97f263b6ace37634f541176c75\transformed\jetified-ads-adservices-1.0.0-beta05-api.jar as it is up-to-date.
Caching disabled for ClasspathEntrySnapshotTransform: C:\Users\user\.gradle\caches\transforms-3\b468f2c4aedee3d560fd4d8f4b5c09e4\transformed\jetified-converter-gson-2.9.0.jar because:
  Build cache is disabled
Skipping ClasspathEntrySnapshotTransform: C:\Users\user\.gradle\caches\transforms-3\b468f2c4aedee3d560fd4d8f4b5c09e4\transformed\jetified-converter-gson-2.9.0.jar as it is up-to-date.
Caching disabled for ClasspathEntrySnapshotTransform: C:\Users\user\.gradle\caches\transforms-3\e6f1f03f0fed1b56197a2feb492ad572\transformed\jetified-kotlinx-coroutines-core-jvm-1.7.3.jar because:
  Build cache is disabled
Caching disabled for ClasspathEntrySnapshotTransform: C:\Users\user\.gradle\caches\transforms-3\c449d75113c087f03afea187b0a39f7e\transformed\jetified-savedstate-1.2.1-api.jar because:
  Build cache is disabled
Skipping ClasspathEntrySnapshotTransform: C:\Users\user\.gradle\caches\transforms-3\e6f1f03f0fed1b56197a2feb492ad572\transformed\jetified-kotlinx-coroutines-core-jvm-1.7.3.jar as it is up-to-date.
Skipping ClasspathEntrySnapshotTransform: C:\Users\user\.gradle\caches\transforms-3\c449d75113c087f03afea187b0a39f7e\transformed\jetified-savedstate-1.2.1-api.jar as it is up-to-date.
Caching disabled for ClasspathEntrySnapshotTransform: C:\Users\user\.gradle\caches\transforms-3\bba663ab8ecedbea7764f0d84209caf8\transformed\jetified-kotlinx-coroutines-android-1.7.3.jar because:
  Build cache is disabled
Caching disabled for ClasspathEntrySnapshotTransform: C:\Users\user\.gradle\caches\transforms-3\5f8fb35c0e42efc60950ab6c4084add3\transformed\jetified-logging-interceptor-4.12.0.jar because:
  Build cache is disabled
Caching disabled for ClasspathEntrySnapshotTransform: C:\Users\user\.gradle\caches\transforms-3\7bb0199679dd1c71b81822bc48e5fa07\transformed\jetified-retrofit-2.9.0.jar because:
  Build cache is disabled
Skipping ClasspathEntrySnapshotTransform: C:\Users\user\.gradle\caches\transforms-3\5f8fb35c0e42efc60950ab6c4084add3\transformed\jetified-logging-interceptor-4.12.0.jar as it is up-to-date.
Caching disabled for ClasspathEntrySnapshotTransform: C:\Users\user\.gradle\caches\transforms-3\791ee703779da1d6d846e2f0f61a84a8\transformed\sqlite-framework-2.4.0-api.jar because:
  Build cache is disabled
Caching disabled for ClasspathEntrySnapshotTransform: C:\Users\user\.gradle\caches\transforms-3\60bef1eb24540ffbbbe28d5005a4eff2\transformed\jetified-ads-adservices-java-1.0.0-beta05-api.jar because:
  Build cache is disabled
Skipping ClasspathEntrySnapshotTransform: C:\Users\user\.gradle\caches\transforms-3\791ee703779da1d6d846e2f0f61a84a8\transformed\sqlite-framework-2.4.0-api.jar as it is up-to-date.
Skipping ClasspathEntrySnapshotTransform: C:\Users\user\.gradle\caches\transforms-3\60bef1eb24540ffbbbe28d5005a4eff2\transformed\jetified-ads-adservices-java-1.0.0-beta05-api.jar as it is up-to-date.
Caching disabled for ClasspathEntrySnapshotTransform: C:\Users\user\.gradle\caches\transforms-3\9d137afe6c7c0b28d85fcf45079e2505\transformed\jetified-kotlin-android-extensions-runtime-1.9.22.jar because:
  Build cache is disabled
Caching disabled for ClasspathEntrySnapshotTransform: C:\Users\user\.gradle\caches\transforms-3\9c21dedb124216a6be9ef4e9be538624\transformed\cardview-1.0.0-api.jar because:
  Build cache is disabled
Skipping ClasspathEntrySnapshotTransform: C:\Users\user\.gradle\caches\transforms-3\9d137afe6c7c0b28d85fcf45079e2505\transformed\jetified-kotlin-android-extensions-runtime-1.9.22.jar as it is up-to-date.
Skipping ClasspathEntrySnapshotTransform: C:\Users\user\.gradle\caches\transforms-3\9c21dedb124216a6be9ef4e9be538624\transformed\cardview-1.0.0-api.jar as it is up-to-date.
Caching disabled for ClasspathEntrySnapshotTransform: C:\Users\user\.gradle\caches\transforms-3\504e8d07fc7b21c5488df584ac78930f\transformed\jetified-accompanist-permissions-0.32.0-api.jar because:
  Build cache is disabled
Skipping ClasspathEntrySnapshotTransform: C:\Users\user\.gradle\caches\transforms-3\504e8d07fc7b21c5488df584ac78930f\transformed\jetified-accompanist-permissions-0.32.0-api.jar as it is up-to-date.
Caching disabled for ClasspathEntrySnapshotTransform: C:\Users\user\.gradle\caches\transforms-3\45db995817c6f0fe1cd9ab8aca396e9f\transformed\jetified-lottie-compose-6.1.0-api.jar because:
  Build cache is disabled
Caching disabled for ClasspathEntrySnapshotTransform: C:\Users\user\.gradle\caches\transforms-3\752749e2153ae499cafc02c721e09a60\transformed\jetified-kotlin-stdlib-jdk8-1.9.10.jar because:
  Build cache is disabled
Caching disabled for ClasspathEntrySnapshotTransform: C:\Users\user\.gradle\caches\transforms-3\2960c38c2832b087db84f8d958b0feaf\transformed\cursoradapter-1.0.0-api.jar because:
  Build cache is disabled
Skipping ClasspathEntrySnapshotTransform: C:\Users\user\.gradle\caches\transforms-3\bba663ab8ecedbea7764f0d84209caf8\transformed\jetified-kotlinx-coroutines-android-1.7.3.jar as it is up-to-date.
Skipping ClasspathEntrySnapshotTransform: C:\Users\user\.gradle\caches\transforms-3\2960c38c2832b087db84f8d958b0feaf\transformed\cursoradapter-1.0.0-api.jar as it is up-to-date.
Caching disabled for ClasspathEntrySnapshotTransform: C:\Users\user\.gradle\caches\transforms-3\77152a2a635f9881362be8e1412de56f\transformed\jetified-okio-jvm-3.6.0.jar because:
  Build cache is disabled
Skipping ClasspathEntrySnapshotTransform: C:\Users\user\.gradle\caches\transforms-3\752749e2153ae499cafc02c721e09a60\transformed\jetified-kotlin-stdlib-jdk8-1.9.10.jar as it is up-to-date.
Skipping ClasspathEntrySnapshotTransform: C:\Users\user\.gradle\caches\transforms-3\77152a2a635f9881362be8e1412de56f\transformed\jetified-okio-jvm-3.6.0.jar as it is up-to-date.
Skipping ClasspathEntrySnapshotTransform: C:\Users\user\.gradle\caches\transforms-3\45db995817c6f0fe1cd9ab8aca396e9f\transformed\jetified-lottie-compose-6.1.0-api.jar as it is up-to-date.
Skipping ClasspathEntrySnapshotTransform: C:\Users\user\.gradle\caches\transforms-3\7bb0199679dd1c71b81822bc48e5fa07\transformed\jetified-retrofit-2.9.0.jar as it is up-to-date.
Caching disabled for ClasspathEntrySnapshotTransform: C:\Users\user\.gradle\caches\modules-2\files-2.1\androidx.arch.core\core-common\2.2.0\5e1b8b81dfd5f52c56a8d53b18ca759c19a301f3\core-common-2.2.0.jar because:
  Build cache is disabled
Skipping ClasspathEntrySnapshotTransform: C:\Users\user\.gradle\caches\modules-2\files-2.1\androidx.arch.core\core-common\2.2.0\5e1b8b81dfd5f52c56a8d53b18ca759c19a301f3\core-common-2.2.0.jar as it is up-to-date.
Caching disabled for ClasspathEntrySnapshotTransform: C:\Users\user\.gradle\caches\transforms-3\42e8d76518df9ea4cb448b1ce9157841\transformed\jetified-collection-jvm-1.4.0.jar because:
  Build cache is disabled
Skipping ClasspathEntrySnapshotTransform: C:\Users\user\.gradle\caches\transforms-3\42e8d76518df9ea4cb448b1ce9157841\transformed\jetified-collection-jvm-1.4.0.jar as it is up-to-date.
Caching disabled for ClasspathEntrySnapshotTransform: C:\Users\user\.gradle\caches\transforms-3\4cd09b97d41e311bdd74e3447f9f3891\transformed\sqlite-2.4.0-api.jar because:
  Build cache is disabled
Skipping ClasspathEntrySnapshotTransform: C:\Users\user\.gradle\caches\transforms-3\4cd09b97d41e311bdd74e3447f9f3891\transformed\sqlite-2.4.0-api.jar as it is up-to-date.
Caching disabled for ClasspathEntrySnapshotTransform: C:\Users\user\.gradle\caches\transforms-3\9ed11a3d3f36ba78ce0245360ce24680\transformed\versionedparcelable-1.1.1-api.jar because:
  Build cache is disabled
Skipping ClasspathEntrySnapshotTransform: C:\Users\user\.gradle\caches\transforms-3\9ed11a3d3f36ba78ce0245360ce24680\transformed\versionedparcelable-1.1.1-api.jar as it is up-to-date.
Caching disabled for ClasspathEntrySnapshotTransform: C:\Users\user\.gradle\caches\transforms-3\ed3c388887218f1d50c6f6f5b33cc3f5\transformed\interpolator-1.0.0-api.jar because:
  Build cache is disabled
Skipping ClasspathEntrySnapshotTransform: C:\Users\user\.gradle\caches\transforms-3\ed3c388887218f1d50c6f6f5b33cc3f5\transformed\interpolator-1.0.0-api.jar as it is up-to-date.
Caching disabled for ClasspathEntrySnapshotTransform: C:\Users\user\.gradle\caches\transforms-3\9f16e3865a4dfc170695dda65dfb3e08\transformed\jetified-kotlin-stdlib-1.9.22.jar because:
  Build cache is disabled
Caching disabled for ClasspathEntrySnapshotTransform: C:\Users\user\.gradle\caches\transforms-3\f73fdae6af9b3b23b8bbdacdcfdfda38\transformed\localbroadcastmanager-1.0.0-api.jar because:
  Build cache is disabled
Skipping ClasspathEntrySnapshotTransform: C:\Users\user\.gradle\caches\transforms-3\9f16e3865a4dfc170695dda65dfb3e08\transformed\jetified-kotlin-stdlib-1.9.22.jar as it is up-to-date.
Skipping ClasspathEntrySnapshotTransform: C:\Users\user\.gradle\caches\transforms-3\f73fdae6af9b3b23b8bbdacdcfdfda38\transformed\localbroadcastmanager-1.0.0-api.jar as it is up-to-date.
Caching disabled for ClasspathEntrySnapshotTransform: C:\Users\user\.gradle\caches\transforms-3\6d93db5f7bed33676134b9ab052a2526\transformed\jetified-kotlin-stdlib-jdk7-1.9.10.jar because:
  Build cache is disabled
Skipping ClasspathEntrySnapshotTransform: C:\Users\user\.gradle\caches\transforms-3\6d93db5f7bed33676134b9ab052a2526\transformed\jetified-kotlin-stdlib-jdk7-1.9.10.jar as it is up-to-date.
Caching disabled for ClasspathEntrySnapshotTransform: C:\Users\user\.gradle\caches\transforms-3\83f966be81996885906751c46a8853bd\transformed\jetified-annotation-jvm-1.7.0.jar because:
  Build cache is disabled
Caching disabled for ClasspathEntrySnapshotTransform: C:\Users\user\.gradle\caches\transforms-3\0f110cce74a7e6178c884802ec44bf6a\transformed\core-runtime-2.2.0-api.jar because:
  Build cache is disabled
Skipping ClasspathEntrySnapshotTransform: C:\Users\user\.gradle\caches\transforms-3\83f966be81996885906751c46a8853bd\transformed\jetified-annotation-jvm-1.7.0.jar as it is up-to-date.
Caching disabled for ClasspathEntrySnapshotTransform: C:\Users\user\.gradle\caches\transforms-3\6976a1a9976b54a778b0ed337140aead\transformed\print-1.0.0-api.jar because:
  Build cache is disabled
Caching disabled for ClasspathEntrySnapshotTransform: C:\Users\user\.gradle\caches\transforms-3\ae29473a93cfcfd6c17f6ffe00473902\transformed\jetified-Android-Image-Slider-1.4.0-api.jar because:
  Build cache is disabled
Skipping ClasspathEntrySnapshotTransform: C:\Users\user\.gradle\caches\transforms-3\6976a1a9976b54a778b0ed337140aead\transformed\print-1.0.0-api.jar as it is up-to-date.
Skipping ClasspathEntrySnapshotTransform: C:\Users\user\.gradle\caches\transforms-3\0f110cce74a7e6178c884802ec44bf6a\transformed\core-runtime-2.2.0-api.jar as it is up-to-date.
Caching disabled for ClasspathEntrySnapshotTransform: C:\Users\user\.gradle\caches\transforms-3\69ec143c9cae660172684e88ed994902\transformed\jetified-lottie-6.1.0-api.jar because:
  Build cache is disabled
Skipping ClasspathEntrySnapshotTransform: C:\Users\user\.gradle\caches\transforms-3\ae29473a93cfcfd6c17f6ffe00473902\transformed\jetified-Android-Image-Slider-1.4.0-api.jar as it is up-to-date.
Skipping ClasspathEntrySnapshotTransform: C:\Users\user\.gradle\caches\transforms-3\69ec143c9cae660172684e88ed994902\transformed\jetified-lottie-6.1.0-api.jar as it is up-to-date.
Caching disabled for ClasspathEntrySnapshotTransform: C:\Users\user\.gradle\caches\transforms-3\8344548ae0e0266b431f387e6192ef80\transformed\documentfile-1.0.0-api.jar because:
  Build cache is disabled
Skipping ClasspathEntrySnapshotTransform: C:\Users\user\.gradle\caches\transforms-3\8344548ae0e0266b431f387e6192ef80\transformed\documentfile-1.0.0-api.jar as it is up-to-date.
Caching disabled for ClasspathEntrySnapshotTransform: C:\Users\user\.gradle\caches\transforms-3\37e89c27503c87770a895ddfd7919381\transformed\jetified-circleimageview-3.1.0-api.jar because:
  Build cache is disabled
Skipping ClasspathEntrySnapshotTransform: C:\Users\user\.gradle\caches\transforms-3\37e89c27503c87770a895ddfd7919381\transformed\jetified-circleimageview-3.1.0-api.jar as it is up-to-date.
Caching disabled for ClasspathEntrySnapshotTransform: C:\Users\user\.gradle\caches\transforms-3\85dadd17848d8ff83450bcee2ffcfb88\transformed\jetified-volley-1.2.1-api.jar because:
  Build cache is disabled
Skipping ClasspathEntrySnapshotTransform: C:\Users\user\.gradle\caches\transforms-3\85dadd17848d8ff83450bcee2ffcfb88\transformed\jetified-volley-1.2.1-api.jar as it is up-to-date.
Caching disabled for ClasspathEntrySnapshotTransform: C:\Users\user\.gradle\caches\transforms-3\a3d7bd5a9a3e49f43871c691f0fe8576\transformed\jetified-annotations-23.0.0.jar because:
  Build cache is disabled
Skipping ClasspathEntrySnapshotTransform: C:\Users\user\.gradle\caches\transforms-3\a3d7bd5a9a3e49f43871c691f0fe8576\transformed\jetified-annotations-23.0.0.jar as it is up-to-date.
Caching disabled for ClasspathEntrySnapshotTransform: C:\Users\user\.gradle\caches\transforms-3\d8bd11bc02fdf2283eebd30102bbbade\transformed\jetified-listenablefuture-9999.0-empty-to-avoid-conflict-with-guava.jar because:
  Build cache is disabled
Skipping ClasspathEntrySnapshotTransform: C:\Users\user\.gradle\caches\transforms-3\d8bd11bc02fdf2283eebd30102bbbade\transformed\jetified-listenablefuture-9999.0-empty-to-avoid-conflict-with-guava.jar as it is up-to-date.
Caching disabled for ClasspathEntrySnapshotTransform: C:\Users\user\.gradle\caches\transforms-3\5bcbec75043d4518ba5cb538d57ceed2\transformed\jetified-guava-31.1-android.jar because:
  Build cache is disabled
Caching disabled for ClasspathEntrySnapshotTransform: C:\Users\user\.gradle\caches\transforms-3\0857f5e9539fe59beeafff58225f9de5\transformed\jetified-exoplayer-common-2.19.1-api.jar because:
  Build cache is disabled
Skipping ClasspathEntrySnapshotTransform: C:\Users\user\.gradle\caches\transforms-3\5bcbec75043d4518ba5cb538d57ceed2\transformed\jetified-guava-31.1-android.jar as it is up-to-date.
Skipping ClasspathEntrySnapshotTransform: C:\Users\user\.gradle\caches\transforms-3\0857f5e9539fe59beeafff58225f9de5\transformed\jetified-exoplayer-common-2.19.1-api.jar as it is up-to-date.
Caching disabled for ClasspathEntrySnapshotTransform: C:\Users\user\.gradle\caches\transforms-3\40a36c433ec46ae42d050cecc4af444e\transformed\jetified-exoplayer-core-2.19.1-api.jar because:
  Build cache is disabled
Skipping ClasspathEntrySnapshotTransform: C:\Users\user\.gradle\caches\transforms-3\40a36c433ec46ae42d050cecc4af444e\transformed\jetified-exoplayer-core-2.19.1-api.jar as it is up-to-date.
Caching disabled for ClasspathEntrySnapshotTransform: C:\Users\user\.gradle\caches\transforms-3\87e8b6d5b3aac61cfdb074dc42f91e45\transformed\jetified-startup-runtime-1.1.1-api.jar because:
  Build cache is disabled
Skipping ClasspathEntrySnapshotTransform: C:\Users\user\.gradle\caches\transforms-3\87e8b6d5b3aac61cfdb074dc42f91e45\transformed\jetified-startup-runtime-1.1.1-api.jar as it is up-to-date.
Caching disabled for ClasspathEntrySnapshotTransform: C:\Users\user\.gradle\caches\transforms-3\19187101f19803dbcfbd88e4dae1795e\transformed\jetified-jsr305-3.0.2.jar because:
  Build cache is disabled
Caching disabled for ClasspathEntrySnapshotTransform: C:\Users\user\.gradle\caches\transforms-3\903d7ba70be6ad17eeb78b6f8808620f\transformed\jetified-hilt-core-2.49.jar because:
  Build cache is disabled
Skipping ClasspathEntrySnapshotTransform: C:\Users\user\.gradle\caches\transforms-3\19187101f19803dbcfbd88e4dae1795e\transformed\jetified-jsr305-3.0.2.jar as it is up-to-date.
Caching disabled for ClasspathEntrySnapshotTransform: C:\Users\user\.gradle\caches\transforms-3\7936f430f812b202848f563f75f3ce7a\transformed\jetified-dagger-2.49.jar because:
  Build cache is disabled
Skipping ClasspathEntrySnapshotTransform: C:\Users\user\.gradle\caches\transforms-3\903d7ba70be6ad17eeb78b6f8808620f\transformed\jetified-hilt-core-2.49.jar as it is up-to-date.
Skipping ClasspathEntrySnapshotTransform: C:\Users\user\.gradle\caches\transforms-3\7936f430f812b202848f563f75f3ce7a\transformed\jetified-dagger-2.49.jar as it is up-to-date.
Caching disabled for ClasspathEntrySnapshotTransform: C:\Users\user\.gradle\caches\transforms-3\82e5e503bc8391227f7431706e8e4b4a\transformed\jetified-dagger-lint-aar-2.49-api.jar because:
  Build cache is disabled
Skipping ClasspathEntrySnapshotTransform: C:\Users\user\.gradle\caches\transforms-3\82e5e503bc8391227f7431706e8e4b4a\transformed\jetified-dagger-lint-aar-2.49-api.jar as it is up-to-date.
Caching disabled for ClasspathEntrySnapshotTransform: C:\Users\user\.gradle\caches\transforms-3\9c90e71eec87fc9974ddbb15923f6333\transformed\jetified-resourceinspection-annotation-1.0.1.jar because:
  Build cache is disabled
Caching disabled for ClasspathEntrySnapshotTransform: C:\Users\user\.gradle\caches\transforms-3\bceaab695a1c441583b5b8db13947daf\transformed\jetified-gson-2.8.5.jar because:
  Build cache is disabled
Caching disabled for ClasspathEntrySnapshotTransform: C:\Users\user\.gradle\caches\transforms-3\e45089bfffa25f5d13bed9bab803b440\transformed\jetified-exoplayer-database-2.19.1-api.jar because:
  Build cache is disabled
Skipping ClasspathEntrySnapshotTransform: C:\Users\user\.gradle\caches\transforms-3\9c90e71eec87fc9974ddbb15923f6333\transformed\jetified-resourceinspection-annotation-1.0.1.jar as it is up-to-date.
Skipping ClasspathEntrySnapshotTransform: C:\Users\user\.gradle\caches\transforms-3\e45089bfffa25f5d13bed9bab803b440\transformed\jetified-exoplayer-database-2.19.1-api.jar as it is up-to-date.
Caching disabled for ClasspathEntrySnapshotTransform: C:\Users\user\.gradle\caches\transforms-3\b6da9824ac421333ab94aed5f4016f70\transformed\jetified-failureaccess-1.0.1.jar because:
  Build cache is disabled
Caching disabled for ClasspathEntrySnapshotTransform: C:\Users\user\.gradle\caches\modules-2\files-2.1\androidx.constraintlayout\constraintlayout-solver\2.0.1\30988fe2d77f3fe3bf7551bb8a8b795fad7e7226\constraintlayout-solver-2.0.1.jar because:
  Build cache is disabled
Skipping ClasspathEntrySnapshotTransform: C:\Users\user\.gradle\caches\transforms-3\b6da9824ac421333ab94aed5f4016f70\transformed\jetified-failureaccess-1.0.1.jar as it is up-to-date.
Skipping ClasspathEntrySnapshotTransform: C:\Users\user\.gradle\caches\transforms-3\bceaab695a1c441583b5b8db13947daf\transformed\jetified-gson-2.8.5.jar as it is up-to-date.
Caching disabled for ClasspathEntrySnapshotTransform: C:\Users\user\.gradle\caches\transforms-3\f62f1ecdf62648481c8df6e4b2c23855\transformed\jetified-exoplayer-datasource-2.19.1-api.jar because:
  Build cache is disabled
Caching disabled for ClasspathEntrySnapshotTransform: C:\Users\user\.gradle\caches\transforms-3\40cadb43b1c01898eeeb3529c96d2563\transformed\jetified-javax.inject-1.jar because:
  Build cache is disabled
Skipping ClasspathEntrySnapshotTransform: C:\Users\user\.gradle\caches\transforms-3\f62f1ecdf62648481c8df6e4b2c23855\transformed\jetified-exoplayer-datasource-2.19.1-api.jar as it is up-to-date.
Skipping ClasspathEntrySnapshotTransform: C:\Users\user\.gradle\caches\modules-2\files-2.1\androidx.constraintlayout\constraintlayout-solver\2.0.1\30988fe2d77f3fe3bf7551bb8a8b795fad7e7226\constraintlayout-solver-2.0.1.jar as it is up-to-date.
Skipping ClasspathEntrySnapshotTransform: C:\Users\user\.gradle\caches\transforms-3\40cadb43b1c01898eeeb3529c96d2563\transformed\jetified-javax.inject-1.jar as it is up-to-date.
Caching disabled for ClasspathEntrySnapshotTransform: C:\Users\user\.gradle\caches\transforms-3\39ec9c6a9dded8c28544af603c3656ef\transformed\jetified-exoplayer-container-2.19.1-api.jar because:
  Build cache is disabled
Skipping ClasspathEntrySnapshotTransform: C:\Users\user\.gradle\caches\transforms-3\39ec9c6a9dded8c28544af603c3656ef\transformed\jetified-exoplayer-container-2.19.1-api.jar as it is up-to-date.
Caching disabled for ClasspathEntrySnapshotTransform: C:\Users\user\.gradle\caches\transforms-3\8f30b608bb341fbcef8d48a0115371af\transformed\jetified-exoplayer-hls-2.19.1-api.jar because:
  Build cache is disabled
Caching disabled for ClasspathEntrySnapshotTransform: C:\Users\user\.gradle\caches\transforms-3\df5606325dac86f93030a22e7e273c4c\transformed\jetified-exoplayer-rtsp-2.19.1-api.jar because:
  Build cache is disabled
Caching disabled for ClasspathEntrySnapshotTransform: C:\Users\user\.gradle\caches\transforms-3\59670c47ab55a147336fb153526f31a6\transformed\jetified-exoplayer-dash-2.19.1-api.jar because:
  Build cache is disabled
Skipping ClasspathEntrySnapshotTransform: C:\Users\user\.gradle\caches\transforms-3\df5606325dac86f93030a22e7e273c4c\transformed\jetified-exoplayer-rtsp-2.19.1-api.jar as it is up-to-date.
Skipping ClasspathEntrySnapshotTransform: C:\Users\user\.gradle\caches\transforms-3\59670c47ab55a147336fb153526f31a6\transformed\jetified-exoplayer-dash-2.19.1-api.jar as it is up-to-date.
Skipping ClasspathEntrySnapshotTransform: C:\Users\user\.gradle\caches\transforms-3\8f30b608bb341fbcef8d48a0115371af\transformed\jetified-exoplayer-hls-2.19.1-api.jar as it is up-to-date.
Caching disabled for ClasspathEntrySnapshotTransform: C:\Users\user\.gradle\caches\transforms-3\d17670723af3a9297898a53dad0c5e6a\transformed\jetified-exoplayer-decoder-2.19.1-api.jar because:
  Build cache is disabled
Skipping ClasspathEntrySnapshotTransform: C:\Users\user\.gradle\caches\transforms-3\d17670723af3a9297898a53dad0c5e6a\transformed\jetified-exoplayer-decoder-2.19.1-api.jar as it is up-to-date.
Caching disabled for ClasspathEntrySnapshotTransform: C:\Users\user\AppData\Local\Android\Sdk\build-tools\34.0.0\core-lambda-stubs.jar because:
  Build cache is disabled
Skipping ClasspathEntrySnapshotTransform: C:\Users\user\AppData\Local\Android\Sdk\build-tools\34.0.0\core-lambda-stubs.jar as it is up-to-date.
Caching disabled for ClasspathEntrySnapshotTransform: C:\Users\user\AppData\Local\Android\Sdk\platforms\android-35\android.jar because:
  Build cache is disabled
Skipping ClasspathEntrySnapshotTransform: C:\Users\user\AppData\Local\Android\Sdk\platforms\android-35\android.jar as it is up-to-date.
Caching disabled for ClasspathEntrySnapshotTransform: C:\Users\user\.gradle\caches\transforms-3\df13c73a1d847a87be698743aea413fc\transformed\jetified-exoplayer-extractor-2.19.1-api.jar because:
  Build cache is disabled
Skipping ClasspathEntrySnapshotTransform: C:\Users\user\.gradle\caches\transforms-3\df13c73a1d847a87be698743aea413fc\transformed\jetified-exoplayer-extractor-2.19.1-api.jar as it is up-to-date.
Caching disabled for ClasspathEntrySnapshotTransform: C:\Users\user\.gradle\caches\transforms-3\8646a4de871fe8b4c349b36570a14e1f\transformed\jetified-exoplayer-smoothstreaming-2.19.1-api.jar because:
  Build cache is disabled
Skipping ClasspathEntrySnapshotTransform: C:\Users\user\.gradle\caches\transforms-3\8646a4de871fe8b4c349b36570a14e1f\transformed\jetified-exoplayer-smoothstreaming-2.19.1-api.jar as it is up-to-date.
Caching disabled for task ':app:kaptGenerateStubsReleaseKotlin' because:
  Build cache is disabled
Skipping task ':app:kaptGenerateStubsReleaseKotlin' as it is up-to-date.
Resolve mutations for :app:kaptReleaseKotlin (Thread[#83,included builds,5,main]) started.
:app:kaptReleaseKotlin (Thread[#83,included builds,5,main]) started.
Resolve mutations for :app:optimizeReleaseResources (Thread[#84,Execution worker,5,main]) started.
:app:optimizeReleaseResources (Thread[#84,Execution worker,5,main]) started.

> Task :app:optimizeReleaseResources UP-TO-DATE
Caching disabled for task ':app:optimizeReleaseResources' because:
  Build cache is disabled
Skipping task ':app:optimizeReleaseResources' as it is up-to-date.

> Task :app:kaptReleaseKotlin
Transforming R.jar with StructureTransformAction
Transforming material-1.11.0-api.jar with StructureTransformAction
Transforming constraintlayout-2.0.1-api.jar with StructureTransformAction
Transforming appcompat-1.6.1-api.jar with StructureTransformAction
Transforming jetified-hilt-navigation-compose-1.1.0-api.jar with StructureTransformAction
Transforming jetified-hilt-navigation-1.1.0-api.jar with StructureTransformAction
Transforming jetified-hilt-android-2.49-api.jar with StructureTransformAction
Transforming jetified-viewpager2-1.0.0-api.jar with StructureTransformAction
Transforming jetified-play-services-ads-22.6.0-api.jar with StructureTransformAction
Transforming jetified-play-services-appset-16.0.1-api.jar with StructureTransformAction
Transforming jetified-play-services-base-18.2.0-api.jar with StructureTransformAction
Transforming jetified-play-services-tasks-18.0.2-api.jar with StructureTransformAction
Transforming jetified-play-services-ads-lite-22.6.0-api.jar with StructureTransformAction
Transforming jetified-play-services-ads-base-22.6.0-api.jar with StructureTransformAction
Transforming jetified-user-messaging-platform-2.1.0-api.jar with StructureTransformAction
Transforming jetified-play-services-ads-identifier-18.0.0-api.jar with StructureTransformAction
Transforming jetified-play-services-measurement-sdk-api-20.1.2-api.jar with StructureTransformAction
Transforming jetified-play-services-measurement-base-20.1.2-api.jar with StructureTransformAction
Transforming jetified-play-services-basement-18.2.0-api.jar with StructureTransformAction
Transforming fragment-1.5.1-api.jar with StructureTransformAction
Transforming navigation-common-2.7.6-api.jar with StructureTransformAction
Transforming navigation-runtime-2.7.6-api.jar with StructureTransformAction
Transforming navigation-common-ktx-2.7.6-api.jar with StructureTransformAction
Transforming navigation-runtime-ktx-2.7.6-api.jar with StructureTransformAction
Transforming jetified-navigation-compose-2.7.6-api.jar with StructureTransformAction
Transforming jetified-activity-1.8.2-api.jar with StructureTransformAction
Transforming jetified-activity-compose-1.8.2-api.jar with StructureTransformAction
Transforming jetified-activity-ktx-1.8.2-api.jar with StructureTransformAction
Transforming room-common-2.6.1.jar with StructureTransformAction
Transforming jetified-room-ktx-2.6.1-api.jar with StructureTransformAction
Transforming room-runtime-2.6.1-api.jar with StructureTransformAction
Transforming jetified-room-paging-2.6.1-api.jar with StructureTransformAction
Transforming jetified-paging-common-ktx-3.2.1.jar with StructureTransformAction
Transforming paging-runtime-3.2.1-api.jar with StructureTransformAction
Transforming paging-common-3.2.1.jar with StructureTransformAction
Transforming jetified-paging-runtime-ktx-3.2.1-api.jar with StructureTransformAction
Transforming jetified-paging-compose-3.2.1-api.jar with StructureTransformAction
Transforming jetified-material3-release-api.jar with StructureTransformAction
Transforming jetified-material-ripple-release-api.jar with StructureTransformAction
Transforming jetified-material-icons-core-release-api.jar with StructureTransformAction
Transforming jetified-material-release-api.jar with StructureTransformAction
Transforming jetified-coil-compose-2.5.0-api.jar with StructureTransformAction
Transforming jetified-coil-compose-base-2.5.0-api.jar with StructureTransformAction
Transforming jetified-foundation-layout-release-api.jar with StructureTransformAction
Caching disabled for StructureTransformAction: C:\Users\user\Desktop\projects\Football Live Score (Topon)\Live Football\app\build\intermediates\compile_and_runtime_not_namespaced_r_class_jar\release\R.jar because:
  Build cache is disabled
Skipping StructureTransformAction: C:\Users\user\Desktop\projects\Football Live Score (Topon)\Live Football\app\build\intermediates\compile_and_runtime_not_namespaced_r_class_jar\release\R.jar as it is up-to-date.
Caching disabled for StructureTransformAction: C:\Users\user\.gradle\caches\transforms-3\bf51b357ebcbbe3a5b569e1726ac45b4\transformed\constraintlayout-2.0.1-api.jar because:
  Build cache is disabled
Caching disabled for StructureTransformAction: C:\Users\user\.gradle\caches\transforms-3\3efe4d2e22b5b846e52acddc106a11c5\transformed\material-1.11.0-api.jar because:
  Build cache is disabled
Transforming jetified-foundation-release-api.jar with StructureTransformAction
Caching disabled for StructureTransformAction: C:\Users\user\.gradle\caches\transforms-3\cbcfd89667e4aed9ae93d79ea3d2d9d3\transformed\appcompat-1.6.1-api.jar because:
  Build cache is disabled
Transforming jetified-animation-core-release-api.jar with StructureTransformAction
Skipping StructureTransformAction: C:\Users\user\.gradle\caches\transforms-3\bf51b357ebcbbe3a5b569e1726ac45b4\transformed\constraintlayout-2.0.1-api.jar as it is up-to-date.
Skipping StructureTransformAction: C:\Users\user\.gradle\caches\transforms-3\3efe4d2e22b5b846e52acddc106a11c5\transformed\material-1.11.0-api.jar as it is up-to-date.
Skipping StructureTransformAction: C:\Users\user\.gradle\caches\transforms-3\cbcfd89667e4aed9ae93d79ea3d2d9d3\transformed\appcompat-1.6.1-api.jar as it is up-to-date.
Transforming jetified-animation-release-api.jar with StructureTransformAction
Transforming jetified-ui-util-release-api.jar with StructureTransformAction
Transforming jetified-ui-unit-release-api.jar with StructureTransformAction
Transforming jetified-ui-text-release-api.jar with StructureTransformAction
Transforming jetified-ui-geometry-release-api.jar with StructureTransformAction
Transforming jetified-ui-graphics-release-api.jar with StructureTransformAction
Transforming jetified-ui-release-api.jar with StructureTransformAction
Transforming jetified-ui-tooling-preview-release-api.jar with StructureTransformAction
Transforming jetified-runtime-saveable-release-api.jar with StructureTransformAction
Transforming jetified-runtime-release-api.jar with StructureTransformAction
Transforming jetified-runtime-livedata-1.6.1-api.jar with StructureTransformAction
Transforming jetified-appcompat-resources-1.6.1-api.jar with StructureTransformAction
Caching disabled for StructureTransformAction: C:\Users\user\.gradle\caches\transforms-3\43f910de07e7cbe39cefcb65da475821\transformed\jetified-viewpager2-1.0.0-api.jar because:
  Build cache is disabled
Skipping StructureTransformAction: C:\Users\user\.gradle\caches\transforms-3\43f910de07e7cbe39cefcb65da475821\transformed\jetified-viewpager2-1.0.0-api.jar as it is up-to-date.
Caching disabled for StructureTransformAction: C:\Users\user\.gradle\caches\transforms-3\b862e75a790792ef7d68ad0761b14869\transformed\jetified-hilt-navigation-1.1.0-api.jar because:
  Build cache is disabled
Transforming drawerlayout-1.1.1-api.jar with StructureTransformAction
Skipping StructureTransformAction: C:\Users\user\.gradle\caches\transforms-3\b862e75a790792ef7d68ad0761b14869\transformed\jetified-hilt-navigation-1.1.0-api.jar as it is up-to-date.
Caching disabled for StructureTransformAction: C:\Users\user\.gradle\caches\transforms-3\e01f7d2b51bcff8cc8129e8cc088c91b\transformed\jetified-play-services-base-18.2.0-api.jar because:
  Build cache is disabled
Transforming coordinatorlayout-1.1.0-api.jar with StructureTransformAction
Caching disabled for StructureTransformAction: C:\Users\user\.gradle\caches\transforms-3\fe9ebe0711c9c2c91a083fb2f923a71b\transformed\jetified-hilt-navigation-compose-1.1.0-api.jar because:
  Build cache is disabled
Caching disabled for StructureTransformAction: C:\Users\user\.gradle\caches\transforms-3\5e52de47ece93cc5ef68eff9feca65f0\transformed\jetified-play-services-appset-16.0.1-api.jar because:
  Build cache is disabled
Skipping StructureTransformAction: C:\Users\user\.gradle\caches\transforms-3\5e52de47ece93cc5ef68eff9feca65f0\transformed\jetified-play-services-appset-16.0.1-api.jar as it is up-to-date.
Transforming dynamicanimation-1.0.0-api.jar with StructureTransformAction
Skipping StructureTransformAction: C:\Users\user\.gradle\caches\transforms-3\e01f7d2b51bcff8cc8129e8cc088c91b\transformed\jetified-play-services-base-18.2.0-api.jar as it is up-to-date.
Caching disabled for StructureTransformAction: C:\Users\user\.gradle\caches\transforms-3\f2186c4dac06fe3b9bf203f36f6fe9b2\transformed\jetified-hilt-android-2.49-api.jar because:
  Build cache is disabled
Transforming recyclerview-1.3.0-api.jar with StructureTransformAction
Skipping StructureTransformAction: C:\Users\user\.gradle\caches\transforms-3\f2186c4dac06fe3b9bf203f36f6fe9b2\transformed\jetified-hilt-android-2.49-api.jar as it is up-to-date.
Caching disabled for StructureTransformAction: C:\Users\user\.gradle\caches\transforms-3\ead2dd11908d4daab01cb875ed26fd3d\transformed\jetified-play-services-ads-22.6.0-api.jar because:
  Build cache is disabled
Caching disabled for StructureTransformAction: C:\Users\user\.gradle\caches\transforms-3\2a4dd99a898ddec2911d6fa610fc4000\transformed\jetified-play-services-tasks-18.0.2-api.jar because:
  Build cache is disabled
Caching disabled for StructureTransformAction: C:\Users\user\.gradle\caches\transforms-3\b07c92cbf51eaaec23d31325185edf84\transformed\jetified-user-messaging-platform-2.1.0-api.jar because:
  Build cache is disabled
Caching disabled for StructureTransformAction: C:\Users\user\.gradle\caches\transforms-3\fac22b21885a477b5657bbf24c43130b\transformed\jetified-play-services-ads-base-22.6.0-api.jar because:
  Build cache is disabled
Skipping StructureTransformAction: C:\Users\user\.gradle\caches\transforms-3\b07c92cbf51eaaec23d31325185edf84\transformed\jetified-user-messaging-platform-2.1.0-api.jar as it is up-to-date.
Skipping StructureTransformAction: C:\Users\user\.gradle\caches\transforms-3\fac22b21885a477b5657bbf24c43130b\transformed\jetified-play-services-ads-base-22.6.0-api.jar as it is up-to-date.
Transforming transition-1.2.0-api.jar with StructureTransformAction
Transforming vectordrawable-animated-1.1.0-api.jar with StructureTransformAction
Skipping StructureTransformAction: C:\Users\user\.gradle\caches\transforms-3\fe9ebe0711c9c2c91a083fb2f923a71b\transformed\jetified-hilt-navigation-compose-1.1.0-api.jar as it is up-to-date.
Transforming vectordrawable-1.1.0-api.jar with StructureTransformAction
Caching disabled for StructureTransformAction: C:\Users\user\.gradle\caches\transforms-3\11e5b6f27cffd79bfa52a1521b214ec0\transformed\jetified-play-services-ads-identifier-18.0.0-api.jar because:
  Build cache is disabled
Transforming jetified-exoplayer-2.19.1-api.jar with StructureTransformAction
Skipping StructureTransformAction: C:\Users\user\.gradle\caches\transforms-3\2a4dd99a898ddec2911d6fa610fc4000\transformed\jetified-play-services-tasks-18.0.2-api.jar as it is up-to-date.
Skipping StructureTransformAction: C:\Users\user\.gradle\caches\transforms-3\ead2dd11908d4daab01cb875ed26fd3d\transformed\jetified-play-services-ads-22.6.0-api.jar as it is up-to-date.
Caching disabled for StructureTransformAction: C:\Users\user\.gradle\caches\transforms-3\80076ca8be81e6c47be44c8a37a5436f\transformed\jetified-play-services-ads-lite-22.6.0-api.jar because:
  Build cache is disabled
Transforming jetified-exoplayer-ui-2.19.1-api.jar with StructureTransformAction
Caching disabled for StructureTransformAction: C:\Users\user\.gradle\caches\transforms-3\6070a8a55b07af9bba206a0bc3ce4be9\transformed\jetified-play-services-measurement-sdk-api-20.1.2-api.jar because:
  Build cache is disabled
Skipping StructureTransformAction: C:\Users\user\.gradle\caches\transforms-3\11e5b6f27cffd79bfa52a1521b214ec0\transformed\jetified-play-services-ads-identifier-18.0.0-api.jar as it is up-to-date.
Skipping StructureTransformAction: C:\Users\user\.gradle\caches\transforms-3\6070a8a55b07af9bba206a0bc3ce4be9\transformed\jetified-play-services-measurement-sdk-api-20.1.2-api.jar as it is up-to-date.
Transforming media-1.6.0-api.jar with StructureTransformAction
Skipping StructureTransformAction: C:\Users\user\.gradle\caches\transforms-3\80076ca8be81e6c47be44c8a37a5436f\transformed\jetified-play-services-ads-lite-22.6.0-api.jar as it is up-to-date.
Transforming browser-1.4.0-api.jar with StructureTransformAction
Transforming viewpager-1.0.0-api.jar with StructureTransformAction
Transforming customview-1.1.0-api.jar with StructureTransformAction
Transforming legacy-support-core-utils-1.0.0-api.jar with StructureTransformAction
Transforming loader-1.0.0-api.jar with StructureTransformAction
Caching disabled for StructureTransformAction: C:\Users\user\.gradle\caches\transforms-3\b93cf1d9d624fa190ff87b73b02786ac\transformed\jetified-play-services-basement-18.2.0-api.jar because:
  Build cache is disabled
Caching disabled for StructureTransformAction: C:\Users\user\.gradle\caches\transforms-3\1f2346df9314605286de174a583248f5\transformed\jetified-play-services-measurement-base-20.1.2-api.jar because:
  Build cache is disabled
Skipping StructureTransformAction: C:\Users\user\.gradle\caches\transforms-3\b93cf1d9d624fa190ff87b73b02786ac\transformed\jetified-play-services-basement-18.2.0-api.jar as it is up-to-date.
Skipping StructureTransformAction: C:\Users\user\.gradle\caches\transforms-3\1f2346df9314605286de174a583248f5\transformed\jetified-play-services-measurement-base-20.1.2-api.jar as it is up-to-date.
Caching disabled for StructureTransformAction: C:\Users\user\.gradle\caches\transforms-3\38317c4bc41322a67c369f9e15ec7388\transformed\navigation-common-ktx-2.7.6-api.jar because:
  Build cache is disabled
Skipping StructureTransformAction: C:\Users\user\.gradle\caches\transforms-3\38317c4bc41322a67c369f9e15ec7388\transformed\navigation-common-ktx-2.7.6-api.jar as it is up-to-date.
Caching disabled for StructureTransformAction: C:\Users\user\.gradle\caches\transforms-3\6f3fec40aedaf012baa40dbd0d150580\transformed\navigation-common-2.7.6-api.jar because:
  Build cache is disabled
Caching disabled for StructureTransformAction: C:\Users\user\.gradle\caches\transforms-3\c2215d25b2d840030ede5186a3c05345\transformed\fragment-1.5.1-api.jar because:
  Build cache is disabled
Skipping StructureTransformAction: C:\Users\user\.gradle\caches\transforms-3\6f3fec40aedaf012baa40dbd0d150580\transformed\navigation-common-2.7.6-api.jar as it is up-to-date.
Skipping StructureTransformAction: C:\Users\user\.gradle\caches\transforms-3\c2215d25b2d840030ede5186a3c05345\transformed\fragment-1.5.1-api.jar as it is up-to-date.
Transforming core-1.12.0-api.jar with StructureTransformAction
Caching disabled for StructureTransformAction: C:\Users\user\.gradle\caches\transforms-3\d875dea16cb95bb051ce57fafd2541bc\transformed\navigation-runtime-ktx-2.7.6-api.jar because:
  Build cache is disabled
Transforming jetified-lifecycle-livedata-ktx-2.7.0-api.jar with StructureTransformAction
Transforming jetified-lifecycle-livedata-core-ktx-2.7.0-api.jar with StructureTransformAction
Transforming lifecycle-livedata-core-2.7.0-api.jar with StructureTransformAction
Skipping StructureTransformAction: C:\Users\user\.gradle\caches\transforms-3\d875dea16cb95bb051ce57fafd2541bc\transformed\navigation-runtime-ktx-2.7.6-api.jar as it is up-to-date.
Transforming lifecycle-common-2.7.0.jar with StructureTransformAction
Transforming work-runtime-2.7.0-api.jar with StructureTransformAction
Transforming lifecycle-livedata-2.7.0-api.jar with StructureTransformAction
Transforming jetified-lifecycle-viewmodel-ktx-2.7.0-api.jar with StructureTransformAction
Transforming lifecycle-common-java8-2.7.0.jar with StructureTransformAction
Transforming lifecycle-viewmodel-2.7.0-api.jar with StructureTransformAction
Transforming jetified-coil-2.5.0-api.jar with StructureTransformAction
Caching disabled for StructureTransformAction: C:\Users\user\.gradle\caches\transforms-3\4beda84bc3859e2f1405ad0b0df33413\transformed\navigation-runtime-2.7.6-api.jar because:
  Build cache is disabled
Skipping StructureTransformAction: C:\Users\user\.gradle\caches\transforms-3\4beda84bc3859e2f1405ad0b0df33413\transformed\navigation-runtime-2.7.6-api.jar as it is up-to-date.
Caching disabled for StructureTransformAction: C:\Users\user\.gradle\caches\transforms-3\02cf926b406b88cb89884dba3d41da6c\transformed\jetified-room-paging-2.6.1-api.jar because:
  Build cache is disabled
Skipping StructureTransformAction: C:\Users\user\.gradle\caches\transforms-3\02cf926b406b88cb89884dba3d41da6c\transformed\jetified-room-paging-2.6.1-api.jar as it is up-to-date.
Caching disabled for StructureTransformAction: C:\Users\user\.gradle\caches\modules-2\files-2.1\androidx.room\room-common\2.6.1\ff1b9580850a9b7eef56554e356628d225785265\room-common-2.6.1.jar because:
  Build cache is disabled
Caching disabled for StructureTransformAction: C:\Users\user\.gradle\caches\transforms-3\05e02f5eb083e174f1cf81c656144347\transformed\jetified-navigation-compose-2.7.6-api.jar because:
  Build cache is disabled
Skipping StructureTransformAction: C:\Users\user\.gradle\caches\modules-2\files-2.1\androidx.room\room-common\2.6.1\ff1b9580850a9b7eef56554e356628d225785265\room-common-2.6.1.jar as it is up-to-date.
Skipping StructureTransformAction: C:\Users\user\.gradle\caches\transforms-3\05e02f5eb083e174f1cf81c656144347\transformed\jetified-navigation-compose-2.7.6-api.jar as it is up-to-date.
Caching disabled for StructureTransformAction: C:\Users\user\.gradle\caches\transforms-3\f791774d15e0a5c25b0d18f7170cfec6\transformed\room-runtime-2.6.1-api.jar because:
  Build cache is disabled
Caching disabled for StructureTransformAction: C:\Users\user\.gradle\caches\transforms-3\2dc834dad25f60311ad8563ae9e69369\transformed\jetified-activity-compose-1.8.2-api.jar because:
  Build cache is disabled
Skipping StructureTransformAction: C:\Users\user\.gradle\caches\transforms-3\f791774d15e0a5c25b0d18f7170cfec6\transformed\room-runtime-2.6.1-api.jar as it is up-to-date.
Skipping StructureTransformAction: C:\Users\user\.gradle\caches\transforms-3\2dc834dad25f60311ad8563ae9e69369\transformed\jetified-activity-compose-1.8.2-api.jar as it is up-to-date.
Caching disabled for StructureTransformAction: C:\Users\user\.gradle\caches\transforms-3\d1fe90f07578c3ac6e3fd33d1601feb8\transformed\jetified-activity-ktx-1.8.2-api.jar because:
  Build cache is disabled
Skipping StructureTransformAction: C:\Users\user\.gradle\caches\transforms-3\d1fe90f07578c3ac6e3fd33d1601feb8\transformed\jetified-activity-ktx-1.8.2-api.jar as it is up-to-date.
Caching disabled for StructureTransformAction: C:\Users\user\.gradle\caches\transforms-3\7b8ea8f2a2ecbbeddf6848cace47b09e\transformed\paging-runtime-3.2.1-api.jar because:
  Build cache is disabled
Transforming jetified-coil-base-2.5.0-api.jar with StructureTransformAction
Skipping StructureTransformAction: C:\Users\user\.gradle\caches\transforms-3\7b8ea8f2a2ecbbeddf6848cace47b09e\transformed\paging-runtime-3.2.1-api.jar as it is up-to-date.
Caching disabled for StructureTransformAction: C:\Users\user\.gradle\caches\modules-2\files-2.1\androidx.paging\paging-common\3.2.1\48d6af8b2cfb4da25557588b471557fa0751efbb\paging-common-3.2.1.jar because:
  Build cache is disabled
Caching disabled for StructureTransformAction: C:\Users\user\.gradle\caches\transforms-3\6484d2ec886ee25e8fa486a7367cef89\transformed\jetified-paging-runtime-ktx-3.2.1-api.jar because:
  Build cache is disabled
Skipping StructureTransformAction: C:\Users\user\.gradle\caches\transforms-3\6484d2ec886ee25e8fa486a7367cef89\transformed\jetified-paging-runtime-ktx-3.2.1-api.jar as it is up-to-date.
Caching disabled for StructureTransformAction: C:\Users\user\.gradle\caches\transforms-3\bbe4891fbea243ea8935a5246a220925\transformed\jetified-room-ktx-2.6.1-api.jar because:
  Build cache is disabled
Caching disabled for StructureTransformAction: C:\Users\user\.gradle\caches\transforms-3\7308236ebe5bc620bd7fbb5deb7c61c6\transformed\jetified-paging-common-ktx-3.2.1.jar because:
  Build cache is disabled
Skipping StructureTransformAction: C:\Users\user\.gradle\caches\transforms-3\bbe4891fbea243ea8935a5246a220925\transformed\jetified-room-ktx-2.6.1-api.jar as it is up-to-date.
Skipping StructureTransformAction: C:\Users\user\.gradle\caches\transforms-3\7308236ebe5bc620bd7fbb5deb7c61c6\transformed\jetified-paging-common-ktx-3.2.1.jar as it is up-to-date.
Caching disabled for StructureTransformAction: C:\Users\user\.gradle\caches\transforms-3\0aa56702d8de5d3f89c3a8889209e38c\transformed\jetified-material-icons-core-release-api.jar because:
  Build cache is disabled
Skipping StructureTransformAction: C:\Users\user\.gradle\caches\modules-2\files-2.1\androidx.paging\paging-common\3.2.1\48d6af8b2cfb4da25557588b471557fa0751efbb\paging-common-3.2.1.jar as it is up-to-date.
Caching disabled for StructureTransformAction: C:\Users\user\.gradle\caches\transforms-3\57e0efac4cc3822bc412c4d24ceef8df\transformed\jetified-material3-release-api.jar because:
  Build cache is disabled
Transforming lifecycle-runtime-2.7.0-api.jar with StructureTransformAction
Transforming jetified-lifecycle-runtime-ktx-2.7.0-api.jar with StructureTransformAction
Skipping StructureTransformAction: C:\Users\user\.gradle\caches\transforms-3\57e0efac4cc3822bc412c4d24ceef8df\transformed\jetified-material3-release-api.jar as it is up-to-date.
Transforming jetified-lifecycle-viewmodel-compose-2.7.0-api.jar with StructureTransformAction
Transforming jetified-lifecycle-viewmodel-savedstate-2.7.0-api.jar with StructureTransformAction
Transforming jetified-core-ktx-1.12.0-api.jar with StructureTransformAction
Transforming jetified-flexbox-3.0.0-api.jar with StructureTransformAction
Caching disabled for StructureTransformAction: C:\Users\user\.gradle\caches\transforms-3\c670c4f4facc885eb01e4f0c6cd2ee5d\transformed\jetified-activity-1.8.2-api.jar because:
  Build cache is disabled
Skipping StructureTransformAction: C:\Users\user\.gradle\caches\transforms-3\c670c4f4facc885eb01e4f0c6cd2ee5d\transformed\jetified-activity-1.8.2-api.jar as it is up-to-date.
Caching disabled for StructureTransformAction: C:\Users\user\.gradle\caches\transforms-3\e6f5ef55846e8e2e58e794bc0547580b\transformed\jetified-material-release-api.jar because:
  Build cache is disabled
Skipping StructureTransformAction: C:\Users\user\.gradle\caches\transforms-3\0aa56702d8de5d3f89c3a8889209e38c\transformed\jetified-material-icons-core-release-api.jar as it is up-to-date.
Caching disabled for StructureTransformAction: C:\Users\user\.gradle\caches\transforms-3\1824013db16aafcfda54096b8477ef59\transformed\jetified-material-ripple-release-api.jar because:
  Build cache is disabled
Skipping StructureTransformAction: C:\Users\user\.gradle\caches\transforms-3\1824013db16aafcfda54096b8477ef59\transformed\jetified-material-ripple-release-api.jar as it is up-to-date.
Skipping StructureTransformAction: C:\Users\user\.gradle\caches\transforms-3\e6f5ef55846e8e2e58e794bc0547580b\transformed\jetified-material-release-api.jar as it is up-to-date.
Transforming jetified-core-splashscreen-1.0.1-api.jar with StructureTransformAction
Caching disabled for StructureTransformAction: C:\Users\user\.gradle\caches\transforms-3\c471a02f0ff4f459b664e2677586df60\transformed\jetified-animation-core-release-api.jar because:
  Build cache is disabled
Caching disabled for StructureTransformAction: C:\Users\user\.gradle\caches\transforms-3\4ac012c8e725f3bcc201d41b3e111eaa\transformed\jetified-foundation-layout-release-api.jar because:
  Build cache is disabled
Skipping StructureTransformAction: C:\Users\user\.gradle\caches\transforms-3\c471a02f0ff4f459b664e2677586df60\transformed\jetified-animation-core-release-api.jar as it is up-to-date.
Caching disabled for StructureTransformAction: C:\Users\user\.gradle\caches\transforms-3\df79b6c2f1f03c92ecc0aacfe64cbe04\transformed\jetified-coil-compose-2.5.0-api.jar because:
  Build cache is disabled
Transforming jetified-kotlin-parcelize-runtime-1.9.22.jar with StructureTransformAction
Skipping StructureTransformAction: C:\Users\user\.gradle\caches\transforms-3\df79b6c2f1f03c92ecc0aacfe64cbe04\transformed\jetified-coil-compose-2.5.0-api.jar as it is up-to-date.
Skipping StructureTransformAction: C:\Users\user\.gradle\caches\transforms-3\4ac012c8e725f3bcc201d41b3e111eaa\transformed\jetified-foundation-layout-release-api.jar as it is up-to-date.
Caching disabled for StructureTransformAction: C:\Users\user\.gradle\caches\transforms-3\13ffb2e7b98dfbb3cf16b04cd4c1a7ab\transformed\jetified-paging-compose-3.2.1-api.jar because:
  Build cache is disabled
Skipping StructureTransformAction: C:\Users\user\.gradle\caches\transforms-3\13ffb2e7b98dfbb3cf16b04cd4c1a7ab\transformed\jetified-paging-compose-3.2.1-api.jar as it is up-to-date.
Transforming jetified-savedstate-ktx-1.2.1-api.jar with StructureTransformAction
Caching disabled for StructureTransformAction: C:\Users\user\.gradle\caches\transforms-3\2b579740c6b4009340f0c3eb5aa52c79\transformed\jetified-foundation-release-api.jar because:
  Build cache is disabled
Skipping StructureTransformAction: C:\Users\user\.gradle\caches\transforms-3\2b579740c6b4009340f0c3eb5aa52c79\transformed\jetified-foundation-release-api.jar as it is up-to-date.
Caching disabled for StructureTransformAction: C:\Users\user\.gradle\caches\transforms-3\304c97c13454032cb0451d212a6a910a\transformed\jetified-ui-text-release-api.jar because:
  Build cache is disabled
Skipping StructureTransformAction: C:\Users\user\.gradle\caches\transforms-3\304c97c13454032cb0451d212a6a910a\transformed\jetified-ui-text-release-api.jar as it is up-to-date.
Transforming jetified-savedstate-1.2.1-api.jar with StructureTransformAction
Transforming jetified-annotation-experimental-1.4.0-api.jar with StructureTransformAction
Caching disabled for StructureTransformAction: C:\Users\user\.gradle\caches\transforms-3\880530f06dd32c288c155f3c96332039\transformed\jetified-ui-geometry-release-api.jar because:
  Build cache is disabled
Caching disabled for StructureTransformAction: C:\Users\user\.gradle\caches\transforms-3\80d5f4751bd84a81d7fe87ef2ae20a94\transformed\jetified-ui-unit-release-api.jar because:
  Build cache is disabled
Skipping StructureTransformAction: C:\Users\user\.gradle\caches\transforms-3\880530f06dd32c288c155f3c96332039\transformed\jetified-ui-geometry-release-api.jar as it is up-to-date.
Skipping StructureTransformAction: C:\Users\user\.gradle\caches\transforms-3\80d5f4751bd84a81d7fe87ef2ae20a94\transformed\jetified-ui-unit-release-api.jar as it is up-to-date.
Caching disabled for StructureTransformAction: C:\Users\user\.gradle\caches\transforms-3\6cecaccb3c6b6ed956dabefc6dce9741\transformed\jetified-ui-graphics-release-api.jar because:
  Build cache is disabled
Caching disabled for StructureTransformAction: C:\Users\user\.gradle\caches\transforms-3\8c03f65f6ff502ff4ce9f214a9bb5979\transformed\jetified-ui-util-release-api.jar because:
  Build cache is disabled
Skipping StructureTransformAction: C:\Users\user\.gradle\caches\transforms-3\8c03f65f6ff502ff4ce9f214a9bb5979\transformed\jetified-ui-util-release-api.jar as it is up-to-date.
Transforming jetified-converter-gson-2.9.0.jar with StructureTransformAction
Skipping StructureTransformAction: C:\Users\user\.gradle\caches\transforms-3\6cecaccb3c6b6ed956dabefc6dce9741\transformed\jetified-ui-graphics-release-api.jar as it is up-to-date.
Transforming jetified-retrofit-2.9.0.jar with StructureTransformAction
Transforming jetified-logging-interceptor-4.12.0.jar with StructureTransformAction
Transforming jetified-okhttp-4.12.0.jar with StructureTransformAction
Transforming jetified-ads-adservices-java-1.0.0-beta05-api.jar with StructureTransformAction
Transforming jetified-ads-adservices-1.0.0-beta05-api.jar with StructureTransformAction
Transforming jetified-kotlinx-coroutines-core-jvm-1.7.3.jar with StructureTransformAction
Transforming jetified-kotlinx-coroutines-android-1.7.3.jar with StructureTransformAction
Transforming jetified-lottie-compose-6.1.0-api.jar with StructureTransformAction
Transforming jetified-accompanist-permissions-0.32.0-api.jar with StructureTransformAction
Transforming jetified-okio-jvm-3.6.0.jar with StructureTransformAction
Transforming jetified-kotlin-stdlib-jdk8-1.9.10.jar with StructureTransformAction
Transforming jetified-kotlin-android-extensions-runtime-1.9.22.jar with StructureTransformAction
Transforming cursoradapter-1.0.0-api.jar with StructureTransformAction
Transforming cardview-1.0.0-api.jar with StructureTransformAction
Transforming sqlite-framework-2.4.0-api.jar with StructureTransformAction
Transforming sqlite-2.4.0-api.jar with StructureTransformAction
Transforming versionedparcelable-1.1.1-api.jar with StructureTransformAction
Transforming core-runtime-2.2.0-api.jar with StructureTransformAction
Transforming core-common-2.2.0.jar with StructureTransformAction
Transforming jetified-collection-jvm-1.4.0.jar with StructureTransformAction
Caching disabled for StructureTransformAction: C:\Users\user\.gradle\caches\transforms-3\f7880a7d6293967080bff58b168589a9\transformed\jetified-animation-release-api.jar because:
  Build cache is disabled
Skipping StructureTransformAction: C:\Users\user\.gradle\caches\transforms-3\f7880a7d6293967080bff58b168589a9\transformed\jetified-animation-release-api.jar as it is up-to-date.
Caching disabled for StructureTransformAction: C:\Users\user\.gradle\caches\transforms-3\07c42d6bf1e9de50e0cbc2296de3371e\transformed\jetified-runtime-livedata-1.6.1-api.jar because:
  Build cache is disabled
Caching disabled for StructureTransformAction: C:\Users\user\.gradle\caches\transforms-3\06ba35993a31107d2ce8c81e65ebc0a4\transformed\coordinatorlayout-1.1.0-api.jar because:
  Build cache is disabled
Skipping StructureTransformAction: C:\Users\user\.gradle\caches\transforms-3\07c42d6bf1e9de50e0cbc2296de3371e\transformed\jetified-runtime-livedata-1.6.1-api.jar as it is up-to-date.
Skipping StructureTransformAction: C:\Users\user\.gradle\caches\transforms-3\06ba35993a31107d2ce8c81e65ebc0a4\transformed\coordinatorlayout-1.1.0-api.jar as it is up-to-date.
Caching disabled for StructureTransformAction: C:\Users\user\.gradle\caches\transforms-3\085668034b74f7ae76423a26409f6a29\transformed\jetified-runtime-saveable-release-api.jar because:
  Build cache is disabled
Skipping StructureTransformAction: C:\Users\user\.gradle\caches\transforms-3\085668034b74f7ae76423a26409f6a29\transformed\jetified-runtime-saveable-release-api.jar as it is up-to-date.
Transforming interpolator-1.0.0-api.jar with StructureTransformAction
Caching disabled for StructureTransformAction: C:\Users\user\.gradle\caches\transforms-3\6a586d1db000328b60e9e007d453b858\transformed\jetified-runtime-release-api.jar because:
  Build cache is disabled
Skipping StructureTransformAction: C:\Users\user\.gradle\caches\transforms-3\6a586d1db000328b60e9e007d453b858\transformed\jetified-runtime-release-api.jar as it is up-to-date.
Caching disabled for StructureTransformAction: C:\Users\user\.gradle\caches\transforms-3\73b8057fd0bc3a0f63be7e665fbf4148\transformed\dynamicanimation-1.0.0-api.jar because:
  Build cache is disabled
Caching disabled for StructureTransformAction: C:\Users\user\.gradle\caches\transforms-3\435eb49610f7431757b855d6fd0b7f34\transformed\drawerlayout-1.1.1-api.jar because:
  Build cache is disabled
Caching disabled for StructureTransformAction: C:\Users\user\.gradle\caches\transforms-3\9699cb158169186684509a88237060e6\transformed\jetified-appcompat-resources-1.6.1-api.jar because:
  Build cache is disabled
Skipping StructureTransformAction: C:\Users\user\.gradle\caches\transforms-3\435eb49610f7431757b855d6fd0b7f34\transformed\drawerlayout-1.1.1-api.jar as it is up-to-date.
Skipping StructureTransformAction: C:\Users\user\.gradle\caches\transforms-3\73b8057fd0bc3a0f63be7e665fbf4148\transformed\dynamicanimation-1.0.0-api.jar as it is up-to-date.
Skipping StructureTransformAction: C:\Users\user\.gradle\caches\transforms-3\9699cb158169186684509a88237060e6\transformed\jetified-appcompat-resources-1.6.1-api.jar as it is up-to-date.
Caching disabled for StructureTransformAction: C:\Users\user\.gradle\caches\transforms-3\7ce0da08bb9e48a6033667008f497f3e\transformed\jetified-ui-release-api.jar because:
  Build cache is disabled
Skipping StructureTransformAction: C:\Users\user\.gradle\caches\transforms-3\7ce0da08bb9e48a6033667008f497f3e\transformed\jetified-ui-release-api.jar as it is up-to-date.
Transforming documentfile-1.0.0-api.jar with StructureTransformAction
Transforming localbroadcastmanager-1.0.0-api.jar with StructureTransformAction
Caching disabled for StructureTransformAction: C:\Users\user\.gradle\caches\transforms-3\e12166c81d63a751e832141fd0705a8f\transformed\jetified-ui-tooling-preview-release-api.jar because:
  Build cache is disabled
Transforming print-1.0.0-api.jar with StructureTransformAction
Skipping StructureTransformAction: C:\Users\user\.gradle\caches\transforms-3\e12166c81d63a751e832141fd0705a8f\transformed\jetified-ui-tooling-preview-release-api.jar as it is up-to-date.
Transforming jetified-annotation-jvm-1.7.0.jar with StructureTransformAction
Caching disabled for StructureTransformAction: C:\Users\user\.gradle\caches\transforms-3\04c8eb497be33d27858744a49cd2529a\transformed\recyclerview-1.3.0-api.jar because:
  Build cache is disabled
Caching disabled for StructureTransformAction: C:\Users\user\.gradle\caches\transforms-3\6e789970a3d3194d1cfbbad457aa4d28\transformed\vectordrawable-animated-1.1.0-api.jar because:
  Build cache is disabled
Skipping StructureTransformAction: C:\Users\user\.gradle\caches\transforms-3\04c8eb497be33d27858744a49cd2529a\transformed\recyclerview-1.3.0-api.jar as it is up-to-date.
Caching disabled for StructureTransformAction: C:\Users\user\.gradle\caches\transforms-3\b2335d6634777ecea41527f2756a63df\transformed\jetified-exoplayer-2.19.1-api.jar because:
  Build cache is disabled
Caching disabled for StructureTransformAction: C:\Users\user\.gradle\caches\transforms-3\632527dce4695115ee6b44a335f62b5e\transformed\jetified-coil-compose-base-2.5.0-api.jar because:
  Build cache is disabled
Caching disabled for StructureTransformAction: C:\Users\user\.gradle\caches\transforms-3\10c8f036657c513e6f16da2f705bed14\transformed\vectordrawable-1.1.0-api.jar because:
  Build cache is disabled
Skipping StructureTransformAction: C:\Users\user\.gradle\caches\transforms-3\10c8f036657c513e6f16da2f705bed14\transformed\vectordrawable-1.1.0-api.jar as it is up-to-date.
Caching disabled for StructureTransformAction: C:\Users\user\.gradle\caches\transforms-3\3895efddbf130d35683e148a11b64420\transformed\jetified-exoplayer-ui-2.19.1-api.jar because:
  Build cache is disabled
Skipping StructureTransformAction: C:\Users\user\.gradle\caches\transforms-3\3895efddbf130d35683e148a11b64420\transformed\jetified-exoplayer-ui-2.19.1-api.jar as it is up-to-date.
Transforming jetified-kotlin-stdlib-jdk7-1.9.10.jar with StructureTransformAction
Transforming jetified-kotlin-stdlib-1.9.22.jar with StructureTransformAction
Transforming jetified-volley-1.2.1-api.jar with StructureTransformAction
Transforming jetified-lottie-6.1.0-api.jar with StructureTransformAction
Caching disabled for StructureTransformAction: C:\Users\user\.gradle\caches\transforms-3\6ad087cb427078a4b9f8dc6ce61c6e25\transformed\browser-1.4.0-api.jar because:
  Build cache is disabled
Caching disabled for StructureTransformAction: C:\Users\user\.gradle\caches\transforms-3\2935053ea8d4edb6c4a629bdec7f747f\transformed\transition-1.2.0-api.jar because:
  Build cache is disabled
Skipping StructureTransformAction: C:\Users\user\.gradle\caches\transforms-3\6ad087cb427078a4b9f8dc6ce61c6e25\transformed\browser-1.4.0-api.jar as it is up-to-date.
Skipping StructureTransformAction: C:\Users\user\.gradle\caches\transforms-3\2935053ea8d4edb6c4a629bdec7f747f\transformed\transition-1.2.0-api.jar as it is up-to-date.
Caching disabled for StructureTransformAction: C:\Users\user\.gradle\caches\transforms-3\bed3d49ab3497d5b91c24e9ec3624e5a\transformed\media-1.6.0-api.jar because:
  Build cache is disabled
Skipping StructureTransformAction: C:\Users\user\.gradle\caches\transforms-3\632527dce4695115ee6b44a335f62b5e\transformed\jetified-coil-compose-base-2.5.0-api.jar as it is up-to-date.
Skipping StructureTransformAction: C:\Users\user\.gradle\caches\transforms-3\b2335d6634777ecea41527f2756a63df\transformed\jetified-exoplayer-2.19.1-api.jar as it is up-to-date.
Skipping StructureTransformAction: C:\Users\user\.gradle\caches\transforms-3\6e789970a3d3194d1cfbbad457aa4d28\transformed\vectordrawable-animated-1.1.0-api.jar as it is up-to-date.
Transforming jetified-Android-Image-Slider-1.4.0-api.jar with StructureTransformAction
Skipping StructureTransformAction: C:\Users\user\.gradle\caches\transforms-3\bed3d49ab3497d5b91c24e9ec3624e5a\transformed\media-1.6.0-api.jar as it is up-to-date.
Transforming jetified-circleimageview-3.1.0-api.jar with StructureTransformAction
Transforming jetified-annotations-23.0.0.jar with StructureTransformAction
Transforming jetified-exoplayer-core-2.19.1-api.jar with StructureTransformAction
Transforming jetified-exoplayer-common-2.19.1-api.jar with StructureTransformAction
Caching disabled for StructureTransformAction: C:\Users\user\.gradle\caches\transforms-3\74b74d63175036bbe8f9d45381590765\transformed\viewpager-1.0.0-api.jar because:
  Build cache is disabled
Skipping StructureTransformAction: C:\Users\user\.gradle\caches\transforms-3\74b74d63175036bbe8f9d45381590765\transformed\viewpager-1.0.0-api.jar as it is up-to-date.
Transforming jetified-guava-31.1-android.jar with StructureTransformAction
Caching disabled for StructureTransformAction: C:\Users\user\.gradle\caches\transforms-3\c333f5710e601ee064b6026976307330\transformed\customview-1.1.0-api.jar because:
  Build cache is disabled
Transforming jetified-listenablefuture-9999.0-empty-to-avoid-conflict-with-guava.jar with StructureTransformAction
Skipping StructureTransformAction: C:\Users\user\.gradle\caches\transforms-3\c333f5710e601ee064b6026976307330\transformed\customview-1.1.0-api.jar as it is up-to-date.
Transforming jetified-startup-runtime-1.1.1-api.jar with StructureTransformAction
Caching disabled for StructureTransformAction: C:\Users\user\.gradle\caches\transforms-3\15eb6cbc0a8813988919e0216c37b198\transformed\legacy-support-core-utils-1.0.0-api.jar because:
  Build cache is disabled
Skipping StructureTransformAction: C:\Users\user\.gradle\caches\transforms-3\15eb6cbc0a8813988919e0216c37b198\transformed\legacy-support-core-utils-1.0.0-api.jar as it is up-to-date.
Transforming jetified-resourceinspection-annotation-1.0.1.jar with StructureTransformAction
Caching disabled for StructureTransformAction: C:\Users\user\.gradle\caches\transforms-3\98f7c6f8474fe1245df4f282c01ed43e\transformed\core-1.12.0-api.jar because:
  Build cache is disabled
Transforming constraintlayout-solver-2.0.1.jar with StructureTransformAction
Skipping StructureTransformAction: C:\Users\user\.gradle\caches\transforms-3\98f7c6f8474fe1245df4f282c01ed43e\transformed\core-1.12.0-api.jar as it is up-to-date.
Caching disabled for StructureTransformAction: C:\Users\user\.gradle\caches\transforms-3\2bb7c56f2acf186a0eb55a6023a4f6e1\transformed\loader-1.0.0-api.jar because:
  Build cache is disabled
Skipping StructureTransformAction: C:\Users\user\.gradle\caches\transforms-3\2bb7c56f2acf186a0eb55a6023a4f6e1\transformed\loader-1.0.0-api.jar as it is up-to-date.
Caching disabled for StructureTransformAction: C:\Users\user\.gradle\caches\transforms-3\a92816ff59f4b3c020cacb711ec50020\transformed\jetified-lifecycle-livedata-core-ktx-2.7.0-api.jar because:
  Build cache is disabled
Transforming jetified-hilt-core-2.49.jar with StructureTransformAction
Skipping StructureTransformAction: C:\Users\user\.gradle\caches\transforms-3\a92816ff59f4b3c020cacb711ec50020\transformed\jetified-lifecycle-livedata-core-ktx-2.7.0-api.jar as it is up-to-date.
Transforming jetified-dagger-2.49.jar with StructureTransformAction
Transforming jetified-javax.inject-1.jar with StructureTransformAction
Transforming jetified-dagger-lint-aar-2.49-api.jar with StructureTransformAction
Transforming jetified-jsr305-3.0.2.jar with StructureTransformAction
Transforming jetified-gson-2.8.5.jar with StructureTransformAction
Caching disabled for StructureTransformAction: C:\Users\user\.gradle\caches\transforms-3\7bc70e0b54824666e63014d886455385\transformed\work-runtime-2.7.0-api.jar because:
  Build cache is disabled
Skipping StructureTransformAction: C:\Users\user\.gradle\caches\transforms-3\7bc70e0b54824666e63014d886455385\transformed\work-runtime-2.7.0-api.jar as it is up-to-date.
Transforming jetified-failureaccess-1.0.1.jar with StructureTransformAction
Transforming jetified-exoplayer-database-2.19.1-api.jar with StructureTransformAction
Caching disabled for StructureTransformAction: C:\Users\user\.gradle\caches\transforms-3\ac3a81555401175b4fe4b0d7471cb4e8\transformed\jetified-lifecycle-viewmodel-ktx-2.7.0-api.jar because:
  Build cache is disabled
Transforming jetified-exoplayer-datasource-2.19.1-api.jar with StructureTransformAction
Transforming jetified-exoplayer-decoder-2.19.1-api.jar with StructureTransformAction
Skipping StructureTransformAction: C:\Users\user\.gradle\caches\transforms-3\ac3a81555401175b4fe4b0d7471cb4e8\transformed\jetified-lifecycle-viewmodel-ktx-2.7.0-api.jar as it is up-to-date.
Transforming jetified-exoplayer-extractor-2.19.1-api.jar with StructureTransformAction
Transforming jetified-exoplayer-container-2.19.1-api.jar with StructureTransformAction
Transforming jetified-exoplayer-dash-2.19.1-api.jar with StructureTransformAction
Transforming jetified-exoplayer-hls-2.19.1-api.jar with StructureTransformAction
Caching disabled for StructureTransformAction: C:\Users\user\.gradle\caches\transforms-3\93347fdb2d2877a2460eec52ee4ba389\transformed\lifecycle-livedata-core-2.7.0-api.jar because:
  Build cache is disabled
Caching disabled for StructureTransformAction: C:\Users\user\.gradle\caches\transforms-3\c1c9ea52bb7b915bad590fc8b4ef97a5\transformed\jetified-lifecycle-livedata-ktx-2.7.0-api.jar because:
  Build cache is disabled
Caching disabled for StructureTransformAction: C:\Users\user\.gradle\caches\transforms-3\92336b936596d7f3ee7714042354c480\transformed\lifecycle-viewmodel-2.7.0-api.jar because:
  Build cache is disabled
Skipping StructureTransformAction: C:\Users\user\.gradle\caches\transforms-3\c1c9ea52bb7b915bad590fc8b4ef97a5\transformed\jetified-lifecycle-livedata-ktx-2.7.0-api.jar as it is up-to-date.
Caching disabled for StructureTransformAction: C:\Users\user\.gradle\caches\modules-2\files-2.1\androidx.lifecycle\lifecycle-common\2.7.0\85334205d65cca70ed0109c3acbd29e22a2d9cb1\lifecycle-common-2.7.0.jar because:
  Build cache is disabled
Transforming jetified-exoplayer-rtsp-2.19.1-api.jar with StructureTransformAction
Skipping StructureTransformAction: C:\Users\user\.gradle\caches\modules-2\files-2.1\androidx.lifecycle\lifecycle-common\2.7.0\85334205d65cca70ed0109c3acbd29e22a2d9cb1\lifecycle-common-2.7.0.jar as it is up-to-date.
Skipping StructureTransformAction: C:\Users\user\.gradle\caches\transforms-3\92336b936596d7f3ee7714042354c480\transformed\lifecycle-viewmodel-2.7.0-api.jar as it is up-to-date.
Transforming jetified-exoplayer-smoothstreaming-2.19.1-api.jar with StructureTransformAction
Transforming android.jar with StructureTransformAction
Caching disabled for StructureTransformAction: C:\Users\user\.gradle\caches\modules-2\files-2.1\androidx.lifecycle\lifecycle-common-java8\2.7.0\2ad14aed781c4a73ed4dbb421966d408a0a06686\lifecycle-common-java8-2.7.0.jar because:
  Build cache is disabled
Transforming core-lambda-stubs.jar with StructureTransformAction
Skipping StructureTransformAction: C:\Users\user\.gradle\caches\modules-2\files-2.1\androidx.lifecycle\lifecycle-common-java8\2.7.0\2ad14aed781c4a73ed4dbb421966d408a0a06686\lifecycle-common-java8-2.7.0.jar as it is up-to-date.
Skipping StructureTransformAction: C:\Users\user\.gradle\caches\transforms-3\93347fdb2d2877a2460eec52ee4ba389\transformed\lifecycle-livedata-core-2.7.0-api.jar as it is up-to-date.
Caching disabled for StructureTransformAction: C:\Users\user\.gradle\caches\transforms-3\2d1570213fdb8cf9347e0bd73e8083b0\transformed\lifecycle-livedata-2.7.0-api.jar because:
  Build cache is disabled
Skipping StructureTransformAction: C:\Users\user\.gradle\caches\transforms-3\2d1570213fdb8cf9347e0bd73e8083b0\transformed\lifecycle-livedata-2.7.0-api.jar as it is up-to-date.
Caching disabled for StructureTransformAction: C:\Users\user\.gradle\caches\transforms-3\60c977f0d338bd73f014abbe88a33b15\transformed\jetified-lifecycle-runtime-ktx-2.7.0-api.jar because:
  Build cache is disabled
Skipping StructureTransformAction: C:\Users\user\.gradle\caches\transforms-3\60c977f0d338bd73f014abbe88a33b15\transformed\jetified-lifecycle-runtime-ktx-2.7.0-api.jar as it is up-to-date.
Caching disabled for StructureTransformAction: C:\Users\user\.gradle\caches\transforms-3\05fa4360e533259e7dfd7fc1d1834eba\transformed\jetified-flexbox-3.0.0-api.jar because:
  Build cache is disabled
Skipping StructureTransformAction: C:\Users\user\.gradle\caches\transforms-3\05fa4360e533259e7dfd7fc1d1834eba\transformed\jetified-flexbox-3.0.0-api.jar as it is up-to-date.
Caching disabled for StructureTransformAction: C:\Users\user\.gradle\caches\transforms-3\8543eed63d03784f96c5769ab3364ba8\transformed\jetified-lifecycle-viewmodel-savedstate-2.7.0-api.jar because:
  Build cache is disabled
Caching disabled for StructureTransformAction: C:\Users\user\.gradle\caches\transforms-3\9f709f226447a1294c000343ac93b2bd\transformed\jetified-core-ktx-1.12.0-api.jar because:
  Build cache is disabled
Skipping StructureTransformAction: C:\Users\user\.gradle\caches\transforms-3\8543eed63d03784f96c5769ab3364ba8\transformed\jetified-lifecycle-viewmodel-savedstate-2.7.0-api.jar as it is up-to-date.
Skipping StructureTransformAction: C:\Users\user\.gradle\caches\transforms-3\9f709f226447a1294c000343ac93b2bd\transformed\jetified-core-ktx-1.12.0-api.jar as it is up-to-date.
Caching disabled for StructureTransformAction: C:\Users\user\.gradle\caches\transforms-3\d578ec6effa76ead2a17869ca9b4b170\transformed\jetified-coil-2.5.0-api.jar because:
  Build cache is disabled
Skipping StructureTransformAction: C:\Users\user\.gradle\caches\transforms-3\d578ec6effa76ead2a17869ca9b4b170\transformed\jetified-coil-2.5.0-api.jar as it is up-to-date.
Caching disabled for StructureTransformAction: C:\Users\user\.gradle\caches\transforms-3\76da9a07d1228e29a4beb3200800de48\transformed\jetified-kotlin-parcelize-runtime-1.9.22.jar because:
  Build cache is disabled
Caching disabled for StructureTransformAction: C:\Users\user\.gradle\caches\transforms-3\64ecef9d52563019818f599b3c7ed2bb\transformed\jetified-coil-base-2.5.0-api.jar because:
  Build cache is disabled
Caching disabled for StructureTransformAction: C:\Users\user\.gradle\caches\transforms-3\21f0c1fbc7bfa601aae90078444d086d\transformed\jetified-core-splashscreen-1.0.1-api.jar because:
  Build cache is disabled
Skipping StructureTransformAction: C:\Users\user\.gradle\caches\transforms-3\64ecef9d52563019818f599b3c7ed2bb\transformed\jetified-coil-base-2.5.0-api.jar as it is up-to-date.
Skipping StructureTransformAction: C:\Users\user\.gradle\caches\transforms-3\76da9a07d1228e29a4beb3200800de48\transformed\jetified-kotlin-parcelize-runtime-1.9.22.jar as it is up-to-date.
Skipping StructureTransformAction: C:\Users\user\.gradle\caches\transforms-3\21f0c1fbc7bfa601aae90078444d086d\transformed\jetified-core-splashscreen-1.0.1-api.jar as it is up-to-date.
Caching disabled for StructureTransformAction: C:\Users\user\.gradle\caches\transforms-3\564f38922432335703eaa961212f0075\transformed\jetified-annotation-experimental-1.4.0-api.jar because:
  Build cache is disabled
Caching disabled for StructureTransformAction: C:\Users\user\.gradle\caches\transforms-3\9ffacb43f460eecfb97c687ebe33a9b6\transformed\jetified-lifecycle-viewmodel-compose-2.7.0-api.jar because:
  Build cache is disabled
Skipping StructureTransformAction: C:\Users\user\.gradle\caches\transforms-3\564f38922432335703eaa961212f0075\transformed\jetified-annotation-experimental-1.4.0-api.jar as it is up-to-date.
Skipping StructureTransformAction: C:\Users\user\.gradle\caches\transforms-3\9ffacb43f460eecfb97c687ebe33a9b6\transformed\jetified-lifecycle-viewmodel-compose-2.7.0-api.jar as it is up-to-date.
Caching disabled for StructureTransformAction: C:\Users\user\.gradle\caches\transforms-3\c449d75113c087f03afea187b0a39f7e\transformed\jetified-savedstate-1.2.1-api.jar because:
  Build cache is disabled
Caching disabled for StructureTransformAction: C:\Users\user\.gradle\caches\transforms-3\a5a2b2e10f2fa84c93f886bb473a7f0b\transformed\lifecycle-runtime-2.7.0-api.jar because:
  Build cache is disabled
Skipping StructureTransformAction: C:\Users\user\.gradle\caches\transforms-3\a5a2b2e10f2fa84c93f886bb473a7f0b\transformed\lifecycle-runtime-2.7.0-api.jar as it is up-to-date.
Skipping StructureTransformAction: C:\Users\user\.gradle\caches\transforms-3\c449d75113c087f03afea187b0a39f7e\transformed\jetified-savedstate-1.2.1-api.jar as it is up-to-date.
Caching disabled for StructureTransformAction: C:\Users\user\.gradle\caches\transforms-3\7bb0199679dd1c71b81822bc48e5fa07\transformed\jetified-retrofit-2.9.0.jar because:
  Build cache is disabled
Caching disabled for StructureTransformAction: C:\Users\user\.gradle\caches\transforms-3\c89768cdd4b0eb6c520987c6ca2e95a1\transformed\jetified-savedstate-ktx-1.2.1-api.jar because:
  Build cache is disabled
Caching disabled for StructureTransformAction: C:\Users\user\.gradle\caches\transforms-3\5f8fb35c0e42efc60950ab6c4084add3\transformed\jetified-logging-interceptor-4.12.0.jar because:
  Build cache is disabled
Skipping StructureTransformAction: C:\Users\user\.gradle\caches\transforms-3\c89768cdd4b0eb6c520987c6ca2e95a1\transformed\jetified-savedstate-ktx-1.2.1-api.jar as it is up-to-date.
Skipping StructureTransformAction: C:\Users\user\.gradle\caches\transforms-3\7bb0199679dd1c71b81822bc48e5fa07\transformed\jetified-retrofit-2.9.0.jar as it is up-to-date.
Caching disabled for StructureTransformAction: C:\Users\user\.gradle\caches\transforms-3\60bef1eb24540ffbbbe28d5005a4eff2\transformed\jetified-ads-adservices-java-1.0.0-beta05-api.jar because:
  Build cache is disabled
Caching disabled for StructureTransformAction: C:\Users\user\.gradle\caches\transforms-3\b468f2c4aedee3d560fd4d8f4b5c09e4\transformed\jetified-converter-gson-2.9.0.jar because:
  Build cache is disabled
Skipping StructureTransformAction: C:\Users\user\.gradle\caches\transforms-3\b468f2c4aedee3d560fd4d8f4b5c09e4\transformed\jetified-converter-gson-2.9.0.jar as it is up-to-date.
Caching disabled for StructureTransformAction: C:\Users\user\.gradle\caches\transforms-3\8ae3b60496e0dd8965771a4a1ab68581\transformed\jetified-okhttp-4.12.0.jar because:
  Build cache is disabled
Skipping StructureTransformAction: C:\Users\user\.gradle\caches\transforms-3\60bef1eb24540ffbbbe28d5005a4eff2\transformed\jetified-ads-adservices-java-1.0.0-beta05-api.jar as it is up-to-date.
Skipping StructureTransformAction: C:\Users\user\.gradle\caches\transforms-3\5f8fb35c0e42efc60950ab6c4084add3\transformed\jetified-logging-interceptor-4.12.0.jar as it is up-to-date.
Skipping StructureTransformAction: C:\Users\user\.gradle\caches\transforms-3\8ae3b60496e0dd8965771a4a1ab68581\transformed\jetified-okhttp-4.12.0.jar as it is up-to-date.
Caching disabled for StructureTransformAction: C:\Users\user\.gradle\caches\transforms-3\45db995817c6f0fe1cd9ab8aca396e9f\transformed\jetified-lottie-compose-6.1.0-api.jar because:
  Build cache is disabled
Caching disabled for StructureTransformAction: C:\Users\user\.gradle\caches\transforms-3\391a8c97f263b6ace37634f541176c75\transformed\jetified-ads-adservices-1.0.0-beta05-api.jar because:
  Build cache is disabled
Skipping StructureTransformAction: C:\Users\user\.gradle\caches\transforms-3\45db995817c6f0fe1cd9ab8aca396e9f\transformed\jetified-lottie-compose-6.1.0-api.jar as it is up-to-date.
Caching disabled for StructureTransformAction: C:\Users\user\.gradle\caches\transforms-3\e6f1f03f0fed1b56197a2feb492ad572\transformed\jetified-kotlinx-coroutines-core-jvm-1.7.3.jar because:
  Build cache is disabled
Skipping StructureTransformAction: C:\Users\user\.gradle\caches\transforms-3\e6f1f03f0fed1b56197a2feb492ad572\transformed\jetified-kotlinx-coroutines-core-jvm-1.7.3.jar as it is up-to-date.
Skipping StructureTransformAction: C:\Users\user\.gradle\caches\transforms-3\391a8c97f263b6ace37634f541176c75\transformed\jetified-ads-adservices-1.0.0-beta05-api.jar as it is up-to-date.
Caching disabled for StructureTransformAction: C:\Users\user\.gradle\caches\transforms-3\bba663ab8ecedbea7764f0d84209caf8\transformed\jetified-kotlinx-coroutines-android-1.7.3.jar because:
  Build cache is disabled
Caching disabled for StructureTransformAction: C:\Users\user\.gradle\caches\transforms-3\504e8d07fc7b21c5488df584ac78930f\transformed\jetified-accompanist-permissions-0.32.0-api.jar because:
  Build cache is disabled
Skipping StructureTransformAction: C:\Users\user\.gradle\caches\transforms-3\bba663ab8ecedbea7764f0d84209caf8\transformed\jetified-kotlinx-coroutines-android-1.7.3.jar as it is up-to-date.
Skipping StructureTransformAction: C:\Users\user\.gradle\caches\transforms-3\504e8d07fc7b21c5488df584ac78930f\transformed\jetified-accompanist-permissions-0.32.0-api.jar as it is up-to-date.
Caching disabled for StructureTransformAction: C:\Users\user\.gradle\caches\transforms-3\9c21dedb124216a6be9ef4e9be538624\transformed\cardview-1.0.0-api.jar because:
  Build cache is disabled
Skipping StructureTransformAction: C:\Users\user\.gradle\caches\transforms-3\9c21dedb124216a6be9ef4e9be538624\transformed\cardview-1.0.0-api.jar as it is up-to-date.
Caching disabled for StructureTransformAction: C:\Users\user\.gradle\caches\transforms-3\77152a2a635f9881362be8e1412de56f\transformed\jetified-okio-jvm-3.6.0.jar because:
  Build cache is disabled
Skipping StructureTransformAction: C:\Users\user\.gradle\caches\transforms-3\77152a2a635f9881362be8e1412de56f\transformed\jetified-okio-jvm-3.6.0.jar as it is up-to-date.
Caching disabled for StructureTransformAction: C:\Users\user\.gradle\caches\transforms-3\2960c38c2832b087db84f8d958b0feaf\transformed\cursoradapter-1.0.0-api.jar because:
  Build cache is disabled
Caching disabled for StructureTransformAction: C:\Users\user\.gradle\caches\transforms-3\9ed11a3d3f36ba78ce0245360ce24680\transformed\versionedparcelable-1.1.1-api.jar because:
  Build cache is disabled
Skipping StructureTransformAction: C:\Users\user\.gradle\caches\transforms-3\2960c38c2832b087db84f8d958b0feaf\transformed\cursoradapter-1.0.0-api.jar as it is up-to-date.
Skipping StructureTransformAction: C:\Users\user\.gradle\caches\transforms-3\9ed11a3d3f36ba78ce0245360ce24680\transformed\versionedparcelable-1.1.1-api.jar as it is up-to-date.
Caching disabled for StructureTransformAction: C:\Users\user\.gradle\caches\transforms-3\791ee703779da1d6d846e2f0f61a84a8\transformed\sqlite-framework-2.4.0-api.jar because:
  Build cache is disabled
Caching disabled for StructureTransformAction: C:\Users\user\.gradle\caches\transforms-3\752749e2153ae499cafc02c721e09a60\transformed\jetified-kotlin-stdlib-jdk8-1.9.10.jar because:
  Build cache is disabled
Caching disabled for StructureTransformAction: C:\Users\user\.gradle\caches\transforms-3\4cd09b97d41e311bdd74e3447f9f3891\transformed\sqlite-2.4.0-api.jar because:
  Build cache is disabled
Caching disabled for StructureTransformAction: C:\Users\user\.gradle\caches\transforms-3\0f110cce74a7e6178c884802ec44bf6a\transformed\core-runtime-2.2.0-api.jar because:
  Build cache is disabled
Skipping StructureTransformAction: C:\Users\user\.gradle\caches\transforms-3\4cd09b97d41e311bdd74e3447f9f3891\transformed\sqlite-2.4.0-api.jar as it is up-to-date.
Skipping StructureTransformAction: C:\Users\user\.gradle\caches\transforms-3\791ee703779da1d6d846e2f0f61a84a8\transformed\sqlite-framework-2.4.0-api.jar as it is up-to-date.
Skipping StructureTransformAction: C:\Users\user\.gradle\caches\transforms-3\0f110cce74a7e6178c884802ec44bf6a\transformed\core-runtime-2.2.0-api.jar as it is up-to-date.
Skipping StructureTransformAction: C:\Users\user\.gradle\caches\transforms-3\752749e2153ae499cafc02c721e09a60\transformed\jetified-kotlin-stdlib-jdk8-1.9.10.jar as it is up-to-date.
Caching disabled for StructureTransformAction: C:\Users\user\.gradle\caches\transforms-3\9d137afe6c7c0b28d85fcf45079e2505\transformed\jetified-kotlin-android-extensions-runtime-1.9.22.jar because:
  Build cache is disabled
Skipping StructureTransformAction: C:\Users\user\.gradle\caches\transforms-3\9d137afe6c7c0b28d85fcf45079e2505\transformed\jetified-kotlin-android-extensions-runtime-1.9.22.jar as it is up-to-date.
Caching disabled for StructureTransformAction: C:\Users\user\.gradle\caches\transforms-3\8344548ae0e0266b431f387e6192ef80\transformed\documentfile-1.0.0-api.jar because:
  Build cache is disabled
Caching disabled for StructureTransformAction: C:\Users\user\.gradle\caches\modules-2\files-2.1\androidx.arch.core\core-common\2.2.0\5e1b8b81dfd5f52c56a8d53b18ca759c19a301f3\core-common-2.2.0.jar because:
  Build cache is disabled
Skipping StructureTransformAction: C:\Users\user\.gradle\caches\transforms-3\8344548ae0e0266b431f387e6192ef80\transformed\documentfile-1.0.0-api.jar as it is up-to-date.
Skipping StructureTransformAction: C:\Users\user\.gradle\caches\modules-2\files-2.1\androidx.arch.core\core-common\2.2.0\5e1b8b81dfd5f52c56a8d53b18ca759c19a301f3\core-common-2.2.0.jar as it is up-to-date.
Caching disabled for StructureTransformAction: C:\Users\user\.gradle\caches\transforms-3\42e8d76518df9ea4cb448b1ce9157841\transformed\jetified-collection-jvm-1.4.0.jar because:
  Build cache is disabled
Skipping StructureTransformAction: C:\Users\user\.gradle\caches\transforms-3\42e8d76518df9ea4cb448b1ce9157841\transformed\jetified-collection-jvm-1.4.0.jar as it is up-to-date.
Caching disabled for StructureTransformAction: C:\Users\user\.gradle\caches\transforms-3\f73fdae6af9b3b23b8bbdacdcfdfda38\transformed\localbroadcastmanager-1.0.0-api.jar because:
  Build cache is disabled
Skipping StructureTransformAction: C:\Users\user\.gradle\caches\transforms-3\f73fdae6af9b3b23b8bbdacdcfdfda38\transformed\localbroadcastmanager-1.0.0-api.jar as it is up-to-date.
Caching disabled for StructureTransformAction: C:\Users\user\.gradle\caches\transforms-3\83f966be81996885906751c46a8853bd\transformed\jetified-annotation-jvm-1.7.0.jar because:
  Build cache is disabled
Skipping StructureTransformAction: C:\Users\user\.gradle\caches\transforms-3\83f966be81996885906751c46a8853bd\transformed\jetified-annotation-jvm-1.7.0.jar as it is up-to-date.
Caching disabled for StructureTransformAction: C:\Users\user\.gradle\caches\transforms-3\6976a1a9976b54a778b0ed337140aead\transformed\print-1.0.0-api.jar because:
  Build cache is disabled
Skipping StructureTransformAction: C:\Users\user\.gradle\caches\transforms-3\6976a1a9976b54a778b0ed337140aead\transformed\print-1.0.0-api.jar as it is up-to-date.
Caching disabled for StructureTransformAction: C:\Users\user\.gradle\caches\transforms-3\6d93db5f7bed33676134b9ab052a2526\transformed\jetified-kotlin-stdlib-jdk7-1.9.10.jar because:
  Build cache is disabled
Caching disabled for StructureTransformAction: C:\Users\user\.gradle\caches\transforms-3\ed3c388887218f1d50c6f6f5b33cc3f5\transformed\interpolator-1.0.0-api.jar because:
  Build cache is disabled
Skipping StructureTransformAction: C:\Users\user\.gradle\caches\transforms-3\6d93db5f7bed33676134b9ab052a2526\transformed\jetified-kotlin-stdlib-jdk7-1.9.10.jar as it is up-to-date.
Skipping StructureTransformAction: C:\Users\user\.gradle\caches\transforms-3\ed3c388887218f1d50c6f6f5b33cc3f5\transformed\interpolator-1.0.0-api.jar as it is up-to-date.
Caching disabled for StructureTransformAction: C:\Users\user\.gradle\caches\transforms-3\85dadd17848d8ff83450bcee2ffcfb88\transformed\jetified-volley-1.2.1-api.jar because:
  Build cache is disabled
Caching disabled for StructureTransformAction: C:\Users\user\.gradle\caches\transforms-3\9f16e3865a4dfc170695dda65dfb3e08\transformed\jetified-kotlin-stdlib-1.9.22.jar because:
  Build cache is disabled
Skipping StructureTransformAction: C:\Users\user\.gradle\caches\transforms-3\85dadd17848d8ff83450bcee2ffcfb88\transformed\jetified-volley-1.2.1-api.jar as it is up-to-date.
Skipping StructureTransformAction: C:\Users\user\.gradle\caches\transforms-3\9f16e3865a4dfc170695dda65dfb3e08\transformed\jetified-kotlin-stdlib-1.9.22.jar as it is up-to-date.
Caching disabled for StructureTransformAction: C:\Users\user\.gradle\caches\transforms-3\ae29473a93cfcfd6c17f6ffe00473902\transformed\jetified-Android-Image-Slider-1.4.0-api.jar because:
  Build cache is disabled
Skipping StructureTransformAction: C:\Users\user\.gradle\caches\transforms-3\ae29473a93cfcfd6c17f6ffe00473902\transformed\jetified-Android-Image-Slider-1.4.0-api.jar as it is up-to-date.
Caching disabled for StructureTransformAction: C:\Users\user\.gradle\caches\transforms-3\40a36c433ec46ae42d050cecc4af444e\transformed\jetified-exoplayer-core-2.19.1-api.jar because:
  Build cache is disabled
Skipping StructureTransformAction: C:\Users\user\.gradle\caches\transforms-3\40a36c433ec46ae42d050cecc4af444e\transformed\jetified-exoplayer-core-2.19.1-api.jar as it is up-to-date.
Caching disabled for StructureTransformAction: C:\Users\user\.gradle\caches\transforms-3\37e89c27503c87770a895ddfd7919381\transformed\jetified-circleimageview-3.1.0-api.jar because:
  Build cache is disabled
Skipping StructureTransformAction: C:\Users\user\.gradle\caches\transforms-3\37e89c27503c87770a895ddfd7919381\transformed\jetified-circleimageview-3.1.0-api.jar as it is up-to-date.
Caching disabled for StructureTransformAction: C:\Users\user\.gradle\caches\transforms-3\a3d7bd5a9a3e49f43871c691f0fe8576\transformed\jetified-annotations-23.0.0.jar because:
  Build cache is disabled
Caching disabled for StructureTransformAction: C:\Users\user\.gradle\caches\transforms-3\69ec143c9cae660172684e88ed994902\transformed\jetified-lottie-6.1.0-api.jar because:
  Build cache is disabled
Caching disabled for StructureTransformAction: C:\Users\user\.gradle\caches\transforms-3\5bcbec75043d4518ba5cb538d57ceed2\transformed\jetified-guava-31.1-android.jar because:
  Build cache is disabled
Skipping StructureTransformAction: C:\Users\user\.gradle\caches\transforms-3\69ec143c9cae660172684e88ed994902\transformed\jetified-lottie-6.1.0-api.jar as it is up-to-date.
Skipping StructureTransformAction: C:\Users\user\.gradle\caches\transforms-3\5bcbec75043d4518ba5cb538d57ceed2\transformed\jetified-guava-31.1-android.jar as it is up-to-date.
Caching disabled for StructureTransformAction: C:\Users\user\.gradle\caches\transforms-3\9c90e71eec87fc9974ddbb15923f6333\transformed\jetified-resourceinspection-annotation-1.0.1.jar because:
  Build cache is disabled
Skipping StructureTransformAction: C:\Users\user\.gradle\caches\transforms-3\9c90e71eec87fc9974ddbb15923f6333\transformed\jetified-resourceinspection-annotation-1.0.1.jar as it is up-to-date.
Skipping StructureTransformAction: C:\Users\user\.gradle\caches\transforms-3\a3d7bd5a9a3e49f43871c691f0fe8576\transformed\jetified-annotations-23.0.0.jar as it is up-to-date.
Caching disabled for StructureTransformAction: C:\Users\user\.gradle\caches\transforms-3\87e8b6d5b3aac61cfdb074dc42f91e45\transformed\jetified-startup-runtime-1.1.1-api.jar because:
  Build cache is disabled
Skipping StructureTransformAction: C:\Users\user\.gradle\caches\transforms-3\87e8b6d5b3aac61cfdb074dc42f91e45\transformed\jetified-startup-runtime-1.1.1-api.jar as it is up-to-date.
Caching disabled for StructureTransformAction: C:\Users\user\.gradle\caches\transforms-3\903d7ba70be6ad17eeb78b6f8808620f\transformed\jetified-hilt-core-2.49.jar because:
  Build cache is disabled
Skipping StructureTransformAction: C:\Users\user\.gradle\caches\transforms-3\903d7ba70be6ad17eeb78b6f8808620f\transformed\jetified-hilt-core-2.49.jar as it is up-to-date.
Caching disabled for StructureTransformAction: C:\Users\user\.gradle\caches\transforms-3\40cadb43b1c01898eeeb3529c96d2563\transformed\jetified-javax.inject-1.jar because:
  Build cache is disabled
Caching disabled for StructureTransformAction: C:\Users\user\.gradle\caches\transforms-3\7936f430f812b202848f563f75f3ce7a\transformed\jetified-dagger-2.49.jar because:
  Build cache is disabled
Skipping StructureTransformAction: C:\Users\user\.gradle\caches\transforms-3\7936f430f812b202848f563f75f3ce7a\transformed\jetified-dagger-2.49.jar as it is up-to-date.
Caching disabled for StructureTransformAction: C:\Users\user\.gradle\caches\transforms-3\0857f5e9539fe59beeafff58225f9de5\transformed\jetified-exoplayer-common-2.19.1-api.jar because:
  Build cache is disabled
Caching disabled for StructureTransformAction: C:\Users\user\.gradle\caches\transforms-3\82e5e503bc8391227f7431706e8e4b4a\transformed\jetified-dagger-lint-aar-2.49-api.jar because:
  Build cache is disabled
Skipping StructureTransformAction: C:\Users\user\.gradle\caches\transforms-3\0857f5e9539fe59beeafff58225f9de5\transformed\jetified-exoplayer-common-2.19.1-api.jar as it is up-to-date.
Caching disabled for StructureTransformAction: C:\Users\user\.gradle\caches\transforms-3\d8bd11bc02fdf2283eebd30102bbbade\transformed\jetified-listenablefuture-9999.0-empty-to-avoid-conflict-with-guava.jar because:
  Build cache is disabled
Skipping StructureTransformAction: C:\Users\user\.gradle\caches\transforms-3\40cadb43b1c01898eeeb3529c96d2563\transformed\jetified-javax.inject-1.jar as it is up-to-date.
Skipping StructureTransformAction: C:\Users\user\.gradle\caches\transforms-3\82e5e503bc8391227f7431706e8e4b4a\transformed\jetified-dagger-lint-aar-2.49-api.jar as it is up-to-date.
Skipping StructureTransformAction: C:\Users\user\.gradle\caches\transforms-3\d8bd11bc02fdf2283eebd30102bbbade\transformed\jetified-listenablefuture-9999.0-empty-to-avoid-conflict-with-guava.jar as it is up-to-date.
Caching disabled for StructureTransformAction: C:\Users\user\.gradle\caches\modules-2\files-2.1\androidx.constraintlayout\constraintlayout-solver\2.0.1\30988fe2d77f3fe3bf7551bb8a8b795fad7e7226\constraintlayout-solver-2.0.1.jar because:
  Build cache is disabled
Skipping StructureTransformAction: C:\Users\user\.gradle\caches\modules-2\files-2.1\androidx.constraintlayout\constraintlayout-solver\2.0.1\30988fe2d77f3fe3bf7551bb8a8b795fad7e7226\constraintlayout-solver-2.0.1.jar as it is up-to-date.
Caching disabled for StructureTransformAction: C:\Users\user\.gradle\caches\transforms-3\b6da9824ac421333ab94aed5f4016f70\transformed\jetified-failureaccess-1.0.1.jar because:
  Build cache is disabled
Skipping StructureTransformAction: C:\Users\user\.gradle\caches\transforms-3\b6da9824ac421333ab94aed5f4016f70\transformed\jetified-failureaccess-1.0.1.jar as it is up-to-date.
Caching disabled for StructureTransformAction: C:\Users\user\.gradle\caches\transforms-3\d17670723af3a9297898a53dad0c5e6a\transformed\jetified-exoplayer-decoder-2.19.1-api.jar because:
  Build cache is disabled
Skipping StructureTransformAction: C:\Users\user\.gradle\caches\transforms-3\d17670723af3a9297898a53dad0c5e6a\transformed\jetified-exoplayer-decoder-2.19.1-api.jar as it is up-to-date.
Caching disabled for StructureTransformAction: C:\Users\user\.gradle\caches\transforms-3\39ec9c6a9dded8c28544af603c3656ef\transformed\jetified-exoplayer-container-2.19.1-api.jar because:
  Build cache is disabled
Skipping StructureTransformAction: C:\Users\user\.gradle\caches\transforms-3\39ec9c6a9dded8c28544af603c3656ef\transformed\jetified-exoplayer-container-2.19.1-api.jar as it is up-to-date.
Caching disabled for StructureTransformAction: C:\Users\user\.gradle\caches\transforms-3\bceaab695a1c441583b5b8db13947daf\transformed\jetified-gson-2.8.5.jar because:
  Build cache is disabled
Caching disabled for StructureTransformAction: C:\Users\user\.gradle\caches\transforms-3\59670c47ab55a147336fb153526f31a6\transformed\jetified-exoplayer-dash-2.19.1-api.jar because:
  Build cache is disabled
Skipping StructureTransformAction: C:\Users\user\.gradle\caches\transforms-3\bceaab695a1c441583b5b8db13947daf\transformed\jetified-gson-2.8.5.jar as it is up-to-date.
Skipping StructureTransformAction: C:\Users\user\.gradle\caches\transforms-3\59670c47ab55a147336fb153526f31a6\transformed\jetified-exoplayer-dash-2.19.1-api.jar as it is up-to-date.
Caching disabled for StructureTransformAction: C:\Users\user\.gradle\caches\transforms-3\df13c73a1d847a87be698743aea413fc\transformed\jetified-exoplayer-extractor-2.19.1-api.jar because:
  Build cache is disabled
Caching disabled for StructureTransformAction: C:\Users\user\.gradle\caches\transforms-3\19187101f19803dbcfbd88e4dae1795e\transformed\jetified-jsr305-3.0.2.jar because:
  Build cache is disabled
Skipping StructureTransformAction: C:\Users\user\.gradle\caches\transforms-3\df13c73a1d847a87be698743aea413fc\transformed\jetified-exoplayer-extractor-2.19.1-api.jar as it is up-to-date.
Caching disabled for StructureTransformAction: C:\Users\user\.gradle\caches\transforms-3\f62f1ecdf62648481c8df6e4b2c23855\transformed\jetified-exoplayer-datasource-2.19.1-api.jar because:
  Build cache is disabled
Skipping StructureTransformAction: C:\Users\user\.gradle\caches\transforms-3\19187101f19803dbcfbd88e4dae1795e\transformed\jetified-jsr305-3.0.2.jar as it is up-to-date.
Skipping StructureTransformAction: C:\Users\user\.gradle\caches\transforms-3\f62f1ecdf62648481c8df6e4b2c23855\transformed\jetified-exoplayer-datasource-2.19.1-api.jar as it is up-to-date.
Caching disabled for StructureTransformAction: C:\Users\user\.gradle\caches\transforms-3\e45089bfffa25f5d13bed9bab803b440\transformed\jetified-exoplayer-database-2.19.1-api.jar because:
  Build cache is disabled
Caching disabled for StructureTransformAction: C:\Users\user\AppData\Local\Android\Sdk\build-tools\34.0.0\core-lambda-stubs.jar because:
  Build cache is disabled
Skipping StructureTransformAction: C:\Users\user\.gradle\caches\transforms-3\e45089bfffa25f5d13bed9bab803b440\transformed\jetified-exoplayer-database-2.19.1-api.jar as it is up-to-date.
Caching disabled for StructureTransformAction: C:\Users\user\.gradle\caches\transforms-3\8f30b608bb341fbcef8d48a0115371af\transformed\jetified-exoplayer-hls-2.19.1-api.jar because:
  Build cache is disabled
Skipping StructureTransformAction: C:\Users\user\.gradle\caches\transforms-3\8f30b608bb341fbcef8d48a0115371af\transformed\jetified-exoplayer-hls-2.19.1-api.jar as it is up-to-date.
Skipping StructureTransformAction: C:\Users\user\AppData\Local\Android\Sdk\build-tools\34.0.0\core-lambda-stubs.jar as it is up-to-date.
Caching disabled for StructureTransformAction: C:\Users\user\.gradle\caches\transforms-3\8646a4de871fe8b4c349b36570a14e1f\transformed\jetified-exoplayer-smoothstreaming-2.19.1-api.jar because:
  Build cache is disabled
Caching disabled for StructureTransformAction: C:\Users\user\AppData\Local\Android\Sdk\platforms\android-35\android.jar because:
  Build cache is disabled
Skipping StructureTransformAction: C:\Users\user\.gradle\caches\transforms-3\8646a4de871fe8b4c349b36570a14e1f\transformed\jetified-exoplayer-smoothstreaming-2.19.1-api.jar as it is up-to-date.
Skipping StructureTransformAction: C:\Users\user\AppData\Local\Android\Sdk\platforms\android-35\android.jar as it is up-to-date.
Caching disabled for StructureTransformAction: C:\Users\user\.gradle\caches\transforms-3\df5606325dac86f93030a22e7e273c4c\transformed\jetified-exoplayer-rtsp-2.19.1-api.jar because:
  Build cache is disabled
Skipping StructureTransformAction: C:\Users\user\.gradle\caches\transforms-3\df5606325dac86f93030a22e7e273c4c\transformed\jetified-exoplayer-rtsp-2.19.1-api.jar as it is up-to-date.
file or directory 'C:\Users\user\Desktop\projects\Football Live Score (Topon)\Live Football\app\src\release\kotlin', not found
file or directory 'C:\Users\user\Desktop\projects\Football Live Score (Topon)\Live Football\app\src\release\kotlin', not found
file or directory 'C:\Users\user\Desktop\projects\Football Live Score (Topon)\Live Football\app\src\release\java', not found
file or directory 'C:\Users\user\Desktop\projects\Football Live Score (Topon)\Live Football\app\src\release\kotlin', not found
file or directory 'C:\Users\user\Desktop\projects\Football Live Score (Topon)\Live Football\app\src\release\java', not found
file or directory 'C:\Users\user\Desktop\projects\Football Live Score (Topon)\Live Football\app\src\main\kotlin', not found
file or directory 'C:\Users\user\Desktop\projects\Football Live Score (Topon)\Live Football\app\src\main\kotlin', not found
file or directory 'C:\Users\user\Desktop\projects\Football Live Score (Topon)\Live Football\app\src\main\kotlin', not found
file or directory 'C:\Users\user\Desktop\projects\Football Live Score (Topon)\Live Football\app\src\main\kotlin', not found
file or directory 'C:\Users\user\Desktop\projects\Football Live Score (Topon)\Live Football\app\src\main\kotlin', not found
file or directory 'C:\Users\user\Desktop\projects\Football Live Score (Topon)\Live Football\app\src\main\kotlin', not found
file or directory 'C:\Users\user\Desktop\projects\Football Live Score (Topon)\Live Football\app\src\release\kotlin', not found
file or directory 'C:\Users\user\Desktop\projects\Football Live Score (Topon)\Live Football\app\src\release\kotlin', not found
file or directory 'C:\Users\user\Desktop\projects\Football Live Score (Topon)\Live Football\app\src\release\java', not found
file or directory 'C:\Users\user\Desktop\projects\Football Live Score (Topon)\Live Football\app\src\release\kotlin', not found
file or directory 'C:\Users\user\Desktop\projects\Football Live Score (Topon)\Live Football\app\src\release\java', not found
file or directory 'C:\Users\user\Desktop\projects\Football Live Score (Topon)\Live Football\app\src\release\java', not found
Caching disabled for task ':app:kaptReleaseKotlin' because:
  Build cache is disabled
Task ':app:kaptReleaseKotlin' is not up-to-date because:
  Output property 'destinationDir' file C:\Users\user\Desktop\projects\Football Live Score (Topon)\Live Football\app\build\generated\source\kapt\release has been removed.
  Output property 'destinationDir' file C:\Users\user\Desktop\projects\Football Live Score (Topon)\Live Football\app\build\generated\source\kapt\release\com has been removed.
  Output property 'destinationDir' file C:\Users\user\Desktop\projects\Football Live Score (Topon)\Live Football\app\build\generated\source\kapt\release\com\score24seven has been removed.
  Output property 'destinationDir' file C:\Users\user\Desktop\projects\Football Live Score (Topon)\Live Football\app\build\generated\source\kapt\release\dagger has been removed.
  Output property 'destinationDir' file C:\Users\user\Desktop\projects\Football Live Score (Topon)\Live Football\app\build\generated\source\kapt\release\hilt_aggregated_deps has been removed.
  Output property 'kotlinSourcesDestinationDir' file C:\Users\user\Desktop\projects\Football Live Score (Topon)\Live Football\app\build\generated\source\kaptKotlin\release has been removed.
The input changes require a full rebuild for incremental task ':app:kaptReleaseKotlin'.
Running kapt annotation processing using the Gradle Worker API
Using workers NONE isolation mode to run kapt
C:\Users\user\Desktop\projects\Football Live Score (Topon)\Live Football\app\build\tmp\kapt3\stubs\release\com\score24seven\data\database\Score24SevenDatabase.java:6: warning: Schema export directory was not provided to the annotation processor so Room cannot export the schema. You can either provide `room.schemaLocation` annotation processor argument by applying the Room Gradle plugin (id 'androidx.room') OR set exportSchema to false.
public abstract class Score24SevenDatabase extends androidx.room.RoomDatabase {
                ^
Resolve mutations for :app:compileReleaseKotlin (Thread[#83,included builds,5,main]) started.
:app:compileReleaseKotlin (Thread[#83,included builds,5,main]) started.

> Task :app:compileReleaseKotlin UP-TO-DATE
Transforming R.jar with ClasspathEntrySnapshotTransform
Transforming material-1.11.0-api.jar with ClasspathEntrySnapshotTransform
Transforming constraintlayout-2.0.1-api.jar with ClasspathEntrySnapshotTransform
Transforming appcompat-1.6.1-api.jar with ClasspathEntrySnapshotTransform
Transforming jetified-hilt-navigation-compose-1.1.0-api.jar with ClasspathEntrySnapshotTransform
Transforming jetified-hilt-navigation-1.1.0-api.jar with ClasspathEntrySnapshotTransform
Transforming jetified-hilt-android-2.49-api.jar with ClasspathEntrySnapshotTransform
Transforming jetified-viewpager2-1.0.0-api.jar with ClasspathEntrySnapshotTransform
Transforming jetified-play-services-ads-22.6.0-api.jar with ClasspathEntrySnapshotTransform
Transforming jetified-play-services-appset-16.0.1-api.jar with ClasspathEntrySnapshotTransform
Transforming jetified-play-services-base-18.2.0-api.jar with ClasspathEntrySnapshotTransform
Transforming jetified-play-services-tasks-18.0.2-api.jar with ClasspathEntrySnapshotTransform
Transforming jetified-play-services-ads-lite-22.6.0-api.jar with ClasspathEntrySnapshotTransform
Transforming jetified-play-services-ads-base-22.6.0-api.jar with ClasspathEntrySnapshotTransform
Transforming jetified-user-messaging-platform-2.1.0-api.jar with ClasspathEntrySnapshotTransform
Transforming jetified-play-services-ads-identifier-18.0.0-api.jar with ClasspathEntrySnapshotTransform
Transforming jetified-play-services-measurement-sdk-api-20.1.2-api.jar with ClasspathEntrySnapshotTransform
Transforming jetified-play-services-measurement-base-20.1.2-api.jar with ClasspathEntrySnapshotTransform
Transforming jetified-play-services-basement-18.2.0-api.jar with ClasspathEntrySnapshotTransform
Transforming fragment-1.5.1-api.jar with ClasspathEntrySnapshotTransform
Transforming navigation-common-2.7.6-api.jar with ClasspathEntrySnapshotTransform
Transforming navigation-runtime-2.7.6-api.jar with ClasspathEntrySnapshotTransform
Transforming navigation-common-ktx-2.7.6-api.jar with ClasspathEntrySnapshotTransform
Transforming navigation-runtime-ktx-2.7.6-api.jar with ClasspathEntrySnapshotTransform
Transforming jetified-navigation-compose-2.7.6-api.jar with ClasspathEntrySnapshotTransform
Transforming jetified-activity-1.8.2-api.jar with ClasspathEntrySnapshotTransform
Transforming jetified-activity-compose-1.8.2-api.jar with ClasspathEntrySnapshotTransform
Transforming jetified-activity-ktx-1.8.2-api.jar with ClasspathEntrySnapshotTransform
Transforming room-common-2.6.1.jar with ClasspathEntrySnapshotTransform
Transforming jetified-room-ktx-2.6.1-api.jar with ClasspathEntrySnapshotTransform
Transforming room-runtime-2.6.1-api.jar with ClasspathEntrySnapshotTransform
Transforming jetified-room-paging-2.6.1-api.jar with ClasspathEntrySnapshotTransform
Transforming jetified-paging-common-ktx-3.2.1.jar with ClasspathEntrySnapshotTransform
Transforming paging-runtime-3.2.1-api.jar with ClasspathEntrySnapshotTransform
Transforming paging-common-3.2.1.jar with ClasspathEntrySnapshotTransform
Transforming jetified-paging-runtime-ktx-3.2.1-api.jar with ClasspathEntrySnapshotTransform
Transforming jetified-paging-compose-3.2.1-api.jar with ClasspathEntrySnapshotTransform
Transforming jetified-material3-release-api.jar with ClasspathEntrySnapshotTransform
Transforming jetified-material-ripple-release-api.jar with ClasspathEntrySnapshotTransform
Transforming jetified-material-icons-core-release-api.jar with ClasspathEntrySnapshotTransform
Transforming jetified-material-release-api.jar with ClasspathEntrySnapshotTransform
Transforming jetified-coil-compose-2.5.0-api.jar with ClasspathEntrySnapshotTransform
Transforming jetified-coil-compose-base-2.5.0-api.jar with ClasspathEntrySnapshotTransform
Transforming jetified-foundation-layout-release-api.jar with ClasspathEntrySnapshotTransform
Transforming jetified-foundation-release-api.jar with ClasspathEntrySnapshotTransform
Transforming jetified-animation-core-release-api.jar with ClasspathEntrySnapshotTransform
Transforming jetified-animation-release-api.jar with ClasspathEntrySnapshotTransform
Transforming jetified-ui-util-release-api.jar with ClasspathEntrySnapshotTransform
Transforming jetified-ui-unit-release-api.jar with ClasspathEntrySnapshotTransform
Transforming jetified-ui-text-release-api.jar with ClasspathEntrySnapshotTransform
Transforming jetified-ui-geometry-release-api.jar with ClasspathEntrySnapshotTransform
Transforming jetified-ui-graphics-release-api.jar with ClasspathEntrySnapshotTransform
Transforming jetified-ui-release-api.jar with ClasspathEntrySnapshotTransform
Transforming jetified-ui-tooling-preview-release-api.jar with ClasspathEntrySnapshotTransform
Transforming jetified-runtime-saveable-release-api.jar with ClasspathEntrySnapshotTransform
Transforming jetified-runtime-release-api.jar with ClasspathEntrySnapshotTransform
Transforming jetified-runtime-livedata-1.6.1-api.jar with ClasspathEntrySnapshotTransform
Transforming jetified-appcompat-resources-1.6.1-api.jar with ClasspathEntrySnapshotTransform
Transforming drawerlayout-1.1.1-api.jar with ClasspathEntrySnapshotTransform
Transforming coordinatorlayout-1.1.0-api.jar with ClasspathEntrySnapshotTransform
Transforming dynamicanimation-1.0.0-api.jar with ClasspathEntrySnapshotTransform
Transforming recyclerview-1.3.0-api.jar with ClasspathEntrySnapshotTransform
Transforming transition-1.2.0-api.jar with ClasspathEntrySnapshotTransform
Transforming vectordrawable-animated-1.1.0-api.jar with ClasspathEntrySnapshotTransform
Transforming vectordrawable-1.1.0-api.jar with ClasspathEntrySnapshotTransform
Transforming jetified-exoplayer-2.19.1-api.jar with ClasspathEntrySnapshotTransform
Transforming jetified-exoplayer-ui-2.19.1-api.jar with ClasspathEntrySnapshotTransform
Transforming media-1.6.0-api.jar with ClasspathEntrySnapshotTransform
Transforming browser-1.4.0-api.jar with ClasspathEntrySnapshotTransform
Transforming viewpager-1.0.0-api.jar with ClasspathEntrySnapshotTransform
Transforming customview-1.1.0-api.jar with ClasspathEntrySnapshotTransform
Transforming legacy-support-core-utils-1.0.0-api.jar with ClasspathEntrySnapshotTransform
Transforming loader-1.0.0-api.jar with ClasspathEntrySnapshotTransform
Transforming core-1.12.0-api.jar with ClasspathEntrySnapshotTransform
Transforming jetified-lifecycle-livedata-ktx-2.7.0-api.jar with ClasspathEntrySnapshotTransform
Transforming jetified-lifecycle-livedata-core-ktx-2.7.0-api.jar with ClasspathEntrySnapshotTransform
Transforming lifecycle-livedata-core-2.7.0-api.jar with ClasspathEntrySnapshotTransform
Transforming lifecycle-common-2.7.0.jar with ClasspathEntrySnapshotTransform
Transforming work-runtime-2.7.0-api.jar with ClasspathEntrySnapshotTransform
Transforming lifecycle-livedata-2.7.0-api.jar with ClasspathEntrySnapshotTransform
Transforming jetified-lifecycle-viewmodel-ktx-2.7.0-api.jar with ClasspathEntrySnapshotTransform
Transforming lifecycle-common-java8-2.7.0.jar with ClasspathEntrySnapshotTransform
Transforming lifecycle-viewmodel-2.7.0-api.jar with ClasspathEntrySnapshotTransform
Transforming jetified-coil-2.5.0-api.jar with ClasspathEntrySnapshotTransform
Transforming jetified-coil-base-2.5.0-api.jar with ClasspathEntrySnapshotTransform
Transforming lifecycle-runtime-2.7.0-api.jar with ClasspathEntrySnapshotTransform
Transforming jetified-lifecycle-runtime-ktx-2.7.0-api.jar with ClasspathEntrySnapshotTransform
Transforming jetified-lifecycle-viewmodel-compose-2.7.0-api.jar with ClasspathEntrySnapshotTransform
Transforming jetified-lifecycle-viewmodel-savedstate-2.7.0-api.jar with ClasspathEntrySnapshotTransform
Transforming jetified-core-ktx-1.12.0-api.jar with ClasspathEntrySnapshotTransform
Transforming jetified-flexbox-3.0.0-api.jar with ClasspathEntrySnapshotTransform
Transforming jetified-core-splashscreen-1.0.1-api.jar with ClasspathEntrySnapshotTransform
Transforming jetified-kotlin-parcelize-runtime-1.9.22.jar with ClasspathEntrySnapshotTransform
Transforming jetified-savedstate-ktx-1.2.1-api.jar with ClasspathEntrySnapshotTransform
Transforming jetified-savedstate-1.2.1-api.jar with ClasspathEntrySnapshotTransform
Transforming jetified-annotation-experimental-1.4.0-api.jar with ClasspathEntrySnapshotTransform
Transforming jetified-converter-gson-2.9.0.jar with ClasspathEntrySnapshotTransform
Transforming jetified-retrofit-2.9.0.jar with ClasspathEntrySnapshotTransform
Transforming jetified-logging-interceptor-4.12.0.jar with ClasspathEntrySnapshotTransform
Transforming jetified-okhttp-4.12.0.jar with ClasspathEntrySnapshotTransform
Transforming jetified-ads-adservices-java-1.0.0-beta05-api.jar with ClasspathEntrySnapshotTransform
Transforming jetified-ads-adservices-1.0.0-beta05-api.jar with ClasspathEntrySnapshotTransform
Transforming jetified-kotlinx-coroutines-core-jvm-1.7.3.jar with ClasspathEntrySnapshotTransform
Transforming jetified-kotlinx-coroutines-android-1.7.3.jar with ClasspathEntrySnapshotTransform
Transforming jetified-lottie-compose-6.1.0-api.jar with ClasspathEntrySnapshotTransform
Transforming jetified-accompanist-permissions-0.32.0-api.jar with ClasspathEntrySnapshotTransform
Transforming jetified-okio-jvm-3.6.0.jar with ClasspathEntrySnapshotTransform
Transforming jetified-kotlin-stdlib-jdk8-1.9.10.jar with ClasspathEntrySnapshotTransform
Transforming jetified-kotlin-android-extensions-runtime-1.9.22.jar with ClasspathEntrySnapshotTransform
Transforming cursoradapter-1.0.0-api.jar with ClasspathEntrySnapshotTransform
Transforming cardview-1.0.0-api.jar with ClasspathEntrySnapshotTransform
Transforming sqlite-framework-2.4.0-api.jar with ClasspathEntrySnapshotTransform
Transforming sqlite-2.4.0-api.jar with ClasspathEntrySnapshotTransform
Transforming versionedparcelable-1.1.1-api.jar with ClasspathEntrySnapshotTransform
Transforming core-runtime-2.2.0-api.jar with ClasspathEntrySnapshotTransform
Transforming core-common-2.2.0.jar with ClasspathEntrySnapshotTransform
Transforming jetified-collection-jvm-1.4.0.jar with ClasspathEntrySnapshotTransform
Transforming interpolator-1.0.0-api.jar with ClasspathEntrySnapshotTransform
Transforming documentfile-1.0.0-api.jar with ClasspathEntrySnapshotTransform
Transforming localbroadcastmanager-1.0.0-api.jar with ClasspathEntrySnapshotTransform
Transforming print-1.0.0-api.jar with ClasspathEntrySnapshotTransform
Transforming jetified-annotation-jvm-1.7.0.jar with ClasspathEntrySnapshotTransform
Transforming jetified-kotlin-stdlib-jdk7-1.9.10.jar with ClasspathEntrySnapshotTransform
Transforming jetified-kotlin-stdlib-1.9.22.jar with ClasspathEntrySnapshotTransform
Transforming jetified-volley-1.2.1-api.jar with ClasspathEntrySnapshotTransform
Transforming jetified-lottie-6.1.0-api.jar with ClasspathEntrySnapshotTransform
Transforming jetified-Android-Image-Slider-1.4.0-api.jar with ClasspathEntrySnapshotTransform
Transforming jetified-circleimageview-3.1.0-api.jar with ClasspathEntrySnapshotTransform
Transforming jetified-annotations-23.0.0.jar with ClasspathEntrySnapshotTransform
Transforming jetified-exoplayer-core-2.19.1-api.jar with ClasspathEntrySnapshotTransform
Transforming jetified-exoplayer-common-2.19.1-api.jar with ClasspathEntrySnapshotTransform
Transforming jetified-guava-31.1-android.jar with ClasspathEntrySnapshotTransform
Transforming jetified-listenablefuture-9999.0-empty-to-avoid-conflict-with-guava.jar with ClasspathEntrySnapshotTransform
Transforming jetified-startup-runtime-1.1.1-api.jar with ClasspathEntrySnapshotTransform
Transforming jetified-resourceinspection-annotation-1.0.1.jar with ClasspathEntrySnapshotTransform
Transforming constraintlayout-solver-2.0.1.jar with ClasspathEntrySnapshotTransform
Transforming jetified-hilt-core-2.49.jar with ClasspathEntrySnapshotTransform
Transforming jetified-dagger-2.49.jar with ClasspathEntrySnapshotTransform
Transforming jetified-javax.inject-1.jar with ClasspathEntrySnapshotTransform
Transforming jetified-dagger-lint-aar-2.49-api.jar with ClasspathEntrySnapshotTransform
Transforming jetified-jsr305-3.0.2.jar with ClasspathEntrySnapshotTransform
Transforming jetified-gson-2.8.5.jar with ClasspathEntrySnapshotTransform
Transforming jetified-failureaccess-1.0.1.jar with ClasspathEntrySnapshotTransform
Transforming jetified-exoplayer-database-2.19.1-api.jar with ClasspathEntrySnapshotTransform
Transforming jetified-exoplayer-datasource-2.19.1-api.jar with ClasspathEntrySnapshotTransform
Transforming jetified-exoplayer-decoder-2.19.1-api.jar with ClasspathEntrySnapshotTransform
Transforming jetified-exoplayer-extractor-2.19.1-api.jar with ClasspathEntrySnapshotTransform
Transforming jetified-exoplayer-container-2.19.1-api.jar with ClasspathEntrySnapshotTransform
Transforming jetified-exoplayer-dash-2.19.1-api.jar with ClasspathEntrySnapshotTransform
Transforming jetified-exoplayer-hls-2.19.1-api.jar with ClasspathEntrySnapshotTransform
Transforming jetified-exoplayer-rtsp-2.19.1-api.jar with ClasspathEntrySnapshotTransform
Transforming jetified-exoplayer-smoothstreaming-2.19.1-api.jar with ClasspathEntrySnapshotTransform
Transforming android.jar with ClasspathEntrySnapshotTransform
Transforming core-lambda-stubs.jar with ClasspathEntrySnapshotTransform
Transforming release with ClasspathEntrySnapshotTransform
Caching disabled for ClasspathEntrySnapshotTransform: C:\Users\user\Desktop\projects\Football Live Score (Topon)\Live Football\app\build\tmp\kapt3\classes\release because:
  Build cache is disabled
Skipping ClasspathEntrySnapshotTransform: C:\Users\user\Desktop\projects\Football Live Score (Topon)\Live Football\app\build\tmp\kapt3\classes\release as it is up-to-date.
Caching disabled for task ':app:compileReleaseKotlin' because:
  Build cache is disabled
Skipping task ':app:compileReleaseKotlin' as it is up-to-date.
Resolve mutations for :app:compileReleaseJavaWithJavac (Thread[#83,included builds,5,main]) started.
:app:compileReleaseJavaWithJavac (Thread[#83,included builds,5,main]) started.

> Task :app:compileReleaseJavaWithJavac
Transforming core-for-system-modules.jar with JdkImageTransform
Caching disabled for JdkImageTransform: C:\Users\user\AppData\Local\Android\Sdk\platforms\android-35\core-for-system-modules.jar because:
  Build cache is disabled
Skipping JdkImageTransform: C:\Users\user\AppData\Local\Android\Sdk\platforms\android-35\core-for-system-modules.jar as it is up-to-date.
Transforming core-for-system-modules.jar with JdkImageTransform
Transforming core-for-system-modules.jar with JdkImageTransform
Transforming core-for-system-modules.jar with JdkImageTransform
Transforming core-for-system-modules.jar with JdkImageTransform
Transforming core-for-system-modules.jar with JdkImageTransform
Caching disabled for task ':app:compileReleaseJavaWithJavac' because:
  Build cache is disabled
Task ':app:compileReleaseJavaWithJavac' is not up-to-date because:
  Output property 'options.generatedSourceOutputDirectory' file C:\Users\user\Desktop\projects\Football Live Score (Topon)\Live Football\app\build\generated\ap_generated_sources\release\out has been removed.
The input changes require a full rebuild for incremental task ':app:compileReleaseJavaWithJavac'.
Transforming core-for-system-modules.jar with JdkImageTransform
Full recompilation is required because no incremental change information is available. This is usually caused by clean builds or changing compiler arguments.
Compiling with toolchain 'C:\Program Files\Java\jdk-21'.
file or directory 'C:\Users\user\Desktop\projects\Football Live Score (Topon)\Live Football\app\src\release\java', not found
Compiling with JDK Java compiler API.
Class dependency analysis for incremental compilation took 1.048 secs.
Created classpath snapshot for incremental compilation in 0.951 secs.
Resolve mutations for :app:hiltAggregateDepsRelease (Thread[#83,included builds,5,main]) started.
:app:hiltAggregateDepsRelease (Thread[#83,included builds,5,main]) started.

> Task :app:hiltAggregateDepsRelease
Transforming material-1.11.0.aar (com.google.android.material:material:1.11.0) with JetifyTransform
Transforming material-1.11.0.aar (com.google.android.material:material:1.11.0) with AarToClassTransform
Transforming material-1.11.0.aar (com.google.android.material:material:1.11.0) with IdentityTransform
Transforming lottie-compose-6.1.0.aar (com.airbnb.android:lottie-compose:6.1.0) with JetifyTransform
Transforming lottie-compose-6.1.0.aar (com.airbnb.android:lottie-compose:6.1.0) with AarToClassTransform
Transforming lottie-compose-6.1.0.aar (com.airbnb.android:lottie-compose:6.1.0) with IdentityTransform
Transforming lottie-6.1.0.aar (com.airbnb.android:lottie:6.1.0) with JetifyTransform
Transforming lottie-6.1.0.aar (com.airbnb.android:lottie:6.1.0) with AarToClassTransform
Transforming lottie-6.1.0.aar (com.airbnb.android:lottie:6.1.0) with IdentityTransform
Transforming coil-compose-2.5.0.aar (io.coil-kt:coil-compose:2.5.0) with JetifyTransform
Transforming coil-compose-2.5.0.aar (io.coil-kt:coil-compose:2.5.0) with AarToClassTransform
Transforming coil-compose-2.5.0.aar (io.coil-kt:coil-compose:2.5.0) with IdentityTransform
Transforming coil-compose-base-2.5.0.aar (io.coil-kt:coil-compose-base:2.5.0) with JetifyTransform
Transforming coil-compose-base-2.5.0.aar (io.coil-kt:coil-compose-base:2.5.0) with AarToClassTransform
Transforming coil-compose-base-2.5.0.aar (io.coil-kt:coil-compose-base:2.5.0) with IdentityTransform
Transforming coil-2.5.0.aar (io.coil-kt:coil:2.5.0) with JetifyTransform
Transforming coil-2.5.0.aar (io.coil-kt:coil:2.5.0) with AarToClassTransform
Transforming coil-2.5.0.aar (io.coil-kt:coil:2.5.0) with IdentityTransform
Transforming coil-base-2.5.0.aar (io.coil-kt:coil-base:2.5.0) with JetifyTransform
Transforming coil-base-2.5.0.aar (io.coil-kt:coil-base:2.5.0) with AarToClassTransform
Transforming coil-base-2.5.0.aar (io.coil-kt:coil-base:2.5.0) with IdentityTransform
Transforming appcompat-resources-1.6.1.aar (androidx.appcompat:appcompat-resources:1.6.1) with JetifyTransform
Transforming appcompat-resources-1.6.1.aar (androidx.appcompat:appcompat-resources:1.6.1) with AarToClassTransform
Transforming appcompat-resources-1.6.1.aar (androidx.appcompat:appcompat-resources:1.6.1) with IdentityTransform
Transforming constraintlayout-2.0.1.aar (androidx.constraintlayout:constraintlayout:2.0.1) with JetifyTransform
Transforming constraintlayout-2.0.1.aar (androidx.constraintlayout:constraintlayout:2.0.1) with AarToClassTransform
Transforming constraintlayout-2.0.1.aar (androidx.constraintlayout:constraintlayout:2.0.1) with IdentityTransform
Caching disabled for IdentityTransform: C:\Users\user\.gradle\caches\transforms-3\8cd4d0ccb091658c7053ea15235aa3af\transformed\jetified-lottie-6.1.0-runtime.jar because:
  Build cache is disabled
Transforming appcompat-1.6.1.aar (androidx.appcompat:appcompat:1.6.1) with JetifyTransform
Caching disabled for IdentityTransform: C:\Users\user\.gradle\caches\transforms-3\963b5c6af14a731398d8e97518e9cac7\transformed\jetified-coil-compose-2.5.0-runtime.jar because:
  Build cache is disabled
Transforming appcompat-1.6.1.aar (androidx.appcompat:appcompat:1.6.1) with AarToClassTransform
Caching disabled for IdentityTransform: C:\Users\user\.gradle\caches\transforms-3\3826c0a1118df35ffd26ef484ffc1939\transformed\jetified-lottie-compose-6.1.0-runtime.jar because:
  Build cache is disabled
Caching disabled for IdentityTransform: C:\Users\user\.gradle\caches\transforms-3\8af64cf65d594e45b79005b1d7b1c1e2\transformed\jetified-coil-2.5.0-runtime.jar because:
  Build cache is disabled
Caching disabled for IdentityTransform: C:\Users\user\.gradle\caches\transforms-3\2eeda5ae97d972912d86cc76444d3012\transformed\material-1.11.0-runtime.jar because:
  Build cache is disabled
Skipping IdentityTransform: C:\Users\user\.gradle\caches\transforms-3\8af64cf65d594e45b79005b1d7b1c1e2\transformed\jetified-coil-2.5.0-runtime.jar as it is up-to-date.
Skipping IdentityTransform: C:\Users\user\.gradle\caches\transforms-3\3826c0a1118df35ffd26ef484ffc1939\transformed\jetified-lottie-compose-6.1.0-runtime.jar as it is up-to-date.
Skipping IdentityTransform: C:\Users\user\.gradle\caches\transforms-3\8cd4d0ccb091658c7053ea15235aa3af\transformed\jetified-lottie-6.1.0-runtime.jar as it is up-to-date.
Skipping IdentityTransform: C:\Users\user\.gradle\caches\transforms-3\963b5c6af14a731398d8e97518e9cac7\transformed\jetified-coil-compose-2.5.0-runtime.jar as it is up-to-date.
Transforming appcompat-1.6.1.aar (androidx.appcompat:appcompat:1.6.1) with IdentityTransform
Caching disabled for IdentityTransform: C:\Users\user\.gradle\caches\transforms-3\6c1d459ad613368c437e40827d1aa0f0\transformed\jetified-appcompat-resources-1.6.1-runtime.jar because:
  Build cache is disabled
Transforming viewpager2-1.0.0.aar (androidx.viewpager2:viewpager2:1.0.0) with JetifyTransform
Skipping IdentityTransform: C:\Users\user\.gradle\caches\transforms-3\6c1d459ad613368c437e40827d1aa0f0\transformed\jetified-appcompat-resources-1.6.1-runtime.jar as it is up-to-date.
Transforming coil-2.5.0.aar (io.coil-kt:coil:2.5.0) with CopyTransform
Caching disabled for IdentityTransform: C:\Users\user\.gradle\caches\transforms-3\514bc7fa03daa03688c25da5678e8c4f\transformed\jetified-coil-compose-base-2.5.0-runtime.jar because:
  Build cache is disabled
Skipping IdentityTransform: C:\Users\user\.gradle\caches\transforms-3\2eeda5ae97d972912d86cc76444d3012\transformed\material-1.11.0-runtime.jar as it is up-to-date.
Transforming appcompat-resources-1.6.1.aar (androidx.appcompat:appcompat-resources:1.6.1) with CopyTransform
Skipping IdentityTransform: C:\Users\user\.gradle\caches\transforms-3\514bc7fa03daa03688c25da5678e8c4f\transformed\jetified-coil-compose-base-2.5.0-runtime.jar as it is up-to-date.
Transforming coil-compose-2.5.0.aar (io.coil-kt:coil-compose:2.5.0) with CopyTransform
Transforming lottie-6.1.0.aar (com.airbnb.android:lottie:6.1.0) with CopyTransform
Transforming material-1.11.0.aar (com.google.android.material:material:1.11.0) with CopyTransform
Transforming viewpager2-1.0.0.aar (androidx.viewpager2:viewpager2:1.0.0) with AarToClassTransform
Transforming coil-compose-base-2.5.0.aar (io.coil-kt:coil-compose-base:2.5.0) with CopyTransform
Caching disabled for IdentityTransform: C:\Users\user\.gradle\caches\transforms-3\bd569595cce29b201694512c03615da5\transformed\constraintlayout-2.0.1-runtime.jar because:
  Build cache is disabled
Transforming lottie-compose-6.1.0.aar (com.airbnb.android:lottie-compose:6.1.0) with CopyTransform
Transforming viewpager2-1.0.0.aar (androidx.viewpager2:viewpager2:1.0.0) with IdentityTransform
Skipping IdentityTransform: C:\Users\user\.gradle\caches\transforms-3\bd569595cce29b201694512c03615da5\transformed\constraintlayout-2.0.1-runtime.jar as it is up-to-date.
Caching disabled for IdentityTransform: C:\Users\user\.gradle\caches\transforms-3\5459972164a1f8b2f38fc2ba8515d7d4\transformed\jetified-coil-base-2.5.0-runtime.jar because:
  Build cache is disabled
Transforming play-services-ads-22.6.0.aar (com.google.android.gms:play-services-ads:22.6.0) with JetifyTransform
Skipping IdentityTransform: C:\Users\user\.gradle\caches\transforms-3\5459972164a1f8b2f38fc2ba8515d7d4\transformed\jetified-coil-base-2.5.0-runtime.jar as it is up-to-date.
Transforming play-services-ads-22.6.0.aar (com.google.android.gms:play-services-ads:22.6.0) with AarToClassTransform
Transforming play-services-ads-22.6.0.aar (com.google.android.gms:play-services-ads:22.6.0) with IdentityTransform
Transforming constraintlayout-2.0.1.aar (androidx.constraintlayout:constraintlayout:2.0.1) with CopyTransform
Transforming play-services-appset-16.0.1.aar (com.google.android.gms:play-services-appset:16.0.1) with JetifyTransform
Transforming play-services-appset-16.0.1.aar (com.google.android.gms:play-services-appset:16.0.1) with AarToClassTransform
Transforming play-services-appset-16.0.1.aar (com.google.android.gms:play-services-appset:16.0.1) with IdentityTransform
Transforming play-services-base-18.2.0.aar (com.google.android.gms:play-services-base:18.2.0) with JetifyTransform
Transforming coil-base-2.5.0.aar (io.coil-kt:coil-base:2.5.0) with CopyTransform
Caching disabled for IdentityTransform: C:\Users\user\.gradle\caches\transforms-3\6f1e96f5b1163e6860bb3d003f852136\transformed\appcompat-1.6.1-runtime.jar because:
  Build cache is disabled
Skipping IdentityTransform: C:\Users\user\.gradle\caches\transforms-3\6f1e96f5b1163e6860bb3d003f852136\transformed\appcompat-1.6.1-runtime.jar as it is up-to-date.
Caching disabled for CopyTransform: C:\Users\user\.gradle\caches\transforms-3\963b5c6af14a731398d8e97518e9cac7\transformed\jetified-coil-compose-2.5.0-runtime.jar because:
  Build cache is disabled
Transforming appcompat-1.6.1.aar (androidx.appcompat:appcompat:1.6.1) with CopyTransform
Skipping CopyTransform: C:\Users\user\.gradle\caches\transforms-3\963b5c6af14a731398d8e97518e9cac7\transformed\jetified-coil-compose-2.5.0-runtime.jar as it is up-to-date.
Caching disabled for CopyTransform: C:\Users\user\.gradle\caches\transforms-3\3826c0a1118df35ffd26ef484ffc1939\transformed\jetified-lottie-compose-6.1.0-runtime.jar because:
  Build cache is disabled
Skipping CopyTransform: C:\Users\user\.gradle\caches\transforms-3\3826c0a1118df35ffd26ef484ffc1939\transformed\jetified-lottie-compose-6.1.0-runtime.jar as it is up-to-date.
Caching disabled for CopyTransform: C:\Users\user\.gradle\caches\transforms-3\8cd4d0ccb091658c7053ea15235aa3af\transformed\jetified-lottie-6.1.0-runtime.jar because:
  Build cache is disabled
Transforming play-services-base-18.2.0.aar (com.google.android.gms:play-services-base:18.2.0) with AarToClassTransform
Skipping CopyTransform: C:\Users\user\.gradle\caches\transforms-3\8cd4d0ccb091658c7053ea15235aa3af\transformed\jetified-lottie-6.1.0-runtime.jar as it is up-to-date.
Caching disabled for CopyTransform: C:\Users\user\.gradle\caches\transforms-3\8af64cf65d594e45b79005b1d7b1c1e2\transformed\jetified-coil-2.5.0-runtime.jar because:
  Build cache is disabled
Caching disabled for CopyTransform: C:\Users\user\.gradle\caches\transforms-3\bd569595cce29b201694512c03615da5\transformed\constraintlayout-2.0.1-runtime.jar because:
  Build cache is disabled
Caching disabled for CopyTransform: C:\Users\user\.gradle\caches\transforms-3\6f1e96f5b1163e6860bb3d003f852136\transformed\appcompat-1.6.1-runtime.jar because:
  Build cache is disabled
Skipping CopyTransform: C:\Users\user\.gradle\caches\transforms-3\bd569595cce29b201694512c03615da5\transformed\constraintlayout-2.0.1-runtime.jar as it is up-to-date.
Transforming play-services-base-18.2.0.aar (com.google.android.gms:play-services-base:18.2.0) with IdentityTransform
Caching disabled for CopyTransform: C:\Users\user\.gradle\caches\transforms-3\6c1d459ad613368c437e40827d1aa0f0\transformed\jetified-appcompat-resources-1.6.1-runtime.jar because:
  Build cache is disabled
Transforming play-services-base-18.2.0.aar (com.google.android.gms:play-services-base:18.2.0) with JetifyTransform
Transforming lottie-compose-6.1.0.aar (com.airbnb.android:lottie-compose:6.1.0) with AggregatedPackagesTransform
Transforming play-services-base-18.2.0.aar (com.google.android.gms:play-services-base:18.2.0) with AarToClassTransform
Skipping CopyTransform: C:\Users\user\.gradle\caches\transforms-3\6c1d459ad613368c437e40827d1aa0f0\transformed\jetified-appcompat-resources-1.6.1-runtime.jar as it is up-to-date.
Transforming constraintlayout-2.0.1.aar (androidx.constraintlayout:constraintlayout:2.0.1) with AggregatedPackagesTransform
Caching disabled for CopyTransform: C:\Users\user\.gradle\caches\transforms-3\5459972164a1f8b2f38fc2ba8515d7d4\transformed\jetified-coil-base-2.5.0-runtime.jar because:
  Build cache is disabled
Caching disabled for CopyTransform: C:\Users\user\.gradle\caches\transforms-3\2eeda5ae97d972912d86cc76444d3012\transformed\material-1.11.0-runtime.jar because:
  Build cache is disabled
Skipping CopyTransform: C:\Users\user\.gradle\caches\transforms-3\5459972164a1f8b2f38fc2ba8515d7d4\transformed\jetified-coil-base-2.5.0-runtime.jar as it is up-to-date.
Caching disabled for CopyTransform: C:\Users\user\.gradle\caches\transforms-3\514bc7fa03daa03688c25da5678e8c4f\transformed\jetified-coil-compose-base-2.5.0-runtime.jar because:
  Build cache is disabled
Transforming appcompat-resources-1.6.1.aar (androidx.appcompat:appcompat-resources:1.6.1) with AggregatedPackagesTransform
Transforming coil-compose-2.5.0.aar (io.coil-kt:coil-compose:2.5.0) with AggregatedPackagesTransform
Caching disabled for IdentityTransform: C:\Users\user\.gradle\caches\transforms-3\44c69262413f1ea6b7f5b18835cb8203\transformed\jetified-viewpager2-1.0.0-runtime.jar because:
  Build cache is disabled
Transforming coil-base-2.5.0.aar (io.coil-kt:coil-base:2.5.0) with AggregatedPackagesTransform
Skipping CopyTransform: C:\Users\user\.gradle\caches\transforms-3\514bc7fa03daa03688c25da5678e8c4f\transformed\jetified-coil-compose-base-2.5.0-runtime.jar as it is up-to-date.
Skipping IdentityTransform: C:\Users\user\.gradle\caches\transforms-3\44c69262413f1ea6b7f5b18835cb8203\transformed\jetified-viewpager2-1.0.0-runtime.jar as it is up-to-date.
Skipping CopyTransform: C:\Users\user\.gradle\caches\transforms-3\2eeda5ae97d972912d86cc76444d3012\transformed\material-1.11.0-runtime.jar as it is up-to-date.
Transforming play-services-base-18.2.0.aar (com.google.android.gms:play-services-base:18.2.0) with IdentityTransform
Transforming lottie-6.1.0.aar (com.airbnb.android:lottie:6.1.0) with AggregatedPackagesTransform
Transforming drawerlayout-1.1.1.aar (androidx.drawerlayout:drawerlayout:1.1.1) with JetifyTransform
Skipping CopyTransform: C:\Users\user\.gradle\caches\transforms-3\6f1e96f5b1163e6860bb3d003f852136\transformed\appcompat-1.6.1-runtime.jar as it is up-to-date.
Transforming viewpager2-1.0.0.aar (androidx.viewpager2:viewpager2:1.0.0) with CopyTransform
Transforming material-1.11.0.aar (com.google.android.material:material:1.11.0) with AggregatedPackagesTransform
Skipping CopyTransform: C:\Users\user\.gradle\caches\transforms-3\8af64cf65d594e45b79005b1d7b1c1e2\transformed\jetified-coil-2.5.0-runtime.jar as it is up-to-date.
Caching disabled for AggregatedPackagesTransform: C:\Users\user\.gradle\caches\transforms-3\bd569595cce29b201694512c03615da5\transformed\constraintlayout-2.0.1-runtime.jar because:
  Build cache is disabled
Caching disabled for AggregatedPackagesTransform: C:\Users\user\.gradle\caches\transforms-3\3826c0a1118df35ffd26ef484ffc1939\transformed\jetified-lottie-compose-6.1.0-runtime.jar because:
  Build cache is disabled
Skipping AggregatedPackagesTransform: C:\Users\user\.gradle\caches\transforms-3\bd569595cce29b201694512c03615da5\transformed\constraintlayout-2.0.1-runtime.jar as it is up-to-date.
Skipping AggregatedPackagesTransform: C:\Users\user\.gradle\caches\transforms-3\3826c0a1118df35ffd26ef484ffc1939\transformed\jetified-lottie-compose-6.1.0-runtime.jar as it is up-to-date.
Transforming drawerlayout-1.1.1.aar (androidx.drawerlayout:drawerlayout:1.1.1) with AarToClassTransform
Transforming coil-compose-base-2.5.0.aar (io.coil-kt:coil-compose-base:2.5.0) with AggregatedPackagesTransform
Transforming drawerlayout-1.1.1.aar (androidx.drawerlayout:drawerlayout:1.1.1) with IdentityTransform
Transforming coil-2.5.0.aar (io.coil-kt:coil:2.5.0) with AggregatedPackagesTransform
Transforming coordinatorlayout-1.1.0.aar (androidx.coordinatorlayout:coordinatorlayout:1.1.0) with JetifyTransform
Caching disabled for AggregatedPackagesTransform: C:\Users\user\.gradle\caches\transforms-3\5459972164a1f8b2f38fc2ba8515d7d4\transformed\jetified-coil-base-2.5.0-runtime.jar because:
  Build cache is disabled
Caching disabled for AggregatedPackagesTransform: C:\Users\user\.gradle\caches\transforms-3\6c1d459ad613368c437e40827d1aa0f0\transformed\jetified-appcompat-resources-1.6.1-runtime.jar because:
  Build cache is disabled
Caching disabled for AggregatedPackagesTransform: C:\Users\user\.gradle\caches\transforms-3\963b5c6af14a731398d8e97518e9cac7\transformed\jetified-coil-compose-2.5.0-runtime.jar because:
  Build cache is disabled
Transforming appcompat-1.6.1.aar (androidx.appcompat:appcompat:1.6.1) with AggregatedPackagesTransform
Skipping AggregatedPackagesTransform: C:\Users\user\.gradle\caches\transforms-3\963b5c6af14a731398d8e97518e9cac7\transformed\jetified-coil-compose-2.5.0-runtime.jar as it is up-to-date.
Skipping AggregatedPackagesTransform: C:\Users\user\.gradle\caches\transforms-3\6c1d459ad613368c437e40827d1aa0f0\transformed\jetified-appcompat-resources-1.6.1-runtime.jar as it is up-to-date.
Skipping AggregatedPackagesTransform: C:\Users\user\.gradle\caches\transforms-3\5459972164a1f8b2f38fc2ba8515d7d4\transformed\jetified-coil-base-2.5.0-runtime.jar as it is up-to-date.
Caching disabled for AggregatedPackagesTransform: C:\Users\user\.gradle\caches\transforms-3\8cd4d0ccb091658c7053ea15235aa3af\transformed\jetified-lottie-6.1.0-runtime.jar because:
  Build cache is disabled
Transforming coordinatorlayout-1.1.0.aar (androidx.coordinatorlayout:coordinatorlayout:1.1.0) with AarToClassTransform
Caching disabled for AggregatedPackagesTransform: C:\Users\user\.gradle\caches\transforms-3\514bc7fa03daa03688c25da5678e8c4f\transformed\jetified-coil-compose-base-2.5.0-runtime.jar because:
  Build cache is disabled
Skipping AggregatedPackagesTransform: C:\Users\user\.gradle\caches\transforms-3\514bc7fa03daa03688c25da5678e8c4f\transformed\jetified-coil-compose-base-2.5.0-runtime.jar as it is up-to-date.
Caching disabled for CopyTransform: C:\Users\user\.gradle\caches\transforms-3\44c69262413f1ea6b7f5b18835cb8203\transformed\jetified-viewpager2-1.0.0-runtime.jar because:
  Build cache is disabled
Transforming coordinatorlayout-1.1.0.aar (androidx.coordinatorlayout:coordinatorlayout:1.1.0) with IdentityTransform
Caching disabled for AggregatedPackagesTransform: C:\Users\user\.gradle\caches\transforms-3\2eeda5ae97d972912d86cc76444d3012\transformed\material-1.11.0-runtime.jar because:
  Build cache is disabled
Transforming dynamicanimation-1.0.0.aar (androidx.dynamicanimation:dynamicanimation:1.0.0) with JetifyTransform
Skipping AggregatedPackagesTransform: C:\Users\user\.gradle\caches\transforms-3\2eeda5ae97d972912d86cc76444d3012\transformed\material-1.11.0-runtime.jar as it is up-to-date.
Transforming dynamicanimation-1.0.0.aar (androidx.dynamicanimation:dynamicanimation:1.0.0) with AarToClassTransform
Skipping AggregatedPackagesTransform: C:\Users\user\.gradle\caches\transforms-3\8cd4d0ccb091658c7053ea15235aa3af\transformed\jetified-lottie-6.1.0-runtime.jar as it is up-to-date.
Transforming dynamicanimation-1.0.0.aar (androidx.dynamicanimation:dynamicanimation:1.0.0) with IdentityTransform
Skipping CopyTransform: C:\Users\user\.gradle\caches\transforms-3\44c69262413f1ea6b7f5b18835cb8203\transformed\jetified-viewpager2-1.0.0-runtime.jar as it is up-to-date.
Transforming transition-1.2.0.aar (androidx.transition:transition:1.2.0) with JetifyTransform
Transforming transition-1.2.0.aar (androidx.transition:transition:1.2.0) with AarToClassTransform
Transforming transition-1.2.0.aar (androidx.transition:transition:1.2.0) with IdentityTransform
Transforming viewpager2-1.0.0.aar (androidx.viewpager2:viewpager2:1.0.0) with AggregatedPackagesTransform
Transforming vectordrawable-animated-1.1.0.aar (androidx.vectordrawable:vectordrawable-animated:1.1.0) with JetifyTransform
Transforming vectordrawable-animated-1.1.0.aar (androidx.vectordrawable:vectordrawable-animated:1.1.0) with AarToClassTransform
Transforming vectordrawable-animated-1.1.0.aar (androidx.vectordrawable:vectordrawable-animated:1.1.0) with IdentityTransform
Transforming vectordrawable-1.1.0.aar (androidx.vectordrawable:vectordrawable:1.1.0) with JetifyTransform
Transforming vectordrawable-1.1.0.aar (androidx.vectordrawable:vectordrawable:1.1.0) with AarToClassTransform
Transforming vectordrawable-1.1.0.aar (androidx.vectordrawable:vectordrawable:1.1.0) with IdentityTransform
Transforming vectordrawable-1.1.0.aar (androidx.vectordrawable:vectordrawable:1.1.0) with JetifyTransform
Transforming vectordrawable-1.1.0.aar (androidx.vectordrawable:vectordrawable:1.1.0) with AarToClassTransform
Transforming vectordrawable-1.1.0.aar (androidx.vectordrawable:vectordrawable:1.1.0) with IdentityTransform
Transforming hilt-navigation-compose-1.1.0.aar (androidx.hilt:hilt-navigation-compose:1.1.0) with JetifyTransform
Transforming hilt-navigation-compose-1.1.0.aar (androidx.hilt:hilt-navigation-compose:1.1.0) with AarToClassTransform
Transforming hilt-navigation-compose-1.1.0.aar (androidx.hilt:hilt-navigation-compose:1.1.0) with IdentityTransform
Caching disabled for IdentityTransform: C:\Users\user\.gradle\caches\transforms-3\db705a99d41128e8bef99eff9205c31b\transformed\drawerlayout-1.1.1-runtime.jar because:
  Build cache is disabled
Caching disabled for AggregatedPackagesTransform: C:\Users\user\.gradle\caches\transforms-3\8af64cf65d594e45b79005b1d7b1c1e2\transformed\jetified-coil-2.5.0-runtime.jar because:
  Build cache is disabled
Caching disabled for IdentityTransform: C:\Users\user\.gradle\caches\transforms-3\6951a28fbeab4f5e0677dbbf51dd5290\transformed\jetified-play-services-ads-22.6.0-runtime.jar because:
  Build cache is disabled
Skipping AggregatedPackagesTransform: C:\Users\user\.gradle\caches\transforms-3\8af64cf65d594e45b79005b1d7b1c1e2\transformed\jetified-coil-2.5.0-runtime.jar as it is up-to-date.
Caching disabled for AggregatedPackagesTransform: C:\Users\user\.gradle\caches\transforms-3\6f1e96f5b1163e6860bb3d003f852136\transformed\appcompat-1.6.1-runtime.jar because:
  Build cache is disabled
Skipping IdentityTransform: C:\Users\user\.gradle\caches\transforms-3\6951a28fbeab4f5e0677dbbf51dd5290\transformed\jetified-play-services-ads-22.6.0-runtime.jar as it is up-to-date.
Skipping AggregatedPackagesTransform: C:\Users\user\.gradle\caches\transforms-3\6f1e96f5b1163e6860bb3d003f852136\transformed\appcompat-1.6.1-runtime.jar as it is up-to-date.
Transforming hilt-navigation-1.1.0.aar (androidx.hilt:hilt-navigation:1.1.0) with JetifyTransform
Transforming hilt-navigation-1.1.0.aar (androidx.hilt:hilt-navigation:1.1.0) with AarToClassTransform
Transforming hilt-navigation-1.1.0.aar (androidx.hilt:hilt-navigation:1.1.0) with IdentityTransform
Transforming play-services-ads-22.6.0.aar (com.google.android.gms:play-services-ads:22.6.0) with CopyTransform
Transforming navigation-common-2.7.6.aar (androidx.navigation:navigation-common:2.7.6) with JetifyTransform
Transforming navigation-common-2.7.6.aar (androidx.navigation:navigation-common:2.7.6) with AarToClassTransform
Transforming navigation-common-2.7.6.aar (androidx.navigation:navigation-common:2.7.6) with IdentityTransform
Transforming navigation-runtime-2.7.6.aar (androidx.navigation:navigation-runtime:2.7.6) with JetifyTransform
Caching disabled for IdentityTransform: C:\Users\user\.gradle\caches\transforms-3\789d8284618b1bb8831d011c4d3bd56b\transformed\dynamicanimation-1.0.0-runtime.jar because:
  Build cache is disabled
Skipping IdentityTransform: C:\Users\user\.gradle\caches\transforms-3\db705a99d41128e8bef99eff9205c31b\transformed\drawerlayout-1.1.1-runtime.jar as it is up-to-date.
Caching disabled for IdentityTransform: C:\Users\user\.gradle\caches\transforms-3\61829a2383097814a0e98604046c15c2\transformed\jetified-play-services-base-18.2.0-runtime.jar because:
  Build cache is disabled
Transforming navigation-runtime-2.7.6.aar (androidx.navigation:navigation-runtime:2.7.6) with AarToClassTransform
Caching disabled for AggregatedPackagesTransform: C:\Users\user\.gradle\caches\transforms-3\44c69262413f1ea6b7f5b18835cb8203\transformed\jetified-viewpager2-1.0.0-runtime.jar because:
  Build cache is disabled
Transforming navigation-runtime-2.7.6.aar (androidx.navigation:navigation-runtime:2.7.6) with IdentityTransform
Caching disabled for IdentityTransform: C:\Users\user\.gradle\caches\transforms-3\cfe29aaebe7c354251a8f43f3d5685cc\transformed\coordinatorlayout-1.1.0-runtime.jar because:
  Build cache is disabled
Caching disabled for IdentityTransform: C:\Users\user\.gradle\caches\transforms-3\8df9e8f010466ebea66ef21dbc29d5f3\transformed\transition-1.2.0-runtime.jar because:
  Build cache is disabled
Transforming navigation-common-ktx-2.7.6.aar (androidx.navigation:navigation-common-ktx:2.7.6) with JetifyTransform
Transforming drawerlayout-1.1.1.aar (androidx.drawerlayout:drawerlayout:1.1.1) with CopyTransform
Skipping AggregatedPackagesTransform: C:\Users\user\.gradle\caches\transforms-3\44c69262413f1ea6b7f5b18835cb8203\transformed\jetified-viewpager2-1.0.0-runtime.jar as it is up-to-date.
Caching disabled for IdentityTransform: C:\Users\user\.gradle\caches\transforms-3\dcb81d1691bc4fef5ceeb514334f5e71\transformed\jetified-play-services-appset-16.0.1-runtime.jar because:
  Build cache is disabled
Skipping IdentityTransform: C:\Users\user\.gradle\caches\transforms-3\789d8284618b1bb8831d011c4d3bd56b\transformed\dynamicanimation-1.0.0-runtime.jar as it is up-to-date.
Transforming navigation-common-ktx-2.7.6.aar (androidx.navigation:navigation-common-ktx:2.7.6) with AarToClassTransform
Skipping IdentityTransform: C:\Users\user\.gradle\caches\transforms-3\8df9e8f010466ebea66ef21dbc29d5f3\transformed\transition-1.2.0-runtime.jar as it is up-to-date.
Transforming navigation-common-ktx-2.7.6.aar (androidx.navigation:navigation-common-ktx:2.7.6) with IdentityTransform
Skipping IdentityTransform: C:\Users\user\.gradle\caches\transforms-3\cfe29aaebe7c354251a8f43f3d5685cc\transformed\coordinatorlayout-1.1.0-runtime.jar as it is up-to-date.
Transforming navigation-runtime-ktx-2.7.6.aar (androidx.navigation:navigation-runtime-ktx:2.7.6) with JetifyTransform
Skipping IdentityTransform: C:\Users\user\.gradle\caches\transforms-3\61829a2383097814a0e98604046c15c2\transformed\jetified-play-services-base-18.2.0-runtime.jar as it is up-to-date.
Transforming navigation-runtime-ktx-2.7.6.aar (androidx.navigation:navigation-runtime-ktx:2.7.6) with AarToClassTransform
Transforming navigation-runtime-ktx-2.7.6.aar (androidx.navigation:navigation-runtime-ktx:2.7.6) with IdentityTransform
Transforming navigation-compose-2.7.6.aar (androidx.navigation:navigation-compose:2.7.6) with JetifyTransform
Transforming coordinatorlayout-1.1.0.aar (androidx.coordinatorlayout:coordinatorlayout:1.1.0) with CopyTransform
Transforming play-services-base-18.2.0.aar (com.google.android.gms:play-services-base:18.2.0) with CopyTransform
Skipping IdentityTransform: C:\Users\user\.gradle\caches\transforms-3\dcb81d1691bc4fef5ceeb514334f5e71\transformed\jetified-play-services-appset-16.0.1-runtime.jar as it is up-to-date.
Transforming play-services-base-18.2.0.aar (com.google.android.gms:play-services-base:18.2.0) with CopyTransform
Transforming navigation-compose-2.7.6.aar (androidx.navigation:navigation-compose:2.7.6) with AarToClassTransform
Transforming transition-1.2.0.aar (androidx.transition:transition:1.2.0) with CopyTransform
Transforming dynamicanimation-1.0.0.aar (androidx.dynamicanimation:dynamicanimation:1.0.0) with CopyTransform
Transforming navigation-compose-2.7.6.aar (androidx.navigation:navigation-compose:2.7.6) with IdentityTransform
Caching disabled for IdentityTransform: C:\Users\user\.gradle\caches\transforms-3\14c9ffbe21cc5c1174ded1bc3879f69b\transformed\vectordrawable-1.1.0-runtime.jar because:
  Build cache is disabled
Transforming accompanist-permissions-0.32.0.aar (com.google.accompanist:accompanist-permissions:0.32.0) with JetifyTransform
Caching disabled for CopyTransform: C:\Users\user\.gradle\caches\transforms-3\6951a28fbeab4f5e0677dbbf51dd5290\transformed\jetified-play-services-ads-22.6.0-runtime.jar because:
  Build cache is disabled
Transforming play-services-appset-16.0.1.aar (com.google.android.gms:play-services-appset:16.0.1) with CopyTransform
Skipping IdentityTransform: C:\Users\user\.gradle\caches\transforms-3\14c9ffbe21cc5c1174ded1bc3879f69b\transformed\vectordrawable-1.1.0-runtime.jar as it is up-to-date.
Transforming accompanist-permissions-0.32.0.aar (com.google.accompanist:accompanist-permissions:0.32.0) with AarToClassTransform
Caching disabled for IdentityTransform: C:\Users\user\.gradle\caches\transforms-3\6cd6977ec2649e3c448f372154be7d9d\transformed\vectordrawable-animated-1.1.0-runtime.jar because:
  Build cache is disabled
Caching disabled for CopyTransform: C:\Users\user\.gradle\caches\transforms-3\db705a99d41128e8bef99eff9205c31b\transformed\drawerlayout-1.1.1-runtime.jar because:
  Build cache is disabled
Skipping IdentityTransform: C:\Users\user\.gradle\caches\transforms-3\6cd6977ec2649e3c448f372154be7d9d\transformed\vectordrawable-animated-1.1.0-runtime.jar as it is up-to-date.
Skipping CopyTransform: C:\Users\user\.gradle\caches\transforms-3\db705a99d41128e8bef99eff9205c31b\transformed\drawerlayout-1.1.1-runtime.jar as it is up-to-date.
Skipping CopyTransform: C:\Users\user\.gradle\caches\transforms-3\6951a28fbeab4f5e0677dbbf51dd5290\transformed\jetified-play-services-ads-22.6.0-runtime.jar as it is up-to-date.
Transforming drawerlayout-1.1.1.aar (androidx.drawerlayout:drawerlayout:1.1.1) with AggregatedPackagesTransform
Transforming vectordrawable-animated-1.1.0.aar (androidx.vectordrawable:vectordrawable-animated:1.1.0) with CopyTransform
Transforming play-services-ads-22.6.0.aar (com.google.android.gms:play-services-ads:22.6.0) with AggregatedPackagesTransform
Caching disabled for CopyTransform: C:\Users\user\.gradle\caches\transforms-3\8df9e8f010466ebea66ef21dbc29d5f3\transformed\transition-1.2.0-runtime.jar because:
  Build cache is disabled
Transforming accompanist-permissions-0.32.0.aar (com.google.accompanist:accompanist-permissions:0.32.0) with IdentityTransform
Caching disabled for CopyTransform: C:\Users\user\.gradle\caches\transforms-3\cfe29aaebe7c354251a8f43f3d5685cc\transformed\coordinatorlayout-1.1.0-runtime.jar because:
  Build cache is disabled
Caching disabled for CopyTransform: C:\Users\user\.gradle\caches\transforms-3\61829a2383097814a0e98604046c15c2\transformed\jetified-play-services-base-18.2.0-runtime.jar because:
  Build cache is disabled
Transforming vectordrawable-1.1.0.aar (androidx.vectordrawable:vectordrawable:1.1.0) with CopyTransform
Skipping CopyTransform: C:\Users\user\.gradle\caches\transforms-3\61829a2383097814a0e98604046c15c2\transformed\jetified-play-services-base-18.2.0-runtime.jar as it is up-to-date.
Transforming vectordrawable-1.1.0.aar (androidx.vectordrawable:vectordrawable:1.1.0) with CopyTransform
Caching disabled for CopyTransform: C:\Users\user\.gradle\caches\transforms-3\dcb81d1691bc4fef5ceeb514334f5e71\transformed\jetified-play-services-appset-16.0.1-runtime.jar because:
  Build cache is disabled
Skipping CopyTransform: C:\Users\user\.gradle\caches\transforms-3\cfe29aaebe7c354251a8f43f3d5685cc\transformed\coordinatorlayout-1.1.0-runtime.jar as it is up-to-date.
Caching disabled for CopyTransform: C:\Users\user\.gradle\caches\transforms-3\789d8284618b1bb8831d011c4d3bd56b\transformed\dynamicanimation-1.0.0-runtime.jar because:
  Build cache is disabled
Transforming play-services-base-18.2.0.aar (com.google.android.gms:play-services-base:18.2.0) with AggregatedPackagesTransform
Skipping CopyTransform: C:\Users\user\.gradle\caches\transforms-3\789d8284618b1bb8831d011c4d3bd56b\transformed\dynamicanimation-1.0.0-runtime.jar as it is up-to-date.
Transforming room-common-2.6.1.jar (androidx.room:room-common:2.6.1) with JetifyTransform
Skipping CopyTransform: C:\Users\user\.gradle\caches\transforms-3\8df9e8f010466ebea66ef21dbc29d5f3\transformed\transition-1.2.0-runtime.jar as it is up-to-date.
Transforming room-common-2.6.1.jar (androidx.room:room-common:2.6.1) with IdentityTransform
Transforming coordinatorlayout-1.1.0.aar (androidx.coordinatorlayout:coordinatorlayout:1.1.0) with AggregatedPackagesTransform
Transforming room-common-2.6.1.jar (androidx.room:room-common:2.6.1) with IdentityTransform
Transforming play-services-base-18.2.0.aar (com.google.android.gms:play-services-base:18.2.0) with AggregatedPackagesTransform
Transforming room-common-2.6.1.jar (androidx.room:room-common:2.6.1) with CopyTransform
Transforming transition-1.2.0.aar (androidx.transition:transition:1.2.0) with AggregatedPackagesTransform
Transforming room-ktx-2.6.1.aar (androidx.room:room-ktx:2.6.1) with JetifyTransform
Caching disabled for AggregatedPackagesTransform: C:\Users\user\.gradle\caches\transforms-3\db705a99d41128e8bef99eff9205c31b\transformed\drawerlayout-1.1.1-runtime.jar because:
  Build cache is disabled
Skipping AggregatedPackagesTransform: C:\Users\user\.gradle\caches\transforms-3\db705a99d41128e8bef99eff9205c31b\transformed\drawerlayout-1.1.1-runtime.jar as it is up-to-date.
Skipping CopyTransform: C:\Users\user\.gradle\caches\transforms-3\dcb81d1691bc4fef5ceeb514334f5e71\transformed\jetified-play-services-appset-16.0.1-runtime.jar as it is up-to-date.
Transforming play-services-appset-16.0.1.aar (com.google.android.gms:play-services-appset:16.0.1) with AggregatedPackagesTransform
Transforming dynamicanimation-1.0.0.aar (androidx.dynamicanimation:dynamicanimation:1.0.0) with AggregatedPackagesTransform
Transforming room-ktx-2.6.1.aar (androidx.room:room-ktx:2.6.1) with AarToClassTransform
Transforming room-ktx-2.6.1.aar (androidx.room:room-ktx:2.6.1) with IdentityTransform
Transforming play-services-ads-lite-22.6.0.aar (com.google.android.gms:play-services-ads-lite:22.6.0) with JetifyTransform
Transforming play-services-ads-lite-22.6.0.aar (com.google.android.gms:play-services-ads-lite:22.6.0) with AarToClassTransform
Caching disabled for CopyTransform: C:\Users\user\.gradle\caches\transforms-3\6cd6977ec2649e3c448f372154be7d9d\transformed\vectordrawable-animated-1.1.0-runtime.jar because:
  Build cache is disabled
Skipping CopyTransform: C:\Users\user\.gradle\caches\transforms-3\6cd6977ec2649e3c448f372154be7d9d\transformed\vectordrawable-animated-1.1.0-runtime.jar as it is up-to-date.
Caching disabled for AggregatedPackagesTransform: C:\Users\user\.gradle\caches\transforms-3\6951a28fbeab4f5e0677dbbf51dd5290\transformed\jetified-play-services-ads-22.6.0-runtime.jar because:
  Build cache is disabled
Transforming play-services-ads-lite-22.6.0.aar (com.google.android.gms:play-services-ads-lite:22.6.0) with IdentityTransform
Caching disabled for AggregatedPackagesTransform: C:\Users\user\.gradle\caches\transforms-3\8df9e8f010466ebea66ef21dbc29d5f3\transformed\transition-1.2.0-runtime.jar because:
  Build cache is disabled
Skipping AggregatedPackagesTransform: C:\Users\user\.gradle\caches\transforms-3\6951a28fbeab4f5e0677dbbf51dd5290\transformed\jetified-play-services-ads-22.6.0-runtime.jar as it is up-to-date.
Transforming vectordrawable-animated-1.1.0.aar (androidx.vectordrawable:vectordrawable-animated:1.1.0) with AggregatedPackagesTransform
Caching disabled for CopyTransform: C:\Users\user\.gradle\caches\transforms-3\14c9ffbe21cc5c1174ded1bc3879f69b\transformed\vectordrawable-1.1.0-runtime.jar because:
  Build cache is disabled
Skipping CopyTransform: C:\Users\user\.gradle\caches\transforms-3\14c9ffbe21cc5c1174ded1bc3879f69b\transformed\vectordrawable-1.1.0-runtime.jar as it is up-to-date.
Caching disabled for AggregatedPackagesTransform: C:\Users\user\.gradle\caches\transforms-3\789d8284618b1bb8831d011c4d3bd56b\transformed\dynamicanimation-1.0.0-runtime.jar because:
  Build cache is disabled
Skipping AggregatedPackagesTransform: C:\Users\user\.gradle\caches\transforms-3\8df9e8f010466ebea66ef21dbc29d5f3\transformed\transition-1.2.0-runtime.jar as it is up-to-date.
Skipping AggregatedPackagesTransform: C:\Users\user\.gradle\caches\transforms-3\789d8284618b1bb8831d011c4d3bd56b\transformed\dynamicanimation-1.0.0-runtime.jar as it is up-to-date.
Transforming work-runtime-2.7.0.aar (androidx.work:work-runtime:2.7.0) with JetifyTransform
Caching disabled for IdentityTransform: C:\Users\user\.gradle\caches\transforms-3\4ab7b48448fe3f17cff6422b0fed7f20\transformed\jetified-hilt-navigation-compose-1.1.0-runtime.jar because:
  Build cache is disabled
Caching disabled for AggregatedPackagesTransform: C:\Users\user\.gradle\caches\transforms-3\61829a2383097814a0e98604046c15c2\transformed\jetified-play-services-base-18.2.0-runtime.jar because:
  Build cache is disabled
Skipping IdentityTransform: C:\Users\user\.gradle\caches\transforms-3\4ab7b48448fe3f17cff6422b0fed7f20\transformed\jetified-hilt-navigation-compose-1.1.0-runtime.jar as it is up-to-date.
Caching disabled for AggregatedPackagesTransform: C:\Users\user\.gradle\caches\transforms-3\dcb81d1691bc4fef5ceeb514334f5e71\transformed\jetified-play-services-appset-16.0.1-runtime.jar because:
  Build cache is disabled
Caching disabled for AggregatedPackagesTransform: C:\Users\user\.gradle\caches\transforms-3\cfe29aaebe7c354251a8f43f3d5685cc\transformed\coordinatorlayout-1.1.0-runtime.jar because:
  Build cache is disabled
Skipping AggregatedPackagesTransform: C:\Users\user\.gradle\caches\transforms-3\dcb81d1691bc4fef5ceeb514334f5e71\transformed\jetified-play-services-appset-16.0.1-runtime.jar as it is up-to-date.
Transforming work-runtime-2.7.0.aar (androidx.work:work-runtime:2.7.0) with AarToClassTransform
Transforming vectordrawable-1.1.0.aar (androidx.vectordrawable:vectordrawable:1.1.0) with AggregatedPackagesTransform
Transforming work-runtime-2.7.0.aar (androidx.work:work-runtime:2.7.0) with IdentityTransform
Transforming vectordrawable-1.1.0.aar (androidx.vectordrawable:vectordrawable:1.1.0) with AggregatedPackagesTransform
Transforming room-runtime-2.6.1.aar (androidx.room:room-runtime:2.6.1) with JetifyTransform
Transforming room-runtime-2.6.1.aar (androidx.room:room-runtime:2.6.1) with AarToClassTransform
Transforming room-runtime-2.6.1.aar (androidx.room:room-runtime:2.6.1) with IdentityTransform
Transforming hilt-navigation-compose-1.1.0.aar (androidx.hilt:hilt-navigation-compose:1.1.0) with CopyTransform
Skipping AggregatedPackagesTransform: C:\Users\user\.gradle\caches\transforms-3\cfe29aaebe7c354251a8f43f3d5685cc\transformed\coordinatorlayout-1.1.0-runtime.jar as it is up-to-date.
Skipping AggregatedPackagesTransform: C:\Users\user\.gradle\caches\transforms-3\61829a2383097814a0e98604046c15c2\transformed\jetified-play-services-base-18.2.0-runtime.jar as it is up-to-date.
Transforming room-paging-2.6.1.aar (androidx.room:room-paging:2.6.1) with JetifyTransform
Transforming room-paging-2.6.1.aar (androidx.room:room-paging:2.6.1) with AarToClassTransform
Transforming room-paging-2.6.1.aar (androidx.room:room-paging:2.6.1) with IdentityTransform
Caching disabled for AggregatedPackagesTransform: C:\Users\user\.gradle\caches\transforms-3\6cd6977ec2649e3c448f372154be7d9d\transformed\vectordrawable-animated-1.1.0-runtime.jar because:
  Build cache is disabled
Caching disabled for IdentityTransform: C:\Users\user\.gradle\caches\transforms-3\e47be289faaa88bd6bd394f09fa538b6\transformed\jetified-hilt-navigation-1.1.0-runtime.jar because:
  Build cache is disabled
Skipping AggregatedPackagesTransform: C:\Users\user\.gradle\caches\transforms-3\6cd6977ec2649e3c448f372154be7d9d\transformed\vectordrawable-animated-1.1.0-runtime.jar as it is up-to-date.
Caching disabled for IdentityTransform: C:\Users\user\.gradle\caches\transforms-3\ea3ed56fcdfedd8add26984f4a3ac52f\transformed\navigation-common-2.7.6-runtime.jar because:
  Build cache is disabled
Skipping IdentityTransform: C:\Users\user\.gradle\caches\transforms-3\ea3ed56fcdfedd8add26984f4a3ac52f\transformed\navigation-common-2.7.6-runtime.jar as it is up-to-date.
Caching disabled for IdentityTransform: C:\Users\user\.gradle\caches\transforms-3\506f83d195dea0ace48d67d989d702cd\transformed\navigation-runtime-2.7.6-runtime.jar because:
  Build cache is disabled
Skipping IdentityTransform: C:\Users\user\.gradle\caches\transforms-3\506f83d195dea0ace48d67d989d702cd\transformed\navigation-runtime-2.7.6-runtime.jar as it is up-to-date.
Transforming navigation-common-2.7.6.aar (androidx.navigation:navigation-common:2.7.6) with CopyTransform
Transforming paging-runtime-3.2.1.aar (androidx.paging:paging-runtime:3.2.1) with JetifyTransform
Caching disabled for AggregatedPackagesTransform: C:\Users\user\.gradle\caches\transforms-3\14c9ffbe21cc5c1174ded1bc3879f69b\transformed\vectordrawable-1.1.0-runtime.jar because:
  Build cache is disabled
Transforming navigation-runtime-2.7.6.aar (androidx.navigation:navigation-runtime:2.7.6) with CopyTransform
Skipping IdentityTransform: C:\Users\user\.gradle\caches\transforms-3\e47be289faaa88bd6bd394f09fa538b6\transformed\jetified-hilt-navigation-1.1.0-runtime.jar as it is up-to-date.
Caching disabled for IdentityTransform: C:\Users\user\.gradle\caches\transforms-3\319162e1bd43a99ac7ef99df4be4bec5\transformed\navigation-common-ktx-2.7.6-runtime.jar because:
  Build cache is disabled
Caching disabled for CopyTransform: C:\Users\user\.gradle\caches\transforms-3\4ab7b48448fe3f17cff6422b0fed7f20\transformed\jetified-hilt-navigation-compose-1.1.0-runtime.jar because:
  Build cache is disabled
Transforming paging-runtime-3.2.1.aar (androidx.paging:paging-runtime:3.2.1) with AarToClassTransform
Skipping CopyTransform: C:\Users\user\.gradle\caches\transforms-3\4ab7b48448fe3f17cff6422b0fed7f20\transformed\jetified-hilt-navigation-compose-1.1.0-runtime.jar as it is up-to-date.
Skipping IdentityTransform: C:\Users\user\.gradle\caches\transforms-3\319162e1bd43a99ac7ef99df4be4bec5\transformed\navigation-common-ktx-2.7.6-runtime.jar as it is up-to-date.
Skipping AggregatedPackagesTransform: C:\Users\user\.gradle\caches\transforms-3\14c9ffbe21cc5c1174ded1bc3879f69b\transformed\vectordrawable-1.1.0-runtime.jar as it is up-to-date.
Caching disabled for IdentityTransform: C:\Users\user\.gradle\caches\transforms-3\14fc8e48fca264e863b722d6269143b0\transformed\navigation-runtime-ktx-2.7.6-runtime.jar because:
  Build cache is disabled
Transforming paging-runtime-3.2.1.aar (androidx.paging:paging-runtime:3.2.1) with IdentityTransform
Skipping IdentityTransform: C:\Users\user\.gradle\caches\transforms-3\14fc8e48fca264e863b722d6269143b0\transformed\navigation-runtime-ktx-2.7.6-runtime.jar as it is up-to-date.
Transforming paging-common-ktx-3.2.1.jar (androidx.paging:paging-common-ktx:3.2.1) with JetifyTransform
Transforming paging-common-ktx-3.2.1.jar (androidx.paging:paging-common-ktx:3.2.1) with IdentityTransform
Transforming paging-common-ktx-3.2.1.jar (androidx.paging:paging-common-ktx:3.2.1) with IdentityTransform
Transforming paging-common-ktx-3.2.1.jar (androidx.paging:paging-common-ktx:3.2.1) with CopyTransform
Transforming paging-common-3.2.1.jar (androidx.paging:paging-common:3.2.1) with JetifyTransform
Transforming paging-common-3.2.1.jar (androidx.paging:paging-common:3.2.1) with IdentityTransform
Transforming paging-common-3.2.1.jar (androidx.paging:paging-common:3.2.1) with IdentityTransform
Transforming hilt-navigation-compose-1.1.0.aar (androidx.hilt:hilt-navigation-compose:1.1.0) with AggregatedPackagesTransform
Transforming hilt-navigation-1.1.0.aar (androidx.hilt:hilt-navigation:1.1.0) with CopyTransform
Transforming paging-common-3.2.1.jar (androidx.paging:paging-common:3.2.1) with CopyTransform
Transforming paging-runtime-ktx-3.2.1.aar (androidx.paging:paging-runtime-ktx:3.2.1) with JetifyTransform
Transforming paging-runtime-ktx-3.2.1.aar (androidx.paging:paging-runtime-ktx:3.2.1) with AarToClassTransform
Transforming paging-runtime-ktx-3.2.1.aar (androidx.paging:paging-runtime-ktx:3.2.1) with IdentityTransform
Transforming paging-compose-3.2.1.aar (androidx.paging:paging-compose:3.2.1) with JetifyTransform
Transforming paging-compose-3.2.1.aar (androidx.paging:paging-compose:3.2.1) with AarToClassTransform
Caching disabled for CopyTransform: C:\Users\user\.gradle\caches\modules-2\files-2.1\androidx.room\room-common\2.6.1\ff1b9580850a9b7eef56554e356628d225785265\room-common-2.6.1.jar because:
  Build cache is disabled
Caching disabled for IdentityTransform: C:\Users\user\.gradle\caches\transforms-3\d9242f3f5a7076262058ce891694bebd\transformed\jetified-accompanist-permissions-0.32.0-runtime.jar because:
  Build cache is disabled
Transforming navigation-common-ktx-2.7.6.aar (androidx.navigation:navigation-common-ktx:2.7.6) with CopyTransform
Skipping IdentityTransform: C:\Users\user\.gradle\caches\transforms-3\d9242f3f5a7076262058ce891694bebd\transformed\jetified-accompanist-permissions-0.32.0-runtime.jar as it is up-to-date.
Caching disabled for IdentityTransform: C:\Users\user\.gradle\caches\transforms-3\1e99c578ce7d81cb2fa60dcb3180aa92\transformed\jetified-navigation-compose-2.7.6-runtime.jar because:
  Build cache is disabled
Transforming accompanist-permissions-0.32.0.aar (com.google.accompanist:accompanist-permissions:0.32.0) with CopyTransform
Skipping IdentityTransform: C:\Users\user\.gradle\caches\transforms-3\1e99c578ce7d81cb2fa60dcb3180aa92\transformed\jetified-navigation-compose-2.7.6-runtime.jar as it is up-to-date.
Transforming paging-compose-3.2.1.aar (androidx.paging:paging-compose:3.2.1) with IdentityTransform
Transforming navigation-runtime-ktx-2.7.6.aar (androidx.navigation:navigation-runtime-ktx:2.7.6) with CopyTransform
Skipping CopyTransform: C:\Users\user\.gradle\caches\modules-2\files-2.1\androidx.room\room-common\2.6.1\ff1b9580850a9b7eef56554e356628d225785265\room-common-2.6.1.jar as it is up-to-date.
Transforming material3-release.aar (androidx.compose.material3:material3-android:1.2.0) with JetifyTransform
Transforming navigation-compose-2.7.6.aar (androidx.navigation:navigation-compose:2.7.6) with CopyTransform
Transforming material3-release.aar (androidx.compose.material3:material3-android:1.2.0) with AarToClassTransform
Transforming material3-release.aar (androidx.compose.material3:material3-android:1.2.0) with IdentityTransform
Transforming room-common-2.6.1.jar (androidx.room:room-common:2.6.1) with AggregatedPackagesTransform
Transforming material-ripple-release.aar (androidx.compose.material:material-ripple-android:1.6.1) with JetifyTransform
Caching disabled for CopyTransform: C:\Users\user\.gradle\caches\transforms-3\506f83d195dea0ace48d67d989d702cd\transformed\navigation-runtime-2.7.6-runtime.jar because:
  Build cache is disabled
Skipping CopyTransform: C:\Users\user\.gradle\caches\transforms-3\506f83d195dea0ace48d67d989d702cd\transformed\navigation-runtime-2.7.6-runtime.jar as it is up-to-date.
Caching disabled for CopyTransform: C:\Users\user\.gradle\caches\transforms-3\ea3ed56fcdfedd8add26984f4a3ac52f\transformed\navigation-common-2.7.6-runtime.jar because:
  Build cache is disabled
Transforming navigation-runtime-2.7.6.aar (androidx.navigation:navigation-runtime:2.7.6) with AggregatedPackagesTransform
Skipping CopyTransform: C:\Users\user\.gradle\caches\transforms-3\ea3ed56fcdfedd8add26984f4a3ac52f\transformed\navigation-common-2.7.6-runtime.jar as it is up-to-date.
Caching disabled for IdentityTransform: C:\Users\user\.gradle\caches\transforms-3\783a4ff5927de73c18a09805f499d2bb\transformed\jetified-room-ktx-2.6.1-runtime.jar because:
  Build cache is disabled
Skipping IdentityTransform: C:\Users\user\.gradle\caches\transforms-3\783a4ff5927de73c18a09805f499d2bb\transformed\jetified-room-ktx-2.6.1-runtime.jar as it is up-to-date.
Transforming navigation-common-2.7.6.aar (androidx.navigation:navigation-common:2.7.6) with AggregatedPackagesTransform
Caching disabled for IdentityTransform: C:\Users\user\.gradle\caches\transforms-3\cb3d16ca469e15af65a7633d31231be1\transformed\jetified-play-services-ads-lite-22.6.0-runtime.jar because:
  Build cache is disabled
Skipping IdentityTransform: C:\Users\user\.gradle\caches\transforms-3\cb3d16ca469e15af65a7633d31231be1\transformed\jetified-play-services-ads-lite-22.6.0-runtime.jar as it is up-to-date.
Transforming play-services-ads-lite-22.6.0.aar (com.google.android.gms:play-services-ads-lite:22.6.0) with CopyTransform
Caching disabled for CopyTransform: C:\Users\user\.gradle\caches\transforms-3\14fc8e48fca264e863b722d6269143b0\transformed\navigation-runtime-ktx-2.7.6-runtime.jar because:
  Build cache is disabled
Caching disabled for CopyTransform: C:\Users\user\.gradle\caches\transforms-3\e47be289faaa88bd6bd394f09fa538b6\transformed\jetified-hilt-navigation-1.1.0-runtime.jar because:
  Build cache is disabled
Transforming material-ripple-release.aar (androidx.compose.material:material-ripple-android:1.6.1) with AarToClassTransform
Skipping CopyTransform: C:\Users\user\.gradle\caches\transforms-3\e47be289faaa88bd6bd394f09fa538b6\transformed\jetified-hilt-navigation-1.1.0-runtime.jar as it is up-to-date.
Skipping CopyTransform: C:\Users\user\.gradle\caches\transforms-3\14fc8e48fca264e863b722d6269143b0\transformed\navigation-runtime-ktx-2.7.6-runtime.jar as it is up-to-date.
Caching disabled for CopyTransform: C:\Users\user\.gradle\caches\transforms-3\1e99c578ce7d81cb2fa60dcb3180aa92\transformed\jetified-navigation-compose-2.7.6-runtime.jar because:
  Build cache is disabled
Caching disabled for CopyTransform: C:\Users\user\.gradle\caches\transforms-3\319162e1bd43a99ac7ef99df4be4bec5\transformed\navigation-common-ktx-2.7.6-runtime.jar because:
  Build cache is disabled
Skipping CopyTransform: C:\Users\user\.gradle\caches\transforms-3\1e99c578ce7d81cb2fa60dcb3180aa92\transformed\jetified-navigation-compose-2.7.6-runtime.jar as it is up-to-date.
Caching disabled for AggregatedPackagesTransform: C:\Users\user\.gradle\caches\transforms-3\4ab7b48448fe3f17cff6422b0fed7f20\transformed\jetified-hilt-navigation-compose-1.1.0-runtime.jar because:
  Build cache is disabled
Transforming hilt-navigation-1.1.0.aar (androidx.hilt:hilt-navigation:1.1.0) with AggregatedPackagesTransform
Transforming navigation-runtime-ktx-2.7.6.aar (androidx.navigation:navigation-runtime-ktx:2.7.6) with AggregatedPackagesTransform
Skipping AggregatedPackagesTransform: C:\Users\user\.gradle\caches\transforms-3\4ab7b48448fe3f17cff6422b0fed7f20\transformed\jetified-hilt-navigation-compose-1.1.0-runtime.jar as it is up-to-date.
Caching disabled for CopyTransform: C:\Users\user\.gradle\caches\transforms-3\d9242f3f5a7076262058ce891694bebd\transformed\jetified-accompanist-permissions-0.32.0-runtime.jar because:
  Build cache is disabled
Transforming navigation-compose-2.7.6.aar (androidx.navigation:navigation-compose:2.7.6) with AggregatedPackagesTransform
Caching disabled for AggregatedPackagesTransform: C:\Users\user\.gradle\caches\modules-2\files-2.1\androidx.room\room-common\2.6.1\ff1b9580850a9b7eef56554e356628d225785265\room-common-2.6.1.jar because:
  Build cache is disabled
Skipping CopyTransform: C:\Users\user\.gradle\caches\transforms-3\319162e1bd43a99ac7ef99df4be4bec5\transformed\navigation-common-ktx-2.7.6-runtime.jar as it is up-to-date.
Skipping AggregatedPackagesTransform: C:\Users\user\.gradle\caches\modules-2\files-2.1\androidx.room\room-common\2.6.1\ff1b9580850a9b7eef56554e356628d225785265\room-common-2.6.1.jar as it is up-to-date.
Transforming room-ktx-2.6.1.aar (androidx.room:room-ktx:2.6.1) with CopyTransform
Transforming material-ripple-release.aar (androidx.compose.material:material-ripple-android:1.6.1) with IdentityTransform
Transforming material-icons-core-release.aar (androidx.compose.material:material-icons-core-android:1.6.1) with JetifyTransform
Transforming navigation-common-ktx-2.7.6.aar (androidx.navigation:navigation-common-ktx:2.7.6) with AggregatedPackagesTransform
Caching disabled for AggregatedPackagesTransform: C:\Users\user\.gradle\caches\transforms-3\506f83d195dea0ace48d67d989d702cd\transformed\navigation-runtime-2.7.6-runtime.jar because:
  Build cache is disabled
Skipping AggregatedPackagesTransform: C:\Users\user\.gradle\caches\transforms-3\506f83d195dea0ace48d67d989d702cd\transformed\navigation-runtime-2.7.6-runtime.jar as it is up-to-date.
Caching disabled for AggregatedPackagesTransform: C:\Users\user\.gradle\caches\transforms-3\ea3ed56fcdfedd8add26984f4a3ac52f\transformed\navigation-common-2.7.6-runtime.jar because:
  Build cache is disabled
Skipping CopyTransform: C:\Users\user\.gradle\caches\transforms-3\d9242f3f5a7076262058ce891694bebd\transformed\jetified-accompanist-permissions-0.32.0-runtime.jar as it is up-to-date.
Transforming material-icons-core-release.aar (androidx.compose.material:material-icons-core-android:1.6.1) with AarToClassTransform
Skipping AggregatedPackagesTransform: C:\Users\user\.gradle\caches\transforms-3\ea3ed56fcdfedd8add26984f4a3ac52f\transformed\navigation-common-2.7.6-runtime.jar as it is up-to-date.
Transforming material-icons-core-release.aar (androidx.compose.material:material-icons-core-android:1.6.1) with IdentityTransform
Transforming material-release.aar (androidx.compose.material:material-android:1.6.1) with JetifyTransform
Transforming material-release.aar (androidx.compose.material:material-android:1.6.1) with AarToClassTransform
Caching disabled for AggregatedPackagesTransform: C:\Users\user\.gradle\caches\transforms-3\14fc8e48fca264e863b722d6269143b0\transformed\navigation-runtime-ktx-2.7.6-runtime.jar because:
  Build cache is disabled
Transforming accompanist-permissions-0.32.0.aar (com.google.accompanist:accompanist-permissions:0.32.0) with AggregatedPackagesTransform
Skipping AggregatedPackagesTransform: C:\Users\user\.gradle\caches\transforms-3\14fc8e48fca264e863b722d6269143b0\transformed\navigation-runtime-ktx-2.7.6-runtime.jar as it is up-to-date.
Transforming material-release.aar (androidx.compose.material:material-android:1.6.1) with IdentityTransform
Caching disabled for CopyTransform: C:\Users\user\.gradle\caches\transforms-3\cb3d16ca469e15af65a7633d31231be1\transformed\jetified-play-services-ads-lite-22.6.0-runtime.jar because:
  Build cache is disabled
Transforming animation-core-release.aar (androidx.compose.animation:animation-core-android:1.6.1) with JetifyTransform
Skipping CopyTransform: C:\Users\user\.gradle\caches\transforms-3\cb3d16ca469e15af65a7633d31231be1\transformed\jetified-play-services-ads-lite-22.6.0-runtime.jar as it is up-to-date.
Transforming animation-core-release.aar (androidx.compose.animation:animation-core-android:1.6.1) with AarToClassTransform
Transforming animation-core-release.aar (androidx.compose.animation:animation-core-android:1.6.1) with IdentityTransform
Caching disabled for AggregatedPackagesTransform: C:\Users\user\.gradle\caches\transforms-3\1e99c578ce7d81cb2fa60dcb3180aa92\transformed\jetified-navigation-compose-2.7.6-runtime.jar because:
  Build cache is disabled
Transforming play-services-ads-lite-22.6.0.aar (com.google.android.gms:play-services-ads-lite:22.6.0) with AggregatedPackagesTransform
Caching disabled for AggregatedPackagesTransform: C:\Users\user\.gradle\caches\transforms-3\e47be289faaa88bd6bd394f09fa538b6\transformed\jetified-hilt-navigation-1.1.0-runtime.jar because:
  Build cache is disabled
Transforming animation-release.aar (androidx.compose.animation:animation-android:1.6.1) with JetifyTransform
Skipping AggregatedPackagesTransform: C:\Users\user\.gradle\caches\transforms-3\e47be289faaa88bd6bd394f09fa538b6\transformed\jetified-hilt-navigation-1.1.0-runtime.jar as it is up-to-date.
Skipping AggregatedPackagesTransform: C:\Users\user\.gradle\caches\transforms-3\1e99c578ce7d81cb2fa60dcb3180aa92\transformed\jetified-navigation-compose-2.7.6-runtime.jar as it is up-to-date.
Transforming animation-release.aar (androidx.compose.animation:animation-android:1.6.1) with AarToClassTransform
Transforming animation-release.aar (androidx.compose.animation:animation-android:1.6.1) with IdentityTransform
Transforming foundation-layout-release.aar (androidx.compose.foundation:foundation-layout-android:1.6.1) with JetifyTransform
Caching disabled for IdentityTransform: C:\Users\user\.gradle\caches\transforms-3\447bf3098bca32ef51cb3770fd7107a5\transformed\room-runtime-2.6.1-runtime.jar because:
  Build cache is disabled
Caching disabled for AggregatedPackagesTransform: C:\Users\user\.gradle\caches\transforms-3\319162e1bd43a99ac7ef99df4be4bec5\transformed\navigation-common-ktx-2.7.6-runtime.jar because:
  Build cache is disabled
Skipping IdentityTransform: C:\Users\user\.gradle\caches\transforms-3\447bf3098bca32ef51cb3770fd7107a5\transformed\room-runtime-2.6.1-runtime.jar as it is up-to-date.
Caching disabled for IdentityTransform: C:\Users\user\.gradle\caches\transforms-3\829f17e3e4e2bc770fcfaf415e5c18fa\transformed\work-runtime-2.7.0-runtime.jar because:
  Build cache is disabled
Transforming foundation-layout-release.aar (androidx.compose.foundation:foundation-layout-android:1.6.1) with AarToClassTransform
Skipping IdentityTransform: C:\Users\user\.gradle\caches\transforms-3\829f17e3e4e2bc770fcfaf415e5c18fa\transformed\work-runtime-2.7.0-runtime.jar as it is up-to-date.
Caching disabled for IdentityTransform: C:\Users\user\.gradle\caches\transforms-3\969b5a2c724996589040f31b8c55c477\transformed\paging-runtime-3.2.1-runtime.jar because:
  Build cache is disabled
Skipping AggregatedPackagesTransform: C:\Users\user\.gradle\caches\transforms-3\319162e1bd43a99ac7ef99df4be4bec5\transformed\navigation-common-ktx-2.7.6-runtime.jar as it is up-to-date.
Skipping IdentityTransform: C:\Users\user\.gradle\caches\transforms-3\969b5a2c724996589040f31b8c55c477\transformed\paging-runtime-3.2.1-runtime.jar as it is up-to-date.
Transforming paging-runtime-3.2.1.aar (androidx.paging:paging-runtime:3.2.1) with CopyTransform
Transforming room-runtime-2.6.1.aar (androidx.room:room-runtime:2.6.1) with CopyTransform
Transforming foundation-layout-release.aar (androidx.compose.foundation:foundation-layout-android:1.6.1) with IdentityTransform
Caching disabled for CopyTransform: C:\Users\user\.gradle\caches\transforms-3\783a4ff5927de73c18a09805f499d2bb\transformed\jetified-room-ktx-2.6.1-runtime.jar because:
  Build cache is disabled
Transforming foundation-release.aar (androidx.compose.foundation:foundation-android:1.6.1) with JetifyTransform
Skipping CopyTransform: C:\Users\user\.gradle\caches\transforms-3\783a4ff5927de73c18a09805f499d2bb\transformed\jetified-room-ktx-2.6.1-runtime.jar as it is up-to-date.
Transforming foundation-release.aar (androidx.compose.foundation:foundation-android:1.6.1) with AarToClassTransform
Transforming foundation-release.aar (androidx.compose.foundation:foundation-android:1.6.1) with IdentityTransform
Transforming work-runtime-2.7.0.aar (androidx.work:work-runtime:2.7.0) with CopyTransform
Transforming ui-unit-release.aar (androidx.compose.ui:ui-unit-android:1.6.1) with JetifyTransform
Caching disabled for CopyTransform: C:\Users\user\.gradle\caches\transforms-3\7308236ebe5bc620bd7fbb5deb7c61c6\transformed\jetified-paging-common-ktx-3.2.1.jar because:
  Build cache is disabled
Transforming room-ktx-2.6.1.aar (androidx.room:room-ktx:2.6.1) with AggregatedPackagesTransform
Transforming ui-unit-release.aar (androidx.compose.ui:ui-unit-android:1.6.1) with AarToClassTransform
Caching disabled for IdentityTransform: C:\Users\user\.gradle\caches\transforms-3\ea4e30f04938f64fcb31a116678cceca\transformed\jetified-room-paging-2.6.1-runtime.jar because:
  Build cache is disabled
Skipping CopyTransform: C:\Users\user\.gradle\caches\transforms-3\7308236ebe5bc620bd7fbb5deb7c61c6\transformed\jetified-paging-common-ktx-3.2.1.jar as it is up-to-date.
Skipping IdentityTransform: C:\Users\user\.gradle\caches\transforms-3\ea4e30f04938f64fcb31a116678cceca\transformed\jetified-room-paging-2.6.1-runtime.jar as it is up-to-date.
Caching disabled for AggregatedPackagesTransform: C:\Users\user\.gradle\caches\transforms-3\cb3d16ca469e15af65a7633d31231be1\transformed\jetified-play-services-ads-lite-22.6.0-runtime.jar because:
  Build cache is disabled
Caching disabled for IdentityTransform: C:\Users\user\.gradle\caches\transforms-3\4240394e6c60a9e9f2c168f9169611e5\transformed\jetified-paging-runtime-ktx-3.2.1-runtime.jar because:
  Build cache is disabled
Transforming room-paging-2.6.1.aar (androidx.room:room-paging:2.6.1) with CopyTransform
Caching disabled for CopyTransform: C:\Users\user\.gradle\caches\modules-2\files-2.1\androidx.paging\paging-common\3.2.1\48d6af8b2cfb4da25557588b471557fa0751efbb\paging-common-3.2.1.jar because:
  Build cache is disabled
Skipping CopyTransform: C:\Users\user\.gradle\caches\modules-2\files-2.1\androidx.paging\paging-common\3.2.1\48d6af8b2cfb4da25557588b471557fa0751efbb\paging-common-3.2.1.jar as it is up-to-date.
Transforming ui-unit-release.aar (androidx.compose.ui:ui-unit-android:1.6.1) with IdentityTransform
Caching disabled for CopyTransform: C:\Users\user\.gradle\caches\transforms-3\447bf3098bca32ef51cb3770fd7107a5\transformed\room-runtime-2.6.1-runtime.jar because:
  Build cache is disabled
Skipping IdentityTransform: C:\Users\user\.gradle\caches\transforms-3\4240394e6c60a9e9f2c168f9169611e5\transformed\jetified-paging-runtime-ktx-3.2.1-runtime.jar as it is up-to-date.
Skipping CopyTransform: C:\Users\user\.gradle\caches\transforms-3\447bf3098bca32ef51cb3770fd7107a5\transformed\room-runtime-2.6.1-runtime.jar as it is up-to-date.
Transforming paging-common-ktx-3.2.1.jar (androidx.paging:paging-common-ktx:3.2.1) with AggregatedPackagesTransform
Transforming paging-common-3.2.1.jar (androidx.paging:paging-common:3.2.1) with AggregatedPackagesTransform
Skipping AggregatedPackagesTransform: C:\Users\user\.gradle\caches\transforms-3\cb3d16ca469e15af65a7633d31231be1\transformed\jetified-play-services-ads-lite-22.6.0-runtime.jar as it is up-to-date.
Caching disabled for AggregatedPackagesTransform: C:\Users\user\.gradle\caches\transforms-3\d9242f3f5a7076262058ce891694bebd\transformed\jetified-accompanist-permissions-0.32.0-runtime.jar because:
  Build cache is disabled
Caching disabled for CopyTransform: C:\Users\user\.gradle\caches\transforms-3\829f17e3e4e2bc770fcfaf415e5c18fa\transformed\work-runtime-2.7.0-runtime.jar because:
  Build cache is disabled
Skipping AggregatedPackagesTransform: C:\Users\user\.gradle\caches\transforms-3\d9242f3f5a7076262058ce891694bebd\transformed\jetified-accompanist-permissions-0.32.0-runtime.jar as it is up-to-date.
Caching disabled for IdentityTransform: C:\Users\user\.gradle\caches\transforms-3\13cf048987151e7bfe08fede0c4425c5\transformed\jetified-paging-compose-3.2.1-runtime.jar because:
  Build cache is disabled
Transforming ui-geometry-release.aar (androidx.compose.ui:ui-geometry-android:1.6.1) with JetifyTransform
Skipping IdentityTransform: C:\Users\user\.gradle\caches\transforms-3\13cf048987151e7bfe08fede0c4425c5\transformed\jetified-paging-compose-3.2.1-runtime.jar as it is up-to-date.
Transforming ui-geometry-release.aar (androidx.compose.ui:ui-geometry-android:1.6.1) with AarToClassTransform
Caching disabled for CopyTransform: C:\Users\user\.gradle\caches\transforms-3\969b5a2c724996589040f31b8c55c477\transformed\paging-runtime-3.2.1-runtime.jar because:
  Build cache is disabled
Transforming ui-geometry-release.aar (androidx.compose.ui:ui-geometry-android:1.6.1) with IdentityTransform
Skipping CopyTransform: C:\Users\user\.gradle\caches\transforms-3\829f17e3e4e2bc770fcfaf415e5c18fa\transformed\work-runtime-2.7.0-runtime.jar as it is up-to-date.
Transforming room-runtime-2.6.1.aar (androidx.room:room-runtime:2.6.1) with AggregatedPackagesTransform
Transforming paging-runtime-ktx-3.2.1.aar (androidx.paging:paging-runtime-ktx:3.2.1) with CopyTransform
Caching disabled for AggregatedPackagesTransform: C:\Users\user\.gradle\caches\transforms-3\783a4ff5927de73c18a09805f499d2bb\transformed\jetified-room-ktx-2.6.1-runtime.jar because:
  Build cache is disabled
Transforming paging-compose-3.2.1.aar (androidx.paging:paging-compose:3.2.1) with CopyTransform
Transforming ui-util-release.aar (androidx.compose.ui:ui-util-android:1.6.1) with JetifyTransform
Skipping CopyTransform: C:\Users\user\.gradle\caches\transforms-3\969b5a2c724996589040f31b8c55c477\transformed\paging-runtime-3.2.1-runtime.jar as it is up-to-date.
Transforming ui-util-release.aar (androidx.compose.ui:ui-util-android:1.6.1) with AarToClassTransform
Transforming work-runtime-2.7.0.aar (androidx.work:work-runtime:2.7.0) with AggregatedPackagesTransform
Skipping AggregatedPackagesTransform: C:\Users\user\.gradle\caches\transforms-3\783a4ff5927de73c18a09805f499d2bb\transformed\jetified-room-ktx-2.6.1-runtime.jar as it is up-to-date.
Caching disabled for CopyTransform: C:\Users\user\.gradle\caches\transforms-3\ea4e30f04938f64fcb31a116678cceca\transformed\jetified-room-paging-2.6.1-runtime.jar because:
  Build cache is disabled
Transforming paging-runtime-3.2.1.aar (androidx.paging:paging-runtime:3.2.1) with AggregatedPackagesTransform
Skipping CopyTransform: C:\Users\user\.gradle\caches\transforms-3\ea4e30f04938f64fcb31a116678cceca\transformed\jetified-room-paging-2.6.1-runtime.jar as it is up-to-date.
Transforming ui-util-release.aar (androidx.compose.ui:ui-util-android:1.6.1) with IdentityTransform
Transforming ui-text-release.aar (androidx.compose.ui:ui-text-android:1.6.1) with JetifyTransform
Transforming ui-text-release.aar (androidx.compose.ui:ui-text-android:1.6.1) with AarToClassTransform
Transforming ui-text-release.aar (androidx.compose.ui:ui-text-android:1.6.1) with IdentityTransform
Transforming room-paging-2.6.1.aar (androidx.room:room-paging:2.6.1) with AggregatedPackagesTransform
Transforming ui-tooling-preview-release.aar (androidx.compose.ui:ui-tooling-preview-android:1.6.1) with JetifyTransform
Transforming ui-tooling-preview-release.aar (androidx.compose.ui:ui-tooling-preview-android:1.6.1) with AarToClassTransform
Transforming ui-tooling-preview-release.aar (androidx.compose.ui:ui-tooling-preview-android:1.6.1) with IdentityTransform
Caching disabled for AggregatedPackagesTransform: C:\Users\user\.gradle\caches\modules-2\files-2.1\androidx.paging\paging-common\3.2.1\48d6af8b2cfb4da25557588b471557fa0751efbb\paging-common-3.2.1.jar because:
  Build cache is disabled
Transforming ui-graphics-release.aar (androidx.compose.ui:ui-graphics-android:1.6.1) with JetifyTransform
Skipping AggregatedPackagesTransform: C:\Users\user\.gradle\caches\modules-2\files-2.1\androidx.paging\paging-common\3.2.1\48d6af8b2cfb4da25557588b471557fa0751efbb\paging-common-3.2.1.jar as it is up-to-date.
Caching disabled for AggregatedPackagesTransform: C:\Users\user\.gradle\caches\transforms-3\7308236ebe5bc620bd7fbb5deb7c61c6\transformed\jetified-paging-common-ktx-3.2.1.jar because:
  Build cache is disabled
Skipping AggregatedPackagesTransform: C:\Users\user\.gradle\caches\transforms-3\7308236ebe5bc620bd7fbb5deb7c61c6\transformed\jetified-paging-common-ktx-3.2.1.jar as it is up-to-date.
Transforming ui-graphics-release.aar (androidx.compose.ui:ui-graphics-android:1.6.1) with AarToClassTransform
Transforming ui-graphics-release.aar (androidx.compose.ui:ui-graphics-android:1.6.1) with IdentityTransform
Transforming runtime-saveable-release.aar (androidx.compose.runtime:runtime-saveable-android:1.6.1) with JetifyTransform
Transforming runtime-saveable-release.aar (androidx.compose.runtime:runtime-saveable-android:1.6.1) with AarToClassTransform
Transforming runtime-saveable-release.aar (androidx.compose.runtime:runtime-saveable-android:1.6.1) with IdentityTransform
Caching disabled for IdentityTransform: C:\Users\user\.gradle\caches\transforms-3\29628ea925a98278fc1596beacddd758\transformed\jetified-material3-release-runtime.jar because:
  Build cache is disabled
Caching disabled for CopyTransform: C:\Users\user\.gradle\caches\transforms-3\4240394e6c60a9e9f2c168f9169611e5\transformed\jetified-paging-runtime-ktx-3.2.1-runtime.jar because:
  Build cache is disabled
Skipping IdentityTransform: C:\Users\user\.gradle\caches\transforms-3\29628ea925a98278fc1596beacddd758\transformed\jetified-material3-release-runtime.jar as it is up-to-date.
Caching disabled for AggregatedPackagesTransform: C:\Users\user\.gradle\caches\transforms-3\447bf3098bca32ef51cb3770fd7107a5\transformed\room-runtime-2.6.1-runtime.jar because:
  Build cache is disabled
Skipping CopyTransform: C:\Users\user\.gradle\caches\transforms-3\4240394e6c60a9e9f2c168f9169611e5\transformed\jetified-paging-runtime-ktx-3.2.1-runtime.jar as it is up-to-date.
Skipping AggregatedPackagesTransform: C:\Users\user\.gradle\caches\transforms-3\447bf3098bca32ef51cb3770fd7107a5\transformed\room-runtime-2.6.1-runtime.jar as it is up-to-date.
Transforming material3-release.aar (androidx.compose.material3:material3-android:1.2.0) with CopyTransform
Caching disabled for AggregatedPackagesTransform: C:\Users\user\.gradle\caches\transforms-3\829f17e3e4e2bc770fcfaf415e5c18fa\transformed\work-runtime-2.7.0-runtime.jar because:
  Build cache is disabled
Caching disabled for CopyTransform: C:\Users\user\.gradle\caches\transforms-3\13cf048987151e7bfe08fede0c4425c5\transformed\jetified-paging-compose-3.2.1-runtime.jar because:
  Build cache is disabled
Skipping AggregatedPackagesTransform: C:\Users\user\.gradle\caches\transforms-3\829f17e3e4e2bc770fcfaf415e5c18fa\transformed\work-runtime-2.7.0-runtime.jar as it is up-to-date.
Transforming runtime-release.aar (androidx.compose.runtime:runtime-android:1.6.1) with JetifyTransform
Skipping CopyTransform: C:\Users\user\.gradle\caches\transforms-3\13cf048987151e7bfe08fede0c4425c5\transformed\jetified-paging-compose-3.2.1-runtime.jar as it is up-to-date.
Transforming runtime-release.aar (androidx.compose.runtime:runtime-android:1.6.1) with AarToClassTransform
Transforming runtime-release.aar (androidx.compose.runtime:runtime-android:1.6.1) with IdentityTransform
Caching disabled for AggregatedPackagesTransform: C:\Users\user\.gradle\caches\transforms-3\969b5a2c724996589040f31b8c55c477\transformed\paging-runtime-3.2.1-runtime.jar because:
  Build cache is disabled
Transforming runtime-livedata-1.6.1.aar (androidx.compose.runtime:runtime-livedata:1.6.1) with JetifyTransform
Caching disabled for IdentityTransform: C:\Users\user\.gradle\caches\transforms-3\6c36413316ca47a996ee341b4eea7f7a\transformed\jetified-material-ripple-release-runtime.jar because:
  Build cache is disabled
Transforming runtime-livedata-1.6.1.aar (androidx.compose.runtime:runtime-livedata:1.6.1) with AarToClassTransform
Skipping IdentityTransform: C:\Users\user\.gradle\caches\transforms-3\6c36413316ca47a996ee341b4eea7f7a\transformed\jetified-material-ripple-release-runtime.jar as it is up-to-date.
Transforming runtime-livedata-1.6.1.aar (androidx.compose.runtime:runtime-livedata:1.6.1) with IdentityTransform
Transforming hilt-android-2.49.aar (com.google.dagger:hilt-android:2.49) with JetifyTransform
Transforming hilt-android-2.49.aar (com.google.dagger:hilt-android:2.49) with AarToClassTransform
Skipping AggregatedPackagesTransform: C:\Users\user\.gradle\caches\transforms-3\969b5a2c724996589040f31b8c55c477\transformed\paging-runtime-3.2.1-runtime.jar as it is up-to-date.
Transforming material-ripple-release.aar (androidx.compose.material:material-ripple-android:1.6.1) with CopyTransform
Transforming paging-compose-3.2.1.aar (androidx.paging:paging-compose:3.2.1) with AggregatedPackagesTransform
Transforming paging-runtime-ktx-3.2.1.aar (androidx.paging:paging-runtime-ktx:3.2.1) with AggregatedPackagesTransform
Transforming hilt-android-2.49.aar (com.google.dagger:hilt-android:2.49) with IdentityTransform
Transforming play-services-tasks-18.0.2.aar (com.google.android.gms:play-services-tasks:18.0.2) with JetifyTransform
Caching disabled for IdentityTransform: C:\Users\user\.gradle\caches\transforms-3\7a16df3dbdf34fdc1c7d5ba3c6eb4337\transformed\jetified-material-release-runtime.jar because:
  Build cache is disabled
Caching disabled for IdentityTransform: C:\Users\user\.gradle\caches\transforms-3\908b2c9fed91bacdd3887e2f4e65b852\transformed\jetified-material-icons-core-release-runtime.jar because:
  Build cache is disabled
Caching disabled for AggregatedPackagesTransform: C:\Users\user\.gradle\caches\transforms-3\ea4e30f04938f64fcb31a116678cceca\transformed\jetified-room-paging-2.6.1-runtime.jar because:
  Build cache is disabled
Skipping IdentityTransform: C:\Users\user\.gradle\caches\transforms-3\908b2c9fed91bacdd3887e2f4e65b852\transformed\jetified-material-icons-core-release-runtime.jar as it is up-to-date.
Skipping AggregatedPackagesTransform: C:\Users\user\.gradle\caches\transforms-3\ea4e30f04938f64fcb31a116678cceca\transformed\jetified-room-paging-2.6.1-runtime.jar as it is up-to-date.
Transforming material-icons-core-release.aar (androidx.compose.material:material-icons-core-android:1.6.1) with CopyTransform
Transforming play-services-tasks-18.0.2.aar (com.google.android.gms:play-services-tasks:18.0.2) with AarToClassTransform
Caching disabled for CopyTransform: C:\Users\user\.gradle\caches\transforms-3\6c36413316ca47a996ee341b4eea7f7a\transformed\jetified-material-ripple-release-runtime.jar because:
  Build cache is disabled
Transforming play-services-tasks-18.0.2.aar (com.google.android.gms:play-services-tasks:18.0.2) with IdentityTransform
Caching disabled for IdentityTransform: C:\Users\user\.gradle\caches\transforms-3\ca1991e51f1dadddd5d826bca3c51394\transformed\jetified-foundation-release-runtime.jar because:
  Build cache is disabled
Transforming play-services-tasks-18.0.2.aar (com.google.android.gms:play-services-tasks:18.0.2) with JetifyTransform
Skipping IdentityTransform: C:\Users\user\.gradle\caches\transforms-3\ca1991e51f1dadddd5d826bca3c51394\transformed\jetified-foundation-release-runtime.jar as it is up-to-date.
Caching disabled for AggregatedPackagesTransform: C:\Users\user\.gradle\caches\transforms-3\4240394e6c60a9e9f2c168f9169611e5\transformed\jetified-paging-runtime-ktx-3.2.1-runtime.jar because:
  Build cache is disabled
Transforming foundation-release.aar (androidx.compose.foundation:foundation-android:1.6.1) with CopyTransform
Caching disabled for CopyTransform: C:\Users\user\.gradle\caches\transforms-3\908b2c9fed91bacdd3887e2f4e65b852\transformed\jetified-material-icons-core-release-runtime.jar because:
  Build cache is disabled
Caching disabled for IdentityTransform: C:\Users\user\.gradle\caches\transforms-3\edfbfa8f50961acf206d2fb09de7df6f\transformed\jetified-ui-unit-release-runtime.jar because:
  Build cache is disabled
Skipping CopyTransform: C:\Users\user\.gradle\caches\transforms-3\908b2c9fed91bacdd3887e2f4e65b852\transformed\jetified-material-icons-core-release-runtime.jar as it is up-to-date.
Caching disabled for AggregatedPackagesTransform: C:\Users\user\.gradle\caches\transforms-3\13cf048987151e7bfe08fede0c4425c5\transformed\jetified-paging-compose-3.2.1-runtime.jar because:
  Build cache is disabled
Caching disabled for CopyTransform: C:\Users\user\.gradle\caches\transforms-3\29628ea925a98278fc1596beacddd758\transformed\jetified-material3-release-runtime.jar because:
  Build cache is disabled
Caching disabled for IdentityTransform: C:\Users\user\.gradle\caches\transforms-3\79aecbec8180b22dda1f40aab3bd7bb2\transformed\jetified-foundation-layout-release-runtime.jar because:
  Build cache is disabled
Caching disabled for IdentityTransform: C:\Users\user\.gradle\caches\transforms-3\66f6ba6660656ad4a8f8ad89cbf6c933\transformed\jetified-animation-release-runtime.jar because:
  Build cache is disabled
Skipping IdentityTransform: C:\Users\user\.gradle\caches\transforms-3\79aecbec8180b22dda1f40aab3bd7bb2\transformed\jetified-foundation-layout-release-runtime.jar as it is up-to-date.
Caching disabled for IdentityTransform: C:\Users\user\.gradle\caches\transforms-3\102640e73a1dd4902adf4d3a7d0c52bd\transformed\jetified-animation-core-release-runtime.jar because:
  Build cache is disabled
Skipping IdentityTransform: C:\Users\user\.gradle\caches\transforms-3\7a16df3dbdf34fdc1c7d5ba3c6eb4337\transformed\jetified-material-release-runtime.jar as it is up-to-date.
Skipping IdentityTransform: C:\Users\user\.gradle\caches\transforms-3\102640e73a1dd4902adf4d3a7d0c52bd\transformed\jetified-animation-core-release-runtime.jar as it is up-to-date.
Skipping IdentityTransform: C:\Users\user\.gradle\caches\transforms-3\66f6ba6660656ad4a8f8ad89cbf6c933\transformed\jetified-animation-release-runtime.jar as it is up-to-date.
Transforming foundation-layout-release.aar (androidx.compose.foundation:foundation-layout-android:1.6.1) with CopyTransform
Transforming material-release.aar (androidx.compose.material:material-android:1.6.1) with CopyTransform
Transforming animation-core-release.aar (androidx.compose.animation:animation-core-android:1.6.1) with CopyTransform
Transforming material-icons-core-release.aar (androidx.compose.material:material-icons-core-android:1.6.1) with AggregatedPackagesTransform
Skipping CopyTransform: C:\Users\user\.gradle\caches\transforms-3\29628ea925a98278fc1596beacddd758\transformed\jetified-material3-release-runtime.jar as it is up-to-date.
Skipping AggregatedPackagesTransform: C:\Users\user\.gradle\caches\transforms-3\13cf048987151e7bfe08fede0c4425c5\transformed\jetified-paging-compose-3.2.1-runtime.jar as it is up-to-date.
Transforming material3-release.aar (androidx.compose.material3:material3-android:1.2.0) with AggregatedPackagesTransform
Skipping IdentityTransform: C:\Users\user\.gradle\caches\transforms-3\edfbfa8f50961acf206d2fb09de7df6f\transformed\jetified-ui-unit-release-runtime.jar as it is up-to-date.
Skipping AggregatedPackagesTransform: C:\Users\user\.gradle\caches\transforms-3\4240394e6c60a9e9f2c168f9169611e5\transformed\jetified-paging-runtime-ktx-3.2.1-runtime.jar as it is up-to-date.
Transforming play-services-tasks-18.0.2.aar (com.google.android.gms:play-services-tasks:18.0.2) with AarToClassTransform
Skipping CopyTransform: C:\Users\user\.gradle\caches\transforms-3\6c36413316ca47a996ee341b4eea7f7a\transformed\jetified-material-ripple-release-runtime.jar as it is up-to-date.
Transforming play-services-tasks-18.0.2.aar (com.google.android.gms:play-services-tasks:18.0.2) with IdentityTransform
Transforming play-services-tasks-18.0.2.aar (com.google.android.gms:play-services-tasks:18.0.2) with JetifyTransform
Caching disabled for CopyTransform: C:\Users\user\.gradle\caches\transforms-3\ca1991e51f1dadddd5d826bca3c51394\transformed\jetified-foundation-release-runtime.jar because:
  Build cache is disabled
Skipping CopyTransform: C:\Users\user\.gradle\caches\transforms-3\ca1991e51f1dadddd5d826bca3c51394\transformed\jetified-foundation-release-runtime.jar as it is up-to-date.
Transforming animation-release.aar (androidx.compose.animation:animation-android:1.6.1) with CopyTransform
Transforming ui-unit-release.aar (androidx.compose.ui:ui-unit-android:1.6.1) with CopyTransform
Caching disabled for CopyTransform: C:\Users\user\.gradle\caches\transforms-3\7a16df3dbdf34fdc1c7d5ba3c6eb4337\transformed\jetified-material-release-runtime.jar because:
  Build cache is disabled
Caching disabled for CopyTransform: C:\Users\user\.gradle\caches\transforms-3\79aecbec8180b22dda1f40aab3bd7bb2\transformed\jetified-foundation-layout-release-runtime.jar because:
  Build cache is disabled
Transforming material-ripple-release.aar (androidx.compose.material:material-ripple-android:1.6.1) with AggregatedPackagesTransform
Transforming play-services-tasks-18.0.2.aar (com.google.android.gms:play-services-tasks:18.0.2) with AarToClassTransform
Caching disabled for CopyTransform: C:\Users\user\.gradle\caches\transforms-3\102640e73a1dd4902adf4d3a7d0c52bd\transformed\jetified-animation-core-release-runtime.jar because:
  Build cache is disabled
Transforming play-services-tasks-18.0.2.aar (com.google.android.gms:play-services-tasks:18.0.2) with IdentityTransform
Skipping CopyTransform: C:\Users\user\.gradle\caches\transforms-3\7a16df3dbdf34fdc1c7d5ba3c6eb4337\transformed\jetified-material-release-runtime.jar as it is up-to-date.
Transforming play-services-ads-base-22.6.0.aar (com.google.android.gms:play-services-ads-base:22.6.0) with JetifyTransform
Transforming play-services-ads-base-22.6.0.aar (com.google.android.gms:play-services-ads-base:22.6.0) with AarToClassTransform
Transforming play-services-ads-base-22.6.0.aar (com.google.android.gms:play-services-ads-base:22.6.0) with IdentityTransform
Transforming play-services-ads-base-22.6.0.aar (com.google.android.gms:play-services-ads-base:22.6.0) with JetifyTransform
Transforming material-release.aar (androidx.compose.material:material-android:1.6.1) with AggregatedPackagesTransform
Transforming play-services-ads-base-22.6.0.aar (com.google.android.gms:play-services-ads-base:22.6.0) with AarToClassTransform
Transforming play-services-ads-base-22.6.0.aar (com.google.android.gms:play-services-ads-base:22.6.0) with IdentityTransform
Skipping CopyTransform: C:\Users\user\.gradle\caches\transforms-3\79aecbec8180b22dda1f40aab3bd7bb2\transformed\jetified-foundation-layout-release-runtime.jar as it is up-to-date.
Transforming user-messaging-platform-2.1.0.aar (com.google.android.ump:user-messaging-platform:2.1.0) with JetifyTransform
Caching disabled for AggregatedPackagesTransform: C:\Users\user\.gradle\caches\transforms-3\908b2c9fed91bacdd3887e2f4e65b852\transformed\jetified-material-icons-core-release-runtime.jar because:
  Build cache is disabled
Skipping AggregatedPackagesTransform: C:\Users\user\.gradle\caches\transforms-3\908b2c9fed91bacdd3887e2f4e65b852\transformed\jetified-material-icons-core-release-runtime.jar as it is up-to-date.
Caching disabled for AggregatedPackagesTransform: C:\Users\user\.gradle\caches\transforms-3\29628ea925a98278fc1596beacddd758\transformed\jetified-material3-release-runtime.jar because:
  Build cache is disabled
Transforming user-messaging-platform-2.1.0.aar (com.google.android.ump:user-messaging-platform:2.1.0) with AarToClassTransform
Skipping CopyTransform: C:\Users\user\.gradle\caches\transforms-3\102640e73a1dd4902adf4d3a7d0c52bd\transformed\jetified-animation-core-release-runtime.jar as it is up-to-date.
Transforming foundation-release.aar (androidx.compose.foundation:foundation-android:1.6.1) with AggregatedPackagesTransform
Caching disabled for CopyTransform: C:\Users\user\.gradle\caches\transforms-3\66f6ba6660656ad4a8f8ad89cbf6c933\transformed\jetified-animation-release-runtime.jar because:
  Build cache is disabled
Transforming user-messaging-platform-2.1.0.aar (com.google.android.ump:user-messaging-platform:2.1.0) with IdentityTransform
Caching disabled for IdentityTransform: C:\Users\user\.gradle\caches\transforms-3\a114bba060116b2beb9737b5a31022f7\transformed\jetified-ui-util-release-runtime.jar because:
  Build cache is disabled
Skipping AggregatedPackagesTransform: C:\Users\user\.gradle\caches\transforms-3\29628ea925a98278fc1596beacddd758\transformed\jetified-material3-release-runtime.jar as it is up-to-date.
Caching disabled for AggregatedPackagesTransform: C:\Users\user\.gradle\caches\transforms-3\6c36413316ca47a996ee341b4eea7f7a\transformed\jetified-material-ripple-release-runtime.jar because:
  Build cache is disabled
Transforming foundation-layout-release.aar (androidx.compose.foundation:foundation-layout-android:1.6.1) with AggregatedPackagesTransform
Skipping IdentityTransform: C:\Users\user\.gradle\caches\transforms-3\a114bba060116b2beb9737b5a31022f7\transformed\jetified-ui-util-release-runtime.jar as it is up-to-date.
Transforming animation-core-release.aar (androidx.compose.animation:animation-core-android:1.6.1) with AggregatedPackagesTransform
Transforming play-services-ads-identifier-18.0.0.aar (com.google.android.gms:play-services-ads-identifier:18.0.0) with JetifyTransform
Caching disabled for IdentityTransform: C:\Users\user\.gradle\caches\transforms-3\b8ccd9995891b5ed93dbd2bfc5889406\transformed\jetified-ui-geometry-release-runtime.jar because:
  Build cache is disabled
Transforming play-services-ads-identifier-18.0.0.aar (com.google.android.gms:play-services-ads-identifier:18.0.0) with AarToClassTransform
Transforming ui-util-release.aar (androidx.compose.ui:ui-util-android:1.6.1) with CopyTransform
Skipping CopyTransform: C:\Users\user\.gradle\caches\transforms-3\66f6ba6660656ad4a8f8ad89cbf6c933\transformed\jetified-animation-release-runtime.jar as it is up-to-date.
Transforming play-services-ads-identifier-18.0.0.aar (com.google.android.gms:play-services-ads-identifier:18.0.0) with IdentityTransform
Skipping IdentityTransform: C:\Users\user\.gradle\caches\transforms-3\b8ccd9995891b5ed93dbd2bfc5889406\transformed\jetified-ui-geometry-release-runtime.jar as it is up-to-date.
Transforming play-services-ads-identifier-18.0.0.aar (com.google.android.gms:play-services-ads-identifier:18.0.0) with JetifyTransform
Transforming play-services-ads-identifier-18.0.0.aar (com.google.android.gms:play-services-ads-identifier:18.0.0) with AarToClassTransform
Transforming play-services-ads-identifier-18.0.0.aar (com.google.android.gms:play-services-ads-identifier:18.0.0) with IdentityTransform
Transforming play-services-measurement-sdk-api-20.1.2.aar (com.google.android.gms:play-services-measurement-sdk-api:20.1.2) with JetifyTransform
Transforming play-services-measurement-sdk-api-20.1.2.aar (com.google.android.gms:play-services-measurement-sdk-api:20.1.2) with AarToClassTransform
Transforming play-services-measurement-sdk-api-20.1.2.aar (com.google.android.gms:play-services-measurement-sdk-api:20.1.2) with IdentityTransform
Transforming play-services-measurement-base-20.1.2.aar (com.google.android.gms:play-services-measurement-base:20.1.2) with JetifyTransform
Transforming play-services-measurement-base-20.1.2.aar (com.google.android.gms:play-services-measurement-base:20.1.2) with AarToClassTransform
Transforming play-services-measurement-base-20.1.2.aar (com.google.android.gms:play-services-measurement-base:20.1.2) with IdentityTransform
Transforming play-services-basement-18.2.0.aar (com.google.android.gms:play-services-basement:18.2.0) with JetifyTransform
Caching disabled for CopyTransform: C:\Users\user\.gradle\caches\transforms-3\edfbfa8f50961acf206d2fb09de7df6f\transformed\jetified-ui-unit-release-runtime.jar because:
  Build cache is disabled
Skipping AggregatedPackagesTransform: C:\Users\user\.gradle\caches\transforms-3\6c36413316ca47a996ee341b4eea7f7a\transformed\jetified-material-ripple-release-runtime.jar as it is up-to-date.
Transforming animation-release.aar (androidx.compose.animation:animation-android:1.6.1) with AggregatedPackagesTransform
Transforming play-services-basement-18.2.0.aar (com.google.android.gms:play-services-basement:18.2.0) with AarToClassTransform
Transforming ui-geometry-release.aar (androidx.compose.ui:ui-geometry-android:1.6.1) with CopyTransform
Transforming play-services-basement-18.2.0.aar (com.google.android.gms:play-services-basement:18.2.0) with IdentityTransform
Skipping CopyTransform: C:\Users\user\.gradle\caches\transforms-3\edfbfa8f50961acf206d2fb09de7df6f\transformed\jetified-ui-unit-release-runtime.jar as it is up-to-date.
Transforming play-services-basement-18.2.0.aar (com.google.android.gms:play-services-basement:18.2.0) with JetifyTransform
Transforming play-services-basement-18.2.0.aar (com.google.android.gms:play-services-basement:18.2.0) with AarToClassTransform
Transforming play-services-basement-18.2.0.aar (com.google.android.gms:play-services-basement:18.2.0) with IdentityTransform
Transforming play-services-basement-18.2.0.aar (com.google.android.gms:play-services-basement:18.2.0) with JetifyTransform
Transforming ui-unit-release.aar (androidx.compose.ui:ui-unit-android:1.6.1) with AggregatedPackagesTransform
Caching disabled for AggregatedPackagesTransform: C:\Users\user\.gradle\caches\transforms-3\7a16df3dbdf34fdc1c7d5ba3c6eb4337\transformed\jetified-material-release-runtime.jar because:
  Build cache is disabled
Transforming play-services-basement-18.2.0.aar (com.google.android.gms:play-services-basement:18.2.0) with AarToClassTransform
Skipping AggregatedPackagesTransform: C:\Users\user\.gradle\caches\transforms-3\7a16df3dbdf34fdc1c7d5ba3c6eb4337\transformed\jetified-material-release-runtime.jar as it is up-to-date.
Transforming play-services-basement-18.2.0.aar (com.google.android.gms:play-services-basement:18.2.0) with IdentityTransform
Transforming play-services-basement-18.2.0.aar (com.google.android.gms:play-services-basement:18.2.0) with JetifyTransform
Transforming play-services-basement-18.2.0.aar (com.google.android.gms:play-services-basement:18.2.0) with AarToClassTransform
Transforming play-services-basement-18.2.0.aar (com.google.android.gms:play-services-basement:18.2.0) with IdentityTransform
Transforming play-services-basement-18.2.0.aar (com.google.android.gms:play-services-basement:18.2.0) with JetifyTransform
Transforming play-services-basement-18.2.0.aar (com.google.android.gms:play-services-basement:18.2.0) with AarToClassTransform
Transforming play-services-basement-18.2.0.aar (com.google.android.gms:play-services-basement:18.2.0) with IdentityTransform
Transforming play-services-basement-18.2.0.aar (com.google.android.gms:play-services-basement:18.2.0) with JetifyTransform
Transforming play-services-basement-18.2.0.aar (com.google.android.gms:play-services-basement:18.2.0) with AarToClassTransform
Transforming play-services-basement-18.2.0.aar (com.google.android.gms:play-services-basement:18.2.0) with IdentityTransform
Transforming play-services-basement-18.2.0.aar (com.google.android.gms:play-services-basement:18.2.0) with JetifyTransform
Caching disabled for AggregatedPackagesTransform: C:\Users\user\.gradle\caches\transforms-3\79aecbec8180b22dda1f40aab3bd7bb2\transformed\jetified-foundation-layout-release-runtime.jar because:
  Build cache is disabled
Transforming play-services-basement-18.2.0.aar (com.google.android.gms:play-services-basement:18.2.0) with AarToClassTransform
Skipping AggregatedPackagesTransform: C:\Users\user\.gradle\caches\transforms-3\79aecbec8180b22dda1f40aab3bd7bb2\transformed\jetified-foundation-layout-release-runtime.jar as it is up-to-date.
Caching disabled for AggregatedPackagesTransform: C:\Users\user\.gradle\caches\transforms-3\ca1991e51f1dadddd5d826bca3c51394\transformed\jetified-foundation-release-runtime.jar because:
  Build cache is disabled
Caching disabled for IdentityTransform: C:\Users\user\.gradle\caches\transforms-3\af9ca41346faa3cbc23dfe6c9785d829\transformed\jetified-ui-text-release-runtime.jar because:
  Build cache is disabled
Caching disabled for IdentityTransform: C:\Users\user\.gradle\caches\transforms-3\f1dd3a49a8c7bcf760e2e7a36b8edcf9\transformed\jetified-ui-tooling-preview-release-runtime.jar because:
  Build cache is disabled
Transforming play-services-basement-18.2.0.aar (com.google.android.gms:play-services-basement:18.2.0) with IdentityTransform
Skipping IdentityTransform: C:\Users\user\.gradle\caches\transforms-3\af9ca41346faa3cbc23dfe6c9785d829\transformed\jetified-ui-text-release-runtime.jar as it is up-to-date.
Skipping IdentityTransform: C:\Users\user\.gradle\caches\transforms-3\f1dd3a49a8c7bcf760e2e7a36b8edcf9\transformed\jetified-ui-tooling-preview-release-runtime.jar as it is up-to-date.
Caching disabled for AggregatedPackagesTransform: C:\Users\user\.gradle\caches\transforms-3\102640e73a1dd4902adf4d3a7d0c52bd\transformed\jetified-animation-core-release-runtime.jar because:
  Build cache is disabled
Skipping AggregatedPackagesTransform: C:\Users\user\.gradle\caches\transforms-3\ca1991e51f1dadddd5d826bca3c51394\transformed\jetified-foundation-release-runtime.jar as it is up-to-date.
Skipping AggregatedPackagesTransform: C:\Users\user\.gradle\caches\transforms-3\102640e73a1dd4902adf4d3a7d0c52bd\transformed\jetified-animation-core-release-runtime.jar as it is up-to-date.
Caching disabled for AggregatedPackagesTransform: C:\Users\user\.gradle\caches\transforms-3\66f6ba6660656ad4a8f8ad89cbf6c933\transformed\jetified-animation-release-runtime.jar because:
  Build cache is disabled
Caching disabled for AggregatedPackagesTransform: C:\Users\user\.gradle\caches\transforms-3\edfbfa8f50961acf206d2fb09de7df6f\transformed\jetified-ui-unit-release-runtime.jar because:
  Build cache is disabled
Caching disabled for CopyTransform: C:\Users\user\.gradle\caches\transforms-3\b8ccd9995891b5ed93dbd2bfc5889406\transformed\jetified-ui-geometry-release-runtime.jar because:
  Build cache is disabled
Skipping AggregatedPackagesTransform: C:\Users\user\.gradle\caches\transforms-3\edfbfa8f50961acf206d2fb09de7df6f\transformed\jetified-ui-unit-release-runtime.jar as it is up-to-date.
Caching disabled for CopyTransform: C:\Users\user\.gradle\caches\transforms-3\a114bba060116b2beb9737b5a31022f7\transformed\jetified-ui-util-release-runtime.jar because:
  Build cache is disabled
Transforming ui-tooling-preview-release.aar (androidx.compose.ui:ui-tooling-preview-android:1.6.1) with CopyTransform
Skipping AggregatedPackagesTransform: C:\Users\user\.gradle\caches\transforms-3\66f6ba6660656ad4a8f8ad89cbf6c933\transformed\jetified-animation-release-runtime.jar as it is up-to-date.
Transforming ui-text-release.aar (androidx.compose.ui:ui-text-android:1.6.1) with CopyTransform
Caching disabled for IdentityTransform: C:\Users\user\.gradle\caches\transforms-3\d28dde80b4b7c0eb3b806f6378536b4b\transformed\jetified-runtime-saveable-release-runtime.jar because:
  Build cache is disabled
Caching disabled for IdentityTransform: C:\Users\user\.gradle\caches\transforms-3\dde39550dff8495d907641b849692d55\transformed\jetified-ui-graphics-release-runtime.jar because:
  Build cache is disabled
Skipping IdentityTransform: C:\Users\user\.gradle\caches\transforms-3\d28dde80b4b7c0eb3b806f6378536b4b\transformed\jetified-runtime-saveable-release-runtime.jar as it is up-to-date.
Skipping IdentityTransform: C:\Users\user\.gradle\caches\transforms-3\dde39550dff8495d907641b849692d55\transformed\jetified-ui-graphics-release-runtime.jar as it is up-to-date.
Transforming play-services-basement-18.2.0.aar (com.google.android.gms:play-services-basement:18.2.0) with JetifyTransform
Skipping CopyTransform: C:\Users\user\.gradle\caches\transforms-3\a114bba060116b2beb9737b5a31022f7\transformed\jetified-ui-util-release-runtime.jar as it is up-to-date.
Skipping CopyTransform: C:\Users\user\.gradle\caches\transforms-3\b8ccd9995891b5ed93dbd2bfc5889406\transformed\jetified-ui-geometry-release-runtime.jar as it is up-to-date.
Transforming runtime-saveable-release.aar (androidx.compose.runtime:runtime-saveable-android:1.6.1) with CopyTransform
Transforming ui-graphics-release.aar (androidx.compose.ui:ui-graphics-android:1.6.1) with CopyTransform
Transforming play-services-basement-18.2.0.aar (com.google.android.gms:play-services-basement:18.2.0) with AarToClassTransform
Transforming play-services-basement-18.2.0.aar (com.google.android.gms:play-services-basement:18.2.0) with IdentityTransform
Transforming ui-geometry-release.aar (androidx.compose.ui:ui-geometry-android:1.6.1) with AggregatedPackagesTransform
Transforming play-services-basement-18.2.0.aar (com.google.android.gms:play-services-basement:18.2.0) with JetifyTransform
Transforming ui-util-release.aar (androidx.compose.ui:ui-util-android:1.6.1) with AggregatedPackagesTransform
Transforming play-services-basement-18.2.0.aar (com.google.android.gms:play-services-basement:18.2.0) with AarToClassTransform
Transforming play-services-basement-18.2.0.aar (com.google.android.gms:play-services-basement:18.2.0) with IdentityTransform
Transforming play-services-basement-18.2.0.aar (com.google.android.gms:play-services-basement:18.2.0) with JetifyTransform
Transforming play-services-basement-18.2.0.aar (com.google.android.gms:play-services-basement:18.2.0) with AarToClassTransform
Transforming play-services-basement-18.2.0.aar (com.google.android.gms:play-services-basement:18.2.0) with IdentityTransform
Transforming fragment-1.5.1.aar (androidx.fragment:fragment:1.5.1) with JetifyTransform
Transforming fragment-1.5.1.aar (androidx.fragment:fragment:1.5.1) with AarToClassTransform
Caching disabled for IdentityTransform: C:\Users\user\.gradle\caches\transforms-3\ffb8b91c2ea615430a11487fc732b9ba\transformed\jetified-runtime-release-runtime.jar because:
  Build cache is disabled
Skipping IdentityTransform: C:\Users\user\.gradle\caches\transforms-3\ffb8b91c2ea615430a11487fc732b9ba\transformed\jetified-runtime-release-runtime.jar as it is up-to-date.
Transforming runtime-release.aar (androidx.compose.runtime:runtime-android:1.6.1) with CopyTransform
Transforming fragment-1.5.1.aar (androidx.fragment:fragment:1.5.1) with IdentityTransform
Transforming fragment-1.5.1.aar (androidx.fragment:fragment:1.5.1) with JetifyTransform
Transforming fragment-1.5.1.aar (androidx.fragment:fragment:1.5.1) with AarToClassTransform
Transforming fragment-1.5.1.aar (androidx.fragment:fragment:1.5.1) with IdentityTransform
Transforming fragment-1.5.1.aar (androidx.fragment:fragment:1.5.1) with JetifyTransform
Transforming fragment-1.5.1.aar (androidx.fragment:fragment:1.5.1) with AarToClassTransform
Caching disabled for IdentityTransform: C:\Users\user\.gradle\caches\transforms-3\87e88075e0c6c264db3dd9be6f868906\transformed\jetified-runtime-livedata-1.6.1-runtime.jar because:
  Build cache is disabled
Caching disabled for CopyTransform: C:\Users\user\.gradle\caches\transforms-3\d28dde80b4b7c0eb3b806f6378536b4b\transformed\jetified-runtime-saveable-release-runtime.jar because:
  Build cache is disabled
Skipping IdentityTransform: C:\Users\user\.gradle\caches\transforms-3\87e88075e0c6c264db3dd9be6f868906\transformed\jetified-runtime-livedata-1.6.1-runtime.jar as it is up-to-date.
Skipping CopyTransform: C:\Users\user\.gradle\caches\transforms-3\d28dde80b4b7c0eb3b806f6378536b4b\transformed\jetified-runtime-saveable-release-runtime.jar as it is up-to-date.
Caching disabled for CopyTransform: C:\Users\user\.gradle\caches\transforms-3\af9ca41346faa3cbc23dfe6c9785d829\transformed\jetified-ui-text-release-runtime.jar because:
  Build cache is disabled
Caching disabled for IdentityTransform: C:\Users\user\.gradle\caches\transforms-3\78797b67ac8f1a753a388a5b0dbc8a1b\transformed\jetified-play-services-tasks-18.0.2-runtime.jar because:
  Build cache is disabled
Caching disabled for AggregatedPackagesTransform: C:\Users\user\.gradle\caches\transforms-3\a114bba060116b2beb9737b5a31022f7\transformed\jetified-ui-util-release-runtime.jar because:
  Build cache is disabled
Caching disabled for AggregatedPackagesTransform: C:\Users\user\.gradle\caches\transforms-3\b8ccd9995891b5ed93dbd2bfc5889406\transformed\jetified-ui-geometry-release-runtime.jar because:
  Build cache is disabled
Skipping AggregatedPackagesTransform: C:\Users\user\.gradle\caches\transforms-3\a114bba060116b2beb9737b5a31022f7\transformed\jetified-ui-util-release-runtime.jar as it is up-to-date.
Caching disabled for IdentityTransform: C:\Users\user\.gradle\caches\transforms-3\2539eff97ca14a6e4048f022dcf2c6f3\transformed\jetified-hilt-android-2.49-runtime.jar because:
  Build cache is disabled
Skipping AggregatedPackagesTransform: C:\Users\user\.gradle\caches\transforms-3\b8ccd9995891b5ed93dbd2bfc5889406\transformed\jetified-ui-geometry-release-runtime.jar as it is up-to-date.
Skipping IdentityTransform: C:\Users\user\.gradle\caches\transforms-3\2539eff97ca14a6e4048f022dcf2c6f3\transformed\jetified-hilt-android-2.49-runtime.jar as it is up-to-date.
Transforming runtime-saveable-release.aar (androidx.compose.runtime:runtime-saveable-android:1.6.1) with AggregatedPackagesTransform
Transforming runtime-livedata-1.6.1.aar (androidx.compose.runtime:runtime-livedata:1.6.1) with CopyTransform
Caching disabled for CopyTransform: C:\Users\user\.gradle\caches\transforms-3\ffb8b91c2ea615430a11487fc732b9ba\transformed\jetified-runtime-release-runtime.jar because:
  Build cache is disabled
Skipping IdentityTransform: C:\Users\user\.gradle\caches\transforms-3\78797b67ac8f1a753a388a5b0dbc8a1b\transformed\jetified-play-services-tasks-18.0.2-runtime.jar as it is up-to-date.
Skipping CopyTransform: C:\Users\user\.gradle\caches\transforms-3\ffb8b91c2ea615430a11487fc732b9ba\transformed\jetified-runtime-release-runtime.jar as it is up-to-date.
Skipping CopyTransform: C:\Users\user\.gradle\caches\transforms-3\af9ca41346faa3cbc23dfe6c9785d829\transformed\jetified-ui-text-release-runtime.jar as it is up-to-date.
Caching disabled for CopyTransform: C:\Users\user\.gradle\caches\transforms-3\f1dd3a49a8c7bcf760e2e7a36b8edcf9\transformed\jetified-ui-tooling-preview-release-runtime.jar because:
  Build cache is disabled
Caching disabled for CopyTransform: C:\Users\user\.gradle\caches\transforms-3\dde39550dff8495d907641b849692d55\transformed\jetified-ui-graphics-release-runtime.jar because:
  Build cache is disabled
Transforming play-services-tasks-18.0.2.aar (com.google.android.gms:play-services-tasks:18.0.2) with CopyTransform
Transforming fragment-1.5.1.aar (androidx.fragment:fragment:1.5.1) with IdentityTransform
Skipping CopyTransform: C:\Users\user\.gradle\caches\transforms-3\dde39550dff8495d907641b849692d55\transformed\jetified-ui-graphics-release-runtime.jar as it is up-to-date.
Skipping CopyTransform: C:\Users\user\.gradle\caches\transforms-3\f1dd3a49a8c7bcf760e2e7a36b8edcf9\transformed\jetified-ui-tooling-preview-release-runtime.jar as it is up-to-date.
Transforming hilt-android-2.49.aar (com.google.dagger:hilt-android:2.49) with CopyTransform
Transforming fragment-1.5.1.aar (androidx.fragment:fragment:1.5.1) with JetifyTransform
Transforming ui-text-release.aar (androidx.compose.ui:ui-text-android:1.6.1) with AggregatedPackagesTransform
Transforming runtime-release.aar (androidx.compose.runtime:runtime-android:1.6.1) with AggregatedPackagesTransform
Transforming fragment-1.5.1.aar (androidx.fragment:fragment:1.5.1) with AarToClassTransform
Transforming fragment-1.5.1.aar (androidx.fragment:fragment:1.5.1) with IdentityTransform
Transforming ui-graphics-release.aar (androidx.compose.ui:ui-graphics-android:1.6.1) with AggregatedPackagesTransform
Transforming emoji2-views-helper-1.3.0.aar (androidx.emoji2:emoji2-views-helper:1.3.0) with JetifyTransform
Transforming ui-tooling-preview-release.aar (androidx.compose.ui:ui-tooling-preview-android:1.6.1) with AggregatedPackagesTransform
Transforming emoji2-views-helper-1.3.0.aar (androidx.emoji2:emoji2-views-helper:1.3.0) with AarToClassTransform
Caching disabled for AggregatedPackagesTransform: C:\Users\user\.gradle\caches\transforms-3\d28dde80b4b7c0eb3b806f6378536b4b\transformed\jetified-runtime-saveable-release-runtime.jar because:
  Build cache is disabled
Skipping AggregatedPackagesTransform: C:\Users\user\.gradle\caches\transforms-3\d28dde80b4b7c0eb3b806f6378536b4b\transformed\jetified-runtime-saveable-release-runtime.jar as it is up-to-date.
Transforming emoji2-views-helper-1.3.0.aar (androidx.emoji2:emoji2-views-helper:1.3.0) with IdentityTransform
Caching disabled for IdentityTransform: C:\Users\user\.gradle\caches\transforms-3\ac4632295aff784b0cd9f23941fcdc16\transformed\jetified-play-services-ads-base-22.6.0-runtime.jar because:
  Build cache is disabled
Skipping IdentityTransform: C:\Users\user\.gradle\caches\transforms-3\ac4632295aff784b0cd9f23941fcdc16\transformed\jetified-play-services-ads-base-22.6.0-runtime.jar as it is up-to-date.
Transforming emoji2-1.3.0.aar (androidx.emoji2:emoji2:1.3.0) with JetifyTransform
Transforming emoji2-1.3.0.aar (androidx.emoji2:emoji2:1.3.0) with AarToClassTransform
Transforming emoji2-1.3.0.aar (androidx.emoji2:emoji2:1.3.0) with IdentityTransform
Caching disabled for CopyTransform: C:\Users\user\.gradle\caches\transforms-3\87e88075e0c6c264db3dd9be6f868906\transformed\jetified-runtime-livedata-1.6.1-runtime.jar because:
  Build cache is disabled
Transforming play-services-ads-base-22.6.0.aar (com.google.android.gms:play-services-ads-base:22.6.0) with CopyTransform
Transforming lifecycle-process-2.7.0.aar (androidx.lifecycle:lifecycle-process:2.7.0) with JetifyTransform
Caching disabled for AggregatedPackagesTransform: C:\Users\user\.gradle\caches\transforms-3\ffb8b91c2ea615430a11487fc732b9ba\transformed\jetified-runtime-release-runtime.jar because:
  Build cache is disabled
Skipping CopyTransform: C:\Users\user\.gradle\caches\transforms-3\87e88075e0c6c264db3dd9be6f868906\transformed\jetified-runtime-livedata-1.6.1-runtime.jar as it is up-to-date.
Transforming lifecycle-process-2.7.0.aar (androidx.lifecycle:lifecycle-process:2.7.0) with AarToClassTransform
Skipping AggregatedPackagesTransform: C:\Users\user\.gradle\caches\transforms-3\ffb8b91c2ea615430a11487fc732b9ba\transformed\jetified-runtime-release-runtime.jar as it is up-to-date.
Transforming lifecycle-process-2.7.0.aar (androidx.lifecycle:lifecycle-process:2.7.0) with IdentityTransform
Transforming runtime-livedata-1.6.1.aar (androidx.compose.runtime:runtime-livedata:1.6.1) with AggregatedPackagesTransform
Transforming lifecycle-service-2.7.0.aar (androidx.lifecycle:lifecycle-service:2.7.0) with JetifyTransform
Caching disabled for AggregatedPackagesTransform: C:\Users\user\.gradle\caches\transforms-3\f1dd3a49a8c7bcf760e2e7a36b8edcf9\transformed\jetified-ui-tooling-preview-release-runtime.jar because:
  Build cache is disabled
Caching disabled for AggregatedPackagesTransform: C:\Users\user\.gradle\caches\transforms-3\af9ca41346faa3cbc23dfe6c9785d829\transformed\jetified-ui-text-release-runtime.jar because:
  Build cache is disabled
Skipping AggregatedPackagesTransform: C:\Users\user\.gradle\caches\transforms-3\f1dd3a49a8c7bcf760e2e7a36b8edcf9\transformed\jetified-ui-tooling-preview-release-runtime.jar as it is up-to-date.
Skipping AggregatedPackagesTransform: C:\Users\user\.gradle\caches\transforms-3\af9ca41346faa3cbc23dfe6c9785d829\transformed\jetified-ui-text-release-runtime.jar as it is up-to-date.
Transforming lifecycle-service-2.7.0.aar (androidx.lifecycle:lifecycle-service:2.7.0) with AarToClassTransform
Caching disabled for AggregatedPackagesTransform: C:\Users\user\.gradle\caches\transforms-3\dde39550dff8495d907641b849692d55\transformed\jetified-ui-graphics-release-runtime.jar because:
  Build cache is disabled
Caching disabled for CopyTransform: C:\Users\user\.gradle\caches\transforms-3\78797b67ac8f1a753a388a5b0dbc8a1b\transformed\jetified-play-services-tasks-18.0.2-runtime.jar because:
  Build cache is disabled
Caching disabled for CopyTransform: C:\Users\user\.gradle\caches\transforms-3\2539eff97ca14a6e4048f022dcf2c6f3\transformed\jetified-hilt-android-2.49-runtime.jar because:
  Build cache is disabled
Skipping CopyTransform: C:\Users\user\.gradle\caches\transforms-3\78797b67ac8f1a753a388a5b0dbc8a1b\transformed\jetified-play-services-tasks-18.0.2-runtime.jar as it is up-to-date.
Skipping CopyTransform: C:\Users\user\.gradle\caches\transforms-3\2539eff97ca14a6e4048f022dcf2c6f3\transformed\jetified-hilt-android-2.49-runtime.jar as it is up-to-date.
Caching disabled for CopyTransform: C:\Users\user\.gradle\caches\transforms-3\ac4632295aff784b0cd9f23941fcdc16\transformed\jetified-play-services-ads-base-22.6.0-runtime.jar because:
  Build cache is disabled
Skipping AggregatedPackagesTransform: C:\Users\user\.gradle\caches\transforms-3\dde39550dff8495d907641b849692d55\transformed\jetified-ui-graphics-release-runtime.jar as it is up-to-date.
Skipping CopyTransform: C:\Users\user\.gradle\caches\transforms-3\ac4632295aff784b0cd9f23941fcdc16\transformed\jetified-play-services-ads-base-22.6.0-runtime.jar as it is up-to-date.
Transforming lifecycle-service-2.7.0.aar (androidx.lifecycle:lifecycle-service:2.7.0) with IdentityTransform
Transforming hilt-android-2.49.aar (com.google.dagger:hilt-android:2.49) with AggregatedPackagesTransform
Transforming lifecycle-livedata-core-ktx-2.7.0.aar (androidx.lifecycle:lifecycle-livedata-core-ktx:2.7.0) with JetifyTransform
Caching disabled for AggregatedPackagesTransform: C:\Users\user\.gradle\caches\transforms-3\87e88075e0c6c264db3dd9be6f868906\transformed\jetified-runtime-livedata-1.6.1-runtime.jar because:
  Build cache is disabled
Transforming play-services-tasks-18.0.2.aar (com.google.android.gms:play-services-tasks:18.0.2) with AggregatedPackagesTransform
Skipping AggregatedPackagesTransform: C:\Users\user\.gradle\caches\transforms-3\87e88075e0c6c264db3dd9be6f868906\transformed\jetified-runtime-livedata-1.6.1-runtime.jar as it is up-to-date.
Transforming lifecycle-livedata-core-ktx-2.7.0.aar (androidx.lifecycle:lifecycle-livedata-core-ktx:2.7.0) with AarToClassTransform
Transforming play-services-ads-base-22.6.0.aar (com.google.android.gms:play-services-ads-base:22.6.0) with AggregatedPackagesTransform
Transforming lifecycle-livedata-core-ktx-2.7.0.aar (androidx.lifecycle:lifecycle-livedata-core-ktx:2.7.0) with IdentityTransform
Caching disabled for IdentityTransform: C:\Users\user\.gradle\caches\transforms-3\408586bc301ccebe86f94afa5d2e6572\transformed\jetified-user-messaging-platform-2.1.0-runtime.jar because:
  Build cache is disabled
Transforming lifecycle-livedata-ktx-2.7.0.aar (androidx.lifecycle:lifecycle-livedata-ktx:2.7.0) with JetifyTransform
Skipping IdentityTransform: C:\Users\user\.gradle\caches\transforms-3\408586bc301ccebe86f94afa5d2e6572\transformed\jetified-user-messaging-platform-2.1.0-runtime.jar as it is up-to-date.
Transforming lifecycle-livedata-ktx-2.7.0.aar (androidx.lifecycle:lifecycle-livedata-ktx:2.7.0) with AarToClassTransform
Caching disabled for IdentityTransform: C:\Users\user\.gradle\caches\transforms-3\6569206bf9072d6661d389998ed970b2\transformed\jetified-play-services-ads-identifier-18.0.0-runtime.jar because:
  Build cache is disabled
Transforming lifecycle-livedata-ktx-2.7.0.aar (androidx.lifecycle:lifecycle-livedata-ktx:2.7.0) with IdentityTransform
Skipping IdentityTransform: C:\Users\user\.gradle\caches\transforms-3\6569206bf9072d6661d389998ed970b2\transformed\jetified-play-services-ads-identifier-18.0.0-runtime.jar as it is up-to-date.
Transforming lifecycle-livedata-core-2.7.0.aar (androidx.lifecycle:lifecycle-livedata-core:2.7.0) with JetifyTransform
Transforming lifecycle-livedata-core-2.7.0.aar (androidx.lifecycle:lifecycle-livedata-core:2.7.0) with AarToClassTransform
Transforming user-messaging-platform-2.1.0.aar (com.google.android.ump:user-messaging-platform:2.1.0) with CopyTransform
Transforming lifecycle-livedata-core-2.7.0.aar (androidx.lifecycle:lifecycle-livedata-core:2.7.0) with IdentityTransform
Transforming play-services-ads-identifier-18.0.0.aar (com.google.android.gms:play-services-ads-identifier:18.0.0) with CopyTransform
Transforming legacy-support-core-utils-1.0.0.aar (androidx.legacy:legacy-support-core-utils:1.0.0) with JetifyTransform
Transforming legacy-support-core-utils-1.0.0.aar (androidx.legacy:legacy-support-core-utils:1.0.0) with AarToClassTransform
Transforming legacy-support-core-utils-1.0.0.aar (androidx.legacy:legacy-support-core-utils:1.0.0) with IdentityTransform
Transforming loader-1.0.0.aar (androidx.loader:loader:1.0.0) with JetifyTransform
Transforming loader-1.0.0.aar (androidx.loader:loader:1.0.0) with AarToClassTransform
Caching disabled for AggregatedPackagesTransform: C:\Users\user\.gradle\caches\transforms-3\2539eff97ca14a6e4048f022dcf2c6f3\transformed\jetified-hilt-android-2.49-runtime.jar because:
  Build cache is disabled
Caching disabled for AggregatedPackagesTransform: C:\Users\user\.gradle\caches\transforms-3\78797b67ac8f1a753a388a5b0dbc8a1b\transformed\jetified-play-services-tasks-18.0.2-runtime.jar because:
  Build cache is disabled
Caching disabled for AggregatedPackagesTransform: C:\Users\user\.gradle\caches\transforms-3\ac4632295aff784b0cd9f23941fcdc16\transformed\jetified-play-services-ads-base-22.6.0-runtime.jar because:
  Build cache is disabled
Skipping AggregatedPackagesTransform: C:\Users\user\.gradle\caches\transforms-3\78797b67ac8f1a753a388a5b0dbc8a1b\transformed\jetified-play-services-tasks-18.0.2-runtime.jar as it is up-to-date.
Skipping AggregatedPackagesTransform: C:\Users\user\.gradle\caches\transforms-3\ac4632295aff784b0cd9f23941fcdc16\transformed\jetified-play-services-ads-base-22.6.0-runtime.jar as it is up-to-date.
Transforming loader-1.0.0.aar (androidx.loader:loader:1.0.0) with IdentityTransform
Skipping AggregatedPackagesTransform: C:\Users\user\.gradle\caches\transforms-3\2539eff97ca14a6e4048f022dcf2c6f3\transformed\jetified-hilt-android-2.49-runtime.jar as it is up-to-date.
Caching disabled for IdentityTransform: C:\Users\user\.gradle\caches\transforms-3\33b0af3b8430c1856c232f6357c87aa1\transformed\jetified-play-services-measurement-base-20.1.2-runtime.jar because:
  Build cache is disabled
Caching disabled for IdentityTransform: C:\Users\user\.gradle\caches\transforms-3\7d3b86cc73d11a0e8f3d0df9340045b7\transformed\jetified-play-services-measurement-sdk-api-20.1.2-runtime.jar because:
  Build cache is disabled
Transforming loader-1.0.0.aar (androidx.loader:loader:1.0.0) with JetifyTransform
Skipping IdentityTransform: C:\Users\user\.gradle\caches\transforms-3\7d3b86cc73d11a0e8f3d0df9340045b7\transformed\jetified-play-services-measurement-sdk-api-20.1.2-runtime.jar as it is up-to-date.
Transforming loader-1.0.0.aar (androidx.loader:loader:1.0.0) with AarToClassTransform
Skipping IdentityTransform: C:\Users\user\.gradle\caches\transforms-3\33b0af3b8430c1856c232f6357c87aa1\transformed\jetified-play-services-measurement-base-20.1.2-runtime.jar as it is up-to-date.
Transforming loader-1.0.0.aar (androidx.loader:loader:1.0.0) with IdentityTransform
Caching disabled for CopyTransform: C:\Users\user\.gradle\caches\transforms-3\408586bc301ccebe86f94afa5d2e6572\transformed\jetified-user-messaging-platform-2.1.0-runtime.jar because:
  Build cache is disabled
Caching disabled for CopyTransform: C:\Users\user\.gradle\caches\transforms-3\6569206bf9072d6661d389998ed970b2\transformed\jetified-play-services-ads-identifier-18.0.0-runtime.jar because:
  Build cache is disabled
Skipping CopyTransform: C:\Users\user\.gradle\caches\transforms-3\408586bc301ccebe86f94afa5d2e6572\transformed\jetified-user-messaging-platform-2.1.0-runtime.jar as it is up-to-date.
Transforming lifecycle-livedata-2.7.0.aar (androidx.lifecycle:lifecycle-livedata:2.7.0) with JetifyTransform
Skipping CopyTransform: C:\Users\user\.gradle\caches\transforms-3\6569206bf9072d6661d389998ed970b2\transformed\jetified-play-services-ads-identifier-18.0.0-runtime.jar as it is up-to-date.
Transforming play-services-measurement-base-20.1.2.aar (com.google.android.gms:play-services-measurement-base:20.1.2) with CopyTransform
Transforming play-services-measurement-sdk-api-20.1.2.aar (com.google.android.gms:play-services-measurement-sdk-api:20.1.2) with CopyTransform
Transforming lifecycle-livedata-2.7.0.aar (androidx.lifecycle:lifecycle-livedata:2.7.0) with AarToClassTransform
Transforming lifecycle-livedata-2.7.0.aar (androidx.lifecycle:lifecycle-livedata:2.7.0) with IdentityTransform
Transforming play-services-ads-identifier-18.0.0.aar (com.google.android.gms:play-services-ads-identifier:18.0.0) with AggregatedPackagesTransform
Transforming lifecycle-livedata-2.7.0.aar (androidx.lifecycle:lifecycle-livedata:2.7.0) with JetifyTransform
Transforming user-messaging-platform-2.1.0.aar (com.google.android.ump:user-messaging-platform:2.1.0) with AggregatedPackagesTransform
Transforming lifecycle-livedata-2.7.0.aar (androidx.lifecycle:lifecycle-livedata:2.7.0) with AarToClassTransform
Transforming lifecycle-livedata-2.7.0.aar (androidx.lifecycle:lifecycle-livedata:2.7.0) with IdentityTransform
Transforming savedstate-ktx-1.2.1.aar (androidx.savedstate:savedstate-ktx:1.2.1) with JetifyTransform
Caching disabled for CopyTransform: C:\Users\user\.gradle\caches\transforms-3\33b0af3b8430c1856c232f6357c87aa1\transformed\jetified-play-services-measurement-base-20.1.2-runtime.jar because:
  Build cache is disabled
Transforming savedstate-ktx-1.2.1.aar (androidx.savedstate:savedstate-ktx:1.2.1) with AarToClassTransform
Caching disabled for IdentityTransform: C:\Users\user\.gradle\caches\transforms-3\016f2f9bf5aae713a9e947cd14ea82e1\transformed\jetified-play-services-basement-18.2.0-runtime.jar because:
  Build cache is disabled
Transforming savedstate-ktx-1.2.1.aar (androidx.savedstate:savedstate-ktx:1.2.1) with IdentityTransform
Skipping CopyTransform: C:\Users\user\.gradle\caches\transforms-3\33b0af3b8430c1856c232f6357c87aa1\transformed\jetified-play-services-measurement-base-20.1.2-runtime.jar as it is up-to-date.
Caching disabled for AggregatedPackagesTransform: C:\Users\user\.gradle\caches\transforms-3\6569206bf9072d6661d389998ed970b2\transformed\jetified-play-services-ads-identifier-18.0.0-runtime.jar because:
  Build cache is disabled
Caching disabled for CopyTransform: C:\Users\user\.gradle\caches\transforms-3\7d3b86cc73d11a0e8f3d0df9340045b7\transformed\jetified-play-services-measurement-sdk-api-20.1.2-runtime.jar because:
  Build cache is disabled
Skipping AggregatedPackagesTransform: C:\Users\user\.gradle\caches\transforms-3\6569206bf9072d6661d389998ed970b2\transformed\jetified-play-services-ads-identifier-18.0.0-runtime.jar as it is up-to-date.
Skipping CopyTransform: C:\Users\user\.gradle\caches\transforms-3\7d3b86cc73d11a0e8f3d0df9340045b7\transformed\jetified-play-services-measurement-sdk-api-20.1.2-runtime.jar as it is up-to-date.
Transforming savedstate-1.2.1.aar (androidx.savedstate:savedstate:1.2.1) with JetifyTransform
Transforming play-services-measurement-base-20.1.2.aar (com.google.android.gms:play-services-measurement-base:20.1.2) with AggregatedPackagesTransform
Caching disabled for AggregatedPackagesTransform: C:\Users\user\.gradle\caches\transforms-3\408586bc301ccebe86f94afa5d2e6572\transformed\jetified-user-messaging-platform-2.1.0-runtime.jar because:
  Build cache is disabled
Skipping IdentityTransform: C:\Users\user\.gradle\caches\transforms-3\016f2f9bf5aae713a9e947cd14ea82e1\transformed\jetified-play-services-basement-18.2.0-runtime.jar as it is up-to-date.
Skipping AggregatedPackagesTransform: C:\Users\user\.gradle\caches\transforms-3\408586bc301ccebe86f94afa5d2e6572\transformed\jetified-user-messaging-platform-2.1.0-runtime.jar as it is up-to-date.
Transforming savedstate-1.2.1.aar (androidx.savedstate:savedstate:1.2.1) with AarToClassTransform
Transforming play-services-measurement-sdk-api-20.1.2.aar (com.google.android.gms:play-services-measurement-sdk-api:20.1.2) with AggregatedPackagesTransform
Transforming savedstate-1.2.1.aar (androidx.savedstate:savedstate:1.2.1) with IdentityTransform
Transforming lifecycle-common-2.7.0.jar (androidx.lifecycle:lifecycle-common:2.7.0) with JetifyTransform
Transforming play-services-basement-18.2.0.aar (com.google.android.gms:play-services-basement:18.2.0) with CopyTransform
Transforming lifecycle-common-2.7.0.jar (androidx.lifecycle:lifecycle-common:2.7.0) with IdentityTransform
Transforming lifecycle-common-2.7.0.jar (androidx.lifecycle:lifecycle-common:2.7.0) with IdentityTransform
Transforming lifecycle-common-2.7.0.jar (androidx.lifecycle:lifecycle-common:2.7.0) with CopyTransform
Transforming lifecycle-viewmodel-savedstate-2.7.0.aar (androidx.lifecycle:lifecycle-viewmodel-savedstate:2.7.0) with JetifyTransform
Transforming lifecycle-viewmodel-savedstate-2.7.0.aar (androidx.lifecycle:lifecycle-viewmodel-savedstate:2.7.0) with AarToClassTransform
Transforming lifecycle-viewmodel-savedstate-2.7.0.aar (androidx.lifecycle:lifecycle-viewmodel-savedstate:2.7.0) with IdentityTransform
Transforming lifecycle-viewmodel-ktx-2.7.0.aar (androidx.lifecycle:lifecycle-viewmodel-ktx:2.7.0) with JetifyTransform
Transforming lifecycle-viewmodel-ktx-2.7.0.aar (androidx.lifecycle:lifecycle-viewmodel-ktx:2.7.0) with AarToClassTransform
Transforming lifecycle-viewmodel-ktx-2.7.0.aar (androidx.lifecycle:lifecycle-viewmodel-ktx:2.7.0) with IdentityTransform
Transforming lifecycle-common-java8-2.7.0.jar (androidx.lifecycle:lifecycle-common-java8:2.7.0) with JetifyTransform
Caching disabled for AggregatedPackagesTransform: C:\Users\user\.gradle\caches\transforms-3\33b0af3b8430c1856c232f6357c87aa1\transformed\jetified-play-services-measurement-base-20.1.2-runtime.jar because:
  Build cache is disabled
Transforming lifecycle-common-java8-2.7.0.jar (androidx.lifecycle:lifecycle-common-java8:2.7.0) with IdentityTransform
Skipping AggregatedPackagesTransform: C:\Users\user\.gradle\caches\transforms-3\33b0af3b8430c1856c232f6357c87aa1\transformed\jetified-play-services-measurement-base-20.1.2-runtime.jar as it is up-to-date.
Transforming lifecycle-common-java8-2.7.0.jar (androidx.lifecycle:lifecycle-common-java8:2.7.0) with IdentityTransform
Transforming lifecycle-common-java8-2.7.0.jar (androidx.lifecycle:lifecycle-common-java8:2.7.0) with CopyTransform
Caching disabled for CopyTransform: C:\Users\user\.gradle\caches\transforms-3\016f2f9bf5aae713a9e947cd14ea82e1\transformed\jetified-play-services-basement-18.2.0-runtime.jar because:
  Build cache is disabled
Transforming lifecycle-viewmodel-2.7.0.aar (androidx.lifecycle:lifecycle-viewmodel:2.7.0) with JetifyTransform
Skipping CopyTransform: C:\Users\user\.gradle\caches\transforms-3\016f2f9bf5aae713a9e947cd14ea82e1\transformed\jetified-play-services-basement-18.2.0-runtime.jar as it is up-to-date.
Caching disabled for AggregatedPackagesTransform: C:\Users\user\.gradle\caches\transforms-3\7d3b86cc73d11a0e8f3d0df9340045b7\transformed\jetified-play-services-measurement-sdk-api-20.1.2-runtime.jar because:
  Build cache is disabled
Transforming lifecycle-viewmodel-2.7.0.aar (androidx.lifecycle:lifecycle-viewmodel:2.7.0) with AarToClassTransform
Skipping AggregatedPackagesTransform: C:\Users\user\.gradle\caches\transforms-3\7d3b86cc73d11a0e8f3d0df9340045b7\transformed\jetified-play-services-measurement-sdk-api-20.1.2-runtime.jar as it is up-to-date.
Transforming lifecycle-viewmodel-2.7.0.aar (androidx.lifecycle:lifecycle-viewmodel:2.7.0) with IdentityTransform
Transforming play-services-basement-18.2.0.aar (com.google.android.gms:play-services-basement:18.2.0) with AggregatedPackagesTransform
Transforming lifecycle-viewmodel-2.7.0.aar (androidx.lifecycle:lifecycle-viewmodel:2.7.0) with JetifyTransform
Transforming lifecycle-viewmodel-2.7.0.aar (androidx.lifecycle:lifecycle-viewmodel:2.7.0) with AarToClassTransform
Transforming lifecycle-viewmodel-2.7.0.aar (androidx.lifecycle:lifecycle-viewmodel:2.7.0) with IdentityTransform
Transforming lifecycle-runtime-2.7.0.aar (androidx.lifecycle:lifecycle-runtime:2.7.0) with JetifyTransform
Transforming lifecycle-runtime-2.7.0.aar (androidx.lifecycle:lifecycle-runtime:2.7.0) with AarToClassTransform
Transforming lifecycle-runtime-2.7.0.aar (androidx.lifecycle:lifecycle-runtime:2.7.0) with IdentityTransform
Transforming lifecycle-runtime-ktx-2.7.0.aar (androidx.lifecycle:lifecycle-runtime-ktx:2.7.0) with JetifyTransform
Transforming lifecycle-runtime-ktx-2.7.0.aar (androidx.lifecycle:lifecycle-runtime-ktx:2.7.0) with AarToClassTransform
Transforming lifecycle-runtime-ktx-2.7.0.aar (androidx.lifecycle:lifecycle-runtime-ktx:2.7.0) with IdentityTransform
Transforming lifecycle-viewmodel-compose-2.7.0.aar (androidx.lifecycle:lifecycle-viewmodel-compose:2.7.0) with JetifyTransform
Transforming lifecycle-viewmodel-compose-2.7.0.aar (androidx.lifecycle:lifecycle-viewmodel-compose:2.7.0) with AarToClassTransform
Transforming lifecycle-viewmodel-compose-2.7.0.aar (androidx.lifecycle:lifecycle-viewmodel-compose:2.7.0) with IdentityTransform
Transforming accompanist-drawablepainter-0.32.0.aar (com.google.accompanist:accompanist-drawablepainter:0.32.0) with JetifyTransform
Transforming accompanist-drawablepainter-0.32.0.aar (com.google.accompanist:accompanist-drawablepainter:0.32.0) with AarToClassTransform
Transforming accompanist-drawablepainter-0.32.0.aar (com.google.accompanist:accompanist-drawablepainter:0.32.0) with IdentityTransform
Transforming ui-release.aar (androidx.compose.ui:ui-android:1.6.1) with JetifyTransform
Transforming ui-release.aar (androidx.compose.ui:ui-android:1.6.1) with AarToClassTransform
Transforming ui-release.aar (androidx.compose.ui:ui-android:1.6.1) with IdentityTransform
Transforming activity-ktx-1.8.2.aar (androidx.activity:activity-ktx:1.8.2) with JetifyTransform
Transforming activity-ktx-1.8.2.aar (androidx.activity:activity-ktx:1.8.2) with AarToClassTransform
Transforming activity-ktx-1.8.2.aar (androidx.activity:activity-ktx:1.8.2) with IdentityTransform
Transforming activity-compose-1.8.2.aar (androidx.activity:activity-compose:1.8.2) with JetifyTransform
Transforming activity-compose-1.8.2.aar (androidx.activity:activity-compose:1.8.2) with AarToClassTransform
Transforming activity-compose-1.8.2.aar (androidx.activity:activity-compose:1.8.2) with IdentityTransform
Caching disabled for IdentityTransform: C:\Users\user\.gradle\caches\transforms-3\6b6d04a6646ba00b8d9e6b0880549e61\transformed\fragment-1.5.1-runtime.jar because:
  Build cache is disabled
Caching disabled for AggregatedPackagesTransform: C:\Users\user\.gradle\caches\transforms-3\016f2f9bf5aae713a9e947cd14ea82e1\transformed\jetified-play-services-basement-18.2.0-runtime.jar because:
  Build cache is disabled
Transforming activity-1.8.2.aar (androidx.activity:activity:1.8.2) with JetifyTransform
Skipping AggregatedPackagesTransform: C:\Users\user\.gradle\caches\transforms-3\016f2f9bf5aae713a9e947cd14ea82e1\transformed\jetified-play-services-basement-18.2.0-runtime.jar as it is up-to-date.
Skipping IdentityTransform: C:\Users\user\.gradle\caches\transforms-3\6b6d04a6646ba00b8d9e6b0880549e61\transformed\fragment-1.5.1-runtime.jar as it is up-to-date.
Transforming activity-1.8.2.aar (androidx.activity:activity:1.8.2) with AarToClassTransform
Transforming activity-1.8.2.aar (androidx.activity:activity:1.8.2) with IdentityTransform
Transforming exoplayer-2.19.1.aar (com.google.android.exoplayer:exoplayer:2.19.1) with JetifyTransform
Transforming exoplayer-2.19.1.aar (com.google.android.exoplayer:exoplayer:2.19.1) with AarToClassTransform
Transforming exoplayer-2.19.1.aar (com.google.android.exoplayer:exoplayer:2.19.1) with IdentityTransform
Transforming fragment-1.5.1.aar (androidx.fragment:fragment:1.5.1) with CopyTransform
Transforming exoplayer-dash-2.19.1.aar (com.google.android.exoplayer:exoplayer-dash:2.19.1) with JetifyTransform
Transforming fragment-1.5.1.aar (androidx.fragment:fragment:1.5.1) with CopyTransform
Transforming exoplayer-dash-2.19.1.aar (com.google.android.exoplayer:exoplayer-dash:2.19.1) with AarToClassTransform
Transforming exoplayer-dash-2.19.1.aar (com.google.android.exoplayer:exoplayer-dash:2.19.1) with IdentityTransform
Transforming exoplayer-hls-2.19.1.aar (com.google.android.exoplayer:exoplayer-hls:2.19.1) with JetifyTransform
Transforming exoplayer-hls-2.19.1.aar (com.google.android.exoplayer:exoplayer-hls:2.19.1) with AarToClassTransform
Transforming exoplayer-hls-2.19.1.aar (com.google.android.exoplayer:exoplayer-hls:2.19.1) with IdentityTransform
Transforming exoplayer-rtsp-2.19.1.aar (com.google.android.exoplayer:exoplayer-rtsp:2.19.1) with JetifyTransform
Transforming exoplayer-rtsp-2.19.1.aar (com.google.android.exoplayer:exoplayer-rtsp:2.19.1) with AarToClassTransform
Transforming exoplayer-rtsp-2.19.1.aar (com.google.android.exoplayer:exoplayer-rtsp:2.19.1) with IdentityTransform
Transforming exoplayer-smoothstreaming-2.19.1.aar (com.google.android.exoplayer:exoplayer-smoothstreaming:2.19.1) with JetifyTransform
Transforming exoplayer-smoothstreaming-2.19.1.aar (com.google.android.exoplayer:exoplayer-smoothstreaming:2.19.1) with AarToClassTransform
Transforming exoplayer-smoothstreaming-2.19.1.aar (com.google.android.exoplayer:exoplayer-smoothstreaming:2.19.1) with IdentityTransform
Transforming exoplayer-core-2.19.1.aar (com.google.android.exoplayer:exoplayer-core:2.19.1) with JetifyTransform
Transforming exoplayer-core-2.19.1.aar (com.google.android.exoplayer:exoplayer-core:2.19.1) with AarToClassTransform
Transforming exoplayer-core-2.19.1.aar (com.google.android.exoplayer:exoplayer-core:2.19.1) with IdentityTransform
Transforming exoplayer-ui-2.19.1.aar (com.google.android.exoplayer:exoplayer-ui:2.19.1) with JetifyTransform
Transforming exoplayer-ui-2.19.1.aar (com.google.android.exoplayer:exoplayer-ui:2.19.1) with AarToClassTransform
Transforming exoplayer-ui-2.19.1.aar (com.google.android.exoplayer:exoplayer-ui:2.19.1) with IdentityTransform
Transforming recyclerview-1.3.0.aar (androidx.recyclerview:recyclerview:1.3.0) with JetifyTransform
Transforming recyclerview-1.3.0.aar (androidx.recyclerview:recyclerview:1.3.0) with AarToClassTransform
Transforming recyclerview-1.3.0.aar (androidx.recyclerview:recyclerview:1.3.0) with IdentityTransform
Transforming recyclerview-1.3.0.aar (androidx.recyclerview:recyclerview:1.3.0) with JetifyTransform
Transforming recyclerview-1.3.0.aar (androidx.recyclerview:recyclerview:1.3.0) with AarToClassTransform
Transforming recyclerview-1.3.0.aar (androidx.recyclerview:recyclerview:1.3.0) with IdentityTransform
Transforming media-1.6.0.aar (androidx.media:media:1.6.0) with JetifyTransform
Transforming media-1.6.0.aar (androidx.media:media:1.6.0) with AarToClassTransform
Transforming media-1.6.0.aar (androidx.media:media:1.6.0) with IdentityTransform
Transforming browser-1.4.0.aar (androidx.browser:browser:1.4.0) with JetifyTransform
Transforming browser-1.4.0.aar (androidx.browser:browser:1.4.0) with AarToClassTransform
Transforming browser-1.4.0.aar (androidx.browser:browser:1.4.0) with IdentityTransform
Caching disabled for IdentityTransform: C:\Users\user\.gradle\caches\transforms-3\c7404c16f8323c612aba8f8daff00918\transformed\jetified-emoji2-views-helper-1.3.0-runtime.jar because:
  Build cache is disabled
Transforming viewpager-1.0.0.aar (androidx.viewpager:viewpager:1.0.0) with JetifyTransform
Skipping IdentityTransform: C:\Users\user\.gradle\caches\transforms-3\c7404c16f8323c612aba8f8daff00918\transformed\jetified-emoji2-views-helper-1.3.0-runtime.jar as it is up-to-date.
Transforming viewpager-1.0.0.aar (androidx.viewpager:viewpager:1.0.0) with AarToClassTransform
Transforming viewpager-1.0.0.aar (androidx.viewpager:viewpager:1.0.0) with IdentityTransform
Transforming customview-1.1.0.aar (androidx.customview:customview:1.1.0) with JetifyTransform
Transforming customview-1.1.0.aar (androidx.customview:customview:1.1.0) with AarToClassTransform
Transforming customview-1.1.0.aar (androidx.customview:customview:1.1.0) with IdentityTransform
Caching disabled for IdentityTransform: C:\Users\user\.gradle\caches\transforms-3\1d539e6b1bf43d8e90879ea3f659faba\transformed\jetified-lifecycle-service-2.7.0-runtime.jar because:
  Build cache is disabled
Transforming emoji2-views-helper-1.3.0.aar (androidx.emoji2:emoji2-views-helper:1.3.0) with CopyTransform
Caching disabled for IdentityTransform: C:\Users\user\.gradle\caches\transforms-3\8ff1775b919556a348d79df5c981b619\transformed\jetified-lifecycle-process-2.7.0-runtime.jar because:
  Build cache is disabled
Caching disabled for IdentityTransform: C:\Users\user\.gradle\caches\transforms-3\25e2d7b5eb97f24dfe1a84b6903f032e\transformed\jetified-emoji2-1.3.0-runtime.jar because:
  Build cache is disabled
Skipping IdentityTransform: C:\Users\user\.gradle\caches\transforms-3\8ff1775b919556a348d79df5c981b619\transformed\jetified-lifecycle-process-2.7.0-runtime.jar as it is up-to-date.
Skipping IdentityTransform: C:\Users\user\.gradle\caches\transforms-3\25e2d7b5eb97f24dfe1a84b6903f032e\transformed\jetified-emoji2-1.3.0-runtime.jar as it is up-to-date.
Transforming customview-1.1.0.aar (androidx.customview:customview:1.1.0) with JetifyTransform
Caching disabled for IdentityTransform: C:\Users\user\.gradle\caches\transforms-3\f48316c7dfdadd40a1805734e32bf8c2\transformed\jetified-lifecycle-livedata-ktx-2.7.0-runtime.jar because:
  Build cache is disabled
Transforming customview-1.1.0.aar (androidx.customview:customview:1.1.0) with AarToClassTransform
Caching disabled for IdentityTransform: C:\Users\user\.gradle\caches\transforms-3\8b72aab8dc64b5477016c95240d55347\transformed\jetified-lifecycle-livedata-core-ktx-2.7.0-runtime.jar because:
  Build cache is disabled
Transforming emoji2-1.3.0.aar (androidx.emoji2:emoji2:1.3.0) with CopyTransform
Caching disabled for CopyTransform: C:\Users\user\.gradle\caches\transforms-3\6b6d04a6646ba00b8d9e6b0880549e61\transformed\fragment-1.5.1-runtime.jar because:
  Build cache is disabled
Transforming lifecycle-process-2.7.0.aar (androidx.lifecycle:lifecycle-process:2.7.0) with CopyTransform
Skipping CopyTransform: C:\Users\user\.gradle\caches\transforms-3\6b6d04a6646ba00b8d9e6b0880549e61\transformed\fragment-1.5.1-runtime.jar as it is up-to-date.
Skipping IdentityTransform: C:\Users\user\.gradle\caches\transforms-3\1d539e6b1bf43d8e90879ea3f659faba\transformed\jetified-lifecycle-service-2.7.0-runtime.jar as it is up-to-date.
Skipping IdentityTransform: C:\Users\user\.gradle\caches\transforms-3\8b72aab8dc64b5477016c95240d55347\transformed\jetified-lifecycle-livedata-core-ktx-2.7.0-runtime.jar as it is up-to-date.
Transforming customview-1.1.0.aar (androidx.customview:customview:1.1.0) with IdentityTransform
Caching disabled for IdentityTransform: C:\Users\user\.gradle\caches\transforms-3\30faa9ae3a6dd8ad711f2dd271f99d5b\transformed\lifecycle-livedata-core-2.7.0-runtime.jar because:
  Build cache is disabled
Transforming customview-1.1.0.aar (androidx.customview:customview:1.1.0) with JetifyTransform
Transforming fragment-1.5.1.aar (androidx.fragment:fragment:1.5.1) with AggregatedPackagesTransform
Skipping IdentityTransform: C:\Users\user\.gradle\caches\transforms-3\f48316c7dfdadd40a1805734e32bf8c2\transformed\jetified-lifecycle-livedata-ktx-2.7.0-runtime.jar as it is up-to-date.
Transforming lifecycle-livedata-core-ktx-2.7.0.aar (androidx.lifecycle:lifecycle-livedata-core-ktx:2.7.0) with CopyTransform
Transforming lifecycle-service-2.7.0.aar (androidx.lifecycle:lifecycle-service:2.7.0) with CopyTransform
Skipping IdentityTransform: C:\Users\user\.gradle\caches\transforms-3\30faa9ae3a6dd8ad711f2dd271f99d5b\transformed\lifecycle-livedata-core-2.7.0-runtime.jar as it is up-to-date.
Transforming customview-1.1.0.aar (androidx.customview:customview:1.1.0) with AarToClassTransform
Transforming lifecycle-livedata-ktx-2.7.0.aar (androidx.lifecycle:lifecycle-livedata-ktx:2.7.0) with CopyTransform
Transforming fragment-1.5.1.aar (androidx.fragment:fragment:1.5.1) with AggregatedPackagesTransform
Transforming customview-1.1.0.aar (androidx.customview:customview:1.1.0) with IdentityTransform
Caching disabled for CopyTransform: C:\Users\user\.gradle\caches\transforms-3\c7404c16f8323c612aba8f8daff00918\transformed\jetified-emoji2-views-helper-1.3.0-runtime.jar because:
  Build cache is disabled
Transforming lifecycle-livedata-core-2.7.0.aar (androidx.lifecycle:lifecycle-livedata-core:2.7.0) with CopyTransform
Skipping CopyTransform: C:\Users\user\.gradle\caches\transforms-3\c7404c16f8323c612aba8f8daff00918\transformed\jetified-emoji2-views-helper-1.3.0-runtime.jar as it is up-to-date.
Transforming customview-1.1.0.aar (androidx.customview:customview:1.1.0) with JetifyTransform
Transforming customview-1.1.0.aar (androidx.customview:customview:1.1.0) with AarToClassTransform
Transforming emoji2-views-helper-1.3.0.aar (androidx.emoji2:emoji2-views-helper:1.3.0) with AggregatedPackagesTransform
Transforming customview-1.1.0.aar (androidx.customview:customview:1.1.0) with IdentityTransform
Caching disabled for CopyTransform: C:\Users\user\.gradle\caches\transforms-3\25e2d7b5eb97f24dfe1a84b6903f032e\transformed\jetified-emoji2-1.3.0-runtime.jar because:
  Build cache is disabled
Transforming autofill-1.0.0.aar (androidx.autofill:autofill:1.0.0) with JetifyTransform
Caching disabled for CopyTransform: C:\Users\user\.gradle\caches\transforms-3\8ff1775b919556a348d79df5c981b619\transformed\jetified-lifecycle-process-2.7.0-runtime.jar because:
  Build cache is disabled
Transforming autofill-1.0.0.aar (androidx.autofill:autofill:1.0.0) with AarToClassTransform
Skipping CopyTransform: C:\Users\user\.gradle\caches\transforms-3\25e2d7b5eb97f24dfe1a84b6903f032e\transformed\jetified-emoji2-1.3.0-runtime.jar as it is up-to-date.
Transforming autofill-1.0.0.aar (androidx.autofill:autofill:1.0.0) with IdentityTransform
Skipping CopyTransform: C:\Users\user\.gradle\caches\transforms-3\8ff1775b919556a348d79df5c981b619\transformed\jetified-lifecycle-process-2.7.0-runtime.jar as it is up-to-date.
Caching disabled for CopyTransform: C:\Users\user\.gradle\caches\transforms-3\8b72aab8dc64b5477016c95240d55347\transformed\jetified-lifecycle-livedata-core-ktx-2.7.0-runtime.jar because:
  Build cache is disabled
Transforming emoji2-1.3.0.aar (androidx.emoji2:emoji2:1.3.0) with AggregatedPackagesTransform
Transforming core-1.12.0.aar (androidx.core:core:1.12.0) with JetifyTransform
Skipping CopyTransform: C:\Users\user\.gradle\caches\transforms-3\8b72aab8dc64b5477016c95240d55347\transformed\jetified-lifecycle-livedata-core-ktx-2.7.0-runtime.jar as it is up-to-date.
Transforming core-1.12.0.aar (androidx.core:core:1.12.0) with AarToClassTransform
Transforming lifecycle-process-2.7.0.aar (androidx.lifecycle:lifecycle-process:2.7.0) with AggregatedPackagesTransform
Transforming core-1.12.0.aar (androidx.core:core:1.12.0) with IdentityTransform
Caching disabled for CopyTransform: C:\Users\user\.gradle\caches\transforms-3\f48316c7dfdadd40a1805734e32bf8c2\transformed\jetified-lifecycle-livedata-ktx-2.7.0-runtime.jar because:
  Build cache is disabled
Caching disabled for CopyTransform: C:\Users\user\.gradle\caches\transforms-3\1d539e6b1bf43d8e90879ea3f659faba\transformed\jetified-lifecycle-service-2.7.0-runtime.jar because:
  Build cache is disabled
Skipping CopyTransform: C:\Users\user\.gradle\caches\transforms-3\f48316c7dfdadd40a1805734e32bf8c2\transformed\jetified-lifecycle-livedata-ktx-2.7.0-runtime.jar as it is up-to-date.
Caching disabled for CopyTransform: C:\Users\user\.gradle\caches\transforms-3\30faa9ae3a6dd8ad711f2dd271f99d5b\transformed\lifecycle-livedata-core-2.7.0-runtime.jar because:
  Build cache is disabled
Caching disabled for AggregatedPackagesTransform: C:\Users\user\.gradle\caches\transforms-3\6b6d04a6646ba00b8d9e6b0880549e61\transformed\fragment-1.5.1-runtime.jar because:
  Build cache is disabled
Transforming core-1.12.0.aar (androidx.core:core:1.12.0) with JetifyTransform
Skipping AggregatedPackagesTransform: C:\Users\user\.gradle\caches\transforms-3\6b6d04a6646ba00b8d9e6b0880549e61\transformed\fragment-1.5.1-runtime.jar as it is up-to-date.
Transforming core-1.12.0.aar (androidx.core:core:1.12.0) with AarToClassTransform
Transforming lifecycle-livedata-ktx-2.7.0.aar (androidx.lifecycle:lifecycle-livedata-ktx:2.7.0) with AggregatedPackagesTransform
Transforming core-1.12.0.aar (androidx.core:core:1.12.0) with IdentityTransform
Skipping CopyTransform: C:\Users\user\.gradle\caches\transforms-3\30faa9ae3a6dd8ad711f2dd271f99d5b\transformed\lifecycle-livedata-core-2.7.0-runtime.jar as it is up-to-date.
Caching disabled for AggregatedPackagesTransform: C:\Users\user\.gradle\caches\transforms-3\c7404c16f8323c612aba8f8daff00918\transformed\jetified-emoji2-views-helper-1.3.0-runtime.jar because:
  Build cache is disabled
Skipping CopyTransform: C:\Users\user\.gradle\caches\transforms-3\1d539e6b1bf43d8e90879ea3f659faba\transformed\jetified-lifecycle-service-2.7.0-runtime.jar as it is up-to-date.
Transforming lifecycle-livedata-core-2.7.0.aar (androidx.lifecycle:lifecycle-livedata-core:2.7.0) with AggregatedPackagesTransform
Transforming lifecycle-livedata-core-ktx-2.7.0.aar (androidx.lifecycle:lifecycle-livedata-core-ktx:2.7.0) with AggregatedPackagesTransform
Skipping AggregatedPackagesTransform: C:\Users\user\.gradle\caches\transforms-3\c7404c16f8323c612aba8f8daff00918\transformed\jetified-emoji2-views-helper-1.3.0-runtime.jar as it is up-to-date.
Caching disabled for AggregatedPackagesTransform: C:\Users\user\.gradle\caches\transforms-3\25e2d7b5eb97f24dfe1a84b6903f032e\transformed\jetified-emoji2-1.3.0-runtime.jar because:
  Build cache is disabled
Transforming core-1.12.0.aar (androidx.core:core:1.12.0) with JetifyTransform
Skipping AggregatedPackagesTransform: C:\Users\user\.gradle\caches\transforms-3\25e2d7b5eb97f24dfe1a84b6903f032e\transformed\jetified-emoji2-1.3.0-runtime.jar as it is up-to-date.
Transforming core-1.12.0.aar (androidx.core:core:1.12.0) with AarToClassTransform
Transforming lifecycle-service-2.7.0.aar (androidx.lifecycle:lifecycle-service:2.7.0) with AggregatedPackagesTransform
Transforming core-1.12.0.aar (androidx.core:core:1.12.0) with IdentityTransform
Caching disabled for AggregatedPackagesTransform: C:\Users\user\.gradle\caches\transforms-3\8ff1775b919556a348d79df5c981b619\transformed\jetified-lifecycle-process-2.7.0-runtime.jar because:
  Build cache is disabled
Transforming core-1.12.0.aar (androidx.core:core:1.12.0) with JetifyTransform
Skipping AggregatedPackagesTransform: C:\Users\user\.gradle\caches\transforms-3\8ff1775b919556a348d79df5c981b619\transformed\jetified-lifecycle-process-2.7.0-runtime.jar as it is up-to-date.
Transforming core-1.12.0.aar (androidx.core:core:1.12.0) with AarToClassTransform
Transforming core-1.12.0.aar (androidx.core:core:1.12.0) with IdentityTransform
Transforming core-1.12.0.aar (androidx.core:core:1.12.0) with JetifyTransform
Transforming core-1.12.0.aar (androidx.core:core:1.12.0) with AarToClassTransform
Transforming core-1.12.0.aar (androidx.core:core:1.12.0) with IdentityTransform
Caching disabled for AggregatedPackagesTransform: C:\Users\user\.gradle\caches\transforms-3\f48316c7dfdadd40a1805734e32bf8c2\transformed\jetified-lifecycle-livedata-ktx-2.7.0-runtime.jar because:
  Build cache is disabled
Transforming core-1.12.0.aar (androidx.core:core:1.12.0) with JetifyTransform
Caching disabled for IdentityTransform: C:\Users\user\.gradle\caches\transforms-3\ab956bceba0b386472f25666bcd96036\transformed\legacy-support-core-utils-1.0.0-runtime.jar because:
  Build cache is disabled
Transforming core-1.12.0.aar (androidx.core:core:1.12.0) with AarToClassTransform
Skipping IdentityTransform: C:\Users\user\.gradle\caches\transforms-3\ab956bceba0b386472f25666bcd96036\transformed\legacy-support-core-utils-1.0.0-runtime.jar as it is up-to-date.
Transforming core-1.12.0.aar (androidx.core:core:1.12.0) with IdentityTransform
Skipping AggregatedPackagesTransform: C:\Users\user\.gradle\caches\transforms-3\f48316c7dfdadd40a1805734e32bf8c2\transformed\jetified-lifecycle-livedata-ktx-2.7.0-runtime.jar as it is up-to-date.
Transforming core-1.12.0.aar (androidx.core:core:1.12.0) with JetifyTransform
Caching disabled for IdentityTransform: C:\Users\user\.gradle\caches\transforms-3\030edc75fbca2454cd3f11f4ce558fd9\transformed\lifecycle-livedata-2.7.0-runtime.jar because:
  Build cache is disabled
Caching disabled for IdentityTransform: C:\Users\user\.gradle\caches\transforms-3\6746d594d084cbd91679b1ae7523bb5a\transformed\loader-1.0.0-runtime.jar because:
  Build cache is disabled
Transforming legacy-support-core-utils-1.0.0.aar (androidx.legacy:legacy-support-core-utils:1.0.0) with CopyTransform
Skipping IdentityTransform: C:\Users\user\.gradle\caches\transforms-3\6746d594d084cbd91679b1ae7523bb5a\transformed\loader-1.0.0-runtime.jar as it is up-to-date.
Skipping IdentityTransform: C:\Users\user\.gradle\caches\transforms-3\030edc75fbca2454cd3f11f4ce558fd9\transformed\lifecycle-livedata-2.7.0-runtime.jar as it is up-to-date.
Transforming core-1.12.0.aar (androidx.core:core:1.12.0) with AarToClassTransform
Caching disabled for AggregatedPackagesTransform: C:\Users\user\.gradle\caches\transforms-3\8b72aab8dc64b5477016c95240d55347\transformed\jetified-lifecycle-livedata-core-ktx-2.7.0-runtime.jar because:
  Build cache is disabled
Transforming core-1.12.0.aar (androidx.core:core:1.12.0) with IdentityTransform
Transforming loader-1.0.0.aar (androidx.loader:loader:1.0.0) with CopyTransform
Transforming loader-1.0.0.aar (androidx.loader:loader:1.0.0) with CopyTransform
Skipping AggregatedPackagesTransform: C:\Users\user\.gradle\caches\transforms-3\8b72aab8dc64b5477016c95240d55347\transformed\jetified-lifecycle-livedata-core-ktx-2.7.0-runtime.jar as it is up-to-date.
Transforming lifecycle-livedata-2.7.0.aar (androidx.lifecycle:lifecycle-livedata:2.7.0) with CopyTransform
Transforming core-1.12.0.aar (androidx.core:core:1.12.0) with JetifyTransform
Transforming lifecycle-livedata-2.7.0.aar (androidx.lifecycle:lifecycle-livedata:2.7.0) with CopyTransform
Transforming core-1.12.0.aar (androidx.core:core:1.12.0) with AarToClassTransform
Caching disabled for AggregatedPackagesTransform: C:\Users\user\.gradle\caches\transforms-3\30faa9ae3a6dd8ad711f2dd271f99d5b\transformed\lifecycle-livedata-core-2.7.0-runtime.jar because:
  Build cache is disabled
Transforming core-1.12.0.aar (androidx.core:core:1.12.0) with IdentityTransform
Skipping AggregatedPackagesTransform: C:\Users\user\.gradle\caches\transforms-3\30faa9ae3a6dd8ad711f2dd271f99d5b\transformed\lifecycle-livedata-core-2.7.0-runtime.jar as it is up-to-date.
Caching disabled for AggregatedPackagesTransform: C:\Users\user\.gradle\caches\transforms-3\1d539e6b1bf43d8e90879ea3f659faba\transformed\jetified-lifecycle-service-2.7.0-runtime.jar because:
  Build cache is disabled
Transforming core-1.12.0.aar (androidx.core:core:1.12.0) with JetifyTransform
Skipping AggregatedPackagesTransform: C:\Users\user\.gradle\caches\transforms-3\1d539e6b1bf43d8e90879ea3f659faba\transformed\jetified-lifecycle-service-2.7.0-runtime.jar as it is up-to-date.
Transforming core-1.12.0.aar (androidx.core:core:1.12.0) with AarToClassTransform
Transforming core-1.12.0.aar (androidx.core:core:1.12.0) with IdentityTransform
Caching disabled for IdentityTransform: C:\Users\user\.gradle\caches\transforms-3\e0d2ab855e4247356a8cef6da263e2f4\transformed\jetified-savedstate-ktx-1.2.1-runtime.jar because:
  Build cache is disabled
Transforming core-1.12.0.aar (androidx.core:core:1.12.0) with JetifyTransform
Skipping IdentityTransform: C:\Users\user\.gradle\caches\transforms-3\e0d2ab855e4247356a8cef6da263e2f4\transformed\jetified-savedstate-ktx-1.2.1-runtime.jar as it is up-to-date.
Transforming core-1.12.0.aar (androidx.core:core:1.12.0) with AarToClassTransform
Caching disabled for CopyTransform: C:\Users\user\.gradle\caches\modules-2\files-2.1\androidx.lifecycle\lifecycle-common\2.7.0\85334205d65cca70ed0109c3acbd29e22a2d9cb1\lifecycle-common-2.7.0.jar because:
  Build cache is disabled
Caching disabled for CopyTransform: C:\Users\user\.gradle\caches\transforms-3\6746d594d084cbd91679b1ae7523bb5a\transformed\loader-1.0.0-runtime.jar because:
  Build cache is disabled
Transforming core-1.12.0.aar (androidx.core:core:1.12.0) with IdentityTransform
Skipping CopyTransform: C:\Users\user\.gradle\caches\modules-2\files-2.1\androidx.lifecycle\lifecycle-common\2.7.0\85334205d65cca70ed0109c3acbd29e22a2d9cb1\lifecycle-common-2.7.0.jar as it is up-to-date.
Transforming core-1.12.0.aar (androidx.core:core:1.12.0) with JetifyTransform
Caching disabled for CopyTransform: C:\Users\user\.gradle\caches\transforms-3\030edc75fbca2454cd3f11f4ce558fd9\transformed\lifecycle-livedata-2.7.0-runtime.jar because:
  Build cache is disabled
Caching disabled for IdentityTransform: C:\Users\user\.gradle\caches\transforms-3\a52f538531e4deb79b26fe0acf716bab\transformed\jetified-savedstate-1.2.1-runtime.jar because:
  Build cache is disabled
Caching disabled for CopyTransform: C:\Users\user\.gradle\caches\transforms-3\ab956bceba0b386472f25666bcd96036\transformed\legacy-support-core-utils-1.0.0-runtime.jar because:
  Build cache is disabled
Skipping IdentityTransform: C:\Users\user\.gradle\caches\transforms-3\a52f538531e4deb79b26fe0acf716bab\transformed\jetified-savedstate-1.2.1-runtime.jar as it is up-to-date.
Transforming savedstate-ktx-1.2.1.aar (androidx.savedstate:savedstate-ktx:1.2.1) with CopyTransform
Skipping CopyTransform: C:\Users\user\.gradle\caches\transforms-3\ab956bceba0b386472f25666bcd96036\transformed\legacy-support-core-utils-1.0.0-runtime.jar as it is up-to-date.
Transforming lifecycle-common-2.7.0.jar (androidx.lifecycle:lifecycle-common:2.7.0) with AggregatedPackagesTransform
Skipping CopyTransform: C:\Users\user\.gradle\caches\transforms-3\030edc75fbca2454cd3f11f4ce558fd9\transformed\lifecycle-livedata-2.7.0-runtime.jar as it is up-to-date.
Transforming core-1.12.0.aar (androidx.core:core:1.12.0) with AarToClassTransform
Skipping CopyTransform: C:\Users\user\.gradle\caches\transforms-3\6746d594d084cbd91679b1ae7523bb5a\transformed\loader-1.0.0-runtime.jar as it is up-to-date.
Transforming core-1.12.0.aar (androidx.core:core:1.12.0) with IdentityTransform
Caching disabled for IdentityTransform: C:\Users\user\.gradle\caches\transforms-3\30e6f0804494cce2b12c86d37111742c\transformed\jetified-lifecycle-viewmodel-ktx-2.7.0-runtime.jar because:
  Build cache is disabled
Transforming savedstate-1.2.1.aar (androidx.savedstate:savedstate:1.2.1) with CopyTransform
Skipping IdentityTransform: C:\Users\user\.gradle\caches\transforms-3\30e6f0804494cce2b12c86d37111742c\transformed\jetified-lifecycle-viewmodel-ktx-2.7.0-runtime.jar as it is up-to-date.
Caching disabled for IdentityTransform: C:\Users\user\.gradle\caches\transforms-3\0852846616b933ae0efdb874796966a9\transformed\jetified-lifecycle-viewmodel-savedstate-2.7.0-runtime.jar because:
  Build cache is disabled
Transforming loader-1.0.0.aar (androidx.loader:loader:1.0.0) with AggregatedPackagesTransform
Transforming loader-1.0.0.aar (androidx.loader:loader:1.0.0) with AggregatedPackagesTransform
Transforming lifecycle-livedata-2.7.0.aar (androidx.lifecycle:lifecycle-livedata:2.7.0) with AggregatedPackagesTransform
Transforming lifecycle-livedata-2.7.0.aar (androidx.lifecycle:lifecycle-livedata:2.7.0) with AggregatedPackagesTransform
Transforming legacy-support-core-utils-1.0.0.aar (androidx.legacy:legacy-support-core-utils:1.0.0) with AggregatedPackagesTransform
Transforming core-1.12.0.aar (androidx.core:core:1.12.0) with JetifyTransform
Caching disabled for CopyTransform: C:\Users\user\.gradle\caches\modules-2\files-2.1\androidx.lifecycle\lifecycle-common-java8\2.7.0\2ad14aed781c4a73ed4dbb421966d408a0a06686\lifecycle-common-java8-2.7.0.jar because:
  Build cache is disabled
Transforming core-1.12.0.aar (androidx.core:core:1.12.0) with AarToClassTransform
Transforming lifecycle-viewmodel-ktx-2.7.0.aar (androidx.lifecycle:lifecycle-viewmodel-ktx:2.7.0) with CopyTransform
Transforming core-1.12.0.aar (androidx.core:core:1.12.0) with IdentityTransform
Skipping IdentityTransform: C:\Users\user\.gradle\caches\transforms-3\0852846616b933ae0efdb874796966a9\transformed\jetified-lifecycle-viewmodel-savedstate-2.7.0-runtime.jar as it is up-to-date.
Transforming core-1.12.0.aar (androidx.core:core:1.12.0) with JetifyTransform
Caching disabled for AggregatedPackagesTransform: C:\Users\user\.gradle\caches\modules-2\files-2.1\androidx.lifecycle\lifecycle-common\2.7.0\85334205d65cca70ed0109c3acbd29e22a2d9cb1\lifecycle-common-2.7.0.jar because:
  Build cache is disabled
Caching disabled for CopyTransform: C:\Users\user\.gradle\caches\transforms-3\e0d2ab855e4247356a8cef6da263e2f4\transformed\jetified-savedstate-ktx-1.2.1-runtime.jar because:
  Build cache is disabled
Skipping AggregatedPackagesTransform: C:\Users\user\.gradle\caches\modules-2\files-2.1\androidx.lifecycle\lifecycle-common\2.7.0\85334205d65cca70ed0109c3acbd29e22a2d9cb1\lifecycle-common-2.7.0.jar as it is up-to-date.
Skipping CopyTransform: C:\Users\user\.gradle\caches\transforms-3\e0d2ab855e4247356a8cef6da263e2f4\transformed\jetified-savedstate-ktx-1.2.1-runtime.jar as it is up-to-date.
Transforming lifecycle-viewmodel-savedstate-2.7.0.aar (androidx.lifecycle:lifecycle-viewmodel-savedstate:2.7.0) with CopyTransform
Skipping CopyTransform: C:\Users\user\.gradle\caches\modules-2\files-2.1\androidx.lifecycle\lifecycle-common-java8\2.7.0\2ad14aed781c4a73ed4dbb421966d408a0a06686\lifecycle-common-java8-2.7.0.jar as it is up-to-date.
Caching disabled for CopyTransform: C:\Users\user\.gradle\caches\transforms-3\a52f538531e4deb79b26fe0acf716bab\transformed\jetified-savedstate-1.2.1-runtime.jar because:
  Build cache is disabled
Transforming core-1.12.0.aar (androidx.core:core:1.12.0) with AarToClassTransform
Skipping CopyTransform: C:\Users\user\.gradle\caches\transforms-3\a52f538531e4deb79b26fe0acf716bab\transformed\jetified-savedstate-1.2.1-runtime.jar as it is up-to-date.
Transforming core-1.12.0.aar (androidx.core:core:1.12.0) with IdentityTransform
Caching disabled for AggregatedPackagesTransform: C:\Users\user\.gradle\caches\transforms-3\030edc75fbca2454cd3f11f4ce558fd9\transformed\lifecycle-livedata-2.7.0-runtime.jar because:
  Build cache is disabled
Transforming savedstate-ktx-1.2.1.aar (androidx.savedstate:savedstate-ktx:1.2.1) with AggregatedPackagesTransform
Skipping AggregatedPackagesTransform: C:\Users\user\.gradle\caches\transforms-3\030edc75fbca2454cd3f11f4ce558fd9\transformed\lifecycle-livedata-2.7.0-runtime.jar as it is up-to-date.
Caching disabled for AggregatedPackagesTransform: C:\Users\user\.gradle\caches\transforms-3\ab956bceba0b386472f25666bcd96036\transformed\legacy-support-core-utils-1.0.0-runtime.jar because:
  Build cache is disabled
Transforming core-1.12.0.aar (androidx.core:core:1.12.0) with JetifyTransform
Skipping AggregatedPackagesTransform: C:\Users\user\.gradle\caches\transforms-3\ab956bceba0b386472f25666bcd96036\transformed\legacy-support-core-utils-1.0.0-runtime.jar as it is up-to-date.
Transforming core-1.12.0.aar (androidx.core:core:1.12.0) with AarToClassTransform
Transforming core-1.12.0.aar (androidx.core:core:1.12.0) with IdentityTransform
Transforming lifecycle-common-java8-2.7.0.jar (androidx.lifecycle:lifecycle-common-java8:2.7.0) with AggregatedPackagesTransform
Transforming core-1.12.0.aar (androidx.core:core:1.12.0) with JetifyTransform
Transforming savedstate-1.2.1.aar (androidx.savedstate:savedstate:1.2.1) with AggregatedPackagesTransform
Transforming core-1.12.0.aar (androidx.core:core:1.12.0) with AarToClassTransform
Transforming core-1.12.0.aar (androidx.core:core:1.12.0) with IdentityTransform
Transforming ads-adservices-java-1.0.0-beta05.aar (androidx.privacysandbox.ads:ads-adservices-java:1.0.0-beta05) with JetifyTransform
Transforming ads-adservices-java-1.0.0-beta05.aar (androidx.privacysandbox.ads:ads-adservices-java:1.0.0-beta05) with AarToClassTransform
Transforming ads-adservices-java-1.0.0-beta05.aar (androidx.privacysandbox.ads:ads-adservices-java:1.0.0-beta05) with IdentityTransform
Transforming ads-adservices-1.0.0-beta05.aar (androidx.privacysandbox.ads:ads-adservices:1.0.0-beta05) with JetifyTransform
Transforming ads-adservices-1.0.0-beta05.aar (androidx.privacysandbox.ads:ads-adservices:1.0.0-beta05) with AarToClassTransform
Transforming ads-adservices-1.0.0-beta05.aar (androidx.privacysandbox.ads:ads-adservices:1.0.0-beta05) with IdentityTransform
Caching disabled for AggregatedPackagesTransform: C:\Users\user\.gradle\caches\transforms-3\6746d594d084cbd91679b1ae7523bb5a\transformed\loader-1.0.0-runtime.jar because:
  Build cache is disabled
Caching disabled for IdentityTransform: C:\Users\user\.gradle\caches\transforms-3\61075e641cd09ec9ae86a412711ebb14\transformed\lifecycle-viewmodel-2.7.0-runtime.jar because:
  Build cache is disabled
Skipping AggregatedPackagesTransform: C:\Users\user\.gradle\caches\transforms-3\6746d594d084cbd91679b1ae7523bb5a\transformed\loader-1.0.0-runtime.jar as it is up-to-date.
Skipping IdentityTransform: C:\Users\user\.gradle\caches\transforms-3\61075e641cd09ec9ae86a412711ebb14\transformed\lifecycle-viewmodel-2.7.0-runtime.jar as it is up-to-date.
Caching disabled for AggregatedPackagesTransform: C:\Users\user\.gradle\caches\transforms-3\e0d2ab855e4247356a8cef6da263e2f4\transformed\jetified-savedstate-ktx-1.2.1-runtime.jar because:
  Build cache is disabled
Transforming ads-adservices-1.0.0-beta05.aar (androidx.privacysandbox.ads:ads-adservices:1.0.0-beta05) with JetifyTransform
Skipping AggregatedPackagesTransform: C:\Users\user\.gradle\caches\transforms-3\e0d2ab855e4247356a8cef6da263e2f4\transformed\jetified-savedstate-ktx-1.2.1-runtime.jar as it is up-to-date.
Transforming ads-adservices-1.0.0-beta05.aar (androidx.privacysandbox.ads:ads-adservices:1.0.0-beta05) with AarToClassTransform
Caching disabled for CopyTransform: C:\Users\user\.gradle\caches\transforms-3\30e6f0804494cce2b12c86d37111742c\transformed\jetified-lifecycle-viewmodel-ktx-2.7.0-runtime.jar because:
  Build cache is disabled
Transforming lifecycle-viewmodel-2.7.0.aar (androidx.lifecycle:lifecycle-viewmodel:2.7.0) with CopyTransform
Skipping CopyTransform: C:\Users\user\.gradle\caches\transforms-3\30e6f0804494cce2b12c86d37111742c\transformed\jetified-lifecycle-viewmodel-ktx-2.7.0-runtime.jar as it is up-to-date.
Transforming lifecycle-viewmodel-2.7.0.aar (androidx.lifecycle:lifecycle-viewmodel:2.7.0) with CopyTransform
Transforming lifecycle-viewmodel-ktx-2.7.0.aar (androidx.lifecycle:lifecycle-viewmodel-ktx:2.7.0) with AggregatedPackagesTransform
Transforming ads-adservices-1.0.0-beta05.aar (androidx.privacysandbox.ads:ads-adservices:1.0.0-beta05) with IdentityTransform
Caching disabled for IdentityTransform: C:\Users\user\.gradle\caches\transforms-3\875896cff31bf983463985a499c876f9\transformed\lifecycle-runtime-2.7.0-runtime.jar because:
  Build cache is disabled
Transforming customview-poolingcontainer-1.0.0.aar (androidx.customview:customview-poolingcontainer:1.0.0) with JetifyTransform
Skipping IdentityTransform: C:\Users\user\.gradle\caches\transforms-3\875896cff31bf983463985a499c876f9\transformed\lifecycle-runtime-2.7.0-runtime.jar as it is up-to-date.
Caching disabled for AggregatedPackagesTransform: C:\Users\user\.gradle\caches\modules-2\files-2.1\androidx.lifecycle\lifecycle-common-java8\2.7.0\2ad14aed781c4a73ed4dbb421966d408a0a06686\lifecycle-common-java8-2.7.0.jar because:
  Build cache is disabled
Transforming customview-poolingcontainer-1.0.0.aar (androidx.customview:customview-poolingcontainer:1.0.0) with AarToClassTransform
Caching disabled for CopyTransform: C:\Users\user\.gradle\caches\transforms-3\0852846616b933ae0efdb874796966a9\transformed\jetified-lifecycle-viewmodel-savedstate-2.7.0-runtime.jar because:
  Build cache is disabled
Transforming customview-poolingcontainer-1.0.0.aar (androidx.customview:customview-poolingcontainer:1.0.0) with IdentityTransform
Caching disabled for IdentityTransform: C:\Users\user\.gradle\caches\transforms-3\4d24ee823fd69d0d2661782d9e54a86f\transformed\jetified-lifecycle-runtime-ktx-2.7.0-runtime.jar because:
  Build cache is disabled
Transforming core-ktx-1.12.0.aar (androidx.core:core-ktx:1.12.0) with JetifyTransform
Transforming lifecycle-runtime-2.7.0.aar (androidx.lifecycle:lifecycle-runtime:2.7.0) with CopyTransform
Skipping CopyTransform: C:\Users\user\.gradle\caches\transforms-3\0852846616b933ae0efdb874796966a9\transformed\jetified-lifecycle-viewmodel-savedstate-2.7.0-runtime.jar as it is up-to-date.
Skipping AggregatedPackagesTransform: C:\Users\user\.gradle\caches\modules-2\files-2.1\androidx.lifecycle\lifecycle-common-java8\2.7.0\2ad14aed781c4a73ed4dbb421966d408a0a06686\lifecycle-common-java8-2.7.0.jar as it is up-to-date.
Caching disabled for IdentityTransform: C:\Users\user\.gradle\caches\transforms-3\c023ddf8ff6606add534a0a514c0d958\transformed\jetified-lifecycle-viewmodel-compose-2.7.0-runtime.jar because:
  Build cache is disabled
Caching disabled for AggregatedPackagesTransform: C:\Users\user\.gradle\caches\transforms-3\a52f538531e4deb79b26fe0acf716bab\transformed\jetified-savedstate-1.2.1-runtime.jar because:
  Build cache is disabled
Skipping IdentityTransform: C:\Users\user\.gradle\caches\transforms-3\c023ddf8ff6606add534a0a514c0d958\transformed\jetified-lifecycle-viewmodel-compose-2.7.0-runtime.jar as it is up-to-date.
Transforming core-ktx-1.12.0.aar (androidx.core:core-ktx:1.12.0) with AarToClassTransform
Skipping AggregatedPackagesTransform: C:\Users\user\.gradle\caches\transforms-3\a52f538531e4deb79b26fe0acf716bab\transformed\jetified-savedstate-1.2.1-runtime.jar as it is up-to-date.
Skipping IdentityTransform: C:\Users\user\.gradle\caches\transforms-3\4d24ee823fd69d0d2661782d9e54a86f\transformed\jetified-lifecycle-runtime-ktx-2.7.0-runtime.jar as it is up-to-date.
Transforming core-ktx-1.12.0.aar (androidx.core:core-ktx:1.12.0) with IdentityTransform
Caching disabled for IdentityTransform: C:\Users\user\.gradle\caches\transforms-3\66f9a201c7b86efd9eac80a4c532c700\transformed\jetified-ui-release-runtime.jar because:
  Build cache is disabled
Transforming flexbox-3.0.0.aar (com.google.android.flexbox:flexbox:3.0.0) with JetifyTransform
Skipping IdentityTransform: C:\Users\user\.gradle\caches\transforms-3\66f9a201c7b86efd9eac80a4c532c700\transformed\jetified-ui-release-runtime.jar as it is up-to-date.
Transforming flexbox-3.0.0.aar (com.google.android.flexbox:flexbox:3.0.0) with AarToClassTransform
Transforming flexbox-3.0.0.aar (com.google.android.flexbox:flexbox:3.0.0) with IdentityTransform
Transforming core-splashscreen-1.0.1.aar (androidx.core:core-splashscreen:1.0.1) with JetifyTransform
Transforming core-splashscreen-1.0.1.aar (androidx.core:core-splashscreen:1.0.1) with AarToClassTransform
Transforming ui-release.aar (androidx.compose.ui:ui-android:1.6.1) with CopyTransform
Transforming core-splashscreen-1.0.1.aar (androidx.core:core-splashscreen:1.0.1) with IdentityTransform
Transforming lifecycle-viewmodel-compose-2.7.0.aar (androidx.lifecycle:lifecycle-viewmodel-compose:2.7.0) with CopyTransform
Transforming kotlin-parcelize-runtime-1.9.22.jar (org.jetbrains.kotlin:kotlin-parcelize-runtime:1.9.22) with JetifyTransform
Transforming lifecycle-viewmodel-savedstate-2.7.0.aar (androidx.lifecycle:lifecycle-viewmodel-savedstate:2.7.0) with AggregatedPackagesTransform
Caching disabled for IdentityTransform: C:\Users\user\.gradle\caches\transforms-3\a6200e9e9597139e3b066cee15035524\transformed\jetified-accompanist-drawablepainter-0.32.0-runtime.jar because:
  Build cache is disabled
Caching disabled for CopyTransform: C:\Users\user\.gradle\caches\transforms-3\61075e641cd09ec9ae86a412711ebb14\transformed\lifecycle-viewmodel-2.7.0-runtime.jar because:
  Build cache is disabled
Skipping IdentityTransform: C:\Users\user\.gradle\caches\transforms-3\a6200e9e9597139e3b066cee15035524\transformed\jetified-accompanist-drawablepainter-0.32.0-runtime.jar as it is up-to-date.
Skipping CopyTransform: C:\Users\user\.gradle\caches\transforms-3\61075e641cd09ec9ae86a412711ebb14\transformed\lifecycle-viewmodel-2.7.0-runtime.jar as it is up-to-date.
Transforming lifecycle-runtime-ktx-2.7.0.aar (androidx.lifecycle:lifecycle-runtime-ktx:2.7.0) with CopyTransform
Caching disabled for CopyTransform: C:\Users\user\.gradle\caches\transforms-3\875896cff31bf983463985a499c876f9\transformed\lifecycle-runtime-2.7.0-runtime.jar because:
  Build cache is disabled
Caching disabled for AggregatedPackagesTransform: C:\Users\user\.gradle\caches\transforms-3\30e6f0804494cce2b12c86d37111742c\transformed\jetified-lifecycle-viewmodel-ktx-2.7.0-runtime.jar because:
  Build cache is disabled
Skipping CopyTransform: C:\Users\user\.gradle\caches\transforms-3\875896cff31bf983463985a499c876f9\transformed\lifecycle-runtime-2.7.0-runtime.jar as it is up-to-date.
Transforming lifecycle-viewmodel-2.7.0.aar (androidx.lifecycle:lifecycle-viewmodel:2.7.0) with AggregatedPackagesTransform
Transforming kotlin-parcelize-runtime-1.9.22.jar (org.jetbrains.kotlin:kotlin-parcelize-runtime:1.9.22) with IdentityTransform
Transforming accompanist-drawablepainter-0.32.0.aar (com.google.accompanist:accompanist-drawablepainter:0.32.0) with CopyTransform
Skipping AggregatedPackagesTransform: C:\Users\user\.gradle\caches\transforms-3\30e6f0804494cce2b12c86d37111742c\transformed\jetified-lifecycle-viewmodel-ktx-2.7.0-runtime.jar as it is up-to-date.
Transforming lifecycle-runtime-2.7.0.aar (androidx.lifecycle:lifecycle-runtime:2.7.0) with AggregatedPackagesTransform
Transforming lifecycle-viewmodel-2.7.0.aar (androidx.lifecycle:lifecycle-viewmodel:2.7.0) with AggregatedPackagesTransform
Caching disabled for IdentityTransform: C:\Users\user\.gradle\caches\transforms-3\75e5793fc14c1f6222e34322c18c27d7\transformed\jetified-activity-ktx-1.8.2-runtime.jar because:
  Build cache is disabled
Skipping IdentityTransform: C:\Users\user\.gradle\caches\transforms-3\75e5793fc14c1f6222e34322c18c27d7\transformed\jetified-activity-ktx-1.8.2-runtime.jar as it is up-to-date.
Transforming kotlin-parcelize-runtime-1.9.22.jar (org.jetbrains.kotlin:kotlin-parcelize-runtime:1.9.22) with IdentityTransform
Caching disabled for IdentityTransform: C:\Users\user\.gradle\caches\transforms-3\2788a04752515ef533ae8bf6247fe0c8\transformed\jetified-activity-compose-1.8.2-runtime.jar because:
  Build cache is disabled
Transforming activity-ktx-1.8.2.aar (androidx.activity:activity-ktx:1.8.2) with CopyTransform
Skipping IdentityTransform: C:\Users\user\.gradle\caches\transforms-3\2788a04752515ef533ae8bf6247fe0c8\transformed\jetified-activity-compose-1.8.2-runtime.jar as it is up-to-date.
Caching disabled for AggregatedPackagesTransform: C:\Users\user\.gradle\caches\transforms-3\0852846616b933ae0efdb874796966a9\transformed\jetified-lifecycle-viewmodel-savedstate-2.7.0-runtime.jar because:
  Build cache is disabled
Transforming kotlin-parcelize-runtime-1.9.22.jar (org.jetbrains.kotlin:kotlin-parcelize-runtime:1.9.22) with CopyTransform
Skipping AggregatedPackagesTransform: C:\Users\user\.gradle\caches\transforms-3\0852846616b933ae0efdb874796966a9\transformed\jetified-lifecycle-viewmodel-savedstate-2.7.0-runtime.jar as it is up-to-date.
Caching disabled for AggregatedPackagesTransform: C:\Users\user\.gradle\caches\transforms-3\61075e641cd09ec9ae86a412711ebb14\transformed\lifecycle-viewmodel-2.7.0-runtime.jar because:
  Build cache is disabled
Caching disabled for CopyTransform: C:\Users\user\.gradle\caches\transforms-3\a6200e9e9597139e3b066cee15035524\transformed\jetified-accompanist-drawablepainter-0.32.0-runtime.jar because:
  Build cache is disabled
Transforming activity-compose-1.8.2.aar (androidx.activity:activity-compose:1.8.2) with CopyTransform
Skipping CopyTransform: C:\Users\user\.gradle\caches\transforms-3\a6200e9e9597139e3b066cee15035524\transformed\jetified-accompanist-drawablepainter-0.32.0-runtime.jar as it is up-to-date.
Caching disabled for CopyTransform: C:\Users\user\.gradle\caches\transforms-3\c023ddf8ff6606add534a0a514c0d958\transformed\jetified-lifecycle-viewmodel-compose-2.7.0-runtime.jar because:
  Build cache is disabled
Skipping AggregatedPackagesTransform: C:\Users\user\.gradle\caches\transforms-3\61075e641cd09ec9ae86a412711ebb14\transformed\lifecycle-viewmodel-2.7.0-runtime.jar as it is up-to-date.
Skipping CopyTransform: C:\Users\user\.gradle\caches\transforms-3\c023ddf8ff6606add534a0a514c0d958\transformed\jetified-lifecycle-viewmodel-compose-2.7.0-runtime.jar as it is up-to-date.
Transforming accompanist-drawablepainter-0.32.0.aar (com.google.accompanist:accompanist-drawablepainter:0.32.0) with AggregatedPackagesTransform
Transforming sqlite-framework-2.4.0.aar (androidx.sqlite:sqlite-framework:2.4.0) with JetifyTransform
Caching disabled for CopyTransform: C:\Users\user\.gradle\caches\transforms-3\66f9a201c7b86efd9eac80a4c532c700\transformed\jetified-ui-release-runtime.jar because:
  Build cache is disabled
Skipping CopyTransform: C:\Users\user\.gradle\caches\transforms-3\66f9a201c7b86efd9eac80a4c532c700\transformed\jetified-ui-release-runtime.jar as it is up-to-date.
Caching disabled for CopyTransform: C:\Users\user\.gradle\caches\transforms-3\4d24ee823fd69d0d2661782d9e54a86f\transformed\jetified-lifecycle-runtime-ktx-2.7.0-runtime.jar because:
  Build cache is disabled
Transforming lifecycle-viewmodel-compose-2.7.0.aar (androidx.lifecycle:lifecycle-viewmodel-compose:2.7.0) with AggregatedPackagesTransform
Transforming sqlite-framework-2.4.0.aar (androidx.sqlite:sqlite-framework:2.4.0) with AarToClassTransform
Caching disabled for CopyTransform: C:\Users\user\.gradle\caches\transforms-3\75e5793fc14c1f6222e34322c18c27d7\transformed\jetified-activity-ktx-1.8.2-runtime.jar because:
  Build cache is disabled
Skipping CopyTransform: C:\Users\user\.gradle\caches\transforms-3\4d24ee823fd69d0d2661782d9e54a86f\transformed\jetified-lifecycle-runtime-ktx-2.7.0-runtime.jar as it is up-to-date.
Transforming sqlite-framework-2.4.0.aar (androidx.sqlite:sqlite-framework:2.4.0) with IdentityTransform
Transforming ui-release.aar (androidx.compose.ui:ui-android:1.6.1) with AggregatedPackagesTransform
Transforming sqlite-2.4.0.aar (androidx.sqlite:sqlite:2.4.0) with JetifyTransform
Caching disabled for AggregatedPackagesTransform: C:\Users\user\.gradle\caches\transforms-3\875896cff31bf983463985a499c876f9\transformed\lifecycle-runtime-2.7.0-runtime.jar because:
  Build cache is disabled
Transforming sqlite-2.4.0.aar (androidx.sqlite:sqlite:2.4.0) with AarToClassTransform
Caching disabled for IdentityTransform: C:\Users\user\.gradle\caches\transforms-3\284f6fab7233da5fe8f203ad6fb2c54d\transformed\jetified-activity-1.8.2-runtime.jar because:
  Build cache is disabled
Transforming sqlite-2.4.0.aar (androidx.sqlite:sqlite:2.4.0) with IdentityTransform
Skipping CopyTransform: C:\Users\user\.gradle\caches\transforms-3\75e5793fc14c1f6222e34322c18c27d7\transformed\jetified-activity-ktx-1.8.2-runtime.jar as it is up-to-date.
Transforming logging-interceptor-4.12.0.jar (com.squareup.okhttp3:logging-interceptor:4.12.0) with JetifyTransform
Transforming lifecycle-runtime-ktx-2.7.0.aar (androidx.lifecycle:lifecycle-runtime-ktx:2.7.0) with AggregatedPackagesTransform
Skipping AggregatedPackagesTransform: C:\Users\user\.gradle\caches\transforms-3\875896cff31bf983463985a499c876f9\transformed\lifecycle-runtime-2.7.0-runtime.jar as it is up-to-date.
Caching disabled for IdentityTransform: C:\Users\user\.gradle\caches\transforms-3\7c38e0affdd9a82b23486d0838c0b65c\transformed\jetified-exoplayer-2.19.1-runtime.jar because:
  Build cache is disabled
Transforming activity-ktx-1.8.2.aar (androidx.activity:activity-ktx:1.8.2) with AggregatedPackagesTransform
Caching disabled for CopyTransform: C:\Users\user\.gradle\caches\transforms-3\2788a04752515ef533ae8bf6247fe0c8\transformed\jetified-activity-compose-1.8.2-runtime.jar because:
  Build cache is disabled
Transforming logging-interceptor-4.12.0.jar (com.squareup.okhttp3:logging-interceptor:4.12.0) with IdentityTransform
Transforming logging-interceptor-4.12.0.jar (com.squareup.okhttp3:logging-interceptor:4.12.0) with IdentityTransform
Caching disabled for AggregatedPackagesTransform: C:\Users\user\.gradle\caches\transforms-3\a6200e9e9597139e3b066cee15035524\transformed\jetified-accompanist-drawablepainter-0.32.0-runtime.jar because:
  Build cache is disabled
Skipping IdentityTransform: C:\Users\user\.gradle\caches\transforms-3\284f6fab7233da5fe8f203ad6fb2c54d\transformed\jetified-activity-1.8.2-runtime.jar as it is up-to-date.
Transforming logging-interceptor-4.12.0.jar (com.squareup.okhttp3:logging-interceptor:4.12.0) with CopyTransform
Caching disabled for IdentityTransform: C:\Users\user\.gradle\caches\transforms-3\79741f08ce47ad8ba3085e60079b3107\transformed\jetified-exoplayer-hls-2.19.1-runtime.jar because:
  Build cache is disabled
Transforming kotlinx-coroutines-core-jvm-1.7.3.jar (org.jetbrains.kotlinx:kotlinx-coroutines-core-jvm:1.7.3) with JetifyTransform
Skipping CopyTransform: C:\Users\user\.gradle\caches\transforms-3\2788a04752515ef533ae8bf6247fe0c8\transformed\jetified-activity-compose-1.8.2-runtime.jar as it is up-to-date.
Skipping IdentityTransform: C:\Users\user\.gradle\caches\transforms-3\7c38e0affdd9a82b23486d0838c0b65c\transformed\jetified-exoplayer-2.19.1-runtime.jar as it is up-to-date.
Transforming kotlinx-coroutines-core-jvm-1.7.3.jar (org.jetbrains.kotlinx:kotlinx-coroutines-core-jvm:1.7.3) with IdentityTransform
Skipping IdentityTransform: C:\Users\user\.gradle\caches\transforms-3\79741f08ce47ad8ba3085e60079b3107\transformed\jetified-exoplayer-hls-2.19.1-runtime.jar as it is up-to-date.
Transforming kotlinx-coroutines-core-jvm-1.7.3.jar (org.jetbrains.kotlinx:kotlinx-coroutines-core-jvm:1.7.3) with IdentityTransform
Caching disabled for AggregatedPackagesTransform: C:\Users\user\.gradle\caches\transforms-3\c023ddf8ff6606add534a0a514c0d958\transformed\jetified-lifecycle-viewmodel-compose-2.7.0-runtime.jar because:
  Build cache is disabled
Skipping AggregatedPackagesTransform: C:\Users\user\.gradle\caches\transforms-3\a6200e9e9597139e3b066cee15035524\transformed\jetified-accompanist-drawablepainter-0.32.0-runtime.jar as it is up-to-date.
Transforming exoplayer-2.19.1.aar (com.google.android.exoplayer:exoplayer:2.19.1) with CopyTransform
Transforming activity-compose-1.8.2.aar (androidx.activity:activity-compose:1.8.2) with AggregatedPackagesTransform
Caching disabled for AggregatedPackagesTransform: C:\Users\user\.gradle\caches\transforms-3\75e5793fc14c1f6222e34322c18c27d7\transformed\jetified-activity-ktx-1.8.2-runtime.jar because:
  Build cache is disabled
Transforming kotlinx-coroutines-core-jvm-1.7.3.jar (org.jetbrains.kotlinx:kotlinx-coroutines-core-jvm:1.7.3) with CopyTransform
Skipping AggregatedPackagesTransform: C:\Users\user\.gradle\caches\transforms-3\75e5793fc14c1f6222e34322c18c27d7\transformed\jetified-activity-ktx-1.8.2-runtime.jar as it is up-to-date.
Transforming activity-1.8.2.aar (androidx.activity:activity:1.8.2) with CopyTransform
Transforming kotlinx-coroutines-android-1.7.3.jar (org.jetbrains.kotlinx:kotlinx-coroutines-android:1.7.3) with JetifyTransform
Transforming exoplayer-hls-2.19.1.aar (com.google.android.exoplayer:exoplayer-hls:2.19.1) with CopyTransform
Transforming kotlinx-coroutines-android-1.7.3.jar (org.jetbrains.kotlinx:kotlinx-coroutines-android:1.7.3) with IdentityTransform
Caching disabled for IdentityTransform: C:\Users\user\.gradle\caches\transforms-3\e7c399f43b1aebf66215cac235cbda23\transformed\jetified-exoplayer-dash-2.19.1-runtime.jar because:
  Build cache is disabled
Caching disabled for AggregatedPackagesTransform: C:\Users\user\.gradle\caches\transforms-3\4d24ee823fd69d0d2661782d9e54a86f\transformed\jetified-lifecycle-runtime-ktx-2.7.0-runtime.jar because:
  Build cache is disabled
Skipping AggregatedPackagesTransform: C:\Users\user\.gradle\caches\transforms-3\c023ddf8ff6606add534a0a514c0d958\transformed\jetified-lifecycle-viewmodel-compose-2.7.0-runtime.jar as it is up-to-date.
Skipping IdentityTransform: C:\Users\user\.gradle\caches\transforms-3\e7c399f43b1aebf66215cac235cbda23\transformed\jetified-exoplayer-dash-2.19.1-runtime.jar as it is up-to-date.
Transforming kotlinx-coroutines-android-1.7.3.jar (org.jetbrains.kotlinx:kotlinx-coroutines-android:1.7.3) with IdentityTransform
Caching disabled for IdentityTransform: C:\Users\user\.gradle\caches\transforms-3\886f4f20195aa0e7f9f51bb16138f2b1\transformed\jetified-exoplayer-rtsp-2.19.1-runtime.jar because:
  Build cache is disabled
Caching disabled for AggregatedPackagesTransform: C:\Users\user\.gradle\caches\transforms-3\66f9a201c7b86efd9eac80a4c532c700\transformed\jetified-ui-release-runtime.jar because:
  Build cache is disabled
Skipping IdentityTransform: C:\Users\user\.gradle\caches\transforms-3\886f4f20195aa0e7f9f51bb16138f2b1\transformed\jetified-exoplayer-rtsp-2.19.1-runtime.jar as it is up-to-date.
Skipping AggregatedPackagesTransform: C:\Users\user\.gradle\caches\transforms-3\66f9a201c7b86efd9eac80a4c532c700\transformed\jetified-ui-release-runtime.jar as it is up-to-date.
Transforming kotlinx-coroutines-android-1.7.3.jar (org.jetbrains.kotlinx:kotlinx-coroutines-android:1.7.3) with CopyTransform
Skipping AggregatedPackagesTransform: C:\Users\user\.gradle\caches\transforms-3\4d24ee823fd69d0d2661782d9e54a86f\transformed\jetified-lifecycle-runtime-ktx-2.7.0-runtime.jar as it is up-to-date.
Transforming exoplayer-dash-2.19.1.aar (com.google.android.exoplayer:exoplayer-dash:2.19.1) with CopyTransform
Caching disabled for AggregatedPackagesTransform: C:\Users\user\.gradle\caches\transforms-3\2788a04752515ef533ae8bf6247fe0c8\transformed\jetified-activity-compose-1.8.2-runtime.jar because:
  Build cache is disabled
Caching disabled for IdentityTransform: C:\Users\user\.gradle\caches\transforms-3\91e761804dbedd296881e5bed134e72b\transformed\jetified-exoplayer-smoothstreaming-2.19.1-runtime.jar because:
  Build cache is disabled
Transforming exoplayer-rtsp-2.19.1.aar (com.google.android.exoplayer:exoplayer-rtsp:2.19.1) with CopyTransform
Skipping AggregatedPackagesTransform: C:\Users\user\.gradle\caches\transforms-3\2788a04752515ef533ae8bf6247fe0c8\transformed\jetified-activity-compose-1.8.2-runtime.jar as it is up-to-date.
Caching disabled for CopyTransform: C:\Users\user\.gradle\caches\transforms-3\284f6fab7233da5fe8f203ad6fb2c54d\transformed\jetified-activity-1.8.2-runtime.jar because:
  Build cache is disabled
Skipping CopyTransform: C:\Users\user\.gradle\caches\transforms-3\284f6fab7233da5fe8f203ad6fb2c54d\transformed\jetified-activity-1.8.2-runtime.jar as it is up-to-date.
Skipping IdentityTransform: C:\Users\user\.gradle\caches\transforms-3\91e761804dbedd296881e5bed134e72b\transformed\jetified-exoplayer-smoothstreaming-2.19.1-runtime.jar as it is up-to-date.
Caching disabled for CopyTransform: C:\Users\user\.gradle\caches\transforms-3\79741f08ce47ad8ba3085e60079b3107\transformed\jetified-exoplayer-hls-2.19.1-runtime.jar because:
  Build cache is disabled
Transforming converter-gson-2.9.0.jar (com.squareup.retrofit2:converter-gson:2.9.0) with JetifyTransform
Skipping CopyTransform: C:\Users\user\.gradle\caches\transforms-3\79741f08ce47ad8ba3085e60079b3107\transformed\jetified-exoplayer-hls-2.19.1-runtime.jar as it is up-to-date.
Transforming converter-gson-2.9.0.jar (com.squareup.retrofit2:converter-gson:2.9.0) with IdentityTransform
Caching disabled for IdentityTransform: C:\Users\user\.gradle\caches\transforms-3\43c3be15f8f3ceffcc552d2c36fe0df7\transformed\jetified-exoplayer-core-2.19.1-runtime.jar because:
  Build cache is disabled
Transforming converter-gson-2.9.0.jar (com.squareup.retrofit2:converter-gson:2.9.0) with IdentityTransform
Caching disabled for CopyTransform: C:\Users\user\.gradle\caches\transforms-3\7c38e0affdd9a82b23486d0838c0b65c\transformed\jetified-exoplayer-2.19.1-runtime.jar because:
  Build cache is disabled
Caching disabled for IdentityTransform: C:\Users\user\.gradle\caches\transforms-3\ac2628e86e90e812fd6207c42f71ce57\transformed\recyclerview-1.3.0-runtime.jar because:
  Build cache is disabled
Skipping CopyTransform: C:\Users\user\.gradle\caches\transforms-3\7c38e0affdd9a82b23486d0838c0b65c\transformed\jetified-exoplayer-2.19.1-runtime.jar as it is up-to-date.
Skipping IdentityTransform: C:\Users\user\.gradle\caches\transforms-3\ac2628e86e90e812fd6207c42f71ce57\transformed\recyclerview-1.3.0-runtime.jar as it is up-to-date.
Transforming exoplayer-hls-2.19.1.aar (com.google.android.exoplayer:exoplayer-hls:2.19.1) with AggregatedPackagesTransform
Caching disabled for IdentityTransform: C:\Users\user\.gradle\caches\transforms-3\654935bdaf2bc3e478b92561bc08fac3\transformed\jetified-exoplayer-ui-2.19.1-runtime.jar because:
  Build cache is disabled
Caching disabled for CopyTransform: C:\Users\user\.gradle\caches\transforms-3\e7c399f43b1aebf66215cac235cbda23\transformed\jetified-exoplayer-dash-2.19.1-runtime.jar because:
  Build cache is disabled
Transforming recyclerview-1.3.0.aar (androidx.recyclerview:recyclerview:1.3.0) with CopyTransform
Skipping CopyTransform: C:\Users\user\.gradle\caches\transforms-3\e7c399f43b1aebf66215cac235cbda23\transformed\jetified-exoplayer-dash-2.19.1-runtime.jar as it is up-to-date.
Caching disabled for CopyTransform: C:\Users\user\.gradle\caches\transforms-3\886f4f20195aa0e7f9f51bb16138f2b1\transformed\jetified-exoplayer-rtsp-2.19.1-runtime.jar because:
  Build cache is disabled
Transforming activity-1.8.2.aar (androidx.activity:activity:1.8.2) with AggregatedPackagesTransform
Skipping CopyTransform: C:\Users\user\.gradle\caches\transforms-3\886f4f20195aa0e7f9f51bb16138f2b1\transformed\jetified-exoplayer-rtsp-2.19.1-runtime.jar as it is up-to-date.
Transforming recyclerview-1.3.0.aar (androidx.recyclerview:recyclerview:1.3.0) with CopyTransform
Transforming exoplayer-2.19.1.aar (com.google.android.exoplayer:exoplayer:2.19.1) with AggregatedPackagesTransform
Skipping IdentityTransform: C:\Users\user\.gradle\caches\transforms-3\654935bdaf2bc3e478b92561bc08fac3\transformed\jetified-exoplayer-ui-2.19.1-runtime.jar as it is up-to-date.
Transforming exoplayer-smoothstreaming-2.19.1.aar (com.google.android.exoplayer:exoplayer-smoothstreaming:2.19.1) with CopyTransform
Caching disabled for IdentityTransform: C:\Users\user\.gradle\caches\transforms-3\ab029df2880fe32e41a8ad632f0fb921\transformed\media-1.6.0-runtime.jar because:
  Build cache is disabled
Transforming converter-gson-2.9.0.jar (com.squareup.retrofit2:converter-gson:2.9.0) with CopyTransform
Transforming retrofit-2.9.0.jar (com.squareup.retrofit2:retrofit:2.9.0) with JetifyTransform
Skipping IdentityTransform: C:\Users\user\.gradle\caches\transforms-3\43c3be15f8f3ceffcc552d2c36fe0df7\transformed\jetified-exoplayer-core-2.19.1-runtime.jar as it is up-to-date.
Transforming retrofit-2.9.0.jar (com.squareup.retrofit2:retrofit:2.9.0) with IdentityTransform
Transforming exoplayer-ui-2.19.1.aar (com.google.android.exoplayer:exoplayer-ui:2.19.1) with CopyTransform
Transforming exoplayer-core-2.19.1.aar (com.google.android.exoplayer:exoplayer-core:2.19.1) with CopyTransform
Skipping IdentityTransform: C:\Users\user\.gradle\caches\transforms-3\ab029df2880fe32e41a8ad632f0fb921\transformed\media-1.6.0-runtime.jar as it is up-to-date.
Transforming exoplayer-rtsp-2.19.1.aar (com.google.android.exoplayer:exoplayer-rtsp:2.19.1) with AggregatedPackagesTransform
Transforming exoplayer-dash-2.19.1.aar (com.google.android.exoplayer:exoplayer-dash:2.19.1) with AggregatedPackagesTransform
Caching disabled for CopyTransform: C:\Users\user\.gradle\caches\transforms-3\ac2628e86e90e812fd6207c42f71ce57\transformed\recyclerview-1.3.0-runtime.jar because:
  Build cache is disabled
Transforming retrofit-2.9.0.jar (com.squareup.retrofit2:retrofit:2.9.0) with IdentityTransform
Skipping CopyTransform: C:\Users\user\.gradle\caches\transforms-3\ac2628e86e90e812fd6207c42f71ce57\transformed\recyclerview-1.3.0-runtime.jar as it is up-to-date.
Caching disabled for CopyTransform: C:\Users\user\.gradle\caches\transforms-3\91e761804dbedd296881e5bed134e72b\transformed\jetified-exoplayer-smoothstreaming-2.19.1-runtime.jar because:
  Build cache is disabled
Caching disabled for AggregatedPackagesTransform: C:\Users\user\.gradle\caches\transforms-3\79741f08ce47ad8ba3085e60079b3107\transformed\jetified-exoplayer-hls-2.19.1-runtime.jar because:
  Build cache is disabled
Caching disabled for AggregatedPackagesTransform: C:\Users\user\.gradle\caches\transforms-3\284f6fab7233da5fe8f203ad6fb2c54d\transformed\jetified-activity-1.8.2-runtime.jar because:
  Build cache is disabled
Skipping AggregatedPackagesTransform: C:\Users\user\.gradle\caches\transforms-3\284f6fab7233da5fe8f203ad6fb2c54d\transformed\jetified-activity-1.8.2-runtime.jar as it is up-to-date.
Transforming recyclerview-1.3.0.aar (androidx.recyclerview:recyclerview:1.3.0) with AggregatedPackagesTransform
Caching disabled for CopyTransform: C:\Users\user\.gradle\caches\transforms-3\654935bdaf2bc3e478b92561bc08fac3\transformed\jetified-exoplayer-ui-2.19.1-runtime.jar because:
  Build cache is disabled
Caching disabled for AggregatedPackagesTransform: C:\Users\user\.gradle\caches\transforms-3\7c38e0affdd9a82b23486d0838c0b65c\transformed\jetified-exoplayer-2.19.1-runtime.jar because:
  Build cache is disabled
Skipping CopyTransform: C:\Users\user\.gradle\caches\transforms-3\654935bdaf2bc3e478b92561bc08fac3\transformed\jetified-exoplayer-ui-2.19.1-runtime.jar as it is up-to-date.
Transforming retrofit-2.9.0.jar (com.squareup.retrofit2:retrofit:2.9.0) with CopyTransform
Skipping AggregatedPackagesTransform: C:\Users\user\.gradle\caches\transforms-3\7c38e0affdd9a82b23486d0838c0b65c\transformed\jetified-exoplayer-2.19.1-runtime.jar as it is up-to-date.
Caching disabled for CopyTransform: C:\Users\user\.gradle\caches\transforms-3\43c3be15f8f3ceffcc552d2c36fe0df7\transformed\jetified-exoplayer-core-2.19.1-runtime.jar because:
  Build cache is disabled
Transforming recyclerview-1.3.0.aar (androidx.recyclerview:recyclerview:1.3.0) with AggregatedPackagesTransform
Skipping CopyTransform: C:\Users\user\.gradle\caches\transforms-3\43c3be15f8f3ceffcc552d2c36fe0df7\transformed\jetified-exoplayer-core-2.19.1-runtime.jar as it is up-to-date.
Skipping AggregatedPackagesTransform: C:\Users\user\.gradle\caches\transforms-3\79741f08ce47ad8ba3085e60079b3107\transformed\jetified-exoplayer-hls-2.19.1-runtime.jar as it is up-to-date.
Skipping CopyTransform: C:\Users\user\.gradle\caches\transforms-3\91e761804dbedd296881e5bed134e72b\transformed\jetified-exoplayer-smoothstreaming-2.19.1-runtime.jar as it is up-to-date.
Transforming media-1.6.0.aar (androidx.media:media:1.6.0) with CopyTransform
Transforming exoplayer-core-2.19.1.aar (com.google.android.exoplayer:exoplayer-core:2.19.1) with AggregatedPackagesTransform
Transforming okhttp-4.12.0.jar (com.squareup.okhttp3:okhttp:4.12.0) with JetifyTransform
Transforming exoplayer-smoothstreaming-2.19.1.aar (com.google.android.exoplayer:exoplayer-smoothstreaming:2.19.1) with AggregatedPackagesTransform
Transforming okhttp-4.12.0.jar (com.squareup.okhttp3:okhttp:4.12.0) with IdentityTransform
Caching disabled for AggregatedPackagesTransform: C:\Users\user\.gradle\caches\transforms-3\e7c399f43b1aebf66215cac235cbda23\transformed\jetified-exoplayer-dash-2.19.1-runtime.jar because:
  Build cache is disabled
Transforming okhttp-4.12.0.jar (com.squareup.okhttp3:okhttp:4.12.0) with IdentityTransform
Transforming exoplayer-ui-2.19.1.aar (com.google.android.exoplayer:exoplayer-ui:2.19.1) with AggregatedPackagesTransform
Caching disabled for AggregatedPackagesTransform: C:\Users\user\.gradle\caches\transforms-3\886f4f20195aa0e7f9f51bb16138f2b1\transformed\jetified-exoplayer-rtsp-2.19.1-runtime.jar because:
  Build cache is disabled
Transforming okhttp-4.12.0.jar (com.squareup.okhttp3:okhttp:4.12.0) with CopyTransform
Skipping AggregatedPackagesTransform: C:\Users\user\.gradle\caches\transforms-3\e7c399f43b1aebf66215cac235cbda23\transformed\jetified-exoplayer-dash-2.19.1-runtime.jar as it is up-to-date.
Skipping AggregatedPackagesTransform: C:\Users\user\.gradle\caches\transforms-3\886f4f20195aa0e7f9f51bb16138f2b1\transformed\jetified-exoplayer-rtsp-2.19.1-runtime.jar as it is up-to-date.
Transforming okio-jvm-3.6.0.jar (com.squareup.okio:okio-jvm:3.6.0) with JetifyTransform
Caching disabled for AggregatedPackagesTransform: C:\Users\user\.gradle\caches\transforms-3\ac2628e86e90e812fd6207c42f71ce57\transformed\recyclerview-1.3.0-runtime.jar because:
  Build cache is disabled
Transforming okio-jvm-3.6.0.jar (com.squareup.okio:okio-jvm:3.6.0) with IdentityTransform
Skipping AggregatedPackagesTransform: C:\Users\user\.gradle\caches\transforms-3\ac2628e86e90e812fd6207c42f71ce57\transformed\recyclerview-1.3.0-runtime.jar as it is up-to-date.
Transforming okio-jvm-3.6.0.jar (com.squareup.okio:okio-jvm:3.6.0) with IdentityTransform
Transforming okio-jvm-3.6.0.jar (com.squareup.okio:okio-jvm:3.6.0) with CopyTransform
Transforming kotlin-stdlib-jdk8-1.9.10.jar (org.jetbrains.kotlin:kotlin-stdlib-jdk8:1.9.10) with JetifyTransform
Transforming kotlin-stdlib-jdk8-1.9.10.jar (org.jetbrains.kotlin:kotlin-stdlib-jdk8:1.9.10) with IdentityTransform
Transforming kotlin-stdlib-jdk8-1.9.10.jar (org.jetbrains.kotlin:kotlin-stdlib-jdk8:1.9.10) with IdentityTransform
Transforming kotlin-stdlib-jdk8-1.9.10.jar (org.jetbrains.kotlin:kotlin-stdlib-jdk8:1.9.10) with CopyTransform
Transforming kotlin-android-extensions-runtime-1.9.22.jar (org.jetbrains.kotlin:kotlin-android-extensions-runtime:1.9.22) with JetifyTransform
Caching disabled for CopyTransform: C:\Users\user\.gradle\caches\transforms-3\ab029df2880fe32e41a8ad632f0fb921\transformed\media-1.6.0-runtime.jar because:
  Build cache is disabled
Transforming kotlin-android-extensions-runtime-1.9.22.jar (org.jetbrains.kotlin:kotlin-android-extensions-runtime:1.9.22) with IdentityTransform
Caching disabled for AggregatedPackagesTransform: C:\Users\user\.gradle\caches\transforms-3\91e761804dbedd296881e5bed134e72b\transformed\jetified-exoplayer-smoothstreaming-2.19.1-runtime.jar because:
  Build cache is disabled
Skipping CopyTransform: C:\Users\user\.gradle\caches\transforms-3\ab029df2880fe32e41a8ad632f0fb921\transformed\media-1.6.0-runtime.jar as it is up-to-date.
Caching disabled for IdentityTransform: C:\Users\user\.gradle\caches\transforms-3\89fd442303564cbf41636e7fbc353f8b\transformed\viewpager-1.0.0-runtime.jar because:
  Build cache is disabled
Caching disabled for IdentityTransform: C:\Users\user\.gradle\caches\transforms-3\ecffab750d49f800b38a418ff76deb81\transformed\customview-1.1.0-runtime.jar because:
  Build cache is disabled
Transforming kotlin-android-extensions-runtime-1.9.22.jar (org.jetbrains.kotlin:kotlin-android-extensions-runtime:1.9.22) with IdentityTransform
Skipping IdentityTransform: C:\Users\user\.gradle\caches\transforms-3\ecffab750d49f800b38a418ff76deb81\transformed\customview-1.1.0-runtime.jar as it is up-to-date.
Transforming media-1.6.0.aar (androidx.media:media:1.6.0) with AggregatedPackagesTransform
Caching disabled for AggregatedPackagesTransform: C:\Users\user\.gradle\caches\transforms-3\43c3be15f8f3ceffcc552d2c36fe0df7\transformed\jetified-exoplayer-core-2.19.1-runtime.jar because:
  Build cache is disabled
Skipping AggregatedPackagesTransform: C:\Users\user\.gradle\caches\transforms-3\91e761804dbedd296881e5bed134e72b\transformed\jetified-exoplayer-smoothstreaming-2.19.1-runtime.jar as it is up-to-date.
Skipping AggregatedPackagesTransform: C:\Users\user\.gradle\caches\transforms-3\43c3be15f8f3ceffcc552d2c36fe0df7\transformed\jetified-exoplayer-core-2.19.1-runtime.jar as it is up-to-date.
Transforming kotlin-android-extensions-runtime-1.9.22.jar (org.jetbrains.kotlin:kotlin-android-extensions-runtime:1.9.22) with CopyTransform
Transforming customview-1.1.0.aar (androidx.customview:customview:1.1.0) with CopyTransform
Transforming kotlin-stdlib-jdk7-1.9.10.jar (org.jetbrains.kotlin:kotlin-stdlib-jdk7:1.9.10) with JetifyTransform
Caching disabled for IdentityTransform: C:\Users\user\.gradle\caches\transforms-3\dd781a665c550bdda0ab8df8c1951b17\transformed\browser-1.4.0-runtime.jar because:
  Build cache is disabled
Skipping IdentityTransform: C:\Users\user\.gradle\caches\transforms-3\89fd442303564cbf41636e7fbc353f8b\transformed\viewpager-1.0.0-runtime.jar as it is up-to-date.
Caching disabled for AggregatedPackagesTransform: C:\Users\user\.gradle\caches\transforms-3\654935bdaf2bc3e478b92561bc08fac3\transformed\jetified-exoplayer-ui-2.19.1-runtime.jar because:
  Build cache is disabled
Skipping IdentityTransform: C:\Users\user\.gradle\caches\transforms-3\dd781a665c550bdda0ab8df8c1951b17\transformed\browser-1.4.0-runtime.jar as it is up-to-date.
Transforming kotlin-stdlib-jdk7-1.9.10.jar (org.jetbrains.kotlin:kotlin-stdlib-jdk7:1.9.10) with IdentityTransform
Transforming kotlin-stdlib-jdk7-1.9.10.jar (org.jetbrains.kotlin:kotlin-stdlib-jdk7:1.9.10) with IdentityTransform
Transforming viewpager-1.0.0.aar (androidx.viewpager:viewpager:1.0.0) with CopyTransform
Transforming customview-1.1.0.aar (androidx.customview:customview:1.1.0) with CopyTransform
Transforming browser-1.4.0.aar (androidx.browser:browser:1.4.0) with CopyTransform
Transforming kotlin-stdlib-jdk7-1.9.10.jar (org.jetbrains.kotlin:kotlin-stdlib-jdk7:1.9.10) with CopyTransform
Skipping AggregatedPackagesTransform: C:\Users\user\.gradle\caches\transforms-3\654935bdaf2bc3e478b92561bc08fac3\transformed\jetified-exoplayer-ui-2.19.1-runtime.jar as it is up-to-date.
Transforming napier-release.aar (io.github.aakira:napier-android:1.4.1) with JetifyTransform
Transforming napier-release.aar (io.github.aakira:napier-android:1.4.1) with AarToClassTransform
Transforming napier-release.aar (io.github.aakira:napier-android:1.4.1) with IdentityTransform
Caching disabled for IdentityTransform: C:\Users\user\.gradle\caches\transforms-3\374f7108895dec4ab6612d52d3c28b9e\transformed\jetified-autofill-1.0.0-runtime.jar because:
  Build cache is disabled
Transforming annotation-experimental-1.4.0.aar (androidx.annotation:annotation-experimental:1.4.0) with JetifyTransform
Skipping IdentityTransform: C:\Users\user\.gradle\caches\transforms-3\374f7108895dec4ab6612d52d3c28b9e\transformed\jetified-autofill-1.0.0-runtime.jar as it is up-to-date.
Transforming annotation-experimental-1.4.0.aar (androidx.annotation:annotation-experimental:1.4.0) with AarToClassTransform
Transforming annotation-experimental-1.4.0.aar (androidx.annotation:annotation-experimental:1.4.0) with IdentityTransform
Caching disabled for IdentityTransform: C:\Users\user\.gradle\caches\transforms-3\a395599b25810b731c9c41598e7ec348\transformed\core-1.12.0-runtime.jar because:
  Build cache is disabled
Caching disabled for AggregatedPackagesTransform: C:\Users\user\.gradle\caches\transforms-3\ab029df2880fe32e41a8ad632f0fb921\transformed\media-1.6.0-runtime.jar because:
  Build cache is disabled
Skipping AggregatedPackagesTransform: C:\Users\user\.gradle\caches\transforms-3\ab029df2880fe32e41a8ad632f0fb921\transformed\media-1.6.0-runtime.jar as it is up-to-date.
Caching disabled for CopyTransform: C:\Users\user\.gradle\caches\transforms-3\ecffab750d49f800b38a418ff76deb81\transformed\customview-1.1.0-runtime.jar because:
  Build cache is disabled
Caching disabled for CopyTransform: C:\Users\user\.gradle\caches\transforms-3\89fd442303564cbf41636e7fbc353f8b\transformed\viewpager-1.0.0-runtime.jar because:
  Build cache is disabled
Transforming autofill-1.0.0.aar (androidx.autofill:autofill:1.0.0) with CopyTransform
Skipping CopyTransform: C:\Users\user\.gradle\caches\transforms-3\ecffab750d49f800b38a418ff76deb81\transformed\customview-1.1.0-runtime.jar as it is up-to-date.
Skipping IdentityTransform: C:\Users\user\.gradle\caches\transforms-3\a395599b25810b731c9c41598e7ec348\transformed\core-1.12.0-runtime.jar as it is up-to-date.
Transforming cursoradapter-1.0.0.aar (androidx.cursoradapter:cursoradapter:1.0.0) with JetifyTransform
Skipping CopyTransform: C:\Users\user\.gradle\caches\transforms-3\89fd442303564cbf41636e7fbc353f8b\transformed\viewpager-1.0.0-runtime.jar as it is up-to-date.
Transforming cursoradapter-1.0.0.aar (androidx.cursoradapter:cursoradapter:1.0.0) with AarToClassTransform
Transforming cursoradapter-1.0.0.aar (androidx.cursoradapter:cursoradapter:1.0.0) with IdentityTransform
Transforming core-1.12.0.aar (androidx.core:core:1.12.0) with CopyTransform
Transforming core-1.12.0.aar (androidx.core:core:1.12.0) with CopyTransform
Transforming resourceinspection-annotation-1.0.1.jar (androidx.resourceinspection:resourceinspection-annotation:1.0.1) with JetifyTransform
Transforming viewpager-1.0.0.aar (androidx.viewpager:viewpager:1.0.0) with AggregatedPackagesTransform
Transforming resourceinspection-annotation-1.0.1.jar (androidx.resourceinspection:resourceinspection-annotation:1.0.1) with IdentityTransform
Transforming customview-1.1.0.aar (androidx.customview:customview:1.1.0) with AggregatedPackagesTransform
Transforming resourceinspection-annotation-1.0.1.jar (androidx.resourceinspection:resourceinspection-annotation:1.0.1) with IdentityTransform
Transforming customview-1.1.0.aar (androidx.customview:customview:1.1.0) with AggregatedPackagesTransform
Transforming resourceinspection-annotation-1.0.1.jar (androidx.resourceinspection:resourceinspection-annotation:1.0.1) with CopyTransform
Transforming cardview-1.0.0.aar (androidx.cardview:cardview:1.0.0) with JetifyTransform
Transforming cardview-1.0.0.aar (androidx.cardview:cardview:1.0.0) with AarToClassTransform
Transforming cardview-1.0.0.aar (androidx.cardview:cardview:1.0.0) with IdentityTransform
Transforming core-runtime-2.2.0.aar (androidx.arch.core:core-runtime:2.2.0) with JetifyTransform
Caching disabled for CopyTransform: C:\Users\user\.gradle\caches\transforms-3\dd781a665c550bdda0ab8df8c1951b17\transformed\browser-1.4.0-runtime.jar because:
  Build cache is disabled
Caching disabled for CopyTransform: C:\Users\user\.gradle\caches\transforms-3\374f7108895dec4ab6612d52d3c28b9e\transformed\jetified-autofill-1.0.0-runtime.jar because:
  Build cache is disabled
Transforming core-runtime-2.2.0.aar (androidx.arch.core:core-runtime:2.2.0) with AarToClassTransform
Skipping CopyTransform: C:\Users\user\.gradle\caches\transforms-3\dd781a665c550bdda0ab8df8c1951b17\transformed\browser-1.4.0-runtime.jar as it is up-to-date.
Transforming core-runtime-2.2.0.aar (androidx.arch.core:core-runtime:2.2.0) with IdentityTransform
Skipping CopyTransform: C:\Users\user\.gradle\caches\transforms-3\374f7108895dec4ab6612d52d3c28b9e\transformed\jetified-autofill-1.0.0-runtime.jar as it is up-to-date.
Transforming exoplayer-datasource-2.19.1.aar (com.google.android.exoplayer:exoplayer-datasource:2.19.1) with JetifyTransform
Caching disabled for CopyTransform: C:\Users\user\.gradle\caches\transforms-3\a395599b25810b731c9c41598e7ec348\transformed\core-1.12.0-runtime.jar because:
  Build cache is disabled
Transforming exoplayer-datasource-2.19.1.aar (com.google.android.exoplayer:exoplayer-datasource:2.19.1) with AarToClassTransform
Caching disabled for AggregatedPackagesTransform: C:\Users\user\.gradle\caches\transforms-3\89fd442303564cbf41636e7fbc353f8b\transformed\viewpager-1.0.0-runtime.jar because:
  Build cache is disabled
Transforming exoplayer-datasource-2.19.1.aar (com.google.android.exoplayer:exoplayer-datasource:2.19.1) with IdentityTransform
Transforming autofill-1.0.0.aar (androidx.autofill:autofill:1.0.0) with AggregatedPackagesTransform
Transforming browser-1.4.0.aar (androidx.browser:browser:1.4.0) with AggregatedPackagesTransform
Transforming exoplayer-database-2.19.1.aar (com.google.android.exoplayer:exoplayer-database:2.19.1) with JetifyTransform
Skipping CopyTransform: C:\Users\user\.gradle\caches\transforms-3\a395599b25810b731c9c41598e7ec348\transformed\core-1.12.0-runtime.jar as it is up-to-date.
Transforming exoplayer-database-2.19.1.aar (com.google.android.exoplayer:exoplayer-database:2.19.1) with AarToClassTransform
Skipping AggregatedPackagesTransform: C:\Users\user\.gradle\caches\transforms-3\89fd442303564cbf41636e7fbc353f8b\transformed\viewpager-1.0.0-runtime.jar as it is up-to-date.
Transforming exoplayer-database-2.19.1.aar (com.google.android.exoplayer:exoplayer-database:2.19.1) with IdentityTransform
Caching disabled for AggregatedPackagesTransform: C:\Users\user\.gradle\caches\transforms-3\ecffab750d49f800b38a418ff76deb81\transformed\customview-1.1.0-runtime.jar because:
  Build cache is disabled
Transforming exoplayer-extractor-2.19.1.aar (com.google.android.exoplayer:exoplayer-extractor:2.19.1) with JetifyTransform
Skipping AggregatedPackagesTransform: C:\Users\user\.gradle\caches\transforms-3\ecffab750d49f800b38a418ff76deb81\transformed\customview-1.1.0-runtime.jar as it is up-to-date.
Transforming exoplayer-extractor-2.19.1.aar (com.google.android.exoplayer:exoplayer-extractor:2.19.1) with AarToClassTransform
Transforming core-1.12.0.aar (androidx.core:core:1.12.0) with AggregatedPackagesTransform
Transforming exoplayer-extractor-2.19.1.aar (com.google.android.exoplayer:exoplayer-extractor:2.19.1) with IdentityTransform
Transforming exoplayer-decoder-2.19.1.aar (com.google.android.exoplayer:exoplayer-decoder:2.19.1) with JetifyTransform
Transforming core-1.12.0.aar (androidx.core:core:1.12.0) with AggregatedPackagesTransform
Transforming exoplayer-decoder-2.19.1.aar (com.google.android.exoplayer:exoplayer-decoder:2.19.1) with AarToClassTransform
Transforming exoplayer-decoder-2.19.1.aar (com.google.android.exoplayer:exoplayer-decoder:2.19.1) with IdentityTransform
Transforming exoplayer-container-2.19.1.aar (com.google.android.exoplayer:exoplayer-container:2.19.1) with JetifyTransform
Transforming exoplayer-container-2.19.1.aar (com.google.android.exoplayer:exoplayer-container:2.19.1) with AarToClassTransform
Caching disabled for AggregatedPackagesTransform: C:\Users\user\.gradle\caches\transforms-3\374f7108895dec4ab6612d52d3c28b9e\transformed\jetified-autofill-1.0.0-runtime.jar because:
  Build cache is disabled
Transforming exoplayer-container-2.19.1.aar (com.google.android.exoplayer:exoplayer-container:2.19.1) with IdentityTransform
Skipping AggregatedPackagesTransform: C:\Users\user\.gradle\caches\transforms-3\374f7108895dec4ab6612d52d3c28b9e\transformed\jetified-autofill-1.0.0-runtime.jar as it is up-to-date.
Caching disabled for AggregatedPackagesTransform: C:\Users\user\.gradle\caches\transforms-3\dd781a665c550bdda0ab8df8c1951b17\transformed\browser-1.4.0-runtime.jar because:
  Build cache is disabled
Transforming exoplayer-common-2.19.1.aar (com.google.android.exoplayer:exoplayer-common:2.19.1) with JetifyTransform
Skipping AggregatedPackagesTransform: C:\Users\user\.gradle\caches\transforms-3\dd781a665c550bdda0ab8df8c1951b17\transformed\browser-1.4.0-runtime.jar as it is up-to-date.
Transforming exoplayer-common-2.19.1.aar (com.google.android.exoplayer:exoplayer-common:2.19.1) with AarToClassTransform
Transforming exoplayer-common-2.19.1.aar (com.google.android.exoplayer:exoplayer-common:2.19.1) with IdentityTransform
Transforming interpolator-1.0.0.aar (androidx.interpolator:interpolator:1.0.0) with JetifyTransform
Transforming interpolator-1.0.0.aar (androidx.interpolator:interpolator:1.0.0) with AarToClassTransform
Transforming interpolator-1.0.0.aar (androidx.interpolator:interpolator:1.0.0) with IdentityTransform
Transforming interpolator-1.0.0.aar (androidx.interpolator:interpolator:1.0.0) with JetifyTransform
Transforming interpolator-1.0.0.aar (androidx.interpolator:interpolator:1.0.0) with AarToClassTransform
Transforming interpolator-1.0.0.aar (androidx.interpolator:interpolator:1.0.0) with IdentityTransform
Transforming versionedparcelable-1.1.1.aar (androidx.versionedparcelable:versionedparcelable:1.1.1) with JetifyTransform
Caching disabled for AggregatedPackagesTransform: C:\Users\user\.gradle\caches\transforms-3\a395599b25810b731c9c41598e7ec348\transformed\core-1.12.0-runtime.jar because:
  Build cache is disabled
Transforming versionedparcelable-1.1.1.aar (androidx.versionedparcelable:versionedparcelable:1.1.1) with AarToClassTransform
Skipping AggregatedPackagesTransform: C:\Users\user\.gradle\caches\transforms-3\a395599b25810b731c9c41598e7ec348\transformed\core-1.12.0-runtime.jar as it is up-to-date.
Transforming versionedparcelable-1.1.1.aar (androidx.versionedparcelable:versionedparcelable:1.1.1) with IdentityTransform
Transforming core-common-2.2.0.jar (androidx.arch.core:core-common:2.2.0) with JetifyTransform
Transforming core-common-2.2.0.jar (androidx.arch.core:core-common:2.2.0) with IdentityTransform
Transforming core-common-2.2.0.jar (androidx.arch.core:core-common:2.2.0) with IdentityTransform
Transforming core-common-2.2.0.jar (androidx.arch.core:core-common:2.2.0) with CopyTransform
Transforming profileinstaller-1.3.1.aar (androidx.profileinstaller:profileinstaller:1.3.1) with JetifyTransform
Transforming profileinstaller-1.3.1.aar (androidx.profileinstaller:profileinstaller:1.3.1) with AarToClassTransform
Transforming profileinstaller-1.3.1.aar (androidx.profileinstaller:profileinstaller:1.3.1) with IdentityTransform
Transforming startup-runtime-1.1.1.aar (androidx.startup:startup-runtime:1.1.1) with JetifyTransform
Transforming startup-runtime-1.1.1.aar (androidx.startup:startup-runtime:1.1.1) with AarToClassTransform
Transforming startup-runtime-1.1.1.aar (androidx.startup:startup-runtime:1.1.1) with IdentityTransform
Transforming tracing-1.0.0.aar (androidx.tracing:tracing:1.0.0) with JetifyTransform
Transforming tracing-1.0.0.aar (androidx.tracing:tracing:1.0.0) with AarToClassTransform
Transforming tracing-1.0.0.aar (androidx.tracing:tracing:1.0.0) with IdentityTransform
Transforming concurrent-futures-1.1.0.jar (androidx.concurrent:concurrent-futures:1.1.0) with JetifyTransform
Transforming concurrent-futures-1.1.0.jar (androidx.concurrent:concurrent-futures:1.1.0) with IdentityTransform
Transforming concurrent-futures-1.1.0.jar (androidx.concurrent:concurrent-futures:1.1.0) with IdentityTransform
Transforming concurrent-futures-1.1.0.jar (androidx.concurrent:concurrent-futures:1.1.0) with CopyTransform
Transforming documentfile-1.0.0.aar (androidx.documentfile:documentfile:1.0.0) with JetifyTransform
Transforming documentfile-1.0.0.aar (androidx.documentfile:documentfile:1.0.0) with AarToClassTransform
Transforming documentfile-1.0.0.aar (androidx.documentfile:documentfile:1.0.0) with IdentityTransform
Transforming localbroadcastmanager-1.0.0.aar (androidx.localbroadcastmanager:localbroadcastmanager:1.0.0) with JetifyTransform
Transforming localbroadcastmanager-1.0.0.aar (androidx.localbroadcastmanager:localbroadcastmanager:1.0.0) with AarToClassTransform
Caching disabled for IdentityTransform: C:\Users\user\.gradle\caches\transforms-3\4c30455c65c5c8830633e54d4ad26e24\transformed\jetified-ads-adservices-1.0.0-beta05-runtime.jar because:
  Build cache is disabled
Caching disabled for IdentityTransform: C:\Users\user\.gradle\caches\transforms-3\302794e7d586ea6b833eb5f031c42cd4\transformed\jetified-ads-adservices-java-1.0.0-beta05-runtime.jar because:
  Build cache is disabled
Caching disabled for IdentityTransform: C:\Users\user\.gradle\caches\transforms-3\b1041981abcc08021700dfe81b9a98a2\transformed\jetified-customview-poolingcontainer-1.0.0-runtime.jar because:
  Build cache is disabled
Skipping IdentityTransform: C:\Users\user\.gradle\caches\transforms-3\302794e7d586ea6b833eb5f031c42cd4\transformed\jetified-ads-adservices-java-1.0.0-beta05-runtime.jar as it is up-to-date.
Transforming localbroadcastmanager-1.0.0.aar (androidx.localbroadcastmanager:localbroadcastmanager:1.0.0) with IdentityTransform
Skipping IdentityTransform: C:\Users\user\.gradle\caches\transforms-3\b1041981abcc08021700dfe81b9a98a2\transformed\jetified-customview-poolingcontainer-1.0.0-runtime.jar as it is up-to-date.
Caching disabled for IdentityTransform: C:\Users\user\.gradle\caches\transforms-3\03b02b6a3b664e01acf435d452dbbfc8\transformed\jetified-core-ktx-1.12.0-runtime.jar because:
  Build cache is disabled
Skipping IdentityTransform: C:\Users\user\.gradle\caches\transforms-3\03b02b6a3b664e01acf435d452dbbfc8\transformed\jetified-core-ktx-1.12.0-runtime.jar as it is up-to-date.
Transforming ads-adservices-java-1.0.0-beta05.aar (androidx.privacysandbox.ads:ads-adservices-java:1.0.0-beta05) with CopyTransform
Caching disabled for IdentityTransform: C:\Users\user\.gradle\caches\transforms-3\663a4dffc29fed9eb6e943e031c7060f\transformed\jetified-flexbox-3.0.0-runtime.jar because:
  Build cache is disabled
Caching disabled for CopyTransform: C:\Users\user\.gradle\caches\transforms-3\76da9a07d1228e29a4beb3200800de48\transformed\jetified-kotlin-parcelize-runtime-1.9.22.jar because:
  Build cache is disabled
Skipping IdentityTransform: C:\Users\user\.gradle\caches\transforms-3\663a4dffc29fed9eb6e943e031c7060f\transformed\jetified-flexbox-3.0.0-runtime.jar as it is up-to-date.
Transforming print-1.0.0.aar (androidx.print:print:1.0.0) with JetifyTransform
Skipping CopyTransform: C:\Users\user\.gradle\caches\transforms-3\76da9a07d1228e29a4beb3200800de48\transformed\jetified-kotlin-parcelize-runtime-1.9.22.jar as it is up-to-date.
Transforming print-1.0.0.aar (androidx.print:print:1.0.0) with AarToClassTransform
Transforming print-1.0.0.aar (androidx.print:print:1.0.0) with IdentityTransform
Caching disabled for IdentityTransform: C:\Users\user\.gradle\caches\transforms-3\a6a94bd81a6b5e820e424bf3020ea6f4\transformed\sqlite-2.4.0-runtime.jar because:
  Build cache is disabled
Skipping IdentityTransform: C:\Users\user\.gradle\caches\transforms-3\4c30455c65c5c8830633e54d4ad26e24\transformed\jetified-ads-adservices-1.0.0-beta05-runtime.jar as it is up-to-date.
Transforming kotlin-parcelize-runtime-1.9.22.jar (org.jetbrains.kotlin:kotlin-parcelize-runtime:1.9.22) with AggregatedPackagesTransform
Caching disabled for IdentityTransform: C:\Users\user\.gradle\caches\transforms-3\a63646e9af94d4ad0e230f19d133823f\transformed\sqlite-framework-2.4.0-runtime.jar because:
  Build cache is disabled
Transforming flexbox-3.0.0.aar (com.google.android.flexbox:flexbox:3.0.0) with CopyTransform
Skipping IdentityTransform: C:\Users\user\.gradle\caches\transforms-3\a63646e9af94d4ad0e230f19d133823f\transformed\sqlite-framework-2.4.0-runtime.jar as it is up-to-date.
Caching disabled for CopyTransform: C:\Users\user\.gradle\caches\transforms-3\5f8fb35c0e42efc60950ab6c4084add3\transformed\jetified-logging-interceptor-4.12.0.jar because:
  Build cache is disabled
Transforming ads-adservices-1.0.0-beta05.aar (androidx.privacysandbox.ads:ads-adservices:1.0.0-beta05) with CopyTransform
Skipping CopyTransform: C:\Users\user\.gradle\caches\transforms-3\5f8fb35c0e42efc60950ab6c4084add3\transformed\jetified-logging-interceptor-4.12.0.jar as it is up-to-date.
Transforming exifinterface-1.3.6.aar (androidx.exifinterface:exifinterface:1.3.6) with JetifyTransform
Transforming sqlite-framework-2.4.0.aar (androidx.sqlite:sqlite-framework:2.4.0) with CopyTransform
Transforming exifinterface-1.3.6.aar (androidx.exifinterface:exifinterface:1.3.6) with AarToClassTransform
Transforming core-ktx-1.12.0.aar (androidx.core:core-ktx:1.12.0) with CopyTransform
Caching disabled for IdentityTransform: C:\Users\user\.gradle\caches\transforms-3\f17c8a2ba52f8c6a2a517a00ca8a541a\transformed\jetified-core-splashscreen-1.0.1-runtime.jar because:
  Build cache is disabled
Transforming customview-poolingcontainer-1.0.0.aar (androidx.customview:customview-poolingcontainer:1.0.0) with CopyTransform
Transforming logging-interceptor-4.12.0.jar (com.squareup.okhttp3:logging-interceptor:4.12.0) with AggregatedPackagesTransform
Transforming exifinterface-1.3.6.aar (androidx.exifinterface:exifinterface:1.3.6) with IdentityTransform
Caching disabled for CopyTransform: C:\Users\user\.gradle\caches\transforms-3\302794e7d586ea6b833eb5f031c42cd4\transformed\jetified-ads-adservices-java-1.0.0-beta05-runtime.jar because:
  Build cache is disabled
Transforming ads-adservices-1.0.0-beta05.aar (androidx.privacysandbox.ads:ads-adservices:1.0.0-beta05) with CopyTransform
Skipping CopyTransform: C:\Users\user\.gradle\caches\transforms-3\302794e7d586ea6b833eb5f031c42cd4\transformed\jetified-ads-adservices-java-1.0.0-beta05-runtime.jar as it is up-to-date.
Caching disabled for CopyTransform: C:\Users\user\.gradle\caches\transforms-3\663a4dffc29fed9eb6e943e031c7060f\transformed\jetified-flexbox-3.0.0-runtime.jar because:
  Build cache is disabled
Skipping CopyTransform: C:\Users\user\.gradle\caches\transforms-3\663a4dffc29fed9eb6e943e031c7060f\transformed\jetified-flexbox-3.0.0-runtime.jar as it is up-to-date.
Transforming flexbox-3.0.0.aar (com.google.android.flexbox:flexbox:3.0.0) with AggregatedPackagesTransform
Transforming ads-adservices-java-1.0.0-beta05.aar (androidx.privacysandbox.ads:ads-adservices-java:1.0.0-beta05) with AggregatedPackagesTransform
Skipping IdentityTransform: C:\Users\user\.gradle\caches\transforms-3\a6a94bd81a6b5e820e424bf3020ea6f4\transformed\sqlite-2.4.0-runtime.jar as it is up-to-date.
Caching disabled for AggregatedPackagesTransform: C:\Users\user\.gradle\caches\transforms-3\5f8fb35c0e42efc60950ab6c4084add3\transformed\jetified-logging-interceptor-4.12.0.jar because:
  Build cache is disabled
Caching disabled for CopyTransform: C:\Users\user\.gradle\caches\transforms-3\4c30455c65c5c8830633e54d4ad26e24\transformed\jetified-ads-adservices-1.0.0-beta05-runtime.jar because:
  Build cache is disabled
Caching disabled for CopyTransform: C:\Users\user\.gradle\caches\transforms-3\03b02b6a3b664e01acf435d452dbbfc8\transformed\jetified-core-ktx-1.12.0-runtime.jar because:
  Build cache is disabled
Skipping CopyTransform: C:\Users\user\.gradle\caches\transforms-3\4c30455c65c5c8830633e54d4ad26e24\transformed\jetified-ads-adservices-1.0.0-beta05-runtime.jar as it is up-to-date.
Skipping CopyTransform: C:\Users\user\.gradle\caches\transforms-3\03b02b6a3b664e01acf435d452dbbfc8\transformed\jetified-core-ktx-1.12.0-runtime.jar as it is up-to-date.
Caching disabled for AggregatedPackagesTransform: C:\Users\user\.gradle\caches\transforms-3\76da9a07d1228e29a4beb3200800de48\transformed\jetified-kotlin-parcelize-runtime-1.9.22.jar because:
  Build cache is disabled
Caching disabled for CopyTransform: C:\Users\user\.gradle\caches\transforms-3\a63646e9af94d4ad0e230f19d133823f\transformed\sqlite-framework-2.4.0-runtime.jar because:
  Build cache is disabled
Caching disabled for CopyTransform: C:\Users\user\.gradle\caches\transforms-3\b1041981abcc08021700dfe81b9a98a2\transformed\jetified-customview-poolingcontainer-1.0.0-runtime.jar because:
  Build cache is disabled
Skipping CopyTransform: C:\Users\user\.gradle\caches\transforms-3\a63646e9af94d4ad0e230f19d133823f\transformed\sqlite-framework-2.4.0-runtime.jar as it is up-to-date.
Skipping CopyTransform: C:\Users\user\.gradle\caches\transforms-3\b1041981abcc08021700dfe81b9a98a2\transformed\jetified-customview-poolingcontainer-1.0.0-runtime.jar as it is up-to-date.
Transforming collection-ktx-1.4.0.jar (androidx.collection:collection-ktx:1.4.0) with JetifyTransform
Skipping IdentityTransform: C:\Users\user\.gradle\caches\transforms-3\f17c8a2ba52f8c6a2a517a00ca8a541a\transformed\jetified-core-splashscreen-1.0.1-runtime.jar as it is up-to-date.
Transforming collection-ktx-1.4.0.jar (androidx.collection:collection-ktx:1.4.0) with IdentityTransform
Transforming core-ktx-1.12.0.aar (androidx.core:core-ktx:1.12.0) with AggregatedPackagesTransform
Transforming collection-ktx-1.4.0.jar (androidx.collection:collection-ktx:1.4.0) with IdentityTransform
Transforming ads-adservices-1.0.0-beta05.aar (androidx.privacysandbox.ads:ads-adservices:1.0.0-beta05) with AggregatedPackagesTransform
Transforming ads-adservices-1.0.0-beta05.aar (androidx.privacysandbox.ads:ads-adservices:1.0.0-beta05) with AggregatedPackagesTransform
Skipping AggregatedPackagesTransform: C:\Users\user\.gradle\caches\transforms-3\76da9a07d1228e29a4beb3200800de48\transformed\jetified-kotlin-parcelize-runtime-1.9.22.jar as it is up-to-date.
Transforming sqlite-2.4.0.aar (androidx.sqlite:sqlite:2.4.0) with CopyTransform
Skipping AggregatedPackagesTransform: C:\Users\user\.gradle\caches\transforms-3\5f8fb35c0e42efc60950ab6c4084add3\transformed\jetified-logging-interceptor-4.12.0.jar as it is up-to-date.
Caching disabled for AggregatedPackagesTransform: C:\Users\user\.gradle\caches\transforms-3\302794e7d586ea6b833eb5f031c42cd4\transformed\jetified-ads-adservices-java-1.0.0-beta05-runtime.jar because:
  Build cache is disabled
Skipping AggregatedPackagesTransform: C:\Users\user\.gradle\caches\transforms-3\302794e7d586ea6b833eb5f031c42cd4\transformed\jetified-ads-adservices-java-1.0.0-beta05-runtime.jar as it is up-to-date.
Transforming customview-poolingcontainer-1.0.0.aar (androidx.customview:customview-poolingcontainer:1.0.0) with AggregatedPackagesTransform
Transforming collection-ktx-1.4.0.jar (androidx.collection:collection-ktx:1.4.0) with CopyTransform
Transforming sqlite-framework-2.4.0.aar (androidx.sqlite:sqlite-framework:2.4.0) with AggregatedPackagesTransform
Transforming core-splashscreen-1.0.1.aar (androidx.core:core-splashscreen:1.0.1) with CopyTransform
Transforming collection-jvm-1.4.0.jar (androidx.collection:collection-jvm:1.4.0) with JetifyTransform
Transforming collection-jvm-1.4.0.jar (androidx.collection:collection-jvm:1.4.0) with IdentityTransform
Transforming collection-jvm-1.4.0.jar (androidx.collection:collection-jvm:1.4.0) with IdentityTransform
Transforming collection-jvm-1.4.0.jar (androidx.collection:collection-jvm:1.4.0) with CopyTransform
Transforming annotation-jvm-1.7.0.jar (androidx.annotation:annotation-jvm:1.7.0) with JetifyTransform
Transforming annotation-jvm-1.7.0.jar (androidx.annotation:annotation-jvm:1.7.0) with IdentityTransform
Caching disabled for AggregatedPackagesTransform: C:\Users\user\.gradle\caches\transforms-3\663a4dffc29fed9eb6e943e031c7060f\transformed\jetified-flexbox-3.0.0-runtime.jar because:
  Build cache is disabled
Transforming annotation-jvm-1.7.0.jar (androidx.annotation:annotation-jvm:1.7.0) with IdentityTransform
Skipping AggregatedPackagesTransform: C:\Users\user\.gradle\caches\transforms-3\663a4dffc29fed9eb6e943e031c7060f\transformed\jetified-flexbox-3.0.0-runtime.jar as it is up-to-date.
Caching disabled for AggregatedPackagesTransform: C:\Users\user\.gradle\caches\transforms-3\4c30455c65c5c8830633e54d4ad26e24\transformed\jetified-ads-adservices-1.0.0-beta05-runtime.jar because:
  Build cache is disabled
Caching disabled for CopyTransform: C:\Users\user\.gradle\caches\transforms-3\e6f1f03f0fed1b56197a2feb492ad572\transformed\jetified-kotlinx-coroutines-core-jvm-1.7.3.jar because:
  Build cache is disabled
Skipping CopyTransform: C:\Users\user\.gradle\caches\transforms-3\e6f1f03f0fed1b56197a2feb492ad572\transformed\jetified-kotlinx-coroutines-core-jvm-1.7.3.jar as it is up-to-date.
Caching disabled for CopyTransform: C:\Users\user\.gradle\caches\transforms-3\b468f2c4aedee3d560fd4d8f4b5c09e4\transformed\jetified-converter-gson-2.9.0.jar because:
  Build cache is disabled
Skipping CopyTransform: C:\Users\user\.gradle\caches\transforms-3\b468f2c4aedee3d560fd4d8f4b5c09e4\transformed\jetified-converter-gson-2.9.0.jar as it is up-to-date.
Transforming kotlinx-coroutines-core-jvm-1.7.3.jar (org.jetbrains.kotlinx:kotlinx-coroutines-core-jvm:1.7.3) with AggregatedPackagesTransform
Transforming annotation-jvm-1.7.0.jar (androidx.annotation:annotation-jvm:1.7.0) with CopyTransform
Transforming converter-gson-2.9.0.jar (com.squareup.retrofit2:converter-gson:2.9.0) with AggregatedPackagesTransform
Caching disabled for CopyTransform: C:\Users\user\.gradle\caches\transforms-3\a6a94bd81a6b5e820e424bf3020ea6f4\transformed\sqlite-2.4.0-runtime.jar because:
  Build cache is disabled
Skipping CopyTransform: C:\Users\user\.gradle\caches\transforms-3\a6a94bd81a6b5e820e424bf3020ea6f4\transformed\sqlite-2.4.0-runtime.jar as it is up-to-date.
Caching disabled for AggregatedPackagesTransform: C:\Users\user\.gradle\caches\transforms-3\03b02b6a3b664e01acf435d452dbbfc8\transformed\jetified-core-ktx-1.12.0-runtime.jar because:
  Build cache is disabled
Caching disabled for AggregatedPackagesTransform: C:\Users\user\.gradle\caches\transforms-3\b1041981abcc08021700dfe81b9a98a2\transformed\jetified-customview-poolingcontainer-1.0.0-runtime.jar because:
  Build cache is disabled
Skipping AggregatedPackagesTransform: C:\Users\user\.gradle\caches\transforms-3\03b02b6a3b664e01acf435d452dbbfc8\transformed\jetified-core-ktx-1.12.0-runtime.jar as it is up-to-date.
Skipping AggregatedPackagesTransform: C:\Users\user\.gradle\caches\transforms-3\4c30455c65c5c8830633e54d4ad26e24\transformed\jetified-ads-adservices-1.0.0-beta05-runtime.jar as it is up-to-date.
Transforming sqlite-2.4.0.aar (androidx.sqlite:sqlite:2.4.0) with AggregatedPackagesTransform
Caching disabled for CopyTransform: C:\Users\user\.gradle\caches\transforms-3\f17c8a2ba52f8c6a2a517a00ca8a541a\transformed\jetified-core-splashscreen-1.0.1-runtime.jar because:
  Build cache is disabled
Caching disabled for AggregatedPackagesTransform: C:\Users\user\.gradle\caches\transforms-3\a63646e9af94d4ad0e230f19d133823f\transformed\sqlite-framework-2.4.0-runtime.jar because:
  Build cache is disabled
Skipping CopyTransform: C:\Users\user\.gradle\caches\transforms-3\f17c8a2ba52f8c6a2a517a00ca8a541a\transformed\jetified-core-splashscreen-1.0.1-runtime.jar as it is up-to-date.
Skipping AggregatedPackagesTransform: C:\Users\user\.gradle\caches\transforms-3\b1041981abcc08021700dfe81b9a98a2\transformed\jetified-customview-poolingcontainer-1.0.0-runtime.jar as it is up-to-date.
Caching disabled for CopyTransform: C:\Users\user\.gradle\caches\transforms-3\bba663ab8ecedbea7764f0d84209caf8\transformed\jetified-kotlinx-coroutines-android-1.7.3.jar because:
  Build cache is disabled
Caching disabled for CopyTransform: C:\Users\user\.gradle\caches\transforms-3\7bb0199679dd1c71b81822bc48e5fa07\transformed\jetified-retrofit-2.9.0.jar because:
  Build cache is disabled
Skipping CopyTransform: C:\Users\user\.gradle\caches\transforms-3\bba663ab8ecedbea7764f0d84209caf8\transformed\jetified-kotlinx-coroutines-android-1.7.3.jar as it is up-to-date.
Skipping CopyTransform: C:\Users\user\.gradle\caches\transforms-3\7bb0199679dd1c71b81822bc48e5fa07\transformed\jetified-retrofit-2.9.0.jar as it is up-to-date.
Transforming kotlin-stdlib-1.9.22.jar (org.jetbrains.kotlin:kotlin-stdlib:1.9.22) with JetifyTransform
Caching disabled for AggregatedPackagesTransform: C:\Users\user\.gradle\caches\transforms-3\b468f2c4aedee3d560fd4d8f4b5c09e4\transformed\jetified-converter-gson-2.9.0.jar because:
  Build cache is disabled
Transforming core-splashscreen-1.0.1.aar (androidx.core:core-splashscreen:1.0.1) with AggregatedPackagesTransform
Skipping AggregatedPackagesTransform: C:\Users\user\.gradle\caches\transforms-3\a63646e9af94d4ad0e230f19d133823f\transformed\sqlite-framework-2.4.0-runtime.jar as it is up-to-date.
Transforming kotlinx-coroutines-android-1.7.3.jar (org.jetbrains.kotlinx:kotlinx-coroutines-android:1.7.3) with AggregatedPackagesTransform
Transforming retrofit-2.9.0.jar (com.squareup.retrofit2:retrofit:2.9.0) with AggregatedPackagesTransform
Caching disabled for AggregatedPackagesTransform: C:\Users\user\.gradle\caches\transforms-3\e6f1f03f0fed1b56197a2feb492ad572\transformed\jetified-kotlinx-coroutines-core-jvm-1.7.3.jar because:
  Build cache is disabled
Skipping AggregatedPackagesTransform: C:\Users\user\.gradle\caches\transforms-3\e6f1f03f0fed1b56197a2feb492ad572\transformed\jetified-kotlinx-coroutines-core-jvm-1.7.3.jar as it is up-to-date.
Skipping AggregatedPackagesTransform: C:\Users\user\.gradle\caches\transforms-3\b468f2c4aedee3d560fd4d8f4b5c09e4\transformed\jetified-converter-gson-2.9.0.jar as it is up-to-date.
Transforming kotlin-stdlib-1.9.22.jar (org.jetbrains.kotlin:kotlin-stdlib:1.9.22) with IdentityTransform
Caching disabled for AggregatedPackagesTransform: C:\Users\user\.gradle\caches\transforms-3\a6a94bd81a6b5e820e424bf3020ea6f4\transformed\sqlite-2.4.0-runtime.jar because:
  Build cache is disabled
Transforming kotlin-stdlib-1.9.22.jar (org.jetbrains.kotlin:kotlin-stdlib:1.9.22) with IdentityTransform
Caching disabled for CopyTransform: C:\Users\user\.gradle\caches\transforms-3\9d137afe6c7c0b28d85fcf45079e2505\transformed\jetified-kotlin-android-extensions-runtime-1.9.22.jar because:
  Build cache is disabled
Caching disabled for CopyTransform: C:\Users\user\.gradle\caches\transforms-3\752749e2153ae499cafc02c721e09a60\transformed\jetified-kotlin-stdlib-jdk8-1.9.10.jar because:
  Build cache is disabled
Skipping CopyTransform: C:\Users\user\.gradle\caches\transforms-3\9d137afe6c7c0b28d85fcf45079e2505\transformed\jetified-kotlin-android-extensions-runtime-1.9.22.jar as it is up-to-date.
Skipping AggregatedPackagesTransform: C:\Users\user\.gradle\caches\transforms-3\a6a94bd81a6b5e820e424bf3020ea6f4\transformed\sqlite-2.4.0-runtime.jar as it is up-to-date.
Skipping CopyTransform: C:\Users\user\.gradle\caches\transforms-3\752749e2153ae499cafc02c721e09a60\transformed\jetified-kotlin-stdlib-jdk8-1.9.10.jar as it is up-to-date.
Caching disabled for CopyTransform: C:\Users\user\.gradle\caches\transforms-3\6d93db5f7bed33676134b9ab052a2526\transformed\jetified-kotlin-stdlib-jdk7-1.9.10.jar because:
  Build cache is disabled
Caching disabled for CopyTransform: C:\Users\user\.gradle\caches\transforms-3\77152a2a635f9881362be8e1412de56f\transformed\jetified-okio-jvm-3.6.0.jar because:
  Build cache is disabled
Caching disabled for AggregatedPackagesTransform: C:\Users\user\.gradle\caches\transforms-3\7bb0199679dd1c71b81822bc48e5fa07\transformed\jetified-retrofit-2.9.0.jar because:
  Build cache is disabled
Caching disabled for AggregatedPackagesTransform: C:\Users\user\.gradle\caches\transforms-3\f17c8a2ba52f8c6a2a517a00ca8a541a\transformed\jetified-core-splashscreen-1.0.1-runtime.jar because:
  Build cache is disabled
Skipping AggregatedPackagesTransform: C:\Users\user\.gradle\caches\transforms-3\7bb0199679dd1c71b81822bc48e5fa07\transformed\jetified-retrofit-2.9.0.jar as it is up-to-date.
Transforming kotlin-stdlib-1.9.22.jar (org.jetbrains.kotlin:kotlin-stdlib:1.9.22) with CopyTransform
Caching disabled for AggregatedPackagesTransform: C:\Users\user\.gradle\caches\transforms-3\bba663ab8ecedbea7764f0d84209caf8\transformed\jetified-kotlinx-coroutines-android-1.7.3.jar because:
  Build cache is disabled
Transforming volley-1.2.1.aar (com.android.volley:volley:1.2.1) with JetifyTransform
Skipping AggregatedPackagesTransform: C:\Users\user\.gradle\caches\transforms-3\bba663ab8ecedbea7764f0d84209caf8\transformed\jetified-kotlinx-coroutines-android-1.7.3.jar as it is up-to-date.
Caching disabled for CopyTransform: C:\Users\user\.gradle\caches\transforms-3\8ae3b60496e0dd8965771a4a1ab68581\transformed\jetified-okhttp-4.12.0.jar because:
  Build cache is disabled
Transforming volley-1.2.1.aar (com.android.volley:volley:1.2.1) with AarToClassTransform
Transforming kotlin-android-extensions-runtime-1.9.22.jar (org.jetbrains.kotlin:kotlin-android-extensions-runtime:1.9.22) with AggregatedPackagesTransform
Skipping AggregatedPackagesTransform: C:\Users\user\.gradle\caches\transforms-3\f17c8a2ba52f8c6a2a517a00ca8a541a\transformed\jetified-core-splashscreen-1.0.1-runtime.jar as it is up-to-date.
Transforming kotlin-stdlib-jdk8-1.9.10.jar (org.jetbrains.kotlin:kotlin-stdlib-jdk8:1.9.10) with AggregatedPackagesTransform
Skipping CopyTransform: C:\Users\user\.gradle\caches\transforms-3\77152a2a635f9881362be8e1412de56f\transformed\jetified-okio-jvm-3.6.0.jar as it is up-to-date.
Skipping CopyTransform: C:\Users\user\.gradle\caches\transforms-3\6d93db5f7bed33676134b9ab052a2526\transformed\jetified-kotlin-stdlib-jdk7-1.9.10.jar as it is up-to-date.
Caching disabled for IdentityTransform: C:\Users\user\.gradle\caches\transforms-3\838e4d7655e3929da80c91b9719b7490\transformed\jetified-annotation-experimental-1.4.0-runtime.jar because:
  Build cache is disabled
Skipping IdentityTransform: C:\Users\user\.gradle\caches\transforms-3\838e4d7655e3929da80c91b9719b7490\transformed\jetified-annotation-experimental-1.4.0-runtime.jar as it is up-to-date.
Skipping CopyTransform: C:\Users\user\.gradle\caches\transforms-3\8ae3b60496e0dd8965771a4a1ab68581\transformed\jetified-okhttp-4.12.0.jar as it is up-to-date.
Transforming volley-1.2.1.aar (com.android.volley:volley:1.2.1) with IdentityTransform
Transforming kotlin-stdlib-jdk7-1.9.10.jar (org.jetbrains.kotlin:kotlin-stdlib-jdk7:1.9.10) with AggregatedPackagesTransform
Transforming okio-jvm-3.6.0.jar (com.squareup.okio:okio-jvm:3.6.0) with AggregatedPackagesTransform
Transforming Android-Image-Slider-1.4.0.aar (com.github.smarteist:Android-Image-Slider:1.4.0) with JetifyTransform
Caching disabled for IdentityTransform: C:\Users\user\.gradle\caches\transforms-3\8c4ae2f78186fa624312048455747fcc\transformed\jetified-napier-release-runtime.jar because:
  Build cache is disabled
Transforming annotation-experimental-1.4.0.aar (androidx.annotation:annotation-experimental:1.4.0) with CopyTransform
Transforming Android-Image-Slider-1.4.0.aar (com.github.smarteist:Android-Image-Slider:1.4.0) with AarToClassTransform
Skipping IdentityTransform: C:\Users\user\.gradle\caches\transforms-3\8c4ae2f78186fa624312048455747fcc\transformed\jetified-napier-release-runtime.jar as it is up-to-date.
Transforming Android-Image-Slider-1.4.0.aar (com.github.smarteist:Android-Image-Slider:1.4.0) with IdentityTransform
Transforming circleimageview-3.1.0.aar (de.hdodenhof:circleimageview:3.1.0) with JetifyTransform
Transforming circleimageview-3.1.0.aar (de.hdodenhof:circleimageview:3.1.0) with AarToClassTransform
Transforming circleimageview-3.1.0.aar (de.hdodenhof:circleimageview:3.1.0) with IdentityTransform
Transforming annotations-23.0.0.jar (org.jetbrains:annotations:23.0.0) with JetifyTransform
Transforming annotations-23.0.0.jar (org.jetbrains:annotations:23.0.0) with IdentityTransform
Transforming okhttp-4.12.0.jar (com.squareup.okhttp3:okhttp:4.12.0) with AggregatedPackagesTransform
Transforming napier-release.aar (io.github.aakira:napier-android:1.4.1) with CopyTransform
Transforming annotations-23.0.0.jar (org.jetbrains:annotations:23.0.0) with IdentityTransform
Transforming annotations-23.0.0.jar (org.jetbrains:annotations:23.0.0) with CopyTransform
Transforming guava-31.1-android.jar (com.google.guava:guava:31.1-android) with JetifyTransform
Transforming guava-31.1-android.jar (com.google.guava:guava:31.1-android) with IdentityTransform
Transforming guava-31.1-android.jar (com.google.guava:guava:31.1-android) with IdentityTransform
Transforming guava-31.1-android.jar (com.google.guava:guava:31.1-android) with CopyTransform
Transforming error_prone_annotations-2.15.0.jar (com.google.errorprone:error_prone_annotations:2.15.0) with JetifyTransform
Transforming error_prone_annotations-2.15.0.jar (com.google.errorprone:error_prone_annotations:2.15.0) with IdentityTransform
Transforming error_prone_annotations-2.15.0.jar (com.google.errorprone:error_prone_annotations:2.15.0) with IdentityTransform
Caching disabled for IdentityTransform: C:\Users\user\.gradle\caches\transforms-3\7c6255fa9f0e0fa96df53e8fac653b08\transformed\cursoradapter-1.0.0-runtime.jar because:
  Build cache is disabled
Transforming error_prone_annotations-2.15.0.jar (com.google.errorprone:error_prone_annotations:2.15.0) with CopyTransform
Skipping IdentityTransform: C:\Users\user\.gradle\caches\transforms-3\7c6255fa9f0e0fa96df53e8fac653b08\transformed\cursoradapter-1.0.0-runtime.jar as it is up-to-date.
Transforming hilt-core-2.49.jar (com.google.dagger:hilt-core:2.49) with JetifyTransform
Transforming hilt-core-2.49.jar (com.google.dagger:hilt-core:2.49) with IdentityTransform
Transforming hilt-core-2.49.jar (com.google.dagger:hilt-core:2.49) with IdentityTransform
Caching disabled for AggregatedPackagesTransform: C:\Users\user\.gradle\caches\transforms-3\752749e2153ae499cafc02c721e09a60\transformed\jetified-kotlin-stdlib-jdk8-1.9.10.jar because:
  Build cache is disabled
Transforming hilt-core-2.49.jar (com.google.dagger:hilt-core:2.49) with CopyTransform
Skipping AggregatedPackagesTransform: C:\Users\user\.gradle\caches\transforms-3\752749e2153ae499cafc02c721e09a60\transformed\jetified-kotlin-stdlib-jdk8-1.9.10.jar as it is up-to-date.
Transforming cursoradapter-1.0.0.aar (androidx.cursoradapter:cursoradapter:1.0.0) with CopyTransform
Transforming dagger-2.49.jar (com.google.dagger:dagger:2.49) with JetifyTransform
Transforming dagger-2.49.jar (com.google.dagger:dagger:2.49) with IdentityTransform
Caching disabled for CopyTransform: C:\Users\user\.gradle\caches\transforms-3\9c90e71eec87fc9974ddbb15923f6333\transformed\jetified-resourceinspection-annotation-1.0.1.jar because:
  Build cache is disabled
Transforming dagger-2.49.jar (com.google.dagger:dagger:2.49) with IdentityTransform
Skipping CopyTransform: C:\Users\user\.gradle\caches\transforms-3\9c90e71eec87fc9974ddbb15923f6333\transformed\jetified-resourceinspection-annotation-1.0.1.jar as it is up-to-date.
Transforming dagger-2.49.jar (com.google.dagger:dagger:2.49) with CopyTransform
Transforming dagger-lint-aar-2.49.aar (com.google.dagger:dagger-lint-aar:2.49) with JetifyTransform
Transforming dagger-lint-aar-2.49.aar (com.google.dagger:dagger-lint-aar:2.49) with AarToClassTransform
Transforming dagger-lint-aar-2.49.aar (com.google.dagger:dagger-lint-aar:2.49) with IdentityTransform
Caching disabled for AggregatedPackagesTransform: C:\Users\user\.gradle\caches\transforms-3\9d137afe6c7c0b28d85fcf45079e2505\transformed\jetified-kotlin-android-extensions-runtime-1.9.22.jar because:
  Build cache is disabled
Transforming jsr305-3.0.2.jar (com.google.code.findbugs:jsr305:3.0.2) with JetifyTransform
Transforming resourceinspection-annotation-1.0.1.jar (androidx.resourceinspection:resourceinspection-annotation:1.0.1) with AggregatedPackagesTransform
Transforming jsr305-3.0.2.jar (com.google.code.findbugs:jsr305:3.0.2) with IdentityTransform
Skipping AggregatedPackagesTransform: C:\Users\user\.gradle\caches\transforms-3\9d137afe6c7c0b28d85fcf45079e2505\transformed\jetified-kotlin-android-extensions-runtime-1.9.22.jar as it is up-to-date.
Caching disabled for AggregatedPackagesTransform: C:\Users\user\.gradle\caches\transforms-3\6d93db5f7bed33676134b9ab052a2526\transformed\jetified-kotlin-stdlib-jdk7-1.9.10.jar because:
  Build cache is disabled
Transforming jsr305-3.0.2.jar (com.google.code.findbugs:jsr305:3.0.2) with IdentityTransform
Caching disabled for AggregatedPackagesTransform: C:\Users\user\.gradle\caches\transforms-3\8ae3b60496e0dd8965771a4a1ab68581\transformed\jetified-okhttp-4.12.0.jar because:
  Build cache is disabled
Transforming jsr305-3.0.2.jar (com.google.code.findbugs:jsr305:3.0.2) with CopyTransform
Skipping AggregatedPackagesTransform: C:\Users\user\.gradle\caches\transforms-3\6d93db5f7bed33676134b9ab052a2526\transformed\jetified-kotlin-stdlib-jdk7-1.9.10.jar as it is up-to-date.
Caching disabled for AggregatedPackagesTransform: C:\Users\user\.gradle\caches\transforms-3\77152a2a635f9881362be8e1412de56f\transformed\jetified-okio-jvm-3.6.0.jar because:
  Build cache is disabled
Transforming javax.inject-1.jar (javax.inject:javax.inject:1) with JetifyTransform
Caching disabled for IdentityTransform: C:\Users\user\.gradle\caches\transforms-3\f7272297fa7e00b73ddf743f46888d0f\transformed\cardview-1.0.0-runtime.jar because:
  Build cache is disabled
Caching disabled for CopyTransform: C:\Users\user\.gradle\caches\transforms-3\838e4d7655e3929da80c91b9719b7490\transformed\jetified-annotation-experimental-1.4.0-runtime.jar because:
  Build cache is disabled
Caching disabled for IdentityTransform: C:\Users\user\.gradle\caches\transforms-3\975b6988230332ecc9678bbfc3814d0b\transformed\jetified-exoplayer-datasource-2.19.1-runtime.jar because:
  Build cache is disabled
Skipping AggregatedPackagesTransform: C:\Users\user\.gradle\caches\transforms-3\8ae3b60496e0dd8965771a4a1ab68581\transformed\jetified-okhttp-4.12.0.jar as it is up-to-date.
Skipping CopyTransform: C:\Users\user\.gradle\caches\transforms-3\838e4d7655e3929da80c91b9719b7490\transformed\jetified-annotation-experimental-1.4.0-runtime.jar as it is up-to-date.
Skipping IdentityTransform: C:\Users\user\.gradle\caches\transforms-3\f7272297fa7e00b73ddf743f46888d0f\transformed\cardview-1.0.0-runtime.jar as it is up-to-date.
Caching disabled for IdentityTransform: C:\Users\user\.gradle\caches\transforms-3\be6b08a14fc920d8d2c4e2049f5732cf\transformed\core-runtime-2.2.0-runtime.jar because:
  Build cache is disabled
Transforming javax.inject-1.jar (javax.inject:javax.inject:1) with IdentityTransform
Caching disabled for CopyTransform: C:\Users\user\.gradle\caches\transforms-3\8c4ae2f78186fa624312048455747fcc\transformed\jetified-napier-release-runtime.jar because:
  Build cache is disabled
Transforming javax.inject-1.jar (javax.inject:javax.inject:1) with IdentityTransform
Skipping AggregatedPackagesTransform: C:\Users\user\.gradle\caches\transforms-3\77152a2a635f9881362be8e1412de56f\transformed\jetified-okio-jvm-3.6.0.jar as it is up-to-date.
Transforming javax.inject-1.jar (javax.inject:javax.inject:1) with CopyTransform
Transforming cardview-1.0.0.aar (androidx.cardview:cardview:1.0.0) with CopyTransform
Skipping CopyTransform: C:\Users\user\.gradle\caches\transforms-3\8c4ae2f78186fa624312048455747fcc\transformed\jetified-napier-release-runtime.jar as it is up-to-date.
Skipping IdentityTransform: C:\Users\user\.gradle\caches\transforms-3\be6b08a14fc920d8d2c4e2049f5732cf\transformed\core-runtime-2.2.0-runtime.jar as it is up-to-date.
Skipping IdentityTransform: C:\Users\user\.gradle\caches\transforms-3\975b6988230332ecc9678bbfc3814d0b\transformed\jetified-exoplayer-datasource-2.19.1-runtime.jar as it is up-to-date.
Caching disabled for AggregatedPackagesTransform: C:\Users\user\.gradle\caches\transforms-3\9c90e71eec87fc9974ddbb15923f6333\transformed\jetified-resourceinspection-annotation-1.0.1.jar because:
  Build cache is disabled
Caching disabled for CopyTransform: C:\Users\user\.gradle\caches\transforms-3\7c6255fa9f0e0fa96df53e8fac653b08\transformed\cursoradapter-1.0.0-runtime.jar because:
  Build cache is disabled
Skipping AggregatedPackagesTransform: C:\Users\user\.gradle\caches\transforms-3\9c90e71eec87fc9974ddbb15923f6333\transformed\jetified-resourceinspection-annotation-1.0.1.jar as it is up-to-date.
Transforming annotation-experimental-1.4.0.aar (androidx.annotation:annotation-experimental:1.4.0) with AggregatedPackagesTransform
Transforming core-runtime-2.2.0.aar (androidx.arch.core:core-runtime:2.2.0) with CopyTransform
Transforming gson-2.8.5.jar (com.google.code.gson:gson:2.8.5) with JetifyTransform
Skipping CopyTransform: C:\Users\user\.gradle\caches\transforms-3\7c6255fa9f0e0fa96df53e8fac653b08\transformed\cursoradapter-1.0.0-runtime.jar as it is up-to-date.
Caching disabled for IdentityTransform: C:\Users\user\.gradle\caches\transforms-3\ec17e698de048e3bfac0864a45436fea\transformed\jetified-exoplayer-extractor-2.19.1-runtime.jar because:
  Build cache is disabled
Caching disabled for IdentityTransform: C:\Users\user\.gradle\caches\transforms-3\8c5d4b8756ea6648b7aede6508d5f6f6\transformed\jetified-exoplayer-database-2.19.1-runtime.jar because:
  Build cache is disabled
Transforming napier-release.aar (io.github.aakira:napier-android:1.4.1) with AggregatedPackagesTransform
Skipping IdentityTransform: C:\Users\user\.gradle\caches\transforms-3\8c5d4b8756ea6648b7aede6508d5f6f6\transformed\jetified-exoplayer-database-2.19.1-runtime.jar as it is up-to-date.
Transforming cursoradapter-1.0.0.aar (androidx.cursoradapter:cursoradapter:1.0.0) with AggregatedPackagesTransform
Skipping IdentityTransform: C:\Users\user\.gradle\caches\transforms-3\ec17e698de048e3bfac0864a45436fea\transformed\jetified-exoplayer-extractor-2.19.1-runtime.jar as it is up-to-date.
Transforming gson-2.8.5.jar (com.google.code.gson:gson:2.8.5) with IdentityTransform
Transforming gson-2.8.5.jar (com.google.code.gson:gson:2.8.5) with IdentityTransform
Transforming gson-2.8.5.jar (com.google.code.gson:gson:2.8.5) with CopyTransform
Transforming exoplayer-datasource-2.19.1.aar (com.google.android.exoplayer:exoplayer-datasource:2.19.1) with CopyTransform
Transforming listenablefuture-9999.0-empty-to-avoid-conflict-with-guava.jar (com.google.guava:listenablefuture:9999.0-empty-to-avoid-conflict-with-guava) with JetifyTransform
Caching disabled for IdentityTransform: C:\Users\user\.gradle\caches\transforms-3\e9ea5a45e51eb04bf1216e589c3ac764\transformed\jetified-exoplayer-decoder-2.19.1-runtime.jar because:
  Build cache is disabled
Transforming exoplayer-extractor-2.19.1.aar (com.google.android.exoplayer:exoplayer-extractor:2.19.1) with CopyTransform
Transforming exoplayer-database-2.19.1.aar (com.google.android.exoplayer:exoplayer-database:2.19.1) with CopyTransform
Caching disabled for AggregatedPackagesTransform: C:\Users\user\.gradle\caches\transforms-3\838e4d7655e3929da80c91b9719b7490\transformed\jetified-annotation-experimental-1.4.0-runtime.jar because:
  Build cache is disabled
Skipping IdentityTransform: C:\Users\user\.gradle\caches\transforms-3\e9ea5a45e51eb04bf1216e589c3ac764\transformed\jetified-exoplayer-decoder-2.19.1-runtime.jar as it is up-to-date.
Transforming listenablefuture-9999.0-empty-to-avoid-conflict-with-guava.jar (com.google.guava:listenablefuture:9999.0-empty-to-avoid-conflict-with-guava) with IdentityTransform
Skipping AggregatedPackagesTransform: C:\Users\user\.gradle\caches\transforms-3\838e4d7655e3929da80c91b9719b7490\transformed\jetified-annotation-experimental-1.4.0-runtime.jar as it is up-to-date.
Transforming listenablefuture-9999.0-empty-to-avoid-conflict-with-guava.jar (com.google.guava:listenablefuture:9999.0-empty-to-avoid-conflict-with-guava) with IdentityTransform
Caching disabled for CopyTransform: C:\Users\user\.gradle\caches\transforms-3\f7272297fa7e00b73ddf743f46888d0f\transformed\cardview-1.0.0-runtime.jar because:
  Build cache is disabled
Caching disabled for IdentityTransform: C:\Users\user\.gradle\caches\transforms-3\4f45c3a7053e18b32f0d004efe9bcba5\transformed\jetified-exoplayer-common-2.19.1-runtime.jar because:
  Build cache is disabled
Transforming exoplayer-decoder-2.19.1.aar (com.google.android.exoplayer:exoplayer-decoder:2.19.1) with CopyTransform
Transforming listenablefuture-9999.0-empty-to-avoid-conflict-with-guava.jar (com.google.guava:listenablefuture:9999.0-empty-to-avoid-conflict-with-guava) with CopyTransform
Caching disabled for CopyTransform: C:\Users\user\.gradle\caches\transforms-3\be6b08a14fc920d8d2c4e2049f5732cf\transformed\core-runtime-2.2.0-runtime.jar because:
  Build cache is disabled
Caching disabled for IdentityTransform: C:\Users\user\.gradle\caches\transforms-3\72518c681d7e568051f474ebbafa9a12\transformed\jetified-exoplayer-container-2.19.1-runtime.jar because:
  Build cache is disabled
Skipping CopyTransform: C:\Users\user\.gradle\caches\transforms-3\be6b08a14fc920d8d2c4e2049f5732cf\transformed\core-runtime-2.2.0-runtime.jar as it is up-to-date.
Skipping IdentityTransform: C:\Users\user\.gradle\caches\transforms-3\72518c681d7e568051f474ebbafa9a12\transformed\jetified-exoplayer-container-2.19.1-runtime.jar as it is up-to-date.
Transforming constraintlayout-solver-2.0.1.jar (androidx.constraintlayout:constraintlayout-solver:2.0.1) with JetifyTransform
Caching disabled for AggregatedPackagesTransform: C:\Users\user\.gradle\caches\transforms-3\7c6255fa9f0e0fa96df53e8fac653b08\transformed\cursoradapter-1.0.0-runtime.jar because:
  Build cache is disabled
Skipping CopyTransform: C:\Users\user\.gradle\caches\transforms-3\f7272297fa7e00b73ddf743f46888d0f\transformed\cardview-1.0.0-runtime.jar as it is up-to-date.
Skipping AggregatedPackagesTransform: C:\Users\user\.gradle\caches\transforms-3\7c6255fa9f0e0fa96df53e8fac653b08\transformed\cursoradapter-1.0.0-runtime.jar as it is up-to-date.
Skipping IdentityTransform: C:\Users\user\.gradle\caches\transforms-3\4f45c3a7053e18b32f0d004efe9bcba5\transformed\jetified-exoplayer-common-2.19.1-runtime.jar as it is up-to-date.
Caching disabled for CopyTransform: C:\Users\user\.gradle\caches\transforms-3\8c5d4b8756ea6648b7aede6508d5f6f6\transformed\jetified-exoplayer-database-2.19.1-runtime.jar because:
  Build cache is disabled
Caching disabled for AggregatedPackagesTransform: C:\Users\user\.gradle\caches\transforms-3\8c4ae2f78186fa624312048455747fcc\transformed\jetified-napier-release-runtime.jar because:
  Build cache is disabled
Caching disabled for IdentityTransform: C:\Users\user\.gradle\caches\transforms-3\16aae07c3dbf4462bd83f954a3daabd6\transformed\interpolator-1.0.0-runtime.jar because:
  Build cache is disabled
Transforming exoplayer-common-2.19.1.aar (com.google.android.exoplayer:exoplayer-common:2.19.1) with CopyTransform
Transforming cardview-1.0.0.aar (androidx.cardview:cardview:1.0.0) with AggregatedPackagesTransform
Skipping CopyTransform: C:\Users\user\.gradle\caches\transforms-3\8c5d4b8756ea6648b7aede6508d5f6f6\transformed\jetified-exoplayer-database-2.19.1-runtime.jar as it is up-to-date.
Transforming exoplayer-container-2.19.1.aar (com.google.android.exoplayer:exoplayer-container:2.19.1) with CopyTransform
Transforming constraintlayout-solver-2.0.1.jar (androidx.constraintlayout:constraintlayout-solver:2.0.1) with IdentityTransform
Caching disabled for CopyTransform: C:\Users\user\.gradle\caches\transforms-3\ec17e698de048e3bfac0864a45436fea\transformed\jetified-exoplayer-extractor-2.19.1-runtime.jar because:
  Build cache is disabled
Caching disabled for CopyTransform: C:\Users\user\.gradle\caches\transforms-3\975b6988230332ecc9678bbfc3814d0b\transformed\jetified-exoplayer-datasource-2.19.1-runtime.jar because:
  Build cache is disabled
Transforming constraintlayout-solver-2.0.1.jar (androidx.constraintlayout:constraintlayout-solver:2.0.1) with IdentityTransform
Skipping IdentityTransform: C:\Users\user\.gradle\caches\transforms-3\16aae07c3dbf4462bd83f954a3daabd6\transformed\interpolator-1.0.0-runtime.jar as it is up-to-date.
Transforming constraintlayout-solver-2.0.1.jar (androidx.constraintlayout:constraintlayout-solver:2.0.1) with CopyTransform
Skipping AggregatedPackagesTransform: C:\Users\user\.gradle\caches\transforms-3\8c4ae2f78186fa624312048455747fcc\transformed\jetified-napier-release-runtime.jar as it is up-to-date.
Transforming core-runtime-2.2.0.aar (androidx.arch.core:core-runtime:2.2.0) with AggregatedPackagesTransform
Transforming failureaccess-1.0.1.jar (com.google.guava:failureaccess:1.0.1) with JetifyTransform
Transforming failureaccess-1.0.1.jar (com.google.guava:failureaccess:1.0.1) with IdentityTransform
Skipping CopyTransform: C:\Users\user\.gradle\caches\transforms-3\975b6988230332ecc9678bbfc3814d0b\transformed\jetified-exoplayer-datasource-2.19.1-runtime.jar as it is up-to-date.
Transforming failureaccess-1.0.1.jar (com.google.guava:failureaccess:1.0.1) with IdentityTransform
Transforming interpolator-1.0.0.aar (androidx.interpolator:interpolator:1.0.0) with CopyTransform
Skipping CopyTransform: C:\Users\user\.gradle\caches\transforms-3\ec17e698de048e3bfac0864a45436fea\transformed\jetified-exoplayer-extractor-2.19.1-runtime.jar as it is up-to-date.
Caching disabled for CopyTransform: C:\Users\user\.gradle\caches\transforms-3\e9ea5a45e51eb04bf1216e589c3ac764\transformed\jetified-exoplayer-decoder-2.19.1-runtime.jar because:
  Build cache is disabled
Transforming exoplayer-datasource-2.19.1.aar (com.google.android.exoplayer:exoplayer-datasource:2.19.1) with AggregatedPackagesTransform
Transforming failureaccess-1.0.1.jar (com.google.guava:failureaccess:1.0.1) with CopyTransform
Transforming interpolator-1.0.0.aar (androidx.interpolator:interpolator:1.0.0) with CopyTransform
Caching disabled for CopyTransform: C:\Users\user\.gradle\caches\transforms-3\4f45c3a7053e18b32f0d004efe9bcba5\transformed\jetified-exoplayer-common-2.19.1-runtime.jar because:
  Build cache is disabled
Caching disabled for AggregatedPackagesTransform: C:\Users\user\.gradle\caches\transforms-3\f7272297fa7e00b73ddf743f46888d0f\transformed\cardview-1.0.0-runtime.jar because:
  Build cache is disabled
Skipping CopyTransform: C:\Users\user\.gradle\caches\transforms-3\4f45c3a7053e18b32f0d004efe9bcba5\transformed\jetified-exoplayer-common-2.19.1-runtime.jar as it is up-to-date.
Transforming checker-qual-3.12.0.jar (org.checkerframework:checker-qual:3.12.0) with JetifyTransform
Transforming exoplayer-database-2.19.1.aar (com.google.android.exoplayer:exoplayer-database:2.19.1) with AggregatedPackagesTransform
Transforming checker-qual-3.12.0.jar (org.checkerframework:checker-qual:3.12.0) with IdentityTransform
Transforming checker-qual-3.12.0.jar (org.checkerframework:checker-qual:3.12.0) with IdentityTransform
Transforming checker-qual-3.12.0.jar (org.checkerframework:checker-qual:3.12.0) with CopyTransform
Transforming exoplayer-extractor-2.19.1.aar (com.google.android.exoplayer:exoplayer-extractor:2.19.1) with AggregatedPackagesTransform
Skipping CopyTransform: C:\Users\user\.gradle\caches\transforms-3\e9ea5a45e51eb04bf1216e589c3ac764\transformed\jetified-exoplayer-decoder-2.19.1-runtime.jar as it is up-to-date.
Caching disabled for AggregatedPackagesTransform: C:\Users\user\.gradle\caches\transforms-3\be6b08a14fc920d8d2c4e2049f5732cf\transformed\core-runtime-2.2.0-runtime.jar because:
  Build cache is disabled
Transforming exoplayer-common-2.19.1.aar (com.google.android.exoplayer:exoplayer-common:2.19.1) with AggregatedPackagesTransform
Transforming j2objc-annotations-1.3.jar (com.google.j2objc:j2objc-annotations:1.3) with JetifyTransform
Skipping AggregatedPackagesTransform: C:\Users\user\.gradle\caches\transforms-3\f7272297fa7e00b73ddf743f46888d0f\transformed\cardview-1.0.0-runtime.jar as it is up-to-date.
Transforming j2objc-annotations-1.3.jar (com.google.j2objc:j2objc-annotations:1.3) with IdentityTransform
Transforming exoplayer-decoder-2.19.1.aar (com.google.android.exoplayer:exoplayer-decoder:2.19.1) with AggregatedPackagesTransform
Transforming j2objc-annotations-1.3.jar (com.google.j2objc:j2objc-annotations:1.3) with IdentityTransform
Transforming j2objc-annotations-1.3.jar (com.google.j2objc:j2objc-annotations:1.3) with CopyTransform
Skipping AggregatedPackagesTransform: C:\Users\user\.gradle\caches\transforms-3\be6b08a14fc920d8d2c4e2049f5732cf\transformed\core-runtime-2.2.0-runtime.jar as it is up-to-date.
Caching disabled for CopyTransform: C:\Users\user\.gradle\caches\transforms-3\72518c681d7e568051f474ebbafa9a12\transformed\jetified-exoplayer-container-2.19.1-runtime.jar because:
  Build cache is disabled
Skipping CopyTransform: C:\Users\user\.gradle\caches\transforms-3\72518c681d7e568051f474ebbafa9a12\transformed\jetified-exoplayer-container-2.19.1-runtime.jar as it is up-to-date.
Caching disabled for AggregatedPackagesTransform: C:\Users\user\.gradle\caches\transforms-3\8c5d4b8756ea6648b7aede6508d5f6f6\transformed\jetified-exoplayer-database-2.19.1-runtime.jar because:
  Build cache is disabled
Caching disabled for IdentityTransform: C:\Users\user\.gradle\caches\transforms-3\a3bc45618f36d805c03b32cc30e7be15\transformed\versionedparcelable-1.1.1-runtime.jar because:
  Build cache is disabled
Caching disabled for CopyTransform: C:\Users\user\.gradle\caches\transforms-3\16aae07c3dbf4462bd83f954a3daabd6\transformed\interpolator-1.0.0-runtime.jar because:
  Build cache is disabled
Skipping IdentityTransform: C:\Users\user\.gradle\caches\transforms-3\a3bc45618f36d805c03b32cc30e7be15\transformed\versionedparcelable-1.1.1-runtime.jar as it is up-to-date.
Transforming exoplayer-container-2.19.1.aar (com.google.android.exoplayer:exoplayer-container:2.19.1) with AggregatedPackagesTransform
Skipping CopyTransform: C:\Users\user\.gradle\caches\transforms-3\16aae07c3dbf4462bd83f954a3daabd6\transformed\interpolator-1.0.0-runtime.jar as it is up-to-date.
Transforming versionedparcelable-1.1.1.aar (androidx.versionedparcelable:versionedparcelable:1.1.1) with CopyTransform
Transforming interpolator-1.0.0.aar (androidx.interpolator:interpolator:1.0.0) with AggregatedPackagesTransform
Transforming interpolator-1.0.0.aar (androidx.interpolator:interpolator:1.0.0) with AggregatedPackagesTransform
Skipping AggregatedPackagesTransform: C:\Users\user\.gradle\caches\transforms-3\8c5d4b8756ea6648b7aede6508d5f6f6\transformed\jetified-exoplayer-database-2.19.1-runtime.jar as it is up-to-date.
Caching disabled for AggregatedPackagesTransform: C:\Users\user\.gradle\caches\transforms-3\4f45c3a7053e18b32f0d004efe9bcba5\transformed\jetified-exoplayer-common-2.19.1-runtime.jar because:
  Build cache is disabled
Caching disabled for AggregatedPackagesTransform: C:\Users\user\.gradle\caches\transforms-3\ec17e698de048e3bfac0864a45436fea\transformed\jetified-exoplayer-extractor-2.19.1-runtime.jar because:
  Build cache is disabled
Skipping AggregatedPackagesTransform: C:\Users\user\.gradle\caches\transforms-3\4f45c3a7053e18b32f0d004efe9bcba5\transformed\jetified-exoplayer-common-2.19.1-runtime.jar as it is up-to-date.
Skipping AggregatedPackagesTransform: C:\Users\user\.gradle\caches\transforms-3\ec17e698de048e3bfac0864a45436fea\transformed\jetified-exoplayer-extractor-2.19.1-runtime.jar as it is up-to-date.
Caching disabled for AggregatedPackagesTransform: C:\Users\user\.gradle\caches\transforms-3\e9ea5a45e51eb04bf1216e589c3ac764\transformed\jetified-exoplayer-decoder-2.19.1-runtime.jar because:
  Build cache is disabled
Skipping AggregatedPackagesTransform: C:\Users\user\.gradle\caches\transforms-3\e9ea5a45e51eb04bf1216e589c3ac764\transformed\jetified-exoplayer-decoder-2.19.1-runtime.jar as it is up-to-date.
Caching disabled for AggregatedPackagesTransform: C:\Users\user\.gradle\caches\transforms-3\975b6988230332ecc9678bbfc3814d0b\transformed\jetified-exoplayer-datasource-2.19.1-runtime.jar because:
  Build cache is disabled
Skipping AggregatedPackagesTransform: C:\Users\user\.gradle\caches\transforms-3\975b6988230332ecc9678bbfc3814d0b\transformed\jetified-exoplayer-datasource-2.19.1-runtime.jar as it is up-to-date.
Caching disabled for CopyTransform: C:\Users\user\.gradle\caches\transforms-3\a3bc45618f36d805c03b32cc30e7be15\transformed\versionedparcelable-1.1.1-runtime.jar because:
  Build cache is disabled
Caching disabled for IdentityTransform: C:\Users\user\.gradle\caches\transforms-3\7acce28c49147fb8a4d906997a9b3fae\transformed\jetified-tracing-1.0.0-runtime.jar because:
  Build cache is disabled
Skipping CopyTransform: C:\Users\user\.gradle\caches\transforms-3\a3bc45618f36d805c03b32cc30e7be15\transformed\versionedparcelable-1.1.1-runtime.jar as it is up-to-date.
Caching disabled for IdentityTransform: C:\Users\user\.gradle\caches\transforms-3\50ca6423d81d646198db1ce144e5883e\transformed\jetified-profileinstaller-1.3.1-runtime.jar because:
  Build cache is disabled
Caching disabled for CopyTransform: C:\Users\user\.gradle\caches\modules-2\files-2.1\androidx.arch.core\core-common\2.2.0\5e1b8b81dfd5f52c56a8d53b18ca759c19a301f3\core-common-2.2.0.jar because:
  Build cache is disabled
Caching disabled for AggregatedPackagesTransform: C:\Users\user\.gradle\caches\transforms-3\72518c681d7e568051f474ebbafa9a12\transformed\jetified-exoplayer-container-2.19.1-runtime.jar because:
  Build cache is disabled
Skipping IdentityTransform: C:\Users\user\.gradle\caches\transforms-3\50ca6423d81d646198db1ce144e5883e\transformed\jetified-profileinstaller-1.3.1-runtime.jar as it is up-to-date.
Caching disabled for IdentityTransform: C:\Users\user\.gradle\caches\transforms-3\5d50dd385e532a69874e527f285a88fe\transformed\jetified-startup-runtime-1.1.1-runtime.jar because:
  Build cache is disabled
Skipping IdentityTransform: C:\Users\user\.gradle\caches\transforms-3\7acce28c49147fb8a4d906997a9b3fae\transformed\jetified-tracing-1.0.0-runtime.jar as it is up-to-date.
Caching disabled for IdentityTransform: C:\Users\user\.gradle\caches\transforms-3\1d0de2a4c2704e355260bca34e8d91cd\transformed\localbroadcastmanager-1.0.0-runtime.jar because:
  Build cache is disabled
Skipping IdentityTransform: C:\Users\user\.gradle\caches\transforms-3\1d0de2a4c2704e355260bca34e8d91cd\transformed\localbroadcastmanager-1.0.0-runtime.jar as it is up-to-date.
Transforming profileinstaller-1.3.1.aar (androidx.profileinstaller:profileinstaller:1.3.1) with CopyTransform
Skipping IdentityTransform: C:\Users\user\.gradle\caches\transforms-3\5d50dd385e532a69874e527f285a88fe\transformed\jetified-startup-runtime-1.1.1-runtime.jar as it is up-to-date.
Caching disabled for CopyTransform: C:\Users\user\.gradle\caches\transforms-3\4952dbf39e9f3615bfd2a00d64828bf5\transformed\jetified-concurrent-futures-1.1.0.jar because:
  Build cache is disabled
Caching disabled for AggregatedPackagesTransform: C:\Users\user\.gradle\caches\transforms-3\16aae07c3dbf4462bd83f954a3daabd6\transformed\interpolator-1.0.0-runtime.jar because:
  Build cache is disabled
Skipping AggregatedPackagesTransform: C:\Users\user\.gradle\caches\transforms-3\72518c681d7e568051f474ebbafa9a12\transformed\jetified-exoplayer-container-2.19.1-runtime.jar as it is up-to-date.
Skipping AggregatedPackagesTransform: C:\Users\user\.gradle\caches\transforms-3\16aae07c3dbf4462bd83f954a3daabd6\transformed\interpolator-1.0.0-runtime.jar as it is up-to-date.
Caching disabled for IdentityTransform: C:\Users\user\.gradle\caches\transforms-3\c68ebee906ac0542c5c9e3fa683a481f\transformed\print-1.0.0-runtime.jar because:
  Build cache is disabled
Transforming versionedparcelable-1.1.1.aar (androidx.versionedparcelable:versionedparcelable:1.1.1) with AggregatedPackagesTransform
Skipping IdentityTransform: C:\Users\user\.gradle\caches\transforms-3\c68ebee906ac0542c5c9e3fa683a481f\transformed\print-1.0.0-runtime.jar as it is up-to-date.
Skipping CopyTransform: C:\Users\user\.gradle\caches\modules-2\files-2.1\androidx.arch.core\core-common\2.2.0\5e1b8b81dfd5f52c56a8d53b18ca759c19a301f3\core-common-2.2.0.jar as it is up-to-date.
Transforming startup-runtime-1.1.1.aar (androidx.startup:startup-runtime:1.1.1) with CopyTransform
Skipping CopyTransform: C:\Users\user\.gradle\caches\transforms-3\4952dbf39e9f3615bfd2a00d64828bf5\transformed\jetified-concurrent-futures-1.1.0.jar as it is up-to-date.
Transforming localbroadcastmanager-1.0.0.aar (androidx.localbroadcastmanager:localbroadcastmanager:1.0.0) with CopyTransform
Caching disabled for IdentityTransform: C:\Users\user\.gradle\caches\transforms-3\f882d9048303c9d2549448629dd2b585\transformed\documentfile-1.0.0-runtime.jar because:
  Build cache is disabled
Transforming core-common-2.2.0.jar (androidx.arch.core:core-common:2.2.0) with AggregatedPackagesTransform
Transforming tracing-1.0.0.aar (androidx.tracing:tracing:1.0.0) with CopyTransform
Skipping IdentityTransform: C:\Users\user\.gradle\caches\transforms-3\f882d9048303c9d2549448629dd2b585\transformed\documentfile-1.0.0-runtime.jar as it is up-to-date.
Transforming print-1.0.0.aar (androidx.print:print:1.0.0) with CopyTransform
Transforming concurrent-futures-1.1.0.jar (androidx.concurrent:concurrent-futures:1.1.0) with AggregatedPackagesTransform
Caching disabled for CopyTransform: C:\Users\user\.gradle\caches\transforms-3\50ca6423d81d646198db1ce144e5883e\transformed\jetified-profileinstaller-1.3.1-runtime.jar because:
  Build cache is disabled
Skipping CopyTransform: C:\Users\user\.gradle\caches\transforms-3\50ca6423d81d646198db1ce144e5883e\transformed\jetified-profileinstaller-1.3.1-runtime.jar as it is up-to-date.
Transforming documentfile-1.0.0.aar (androidx.documentfile:documentfile:1.0.0) with CopyTransform
Caching disabled for CopyTransform: C:\Users\user\.gradle\caches\transforms-3\5d50dd385e532a69874e527f285a88fe\transformed\jetified-startup-runtime-1.1.1-runtime.jar because:
  Build cache is disabled
Caching disabled for AggregatedPackagesTransform: C:\Users\user\.gradle\caches\modules-2\files-2.1\androidx.arch.core\core-common\2.2.0\5e1b8b81dfd5f52c56a8d53b18ca759c19a301f3\core-common-2.2.0.jar because:
  Build cache is disabled
Skipping CopyTransform: C:\Users\user\.gradle\caches\transforms-3\5d50dd385e532a69874e527f285a88fe\transformed\jetified-startup-runtime-1.1.1-runtime.jar as it is up-to-date.
Transforming profileinstaller-1.3.1.aar (androidx.profileinstaller:profileinstaller:1.3.1) with AggregatedPackagesTransform
Caching disabled for CopyTransform: C:\Users\user\.gradle\caches\transforms-3\1d0de2a4c2704e355260bca34e8d91cd\transformed\localbroadcastmanager-1.0.0-runtime.jar because:
  Build cache is disabled
Skipping AggregatedPackagesTransform: C:\Users\user\.gradle\caches\modules-2\files-2.1\androidx.arch.core\core-common\2.2.0\5e1b8b81dfd5f52c56a8d53b18ca759c19a301f3\core-common-2.2.0.jar as it is up-to-date.
Caching disabled for CopyTransform: C:\Users\user\.gradle\caches\transforms-3\42e8d76518df9ea4cb448b1ce9157841\transformed\jetified-collection-jvm-1.4.0.jar because:
  Build cache is disabled
Caching disabled for AggregatedPackagesTransform: C:\Users\user\.gradle\caches\transforms-3\a3bc45618f36d805c03b32cc30e7be15\transformed\versionedparcelable-1.1.1-runtime.jar because:
  Build cache is disabled
Skipping CopyTransform: C:\Users\user\.gradle\caches\transforms-3\42e8d76518df9ea4cb448b1ce9157841\transformed\jetified-collection-jvm-1.4.0.jar as it is up-to-date.
Skipping AggregatedPackagesTransform: C:\Users\user\.gradle\caches\transforms-3\a3bc45618f36d805c03b32cc30e7be15\transformed\versionedparcelable-1.1.1-runtime.jar as it is up-to-date.
Caching disabled for CopyTransform: C:\Users\user\.gradle\caches\transforms-3\2f4ffbf12272dad9f22d1ec3454e7182\transformed\jetified-collection-ktx-1.4.0.jar because:
  Build cache is disabled
Skipping CopyTransform: C:\Users\user\.gradle\caches\transforms-3\2f4ffbf12272dad9f22d1ec3454e7182\transformed\jetified-collection-ktx-1.4.0.jar as it is up-to-date.
Caching disabled for IdentityTransform: C:\Users\user\.gradle\caches\transforms-3\49e7e0206fa5d0fec012335aade9f065\transformed\exifinterface-1.3.6-runtime.jar because:
  Build cache is disabled
Transforming startup-runtime-1.1.1.aar (androidx.startup:startup-runtime:1.1.1) with AggregatedPackagesTransform
Skipping IdentityTransform: C:\Users\user\.gradle\caches\transforms-3\49e7e0206fa5d0fec012335aade9f065\transformed\exifinterface-1.3.6-runtime.jar as it is up-to-date.
Caching disabled for CopyTransform: C:\Users\user\.gradle\caches\transforms-3\7acce28c49147fb8a4d906997a9b3fae\transformed\jetified-tracing-1.0.0-runtime.jar because:
  Build cache is disabled
Skipping CopyTransform: C:\Users\user\.gradle\caches\transforms-3\1d0de2a4c2704e355260bca34e8d91cd\transformed\localbroadcastmanager-1.0.0-runtime.jar as it is up-to-date.
Skipping CopyTransform: C:\Users\user\.gradle\caches\transforms-3\7acce28c49147fb8a4d906997a9b3fae\transformed\jetified-tracing-1.0.0-runtime.jar as it is up-to-date.
Transforming collection-ktx-1.4.0.jar (androidx.collection:collection-ktx:1.4.0) with AggregatedPackagesTransform
Caching disabled for AggregatedPackagesTransform: C:\Users\user\.gradle\caches\transforms-3\4952dbf39e9f3615bfd2a00d64828bf5\transformed\jetified-concurrent-futures-1.1.0.jar because:
  Build cache is disabled
Transforming collection-jvm-1.4.0.jar (androidx.collection:collection-jvm:1.4.0) with AggregatedPackagesTransform
Skipping AggregatedPackagesTransform: C:\Users\user\.gradle\caches\transforms-3\4952dbf39e9f3615bfd2a00d64828bf5\transformed\jetified-concurrent-futures-1.1.0.jar as it is up-to-date.
Transforming exifinterface-1.3.6.aar (androidx.exifinterface:exifinterface:1.3.6) with CopyTransform
Caching disabled for CopyTransform: C:\Users\user\.gradle\caches\transforms-3\c68ebee906ac0542c5c9e3fa683a481f\transformed\print-1.0.0-runtime.jar because:
  Build cache is disabled
Caching disabled for CopyTransform: C:\Users\user\.gradle\caches\transforms-3\f882d9048303c9d2549448629dd2b585\transformed\documentfile-1.0.0-runtime.jar because:
  Build cache is disabled
Skipping CopyTransform: C:\Users\user\.gradle\caches\transforms-3\c68ebee906ac0542c5c9e3fa683a481f\transformed\print-1.0.0-runtime.jar as it is up-to-date.
Transforming localbroadcastmanager-1.0.0.aar (androidx.localbroadcastmanager:localbroadcastmanager:1.0.0) with AggregatedPackagesTransform
Skipping CopyTransform: C:\Users\user\.gradle\caches\transforms-3\f882d9048303c9d2549448629dd2b585\transformed\documentfile-1.0.0-runtime.jar as it is up-to-date.
Transforming tracing-1.0.0.aar (androidx.tracing:tracing:1.0.0) with AggregatedPackagesTransform
Transforming documentfile-1.0.0.aar (androidx.documentfile:documentfile:1.0.0) with AggregatedPackagesTransform
Caching disabled for CopyTransform: C:\Users\user\.gradle\caches\transforms-3\83f966be81996885906751c46a8853bd\transformed\jetified-annotation-jvm-1.7.0.jar because:
  Build cache is disabled
Skipping CopyTransform: C:\Users\user\.gradle\caches\transforms-3\83f966be81996885906751c46a8853bd\transformed\jetified-annotation-jvm-1.7.0.jar as it is up-to-date.
Caching disabled for CopyTransform: C:\Users\user\.gradle\caches\transforms-3\9f16e3865a4dfc170695dda65dfb3e08\transformed\jetified-kotlin-stdlib-1.9.22.jar because:
  Build cache is disabled
Skipping CopyTransform: C:\Users\user\.gradle\caches\transforms-3\9f16e3865a4dfc170695dda65dfb3e08\transformed\jetified-kotlin-stdlib-1.9.22.jar as it is up-to-date.
Transforming print-1.0.0.aar (androidx.print:print:1.0.0) with AggregatedPackagesTransform
Transforming kotlin-stdlib-1.9.22.jar (org.jetbrains.kotlin:kotlin-stdlib:1.9.22) with AggregatedPackagesTransform
Transforming annotation-jvm-1.7.0.jar (androidx.annotation:annotation-jvm:1.7.0) with AggregatedPackagesTransform
Caching disabled for AggregatedPackagesTransform: C:\Users\user\.gradle\caches\transforms-3\50ca6423d81d646198db1ce144e5883e\transformed\jetified-profileinstaller-1.3.1-runtime.jar because:
  Build cache is disabled
Caching disabled for AggregatedPackagesTransform: C:\Users\user\.gradle\caches\transforms-3\5d50dd385e532a69874e527f285a88fe\transformed\jetified-startup-runtime-1.1.1-runtime.jar because:
  Build cache is disabled
Skipping AggregatedPackagesTransform: C:\Users\user\.gradle\caches\transforms-3\50ca6423d81d646198db1ce144e5883e\transformed\jetified-profileinstaller-1.3.1-runtime.jar as it is up-to-date.
Skipping AggregatedPackagesTransform: C:\Users\user\.gradle\caches\transforms-3\5d50dd385e532a69874e527f285a88fe\transformed\jetified-startup-runtime-1.1.1-runtime.jar as it is up-to-date.
Caching disabled for AggregatedPackagesTransform: C:\Users\user\.gradle\caches\transforms-3\1d0de2a4c2704e355260bca34e8d91cd\transformed\localbroadcastmanager-1.0.0-runtime.jar because:
  Build cache is disabled
Caching disabled for AggregatedPackagesTransform: C:\Users\user\.gradle\caches\transforms-3\2f4ffbf12272dad9f22d1ec3454e7182\transformed\jetified-collection-ktx-1.4.0.jar because:
  Build cache is disabled
Caching disabled for IdentityTransform: C:\Users\user\.gradle\caches\transforms-3\d6c34f75548d846104c158730dc52bd6\transformed\jetified-volley-1.2.1-runtime.jar because:
  Build cache is disabled
Skipping AggregatedPackagesTransform: C:\Users\user\.gradle\caches\transforms-3\1d0de2a4c2704e355260bca34e8d91cd\transformed\localbroadcastmanager-1.0.0-runtime.jar as it is up-to-date.
Caching disabled for CopyTransform: C:\Users\user\.gradle\caches\transforms-3\49e7e0206fa5d0fec012335aade9f065\transformed\exifinterface-1.3.6-runtime.jar because:
  Build cache is disabled
Skipping IdentityTransform: C:\Users\user\.gradle\caches\transforms-3\d6c34f75548d846104c158730dc52bd6\transformed\jetified-volley-1.2.1-runtime.jar as it is up-to-date.
Skipping AggregatedPackagesTransform: C:\Users\user\.gradle\caches\transforms-3\2f4ffbf12272dad9f22d1ec3454e7182\transformed\jetified-collection-ktx-1.4.0.jar as it is up-to-date.
Caching disabled for AggregatedPackagesTransform: C:\Users\user\.gradle\caches\transforms-3\7acce28c49147fb8a4d906997a9b3fae\transformed\jetified-tracing-1.0.0-runtime.jar because:
  Build cache is disabled
Skipping AggregatedPackagesTransform: C:\Users\user\.gradle\caches\transforms-3\7acce28c49147fb8a4d906997a9b3fae\transformed\jetified-tracing-1.0.0-runtime.jar as it is up-to-date.
Caching disabled for AggregatedPackagesTransform: C:\Users\user\.gradle\caches\transforms-3\42e8d76518df9ea4cb448b1ce9157841\transformed\jetified-collection-jvm-1.4.0.jar because:
  Build cache is disabled
Caching disabled for AggregatedPackagesTransform: C:\Users\user\.gradle\caches\transforms-3\9f16e3865a4dfc170695dda65dfb3e08\transformed\jetified-kotlin-stdlib-1.9.22.jar because:
  Build cache is disabled
Skipping AggregatedPackagesTransform: C:\Users\user\.gradle\caches\transforms-3\42e8d76518df9ea4cb448b1ce9157841\transformed\jetified-collection-jvm-1.4.0.jar as it is up-to-date.
Skipping AggregatedPackagesTransform: C:\Users\user\.gradle\caches\transforms-3\9f16e3865a4dfc170695dda65dfb3e08\transformed\jetified-kotlin-stdlib-1.9.22.jar as it is up-to-date.
Caching disabled for AggregatedPackagesTransform: C:\Users\user\.gradle\caches\transforms-3\f882d9048303c9d2549448629dd2b585\transformed\documentfile-1.0.0-runtime.jar because:
  Build cache is disabled
Skipping CopyTransform: C:\Users\user\.gradle\caches\transforms-3\49e7e0206fa5d0fec012335aade9f065\transformed\exifinterface-1.3.6-runtime.jar as it is up-to-date.
Skipping AggregatedPackagesTransform: C:\Users\user\.gradle\caches\transforms-3\f882d9048303c9d2549448629dd2b585\transformed\documentfile-1.0.0-runtime.jar as it is up-to-date.
Transforming volley-1.2.1.aar (com.android.volley:volley:1.2.1) with CopyTransform
Caching disabled for AggregatedPackagesTransform: C:\Users\user\.gradle\caches\transforms-3\c68ebee906ac0542c5c9e3fa683a481f\transformed\print-1.0.0-runtime.jar because:
  Build cache is disabled
Skipping AggregatedPackagesTransform: C:\Users\user\.gradle\caches\transforms-3\c68ebee906ac0542c5c9e3fa683a481f\transformed\print-1.0.0-runtime.jar as it is up-to-date.
Caching disabled for IdentityTransform: C:\Users\user\.gradle\caches\transforms-3\0cf66c4cb2ff6c8071175b352cebbf8a\transformed\jetified-Android-Image-Slider-1.4.0-runtime.jar because:
  Build cache is disabled
Caching disabled for CopyTransform: C:\Users\user\.gradle\caches\transforms-3\a3d7bd5a9a3e49f43871c691f0fe8576\transformed\jetified-annotations-23.0.0.jar because:
  Build cache is disabled
Caching disabled for CopyTransform: C:\Users\user\.gradle\caches\transforms-3\5bcbec75043d4518ba5cb538d57ceed2\transformed\jetified-guava-31.1-android.jar because:
  Build cache is disabled
Skipping IdentityTransform: C:\Users\user\.gradle\caches\transforms-3\0cf66c4cb2ff6c8071175b352cebbf8a\transformed\jetified-Android-Image-Slider-1.4.0-runtime.jar as it is up-to-date.
Skipping CopyTransform: C:\Users\user\.gradle\caches\transforms-3\5bcbec75043d4518ba5cb538d57ceed2\transformed\jetified-guava-31.1-android.jar as it is up-to-date.
Skipping CopyTransform: C:\Users\user\.gradle\caches\transforms-3\a3d7bd5a9a3e49f43871c691f0fe8576\transformed\jetified-annotations-23.0.0.jar as it is up-to-date.
Caching disabled for AggregatedPackagesTransform: C:\Users\user\.gradle\caches\transforms-3\83f966be81996885906751c46a8853bd\transformed\jetified-annotation-jvm-1.7.0.jar because:
  Build cache is disabled
Skipping AggregatedPackagesTransform: C:\Users\user\.gradle\caches\transforms-3\83f966be81996885906751c46a8853bd\transformed\jetified-annotation-jvm-1.7.0.jar as it is up-to-date.
Transforming guava-31.1-android.jar (com.google.guava:guava:31.1-android) with AggregatedPackagesTransform
Caching disabled for IdentityTransform: C:\Users\user\.gradle\caches\transforms-3\d07aae526a278f9ce50449ffc7fe542d\transformed\jetified-circleimageview-3.1.0-runtime.jar because:
  Build cache is disabled
Transforming exifinterface-1.3.6.aar (androidx.exifinterface:exifinterface:1.3.6) with AggregatedPackagesTransform
Transforming Android-Image-Slider-1.4.0.aar (com.github.smarteist:Android-Image-Slider:1.4.0) with CopyTransform
Skipping IdentityTransform: C:\Users\user\.gradle\caches\transforms-3\d07aae526a278f9ce50449ffc7fe542d\transformed\jetified-circleimageview-3.1.0-runtime.jar as it is up-to-date.
Caching disabled for CopyTransform: C:\Users\user\.gradle\caches\transforms-3\903d7ba70be6ad17eeb78b6f8808620f\transformed\jetified-hilt-core-2.49.jar because:
  Build cache is disabled
Transforming annotations-23.0.0.jar (org.jetbrains:annotations:23.0.0) with AggregatedPackagesTransform
Skipping CopyTransform: C:\Users\user\.gradle\caches\transforms-3\903d7ba70be6ad17eeb78b6f8808620f\transformed\jetified-hilt-core-2.49.jar as it is up-to-date.
Transforming circleimageview-3.1.0.aar (de.hdodenhof:circleimageview:3.1.0) with CopyTransform
Caching disabled for CopyTransform: C:\Users\user\.gradle\caches\transforms-3\7936f430f812b202848f563f75f3ce7a\transformed\jetified-dagger-2.49.jar because:
  Build cache is disabled
Caching disabled for CopyTransform: C:\Users\user\.gradle\caches\transforms-3\2e53967e99a2efb836f0fec11a705eb6\transformed\jetified-error_prone_annotations-2.15.0.jar because:
  Build cache is disabled
Skipping CopyTransform: C:\Users\user\.gradle\caches\transforms-3\7936f430f812b202848f563f75f3ce7a\transformed\jetified-dagger-2.49.jar as it is up-to-date.
Transforming hilt-core-2.49.jar (com.google.dagger:hilt-core:2.49) with AggregatedPackagesTransform
Skipping CopyTransform: C:\Users\user\.gradle\caches\transforms-3\2e53967e99a2efb836f0fec11a705eb6\transformed\jetified-error_prone_annotations-2.15.0.jar as it is up-to-date.
Transforming dagger-2.49.jar (com.google.dagger:dagger:2.49) with AggregatedPackagesTransform
Transforming error_prone_annotations-2.15.0.jar (com.google.errorprone:error_prone_annotations:2.15.0) with AggregatedPackagesTransform
Caching disabled for CopyTransform: C:\Users\user\.gradle\caches\transforms-3\d6c34f75548d846104c158730dc52bd6\transformed\jetified-volley-1.2.1-runtime.jar because:
  Build cache is disabled
Skipping CopyTransform: C:\Users\user\.gradle\caches\transforms-3\d6c34f75548d846104c158730dc52bd6\transformed\jetified-volley-1.2.1-runtime.jar as it is up-to-date.
Caching disabled for IdentityTransform: C:\Users\user\.gradle\caches\transforms-3\2ce731c6f5718fdd5e3f6012b37116c1\transformed\jetified-dagger-lint-aar-2.49-runtime.jar because:
  Build cache is disabled
Transforming volley-1.2.1.aar (com.android.volley:volley:1.2.1) with AggregatedPackagesTransform
Caching disabled for CopyTransform: C:\Users\user\.gradle\caches\transforms-3\19187101f19803dbcfbd88e4dae1795e\transformed\jetified-jsr305-3.0.2.jar because:
  Build cache is disabled
Skipping CopyTransform: C:\Users\user\.gradle\caches\transforms-3\19187101f19803dbcfbd88e4dae1795e\transformed\jetified-jsr305-3.0.2.jar as it is up-to-date.
Skipping IdentityTransform: C:\Users\user\.gradle\caches\transforms-3\2ce731c6f5718fdd5e3f6012b37116c1\transformed\jetified-dagger-lint-aar-2.49-runtime.jar as it is up-to-date.
Caching disabled for AggregatedPackagesTransform: C:\Users\user\.gradle\caches\transforms-3\49e7e0206fa5d0fec012335aade9f065\transformed\exifinterface-1.3.6-runtime.jar because:
  Build cache is disabled
Skipping AggregatedPackagesTransform: C:\Users\user\.gradle\caches\transforms-3\49e7e0206fa5d0fec012335aade9f065\transformed\exifinterface-1.3.6-runtime.jar as it is up-to-date.
Caching disabled for AggregatedPackagesTransform: C:\Users\user\.gradle\caches\transforms-3\a3d7bd5a9a3e49f43871c691f0fe8576\transformed\jetified-annotations-23.0.0.jar because:
  Build cache is disabled
Skipping AggregatedPackagesTransform: C:\Users\user\.gradle\caches\transforms-3\a3d7bd5a9a3e49f43871c691f0fe8576\transformed\jetified-annotations-23.0.0.jar as it is up-to-date.
Transforming dagger-lint-aar-2.49.aar (com.google.dagger:dagger-lint-aar:2.49) with CopyTransform
Transforming jsr305-3.0.2.jar (com.google.code.findbugs:jsr305:3.0.2) with AggregatedPackagesTransform
Caching disabled for AggregatedPackagesTransform: C:\Users\user\.gradle\caches\transforms-3\7936f430f812b202848f563f75f3ce7a\transformed\jetified-dagger-2.49.jar because:
  Build cache is disabled
Caching disabled for AggregatedPackagesTransform: C:\Users\user\.gradle\caches\transforms-3\5bcbec75043d4518ba5cb538d57ceed2\transformed\jetified-guava-31.1-android.jar because:
  Build cache is disabled
Skipping AggregatedPackagesTransform: C:\Users\user\.gradle\caches\transforms-3\7936f430f812b202848f563f75f3ce7a\transformed\jetified-dagger-2.49.jar as it is up-to-date.
Caching disabled for AggregatedPackagesTransform: C:\Users\user\.gradle\caches\transforms-3\903d7ba70be6ad17eeb78b6f8808620f\transformed\jetified-hilt-core-2.49.jar because:
  Build cache is disabled
Skipping AggregatedPackagesTransform: C:\Users\user\.gradle\caches\transforms-3\5bcbec75043d4518ba5cb538d57ceed2\transformed\jetified-guava-31.1-android.jar as it is up-to-date.
Skipping AggregatedPackagesTransform: C:\Users\user\.gradle\caches\transforms-3\903d7ba70be6ad17eeb78b6f8808620f\transformed\jetified-hilt-core-2.49.jar as it is up-to-date.
Caching disabled for CopyTransform: C:\Users\user\.gradle\caches\transforms-3\d07aae526a278f9ce50449ffc7fe542d\transformed\jetified-circleimageview-3.1.0-runtime.jar because:
  Build cache is disabled
Caching disabled for CopyTransform: C:\Users\user\.gradle\caches\transforms-3\40cadb43b1c01898eeeb3529c96d2563\transformed\jetified-javax.inject-1.jar because:
  Build cache is disabled
Skipping CopyTransform: C:\Users\user\.gradle\caches\transforms-3\d07aae526a278f9ce50449ffc7fe542d\transformed\jetified-circleimageview-3.1.0-runtime.jar as it is up-to-date.
Skipping CopyTransform: C:\Users\user\.gradle\caches\transforms-3\40cadb43b1c01898eeeb3529c96d2563\transformed\jetified-javax.inject-1.jar as it is up-to-date.
Caching disabled for AggregatedPackagesTransform: C:\Users\user\.gradle\caches\transforms-3\2e53967e99a2efb836f0fec11a705eb6\transformed\jetified-error_prone_annotations-2.15.0.jar because:
  Build cache is disabled
Skipping AggregatedPackagesTransform: C:\Users\user\.gradle\caches\transforms-3\2e53967e99a2efb836f0fec11a705eb6\transformed\jetified-error_prone_annotations-2.15.0.jar as it is up-to-date.
Transforming circleimageview-3.1.0.aar (de.hdodenhof:circleimageview:3.1.0) with AggregatedPackagesTransform
Transforming javax.inject-1.jar (javax.inject:javax.inject:1) with AggregatedPackagesTransform
Caching disabled for CopyTransform: C:\Users\user\.gradle\caches\transforms-3\0cf66c4cb2ff6c8071175b352cebbf8a\transformed\jetified-Android-Image-Slider-1.4.0-runtime.jar because:
  Build cache is disabled
Caching disabled for AggregatedPackagesTransform: C:\Users\user\.gradle\caches\transforms-3\d6c34f75548d846104c158730dc52bd6\transformed\jetified-volley-1.2.1-runtime.jar because:
  Build cache is disabled
Skipping AggregatedPackagesTransform: C:\Users\user\.gradle\caches\transforms-3\d6c34f75548d846104c158730dc52bd6\transformed\jetified-volley-1.2.1-runtime.jar as it is up-to-date.
Caching disabled for CopyTransform: C:\Users\user\.gradle\caches\transforms-3\bceaab695a1c441583b5b8db13947daf\transformed\jetified-gson-2.8.5.jar because:
  Build cache is disabled
Skipping CopyTransform: C:\Users\user\.gradle\caches\transforms-3\bceaab695a1c441583b5b8db13947daf\transformed\jetified-gson-2.8.5.jar as it is up-to-date.
Caching disabled for CopyTransform: C:\Users\user\.gradle\caches\transforms-3\2ce731c6f5718fdd5e3f6012b37116c1\transformed\jetified-dagger-lint-aar-2.49-runtime.jar because:
  Build cache is disabled
Caching disabled for CopyTransform: C:\Users\user\.gradle\caches\transforms-3\d8bd11bc02fdf2283eebd30102bbbade\transformed\jetified-listenablefuture-9999.0-empty-to-avoid-conflict-with-guava.jar because:
  Build cache is disabled
Transforming gson-2.8.5.jar (com.google.code.gson:gson:2.8.5) with AggregatedPackagesTransform
Skipping CopyTransform: C:\Users\user\.gradle\caches\transforms-3\2ce731c6f5718fdd5e3f6012b37116c1\transformed\jetified-dagger-lint-aar-2.49-runtime.jar as it is up-to-date.
Caching disabled for CopyTransform: C:\Users\user\.gradle\caches\transforms-3\0d8fc86428c6ca6b8589156b99d8617b\transformed\jetified-j2objc-annotations-1.3.jar because:
  Build cache is disabled
Skipping CopyTransform: C:\Users\user\.gradle\caches\transforms-3\d8bd11bc02fdf2283eebd30102bbbade\transformed\jetified-listenablefuture-9999.0-empty-to-avoid-conflict-with-guava.jar as it is up-to-date.
Skipping CopyTransform: C:\Users\user\.gradle\caches\transforms-3\0d8fc86428c6ca6b8589156b99d8617b\transformed\jetified-j2objc-annotations-1.3.jar as it is up-to-date.
Transforming listenablefuture-9999.0-empty-to-avoid-conflict-with-guava.jar (com.google.guava:listenablefuture:9999.0-empty-to-avoid-conflict-with-guava) with AggregatedPackagesTransform
Caching disabled for AggregatedPackagesTransform: C:\Users\user\.gradle\caches\transforms-3\19187101f19803dbcfbd88e4dae1795e\transformed\jetified-jsr305-3.0.2.jar because:
  Build cache is disabled
Skipping AggregatedPackagesTransform: C:\Users\user\.gradle\caches\transforms-3\19187101f19803dbcfbd88e4dae1795e\transformed\jetified-jsr305-3.0.2.jar as it is up-to-date.
Transforming dagger-lint-aar-2.49.aar (com.google.dagger:dagger-lint-aar:2.49) with AggregatedPackagesTransform
Skipping CopyTransform: C:\Users\user\.gradle\caches\transforms-3\0cf66c4cb2ff6c8071175b352cebbf8a\transformed\jetified-Android-Image-Slider-1.4.0-runtime.jar as it is up-to-date.
Caching disabled for CopyTransform: C:\Users\user\.gradle\caches\transforms-3\b6da9824ac421333ab94aed5f4016f70\transformed\jetified-failureaccess-1.0.1.jar because:
  Build cache is disabled
Caching disabled for AggregatedPackagesTransform: C:\Users\user\.gradle\caches\transforms-3\d07aae526a278f9ce50449ffc7fe542d\transformed\jetified-circleimageview-3.1.0-runtime.jar because:
  Build cache is disabled
Skipping AggregatedPackagesTransform: C:\Users\user\.gradle\caches\transforms-3\d07aae526a278f9ce50449ffc7fe542d\transformed\jetified-circleimageview-3.1.0-runtime.jar as it is up-to-date.
Transforming j2objc-annotations-1.3.jar (com.google.j2objc:j2objc-annotations:1.3) with AggregatedPackagesTransform
Transforming Android-Image-Slider-1.4.0.aar (com.github.smarteist:Android-Image-Slider:1.4.0) with AggregatedPackagesTransform
Skipping CopyTransform: C:\Users\user\.gradle\caches\transforms-3\b6da9824ac421333ab94aed5f4016f70\transformed\jetified-failureaccess-1.0.1.jar as it is up-to-date.
Transforming failureaccess-1.0.1.jar (com.google.guava:failureaccess:1.0.1) with AggregatedPackagesTransform
Caching disabled for CopyTransform: C:\Users\user\.gradle\caches\modules-2\files-2.1\androidx.constraintlayout\constraintlayout-solver\2.0.1\30988fe2d77f3fe3bf7551bb8a8b795fad7e7226\constraintlayout-solver-2.0.1.jar because:
  Build cache is disabled
Skipping CopyTransform: C:\Users\user\.gradle\caches\modules-2\files-2.1\androidx.constraintlayout\constraintlayout-solver\2.0.1\30988fe2d77f3fe3bf7551bb8a8b795fad7e7226\constraintlayout-solver-2.0.1.jar as it is up-to-date.
Caching disabled for CopyTransform: C:\Users\user\.gradle\caches\transforms-3\990fc3dabcc3f8ea1ba468e5491155fd\transformed\jetified-checker-qual-3.12.0.jar because:
  Build cache is disabled
Caching disabled for AggregatedPackagesTransform: C:\Users\user\.gradle\caches\transforms-3\40cadb43b1c01898eeeb3529c96d2563\transformed\jetified-javax.inject-1.jar because:
  Build cache is disabled
Caching disabled for AggregatedPackagesTransform: C:\Users\user\.gradle\caches\transforms-3\0d8fc86428c6ca6b8589156b99d8617b\transformed\jetified-j2objc-annotations-1.3.jar because:
  Build cache is disabled
Skipping CopyTransform: C:\Users\user\.gradle\caches\transforms-3\990fc3dabcc3f8ea1ba468e5491155fd\transformed\jetified-checker-qual-3.12.0.jar as it is up-to-date.
Caching disabled for AggregatedPackagesTransform: C:\Users\user\.gradle\caches\transforms-3\b6da9824ac421333ab94aed5f4016f70\transformed\jetified-failureaccess-1.0.1.jar because:
  Build cache is disabled
Caching disabled for AggregatedPackagesTransform: C:\Users\user\.gradle\caches\transforms-3\0cf66c4cb2ff6c8071175b352cebbf8a\transformed\jetified-Android-Image-Slider-1.4.0-runtime.jar because:
  Build cache is disabled
Caching disabled for AggregatedPackagesTransform: C:\Users\user\.gradle\caches\transforms-3\d8bd11bc02fdf2283eebd30102bbbade\transformed\jetified-listenablefuture-9999.0-empty-to-avoid-conflict-with-guava.jar because:
  Build cache is disabled
Skipping AggregatedPackagesTransform: C:\Users\user\.gradle\caches\transforms-3\0d8fc86428c6ca6b8589156b99d8617b\transformed\jetified-j2objc-annotations-1.3.jar as it is up-to-date.
Skipping AggregatedPackagesTransform: C:\Users\user\.gradle\caches\transforms-3\40cadb43b1c01898eeeb3529c96d2563\transformed\jetified-javax.inject-1.jar as it is up-to-date.
Caching disabled for AggregatedPackagesTransform: C:\Users\user\.gradle\caches\transforms-3\2ce731c6f5718fdd5e3f6012b37116c1\transformed\jetified-dagger-lint-aar-2.49-runtime.jar because:
  Build cache is disabled
Skipping AggregatedPackagesTransform: C:\Users\user\.gradle\caches\transforms-3\2ce731c6f5718fdd5e3f6012b37116c1\transformed\jetified-dagger-lint-aar-2.49-runtime.jar as it is up-to-date.
Skipping AggregatedPackagesTransform: C:\Users\user\.gradle\caches\transforms-3\d8bd11bc02fdf2283eebd30102bbbade\transformed\jetified-listenablefuture-9999.0-empty-to-avoid-conflict-with-guava.jar as it is up-to-date.
Transforming constraintlayout-solver-2.0.1.jar (androidx.constraintlayout:constraintlayout-solver:2.0.1) with AggregatedPackagesTransform
Caching disabled for AggregatedPackagesTransform: C:\Users\user\.gradle\caches\transforms-3\bceaab695a1c441583b5b8db13947daf\transformed\jetified-gson-2.8.5.jar because:
  Build cache is disabled
Skipping AggregatedPackagesTransform: C:\Users\user\.gradle\caches\transforms-3\0cf66c4cb2ff6c8071175b352cebbf8a\transformed\jetified-Android-Image-Slider-1.4.0-runtime.jar as it is up-to-date.
Skipping AggregatedPackagesTransform: C:\Users\user\.gradle\caches\transforms-3\b6da9824ac421333ab94aed5f4016f70\transformed\jetified-failureaccess-1.0.1.jar as it is up-to-date.
Skipping AggregatedPackagesTransform: C:\Users\user\.gradle\caches\transforms-3\bceaab695a1c441583b5b8db13947daf\transformed\jetified-gson-2.8.5.jar as it is up-to-date.
Transforming checker-qual-3.12.0.jar (org.checkerframework:checker-qual:3.12.0) with AggregatedPackagesTransform
Caching disabled for AggregatedPackagesTransform: C:\Users\user\.gradle\caches\modules-2\files-2.1\androidx.constraintlayout\constraintlayout-solver\2.0.1\30988fe2d77f3fe3bf7551bb8a8b795fad7e7226\constraintlayout-solver-2.0.1.jar because:
  Build cache is disabled
Skipping AggregatedPackagesTransform: C:\Users\user\.gradle\caches\modules-2\files-2.1\androidx.constraintlayout\constraintlayout-solver\2.0.1\30988fe2d77f3fe3bf7551bb8a8b795fad7e7226\constraintlayout-solver-2.0.1.jar as it is up-to-date.
Caching disabled for AggregatedPackagesTransform: C:\Users\user\.gradle\caches\transforms-3\990fc3dabcc3f8ea1ba468e5491155fd\transformed\jetified-checker-qual-3.12.0.jar because:
  Build cache is disabled
Skipping AggregatedPackagesTransform: C:\Users\user\.gradle\caches\transforms-3\990fc3dabcc3f8ea1ba468e5491155fd\transformed\jetified-checker-qual-3.12.0.jar as it is up-to-date.
Transforming android.jar with JetifyTransform
Transforming core-lambda-stubs.jar with JetifyTransform
Transforming R.jar with JetifyTransform
Transforming material-1.11.0-api.jar with JetifyTransform
Transforming constraintlayout-2.0.1-api.jar with JetifyTransform
Transforming appcompat-1.6.1-api.jar with JetifyTransform
Transforming jetified-hilt-navigation-compose-1.1.0-api.jar with JetifyTransform
Transforming jetified-hilt-navigation-1.1.0-api.jar with JetifyTransform
Transforming jetified-hilt-android-2.49-api.jar with JetifyTransform
Transforming jetified-viewpager2-1.0.0-api.jar with JetifyTransform
Transforming jetified-play-services-ads-22.6.0-api.jar with JetifyTransform
Transforming jetified-play-services-appset-16.0.1-api.jar with JetifyTransform
Transforming jetified-play-services-base-18.2.0-api.jar with JetifyTransform
Transforming jetified-play-services-tasks-18.0.2-api.jar with JetifyTransform
Transforming jetified-play-services-ads-lite-22.6.0-api.jar with JetifyTransform
Transforming jetified-play-services-ads-base-22.6.0-api.jar with JetifyTransform
Transforming jetified-user-messaging-platform-2.1.0-api.jar with JetifyTransform
Transforming jetified-play-services-ads-identifier-18.0.0-api.jar with JetifyTransform
Transforming jetified-play-services-measurement-sdk-api-20.1.2-api.jar with JetifyTransform
Transforming jetified-play-services-measurement-base-20.1.2-api.jar with JetifyTransform
Caching disabled for JetifyTransform: C:\Users\user\AppData\Local\Android\Sdk\platforms\android-35\android.jar because:
  Build cache is disabled
Transforming jetified-play-services-basement-18.2.0-api.jar with JetifyTransform
Caching disabled for JetifyTransform: C:\Users\user\Desktop\projects\Football Live Score (Topon)\Live Football\app\build\intermediates\compile_and_runtime_not_namespaced_r_class_jar\release\R.jar because:
  Build cache is disabled
Transforming fragment-1.5.1-api.jar with JetifyTransform
Skipping JetifyTransform: C:\Users\user\Desktop\projects\Football Live Score (Topon)\Live Football\app\build\intermediates\compile_and_runtime_not_namespaced_r_class_jar\release\R.jar as it is up-to-date.
Transforming navigation-common-2.7.6-api.jar with JetifyTransform
Transforming navigation-runtime-2.7.6-api.jar with JetifyTransform
Transforming navigation-common-ktx-2.7.6-api.jar with JetifyTransform
Transforming navigation-runtime-ktx-2.7.6-api.jar with JetifyTransform
Caching disabled for JetifyTransform: C:\Users\user\AppData\Local\Android\Sdk\build-tools\34.0.0\core-lambda-stubs.jar because:
  Build cache is disabled
Transforming R.jar with IdentityTransform
Skipping JetifyTransform: C:\Users\user\AppData\Local\Android\Sdk\build-tools\34.0.0\core-lambda-stubs.jar as it is up-to-date.
Transforming jetified-navigation-compose-2.7.6-api.jar with JetifyTransform
Skipping JetifyTransform: C:\Users\user\AppData\Local\Android\Sdk\platforms\android-35\android.jar as it is up-to-date.
Transforming jetified-activity-1.8.2-api.jar with JetifyTransform
Transforming jetified-activity-compose-1.8.2-api.jar with JetifyTransform
Transforming jetified-activity-ktx-1.8.2-api.jar with JetifyTransform
Transforming core-lambda-stubs.jar with IdentityTransform
Transforming android.jar with IdentityTransform
Caching disabled for JetifyTransform: C:\Users\user\.gradle\caches\transforms-3\3efe4d2e22b5b846e52acddc106a11c5\transformed\material-1.11.0-api.jar because:
  Build cache is disabled
Caching disabled for JetifyTransform: C:\Users\user\.gradle\caches\transforms-3\fe9ebe0711c9c2c91a083fb2f923a71b\transformed\jetified-hilt-navigation-compose-1.1.0-api.jar because:
  Build cache is disabled
Caching disabled for JetifyTransform: C:\Users\user\.gradle\caches\transforms-3\bf51b357ebcbbe3a5b569e1726ac45b4\transformed\constraintlayout-2.0.1-api.jar because:
  Build cache is disabled
Skipping JetifyTransform: C:\Users\user\.gradle\caches\transforms-3\fe9ebe0711c9c2c91a083fb2f923a71b\transformed\jetified-hilt-navigation-compose-1.1.0-api.jar as it is up-to-date.
Caching disabled for JetifyTransform: C:\Users\user\.gradle\caches\transforms-3\cbcfd89667e4aed9ae93d79ea3d2d9d3\transformed\appcompat-1.6.1-api.jar because:
  Build cache is disabled
Transforming room-common-2.6.1.jar with JetifyTransform
Skipping JetifyTransform: C:\Users\user\.gradle\caches\transforms-3\3efe4d2e22b5b846e52acddc106a11c5\transformed\material-1.11.0-api.jar as it is up-to-date.
Skipping JetifyTransform: C:\Users\user\.gradle\caches\transforms-3\cbcfd89667e4aed9ae93d79ea3d2d9d3\transformed\appcompat-1.6.1-api.jar as it is up-to-date.
Transforming jetified-hilt-navigation-compose-1.1.0-api.jar with IdentityTransform
Skipping JetifyTransform: C:\Users\user\.gradle\caches\transforms-3\bf51b357ebcbbe3a5b569e1726ac45b4\transformed\constraintlayout-2.0.1-api.jar as it is up-to-date.
Transforming appcompat-1.6.1-api.jar with IdentityTransform
Caching disabled for JetifyTransform: C:\Users\user\.gradle\caches\transforms-3\f2186c4dac06fe3b9bf203f36f6fe9b2\transformed\jetified-hilt-android-2.49-api.jar because:
  Build cache is disabled
Transforming room-common-2.6.1.jar with IdentityTransform
Caching disabled for JetifyTransform: C:\Users\user\.gradle\caches\transforms-3\b862e75a790792ef7d68ad0761b14869\transformed\jetified-hilt-navigation-1.1.0-api.jar because:
  Build cache is disabled
Skipping JetifyTransform: C:\Users\user\.gradle\caches\transforms-3\b862e75a790792ef7d68ad0761b14869\transformed\jetified-hilt-navigation-1.1.0-api.jar as it is up-to-date.
Transforming material-1.11.0-api.jar with IdentityTransform
Caching disabled for IdentityTransform: C:\Users\user\.gradle\caches\transforms-3\62f0bccdd8f797277391913469564a30\transformed\jetified-R.jar because:
  Build cache is disabled
Transforming jetified-hilt-navigation-1.1.0-api.jar with IdentityTransform
Caching disabled for JetifyTransform: C:\Users\user\.gradle\caches\transforms-3\43f910de07e7cbe39cefcb65da475821\transformed\jetified-viewpager2-1.0.0-api.jar because:
  Build cache is disabled
Skipping JetifyTransform: C:\Users\user\.gradle\caches\transforms-3\f2186c4dac06fe3b9bf203f36f6fe9b2\transformed\jetified-hilt-android-2.49-api.jar as it is up-to-date.
Skipping JetifyTransform: C:\Users\user\.gradle\caches\transforms-3\43f910de07e7cbe39cefcb65da475821\transformed\jetified-viewpager2-1.0.0-api.jar as it is up-to-date.
Transforming constraintlayout-2.0.1-api.jar with IdentityTransform
Transforming room-common-2.6.1.jar with IdentityTransform
Transforming room-common-2.6.1.jar with CopyTransform
Caching disabled for JetifyTransform: C:\Users\user\.gradle\caches\transforms-3\ead2dd11908d4daab01cb875ed26fd3d\transformed\jetified-play-services-ads-22.6.0-api.jar because:
  Build cache is disabled
Skipping IdentityTransform: C:\Users\user\.gradle\caches\transforms-3\62f0bccdd8f797277391913469564a30\transformed\jetified-R.jar as it is up-to-date.
Skipping JetifyTransform: C:\Users\user\.gradle\caches\transforms-3\ead2dd11908d4daab01cb875ed26fd3d\transformed\jetified-play-services-ads-22.6.0-api.jar as it is up-to-date.
Transforming jetified-hilt-android-2.49-api.jar with IdentityTransform
Transforming jetified-viewpager2-1.0.0-api.jar with IdentityTransform
Transforming room-common-2.6.1.jar with AggregatedPackagesTransform
Transforming jetified-play-services-ads-22.6.0-api.jar with IdentityTransform
Transforming jetified-room-ktx-2.6.1-api.jar with JetifyTransform
Transforming room-runtime-2.6.1-api.jar with JetifyTransform
Transforming jetified-room-paging-2.6.1-api.jar with JetifyTransform
Transforming jetified-paging-common-ktx-3.2.1.jar with JetifyTransform
Transforming R.jar with IdentityTransform
Caching disabled for IdentityTransform: C:\Users\user\.gradle\caches\transforms-3\dfd1a0166a5b38c66de594e7a79385be\transformed\jetified-core-lambda-stubs.jar because:
  Build cache is disabled
Caching disabled for IdentityTransform: C:\Users\user\.gradle\caches\transforms-3\1d7083a6cd49be62dfecf2ee44c61d62\transformed\jetified-android.jar because:
  Build cache is disabled
Skipping IdentityTransform: C:\Users\user\.gradle\caches\transforms-3\dfd1a0166a5b38c66de594e7a79385be\transformed\jetified-core-lambda-stubs.jar as it is up-to-date.
Skipping IdentityTransform: C:\Users\user\.gradle\caches\transforms-3\1d7083a6cd49be62dfecf2ee44c61d62\transformed\jetified-android.jar as it is up-to-date.
Transforming paging-runtime-3.2.1-api.jar with JetifyTransform
Caching disabled for IdentityTransform: C:\Users\user\.gradle\caches\transforms-3\0bf2d4a5be67d243f163f7292fe91be6\transformed\jetified-jetified-hilt-navigation-1.1.0-api.jar because:
  Build cache is disabled
Transforming R.jar with CopyTransform
Caching disabled for IdentityTransform: C:\Users\user\.gradle\caches\transforms-3\7d611381fe1b6ac1cb2f8a66286feee1\transformed\jetified-appcompat-1.6.1-api.jar because:
  Build cache is disabled
Transforming android.jar with IdentityTransform
Caching disabled for IdentityTransform: C:\Users\user\.gradle\caches\transforms-3\465cfcc77a17308a33166690dfae8e52\transformed\jetified-material-1.11.0-api.jar because:
  Build cache is disabled
Caching disabled for IdentityTransform: C:\Users\user\.gradle\caches\transforms-3\f50400e41771fff0652ad97c2f2575b3\transformed\jetified-jetified-hilt-navigation-compose-1.1.0-api.jar because:
  Build cache is disabled
Skipping IdentityTransform: C:\Users\user\.gradle\caches\transforms-3\465cfcc77a17308a33166690dfae8e52\transformed\jetified-material-1.11.0-api.jar as it is up-to-date.
Transforming android.jar with CopyTransform
Skipping IdentityTransform: C:\Users\user\.gradle\caches\transforms-3\7d611381fe1b6ac1cb2f8a66286feee1\transformed\jetified-appcompat-1.6.1-api.jar as it is up-to-date.
Transforming core-lambda-stubs.jar with IdentityTransform
Skipping IdentityTransform: C:\Users\user\.gradle\caches\transforms-3\0bf2d4a5be67d243f163f7292fe91be6\transformed\jetified-jetified-hilt-navigation-1.1.0-api.jar as it is up-to-date.
Transforming material-1.11.0-api.jar with IdentityTransform
Transforming paging-common-3.2.1.jar with JetifyTransform
Transforming jetified-hilt-navigation-1.1.0-api.jar with IdentityTransform
Transforming material-1.11.0-api.jar with CopyTransform
Transforming jetified-hilt-navigation-1.1.0-api.jar with CopyTransform
Transforming core-lambda-stubs.jar with CopyTransform
Caching disabled for IdentityTransform: C:\Users\user\.gradle\caches\transforms-3\1edce96100109323a0254955d4f81dae\transformed\jetified-constraintlayout-2.0.1-api.jar because:
  Build cache is disabled
Skipping IdentityTransform: C:\Users\user\.gradle\caches\transforms-3\f50400e41771fff0652ad97c2f2575b3\transformed\jetified-jetified-hilt-navigation-compose-1.1.0-api.jar as it is up-to-date.
Transforming appcompat-1.6.1-api.jar with IdentityTransform
Transforming appcompat-1.6.1-api.jar with CopyTransform
Caching disabled for IdentityTransform: C:\Users\user\.gradle\caches\transforms-3\ca6c6a08147fb4882cc17d8bcb7410f9\transformed\jetified-jetified-viewpager2-1.0.0-api.jar because:
  Build cache is disabled
Transforming paging-common-3.2.1.jar with IdentityTransform
Skipping IdentityTransform: C:\Users\user\.gradle\caches\transforms-3\ca6c6a08147fb4882cc17d8bcb7410f9\transformed\jetified-jetified-viewpager2-1.0.0-api.jar as it is up-to-date.
Transforming jetified-hilt-navigation-compose-1.1.0-api.jar with IdentityTransform
Caching disabled for IdentityTransform: C:\Users\user\.gradle\caches\transforms-3\e6cd90fdf2a4572efa215b914ad5d4c4\transformed\jetified-jetified-hilt-android-2.49-api.jar because:
  Build cache is disabled
Skipping IdentityTransform: C:\Users\user\.gradle\caches\transforms-3\1edce96100109323a0254955d4f81dae\transformed\jetified-constraintlayout-2.0.1-api.jar as it is up-to-date.
Transforming jetified-hilt-navigation-compose-1.1.0-api.jar with CopyTransform
Transforming jetified-viewpager2-1.0.0-api.jar with IdentityTransform
Transforming paging-common-3.2.1.jar with IdentityTransform
Transforming jetified-viewpager2-1.0.0-api.jar with CopyTransform
Skipping IdentityTransform: C:\Users\user\.gradle\caches\transforms-3\e6cd90fdf2a4572efa215b914ad5d4c4\transformed\jetified-jetified-hilt-android-2.49-api.jar as it is up-to-date.
Transforming paging-common-3.2.1.jar with CopyTransform
Transforming paging-common-3.2.1.jar with AggregatedPackagesTransform
Transforming jetified-paging-runtime-ktx-3.2.1-api.jar with JetifyTransform
Transforming jetified-paging-compose-3.2.1-api.jar with JetifyTransform
Transforming jetified-hilt-android-2.49-api.jar with IdentityTransform
Transforming jetified-material3-release-api.jar with JetifyTransform
Transforming jetified-hilt-android-2.49-api.jar with CopyTransform
Transforming jetified-material-ripple-release-api.jar with JetifyTransform
Transforming constraintlayout-2.0.1-api.jar with IdentityTransform
Transforming constraintlayout-2.0.1-api.jar with CopyTransform
Transforming jetified-material-icons-core-release-api.jar with JetifyTransform
Transforming jetified-material-release-api.jar with JetifyTransform
Transforming jetified-coil-compose-2.5.0-api.jar with JetifyTransform
Transforming jetified-coil-compose-base-2.5.0-api.jar with JetifyTransform
Transforming jetified-foundation-layout-release-api.jar with JetifyTransform
Transforming jetified-foundation-release-api.jar with JetifyTransform
Transforming jetified-animation-core-release-api.jar with JetifyTransform
Transforming jetified-animation-release-api.jar with JetifyTransform
Transforming jetified-ui-util-release-api.jar with JetifyTransform
Transforming jetified-ui-unit-release-api.jar with JetifyTransform
Transforming jetified-ui-text-release-api.jar with JetifyTransform
Transforming jetified-ui-geometry-release-api.jar with JetifyTransform
Transforming jetified-ui-graphics-release-api.jar with JetifyTransform
Caching disabled for CopyTransform: C:\Users\user\.gradle\caches\transforms-3\465cfcc77a17308a33166690dfae8e52\transformed\jetified-material-1.11.0-api.jar because:
  Build cache is disabled
Caching disabled for CopyTransform: C:\Users\user\.gradle\caches\transforms-3\7d611381fe1b6ac1cb2f8a66286feee1\transformed\jetified-appcompat-1.6.1-api.jar because:
  Build cache is disabled
Skipping CopyTransform: C:\Users\user\.gradle\caches\transforms-3\465cfcc77a17308a33166690dfae8e52\transformed\jetified-material-1.11.0-api.jar as it is up-to-date.
Skipping CopyTransform: C:\Users\user\.gradle\caches\transforms-3\7d611381fe1b6ac1cb2f8a66286feee1\transformed\jetified-appcompat-1.6.1-api.jar as it is up-to-date.
Caching disabled for CopyTransform: C:\Users\user\.gradle\caches\transforms-3\dfd1a0166a5b38c66de594e7a79385be\transformed\jetified-core-lambda-stubs.jar because:
  Build cache is disabled
Skipping CopyTransform: C:\Users\user\.gradle\caches\transforms-3\dfd1a0166a5b38c66de594e7a79385be\transformed\jetified-core-lambda-stubs.jar as it is up-to-date.
Transforming material-1.11.0-api.jar with AggregatedPackagesTransform
Caching disabled for IdentityTransform: C:\Users\user\.gradle\caches\transforms-3\2240aafe7d7cbbb8817bae77d5c37294\transformed\jetified-jetified-play-services-ads-22.6.0-api.jar because:
  Build cache is disabled
Transforming jetified-ui-release-api.jar with JetifyTransform
Caching disabled for CopyTransform: C:\Users\user\.gradle\caches\transforms-3\0bf2d4a5be67d243f163f7292fe91be6\transformed\jetified-jetified-hilt-navigation-1.1.0-api.jar because:
  Build cache is disabled
Skipping IdentityTransform: C:\Users\user\.gradle\caches\transforms-3\2240aafe7d7cbbb8817bae77d5c37294\transformed\jetified-jetified-play-services-ads-22.6.0-api.jar as it is up-to-date.
Skipping CopyTransform: C:\Users\user\.gradle\caches\transforms-3\0bf2d4a5be67d243f163f7292fe91be6\transformed\jetified-jetified-hilt-navigation-1.1.0-api.jar as it is up-to-date.
Transforming core-lambda-stubs.jar with AggregatedPackagesTransform
Transforming jetified-play-services-ads-22.6.0-api.jar with IdentityTransform
Transforming jetified-ui-tooling-preview-release-api.jar with JetifyTransform
Transforming jetified-runtime-saveable-release-api.jar with JetifyTransform
Transforming jetified-runtime-release-api.jar with JetifyTransform
Transforming jetified-runtime-livedata-1.6.1-api.jar with JetifyTransform
Transforming appcompat-1.6.1-api.jar with AggregatedPackagesTransform
Transforming jetified-appcompat-resources-1.6.1-api.jar with JetifyTransform
Caching disabled for CopyTransform: C:\Users\user\.gradle\caches\transforms-3\f50400e41771fff0652ad97c2f2575b3\transformed\jetified-jetified-hilt-navigation-compose-1.1.0-api.jar because:
  Build cache is disabled
Transforming drawerlayout-1.1.1-api.jar with JetifyTransform
Caching disabled for CopyTransform: C:\Users\user\.gradle\caches\transforms-3\62f0bccdd8f797277391913469564a30\transformed\jetified-R.jar because:
  Build cache is disabled
Transforming coordinatorlayout-1.1.0-api.jar with JetifyTransform
Skipping CopyTransform: C:\Users\user\.gradle\caches\transforms-3\62f0bccdd8f797277391913469564a30\transformed\jetified-R.jar as it is up-to-date.
Caching disabled for CopyTransform: C:\Users\user\.gradle\caches\transforms-3\1d7083a6cd49be62dfecf2ee44c61d62\transformed\jetified-android.jar because:
  Build cache is disabled
Skipping CopyTransform: C:\Users\user\.gradle\caches\transforms-3\1d7083a6cd49be62dfecf2ee44c61d62\transformed\jetified-android.jar as it is up-to-date.
Caching disabled for CopyTransform: C:\Users\user\.gradle\caches\transforms-3\1edce96100109323a0254955d4f81dae\transformed\jetified-constraintlayout-2.0.1-api.jar because:
  Build cache is disabled
Caching disabled for AggregatedPackagesTransform: C:\Users\user\.gradle\caches\transforms-3\dfd1a0166a5b38c66de594e7a79385be\transformed\jetified-core-lambda-stubs.jar because:
  Build cache is disabled
Skipping AggregatedPackagesTransform: C:\Users\user\.gradle\caches\transforms-3\dfd1a0166a5b38c66de594e7a79385be\transformed\jetified-core-lambda-stubs.jar as it is up-to-date.
Transforming jetified-hilt-navigation-1.1.0-api.jar with AggregatedPackagesTransform
Caching disabled for AggregatedPackagesTransform: C:\Users\user\.gradle\caches\transforms-3\7d611381fe1b6ac1cb2f8a66286feee1\transformed\jetified-appcompat-1.6.1-api.jar because:
  Build cache is disabled
Skipping CopyTransform: C:\Users\user\.gradle\caches\transforms-3\1edce96100109323a0254955d4f81dae\transformed\jetified-constraintlayout-2.0.1-api.jar as it is up-to-date.
Skipping AggregatedPackagesTransform: C:\Users\user\.gradle\caches\transforms-3\7d611381fe1b6ac1cb2f8a66286feee1\transformed\jetified-appcompat-1.6.1-api.jar as it is up-to-date.
Transforming dynamicanimation-1.0.0-api.jar with JetifyTransform
Transforming R.jar with AggregatedPackagesTransform
Transforming jetified-play-services-ads-22.6.0-api.jar with CopyTransform
Transforming android.jar with AggregatedPackagesTransform
Skipping CopyTransform: C:\Users\user\.gradle\caches\transforms-3\f50400e41771fff0652ad97c2f2575b3\transformed\jetified-jetified-hilt-navigation-compose-1.1.0-api.jar as it is up-to-date.
Transforming constraintlayout-2.0.1-api.jar with AggregatedPackagesTransform
Transforming recyclerview-1.3.0-api.jar with JetifyTransform
Transforming transition-1.2.0-api.jar with JetifyTransform
Transforming vectordrawable-animated-1.1.0-api.jar with JetifyTransform
Transforming vectordrawable-1.1.0-api.jar with JetifyTransform
Transforming jetified-exoplayer-2.19.1-api.jar with JetifyTransform
Transforming jetified-exoplayer-ui-2.19.1-api.jar with JetifyTransform
Transforming media-1.6.0-api.jar with JetifyTransform
Transforming browser-1.4.0-api.jar with JetifyTransform
Transforming viewpager-1.0.0-api.jar with JetifyTransform
Transforming customview-1.1.0-api.jar with JetifyTransform
Transforming legacy-support-core-utils-1.0.0-api.jar with JetifyTransform
Transforming loader-1.0.0-api.jar with JetifyTransform
Transforming core-1.12.0-api.jar with JetifyTransform
Caching disabled for CopyTransform: C:\Users\user\.gradle\caches\transforms-3\e6cd90fdf2a4572efa215b914ad5d4c4\transformed\jetified-jetified-hilt-android-2.49-api.jar because:
  Build cache is disabled
Transforming jetified-hilt-navigation-compose-1.1.0-api.jar with AggregatedPackagesTransform
Skipping CopyTransform: C:\Users\user\.gradle\caches\transforms-3\e6cd90fdf2a4572efa215b914ad5d4c4\transformed\jetified-jetified-hilt-android-2.49-api.jar as it is up-to-date.
Transforming jetified-lifecycle-livedata-ktx-2.7.0-api.jar with JetifyTransform
Transforming jetified-lifecycle-livedata-core-ktx-2.7.0-api.jar with JetifyTransform
Transforming jetified-hilt-android-2.49-api.jar with AggregatedPackagesTransform
Transforming lifecycle-livedata-core-2.7.0-api.jar with JetifyTransform
Transforming lifecycle-common-2.7.0.jar with JetifyTransform
Transforming lifecycle-common-2.7.0.jar with IdentityTransform
Transforming lifecycle-common-2.7.0.jar with IdentityTransform
Transforming lifecycle-common-2.7.0.jar with CopyTransform
Transforming lifecycle-common-2.7.0.jar with AggregatedPackagesTransform
Transforming work-runtime-2.7.0-api.jar with JetifyTransform
Transforming lifecycle-livedata-2.7.0-api.jar with JetifyTransform
Transforming jetified-lifecycle-viewmodel-ktx-2.7.0-api.jar with JetifyTransform
Transforming lifecycle-common-java8-2.7.0.jar with JetifyTransform
Transforming lifecycle-common-java8-2.7.0.jar with IdentityTransform
Transforming lifecycle-common-java8-2.7.0.jar with IdentityTransform
Transforming lifecycle-common-java8-2.7.0.jar with CopyTransform
Caching disabled for AggregatedPackagesTransform: C:\Users\user\.gradle\caches\transforms-3\62f0bccdd8f797277391913469564a30\transformed\jetified-R.jar because:
  Build cache is disabled
Skipping AggregatedPackagesTransform: C:\Users\user\.gradle\caches\transforms-3\62f0bccdd8f797277391913469564a30\transformed\jetified-R.jar as it is up-to-date.
Caching disabled for AggregatedPackagesTransform: C:\Users\user\.gradle\caches\transforms-3\465cfcc77a17308a33166690dfae8e52\transformed\jetified-material-1.11.0-api.jar because:
  Build cache is disabled
Caching disabled for AggregatedPackagesTransform: C:\Users\user\.gradle\caches\transforms-3\0bf2d4a5be67d243f163f7292fe91be6\transformed\jetified-jetified-hilt-navigation-1.1.0-api.jar because:
  Build cache is disabled
Caching disabled for CopyTransform: C:\Users\user\.gradle\caches\transforms-3\ca6c6a08147fb4882cc17d8bcb7410f9\transformed\jetified-jetified-viewpager2-1.0.0-api.jar because:
  Build cache is disabled
Skipping AggregatedPackagesTransform: C:\Users\user\.gradle\caches\transforms-3\0bf2d4a5be67d243f163f7292fe91be6\transformed\jetified-jetified-hilt-navigation-1.1.0-api.jar as it is up-to-date.
Caching disabled for JetifyTransform: C:\Users\user\.gradle\caches\transforms-3\5e52de47ece93cc5ef68eff9feca65f0\transformed\jetified-play-services-appset-16.0.1-api.jar because:
  Build cache is disabled
Caching disabled for JetifyTransform: C:\Users\user\.gradle\caches\transforms-3\e01f7d2b51bcff8cc8129e8cc088c91b\transformed\jetified-play-services-base-18.2.0-api.jar because:
  Build cache is disabled
Caching disabled for AggregatedPackagesTransform: C:\Users\user\.gradle\caches\transforms-3\1d7083a6cd49be62dfecf2ee44c61d62\transformed\jetified-android.jar because:
  Build cache is disabled
Skipping JetifyTransform: C:\Users\user\.gradle\caches\transforms-3\e01f7d2b51bcff8cc8129e8cc088c91b\transformed\jetified-play-services-base-18.2.0-api.jar as it is up-to-date.
Skipping AggregatedPackagesTransform: C:\Users\user\.gradle\caches\transforms-3\1d7083a6cd49be62dfecf2ee44c61d62\transformed\jetified-android.jar as it is up-to-date.
Caching disabled for CopyTransform: C:\Users\user\.gradle\caches\transforms-3\2240aafe7d7cbbb8817bae77d5c37294\transformed\jetified-jetified-play-services-ads-22.6.0-api.jar because:
  Build cache is disabled
Skipping CopyTransform: C:\Users\user\.gradle\caches\transforms-3\2240aafe7d7cbbb8817bae77d5c37294\transformed\jetified-jetified-play-services-ads-22.6.0-api.jar as it is up-to-date.
Transforming jetified-play-services-ads-22.6.0-api.jar with AggregatedPackagesTransform
Skipping AggregatedPackagesTransform: C:\Users\user\.gradle\caches\transforms-3\465cfcc77a17308a33166690dfae8e52\transformed\jetified-material-1.11.0-api.jar as it is up-to-date.
Transforming lifecycle-common-java8-2.7.0.jar with AggregatedPackagesTransform
Caching disabled for JetifyTransform: C:\Users\user\.gradle\caches\transforms-3\80076ca8be81e6c47be44c8a37a5436f\transformed\jetified-play-services-ads-lite-22.6.0-api.jar because:
  Build cache is disabled
Transforming lifecycle-viewmodel-2.7.0-api.jar with JetifyTransform
Caching disabled for AggregatedPackagesTransform: C:\Users\user\.gradle\caches\transforms-3\f50400e41771fff0652ad97c2f2575b3\transformed\jetified-jetified-hilt-navigation-compose-1.1.0-api.jar because:
  Build cache is disabled
Skipping JetifyTransform: C:\Users\user\.gradle\caches\transforms-3\80076ca8be81e6c47be44c8a37a5436f\transformed\jetified-play-services-ads-lite-22.6.0-api.jar as it is up-to-date.
Skipping AggregatedPackagesTransform: C:\Users\user\.gradle\caches\transforms-3\f50400e41771fff0652ad97c2f2575b3\transformed\jetified-jetified-hilt-navigation-compose-1.1.0-api.jar as it is up-to-date.
Caching disabled for AggregatedPackagesTransform: C:\Users\user\.gradle\caches\transforms-3\1edce96100109323a0254955d4f81dae\transformed\jetified-constraintlayout-2.0.1-api.jar because:
  Build cache is disabled
Skipping AggregatedPackagesTransform: C:\Users\user\.gradle\caches\transforms-3\1edce96100109323a0254955d4f81dae\transformed\jetified-constraintlayout-2.0.1-api.jar as it is up-to-date.
Transforming jetified-play-services-ads-lite-22.6.0-api.jar with IdentityTransform
Transforming jetified-play-services-base-18.2.0-api.jar with IdentityTransform
Skipping JetifyTransform: C:\Users\user\.gradle\caches\transforms-3\5e52de47ece93cc5ef68eff9feca65f0\transformed\jetified-play-services-appset-16.0.1-api.jar as it is up-to-date.
Skipping CopyTransform: C:\Users\user\.gradle\caches\transforms-3\ca6c6a08147fb4882cc17d8bcb7410f9\transformed\jetified-jetified-viewpager2-1.0.0-api.jar as it is up-to-date.
Transforming jetified-play-services-appset-16.0.1-api.jar with IdentityTransform
Transforming jetified-coil-2.5.0-api.jar with JetifyTransform
Transforming jetified-coil-base-2.5.0-api.jar with JetifyTransform
Transforming lifecycle-runtime-2.7.0-api.jar with JetifyTransform
Transforming jetified-lifecycle-runtime-ktx-2.7.0-api.jar with JetifyTransform
Transforming jetified-lifecycle-viewmodel-compose-2.7.0-api.jar with JetifyTransform
Transforming jetified-lifecycle-viewmodel-savedstate-2.7.0-api.jar with JetifyTransform
Caching disabled for JetifyTransform: C:\Users\user\.gradle\caches\transforms-3\2a4dd99a898ddec2911d6fa610fc4000\transformed\jetified-play-services-tasks-18.0.2-api.jar because:
  Build cache is disabled
Transforming jetified-core-ktx-1.12.0-api.jar with JetifyTransform
Caching disabled for AggregatedPackagesTransform: C:\Users\user\.gradle\caches\transforms-3\e6cd90fdf2a4572efa215b914ad5d4c4\transformed\jetified-jetified-hilt-android-2.49-api.jar because:
  Build cache is disabled
Transforming jetified-viewpager2-1.0.0-api.jar with AggregatedPackagesTransform
Transforming jetified-flexbox-3.0.0-api.jar with JetifyTransform
Caching disabled for JetifyTransform: C:\Users\user\.gradle\caches\transforms-3\fac22b21885a477b5657bbf24c43130b\transformed\jetified-play-services-ads-base-22.6.0-api.jar because:
  Build cache is disabled
Skipping AggregatedPackagesTransform: C:\Users\user\.gradle\caches\transforms-3\e6cd90fdf2a4572efa215b914ad5d4c4\transformed\jetified-jetified-hilt-android-2.49-api.jar as it is up-to-date.
Skipping JetifyTransform: C:\Users\user\.gradle\caches\transforms-3\fac22b21885a477b5657bbf24c43130b\transformed\jetified-play-services-ads-base-22.6.0-api.jar as it is up-to-date.
Transforming jetified-play-services-ads-base-22.6.0-api.jar with IdentityTransform
Caching disabled for JetifyTransform: C:\Users\user\.gradle\caches\transforms-3\b07c92cbf51eaaec23d31325185edf84\transformed\jetified-user-messaging-platform-2.1.0-api.jar because:
  Build cache is disabled
Skipping JetifyTransform: C:\Users\user\.gradle\caches\transforms-3\b07c92cbf51eaaec23d31325185edf84\transformed\jetified-user-messaging-platform-2.1.0-api.jar as it is up-to-date.
Caching disabled for AggregatedPackagesTransform: C:\Users\user\.gradle\caches\transforms-3\2240aafe7d7cbbb8817bae77d5c37294\transformed\jetified-jetified-play-services-ads-22.6.0-api.jar because:
  Build cache is disabled
Skipping AggregatedPackagesTransform: C:\Users\user\.gradle\caches\transforms-3\2240aafe7d7cbbb8817bae77d5c37294\transformed\jetified-jetified-play-services-ads-22.6.0-api.jar as it is up-to-date.
Skipping JetifyTransform: C:\Users\user\.gradle\caches\transforms-3\2a4dd99a898ddec2911d6fa610fc4000\transformed\jetified-play-services-tasks-18.0.2-api.jar as it is up-to-date.
Transforming jetified-user-messaging-platform-2.1.0-api.jar with IdentityTransform
Transforming jetified-core-splashscreen-1.0.1-api.jar with JetifyTransform
Transforming jetified-kotlin-parcelize-runtime-1.9.22.jar with JetifyTransform
Transforming jetified-savedstate-ktx-1.2.1-api.jar with JetifyTransform
Transforming jetified-savedstate-1.2.1-api.jar with JetifyTransform
Transforming jetified-play-services-tasks-18.0.2-api.jar with IdentityTransform
Transforming jetified-annotation-experimental-1.4.0-api.jar with JetifyTransform
Caching disabled for IdentityTransform: C:\Users\user\.gradle\caches\transforms-3\a402a6d2a3c7a1f18764b45dd3a11e3c\transformed\jetified-jetified-play-services-ads-lite-22.6.0-api.jar because:
  Build cache is disabled
Caching disabled for AggregatedPackagesTransform: C:\Users\user\.gradle\caches\transforms-3\ca6c6a08147fb4882cc17d8bcb7410f9\transformed\jetified-jetified-viewpager2-1.0.0-api.jar because:
  Build cache is disabled
Transforming jetified-converter-gson-2.9.0.jar with JetifyTransform
Caching disabled for JetifyTransform: C:\Users\user\.gradle\caches\transforms-3\1f2346df9314605286de174a583248f5\transformed\jetified-play-services-measurement-base-20.1.2-api.jar because:
  Build cache is disabled
Caching disabled for IdentityTransform: C:\Users\user\.gradle\caches\transforms-3\7bc63f39a9a82b161d69c2b7a330eed0\transformed\jetified-jetified-play-services-appset-16.0.1-api.jar because:
  Build cache is disabled
Caching disabled for IdentityTransform: C:\Users\user\.gradle\caches\transforms-3\13eea545a1613a560fd674db0ad10ac4\transformed\jetified-jetified-play-services-ads-base-22.6.0-api.jar because:
  Build cache is disabled
Skipping IdentityTransform: C:\Users\user\.gradle\caches\transforms-3\7bc63f39a9a82b161d69c2b7a330eed0\transformed\jetified-jetified-play-services-appset-16.0.1-api.jar as it is up-to-date.
Caching disabled for IdentityTransform: C:\Users\user\.gradle\caches\transforms-3\83915dc0ffea9e82f86e0b4df3e1dac4\transformed\jetified-jetified-play-services-tasks-18.0.2-api.jar because:
  Build cache is disabled
Caching disabled for JetifyTransform: C:\Users\user\.gradle\caches\transforms-3\11e5b6f27cffd79bfa52a1521b214ec0\transformed\jetified-play-services-ads-identifier-18.0.0-api.jar because:
  Build cache is disabled
Skipping IdentityTransform: C:\Users\user\.gradle\caches\transforms-3\83915dc0ffea9e82f86e0b4df3e1dac4\transformed\jetified-jetified-play-services-tasks-18.0.2-api.jar as it is up-to-date.
Transforming jetified-retrofit-2.9.0.jar with JetifyTransform
Caching disabled for IdentityTransform: C:\Users\user\.gradle\caches\transforms-3\47078b24c2b5d97afaf4111fac68fbe1\transformed\jetified-jetified-user-messaging-platform-2.1.0-api.jar because:
  Build cache is disabled
Transforming jetified-play-services-appset-16.0.1-api.jar with IdentityTransform
Skipping AggregatedPackagesTransform: C:\Users\user\.gradle\caches\transforms-3\ca6c6a08147fb4882cc17d8bcb7410f9\transformed\jetified-jetified-viewpager2-1.0.0-api.jar as it is up-to-date.
Transforming jetified-play-services-appset-16.0.1-api.jar with CopyTransform
Caching disabled for JetifyTransform: C:\Users\user\.gradle\caches\transforms-3\6070a8a55b07af9bba206a0bc3ce4be9\transformed\jetified-play-services-measurement-sdk-api-20.1.2-api.jar because:
  Build cache is disabled
Skipping IdentityTransform: C:\Users\user\.gradle\caches\transforms-3\a402a6d2a3c7a1f18764b45dd3a11e3c\transformed\jetified-jetified-play-services-ads-lite-22.6.0-api.jar as it is up-to-date.
Caching disabled for IdentityTransform: C:\Users\user\.gradle\caches\transforms-3\00143635dcb08d7ba5582d3b36bb852b\transformed\jetified-jetified-play-services-base-18.2.0-api.jar because:
  Build cache is disabled
Skipping JetifyTransform: C:\Users\user\.gradle\caches\transforms-3\6070a8a55b07af9bba206a0bc3ce4be9\transformed\jetified-play-services-measurement-sdk-api-20.1.2-api.jar as it is up-to-date.
Skipping IdentityTransform: C:\Users\user\.gradle\caches\transforms-3\00143635dcb08d7ba5582d3b36bb852b\transformed\jetified-jetified-play-services-base-18.2.0-api.jar as it is up-to-date.
Transforming jetified-play-services-tasks-18.0.2-api.jar with IdentityTransform
Transforming jetified-play-services-tasks-18.0.2-api.jar with CopyTransform
Transforming jetified-play-services-measurement-sdk-api-20.1.2-api.jar with IdentityTransform
Skipping JetifyTransform: C:\Users\user\.gradle\caches\transforms-3\1f2346df9314605286de174a583248f5\transformed\jetified-play-services-measurement-base-20.1.2-api.jar as it is up-to-date.
Skipping IdentityTransform: C:\Users\user\.gradle\caches\transforms-3\47078b24c2b5d97afaf4111fac68fbe1\transformed\jetified-jetified-user-messaging-platform-2.1.0-api.jar as it is up-to-date.
Transforming jetified-logging-interceptor-4.12.0.jar with JetifyTransform
Transforming jetified-okhttp-4.12.0.jar with JetifyTransform
Skipping JetifyTransform: C:\Users\user\.gradle\caches\transforms-3\11e5b6f27cffd79bfa52a1521b214ec0\transformed\jetified-play-services-ads-identifier-18.0.0-api.jar as it is up-to-date.
Transforming jetified-ads-adservices-java-1.0.0-beta05-api.jar with JetifyTransform
Transforming jetified-play-services-ads-lite-22.6.0-api.jar with IdentityTransform
Transforming jetified-play-services-ads-lite-22.6.0-api.jar with CopyTransform
Skipping IdentityTransform: C:\Users\user\.gradle\caches\transforms-3\13eea545a1613a560fd674db0ad10ac4\transformed\jetified-jetified-play-services-ads-base-22.6.0-api.jar as it is up-to-date.
Caching disabled for JetifyTransform: C:\Users\user\.gradle\caches\transforms-3\b93cf1d9d624fa190ff87b73b02786ac\transformed\jetified-play-services-basement-18.2.0-api.jar because:
  Build cache is disabled
Transforming jetified-play-services-ads-identifier-18.0.0-api.jar with IdentityTransform
Transforming jetified-ads-adservices-1.0.0-beta05-api.jar with JetifyTransform
Transforming jetified-user-messaging-platform-2.1.0-api.jar with IdentityTransform
Transforming jetified-play-services-measurement-base-20.1.2-api.jar with IdentityTransform
Transforming jetified-user-messaging-platform-2.1.0-api.jar with CopyTransform
Caching disabled for CopyTransform: C:\Users\user\.gradle\caches\transforms-3\7bc63f39a9a82b161d69c2b7a330eed0\transformed\jetified-jetified-play-services-appset-16.0.1-api.jar because:
  Build cache is disabled
Skipping CopyTransform: C:\Users\user\.gradle\caches\transforms-3\7bc63f39a9a82b161d69c2b7a330eed0\transformed\jetified-jetified-play-services-appset-16.0.1-api.jar as it is up-to-date.
Transforming jetified-play-services-base-18.2.0-api.jar with IdentityTransform
Transforming jetified-kotlinx-coroutines-core-jvm-1.7.3.jar with JetifyTransform
Skipping JetifyTransform: C:\Users\user\.gradle\caches\transforms-3\b93cf1d9d624fa190ff87b73b02786ac\transformed\jetified-play-services-basement-18.2.0-api.jar as it is up-to-date.
Transforming jetified-kotlinx-coroutines-android-1.7.3.jar with JetifyTransform
Transforming jetified-lottie-compose-6.1.0-api.jar with JetifyTransform
Transforming jetified-play-services-appset-16.0.1-api.jar with AggregatedPackagesTransform
Transforming jetified-accompanist-permissions-0.32.0-api.jar with JetifyTransform
Caching disabled for JetifyTransform: C:\Users\user\.gradle\caches\transforms-3\c2215d25b2d840030ede5186a3c05345\transformed\fragment-1.5.1-api.jar because:
  Build cache is disabled
Transforming jetified-play-services-basement-18.2.0-api.jar with IdentityTransform
Skipping JetifyTransform: C:\Users\user\.gradle\caches\transforms-3\c2215d25b2d840030ede5186a3c05345\transformed\fragment-1.5.1-api.jar as it is up-to-date.
Transforming jetified-play-services-base-18.2.0-api.jar with CopyTransform
Transforming jetified-play-services-ads-base-22.6.0-api.jar with IdentityTransform
Transforming jetified-play-services-ads-base-22.6.0-api.jar with CopyTransform
Caching disabled for IdentityTransform: C:\Users\user\.gradle\caches\transforms-3\62d0ab39a503101d557673925e8c13e4\transformed\jetified-jetified-play-services-measurement-sdk-api-20.1.2-api.jar because:
  Build cache is disabled
Caching disabled for CopyTransform: C:\Users\user\.gradle\caches\transforms-3\a402a6d2a3c7a1f18764b45dd3a11e3c\transformed\jetified-jetified-play-services-ads-lite-22.6.0-api.jar because:
  Build cache is disabled
Transforming fragment-1.5.1-api.jar with IdentityTransform
Skipping CopyTransform: C:\Users\user\.gradle\caches\transforms-3\a402a6d2a3c7a1f18764b45dd3a11e3c\transformed\jetified-jetified-play-services-ads-lite-22.6.0-api.jar as it is up-to-date.
Caching disabled for IdentityTransform: C:\Users\user\.gradle\caches\transforms-3\8c07fa4d8a2f8c12dc32968b0d8b8f4b\transformed\jetified-jetified-play-services-measurement-base-20.1.2-api.jar because:
  Build cache is disabled
Skipping IdentityTransform: C:\Users\user\.gradle\caches\transforms-3\8c07fa4d8a2f8c12dc32968b0d8b8f4b\transformed\jetified-jetified-play-services-measurement-base-20.1.2-api.jar as it is up-to-date.
Transforming jetified-okio-jvm-3.6.0.jar with JetifyTransform
Caching disabled for IdentityTransform: C:\Users\user\.gradle\caches\transforms-3\fc6e9a60ce5e89dc3f935c6799b8fde1\transformed\jetified-jetified-play-services-ads-identifier-18.0.0-api.jar because:
  Build cache is disabled
Skipping IdentityTransform: C:\Users\user\.gradle\caches\transforms-3\62d0ab39a503101d557673925e8c13e4\transformed\jetified-jetified-play-services-measurement-sdk-api-20.1.2-api.jar as it is up-to-date.
Caching disabled for CopyTransform: C:\Users\user\.gradle\caches\transforms-3\83915dc0ffea9e82f86e0b4df3e1dac4\transformed\jetified-jetified-play-services-tasks-18.0.2-api.jar because:
  Build cache is disabled
Transforming jetified-play-services-measurement-base-20.1.2-api.jar with IdentityTransform
Skipping CopyTransform: C:\Users\user\.gradle\caches\transforms-3\83915dc0ffea9e82f86e0b4df3e1dac4\transformed\jetified-jetified-play-services-tasks-18.0.2-api.jar as it is up-to-date.
Caching disabled for CopyTransform: C:\Users\user\.gradle\caches\transforms-3\13eea545a1613a560fd674db0ad10ac4\transformed\jetified-jetified-play-services-ads-base-22.6.0-api.jar because:
  Build cache is disabled
Skipping IdentityTransform: C:\Users\user\.gradle\caches\transforms-3\fc6e9a60ce5e89dc3f935c6799b8fde1\transformed\jetified-jetified-play-services-ads-identifier-18.0.0-api.jar as it is up-to-date.
Transforming jetified-play-services-measurement-sdk-api-20.1.2-api.jar with IdentityTransform
Transforming jetified-play-services-measurement-sdk-api-20.1.2-api.jar with CopyTransform
Transforming jetified-play-services-tasks-18.0.2-api.jar with AggregatedPackagesTransform
Caching disabled for CopyTransform: C:\Users\user\.gradle\caches\transforms-3\00143635dcb08d7ba5582d3b36bb852b\transformed\jetified-jetified-play-services-base-18.2.0-api.jar because:
  Build cache is disabled
Caching disabled for CopyTransform: C:\Users\user\.gradle\caches\transforms-3\47078b24c2b5d97afaf4111fac68fbe1\transformed\jetified-jetified-user-messaging-platform-2.1.0-api.jar because:
  Build cache is disabled
Skipping CopyTransform: C:\Users\user\.gradle\caches\transforms-3\00143635dcb08d7ba5582d3b36bb852b\transformed\jetified-jetified-play-services-base-18.2.0-api.jar as it is up-to-date.
Transforming jetified-play-services-ads-lite-22.6.0-api.jar with AggregatedPackagesTransform
Transforming jetified-kotlin-stdlib-jdk8-1.9.10.jar with JetifyTransform
Caching disabled for IdentityTransform: C:\Users\user\.gradle\caches\transforms-3\a44e13ad4e62433bf566065f50aaaf47\transformed\jetified-jetified-play-services-basement-18.2.0-api.jar because:
  Build cache is disabled
Skipping CopyTransform: C:\Users\user\.gradle\caches\transforms-3\47078b24c2b5d97afaf4111fac68fbe1\transformed\jetified-jetified-user-messaging-platform-2.1.0-api.jar as it is up-to-date.
Transforming jetified-play-services-ads-identifier-18.0.0-api.jar with IdentityTransform
Transforming jetified-play-services-base-18.2.0-api.jar with AggregatedPackagesTransform
Skipping CopyTransform: C:\Users\user\.gradle\caches\transforms-3\13eea545a1613a560fd674db0ad10ac4\transformed\jetified-jetified-play-services-ads-base-22.6.0-api.jar as it is up-to-date.
Transforming jetified-play-services-measurement-base-20.1.2-api.jar with CopyTransform
Transforming jetified-play-services-ads-identifier-18.0.0-api.jar with CopyTransform
Transforming jetified-user-messaging-platform-2.1.0-api.jar with AggregatedPackagesTransform
Skipping IdentityTransform: C:\Users\user\.gradle\caches\transforms-3\a44e13ad4e62433bf566065f50aaaf47\transformed\jetified-jetified-play-services-basement-18.2.0-api.jar as it is up-to-date.
Transforming jetified-kotlin-android-extensions-runtime-1.9.22.jar with JetifyTransform
Transforming jetified-play-services-ads-base-22.6.0-api.jar with AggregatedPackagesTransform
Caching disabled for AggregatedPackagesTransform: C:\Users\user\.gradle\caches\transforms-3\7bc63f39a9a82b161d69c2b7a330eed0\transformed\jetified-jetified-play-services-appset-16.0.1-api.jar because:
  Build cache is disabled
Transforming cursoradapter-1.0.0-api.jar with JetifyTransform
Skipping AggregatedPackagesTransform: C:\Users\user\.gradle\caches\transforms-3\7bc63f39a9a82b161d69c2b7a330eed0\transformed\jetified-jetified-play-services-appset-16.0.1-api.jar as it is up-to-date.
Transforming cardview-1.0.0-api.jar with JetifyTransform
Caching disabled for AggregatedPackagesTransform: C:\Users\user\.gradle\caches\transforms-3\83915dc0ffea9e82f86e0b4df3e1dac4\transformed\jetified-jetified-play-services-tasks-18.0.2-api.jar because:
  Build cache is disabled
Transforming jetified-play-services-basement-18.2.0-api.jar with IdentityTransform
Skipping AggregatedPackagesTransform: C:\Users\user\.gradle\caches\transforms-3\83915dc0ffea9e82f86e0b4df3e1dac4\transformed\jetified-jetified-play-services-tasks-18.0.2-api.jar as it is up-to-date.
Transforming jetified-play-services-basement-18.2.0-api.jar with CopyTransform
Transforming sqlite-framework-2.4.0-api.jar with JetifyTransform
Caching disabled for IdentityTransform: C:\Users\user\.gradle\caches\transforms-3\fb7760986cfbf43728780f4582e0cb9b\transformed\jetified-fragment-1.5.1-api.jar because:
  Build cache is disabled
Transforming sqlite-2.4.0-api.jar with JetifyTransform
Skipping IdentityTransform: C:\Users\user\.gradle\caches\transforms-3\fb7760986cfbf43728780f4582e0cb9b\transformed\jetified-fragment-1.5.1-api.jar as it is up-to-date.
Transforming versionedparcelable-1.1.1-api.jar with JetifyTransform
Transforming core-runtime-2.2.0-api.jar with JetifyTransform
Caching disabled for AggregatedPackagesTransform: C:\Users\user\.gradle\caches\transforms-3\a402a6d2a3c7a1f18764b45dd3a11e3c\transformed\jetified-jetified-play-services-ads-lite-22.6.0-api.jar because:
  Build cache is disabled
Caching disabled for CopyTransform: C:\Users\user\.gradle\caches\transforms-3\62d0ab39a503101d557673925e8c13e4\transformed\jetified-jetified-play-services-measurement-sdk-api-20.1.2-api.jar because:
  Build cache is disabled
Transforming core-common-2.2.0.jar with JetifyTransform
Skipping CopyTransform: C:\Users\user\.gradle\caches\transforms-3\62d0ab39a503101d557673925e8c13e4\transformed\jetified-jetified-play-services-measurement-sdk-api-20.1.2-api.jar as it is up-to-date.
Skipping AggregatedPackagesTransform: C:\Users\user\.gradle\caches\transforms-3\a402a6d2a3c7a1f18764b45dd3a11e3c\transformed\jetified-jetified-play-services-ads-lite-22.6.0-api.jar as it is up-to-date.
Transforming fragment-1.5.1-api.jar with IdentityTransform
Transforming fragment-1.5.1-api.jar with CopyTransform
Caching disabled for CopyTransform: C:\Users\user\.gradle\caches\transforms-3\8c07fa4d8a2f8c12dc32968b0d8b8f4b\transformed\jetified-jetified-play-services-measurement-base-20.1.2-api.jar because:
  Build cache is disabled
Transforming core-common-2.2.0.jar with IdentityTransform
Caching disabled for AggregatedPackagesTransform: C:\Users\user\.gradle\caches\transforms-3\00143635dcb08d7ba5582d3b36bb852b\transformed\jetified-jetified-play-services-base-18.2.0-api.jar because:
  Build cache is disabled
Transforming core-common-2.2.0.jar with IdentityTransform
Skipping AggregatedPackagesTransform: C:\Users\user\.gradle\caches\transforms-3\00143635dcb08d7ba5582d3b36bb852b\transformed\jetified-jetified-play-services-base-18.2.0-api.jar as it is up-to-date.
Transforming core-common-2.2.0.jar with CopyTransform
Transforming core-common-2.2.0.jar with AggregatedPackagesTransform
Transforming jetified-collection-jvm-1.4.0.jar with JetifyTransform
Caching disabled for JetifyTransform: C:\Users\user\.gradle\caches\transforms-3\6f3fec40aedaf012baa40dbd0d150580\transformed\navigation-common-2.7.6-api.jar because:
  Build cache is disabled
Caching disabled for AggregatedPackagesTransform: C:\Users\user\.gradle\caches\transforms-3\47078b24c2b5d97afaf4111fac68fbe1\transformed\jetified-jetified-user-messaging-platform-2.1.0-api.jar because:
  Build cache is disabled
Skipping JetifyTransform: C:\Users\user\.gradle\caches\transforms-3\6f3fec40aedaf012baa40dbd0d150580\transformed\navigation-common-2.7.6-api.jar as it is up-to-date.
Skipping AggregatedPackagesTransform: C:\Users\user\.gradle\caches\transforms-3\47078b24c2b5d97afaf4111fac68fbe1\transformed\jetified-jetified-user-messaging-platform-2.1.0-api.jar as it is up-to-date.
Caching disabled for AggregatedPackagesTransform: C:\Users\user\.gradle\caches\transforms-3\13eea545a1613a560fd674db0ad10ac4\transformed\jetified-jetified-play-services-ads-base-22.6.0-api.jar because:
  Build cache is disabled
Transforming navigation-common-2.7.6-api.jar with IdentityTransform
Transforming jetified-play-services-measurement-sdk-api-20.1.2-api.jar with AggregatedPackagesTransform
Caching disabled for JetifyTransform: C:\Users\user\.gradle\caches\transforms-3\4beda84bc3859e2f1405ad0b0df33413\transformed\navigation-runtime-2.7.6-api.jar because:
  Build cache is disabled
Transforming interpolator-1.0.0-api.jar with JetifyTransform
Skipping JetifyTransform: C:\Users\user\.gradle\caches\transforms-3\4beda84bc3859e2f1405ad0b0df33413\transformed\navigation-runtime-2.7.6-api.jar as it is up-to-date.
Caching disabled for CopyTransform: C:\Users\user\.gradle\caches\transforms-3\fc6e9a60ce5e89dc3f935c6799b8fde1\transformed\jetified-jetified-play-services-ads-identifier-18.0.0-api.jar because:
  Build cache is disabled
Skipping CopyTransform: C:\Users\user\.gradle\caches\transforms-3\8c07fa4d8a2f8c12dc32968b0d8b8f4b\transformed\jetified-jetified-play-services-measurement-base-20.1.2-api.jar as it is up-to-date.
Transforming documentfile-1.0.0-api.jar with JetifyTransform
Skipping AggregatedPackagesTransform: C:\Users\user\.gradle\caches\transforms-3\13eea545a1613a560fd674db0ad10ac4\transformed\jetified-jetified-play-services-ads-base-22.6.0-api.jar as it is up-to-date.
Transforming localbroadcastmanager-1.0.0-api.jar with JetifyTransform
Transforming print-1.0.0-api.jar with JetifyTransform
Transforming jetified-annotation-jvm-1.7.0.jar with JetifyTransform
Transforming navigation-runtime-2.7.6-api.jar with IdentityTransform
Caching disabled for CopyTransform: C:\Users\user\.gradle\caches\transforms-3\a44e13ad4e62433bf566065f50aaaf47\transformed\jetified-jetified-play-services-basement-18.2.0-api.jar because:
  Build cache is disabled
Transforming jetified-kotlin-stdlib-jdk7-1.9.10.jar with JetifyTransform
Transforming jetified-play-services-measurement-base-20.1.2-api.jar with AggregatedPackagesTransform
Caching disabled for JetifyTransform: C:\Users\user\.gradle\caches\transforms-3\38317c4bc41322a67c369f9e15ec7388\transformed\navigation-common-ktx-2.7.6-api.jar because:
  Build cache is disabled
Caching disabled for JetifyTransform: C:\Users\user\.gradle\caches\transforms-3\d875dea16cb95bb051ce57fafd2541bc\transformed\navigation-runtime-ktx-2.7.6-api.jar because:
  Build cache is disabled
Skipping CopyTransform: C:\Users\user\.gradle\caches\transforms-3\fc6e9a60ce5e89dc3f935c6799b8fde1\transformed\jetified-jetified-play-services-ads-identifier-18.0.0-api.jar as it is up-to-date.
Skipping JetifyTransform: C:\Users\user\.gradle\caches\transforms-3\d875dea16cb95bb051ce57fafd2541bc\transformed\navigation-runtime-ktx-2.7.6-api.jar as it is up-to-date.
Skipping JetifyTransform: C:\Users\user\.gradle\caches\transforms-3\38317c4bc41322a67c369f9e15ec7388\transformed\navigation-common-ktx-2.7.6-api.jar as it is up-to-date.
Caching disabled for IdentityTransform: C:\Users\user\.gradle\caches\transforms-3\631c58c752f9d9fc0237530481bfb07b\transformed\jetified-navigation-common-2.7.6-api.jar because:
  Build cache is disabled
Transforming jetified-play-services-ads-identifier-18.0.0-api.jar with AggregatedPackagesTransform
Transforming navigation-runtime-ktx-2.7.6-api.jar with IdentityTransform
Caching disabled for JetifyTransform: C:\Users\user\.gradle\caches\transforms-3\05e02f5eb083e174f1cf81c656144347\transformed\jetified-navigation-compose-2.7.6-api.jar because:
  Build cache is disabled
Transforming jetified-kotlin-stdlib-1.9.22.jar with JetifyTransform
Skipping CopyTransform: C:\Users\user\.gradle\caches\transforms-3\a44e13ad4e62433bf566065f50aaaf47\transformed\jetified-jetified-play-services-basement-18.2.0-api.jar as it is up-to-date.
Transforming jetified-volley-1.2.1-api.jar with JetifyTransform
Skipping JetifyTransform: C:\Users\user\.gradle\caches\transforms-3\05e02f5eb083e174f1cf81c656144347\transformed\jetified-navigation-compose-2.7.6-api.jar as it is up-to-date.
Transforming navigation-common-ktx-2.7.6-api.jar with IdentityTransform
Skipping IdentityTransform: C:\Users\user\.gradle\caches\transforms-3\631c58c752f9d9fc0237530481bfb07b\transformed\jetified-navigation-common-2.7.6-api.jar as it is up-to-date.
Caching disabled for IdentityTransform: C:\Users\user\.gradle\caches\transforms-3\14283e87c4e9385e6aa56fffc03923e7\transformed\jetified-navigation-runtime-2.7.6-api.jar because:
  Build cache is disabled
Skipping IdentityTransform: C:\Users\user\.gradle\caches\transforms-3\14283e87c4e9385e6aa56fffc03923e7\transformed\jetified-navigation-runtime-2.7.6-api.jar as it is up-to-date.
Caching disabled for AggregatedPackagesTransform: C:\Users\user\.gradle\caches\transforms-3\62d0ab39a503101d557673925e8c13e4\transformed\jetified-jetified-play-services-measurement-sdk-api-20.1.2-api.jar because:
  Build cache is disabled
Caching disabled for CopyTransform: C:\Users\user\.gradle\caches\transforms-3\fb7760986cfbf43728780f4582e0cb9b\transformed\jetified-fragment-1.5.1-api.jar because:
  Build cache is disabled
Skipping AggregatedPackagesTransform: C:\Users\user\.gradle\caches\transforms-3\62d0ab39a503101d557673925e8c13e4\transformed\jetified-jetified-play-services-measurement-sdk-api-20.1.2-api.jar as it is up-to-date.
Skipping CopyTransform: C:\Users\user\.gradle\caches\transforms-3\fb7760986cfbf43728780f4582e0cb9b\transformed\jetified-fragment-1.5.1-api.jar as it is up-to-date.
Transforming navigation-runtime-2.7.6-api.jar with IdentityTransform
Transforming navigation-common-2.7.6-api.jar with IdentityTransform
Transforming navigation-runtime-2.7.6-api.jar with CopyTransform
Caching disabled for AggregatedPackagesTransform: C:\Users\user\.gradle\caches\transforms-3\8c07fa4d8a2f8c12dc32968b0d8b8f4b\transformed\jetified-jetified-play-services-measurement-base-20.1.2-api.jar because:
  Build cache is disabled
Skipping AggregatedPackagesTransform: C:\Users\user\.gradle\caches\transforms-3\8c07fa4d8a2f8c12dc32968b0d8b8f4b\transformed\jetified-jetified-play-services-measurement-base-20.1.2-api.jar as it is up-to-date.
Transforming jetified-navigation-compose-2.7.6-api.jar with IdentityTransform
Transforming jetified-play-services-basement-18.2.0-api.jar with AggregatedPackagesTransform
Caching disabled for IdentityTransform: C:\Users\user\.gradle\caches\transforms-3\1da80762ba56682c4e6bb88977eb859d\transformed\jetified-navigation-runtime-ktx-2.7.6-api.jar because:
  Build cache is disabled
Skipping IdentityTransform: C:\Users\user\.gradle\caches\transforms-3\1da80762ba56682c4e6bb88977eb859d\transformed\jetified-navigation-runtime-ktx-2.7.6-api.jar as it is up-to-date.
Transforming jetified-lottie-6.1.0-api.jar with JetifyTransform
Transforming fragment-1.5.1-api.jar with AggregatedPackagesTransform
Caching disabled for AggregatedPackagesTransform: C:\Users\user\.gradle\caches\transforms-3\fc6e9a60ce5e89dc3f935c6799b8fde1\transformed\jetified-jetified-play-services-ads-identifier-18.0.0-api.jar because:
  Build cache is disabled
Skipping AggregatedPackagesTransform: C:\Users\user\.gradle\caches\transforms-3\fc6e9a60ce5e89dc3f935c6799b8fde1\transformed\jetified-jetified-play-services-ads-identifier-18.0.0-api.jar as it is up-to-date.
Caching disabled for JetifyTransform: C:\Users\user\.gradle\caches\transforms-3\c670c4f4facc885eb01e4f0c6cd2ee5d\transformed\jetified-activity-1.8.2-api.jar because:
  Build cache is disabled
Caching disabled for IdentityTransform: C:\Users\user\.gradle\caches\transforms-3\6b4fe7a3a73d7bbe89eb1cb773288d54\transformed\jetified-navigation-common-ktx-2.7.6-api.jar because:
  Build cache is disabled
Transforming navigation-common-2.7.6-api.jar with CopyTransform
Skipping JetifyTransform: C:\Users\user\.gradle\caches\transforms-3\c670c4f4facc885eb01e4f0c6cd2ee5d\transformed\jetified-activity-1.8.2-api.jar as it is up-to-date.
Skipping IdentityTransform: C:\Users\user\.gradle\caches\transforms-3\6b4fe7a3a73d7bbe89eb1cb773288d54\transformed\jetified-navigation-common-ktx-2.7.6-api.jar as it is up-to-date.
Transforming jetified-activity-1.8.2-api.jar with IdentityTransform
Caching disabled for JetifyTransform: C:\Users\user\.gradle\caches\transforms-3\2dc834dad25f60311ad8563ae9e69369\transformed\jetified-activity-compose-1.8.2-api.jar because:
  Build cache is disabled
Caching disabled for IdentityTransform: C:\Users\user\.gradle\caches\transforms-3\407c686be3706051823e2de7d63aefb3\transformed\jetified-jetified-navigation-compose-2.7.6-api.jar because:
  Build cache is disabled
Caching disabled for CopyTransform: C:\Users\user\.gradle\caches\transforms-3\14283e87c4e9385e6aa56fffc03923e7\transformed\jetified-navigation-runtime-2.7.6-api.jar because:
  Build cache is disabled
Caching disabled for JetifyTransform: C:\Users\user\.gradle\caches\transforms-3\d1fe90f07578c3ac6e3fd33d1601feb8\transformed\jetified-activity-ktx-1.8.2-api.jar because:
  Build cache is disabled
Skipping CopyTransform: C:\Users\user\.gradle\caches\transforms-3\14283e87c4e9385e6aa56fffc03923e7\transformed\jetified-navigation-runtime-2.7.6-api.jar as it is up-to-date.
Transforming navigation-runtime-ktx-2.7.6-api.jar with IdentityTransform
Transforming jetified-Android-Image-Slider-1.4.0-api.jar with JetifyTransform
Transforming navigation-runtime-ktx-2.7.6-api.jar with CopyTransform
Skipping JetifyTransform: C:\Users\user\.gradle\caches\transforms-3\d1fe90f07578c3ac6e3fd33d1601feb8\transformed\jetified-activity-ktx-1.8.2-api.jar as it is up-to-date.
Transforming jetified-circleimageview-3.1.0-api.jar with JetifyTransform
Transforming navigation-runtime-2.7.6-api.jar with AggregatedPackagesTransform
Caching disabled for AggregatedPackagesTransform: C:\Users\user\.gradle\caches\transforms-3\fb7760986cfbf43728780f4582e0cb9b\transformed\jetified-fragment-1.5.1-api.jar because:
  Build cache is disabled
Caching disabled for AggregatedPackagesTransform: C:\Users\user\.gradle\caches\transforms-3\a44e13ad4e62433bf566065f50aaaf47\transformed\jetified-jetified-play-services-basement-18.2.0-api.jar because:
  Build cache is disabled
Skipping AggregatedPackagesTransform: C:\Users\user\.gradle\caches\transforms-3\fb7760986cfbf43728780f4582e0cb9b\transformed\jetified-fragment-1.5.1-api.jar as it is up-to-date.
Skipping JetifyTransform: C:\Users\user\.gradle\caches\transforms-3\2dc834dad25f60311ad8563ae9e69369\transformed\jetified-activity-compose-1.8.2-api.jar as it is up-to-date.
Skipping IdentityTransform: C:\Users\user\.gradle\caches\transforms-3\407c686be3706051823e2de7d63aefb3\transformed\jetified-jetified-navigation-compose-2.7.6-api.jar as it is up-to-date.
Transforming jetified-activity-compose-1.8.2-api.jar with IdentityTransform
Skipping AggregatedPackagesTransform: C:\Users\user\.gradle\caches\transforms-3\a44e13ad4e62433bf566065f50aaaf47\transformed\jetified-jetified-play-services-basement-18.2.0-api.jar as it is up-to-date.
Transforming navigation-common-ktx-2.7.6-api.jar with IdentityTransform
Caching disabled for JetifyTransform: C:\Users\user\.gradle\caches\transforms-3\bbe4891fbea243ea8935a5246a220925\transformed\jetified-room-ktx-2.6.1-api.jar because:
  Build cache is disabled
Transforming jetified-annotations-23.0.0.jar with JetifyTransform
Transforming jetified-activity-ktx-1.8.2-api.jar with IdentityTransform
Transforming jetified-navigation-compose-2.7.6-api.jar with IdentityTransform
Transforming navigation-common-ktx-2.7.6-api.jar with CopyTransform
Transforming jetified-navigation-compose-2.7.6-api.jar with CopyTransform
Transforming jetified-exoplayer-core-2.19.1-api.jar with JetifyTransform
Skipping JetifyTransform: C:\Users\user\.gradle\caches\transforms-3\bbe4891fbea243ea8935a5246a220925\transformed\jetified-room-ktx-2.6.1-api.jar as it is up-to-date.
Transforming jetified-exoplayer-common-2.19.1-api.jar with JetifyTransform
Transforming jetified-guava-31.1-android.jar with JetifyTransform
Caching disabled for CopyTransform: C:\Users\user\.gradle\caches\transforms-3\1da80762ba56682c4e6bb88977eb859d\transformed\jetified-navigation-runtime-ktx-2.7.6-api.jar because:
  Build cache is disabled
Transforming jetified-room-ktx-2.6.1-api.jar with IdentityTransform
Skipping CopyTransform: C:\Users\user\.gradle\caches\transforms-3\1da80762ba56682c4e6bb88977eb859d\transformed\jetified-navigation-runtime-ktx-2.7.6-api.jar as it is up-to-date.
Caching disabled for CopyTransform: C:\Users\user\.gradle\caches\transforms-3\631c58c752f9d9fc0237530481bfb07b\transformed\jetified-navigation-common-2.7.6-api.jar because:
  Build cache is disabled
Skipping CopyTransform: C:\Users\user\.gradle\caches\transforms-3\631c58c752f9d9fc0237530481bfb07b\transformed\jetified-navigation-common-2.7.6-api.jar as it is up-to-date.
Transforming jetified-listenablefuture-9999.0-empty-to-avoid-conflict-with-guava.jar with JetifyTransform
Transforming jetified-startup-runtime-1.1.1-api.jar with JetifyTransform
Transforming navigation-runtime-ktx-2.7.6-api.jar with AggregatedPackagesTransform
Caching disabled for AggregatedPackagesTransform: C:\Users\user\.gradle\caches\transforms-3\14283e87c4e9385e6aa56fffc03923e7\transformed\jetified-navigation-runtime-2.7.6-api.jar because:
  Build cache is disabled
Transforming navigation-common-2.7.6-api.jar with AggregatedPackagesTransform
Caching disabled for IdentityTransform: C:\Users\user\.gradle\caches\transforms-3\49768249aa0bac850a75e59329f1c2b5\transformed\jetified-jetified-activity-1.8.2-api.jar because:
  Build cache is disabled
Skipping AggregatedPackagesTransform: C:\Users\user\.gradle\caches\transforms-3\14283e87c4e9385e6aa56fffc03923e7\transformed\jetified-navigation-runtime-2.7.6-api.jar as it is up-to-date.
Skipping IdentityTransform: C:\Users\user\.gradle\caches\transforms-3\49768249aa0bac850a75e59329f1c2b5\transformed\jetified-jetified-activity-1.8.2-api.jar as it is up-to-date.
Caching disabled for IdentityTransform: C:\Users\user\.gradle\caches\transforms-3\4842502f481d2264d1b7dc15de85ed58\transformed\jetified-jetified-activity-ktx-1.8.2-api.jar because:
  Build cache is disabled
Transforming jetified-activity-1.8.2-api.jar with IdentityTransform
Transforming jetified-resourceinspection-annotation-1.0.1.jar with JetifyTransform
Transforming jetified-activity-1.8.2-api.jar with CopyTransform
Transforming constraintlayout-solver-2.0.1.jar with JetifyTransform
Caching disabled for IdentityTransform: C:\Users\user\.gradle\caches\transforms-3\e4b133c191c2bd3cb33f6b02c4d8ba49\transformed\jetified-jetified-activity-compose-1.8.2-api.jar because:
  Build cache is disabled
Transforming constraintlayout-solver-2.0.1.jar with IdentityTransform
Caching disabled for JetifyTransform: C:\Users\user\.gradle\caches\transforms-3\02cf926b406b88cb89884dba3d41da6c\transformed\jetified-room-paging-2.6.1-api.jar because:
  Build cache is disabled
Caching disabled for JetifyTransform: C:\Users\user\.gradle\caches\transforms-3\f791774d15e0a5c25b0d18f7170cfec6\transformed\room-runtime-2.6.1-api.jar because:
  Build cache is disabled
Transforming constraintlayout-solver-2.0.1.jar with IdentityTransform
Skipping JetifyTransform: C:\Users\user\.gradle\caches\transforms-3\f791774d15e0a5c25b0d18f7170cfec6\transformed\room-runtime-2.6.1-api.jar as it is up-to-date.
Skipping IdentityTransform: C:\Users\user\.gradle\caches\transforms-3\e4b133c191c2bd3cb33f6b02c4d8ba49\transformed\jetified-jetified-activity-compose-1.8.2-api.jar as it is up-to-date.
Caching disabled for CopyTransform: C:\Users\user\.gradle\caches\transforms-3\6b4fe7a3a73d7bbe89eb1cb773288d54\transformed\jetified-navigation-common-ktx-2.7.6-api.jar because:
  Build cache is disabled
Skipping IdentityTransform: C:\Users\user\.gradle\caches\transforms-3\4842502f481d2264d1b7dc15de85ed58\transformed\jetified-jetified-activity-ktx-1.8.2-api.jar as it is up-to-date.
Caching disabled for CopyTransform: C:\Users\user\.gradle\caches\transforms-3\407c686be3706051823e2de7d63aefb3\transformed\jetified-jetified-navigation-compose-2.7.6-api.jar because:
  Build cache is disabled
Transforming room-runtime-2.6.1-api.jar with IdentityTransform
Caching disabled for AggregatedPackagesTransform: C:\Users\user\.gradle\caches\transforms-3\1da80762ba56682c4e6bb88977eb859d\transformed\jetified-navigation-runtime-ktx-2.7.6-api.jar because:
  Build cache is disabled
Skipping CopyTransform: C:\Users\user\.gradle\caches\transforms-3\6b4fe7a3a73d7bbe89eb1cb773288d54\transformed\jetified-navigation-common-ktx-2.7.6-api.jar as it is up-to-date.
Skipping AggregatedPackagesTransform: C:\Users\user\.gradle\caches\transforms-3\1da80762ba56682c4e6bb88977eb859d\transformed\jetified-navigation-runtime-ktx-2.7.6-api.jar as it is up-to-date.
Caching disabled for IdentityTransform: C:\Users\user\.gradle\caches\transforms-3\6c8f9af398d6def20df304a412ccf24a\transformed\jetified-jetified-room-ktx-2.6.1-api.jar because:
  Build cache is disabled
Transforming constraintlayout-solver-2.0.1.jar with CopyTransform
Skipping IdentityTransform: C:\Users\user\.gradle\caches\transforms-3\6c8f9af398d6def20df304a412ccf24a\transformed\jetified-jetified-room-ktx-2.6.1-api.jar as it is up-to-date.
Transforming constraintlayout-solver-2.0.1.jar with AggregatedPackagesTransform
Transforming jetified-activity-compose-1.8.2-api.jar with IdentityTransform
Transforming jetified-hilt-core-2.49.jar with JetifyTransform
Transforming jetified-activity-compose-1.8.2-api.jar with CopyTransform
Transforming jetified-activity-ktx-1.8.2-api.jar with IdentityTransform
Skipping JetifyTransform: C:\Users\user\.gradle\caches\transforms-3\02cf926b406b88cb89884dba3d41da6c\transformed\jetified-room-paging-2.6.1-api.jar as it is up-to-date.
Transforming jetified-activity-ktx-1.8.2-api.jar with CopyTransform
Skipping CopyTransform: C:\Users\user\.gradle\caches\transforms-3\407c686be3706051823e2de7d63aefb3\transformed\jetified-jetified-navigation-compose-2.7.6-api.jar as it is up-to-date.
Caching disabled for AggregatedPackagesTransform: C:\Users\user\.gradle\caches\transforms-3\631c58c752f9d9fc0237530481bfb07b\transformed\jetified-navigation-common-2.7.6-api.jar because:
  Build cache is disabled
Caching disabled for JetifyTransform: C:\Users\user\.gradle\caches\transforms-3\7308236ebe5bc620bd7fbb5deb7c61c6\transformed\jetified-paging-common-ktx-3.2.1.jar because:
  Build cache is disabled
Transforming jetified-room-paging-2.6.1-api.jar with IdentityTransform
Skipping JetifyTransform: C:\Users\user\.gradle\caches\transforms-3\7308236ebe5bc620bd7fbb5deb7c61c6\transformed\jetified-paging-common-ktx-3.2.1.jar as it is up-to-date.
Transforming jetified-navigation-compose-2.7.6-api.jar with AggregatedPackagesTransform
Transforming jetified-room-ktx-2.6.1-api.jar with IdentityTransform
Transforming jetified-paging-common-ktx-3.2.1.jar with IdentityTransform
Transforming jetified-room-ktx-2.6.1-api.jar with CopyTransform
Caching disabled for CopyTransform: C:\Users\user\.gradle\caches\transforms-3\49768249aa0bac850a75e59329f1c2b5\transformed\jetified-jetified-activity-1.8.2-api.jar because:
  Build cache is disabled
Caching disabled for IdentityTransform: C:\Users\user\.gradle\caches\transforms-3\3d7a2ef78ed2440b03d6ba9b6fa9fb85\transformed\jetified-room-runtime-2.6.1-api.jar because:
  Build cache is disabled
Skipping CopyTransform: C:\Users\user\.gradle\caches\transforms-3\49768249aa0bac850a75e59329f1c2b5\transformed\jetified-jetified-activity-1.8.2-api.jar as it is up-to-date.
Transforming jetified-dagger-2.49.jar with JetifyTransform
Transforming navigation-common-ktx-2.7.6-api.jar with AggregatedPackagesTransform
Transforming jetified-javax.inject-1.jar with JetifyTransform
Transforming jetified-dagger-lint-aar-2.49-api.jar with JetifyTransform
Caching disabled for JetifyTransform: C:\Users\user\.gradle\caches\transforms-3\7b8ea8f2a2ecbbeddf6848cace47b09e\transformed\paging-runtime-3.2.1-api.jar because:
  Build cache is disabled
Skipping JetifyTransform: C:\Users\user\.gradle\caches\transforms-3\7b8ea8f2a2ecbbeddf6848cace47b09e\transformed\paging-runtime-3.2.1-api.jar as it is up-to-date.
Skipping IdentityTransform: C:\Users\user\.gradle\caches\transforms-3\3d7a2ef78ed2440b03d6ba9b6fa9fb85\transformed\jetified-room-runtime-2.6.1-api.jar as it is up-to-date.
Caching disabled for CopyTransform: C:\Users\user\.gradle\caches\transforms-3\e4b133c191c2bd3cb33f6b02c4d8ba49\transformed\jetified-jetified-activity-compose-1.8.2-api.jar because:
  Build cache is disabled
Skipping AggregatedPackagesTransform: C:\Users\user\.gradle\caches\transforms-3\631c58c752f9d9fc0237530481bfb07b\transformed\jetified-navigation-common-2.7.6-api.jar as it is up-to-date.
Caching disabled for IdentityTransform: C:\Users\user\.gradle\caches\transforms-3\09a4048fd984d44c5689627a27d08a73\transformed\jetified-jetified-room-paging-2.6.1-api.jar because:
  Build cache is disabled
Caching disabled for IdentityTransform: C:\Users\user\.gradle\caches\transforms-3\3ef47d6968f914e8de70b852f26633cd\transformed\jetified-jetified-paging-common-ktx-3.2.1.jar because:
  Build cache is disabled
Skipping IdentityTransform: C:\Users\user\.gradle\caches\transforms-3\09a4048fd984d44c5689627a27d08a73\transformed\jetified-jetified-room-paging-2.6.1-api.jar as it is up-to-date.
Caching disabled for CopyTransform: C:\Users\user\.gradle\caches\transforms-3\6c8f9af398d6def20df304a412ccf24a\transformed\jetified-jetified-room-ktx-2.6.1-api.jar because:
  Build cache is disabled
Transforming paging-runtime-3.2.1-api.jar with IdentityTransform
Skipping CopyTransform: C:\Users\user\.gradle\caches\transforms-3\6c8f9af398d6def20df304a412ccf24a\transformed\jetified-jetified-room-ktx-2.6.1-api.jar as it is up-to-date.
Transforming jetified-jsr305-3.0.2.jar with JetifyTransform
Transforming jetified-activity-1.8.2-api.jar with AggregatedPackagesTransform
Caching disabled for AggregatedPackagesTransform: C:\Users\user\.gradle\caches\transforms-3\407c686be3706051823e2de7d63aefb3\transformed\jetified-jetified-navigation-compose-2.7.6-api.jar because:
  Build cache is disabled
Transforming jetified-room-paging-2.6.1-api.jar with IdentityTransform
Skipping AggregatedPackagesTransform: C:\Users\user\.gradle\caches\transforms-3\407c686be3706051823e2de7d63aefb3\transformed\jetified-jetified-navigation-compose-2.7.6-api.jar as it is up-to-date.
Transforming jetified-room-paging-2.6.1-api.jar with CopyTransform
Transforming room-runtime-2.6.1-api.jar with IdentityTransform
Transforming room-runtime-2.6.1-api.jar with CopyTransform
Skipping IdentityTransform: C:\Users\user\.gradle\caches\transforms-3\3ef47d6968f914e8de70b852f26633cd\transformed\jetified-jetified-paging-common-ktx-3.2.1.jar as it is up-to-date.
Caching disabled for IdentityTransform: C:\Users\user\.gradle\caches\transforms-3\418364b04c74ce5a041817a78772be06\transformed\jetified-paging-runtime-3.2.1-api.jar because:
  Build cache is disabled
Caching disabled for AggregatedPackagesTransform: C:\Users\user\.gradle\caches\transforms-3\6b4fe7a3a73d7bbe89eb1cb773288d54\transformed\jetified-navigation-common-ktx-2.7.6-api.jar because:
  Build cache is disabled
Caching disabled for CopyTransform: C:\Users\user\.gradle\caches\transforms-3\4842502f481d2264d1b7dc15de85ed58\transformed\jetified-jetified-activity-ktx-1.8.2-api.jar because:
  Build cache is disabled
Transforming jetified-paging-common-ktx-3.2.1.jar with IdentityTransform
Skipping CopyTransform: C:\Users\user\.gradle\caches\transforms-3\e4b133c191c2bd3cb33f6b02c4d8ba49\transformed\jetified-jetified-activity-compose-1.8.2-api.jar as it is up-to-date.
Transforming jetified-gson-2.8.5.jar with JetifyTransform
Transforming jetified-activity-compose-1.8.2-api.jar with AggregatedPackagesTransform
Transforming jetified-failureaccess-1.0.1.jar with JetifyTransform
Transforming jetified-exoplayer-database-2.19.1-api.jar with JetifyTransform
Transforming jetified-exoplayer-datasource-2.19.1-api.jar with JetifyTransform
Transforming jetified-paging-common-ktx-3.2.1.jar with CopyTransform
Transforming jetified-exoplayer-decoder-2.19.1-api.jar with JetifyTransform
Transforming jetified-exoplayer-extractor-2.19.1-api.jar with JetifyTransform
Skipping CopyTransform: C:\Users\user\.gradle\caches\transforms-3\4842502f481d2264d1b7dc15de85ed58\transformed\jetified-jetified-activity-ktx-1.8.2-api.jar as it is up-to-date.
Caching disabled for CopyTransform: C:\Users\user\.gradle\caches\transforms-3\09a4048fd984d44c5689627a27d08a73\transformed\jetified-jetified-room-paging-2.6.1-api.jar because:
  Build cache is disabled
Caching disabled for AggregatedPackagesTransform: C:\Users\user\.gradle\caches\transforms-3\49768249aa0bac850a75e59329f1c2b5\transformed\jetified-jetified-activity-1.8.2-api.jar because:
  Build cache is disabled
Caching disabled for JetifyTransform: C:\Users\user\.gradle\caches\transforms-3\13ffb2e7b98dfbb3cf16b04cd4c1a7ab\transformed\jetified-paging-compose-3.2.1-api.jar because:
  Build cache is disabled
Skipping AggregatedPackagesTransform: C:\Users\user\.gradle\caches\transforms-3\49768249aa0bac850a75e59329f1c2b5\transformed\jetified-jetified-activity-1.8.2-api.jar as it is up-to-date.
Skipping IdentityTransform: C:\Users\user\.gradle\caches\transforms-3\418364b04c74ce5a041817a78772be06\transformed\jetified-paging-runtime-3.2.1-api.jar as it is up-to-date.
Caching disabled for JetifyTransform: C:\Users\user\.gradle\caches\transforms-3\6484d2ec886ee25e8fa486a7367cef89\transformed\jetified-paging-runtime-ktx-3.2.1-api.jar because:
  Build cache is disabled
Caching disabled for CopyTransform: C:\Users\user\.gradle\caches\transforms-3\3d7a2ef78ed2440b03d6ba9b6fa9fb85\transformed\jetified-room-runtime-2.6.1-api.jar because:
  Build cache is disabled
Transforming jetified-room-ktx-2.6.1-api.jar with AggregatedPackagesTransform
Transforming paging-runtime-3.2.1-api.jar with IdentityTransform
Skipping CopyTransform: C:\Users\user\.gradle\caches\transforms-3\3d7a2ef78ed2440b03d6ba9b6fa9fb85\transformed\jetified-room-runtime-2.6.1-api.jar as it is up-to-date.
Transforming paging-runtime-3.2.1-api.jar with CopyTransform
Caching disabled for AggregatedPackagesTransform: C:\Users\user\.gradle\caches\transforms-3\e4b133c191c2bd3cb33f6b02c4d8ba49\transformed\jetified-jetified-activity-compose-1.8.2-api.jar because:
  Build cache is disabled
Skipping JetifyTransform: C:\Users\user\.gradle\caches\transforms-3\6484d2ec886ee25e8fa486a7367cef89\transformed\jetified-paging-runtime-ktx-3.2.1-api.jar as it is up-to-date.
Transforming jetified-activity-ktx-1.8.2-api.jar with AggregatedPackagesTransform
Transforming room-runtime-2.6.1-api.jar with AggregatedPackagesTransform
Transforming jetified-paging-runtime-ktx-3.2.1-api.jar with IdentityTransform
Skipping JetifyTransform: C:\Users\user\.gradle\caches\transforms-3\13ffb2e7b98dfbb3cf16b04cd4c1a7ab\transformed\jetified-paging-compose-3.2.1-api.jar as it is up-to-date.
Skipping CopyTransform: C:\Users\user\.gradle\caches\transforms-3\09a4048fd984d44c5689627a27d08a73\transformed\jetified-jetified-room-paging-2.6.1-api.jar as it is up-to-date.
Transforming jetified-exoplayer-container-2.19.1-api.jar with JetifyTransform
Skipping AggregatedPackagesTransform: C:\Users\user\.gradle\caches\transforms-3\6b4fe7a3a73d7bbe89eb1cb773288d54\transformed\jetified-navigation-common-ktx-2.7.6-api.jar as it is up-to-date.
Transforming jetified-exoplayer-dash-2.19.1-api.jar with JetifyTransform
Transforming jetified-exoplayer-hls-2.19.1-api.jar with JetifyTransform
Skipping AggregatedPackagesTransform: C:\Users\user\.gradle\caches\transforms-3\e4b133c191c2bd3cb33f6b02c4d8ba49\transformed\jetified-jetified-activity-compose-1.8.2-api.jar as it is up-to-date.
Caching disabled for CopyTransform: C:\Users\user\.gradle\caches\transforms-3\3ef47d6968f914e8de70b852f26633cd\transformed\jetified-jetified-paging-common-ktx-3.2.1.jar because:
  Build cache is disabled
Transforming jetified-room-paging-2.6.1-api.jar with AggregatedPackagesTransform
Transforming jetified-exoplayer-rtsp-2.19.1-api.jar with JetifyTransform
Transforming jetified-paging-compose-3.2.1-api.jar with IdentityTransform
Transforming jetified-exoplayer-smoothstreaming-2.19.1-api.jar with JetifyTransform
Transforming release with CopyTransform
Caching disabled for CopyTransform: C:\Users\user\.gradle\caches\transforms-3\418364b04c74ce5a041817a78772be06\transformed\jetified-paging-runtime-3.2.1-api.jar because:
  Build cache is disabled
Transforming release with CopyTransform
Skipping CopyTransform: C:\Users\user\.gradle\caches\transforms-3\418364b04c74ce5a041817a78772be06\transformed\jetified-paging-runtime-3.2.1-api.jar as it is up-to-date.
Caching disabled for AggregatedPackagesTransform: C:\Users\user\.gradle\caches\transforms-3\4842502f481d2264d1b7dc15de85ed58\transformed\jetified-jetified-activity-ktx-1.8.2-api.jar because:
  Build cache is disabled
Skipping AggregatedPackagesTransform: C:\Users\user\.gradle\caches\transforms-3\4842502f481d2264d1b7dc15de85ed58\transformed\jetified-jetified-activity-ktx-1.8.2-api.jar as it is up-to-date.
Transforming paging-runtime-3.2.1-api.jar with AggregatedPackagesTransform
Transforming classes with CopyTransform
Caching disabled for JetifyTransform: C:\Users\user\.gradle\caches\transforms-3\1824013db16aafcfda54096b8477ef59\transformed\jetified-material-ripple-release-api.jar because:
  Build cache is disabled
Caching disabled for JetifyTransform: C:\Users\user\.gradle\caches\transforms-3\57e0efac4cc3822bc412c4d24ceef8df\transformed\jetified-material3-release-api.jar because:
  Build cache is disabled
Skipping JetifyTransform: C:\Users\user\.gradle\caches\transforms-3\1824013db16aafcfda54096b8477ef59\transformed\jetified-material-ripple-release-api.jar as it is up-to-date.
Skipping CopyTransform: C:\Users\user\.gradle\caches\transforms-3\3ef47d6968f914e8de70b852f26633cd\transformed\jetified-jetified-paging-common-ktx-3.2.1.jar as it is up-to-date.
Skipping JetifyTransform: C:\Users\user\.gradle\caches\transforms-3\57e0efac4cc3822bc412c4d24ceef8df\transformed\jetified-material3-release-api.jar as it is up-to-date.
Caching disabled for AggregatedPackagesTransform: C:\Users\user\.gradle\caches\transforms-3\6c8f9af398d6def20df304a412ccf24a\transformed\jetified-jetified-room-ktx-2.6.1-api.jar because:
  Build cache is disabled
Transforming jetified-material3-release-api.jar with IdentityTransform
Caching disabled for IdentityTransform: C:\Users\user\.gradle\caches\transforms-3\f0d0de677d57a6adcf79acae3a8c2d71\transformed\jetified-jetified-paging-compose-3.2.1-api.jar because:
  Build cache is disabled
Caching disabled for IdentityTransform: C:\Users\user\.gradle\caches\transforms-3\6eec32765a0e17ab3ed95c5c1e1871f4\transformed\jetified-jetified-paging-runtime-ktx-3.2.1-api.jar because:
  Build cache is disabled
Skipping IdentityTransform: C:\Users\user\.gradle\caches\transforms-3\f0d0de677d57a6adcf79acae3a8c2d71\transformed\jetified-jetified-paging-compose-3.2.1-api.jar as it is up-to-date.
Caching disabled for AggregatedPackagesTransform: C:\Users\user\.gradle\caches\transforms-3\09a4048fd984d44c5689627a27d08a73\transformed\jetified-jetified-room-paging-2.6.1-api.jar because:
  Build cache is disabled
Caching disabled for AggregatedPackagesTransform: C:\Users\user\.gradle\caches\transforms-3\3d7a2ef78ed2440b03d6ba9b6fa9fb85\transformed\jetified-room-runtime-2.6.1-api.jar because:
  Build cache is disabled
Transforming jetified-paging-common-ktx-3.2.1.jar with AggregatedPackagesTransform
Skipping AggregatedPackagesTransform: C:\Users\user\.gradle\caches\transforms-3\3d7a2ef78ed2440b03d6ba9b6fa9fb85\transformed\jetified-room-runtime-2.6.1-api.jar as it is up-to-date.
Skipping AggregatedPackagesTransform: C:\Users\user\.gradle\caches\transforms-3\09a4048fd984d44c5689627a27d08a73\transformed\jetified-jetified-room-paging-2.6.1-api.jar as it is up-to-date.
Skipping IdentityTransform: C:\Users\user\.gradle\caches\transforms-3\6eec32765a0e17ab3ed95c5c1e1871f4\transformed\jetified-jetified-paging-runtime-ktx-3.2.1-api.jar as it is up-to-date.
Transforming jetified-material-ripple-release-api.jar with IdentityTransform
Skipping AggregatedPackagesTransform: C:\Users\user\.gradle\caches\transforms-3\6c8f9af398d6def20df304a412ccf24a\transformed\jetified-jetified-room-ktx-2.6.1-api.jar as it is up-to-date.
Transforming jetified-paging-compose-3.2.1-api.jar with IdentityTransform
Transforming jetified-paging-compose-3.2.1-api.jar with CopyTransform
Caching disabled for IdentityTransform: C:\Users\user\.gradle\caches\transforms-3\a49001015767a117614e86a7341ef03d\transformed\jetified-jetified-material3-release-api.jar because:
  Build cache is disabled
Transforming jetified-paging-runtime-ktx-3.2.1-api.jar with IdentityTransform
Skipping IdentityTransform: C:\Users\user\.gradle\caches\transforms-3\a49001015767a117614e86a7341ef03d\transformed\jetified-jetified-material3-release-api.jar as it is up-to-date.
Transforming jetified-paging-runtime-ktx-3.2.1-api.jar with CopyTransform
Caching disabled for AggregatedPackagesTransform: C:\Users\user\.gradle\caches\transforms-3\418364b04c74ce5a041817a78772be06\transformed\jetified-paging-runtime-3.2.1-api.jar because:
  Build cache is disabled
Skipping AggregatedPackagesTransform: C:\Users\user\.gradle\caches\transforms-3\418364b04c74ce5a041817a78772be06\transformed\jetified-paging-runtime-3.2.1-api.jar as it is up-to-date.
Caching disabled for AggregatedPackagesTransform: C:\Users\user\.gradle\caches\transforms-3\3ef47d6968f914e8de70b852f26633cd\transformed\jetified-jetified-paging-common-ktx-3.2.1.jar because:
  Build cache is disabled
Transforming jetified-material3-release-api.jar with IdentityTransform
Skipping AggregatedPackagesTransform: C:\Users\user\.gradle\caches\transforms-3\3ef47d6968f914e8de70b852f26633cd\transformed\jetified-jetified-paging-common-ktx-3.2.1.jar as it is up-to-date.
Transforming jetified-material3-release-api.jar with CopyTransform
Caching disabled for JetifyTransform: C:\Users\user\.gradle\caches\transforms-3\e6f5ef55846e8e2e58e794bc0547580b\transformed\jetified-material-release-api.jar because:
  Build cache is disabled
Caching disabled for JetifyTransform: C:\Users\user\.gradle\caches\transforms-3\0aa56702d8de5d3f89c3a8889209e38c\transformed\jetified-material-icons-core-release-api.jar because:
  Build cache is disabled
Skipping JetifyTransform: C:\Users\user\.gradle\caches\transforms-3\e6f5ef55846e8e2e58e794bc0547580b\transformed\jetified-material-release-api.jar as it is up-to-date.
Skipping JetifyTransform: C:\Users\user\.gradle\caches\transforms-3\0aa56702d8de5d3f89c3a8889209e38c\transformed\jetified-material-icons-core-release-api.jar as it is up-to-date.
Caching disabled for IdentityTransform: C:\Users\user\.gradle\caches\transforms-3\9499ef3bc52fc7c247cd35ef37b96109\transformed\jetified-jetified-material-ripple-release-api.jar because:
  Build cache is disabled
Caching disabled for JetifyTransform: C:\Users\user\.gradle\caches\transforms-3\df79b6c2f1f03c92ecc0aacfe64cbe04\transformed\jetified-coil-compose-2.5.0-api.jar because:
  Build cache is disabled
Skipping IdentityTransform: C:\Users\user\.gradle\caches\transforms-3\9499ef3bc52fc7c247cd35ef37b96109\transformed\jetified-jetified-material-ripple-release-api.jar as it is up-to-date.
Transforming jetified-material-release-api.jar with IdentityTransform
Transforming jetified-material-icons-core-release-api.jar with IdentityTransform
Skipping JetifyTransform: C:\Users\user\.gradle\caches\transforms-3\df79b6c2f1f03c92ecc0aacfe64cbe04\transformed\jetified-coil-compose-2.5.0-api.jar as it is up-to-date.
Caching disabled for JetifyTransform: C:\Users\user\.gradle\caches\transforms-3\4ac012c8e725f3bcc201d41b3e111eaa\transformed\jetified-foundation-layout-release-api.jar because:
  Build cache is disabled
Skipping JetifyTransform: C:\Users\user\.gradle\caches\transforms-3\4ac012c8e725f3bcc201d41b3e111eaa\transformed\jetified-foundation-layout-release-api.jar as it is up-to-date.
Transforming jetified-material-ripple-release-api.jar with IdentityTransform
Transforming jetified-material-ripple-release-api.jar with CopyTransform
Transforming jetified-coil-compose-2.5.0-api.jar with IdentityTransform
Transforming jetified-foundation-layout-release-api.jar with IdentityTransform
Caching disabled for CopyTransform: C:\Users\user\.gradle\caches\transforms-3\6eec32765a0e17ab3ed95c5c1e1871f4\transformed\jetified-jetified-paging-runtime-ktx-3.2.1-api.jar because:
  Build cache is disabled
Caching disabled for JetifyTransform: C:\Users\user\.gradle\caches\transforms-3\632527dce4695115ee6b44a335f62b5e\transformed\jetified-coil-compose-base-2.5.0-api.jar because:
  Build cache is disabled
Skipping CopyTransform: C:\Users\user\.gradle\caches\transforms-3\6eec32765a0e17ab3ed95c5c1e1871f4\transformed\jetified-jetified-paging-runtime-ktx-3.2.1-api.jar as it is up-to-date.
Skipping JetifyTransform: C:\Users\user\.gradle\caches\transforms-3\632527dce4695115ee6b44a335f62b5e\transformed\jetified-coil-compose-base-2.5.0-api.jar as it is up-to-date.
Transforming jetified-paging-runtime-ktx-3.2.1-api.jar with AggregatedPackagesTransform
Caching disabled for JetifyTransform: C:\Users\user\.gradle\caches\transforms-3\2b579740c6b4009340f0c3eb5aa52c79\transformed\jetified-foundation-release-api.jar because:
  Build cache is disabled
Transforming jetified-coil-compose-base-2.5.0-api.jar with IdentityTransform
Skipping JetifyTransform: C:\Users\user\.gradle\caches\transforms-3\2b579740c6b4009340f0c3eb5aa52c79\transformed\jetified-foundation-release-api.jar as it is up-to-date.
Transforming jetified-foundation-release-api.jar with IdentityTransform
Caching disabled for JetifyTransform: C:\Users\user\.gradle\caches\transforms-3\c471a02f0ff4f459b664e2677586df60\transformed\jetified-animation-core-release-api.jar because:
  Build cache is disabled
Skipping JetifyTransform: C:\Users\user\.gradle\caches\transforms-3\c471a02f0ff4f459b664e2677586df60\transformed\jetified-animation-core-release-api.jar as it is up-to-date.
Caching disabled for CopyTransform: C:\Users\user\.gradle\caches\transforms-3\f0d0de677d57a6adcf79acae3a8c2d71\transformed\jetified-jetified-paging-compose-3.2.1-api.jar because:
  Build cache is disabled
Skipping CopyTransform: C:\Users\user\.gradle\caches\transforms-3\f0d0de677d57a6adcf79acae3a8c2d71\transformed\jetified-jetified-paging-compose-3.2.1-api.jar as it is up-to-date.
Transforming jetified-animation-core-release-api.jar with IdentityTransform
Caching disabled for CopyTransform: C:\Users\user\.gradle\caches\transforms-3\a49001015767a117614e86a7341ef03d\transformed\jetified-jetified-material3-release-api.jar because:
  Build cache is disabled
Transforming jetified-paging-compose-3.2.1-api.jar with AggregatedPackagesTransform
Skipping CopyTransform: C:\Users\user\.gradle\caches\transforms-3\a49001015767a117614e86a7341ef03d\transformed\jetified-jetified-material3-release-api.jar as it is up-to-date.
Transforming jetified-material3-release-api.jar with AggregatedPackagesTransform
Caching disabled for JetifyTransform: C:\Users\user\.gradle\caches\transforms-3\f7880a7d6293967080bff58b168589a9\transformed\jetified-animation-release-api.jar because:
  Build cache is disabled
Skipping JetifyTransform: C:\Users\user\.gradle\caches\transforms-3\f7880a7d6293967080bff58b168589a9\transformed\jetified-animation-release-api.jar as it is up-to-date.
Caching disabled for IdentityTransform: C:\Users\user\.gradle\caches\transforms-3\0e031c7f4a7ddc5259fae9da437553ee\transformed\jetified-jetified-foundation-layout-release-api.jar because:
  Build cache is disabled
Caching disabled for IdentityTransform: C:\Users\user\.gradle\caches\transforms-3\dbf58c4611f43be84b4b11177aeba207\transformed\jetified-jetified-coil-compose-base-2.5.0-api.jar because:
  Build cache is disabled
Skipping IdentityTransform: C:\Users\user\.gradle\caches\transforms-3\0e031c7f4a7ddc5259fae9da437553ee\transformed\jetified-jetified-foundation-layout-release-api.jar as it is up-to-date.
Caching disabled for IdentityTransform: C:\Users\user\.gradle\caches\transforms-3\badc1738853e2d0bbd5c91c60b61aab6\transformed\jetified-jetified-coil-compose-2.5.0-api.jar because:
  Build cache is disabled
Skipping IdentityTransform: C:\Users\user\.gradle\caches\transforms-3\badc1738853e2d0bbd5c91c60b61aab6\transformed\jetified-jetified-coil-compose-2.5.0-api.jar as it is up-to-date.
Caching disabled for IdentityTransform: C:\Users\user\.gradle\caches\transforms-3\2a362fdb09b3a598fa697fbc20d6abd7\transformed\jetified-jetified-foundation-release-api.jar because:
  Build cache is disabled
Transforming jetified-foundation-layout-release-api.jar with IdentityTransform
Skipping IdentityTransform: C:\Users\user\.gradle\caches\transforms-3\2a362fdb09b3a598fa697fbc20d6abd7\transformed\jetified-jetified-foundation-release-api.jar as it is up-to-date.
Transforming jetified-foundation-layout-release-api.jar with CopyTransform
Transforming jetified-coil-compose-2.5.0-api.jar with IdentityTransform
Caching disabled for AggregatedPackagesTransform: C:\Users\user\.gradle\caches\transforms-3\6eec32765a0e17ab3ed95c5c1e1871f4\transformed\jetified-jetified-paging-runtime-ktx-3.2.1-api.jar because:
  Build cache is disabled
Transforming jetified-coil-compose-2.5.0-api.jar with CopyTransform
Caching disabled for IdentityTransform: C:\Users\user\.gradle\caches\transforms-3\cf6227c5cb05b303a6227de14e275a5a\transformed\jetified-jetified-material-icons-core-release-api.jar because:
  Build cache is disabled
Skipping IdentityTransform: C:\Users\user\.gradle\caches\transforms-3\cf6227c5cb05b303a6227de14e275a5a\transformed\jetified-jetified-material-icons-core-release-api.jar as it is up-to-date.
Caching disabled for AggregatedPackagesTransform: C:\Users\user\.gradle\caches\transforms-3\f0d0de677d57a6adcf79acae3a8c2d71\transformed\jetified-jetified-paging-compose-3.2.1-api.jar because:
  Build cache is disabled
Transforming jetified-animation-release-api.jar with IdentityTransform
Skipping AggregatedPackagesTransform: C:\Users\user\.gradle\caches\transforms-3\f0d0de677d57a6adcf79acae3a8c2d71\transformed\jetified-jetified-paging-compose-3.2.1-api.jar as it is up-to-date.
Caching disabled for CopyTransform: C:\Users\user\.gradle\caches\transforms-3\9499ef3bc52fc7c247cd35ef37b96109\transformed\jetified-jetified-material-ripple-release-api.jar because:
  Build cache is disabled
Transforming jetified-material-icons-core-release-api.jar with IdentityTransform
Skipping CopyTransform: C:\Users\user\.gradle\caches\transforms-3\9499ef3bc52fc7c247cd35ef37b96109\transformed\jetified-jetified-material-ripple-release-api.jar as it is up-to-date.
Caching disabled for AggregatedPackagesTransform: C:\Users\user\.gradle\caches\transforms-3\a49001015767a117614e86a7341ef03d\transformed\jetified-jetified-material3-release-api.jar because:
  Build cache is disabled
Skipping AggregatedPackagesTransform: C:\Users\user\.gradle\caches\transforms-3\a49001015767a117614e86a7341ef03d\transformed\jetified-jetified-material3-release-api.jar as it is up-to-date.
Transforming jetified-material-ripple-release-api.jar with AggregatedPackagesTransform
Caching disabled for IdentityTransform: C:\Users\user\.gradle\caches\transforms-3\f874a2ca93b1b7415d787683911100e6\transformed\jetified-jetified-animation-core-release-api.jar because:
  Build cache is disabled
Skipping IdentityTransform: C:\Users\user\.gradle\caches\transforms-3\dbf58c4611f43be84b4b11177aeba207\transformed\jetified-jetified-coil-compose-base-2.5.0-api.jar as it is up-to-date.
Caching disabled for CopyTransform: C:\Users\user\.gradle\caches\transforms-3\badc1738853e2d0bbd5c91c60b61aab6\transformed\jetified-jetified-coil-compose-2.5.0-api.jar because:
  Build cache is disabled
Skipping IdentityTransform: C:\Users\user\.gradle\caches\transforms-3\f874a2ca93b1b7415d787683911100e6\transformed\jetified-jetified-animation-core-release-api.jar as it is up-to-date.
Caching disabled for IdentityTransform: C:\Users\user\.gradle\caches\transforms-3\ed2d4b6d24e966543987bad75bf15fc2\transformed\jetified-jetified-material-release-api.jar because:
  Build cache is disabled
Transforming jetified-coil-compose-base-2.5.0-api.jar with IdentityTransform
Skipping IdentityTransform: C:\Users\user\.gradle\caches\transforms-3\ed2d4b6d24e966543987bad75bf15fc2\transformed\jetified-jetified-material-release-api.jar as it is up-to-date.
Skipping CopyTransform: C:\Users\user\.gradle\caches\transforms-3\badc1738853e2d0bbd5c91c60b61aab6\transformed\jetified-jetified-coil-compose-2.5.0-api.jar as it is up-to-date.
Caching disabled for IdentityTransform: C:\Users\user\.gradle\caches\transforms-3\297da4ed3682e8f38bed38f1136dccf7\transformed\jetified-jetified-animation-release-api.jar because:
  Build cache is disabled
Caching disabled for CopyTransform: C:\Users\user\.gradle\caches\transforms-3\0e031c7f4a7ddc5259fae9da437553ee\transformed\jetified-jetified-foundation-layout-release-api.jar because:
  Build cache is disabled
Skipping IdentityTransform: C:\Users\user\.gradle\caches\transforms-3\297da4ed3682e8f38bed38f1136dccf7\transformed\jetified-jetified-animation-release-api.jar as it is up-to-date.
Transforming jetified-material-icons-core-release-api.jar with CopyTransform
Caching disabled for JetifyTransform: C:\Users\user\.gradle\caches\transforms-3\8c03f65f6ff502ff4ce9f214a9bb5979\transformed\jetified-ui-util-release-api.jar because:
  Build cache is disabled
Transforming jetified-foundation-release-api.jar with IdentityTransform
Skipping AggregatedPackagesTransform: C:\Users\user\.gradle\caches\transforms-3\6eec32765a0e17ab3ed95c5c1e1871f4\transformed\jetified-jetified-paging-runtime-ktx-3.2.1-api.jar as it is up-to-date.
Transforming jetified-foundation-release-api.jar with CopyTransform
Caching disabled for JetifyTransform: C:\Users\user\.gradle\caches\transforms-3\80d5f4751bd84a81d7fe87ef2ae20a94\transformed\jetified-ui-unit-release-api.jar because:
  Build cache is disabled
Transforming jetified-coil-compose-2.5.0-api.jar with AggregatedPackagesTransform
Skipping JetifyTransform: C:\Users\user\.gradle\caches\transforms-3\80d5f4751bd84a81d7fe87ef2ae20a94\transformed\jetified-ui-unit-release-api.jar as it is up-to-date.
Skipping JetifyTransform: C:\Users\user\.gradle\caches\transforms-3\8c03f65f6ff502ff4ce9f214a9bb5979\transformed\jetified-ui-util-release-api.jar as it is up-to-date.
Caching disabled for AggregatedPackagesTransform: C:\Users\user\.gradle\caches\transforms-3\9499ef3bc52fc7c247cd35ef37b96109\transformed\jetified-jetified-material-ripple-release-api.jar because:
  Build cache is disabled
Transforming jetified-animation-release-api.jar with IdentityTransform
Skipping AggregatedPackagesTransform: C:\Users\user\.gradle\caches\transforms-3\9499ef3bc52fc7c247cd35ef37b96109\transformed\jetified-jetified-material-ripple-release-api.jar as it is up-to-date.
Transforming jetified-animation-release-api.jar with CopyTransform
Transforming jetified-ui-unit-release-api.jar with IdentityTransform
Skipping CopyTransform: C:\Users\user\.gradle\caches\transforms-3\0e031c7f4a7ddc5259fae9da437553ee\transformed\jetified-jetified-foundation-layout-release-api.jar as it is up-to-date.
Transforming jetified-material-release-api.jar with IdentityTransform
Transforming jetified-animation-core-release-api.jar with IdentityTransform
Transforming jetified-material-release-api.jar with CopyTransform
Transforming jetified-coil-compose-base-2.5.0-api.jar with CopyTransform
Transforming jetified-animation-core-release-api.jar with CopyTransform
Transforming jetified-foundation-layout-release-api.jar with AggregatedPackagesTransform
Transforming jetified-ui-util-release-api.jar with IdentityTransform
Caching disabled for CopyTransform: C:\Users\user\.gradle\caches\transforms-3\2a362fdb09b3a598fa697fbc20d6abd7\transformed\jetified-jetified-foundation-release-api.jar because:
  Build cache is disabled
Caching disabled for AggregatedPackagesTransform: C:\Users\user\.gradle\caches\transforms-3\badc1738853e2d0bbd5c91c60b61aab6\transformed\jetified-jetified-coil-compose-2.5.0-api.jar because:
  Build cache is disabled
Skipping CopyTransform: C:\Users\user\.gradle\caches\transforms-3\2a362fdb09b3a598fa697fbc20d6abd7\transformed\jetified-jetified-foundation-release-api.jar as it is up-to-date.
Skipping AggregatedPackagesTransform: C:\Users\user\.gradle\caches\transforms-3\badc1738853e2d0bbd5c91c60b61aab6\transformed\jetified-jetified-coil-compose-2.5.0-api.jar as it is up-to-date.
Transforming jetified-foundation-release-api.jar with AggregatedPackagesTransform
Caching disabled for CopyTransform: C:\Users\user\.gradle\caches\transforms-3\cf6227c5cb05b303a6227de14e275a5a\transformed\jetified-jetified-material-icons-core-release-api.jar because:
  Build cache is disabled
Skipping CopyTransform: C:\Users\user\.gradle\caches\transforms-3\cf6227c5cb05b303a6227de14e275a5a\transformed\jetified-jetified-material-icons-core-release-api.jar as it is up-to-date.
Caching disabled for IdentityTransform: C:\Users\user\.gradle\caches\transforms-3\da60912b68ddab900ab77782dea58e84\transformed\jetified-jetified-ui-unit-release-api.jar because:
  Build cache is disabled
Caching disabled for JetifyTransform: C:\Users\user\.gradle\caches\transforms-3\304c97c13454032cb0451d212a6a910a\transformed\jetified-ui-text-release-api.jar because:
  Build cache is disabled
Caching disabled for AggregatedPackagesTransform: C:\Users\user\.gradle\caches\transforms-3\0e031c7f4a7ddc5259fae9da437553ee\transformed\jetified-jetified-foundation-layout-release-api.jar because:
  Build cache is disabled
Skipping JetifyTransform: C:\Users\user\.gradle\caches\transforms-3\304c97c13454032cb0451d212a6a910a\transformed\jetified-ui-text-release-api.jar as it is up-to-date.
Caching disabled for IdentityTransform: C:\Users\user\.gradle\caches\transforms-3\09976df52901ea685ff9dcaae2af2786\transformed\jetified-jetified-ui-util-release-api.jar because:
  Build cache is disabled
Caching disabled for CopyTransform: C:\Users\user\.gradle\caches\transforms-3\f874a2ca93b1b7415d787683911100e6\transformed\jetified-jetified-animation-core-release-api.jar because:
  Build cache is disabled
Caching disabled for CopyTransform: C:\Users\user\.gradle\caches\transforms-3\dbf58c4611f43be84b4b11177aeba207\transformed\jetified-jetified-coil-compose-base-2.5.0-api.jar because:
  Build cache is disabled
Caching disabled for JetifyTransform: C:\Users\user\.gradle\caches\transforms-3\880530f06dd32c288c155f3c96332039\transformed\jetified-ui-geometry-release-api.jar because:
  Build cache is disabled
Skipping CopyTransform: C:\Users\user\.gradle\caches\transforms-3\dbf58c4611f43be84b4b11177aeba207\transformed\jetified-jetified-coil-compose-base-2.5.0-api.jar as it is up-to-date.
Transforming jetified-ui-text-release-api.jar with IdentityTransform
Caching disabled for CopyTransform: C:\Users\user\.gradle\caches\transforms-3\297da4ed3682e8f38bed38f1136dccf7\transformed\jetified-jetified-animation-release-api.jar because:
  Build cache is disabled
Transforming jetified-material-icons-core-release-api.jar with AggregatedPackagesTransform
Skipping CopyTransform: C:\Users\user\.gradle\caches\transforms-3\297da4ed3682e8f38bed38f1136dccf7\transformed\jetified-jetified-animation-release-api.jar as it is up-to-date.
Caching disabled for AggregatedPackagesTransform: C:\Users\user\.gradle\caches\transforms-3\2a362fdb09b3a598fa697fbc20d6abd7\transformed\jetified-jetified-foundation-release-api.jar because:
  Build cache is disabled
Caching disabled for CopyTransform: C:\Users\user\.gradle\caches\transforms-3\ed2d4b6d24e966543987bad75bf15fc2\transformed\jetified-jetified-material-release-api.jar because:
  Build cache is disabled
Skipping JetifyTransform: C:\Users\user\.gradle\caches\transforms-3\880530f06dd32c288c155f3c96332039\transformed\jetified-ui-geometry-release-api.jar as it is up-to-date.
Skipping CopyTransform: C:\Users\user\.gradle\caches\transforms-3\f874a2ca93b1b7415d787683911100e6\transformed\jetified-jetified-animation-core-release-api.jar as it is up-to-date.
Caching disabled for JetifyTransform: C:\Users\user\.gradle\caches\transforms-3\6cecaccb3c6b6ed956dabefc6dce9741\transformed\jetified-ui-graphics-release-api.jar because:
  Build cache is disabled
Skipping IdentityTransform: C:\Users\user\.gradle\caches\transforms-3\da60912b68ddab900ab77782dea58e84\transformed\jetified-jetified-ui-unit-release-api.jar as it is up-to-date.
Skipping JetifyTransform: C:\Users\user\.gradle\caches\transforms-3\6cecaccb3c6b6ed956dabefc6dce9741\transformed\jetified-ui-graphics-release-api.jar as it is up-to-date.
Skipping IdentityTransform: C:\Users\user\.gradle\caches\transforms-3\09976df52901ea685ff9dcaae2af2786\transformed\jetified-jetified-ui-util-release-api.jar as it is up-to-date.
Transforming jetified-animation-core-release-api.jar with AggregatedPackagesTransform
Transforming jetified-ui-geometry-release-api.jar with IdentityTransform
Skipping AggregatedPackagesTransform: C:\Users\user\.gradle\caches\transforms-3\0e031c7f4a7ddc5259fae9da437553ee\transformed\jetified-jetified-foundation-layout-release-api.jar as it is up-to-date.
Transforming jetified-ui-unit-release-api.jar with IdentityTransform
Transforming jetified-ui-graphics-release-api.jar with IdentityTransform
Transforming jetified-ui-unit-release-api.jar with CopyTransform
Transforming jetified-animation-release-api.jar with AggregatedPackagesTransform
Skipping CopyTransform: C:\Users\user\.gradle\caches\transforms-3\ed2d4b6d24e966543987bad75bf15fc2\transformed\jetified-jetified-material-release-api.jar as it is up-to-date.
Transforming jetified-coil-compose-base-2.5.0-api.jar with AggregatedPackagesTransform
Skipping AggregatedPackagesTransform: C:\Users\user\.gradle\caches\transforms-3\2a362fdb09b3a598fa697fbc20d6abd7\transformed\jetified-jetified-foundation-release-api.jar as it is up-to-date.
Transforming jetified-ui-util-release-api.jar with IdentityTransform
Caching disabled for AggregatedPackagesTransform: C:\Users\user\.gradle\caches\transforms-3\cf6227c5cb05b303a6227de14e275a5a\transformed\jetified-jetified-material-icons-core-release-api.jar because:
  Build cache is disabled
Transforming jetified-material-release-api.jar with AggregatedPackagesTransform
Transforming jetified-ui-util-release-api.jar with CopyTransform
Caching disabled for IdentityTransform: C:\Users\user\.gradle\caches\transforms-3\ee7373004d5a6ac94387674508c7abd5\transformed\jetified-jetified-ui-text-release-api.jar because:
  Build cache is disabled
Skipping AggregatedPackagesTransform: C:\Users\user\.gradle\caches\transforms-3\cf6227c5cb05b303a6227de14e275a5a\transformed\jetified-jetified-material-icons-core-release-api.jar as it is up-to-date.
Skipping IdentityTransform: C:\Users\user\.gradle\caches\transforms-3\ee7373004d5a6ac94387674508c7abd5\transformed\jetified-jetified-ui-text-release-api.jar as it is up-to-date.
Transforming jetified-ui-text-release-api.jar with IdentityTransform
Transforming jetified-ui-text-release-api.jar with CopyTransform
Caching disabled for AggregatedPackagesTransform: C:\Users\user\.gradle\caches\transforms-3\f874a2ca93b1b7415d787683911100e6\transformed\jetified-jetified-animation-core-release-api.jar because:
  Build cache is disabled
Skipping AggregatedPackagesTransform: C:\Users\user\.gradle\caches\transforms-3\f874a2ca93b1b7415d787683911100e6\transformed\jetified-jetified-animation-core-release-api.jar as it is up-to-date.
Caching disabled for IdentityTransform: C:\Users\user\.gradle\caches\transforms-3\8a2eae9069fcd5c93d9c8da477b70810\transformed\jetified-jetified-ui-graphics-release-api.jar because:
  Build cache is disabled
Skipping IdentityTransform: C:\Users\user\.gradle\caches\transforms-3\8a2eae9069fcd5c93d9c8da477b70810\transformed\jetified-jetified-ui-graphics-release-api.jar as it is up-to-date.
Transforming jetified-ui-graphics-release-api.jar with IdentityTransform
Transforming jetified-ui-graphics-release-api.jar with CopyTransform
Caching disabled for CopyTransform: C:\Users\user\.gradle\caches\transforms-3\da60912b68ddab900ab77782dea58e84\transformed\jetified-jetified-ui-unit-release-api.jar because:
  Build cache is disabled
Caching disabled for AggregatedPackagesTransform: C:\Users\user\.gradle\caches\transforms-3\dbf58c4611f43be84b4b11177aeba207\transformed\jetified-jetified-coil-compose-base-2.5.0-api.jar because:
  Build cache is disabled
Skipping CopyTransform: C:\Users\user\.gradle\caches\transforms-3\da60912b68ddab900ab77782dea58e84\transformed\jetified-jetified-ui-unit-release-api.jar as it is up-to-date.
Skipping AggregatedPackagesTransform: C:\Users\user\.gradle\caches\transforms-3\dbf58c4611f43be84b4b11177aeba207\transformed\jetified-jetified-coil-compose-base-2.5.0-api.jar as it is up-to-date.
Caching disabled for JetifyTransform: C:\Users\user\.gradle\caches\transforms-3\7ce0da08bb9e48a6033667008f497f3e\transformed\jetified-ui-release-api.jar because:
  Build cache is disabled
Caching disabled for AggregatedPackagesTransform: C:\Users\user\.gradle\caches\transforms-3\297da4ed3682e8f38bed38f1136dccf7\transformed\jetified-jetified-animation-release-api.jar because:
  Build cache is disabled
Transforming jetified-ui-unit-release-api.jar with AggregatedPackagesTransform
Skipping AggregatedPackagesTransform: C:\Users\user\.gradle\caches\transforms-3\297da4ed3682e8f38bed38f1136dccf7\transformed\jetified-jetified-animation-release-api.jar as it is up-to-date.
Skipping JetifyTransform: C:\Users\user\.gradle\caches\transforms-3\7ce0da08bb9e48a6033667008f497f3e\transformed\jetified-ui-release-api.jar as it is up-to-date.
Caching disabled for JetifyTransform: C:\Users\user\.gradle\caches\transforms-3\e12166c81d63a751e832141fd0705a8f\transformed\jetified-ui-tooling-preview-release-api.jar because:
  Build cache is disabled
Caching disabled for CopyTransform: C:\Users\user\.gradle\caches\transforms-3\09976df52901ea685ff9dcaae2af2786\transformed\jetified-jetified-ui-util-release-api.jar because:
  Build cache is disabled
Transforming jetified-ui-release-api.jar with IdentityTransform
Skipping CopyTransform: C:\Users\user\.gradle\caches\transforms-3\09976df52901ea685ff9dcaae2af2786\transformed\jetified-jetified-ui-util-release-api.jar as it is up-to-date.
Skipping JetifyTransform: C:\Users\user\.gradle\caches\transforms-3\e12166c81d63a751e832141fd0705a8f\transformed\jetified-ui-tooling-preview-release-api.jar as it is up-to-date.
Caching disabled for AggregatedPackagesTransform: C:\Users\user\.gradle\caches\transforms-3\ed2d4b6d24e966543987bad75bf15fc2\transformed\jetified-jetified-material-release-api.jar because:
  Build cache is disabled
Caching disabled for JetifyTransform: C:\Users\user\.gradle\caches\transforms-3\085668034b74f7ae76423a26409f6a29\transformed\jetified-runtime-saveable-release-api.jar because:
  Build cache is disabled
Skipping AggregatedPackagesTransform: C:\Users\user\.gradle\caches\transforms-3\ed2d4b6d24e966543987bad75bf15fc2\transformed\jetified-jetified-material-release-api.jar as it is up-to-date.
Transforming jetified-ui-util-release-api.jar with AggregatedPackagesTransform
Caching disabled for IdentityTransform: C:\Users\user\.gradle\caches\transforms-3\fec6245d8894ca8f26300818e3b60f9e\transformed\jetified-jetified-ui-geometry-release-api.jar because:
  Build cache is disabled
Skipping JetifyTransform: C:\Users\user\.gradle\caches\transforms-3\085668034b74f7ae76423a26409f6a29\transformed\jetified-runtime-saveable-release-api.jar as it is up-to-date.
Skipping IdentityTransform: C:\Users\user\.gradle\caches\transforms-3\fec6245d8894ca8f26300818e3b60f9e\transformed\jetified-jetified-ui-geometry-release-api.jar as it is up-to-date.
Transforming jetified-runtime-saveable-release-api.jar with IdentityTransform
Transforming jetified-ui-geometry-release-api.jar with IdentityTransform
Caching disabled for JetifyTransform: C:\Users\user\.gradle\caches\transforms-3\6a586d1db000328b60e9e007d453b858\transformed\jetified-runtime-release-api.jar because:
  Build cache is disabled
Transforming jetified-ui-tooling-preview-release-api.jar with IdentityTransform
Skipping JetifyTransform: C:\Users\user\.gradle\caches\transforms-3\6a586d1db000328b60e9e007d453b858\transformed\jetified-runtime-release-api.jar as it is up-to-date.
Transforming jetified-ui-geometry-release-api.jar with CopyTransform
Caching disabled for CopyTransform: C:\Users\user\.gradle\caches\transforms-3\8a2eae9069fcd5c93d9c8da477b70810\transformed\jetified-jetified-ui-graphics-release-api.jar because:
  Build cache is disabled
Caching disabled for CopyTransform: C:\Users\user\.gradle\caches\transforms-3\ee7373004d5a6ac94387674508c7abd5\transformed\jetified-jetified-ui-text-release-api.jar because:
  Build cache is disabled
Skipping CopyTransform: C:\Users\user\.gradle\caches\transforms-3\8a2eae9069fcd5c93d9c8da477b70810\transformed\jetified-jetified-ui-graphics-release-api.jar as it is up-to-date.
Skipping CopyTransform: C:\Users\user\.gradle\caches\transforms-3\ee7373004d5a6ac94387674508c7abd5\transformed\jetified-jetified-ui-text-release-api.jar as it is up-to-date.
Caching disabled for AggregatedPackagesTransform: C:\Users\user\.gradle\caches\transforms-3\da60912b68ddab900ab77782dea58e84\transformed\jetified-jetified-ui-unit-release-api.jar because:
  Build cache is disabled
Caching disabled for AggregatedPackagesTransform: C:\Users\user\.gradle\caches\transforms-3\09976df52901ea685ff9dcaae2af2786\transformed\jetified-jetified-ui-util-release-api.jar because:
  Build cache is disabled
Caching disabled for JetifyTransform: C:\Users\user\.gradle\caches\transforms-3\9699cb158169186684509a88237060e6\transformed\jetified-appcompat-resources-1.6.1-api.jar because:
  Build cache is disabled
Transforming jetified-ui-graphics-release-api.jar with AggregatedPackagesTransform
Transforming jetified-ui-text-release-api.jar with AggregatedPackagesTransform
Caching disabled for JetifyTransform: C:\Users\user\.gradle\caches\transforms-3\07c42d6bf1e9de50e0cbc2296de3371e\transformed\jetified-runtime-livedata-1.6.1-api.jar because:
  Build cache is disabled
Skipping JetifyTransform: C:\Users\user\.gradle\caches\transforms-3\9699cb158169186684509a88237060e6\transformed\jetified-appcompat-resources-1.6.1-api.jar as it is up-to-date.
Skipping AggregatedPackagesTransform: C:\Users\user\.gradle\caches\transforms-3\09976df52901ea685ff9dcaae2af2786\transformed\jetified-jetified-ui-util-release-api.jar as it is up-to-date.
Skipping AggregatedPackagesTransform: C:\Users\user\.gradle\caches\transforms-3\da60912b68ddab900ab77782dea58e84\transformed\jetified-jetified-ui-unit-release-api.jar as it is up-to-date.
Caching disabled for JetifyTransform: C:\Users\user\.gradle\caches\transforms-3\435eb49610f7431757b855d6fd0b7f34\transformed\drawerlayout-1.1.1-api.jar because:
  Build cache is disabled
Skipping JetifyTransform: C:\Users\user\.gradle\caches\transforms-3\07c42d6bf1e9de50e0cbc2296de3371e\transformed\jetified-runtime-livedata-1.6.1-api.jar as it is up-to-date.
Skipping JetifyTransform: C:\Users\user\.gradle\caches\transforms-3\435eb49610f7431757b855d6fd0b7f34\transformed\drawerlayout-1.1.1-api.jar as it is up-to-date.
Transforming jetified-appcompat-resources-1.6.1-api.jar with IdentityTransform
Transforming jetified-runtime-release-api.jar with IdentityTransform
Caching disabled for IdentityTransform: C:\Users\user\.gradle\caches\transforms-3\b7e5a409892912ea78551be5d82d3ccc\transformed\jetified-jetified-ui-release-api.jar because:
  Build cache is disabled
Transforming jetified-runtime-livedata-1.6.1-api.jar with IdentityTransform
Skipping IdentityTransform: C:\Users\user\.gradle\caches\transforms-3\b7e5a409892912ea78551be5d82d3ccc\transformed\jetified-jetified-ui-release-api.jar as it is up-to-date.
Transforming jetified-ui-release-api.jar with IdentityTransform
Transforming jetified-ui-release-api.jar with CopyTransform
Caching disabled for IdentityTransform: C:\Users\user\.gradle\caches\transforms-3\f6f1732033eea818c4827eee30b33842\transformed\jetified-jetified-ui-tooling-preview-release-api.jar because:
  Build cache is disabled
Caching disabled for AggregatedPackagesTransform: C:\Users\user\.gradle\caches\transforms-3\8a2eae9069fcd5c93d9c8da477b70810\transformed\jetified-jetified-ui-graphics-release-api.jar because:
  Build cache is disabled
Transforming drawerlayout-1.1.1-api.jar with IdentityTransform
Skipping AggregatedPackagesTransform: C:\Users\user\.gradle\caches\transforms-3\8a2eae9069fcd5c93d9c8da477b70810\transformed\jetified-jetified-ui-graphics-release-api.jar as it is up-to-date.
Caching disabled for IdentityTransform: C:\Users\user\.gradle\caches\transforms-3\93c3c82e4cd5998cbc76ff8e93100c29\transformed\jetified-jetified-runtime-saveable-release-api.jar because:
  Build cache is disabled
Caching disabled for CopyTransform: C:\Users\user\.gradle\caches\transforms-3\fec6245d8894ca8f26300818e3b60f9e\transformed\jetified-jetified-ui-geometry-release-api.jar because:
  Build cache is disabled
Caching disabled for JetifyTransform: C:\Users\user\.gradle\caches\transforms-3\06ba35993a31107d2ce8c81e65ebc0a4\transformed\coordinatorlayout-1.1.0-api.jar because:
  Build cache is disabled
Caching disabled for AggregatedPackagesTransform: C:\Users\user\.gradle\caches\transforms-3\ee7373004d5a6ac94387674508c7abd5\transformed\jetified-jetified-ui-text-release-api.jar because:
  Build cache is disabled
Skipping JetifyTransform: C:\Users\user\.gradle\caches\transforms-3\06ba35993a31107d2ce8c81e65ebc0a4\transformed\coordinatorlayout-1.1.0-api.jar as it is up-to-date.
Skipping IdentityTransform: C:\Users\user\.gradle\caches\transforms-3\93c3c82e4cd5998cbc76ff8e93100c29\transformed\jetified-jetified-runtime-saveable-release-api.jar as it is up-to-date.
Caching disabled for IdentityTransform: C:\Users\user\.gradle\caches\transforms-3\92771aa620b8850b75087a2fa5c132f2\transformed\jetified-jetified-runtime-livedata-1.6.1-api.jar because:
  Build cache is disabled
Caching disabled for IdentityTransform: C:\Users\user\.gradle\caches\transforms-3\c01fcefde757c008f89cb65ef80abbfc\transformed\jetified-jetified-appcompat-resources-1.6.1-api.jar because:
  Build cache is disabled
Caching disabled for CopyTransform: C:\Users\user\.gradle\caches\transforms-3\b7e5a409892912ea78551be5d82d3ccc\transformed\jetified-jetified-ui-release-api.jar because:
  Build cache is disabled
Transforming coordinatorlayout-1.1.0-api.jar with IdentityTransform
Skipping IdentityTransform: C:\Users\user\.gradle\caches\transforms-3\f6f1732033eea818c4827eee30b33842\transformed\jetified-jetified-ui-tooling-preview-release-api.jar as it is up-to-date.
Skipping CopyTransform: C:\Users\user\.gradle\caches\transforms-3\b7e5a409892912ea78551be5d82d3ccc\transformed\jetified-jetified-ui-release-api.jar as it is up-to-date.
Skipping IdentityTransform: C:\Users\user\.gradle\caches\transforms-3\c01fcefde757c008f89cb65ef80abbfc\transformed\jetified-jetified-appcompat-resources-1.6.1-api.jar as it is up-to-date.
Caching disabled for IdentityTransform: C:\Users\user\.gradle\caches\transforms-3\55f830c1a8f2b9b7b060796c7de9de67\transformed\jetified-jetified-runtime-release-api.jar because:
  Build cache is disabled
Skipping IdentityTransform: C:\Users\user\.gradle\caches\transforms-3\92771aa620b8850b75087a2fa5c132f2\transformed\jetified-jetified-runtime-livedata-1.6.1-api.jar as it is up-to-date.
Skipping AggregatedPackagesTransform: C:\Users\user\.gradle\caches\transforms-3\ee7373004d5a6ac94387674508c7abd5\transformed\jetified-jetified-ui-text-release-api.jar as it is up-to-date.
Skipping CopyTransform: C:\Users\user\.gradle\caches\transforms-3\fec6245d8894ca8f26300818e3b60f9e\transformed\jetified-jetified-ui-geometry-release-api.jar as it is up-to-date.
Transforming jetified-ui-tooling-preview-release-api.jar with IdentityTransform
Caching disabled for JetifyTransform: C:\Users\user\.gradle\caches\transforms-3\73b8057fd0bc3a0f63be7e665fbf4148\transformed\dynamicanimation-1.0.0-api.jar because:
  Build cache is disabled
Transforming jetified-ui-release-api.jar with AggregatedPackagesTransform
Skipping IdentityTransform: C:\Users\user\.gradle\caches\transforms-3\55f830c1a8f2b9b7b060796c7de9de67\transformed\jetified-jetified-runtime-release-api.jar as it is up-to-date.
Caching disabled for JetifyTransform: C:\Users\user\.gradle\caches\transforms-3\04c8eb497be33d27858744a49cd2529a\transformed\recyclerview-1.3.0-api.jar because:
  Build cache is disabled
Skipping JetifyTransform: C:\Users\user\.gradle\caches\transforms-3\04c8eb497be33d27858744a49cd2529a\transformed\recyclerview-1.3.0-api.jar as it is up-to-date.
Transforming jetified-runtime-saveable-release-api.jar with IdentityTransform
Transforming jetified-runtime-release-api.jar with IdentityTransform
Caching disabled for IdentityTransform: C:\Users\user\.gradle\caches\transforms-3\e746ad0018b7265f6bad2255239c1846\transformed\jetified-drawerlayout-1.1.1-api.jar because:
  Build cache is disabled
Transforming jetified-appcompat-resources-1.6.1-api.jar with IdentityTransform
Transforming jetified-runtime-livedata-1.6.1-api.jar with IdentityTransform
Transforming jetified-appcompat-resources-1.6.1-api.jar with CopyTransform
Transforming jetified-ui-tooling-preview-release-api.jar with CopyTransform
Transforming jetified-runtime-livedata-1.6.1-api.jar with CopyTransform
Skipping IdentityTransform: C:\Users\user\.gradle\caches\transforms-3\e746ad0018b7265f6bad2255239c1846\transformed\jetified-drawerlayout-1.1.1-api.jar as it is up-to-date.
Transforming recyclerview-1.3.0-api.jar with IdentityTransform
Transforming jetified-runtime-release-api.jar with CopyTransform
Transforming jetified-runtime-saveable-release-api.jar with CopyTransform
Transforming jetified-ui-geometry-release-api.jar with AggregatedPackagesTransform
Skipping JetifyTransform: C:\Users\user\.gradle\caches\transforms-3\73b8057fd0bc3a0f63be7e665fbf4148\transformed\dynamicanimation-1.0.0-api.jar as it is up-to-date.
Caching disabled for IdentityTransform: C:\Users\user\.gradle\caches\transforms-3\1e13e0f302c5cbf6d33299ad3dbda30d\transformed\jetified-coordinatorlayout-1.1.0-api.jar because:
  Build cache is disabled
Caching disabled for JetifyTransform: C:\Users\user\.gradle\caches\transforms-3\2935053ea8d4edb6c4a629bdec7f747f\transformed\transition-1.2.0-api.jar because:
  Build cache is disabled
Skipping IdentityTransform: C:\Users\user\.gradle\caches\transforms-3\1e13e0f302c5cbf6d33299ad3dbda30d\transformed\jetified-coordinatorlayout-1.1.0-api.jar as it is up-to-date.
Transforming drawerlayout-1.1.1-api.jar with IdentityTransform
Caching disabled for AggregatedPackagesTransform: C:\Users\user\.gradle\caches\transforms-3\b7e5a409892912ea78551be5d82d3ccc\transformed\jetified-jetified-ui-release-api.jar because:
  Build cache is disabled
Transforming dynamicanimation-1.0.0-api.jar with IdentityTransform
Skipping AggregatedPackagesTransform: C:\Users\user\.gradle\caches\transforms-3\b7e5a409892912ea78551be5d82d3ccc\transformed\jetified-jetified-ui-release-api.jar as it is up-to-date.
Transforming drawerlayout-1.1.1-api.jar with CopyTransform
Skipping JetifyTransform: C:\Users\user\.gradle\caches\transforms-3\2935053ea8d4edb6c4a629bdec7f747f\transformed\transition-1.2.0-api.jar as it is up-to-date.
Transforming transition-1.2.0-api.jar with IdentityTransform
Transforming coordinatorlayout-1.1.0-api.jar with IdentityTransform
Caching disabled for CopyTransform: C:\Users\user\.gradle\caches\transforms-3\f6f1732033eea818c4827eee30b33842\transformed\jetified-jetified-ui-tooling-preview-release-api.jar because:
  Build cache is disabled
Transforming coordinatorlayout-1.1.0-api.jar with CopyTransform
Skipping CopyTransform: C:\Users\user\.gradle\caches\transforms-3\f6f1732033eea818c4827eee30b33842\transformed\jetified-jetified-ui-tooling-preview-release-api.jar as it is up-to-date.
Transforming jetified-ui-tooling-preview-release-api.jar with AggregatedPackagesTransform
Caching disabled for CopyTransform: C:\Users\user\.gradle\caches\transforms-3\92771aa620b8850b75087a2fa5c132f2\transformed\jetified-jetified-runtime-livedata-1.6.1-api.jar because:
  Build cache is disabled
Skipping CopyTransform: C:\Users\user\.gradle\caches\transforms-3\92771aa620b8850b75087a2fa5c132f2\transformed\jetified-jetified-runtime-livedata-1.6.1-api.jar as it is up-to-date.
Caching disabled for IdentityTransform: C:\Users\user\.gradle\caches\transforms-3\df349ed617ffcce0f686bad5e593979a\transformed\jetified-recyclerview-1.3.0-api.jar because:
  Build cache is disabled
Skipping IdentityTransform: C:\Users\user\.gradle\caches\transforms-3\df349ed617ffcce0f686bad5e593979a\transformed\jetified-recyclerview-1.3.0-api.jar as it is up-to-date.
Caching disabled for CopyTransform: C:\Users\user\.gradle\caches\transforms-3\55f830c1a8f2b9b7b060796c7de9de67\transformed\jetified-jetified-runtime-release-api.jar because:
  Build cache is disabled
Transforming jetified-runtime-livedata-1.6.1-api.jar with AggregatedPackagesTransform
Skipping CopyTransform: C:\Users\user\.gradle\caches\transforms-3\55f830c1a8f2b9b7b060796c7de9de67\transformed\jetified-jetified-runtime-release-api.jar as it is up-to-date.
Caching disabled for CopyTransform: C:\Users\user\.gradle\caches\transforms-3\c01fcefde757c008f89cb65ef80abbfc\transformed\jetified-jetified-appcompat-resources-1.6.1-api.jar because:
  Build cache is disabled
Caching disabled for AggregatedPackagesTransform: C:\Users\user\.gradle\caches\transforms-3\fec6245d8894ca8f26300818e3b60f9e\transformed\jetified-jetified-ui-geometry-release-api.jar because:
  Build cache is disabled
Transforming recyclerview-1.3.0-api.jar with IdentityTransform
Skipping CopyTransform: C:\Users\user\.gradle\caches\transforms-3\c01fcefde757c008f89cb65ef80abbfc\transformed\jetified-jetified-appcompat-resources-1.6.1-api.jar as it is up-to-date.
Transforming recyclerview-1.3.0-api.jar with CopyTransform
Caching disabled for IdentityTransform: C:\Users\user\.gradle\caches\transforms-3\91900bb65c2bf7eea6a29a7d0c7acfb8\transformed\jetified-transition-1.2.0-api.jar because:
  Build cache is disabled
Caching disabled for CopyTransform: C:\Users\user\.gradle\caches\transforms-3\93c3c82e4cd5998cbc76ff8e93100c29\transformed\jetified-jetified-runtime-saveable-release-api.jar because:
  Build cache is disabled
Transforming jetified-runtime-release-api.jar with AggregatedPackagesTransform
Skipping AggregatedPackagesTransform: C:\Users\user\.gradle\caches\transforms-3\fec6245d8894ca8f26300818e3b60f9e\transformed\jetified-jetified-ui-geometry-release-api.jar as it is up-to-date.
Transforming jetified-appcompat-resources-1.6.1-api.jar with AggregatedPackagesTransform
Skipping CopyTransform: C:\Users\user\.gradle\caches\transforms-3\93c3c82e4cd5998cbc76ff8e93100c29\transformed\jetified-jetified-runtime-saveable-release-api.jar as it is up-to-date.
Skipping IdentityTransform: C:\Users\user\.gradle\caches\transforms-3\91900bb65c2bf7eea6a29a7d0c7acfb8\transformed\jetified-transition-1.2.0-api.jar as it is up-to-date.
Caching disabled for JetifyTransform: C:\Users\user\.gradle\caches\transforms-3\6e789970a3d3194d1cfbbad457aa4d28\transformed\vectordrawable-animated-1.1.0-api.jar because:
  Build cache is disabled
Skipping JetifyTransform: C:\Users\user\.gradle\caches\transforms-3\6e789970a3d3194d1cfbbad457aa4d28\transformed\vectordrawable-animated-1.1.0-api.jar as it is up-to-date.
Transforming jetified-runtime-saveable-release-api.jar with AggregatedPackagesTransform
Caching disabled for CopyTransform: C:\Users\user\.gradle\caches\transforms-3\e746ad0018b7265f6bad2255239c1846\transformed\jetified-drawerlayout-1.1.1-api.jar because:
  Build cache is disabled
Caching disabled for CopyTransform: C:\Users\user\.gradle\caches\transforms-3\1e13e0f302c5cbf6d33299ad3dbda30d\transformed\jetified-coordinatorlayout-1.1.0-api.jar because:
  Build cache is disabled
Skipping CopyTransform: C:\Users\user\.gradle\caches\transforms-3\e746ad0018b7265f6bad2255239c1846\transformed\jetified-drawerlayout-1.1.1-api.jar as it is up-to-date.
Caching disabled for AggregatedPackagesTransform: C:\Users\user\.gradle\caches\transforms-3\f6f1732033eea818c4827eee30b33842\transformed\jetified-jetified-ui-tooling-preview-release-api.jar because:
  Build cache is disabled
Caching disabled for AggregatedPackagesTransform: C:\Users\user\.gradle\caches\transforms-3\92771aa620b8850b75087a2fa5c132f2\transformed\jetified-jetified-runtime-livedata-1.6.1-api.jar because:
  Build cache is disabled
Skipping CopyTransform: C:\Users\user\.gradle\caches\transforms-3\1e13e0f302c5cbf6d33299ad3dbda30d\transformed\jetified-coordinatorlayout-1.1.0-api.jar as it is up-to-date.
Skipping AggregatedPackagesTransform: C:\Users\user\.gradle\caches\transforms-3\92771aa620b8850b75087a2fa5c132f2\transformed\jetified-jetified-runtime-livedata-1.6.1-api.jar as it is up-to-date.
Caching disabled for IdentityTransform: C:\Users\user\.gradle\caches\transforms-3\996002b17471e817abb2505b5e99e47b\transformed\jetified-dynamicanimation-1.0.0-api.jar because:
  Build cache is disabled
Transforming drawerlayout-1.1.1-api.jar with AggregatedPackagesTransform
Skipping IdentityTransform: C:\Users\user\.gradle\caches\transforms-3\996002b17471e817abb2505b5e99e47b\transformed\jetified-dynamicanimation-1.0.0-api.jar as it is up-to-date.
Transforming transition-1.2.0-api.jar with IdentityTransform
Transforming coordinatorlayout-1.1.0-api.jar with AggregatedPackagesTransform
Skipping AggregatedPackagesTransform: C:\Users\user\.gradle\caches\transforms-3\f6f1732033eea818c4827eee30b33842\transformed\jetified-jetified-ui-tooling-preview-release-api.jar as it is up-to-date.
Caching disabled for CopyTransform: C:\Users\user\.gradle\caches\transforms-3\df349ed617ffcce0f686bad5e593979a\transformed\jetified-recyclerview-1.3.0-api.jar because:
  Build cache is disabled
Skipping CopyTransform: C:\Users\user\.gradle\caches\transforms-3\df349ed617ffcce0f686bad5e593979a\transformed\jetified-recyclerview-1.3.0-api.jar as it is up-to-date.
Transforming dynamicanimation-1.0.0-api.jar with IdentityTransform
Transforming transition-1.2.0-api.jar with CopyTransform
Transforming dynamicanimation-1.0.0-api.jar with CopyTransform
Transforming vectordrawable-animated-1.1.0-api.jar with IdentityTransform
Caching disabled for AggregatedPackagesTransform: C:\Users\user\.gradle\caches\transforms-3\c01fcefde757c008f89cb65ef80abbfc\transformed\jetified-jetified-appcompat-resources-1.6.1-api.jar because:
  Build cache is disabled
Skipping AggregatedPackagesTransform: C:\Users\user\.gradle\caches\transforms-3\c01fcefde757c008f89cb65ef80abbfc\transformed\jetified-jetified-appcompat-resources-1.6.1-api.jar as it is up-to-date.
Caching disabled for AggregatedPackagesTransform: C:\Users\user\.gradle\caches\transforms-3\1e13e0f302c5cbf6d33299ad3dbda30d\transformed\jetified-coordinatorlayout-1.1.0-api.jar because:
  Build cache is disabled
Caching disabled for JetifyTransform: C:\Users\user\.gradle\caches\transforms-3\b2335d6634777ecea41527f2756a63df\transformed\jetified-exoplayer-2.19.1-api.jar because:
  Build cache is disabled
Skipping JetifyTransform: C:\Users\user\.gradle\caches\transforms-3\b2335d6634777ecea41527f2756a63df\transformed\jetified-exoplayer-2.19.1-api.jar as it is up-to-date.
Caching disabled for AggregatedPackagesTransform: C:\Users\user\.gradle\caches\transforms-3\55f830c1a8f2b9b7b060796c7de9de67\transformed\jetified-jetified-runtime-release-api.jar because:
  Build cache is disabled
Transforming recyclerview-1.3.0-api.jar with AggregatedPackagesTransform
Caching disabled for JetifyTransform: C:\Users\user\.gradle\caches\transforms-3\10c8f036657c513e6f16da2f705bed14\transformed\vectordrawable-1.1.0-api.jar because:
  Build cache is disabled
Skipping AggregatedPackagesTransform: C:\Users\user\.gradle\caches\transforms-3\1e13e0f302c5cbf6d33299ad3dbda30d\transformed\jetified-coordinatorlayout-1.1.0-api.jar as it is up-to-date.
Transforming jetified-exoplayer-2.19.1-api.jar with IdentityTransform
Skipping JetifyTransform: C:\Users\user\.gradle\caches\transforms-3\10c8f036657c513e6f16da2f705bed14\transformed\vectordrawable-1.1.0-api.jar as it is up-to-date.
Skipping AggregatedPackagesTransform: C:\Users\user\.gradle\caches\transforms-3\55f830c1a8f2b9b7b060796c7de9de67\transformed\jetified-jetified-runtime-release-api.jar as it is up-to-date.
Caching disabled for CopyTransform: C:\Users\user\.gradle\caches\transforms-3\91900bb65c2bf7eea6a29a7d0c7acfb8\transformed\jetified-transition-1.2.0-api.jar because:
  Build cache is disabled
Transforming vectordrawable-1.1.0-api.jar with IdentityTransform
Skipping CopyTransform: C:\Users\user\.gradle\caches\transforms-3\91900bb65c2bf7eea6a29a7d0c7acfb8\transformed\jetified-transition-1.2.0-api.jar as it is up-to-date.
Caching disabled for AggregatedPackagesTransform: C:\Users\user\.gradle\caches\transforms-3\93c3c82e4cd5998cbc76ff8e93100c29\transformed\jetified-jetified-runtime-saveable-release-api.jar because:
  Build cache is disabled
Skipping AggregatedPackagesTransform: C:\Users\user\.gradle\caches\transforms-3\93c3c82e4cd5998cbc76ff8e93100c29\transformed\jetified-jetified-runtime-saveable-release-api.jar as it is up-to-date.
Transforming transition-1.2.0-api.jar with AggregatedPackagesTransform
Caching disabled for CopyTransform: C:\Users\user\.gradle\caches\transforms-3\996002b17471e817abb2505b5e99e47b\transformed\jetified-dynamicanimation-1.0.0-api.jar because:
  Build cache is disabled
Caching disabled for AggregatedPackagesTransform: C:\Users\user\.gradle\caches\transforms-3\e746ad0018b7265f6bad2255239c1846\transformed\jetified-drawerlayout-1.1.1-api.jar because:
  Build cache is disabled
Skipping CopyTransform: C:\Users\user\.gradle\caches\transforms-3\996002b17471e817abb2505b5e99e47b\transformed\jetified-dynamicanimation-1.0.0-api.jar as it is up-to-date.
Caching disabled for JetifyTransform: C:\Users\user\.gradle\caches\transforms-3\3895efddbf130d35683e148a11b64420\transformed\jetified-exoplayer-ui-2.19.1-api.jar because:
  Build cache is disabled
Skipping AggregatedPackagesTransform: C:\Users\user\.gradle\caches\transforms-3\e746ad0018b7265f6bad2255239c1846\transformed\jetified-drawerlayout-1.1.1-api.jar as it is up-to-date.
Caching disabled for IdentityTransform: C:\Users\user\.gradle\caches\transforms-3\544948353aa4aef09390929ce027d39e\transformed\jetified-vectordrawable-animated-1.1.0-api.jar because:
  Build cache is disabled
Skipping IdentityTransform: C:\Users\user\.gradle\caches\transforms-3\544948353aa4aef09390929ce027d39e\transformed\jetified-vectordrawable-animated-1.1.0-api.jar as it is up-to-date.
Transforming dynamicanimation-1.0.0-api.jar with AggregatedPackagesTransform
Skipping JetifyTransform: C:\Users\user\.gradle\caches\transforms-3\3895efddbf130d35683e148a11b64420\transformed\jetified-exoplayer-ui-2.19.1-api.jar as it is up-to-date.
Caching disabled for JetifyTransform: C:\Users\user\.gradle\caches\transforms-3\bed3d49ab3497d5b91c24e9ec3624e5a\transformed\media-1.6.0-api.jar because:
  Build cache is disabled
Transforming vectordrawable-animated-1.1.0-api.jar with IdentityTransform
Skipping JetifyTransform: C:\Users\user\.gradle\caches\transforms-3\bed3d49ab3497d5b91c24e9ec3624e5a\transformed\media-1.6.0-api.jar as it is up-to-date.
Transforming vectordrawable-animated-1.1.0-api.jar with CopyTransform
Transforming jetified-exoplayer-ui-2.19.1-api.jar with IdentityTransform
Caching disabled for IdentityTransform: C:\Users\user\.gradle\caches\transforms-3\eb33b35cbc153018e7df254ff91ad554\transformed\jetified-vectordrawable-1.1.0-api.jar because:
  Build cache is disabled
Caching disabled for AggregatedPackagesTransform: C:\Users\user\.gradle\caches\transforms-3\91900bb65c2bf7eea6a29a7d0c7acfb8\transformed\jetified-transition-1.2.0-api.jar because:
  Build cache is disabled
Transforming media-1.6.0-api.jar with IdentityTransform
Skipping IdentityTransform: C:\Users\user\.gradle\caches\transforms-3\eb33b35cbc153018e7df254ff91ad554\transformed\jetified-vectordrawable-1.1.0-api.jar as it is up-to-date.
Caching disabled for JetifyTransform: C:\Users\user\.gradle\caches\transforms-3\c333f5710e601ee064b6026976307330\transformed\customview-1.1.0-api.jar because:
  Build cache is disabled
Caching disabled for JetifyTransform: C:\Users\user\.gradle\caches\transforms-3\74b74d63175036bbe8f9d45381590765\transformed\viewpager-1.0.0-api.jar because:
  Build cache is disabled
Skipping JetifyTransform: C:\Users\user\.gradle\caches\transforms-3\c333f5710e601ee064b6026976307330\transformed\customview-1.1.0-api.jar as it is up-to-date.
Skipping JetifyTransform: C:\Users\user\.gradle\caches\transforms-3\74b74d63175036bbe8f9d45381590765\transformed\viewpager-1.0.0-api.jar as it is up-to-date.
Caching disabled for AggregatedPackagesTransform: C:\Users\user\.gradle\caches\transforms-3\df349ed617ffcce0f686bad5e593979a\transformed\jetified-recyclerview-1.3.0-api.jar because:
  Build cache is disabled
Skipping AggregatedPackagesTransform: C:\Users\user\.gradle\caches\transforms-3\91900bb65c2bf7eea6a29a7d0c7acfb8\transformed\jetified-transition-1.2.0-api.jar as it is up-to-date.
Skipping AggregatedPackagesTransform: C:\Users\user\.gradle\caches\transforms-3\df349ed617ffcce0f686bad5e593979a\transformed\jetified-recyclerview-1.3.0-api.jar as it is up-to-date.
Caching disabled for IdentityTransform: C:\Users\user\.gradle\caches\transforms-3\61270c2ba2cb30aad43c7f758b0b4fa8\transformed\jetified-jetified-exoplayer-2.19.1-api.jar because:
  Build cache is disabled
Transforming viewpager-1.0.0-api.jar with IdentityTransform
Skipping IdentityTransform: C:\Users\user\.gradle\caches\transforms-3\61270c2ba2cb30aad43c7f758b0b4fa8\transformed\jetified-jetified-exoplayer-2.19.1-api.jar as it is up-to-date.
Caching disabled for JetifyTransform: C:\Users\user\.gradle\caches\transforms-3\6ad087cb427078a4b9f8dc6ce61c6e25\transformed\browser-1.4.0-api.jar because:
  Build cache is disabled
Skipping JetifyTransform: C:\Users\user\.gradle\caches\transforms-3\6ad087cb427078a4b9f8dc6ce61c6e25\transformed\browser-1.4.0-api.jar as it is up-to-date.
Caching disabled for AggregatedPackagesTransform: C:\Users\user\.gradle\caches\transforms-3\996002b17471e817abb2505b5e99e47b\transformed\jetified-dynamicanimation-1.0.0-api.jar because:
  Build cache is disabled
Transforming browser-1.4.0-api.jar with IdentityTransform
Transforming customview-1.1.0-api.jar with IdentityTransform
Transforming vectordrawable-1.1.0-api.jar with IdentityTransform
Caching disabled for IdentityTransform: C:\Users\user\.gradle\caches\transforms-3\4c2e3d41f9a2bd0b6b5815bb248a9558\transformed\jetified-jetified-exoplayer-ui-2.19.1-api.jar because:
  Build cache is disabled
Transforming vectordrawable-1.1.0-api.jar with CopyTransform
Caching disabled for CopyTransform: C:\Users\user\.gradle\caches\transforms-3\544948353aa4aef09390929ce027d39e\transformed\jetified-vectordrawable-animated-1.1.0-api.jar because:
  Build cache is disabled
Skipping IdentityTransform: C:\Users\user\.gradle\caches\transforms-3\4c2e3d41f9a2bd0b6b5815bb248a9558\transformed\jetified-jetified-exoplayer-ui-2.19.1-api.jar as it is up-to-date.
Caching disabled for JetifyTransform: C:\Users\user\.gradle\caches\transforms-3\15eb6cbc0a8813988919e0216c37b198\transformed\legacy-support-core-utils-1.0.0-api.jar because:
  Build cache is disabled
Skipping JetifyTransform: C:\Users\user\.gradle\caches\transforms-3\15eb6cbc0a8813988919e0216c37b198\transformed\legacy-support-core-utils-1.0.0-api.jar as it is up-to-date.
Skipping AggregatedPackagesTransform: C:\Users\user\.gradle\caches\transforms-3\996002b17471e817abb2505b5e99e47b\transformed\jetified-dynamicanimation-1.0.0-api.jar as it is up-to-date.
Skipping CopyTransform: C:\Users\user\.gradle\caches\transforms-3\544948353aa4aef09390929ce027d39e\transformed\jetified-vectordrawable-animated-1.1.0-api.jar as it is up-to-date.
Transforming jetified-exoplayer-2.19.1-api.jar with IdentityTransform
Transforming jetified-exoplayer-ui-2.19.1-api.jar with IdentityTransform
Transforming vectordrawable-animated-1.1.0-api.jar with AggregatedPackagesTransform
Transforming jetified-exoplayer-ui-2.19.1-api.jar with CopyTransform
Transforming jetified-exoplayer-2.19.1-api.jar with CopyTransform
Transforming legacy-support-core-utils-1.0.0-api.jar with IdentityTransform
Caching disabled for IdentityTransform: C:\Users\user\.gradle\caches\transforms-3\ccc2684d2d44f938ce410b177f4d4a51\transformed\jetified-media-1.6.0-api.jar because:
  Build cache is disabled
Skipping IdentityTransform: C:\Users\user\.gradle\caches\transforms-3\ccc2684d2d44f938ce410b177f4d4a51\transformed\jetified-media-1.6.0-api.jar as it is up-to-date.
Transforming media-1.6.0-api.jar with IdentityTransform
Transforming media-1.6.0-api.jar with CopyTransform
Caching disabled for JetifyTransform: C:\Users\user\.gradle\caches\transforms-3\2bb7c56f2acf186a0eb55a6023a4f6e1\transformed\loader-1.0.0-api.jar because:
  Build cache is disabled
Skipping JetifyTransform: C:\Users\user\.gradle\caches\transforms-3\2bb7c56f2acf186a0eb55a6023a4f6e1\transformed\loader-1.0.0-api.jar as it is up-to-date.
Transforming loader-1.0.0-api.jar with IdentityTransform
Caching disabled for JetifyTransform: C:\Users\user\.gradle\caches\transforms-3\98f7c6f8474fe1245df4f282c01ed43e\transformed\core-1.12.0-api.jar because:
  Build cache is disabled
Skipping JetifyTransform: C:\Users\user\.gradle\caches\transforms-3\98f7c6f8474fe1245df4f282c01ed43e\transformed\core-1.12.0-api.jar as it is up-to-date.
Caching disabled for IdentityTransform: C:\Users\user\.gradle\caches\transforms-3\cc537ee6512a57f3a998670f91b2351c\transformed\jetified-viewpager-1.0.0-api.jar because:
  Build cache is disabled
Caching disabled for IdentityTransform: C:\Users\user\.gradle\caches\transforms-3\981236a7b0ccc4ccdb6ff1ff843cc051\transformed\jetified-browser-1.4.0-api.jar because:
  Build cache is disabled
Skipping IdentityTransform: C:\Users\user\.gradle\caches\transforms-3\cc537ee6512a57f3a998670f91b2351c\transformed\jetified-viewpager-1.0.0-api.jar as it is up-to-date.
Skipping IdentityTransform: C:\Users\user\.gradle\caches\transforms-3\981236a7b0ccc4ccdb6ff1ff843cc051\transformed\jetified-browser-1.4.0-api.jar as it is up-to-date.
Caching disabled for IdentityTransform: C:\Users\user\.gradle\caches\transforms-3\483d01cacef0ba4996581fcefe5ef548\transformed\jetified-customview-1.1.0-api.jar because:
  Build cache is disabled
Skipping IdentityTransform: C:\Users\user\.gradle\caches\transforms-3\483d01cacef0ba4996581fcefe5ef548\transformed\jetified-customview-1.1.0-api.jar as it is up-to-date.
Transforming core-1.12.0-api.jar with IdentityTransform
Transforming browser-1.4.0-api.jar with IdentityTransform
Transforming browser-1.4.0-api.jar with CopyTransform
Caching disabled for JetifyTransform: C:\Users\user\.gradle\caches\transforms-3\c1c9ea52bb7b915bad590fc8b4ef97a5\transformed\jetified-lifecycle-livedata-ktx-2.7.0-api.jar because:
  Build cache is disabled
Caching disabled for AggregatedPackagesTransform: C:\Users\user\.gradle\caches\transforms-3\544948353aa4aef09390929ce027d39e\transformed\jetified-vectordrawable-animated-1.1.0-api.jar because:
  Build cache is disabled
Skipping JetifyTransform: C:\Users\user\.gradle\caches\transforms-3\c1c9ea52bb7b915bad590fc8b4ef97a5\transformed\jetified-lifecycle-livedata-ktx-2.7.0-api.jar as it is up-to-date.
Caching disabled for CopyTransform: C:\Users\user\.gradle\caches\transforms-3\eb33b35cbc153018e7df254ff91ad554\transformed\jetified-vectordrawable-1.1.0-api.jar because:
  Build cache is disabled
Skipping CopyTransform: C:\Users\user\.gradle\caches\transforms-3\eb33b35cbc153018e7df254ff91ad554\transformed\jetified-vectordrawable-1.1.0-api.jar as it is up-to-date.
Transforming customview-1.1.0-api.jar with IdentityTransform
Transforming customview-1.1.0-api.jar with CopyTransform
Transforming vectordrawable-1.1.0-api.jar with AggregatedPackagesTransform
Transforming viewpager-1.0.0-api.jar with IdentityTransform
Caching disabled for CopyTransform: C:\Users\user\.gradle\caches\transforms-3\ccc2684d2d44f938ce410b177f4d4a51\transformed\jetified-media-1.6.0-api.jar because:
  Build cache is disabled
Caching disabled for CopyTransform: C:\Users\user\.gradle\caches\transforms-3\61270c2ba2cb30aad43c7f758b0b4fa8\transformed\jetified-jetified-exoplayer-2.19.1-api.jar because:
  Build cache is disabled
Skipping AggregatedPackagesTransform: C:\Users\user\.gradle\caches\transforms-3\544948353aa4aef09390929ce027d39e\transformed\jetified-vectordrawable-animated-1.1.0-api.jar as it is up-to-date.
Skipping CopyTransform: C:\Users\user\.gradle\caches\transforms-3\ccc2684d2d44f938ce410b177f4d4a51\transformed\jetified-media-1.6.0-api.jar as it is up-to-date.
Transforming viewpager-1.0.0-api.jar with CopyTransform
Caching disabled for IdentityTransform: C:\Users\user\.gradle\caches\transforms-3\47c22ddc41458d7962cb418d03c84552\transformed\jetified-loader-1.0.0-api.jar because:
  Build cache is disabled
Skipping IdentityTransform: C:\Users\user\.gradle\caches\transforms-3\47c22ddc41458d7962cb418d03c84552\transformed\jetified-loader-1.0.0-api.jar as it is up-to-date.
Skipping CopyTransform: C:\Users\user\.gradle\caches\transforms-3\61270c2ba2cb30aad43c7f758b0b4fa8\transformed\jetified-jetified-exoplayer-2.19.1-api.jar as it is up-to-date.
Caching disabled for CopyTransform: C:\Users\user\.gradle\caches\transforms-3\4c2e3d41f9a2bd0b6b5815bb248a9558\transformed\jetified-jetified-exoplayer-ui-2.19.1-api.jar because:
  Build cache is disabled
Transforming media-1.6.0-api.jar with AggregatedPackagesTransform
Skipping CopyTransform: C:\Users\user\.gradle\caches\transforms-3\4c2e3d41f9a2bd0b6b5815bb248a9558\transformed\jetified-jetified-exoplayer-ui-2.19.1-api.jar as it is up-to-date.
Caching disabled for CopyTransform: C:\Users\user\.gradle\caches\transforms-3\981236a7b0ccc4ccdb6ff1ff843cc051\transformed\jetified-browser-1.4.0-api.jar because:
  Build cache is disabled
Transforming jetified-lifecycle-livedata-ktx-2.7.0-api.jar with IdentityTransform
Transforming jetified-exoplayer-2.19.1-api.jar with AggregatedPackagesTransform
Caching disabled for IdentityTransform: C:\Users\user\.gradle\caches\transforms-3\b909431bf9811a32fb071a5bf49c9f4d\transformed\jetified-core-1.12.0-api.jar because:
  Build cache is disabled
Skipping IdentityTransform: C:\Users\user\.gradle\caches\transforms-3\b909431bf9811a32fb071a5bf49c9f4d\transformed\jetified-core-1.12.0-api.jar as it is up-to-date.
Transforming loader-1.0.0-api.jar with IdentityTransform
Transforming jetified-exoplayer-ui-2.19.1-api.jar with AggregatedPackagesTransform
Caching disabled for IdentityTransform: C:\Users\user\.gradle\caches\transforms-3\14760e20174f0bd88409adfe98492e5c\transformed\jetified-legacy-support-core-utils-1.0.0-api.jar because:
  Build cache is disabled
Transforming loader-1.0.0-api.jar with CopyTransform
Skipping CopyTransform: C:\Users\user\.gradle\caches\transforms-3\981236a7b0ccc4ccdb6ff1ff843cc051\transformed\jetified-browser-1.4.0-api.jar as it is up-to-date.
Skipping IdentityTransform: C:\Users\user\.gradle\caches\transforms-3\14760e20174f0bd88409adfe98492e5c\transformed\jetified-legacy-support-core-utils-1.0.0-api.jar as it is up-to-date.
Caching disabled for CopyTransform: C:\Users\user\.gradle\caches\transforms-3\483d01cacef0ba4996581fcefe5ef548\transformed\jetified-customview-1.1.0-api.jar because:
  Build cache is disabled
Caching disabled for AggregatedPackagesTransform: C:\Users\user\.gradle\caches\transforms-3\eb33b35cbc153018e7df254ff91ad554\transformed\jetified-vectordrawable-1.1.0-api.jar because:
  Build cache is disabled
Transforming core-1.12.0-api.jar with IdentityTransform
Transforming browser-1.4.0-api.jar with AggregatedPackagesTransform
Transforming legacy-support-core-utils-1.0.0-api.jar with IdentityTransform
Transforming core-1.12.0-api.jar with CopyTransform
Caching disabled for CopyTransform: C:\Users\user\.gradle\caches\transforms-3\cc537ee6512a57f3a998670f91b2351c\transformed\jetified-viewpager-1.0.0-api.jar because:
  Build cache is disabled
Skipping AggregatedPackagesTransform: C:\Users\user\.gradle\caches\transforms-3\eb33b35cbc153018e7df254ff91ad554\transformed\jetified-vectordrawable-1.1.0-api.jar as it is up-to-date.
Transforming legacy-support-core-utils-1.0.0-api.jar with CopyTransform
Skipping CopyTransform: C:\Users\user\.gradle\caches\transforms-3\483d01cacef0ba4996581fcefe5ef548\transformed\jetified-customview-1.1.0-api.jar as it is up-to-date.
Skipping CopyTransform: C:\Users\user\.gradle\caches\transforms-3\cc537ee6512a57f3a998670f91b2351c\transformed\jetified-viewpager-1.0.0-api.jar as it is up-to-date.
Caching disabled for IdentityTransform: C:\Users\user\.gradle\caches\transforms-3\2ce056130cadb033c85a6953fa1ae5d8\transformed\jetified-jetified-lifecycle-livedata-ktx-2.7.0-api.jar because:
  Build cache is disabled
Skipping IdentityTransform: C:\Users\user\.gradle\caches\transforms-3\2ce056130cadb033c85a6953fa1ae5d8\transformed\jetified-jetified-lifecycle-livedata-ktx-2.7.0-api.jar as it is up-to-date.
Caching disabled for AggregatedPackagesTransform: C:\Users\user\.gradle\caches\transforms-3\61270c2ba2cb30aad43c7f758b0b4fa8\transformed\jetified-jetified-exoplayer-2.19.1-api.jar because:
  Build cache is disabled
Caching disabled for JetifyTransform: C:\Users\user\.gradle\caches\transforms-3\a92816ff59f4b3c020cacb711ec50020\transformed\jetified-lifecycle-livedata-core-ktx-2.7.0-api.jar because:
  Build cache is disabled
Caching disabled for AggregatedPackagesTransform: C:\Users\user\.gradle\caches\transforms-3\4c2e3d41f9a2bd0b6b5815bb248a9558\transformed\jetified-jetified-exoplayer-ui-2.19.1-api.jar because:
  Build cache is disabled
Skipping JetifyTransform: C:\Users\user\.gradle\caches\transforms-3\a92816ff59f4b3c020cacb711ec50020\transformed\jetified-lifecycle-livedata-core-ktx-2.7.0-api.jar as it is up-to-date.
Transforming viewpager-1.0.0-api.jar with AggregatedPackagesTransform
Skipping AggregatedPackagesTransform: C:\Users\user\.gradle\caches\transforms-3\4c2e3d41f9a2bd0b6b5815bb248a9558\transformed\jetified-jetified-exoplayer-ui-2.19.1-api.jar as it is up-to-date.
Transforming jetified-lifecycle-livedata-ktx-2.7.0-api.jar with IdentityTransform
Caching disabled for AggregatedPackagesTransform: C:\Users\user\.gradle\caches\transforms-3\ccc2684d2d44f938ce410b177f4d4a51\transformed\jetified-media-1.6.0-api.jar because:
  Build cache is disabled
Caching disabled for CopyTransform: C:\Users\user\.gradle\caches\transforms-3\47c22ddc41458d7962cb418d03c84552\transformed\jetified-loader-1.0.0-api.jar because:
  Build cache is disabled
Skipping AggregatedPackagesTransform: C:\Users\user\.gradle\caches\transforms-3\ccc2684d2d44f938ce410b177f4d4a51\transformed\jetified-media-1.6.0-api.jar as it is up-to-date.
Skipping CopyTransform: C:\Users\user\.gradle\caches\transforms-3\47c22ddc41458d7962cb418d03c84552\transformed\jetified-loader-1.0.0-api.jar as it is up-to-date.
Skipping AggregatedPackagesTransform: C:\Users\user\.gradle\caches\transforms-3\61270c2ba2cb30aad43c7f758b0b4fa8\transformed\jetified-jetified-exoplayer-2.19.1-api.jar as it is up-to-date.
Transforming customview-1.1.0-api.jar with AggregatedPackagesTransform
Caching disabled for AggregatedPackagesTransform: C:\Users\user\.gradle\caches\transforms-3\981236a7b0ccc4ccdb6ff1ff843cc051\transformed\jetified-browser-1.4.0-api.jar because:
  Build cache is disabled
Skipping AggregatedPackagesTransform: C:\Users\user\.gradle\caches\transforms-3\981236a7b0ccc4ccdb6ff1ff843cc051\transformed\jetified-browser-1.4.0-api.jar as it is up-to-date.
Caching disabled for CopyTransform: C:\Users\user\.gradle\caches\transforms-3\b909431bf9811a32fb071a5bf49c9f4d\transformed\jetified-core-1.12.0-api.jar because:
  Build cache is disabled
Transforming jetified-lifecycle-livedata-core-ktx-2.7.0-api.jar with IdentityTransform
Transforming jetified-lifecycle-livedata-ktx-2.7.0-api.jar with CopyTransform
Skipping CopyTransform: C:\Users\user\.gradle\caches\transforms-3\b909431bf9811a32fb071a5bf49c9f4d\transformed\jetified-core-1.12.0-api.jar as it is up-to-date.
Caching disabled for CopyTransform: C:\Users\user\.gradle\caches\transforms-3\14760e20174f0bd88409adfe98492e5c\transformed\jetified-legacy-support-core-utils-1.0.0-api.jar because:
  Build cache is disabled
Transforming loader-1.0.0-api.jar with AggregatedPackagesTransform
Skipping CopyTransform: C:\Users\user\.gradle\caches\transforms-3\14760e20174f0bd88409adfe98492e5c\transformed\jetified-legacy-support-core-utils-1.0.0-api.jar as it is up-to-date.
Transforming core-1.12.0-api.jar with AggregatedPackagesTransform
Transforming legacy-support-core-utils-1.0.0-api.jar with AggregatedPackagesTransform
Caching disabled for JetifyTransform: C:\Users\user\.gradle\caches\transforms-3\93347fdb2d2877a2460eec52ee4ba389\transformed\lifecycle-livedata-core-2.7.0-api.jar because:
  Build cache is disabled
Skipping JetifyTransform: C:\Users\user\.gradle\caches\transforms-3\93347fdb2d2877a2460eec52ee4ba389\transformed\lifecycle-livedata-core-2.7.0-api.jar as it is up-to-date.
Caching disabled for AggregatedPackagesTransform: C:\Users\user\.gradle\caches\transforms-3\cc537ee6512a57f3a998670f91b2351c\transformed\jetified-viewpager-1.0.0-api.jar because:
  Build cache is disabled
Skipping AggregatedPackagesTransform: C:\Users\user\.gradle\caches\transforms-3\cc537ee6512a57f3a998670f91b2351c\transformed\jetified-viewpager-1.0.0-api.jar as it is up-to-date.
Transforming lifecycle-livedata-core-2.7.0-api.jar with IdentityTransform
Caching disabled for AggregatedPackagesTransform: C:\Users\user\.gradle\caches\transforms-3\483d01cacef0ba4996581fcefe5ef548\transformed\jetified-customview-1.1.0-api.jar because:
  Build cache is disabled
Caching disabled for IdentityTransform: C:\Users\user\.gradle\caches\transforms-3\0e0df86ff6546af8db8b066fa6b70dde\transformed\jetified-jetified-lifecycle-livedata-core-ktx-2.7.0-api.jar because:
  Build cache is disabled
Skipping AggregatedPackagesTransform: C:\Users\user\.gradle\caches\transforms-3\483d01cacef0ba4996581fcefe5ef548\transformed\jetified-customview-1.1.0-api.jar as it is up-to-date.
Skipping IdentityTransform: C:\Users\user\.gradle\caches\transforms-3\0e0df86ff6546af8db8b066fa6b70dde\transformed\jetified-jetified-lifecycle-livedata-core-ktx-2.7.0-api.jar as it is up-to-date.
Transforming jetified-lifecycle-livedata-core-ktx-2.7.0-api.jar with IdentityTransform
Caching disabled for JetifyTransform: C:\Users\user\.gradle\caches\transforms-3\7bc70e0b54824666e63014d886455385\transformed\work-runtime-2.7.0-api.jar because:
  Build cache is disabled
Caching disabled for JetifyTransform: C:\Users\user\.gradle\caches\transforms-3\ac3a81555401175b4fe4b0d7471cb4e8\transformed\jetified-lifecycle-viewmodel-ktx-2.7.0-api.jar because:
  Build cache is disabled
Skipping JetifyTransform: C:\Users\user\.gradle\caches\transforms-3\7bc70e0b54824666e63014d886455385\transformed\work-runtime-2.7.0-api.jar as it is up-to-date.
Transforming jetified-lifecycle-livedata-core-ktx-2.7.0-api.jar with CopyTransform
Skipping JetifyTransform: C:\Users\user\.gradle\caches\transforms-3\ac3a81555401175b4fe4b0d7471cb4e8\transformed\jetified-lifecycle-viewmodel-ktx-2.7.0-api.jar as it is up-to-date.
Caching disabled for JetifyTransform: C:\Users\user\.gradle\caches\transforms-3\92336b936596d7f3ee7714042354c480\transformed\lifecycle-viewmodel-2.7.0-api.jar because:
  Build cache is disabled
Caching disabled for CopyTransform: C:\Users\user\.gradle\caches\transforms-3\2ce056130cadb033c85a6953fa1ae5d8\transformed\jetified-jetified-lifecycle-livedata-ktx-2.7.0-api.jar because:
  Build cache is disabled
Caching disabled for AggregatedPackagesTransform: C:\Users\user\.gradle\caches\transforms-3\14760e20174f0bd88409adfe98492e5c\transformed\jetified-legacy-support-core-utils-1.0.0-api.jar because:
  Build cache is disabled
Caching disabled for JetifyTransform: C:\Users\user\.gradle\caches\transforms-3\2d1570213fdb8cf9347e0bd73e8083b0\transformed\lifecycle-livedata-2.7.0-api.jar because:
  Build cache is disabled
Skipping AggregatedPackagesTransform: C:\Users\user\.gradle\caches\transforms-3\14760e20174f0bd88409adfe98492e5c\transformed\jetified-legacy-support-core-utils-1.0.0-api.jar as it is up-to-date.
Transforming jetified-lifecycle-viewmodel-ktx-2.7.0-api.jar with IdentityTransform
Skipping CopyTransform: C:\Users\user\.gradle\caches\transforms-3\2ce056130cadb033c85a6953fa1ae5d8\transformed\jetified-jetified-lifecycle-livedata-ktx-2.7.0-api.jar as it is up-to-date.
Caching disabled for AggregatedPackagesTransform: C:\Users\user\.gradle\caches\transforms-3\b909431bf9811a32fb071a5bf49c9f4d\transformed\jetified-core-1.12.0-api.jar because:
  Build cache is disabled
Transforming work-runtime-2.7.0-api.jar with IdentityTransform
Caching disabled for IdentityTransform: C:\Users\user\.gradle\caches\transforms-3\f5fc5fb98051e4a93daae7635f5494e2\transformed\jetified-lifecycle-livedata-core-2.7.0-api.jar because:
  Build cache is disabled
Skipping JetifyTransform: C:\Users\user\.gradle\caches\transforms-3\92336b936596d7f3ee7714042354c480\transformed\lifecycle-viewmodel-2.7.0-api.jar as it is up-to-date.
Skipping IdentityTransform: C:\Users\user\.gradle\caches\transforms-3\f5fc5fb98051e4a93daae7635f5494e2\transformed\jetified-lifecycle-livedata-core-2.7.0-api.jar as it is up-to-date.
Transforming jetified-lifecycle-livedata-ktx-2.7.0-api.jar with AggregatedPackagesTransform
Skipping AggregatedPackagesTransform: C:\Users\user\.gradle\caches\transforms-3\b909431bf9811a32fb071a5bf49c9f4d\transformed\jetified-core-1.12.0-api.jar as it is up-to-date.
Transforming lifecycle-viewmodel-2.7.0-api.jar with IdentityTransform
Caching disabled for JetifyTransform: C:\Users\user\.gradle\caches\transforms-3\d578ec6effa76ead2a17869ca9b4b170\transformed\jetified-coil-2.5.0-api.jar because:
  Build cache is disabled
Skipping JetifyTransform: C:\Users\user\.gradle\caches\transforms-3\2d1570213fdb8cf9347e0bd73e8083b0\transformed\lifecycle-livedata-2.7.0-api.jar as it is up-to-date.
Skipping JetifyTransform: C:\Users\user\.gradle\caches\transforms-3\d578ec6effa76ead2a17869ca9b4b170\transformed\jetified-coil-2.5.0-api.jar as it is up-to-date.
Caching disabled for AggregatedPackagesTransform: C:\Users\user\.gradle\caches\transforms-3\47c22ddc41458d7962cb418d03c84552\transformed\jetified-loader-1.0.0-api.jar because:
  Build cache is disabled
Caching disabled for JetifyTransform: C:\Users\user\.gradle\caches\transforms-3\64ecef9d52563019818f599b3c7ed2bb\transformed\jetified-coil-base-2.5.0-api.jar because:
  Build cache is disabled
Skipping AggregatedPackagesTransform: C:\Users\user\.gradle\caches\transforms-3\47c22ddc41458d7962cb418d03c84552\transformed\jetified-loader-1.0.0-api.jar as it is up-to-date.
Skipping JetifyTransform: C:\Users\user\.gradle\caches\transforms-3\64ecef9d52563019818f599b3c7ed2bb\transformed\jetified-coil-base-2.5.0-api.jar as it is up-to-date.
Transforming lifecycle-livedata-2.7.0-api.jar with IdentityTransform
Caching disabled for CopyTransform: C:\Users\user\.gradle\caches\transforms-3\0e0df86ff6546af8db8b066fa6b70dde\transformed\jetified-jetified-lifecycle-livedata-core-ktx-2.7.0-api.jar because:
  Build cache is disabled
Transforming jetified-coil-2.5.0-api.jar with IdentityTransform
Skipping CopyTransform: C:\Users\user\.gradle\caches\transforms-3\0e0df86ff6546af8db8b066fa6b70dde\transformed\jetified-jetified-lifecycle-livedata-core-ktx-2.7.0-api.jar as it is up-to-date.
Transforming jetified-coil-base-2.5.0-api.jar with IdentityTransform
Caching disabled for IdentityTransform: C:\Users\user\.gradle\caches\transforms-3\f2fb8ad6b1243b377d790ba963c22ad7\transformed\jetified-jetified-lifecycle-viewmodel-ktx-2.7.0-api.jar because:
  Build cache is disabled
Skipping IdentityTransform: C:\Users\user\.gradle\caches\transforms-3\f2fb8ad6b1243b377d790ba963c22ad7\transformed\jetified-jetified-lifecycle-viewmodel-ktx-2.7.0-api.jar as it is up-to-date.
Transforming jetified-lifecycle-livedata-core-ktx-2.7.0-api.jar with AggregatedPackagesTransform
Caching disabled for JetifyTransform: C:\Users\user\.gradle\caches\transforms-3\a5a2b2e10f2fa84c93f886bb473a7f0b\transformed\lifecycle-runtime-2.7.0-api.jar because:
  Build cache is disabled
Skipping JetifyTransform: C:\Users\user\.gradle\caches\transforms-3\a5a2b2e10f2fa84c93f886bb473a7f0b\transformed\lifecycle-runtime-2.7.0-api.jar as it is up-to-date.
Caching disabled for IdentityTransform: C:\Users\user\.gradle\caches\transforms-3\345561dc2f33faa385c4b1a3c0868a81\transformed\jetified-lifecycle-viewmodel-2.7.0-api.jar because:
  Build cache is disabled
Caching disabled for IdentityTransform: C:\Users\user\.gradle\caches\transforms-3\437fc5f5d0ee70dd3f7661cb8b24b333\transformed\jetified-work-runtime-2.7.0-api.jar because:
  Build cache is disabled
Skipping IdentityTransform: C:\Users\user\.gradle\caches\transforms-3\345561dc2f33faa385c4b1a3c0868a81\transformed\jetified-lifecycle-viewmodel-2.7.0-api.jar as it is up-to-date.
Skipping IdentityTransform: C:\Users\user\.gradle\caches\transforms-3\437fc5f5d0ee70dd3f7661cb8b24b333\transformed\jetified-work-runtime-2.7.0-api.jar as it is up-to-date.
Transforming lifecycle-viewmodel-2.7.0-api.jar with IdentityTransform
Transforming lifecycle-viewmodel-2.7.0-api.jar with CopyTransform
Transforming work-runtime-2.7.0-api.jar with IdentityTransform
Transforming work-runtime-2.7.0-api.jar with CopyTransform
Transforming lifecycle-runtime-2.7.0-api.jar with IdentityTransform
Caching disabled for JetifyTransform: C:\Users\user\.gradle\caches\transforms-3\60c977f0d338bd73f014abbe88a33b15\transformed\jetified-lifecycle-runtime-ktx-2.7.0-api.jar because:
  Build cache is disabled
Caching disabled for JetifyTransform: C:\Users\user\.gradle\caches\transforms-3\9ffacb43f460eecfb97c687ebe33a9b6\transformed\jetified-lifecycle-viewmodel-compose-2.7.0-api.jar because:
  Build cache is disabled
Caching disabled for AggregatedPackagesTransform: C:\Users\user\.gradle\caches\transforms-3\0e0df86ff6546af8db8b066fa6b70dde\transformed\jetified-jetified-lifecycle-livedata-core-ktx-2.7.0-api.jar because:
  Build cache is disabled
Skipping JetifyTransform: C:\Users\user\.gradle\caches\transforms-3\9ffacb43f460eecfb97c687ebe33a9b6\transformed\jetified-lifecycle-viewmodel-compose-2.7.0-api.jar as it is up-to-date.
Caching disabled for IdentityTransform: C:\Users\user\.gradle\caches\transforms-3\4d6ef7f2d97cfb3c410d37ef0db926bc\transformed\jetified-jetified-coil-2.5.0-api.jar because:
  Build cache is disabled
Skipping IdentityTransform: C:\Users\user\.gradle\caches\transforms-3\4d6ef7f2d97cfb3c410d37ef0db926bc\transformed\jetified-jetified-coil-2.5.0-api.jar as it is up-to-date.
Transforming jetified-lifecycle-viewmodel-compose-2.7.0-api.jar with IdentityTransform
Skipping AggregatedPackagesTransform: C:\Users\user\.gradle\caches\transforms-3\0e0df86ff6546af8db8b066fa6b70dde\transformed\jetified-jetified-lifecycle-livedata-core-ktx-2.7.0-api.jar as it is up-to-date.
Caching disabled for AggregatedPackagesTransform: C:\Users\user\.gradle\caches\transforms-3\2ce056130cadb033c85a6953fa1ae5d8\transformed\jetified-jetified-lifecycle-livedata-ktx-2.7.0-api.jar because:
  Build cache is disabled
Skipping AggregatedPackagesTransform: C:\Users\user\.gradle\caches\transforms-3\2ce056130cadb033c85a6953fa1ae5d8\transformed\jetified-jetified-lifecycle-livedata-ktx-2.7.0-api.jar as it is up-to-date.
Skipping JetifyTransform: C:\Users\user\.gradle\caches\transforms-3\60c977f0d338bd73f014abbe88a33b15\transformed\jetified-lifecycle-runtime-ktx-2.7.0-api.jar as it is up-to-date.
Caching disabled for CopyTransform: C:\Users\user\.gradle\caches\transforms-3\345561dc2f33faa385c4b1a3c0868a81\transformed\jetified-lifecycle-viewmodel-2.7.0-api.jar because:
  Build cache is disabled
Caching disabled for IdentityTransform: C:\Users\user\.gradle\caches\transforms-3\d592e54d63542a844cb7c87c7b8c1248\transformed\jetified-lifecycle-livedata-2.7.0-api.jar because:
  Build cache is disabled
Caching disabled for IdentityTransform: C:\Users\user\.gradle\caches\transforms-3\7bd89966b3c251ef38ddd31c39d33c9d\transformed\jetified-jetified-coil-base-2.5.0-api.jar because:
  Build cache is disabled
Skipping IdentityTransform: C:\Users\user\.gradle\caches\transforms-3\d592e54d63542a844cb7c87c7b8c1248\transformed\jetified-lifecycle-livedata-2.7.0-api.jar as it is up-to-date.
Transforming jetified-lifecycle-runtime-ktx-2.7.0-api.jar with IdentityTransform
Skipping CopyTransform: C:\Users\user\.gradle\caches\transforms-3\345561dc2f33faa385c4b1a3c0868a81\transformed\jetified-lifecycle-viewmodel-2.7.0-api.jar as it is up-to-date.
Transforming jetified-coil-2.5.0-api.jar with IdentityTransform
Transforming lifecycle-livedata-2.7.0-api.jar with IdentityTransform
Transforming lifecycle-livedata-2.7.0-api.jar with CopyTransform
Transforming lifecycle-viewmodel-2.7.0-api.jar with AggregatedPackagesTransform
Transforming jetified-coil-2.5.0-api.jar with CopyTransform
Caching disabled for IdentityTransform: C:\Users\user\.gradle\caches\transforms-3\f07f697c93d4b7ab685dc6ad54838f70\transformed\jetified-lifecycle-runtime-2.7.0-api.jar because:
  Build cache is disabled
Skipping IdentityTransform: C:\Users\user\.gradle\caches\transforms-3\7bd89966b3c251ef38ddd31c39d33c9d\transformed\jetified-jetified-coil-base-2.5.0-api.jar as it is up-to-date.
Skipping IdentityTransform: C:\Users\user\.gradle\caches\transforms-3\f07f697c93d4b7ab685dc6ad54838f70\transformed\jetified-lifecycle-runtime-2.7.0-api.jar as it is up-to-date.
Transforming lifecycle-runtime-2.7.0-api.jar with IdentityTransform
Caching disabled for IdentityTransform: C:\Users\user\.gradle\caches\transforms-3\4ab22afd0bae4068cdee895db66dc2c8\transformed\jetified-jetified-lifecycle-viewmodel-compose-2.7.0-api.jar because:
  Build cache is disabled
Caching disabled for CopyTransform: C:\Users\user\.gradle\caches\transforms-3\437fc5f5d0ee70dd3f7661cb8b24b333\transformed\jetified-work-runtime-2.7.0-api.jar because:
  Build cache is disabled
Skipping IdentityTransform: C:\Users\user\.gradle\caches\transforms-3\4ab22afd0bae4068cdee895db66dc2c8\transformed\jetified-jetified-lifecycle-viewmodel-compose-2.7.0-api.jar as it is up-to-date.
Transforming jetified-coil-base-2.5.0-api.jar with IdentityTransform
Transforming jetified-coil-base-2.5.0-api.jar with CopyTransform
Skipping CopyTransform: C:\Users\user\.gradle\caches\transforms-3\437fc5f5d0ee70dd3f7661cb8b24b333\transformed\jetified-work-runtime-2.7.0-api.jar as it is up-to-date.
Transforming jetified-lifecycle-viewmodel-compose-2.7.0-api.jar with IdentityTransform
Caching disabled for IdentityTransform: C:\Users\user\.gradle\caches\transforms-3\baf61b83f6c3110612203296d7424209\transformed\jetified-jetified-lifecycle-runtime-ktx-2.7.0-api.jar because:
  Build cache is disabled
Transforming jetified-lifecycle-viewmodel-compose-2.7.0-api.jar with CopyTransform
Caching disabled for CopyTransform: C:\Users\user\.gradle\caches\transforms-3\4d6ef7f2d97cfb3c410d37ef0db926bc\transformed\jetified-jetified-coil-2.5.0-api.jar because:
  Build cache is disabled
Transforming lifecycle-runtime-2.7.0-api.jar with CopyTransform
Skipping CopyTransform: C:\Users\user\.gradle\caches\transforms-3\4d6ef7f2d97cfb3c410d37ef0db926bc\transformed\jetified-jetified-coil-2.5.0-api.jar as it is up-to-date.
Caching disabled for JetifyTransform: C:\Users\user\.gradle\caches\transforms-3\9f709f226447a1294c000343ac93b2bd\transformed\jetified-core-ktx-1.12.0-api.jar because:
  Build cache is disabled
Skipping IdentityTransform: C:\Users\user\.gradle\caches\transforms-3\baf61b83f6c3110612203296d7424209\transformed\jetified-jetified-lifecycle-runtime-ktx-2.7.0-api.jar as it is up-to-date.
Skipping JetifyTransform: C:\Users\user\.gradle\caches\transforms-3\9f709f226447a1294c000343ac93b2bd\transformed\jetified-core-ktx-1.12.0-api.jar as it is up-to-date.
Caching disabled for CopyTransform: C:\Users\user\.gradle\caches\transforms-3\d592e54d63542a844cb7c87c7b8c1248\transformed\jetified-lifecycle-livedata-2.7.0-api.jar because:
  Build cache is disabled
Caching disabled for JetifyTransform: C:\Users\user\.gradle\caches\transforms-3\8543eed63d03784f96c5769ab3364ba8\transformed\jetified-lifecycle-viewmodel-savedstate-2.7.0-api.jar because:
  Build cache is disabled
Skipping CopyTransform: C:\Users\user\.gradle\caches\transforms-3\d592e54d63542a844cb7c87c7b8c1248\transformed\jetified-lifecycle-livedata-2.7.0-api.jar as it is up-to-date.
Transforming jetified-coil-2.5.0-api.jar with AggregatedPackagesTransform
Transforming jetified-lifecycle-viewmodel-ktx-2.7.0-api.jar with IdentityTransform
Transforming jetified-core-ktx-1.12.0-api.jar with IdentityTransform
Transforming lifecycle-livedata-core-2.7.0-api.jar with IdentityTransform
Transforming lifecycle-livedata-2.7.0-api.jar with AggregatedPackagesTransform
Transforming jetified-lifecycle-viewmodel-ktx-2.7.0-api.jar with CopyTransform
Skipping JetifyTransform: C:\Users\user\.gradle\caches\transforms-3\8543eed63d03784f96c5769ab3364ba8\transformed\jetified-lifecycle-viewmodel-savedstate-2.7.0-api.jar as it is up-to-date.
Transforming jetified-lifecycle-runtime-ktx-2.7.0-api.jar with IdentityTransform
Transforming jetified-lifecycle-runtime-ktx-2.7.0-api.jar with CopyTransform
Transforming jetified-lifecycle-viewmodel-savedstate-2.7.0-api.jar with IdentityTransform
Transforming lifecycle-livedata-core-2.7.0-api.jar with CopyTransform
Caching disabled for CopyTransform: C:\Users\user\.gradle\caches\transforms-3\4ab22afd0bae4068cdee895db66dc2c8\transformed\jetified-jetified-lifecycle-viewmodel-compose-2.7.0-api.jar because:
  Build cache is disabled
Caching disabled for AggregatedPackagesTransform: C:\Users\user\.gradle\caches\transforms-3\345561dc2f33faa385c4b1a3c0868a81\transformed\jetified-lifecycle-viewmodel-2.7.0-api.jar because:
  Build cache is disabled
Caching disabled for CopyTransform: C:\Users\user\.gradle\caches\transforms-3\7bd89966b3c251ef38ddd31c39d33c9d\transformed\jetified-jetified-coil-base-2.5.0-api.jar because:
  Build cache is disabled
Skipping CopyTransform: C:\Users\user\.gradle\caches\transforms-3\4ab22afd0bae4068cdee895db66dc2c8\transformed\jetified-jetified-lifecycle-viewmodel-compose-2.7.0-api.jar as it is up-to-date.
Skipping CopyTransform: C:\Users\user\.gradle\caches\transforms-3\7bd89966b3c251ef38ddd31c39d33c9d\transformed\jetified-jetified-coil-base-2.5.0-api.jar as it is up-to-date.
Caching disabled for IdentityTransform: C:\Users\user\.gradle\caches\transforms-3\9d675cdd13de0fc41e817d6458286b39\transformed\jetified-jetified-core-ktx-1.12.0-api.jar because:
  Build cache is disabled
Skipping IdentityTransform: C:\Users\user\.gradle\caches\transforms-3\9d675cdd13de0fc41e817d6458286b39\transformed\jetified-jetified-core-ktx-1.12.0-api.jar as it is up-to-date.
Transforming jetified-core-ktx-1.12.0-api.jar with IdentityTransform
Transforming jetified-coil-base-2.5.0-api.jar with AggregatedPackagesTransform
Caching disabled for CopyTransform: C:\Users\user\.gradle\caches\transforms-3\f2fb8ad6b1243b377d790ba963c22ad7\transformed\jetified-jetified-lifecycle-viewmodel-ktx-2.7.0-api.jar because:
  Build cache is disabled
Transforming work-runtime-2.7.0-api.jar with AggregatedPackagesTransform
Transforming jetified-lifecycle-viewmodel-compose-2.7.0-api.jar with AggregatedPackagesTransform
Skipping AggregatedPackagesTransform: C:\Users\user\.gradle\caches\transforms-3\345561dc2f33faa385c4b1a3c0868a81\transformed\jetified-lifecycle-viewmodel-2.7.0-api.jar as it is up-to-date.
Skipping CopyTransform: C:\Users\user\.gradle\caches\transforms-3\f2fb8ad6b1243b377d790ba963c22ad7\transformed\jetified-jetified-lifecycle-viewmodel-ktx-2.7.0-api.jar as it is up-to-date.
Transforming jetified-core-ktx-1.12.0-api.jar with CopyTransform
Transforming jetified-lifecycle-viewmodel-ktx-2.7.0-api.jar with AggregatedPackagesTransform
Caching disabled for AggregatedPackagesTransform: C:\Users\user\.gradle\caches\transforms-3\d592e54d63542a844cb7c87c7b8c1248\transformed\jetified-lifecycle-livedata-2.7.0-api.jar because:
  Build cache is disabled
Skipping AggregatedPackagesTransform: C:\Users\user\.gradle\caches\transforms-3\d592e54d63542a844cb7c87c7b8c1248\transformed\jetified-lifecycle-livedata-2.7.0-api.jar as it is up-to-date.
Caching disabled for AggregatedPackagesTransform: C:\Users\user\.gradle\caches\transforms-3\4d6ef7f2d97cfb3c410d37ef0db926bc\transformed\jetified-jetified-coil-2.5.0-api.jar because:
  Build cache is disabled
Caching disabled for CopyTransform: C:\Users\user\.gradle\caches\transforms-3\f07f697c93d4b7ab685dc6ad54838f70\transformed\jetified-lifecycle-runtime-2.7.0-api.jar because:
  Build cache is disabled
Skipping AggregatedPackagesTransform: C:\Users\user\.gradle\caches\transforms-3\4d6ef7f2d97cfb3c410d37ef0db926bc\transformed\jetified-jetified-coil-2.5.0-api.jar as it is up-to-date.
Skipping CopyTransform: C:\Users\user\.gradle\caches\transforms-3\f07f697c93d4b7ab685dc6ad54838f70\transformed\jetified-lifecycle-runtime-2.7.0-api.jar as it is up-to-date.
Caching disabled for CopyTransform: C:\Users\user\.gradle\caches\transforms-3\baf61b83f6c3110612203296d7424209\transformed\jetified-jetified-lifecycle-runtime-ktx-2.7.0-api.jar because:
  Build cache is disabled
Skipping CopyTransform: C:\Users\user\.gradle\caches\transforms-3\baf61b83f6c3110612203296d7424209\transformed\jetified-jetified-lifecycle-runtime-ktx-2.7.0-api.jar as it is up-to-date.
Transforming lifecycle-runtime-2.7.0-api.jar with AggregatedPackagesTransform
Caching disabled for IdentityTransform: C:\Users\user\.gradle\caches\transforms-3\0c568a51adaac8ea7f05cc2679937ab8\transformed\jetified-jetified-lifecycle-viewmodel-savedstate-2.7.0-api.jar because:
  Build cache is disabled
Transforming jetified-lifecycle-runtime-ktx-2.7.0-api.jar with AggregatedPackagesTransform
Skipping IdentityTransform: C:\Users\user\.gradle\caches\transforms-3\0c568a51adaac8ea7f05cc2679937ab8\transformed\jetified-jetified-lifecycle-viewmodel-savedstate-2.7.0-api.jar as it is up-to-date.
Transforming jetified-lifecycle-viewmodel-savedstate-2.7.0-api.jar with IdentityTransform
Transforming jetified-lifecycle-viewmodel-savedstate-2.7.0-api.jar with CopyTransform
Caching disabled for CopyTransform: C:\Users\user\.gradle\caches\transforms-3\f5fc5fb98051e4a93daae7635f5494e2\transformed\jetified-lifecycle-livedata-core-2.7.0-api.jar because:
  Build cache is disabled
Skipping CopyTransform: C:\Users\user\.gradle\caches\transforms-3\f5fc5fb98051e4a93daae7635f5494e2\transformed\jetified-lifecycle-livedata-core-2.7.0-api.jar as it is up-to-date.
Transforming lifecycle-livedata-core-2.7.0-api.jar with AggregatedPackagesTransform
Caching disabled for AggregatedPackagesTransform: C:\Users\user\.gradle\caches\transforms-3\437fc5f5d0ee70dd3f7661cb8b24b333\transformed\jetified-work-runtime-2.7.0-api.jar because:
  Build cache is disabled
Skipping AggregatedPackagesTransform: C:\Users\user\.gradle\caches\transforms-3\437fc5f5d0ee70dd3f7661cb8b24b333\transformed\jetified-work-runtime-2.7.0-api.jar as it is up-to-date.
Caching disabled for AggregatedPackagesTransform: C:\Users\user\.gradle\caches\transforms-3\7bd89966b3c251ef38ddd31c39d33c9d\transformed\jetified-jetified-coil-base-2.5.0-api.jar because:
  Build cache is disabled
Skipping AggregatedPackagesTransform: C:\Users\user\.gradle\caches\transforms-3\7bd89966b3c251ef38ddd31c39d33c9d\transformed\jetified-jetified-coil-base-2.5.0-api.jar as it is up-to-date.
Caching disabled for AggregatedPackagesTransform: C:\Users\user\.gradle\caches\transforms-3\4ab22afd0bae4068cdee895db66dc2c8\transformed\jetified-jetified-lifecycle-viewmodel-compose-2.7.0-api.jar because:
  Build cache is disabled
Caching disabled for CopyTransform: C:\Users\user\.gradle\caches\transforms-3\9d675cdd13de0fc41e817d6458286b39\transformed\jetified-jetified-core-ktx-1.12.0-api.jar because:
  Build cache is disabled
Skipping CopyTransform: C:\Users\user\.gradle\caches\transforms-3\9d675cdd13de0fc41e817d6458286b39\transformed\jetified-jetified-core-ktx-1.12.0-api.jar as it is up-to-date.
Skipping AggregatedPackagesTransform: C:\Users\user\.gradle\caches\transforms-3\4ab22afd0bae4068cdee895db66dc2c8\transformed\jetified-jetified-lifecycle-viewmodel-compose-2.7.0-api.jar as it is up-to-date.
Caching disabled for JetifyTransform: C:\Users\user\.gradle\caches\transforms-3\05fa4360e533259e7dfd7fc1d1834eba\transformed\jetified-flexbox-3.0.0-api.jar because:
  Build cache is disabled
Skipping JetifyTransform: C:\Users\user\.gradle\caches\transforms-3\05fa4360e533259e7dfd7fc1d1834eba\transformed\jetified-flexbox-3.0.0-api.jar as it is up-to-date.
Caching disabled for AggregatedPackagesTransform: C:\Users\user\.gradle\caches\transforms-3\f07f697c93d4b7ab685dc6ad54838f70\transformed\jetified-lifecycle-runtime-2.7.0-api.jar because:
  Build cache is disabled
Skipping AggregatedPackagesTransform: C:\Users\user\.gradle\caches\transforms-3\f07f697c93d4b7ab685dc6ad54838f70\transformed\jetified-lifecycle-runtime-2.7.0-api.jar as it is up-to-date.
Caching disabled for JetifyTransform: C:\Users\user\.gradle\caches\transforms-3\21f0c1fbc7bfa601aae90078444d086d\transformed\jetified-core-splashscreen-1.0.1-api.jar because:
  Build cache is disabled
Skipping JetifyTransform: C:\Users\user\.gradle\caches\transforms-3\21f0c1fbc7bfa601aae90078444d086d\transformed\jetified-core-splashscreen-1.0.1-api.jar as it is up-to-date.
Caching disabled for AggregatedPackagesTransform: C:\Users\user\.gradle\caches\transforms-3\baf61b83f6c3110612203296d7424209\transformed\jetified-jetified-lifecycle-runtime-ktx-2.7.0-api.jar because:
  Build cache is disabled
Transforming jetified-core-splashscreen-1.0.1-api.jar with IdentityTransform
Caching disabled for JetifyTransform: C:\Users\user\.gradle\caches\transforms-3\c89768cdd4b0eb6c520987c6ca2e95a1\transformed\jetified-savedstate-ktx-1.2.1-api.jar because:
  Build cache is disabled
Skipping JetifyTransform: C:\Users\user\.gradle\caches\transforms-3\c89768cdd4b0eb6c520987c6ca2e95a1\transformed\jetified-savedstate-ktx-1.2.1-api.jar as it is up-to-date.
Transforming jetified-flexbox-3.0.0-api.jar with IdentityTransform
Transforming jetified-savedstate-ktx-1.2.1-api.jar with IdentityTransform
Caching disabled for JetifyTransform: C:\Users\user\.gradle\caches\transforms-3\c449d75113c087f03afea187b0a39f7e\transformed\jetified-savedstate-1.2.1-api.jar because:
  Build cache is disabled
Skipping JetifyTransform: C:\Users\user\.gradle\caches\transforms-3\c449d75113c087f03afea187b0a39f7e\transformed\jetified-savedstate-1.2.1-api.jar as it is up-to-date.
Caching disabled for AggregatedPackagesTransform: C:\Users\user\.gradle\caches\transforms-3\f5fc5fb98051e4a93daae7635f5494e2\transformed\jetified-lifecycle-livedata-core-2.7.0-api.jar because:
  Build cache is disabled
Skipping AggregatedPackagesTransform: C:\Users\user\.gradle\caches\transforms-3\f5fc5fb98051e4a93daae7635f5494e2\transformed\jetified-lifecycle-livedata-core-2.7.0-api.jar as it is up-to-date.
Caching disabled for AggregatedPackagesTransform: C:\Users\user\.gradle\caches\transforms-3\f2fb8ad6b1243b377d790ba963c22ad7\transformed\jetified-jetified-lifecycle-viewmodel-ktx-2.7.0-api.jar because:
  Build cache is disabled
Transforming jetified-savedstate-1.2.1-api.jar with IdentityTransform
Caching disabled for CopyTransform: C:\Users\user\.gradle\caches\transforms-3\0c568a51adaac8ea7f05cc2679937ab8\transformed\jetified-jetified-lifecycle-viewmodel-savedstate-2.7.0-api.jar because:
  Build cache is disabled
Skipping AggregatedPackagesTransform: C:\Users\user\.gradle\caches\transforms-3\f2fb8ad6b1243b377d790ba963c22ad7\transformed\jetified-jetified-lifecycle-viewmodel-ktx-2.7.0-api.jar as it is up-to-date.
Skipping CopyTransform: C:\Users\user\.gradle\caches\transforms-3\0c568a51adaac8ea7f05cc2679937ab8\transformed\jetified-jetified-lifecycle-viewmodel-savedstate-2.7.0-api.jar as it is up-to-date.
Skipping AggregatedPackagesTransform: C:\Users\user\.gradle\caches\transforms-3\baf61b83f6c3110612203296d7424209\transformed\jetified-jetified-lifecycle-runtime-ktx-2.7.0-api.jar as it is up-to-date.
Transforming jetified-core-ktx-1.12.0-api.jar with AggregatedPackagesTransform
Transforming jetified-lifecycle-viewmodel-savedstate-2.7.0-api.jar with AggregatedPackagesTransform
Caching disabled for JetifyTransform: C:\Users\user\.gradle\caches\transforms-3\76da9a07d1228e29a4beb3200800de48\transformed\jetified-kotlin-parcelize-runtime-1.9.22.jar because:
  Build cache is disabled
Skipping JetifyTransform: C:\Users\user\.gradle\caches\transforms-3\76da9a07d1228e29a4beb3200800de48\transformed\jetified-kotlin-parcelize-runtime-1.9.22.jar as it is up-to-date.
Caching disabled for JetifyTransform: C:\Users\user\.gradle\caches\transforms-3\564f38922432335703eaa961212f0075\transformed\jetified-annotation-experimental-1.4.0-api.jar because:
  Build cache is disabled
Skipping JetifyTransform: C:\Users\user\.gradle\caches\transforms-3\564f38922432335703eaa961212f0075\transformed\jetified-annotation-experimental-1.4.0-api.jar as it is up-to-date.
Transforming jetified-kotlin-parcelize-runtime-1.9.22.jar with IdentityTransform
Transforming jetified-annotation-experimental-1.4.0-api.jar with IdentityTransform
Caching disabled for IdentityTransform: C:\Users\user\.gradle\caches\transforms-3\4e8ff429073a27755c34a4011ff44721\transformed\jetified-jetified-flexbox-3.0.0-api.jar because:
  Build cache is disabled
Skipping IdentityTransform: C:\Users\user\.gradle\caches\transforms-3\4e8ff429073a27755c34a4011ff44721\transformed\jetified-jetified-flexbox-3.0.0-api.jar as it is up-to-date.
Caching disabled for IdentityTransform: C:\Users\user\.gradle\caches\transforms-3\bbd443e0c1c253773b8b2910e66e353a\transformed\jetified-jetified-core-splashscreen-1.0.1-api.jar because:
  Build cache is disabled
Transforming jetified-flexbox-3.0.0-api.jar with IdentityTransform
Caching disabled for JetifyTransform: C:\Users\user\.gradle\caches\transforms-3\7bb0199679dd1c71b81822bc48e5fa07\transformed\jetified-retrofit-2.9.0.jar because:
  Build cache is disabled
Transforming jetified-flexbox-3.0.0-api.jar with CopyTransform
Caching disabled for IdentityTransform: C:\Users\user\.gradle\caches\transforms-3\b402ab6182904b0952a1ce2c53952d19\transformed\jetified-jetified-kotlin-parcelize-runtime-1.9.22.jar because:
  Build cache is disabled
Caching disabled for JetifyTransform: C:\Users\user\.gradle\caches\transforms-3\8ae3b60496e0dd8965771a4a1ab68581\transformed\jetified-okhttp-4.12.0.jar because:
  Build cache is disabled
Skipping IdentityTransform: C:\Users\user\.gradle\caches\transforms-3\bbd443e0c1c253773b8b2910e66e353a\transformed\jetified-jetified-core-splashscreen-1.0.1-api.jar as it is up-to-date.
Skipping IdentityTransform: C:\Users\user\.gradle\caches\transforms-3\b402ab6182904b0952a1ce2c53952d19\transformed\jetified-jetified-kotlin-parcelize-runtime-1.9.22.jar as it is up-to-date.
Caching disabled for JetifyTransform: C:\Users\user\.gradle\caches\transforms-3\5f8fb35c0e42efc60950ab6c4084add3\transformed\jetified-logging-interceptor-4.12.0.jar because:
  Build cache is disabled
Caching disabled for IdentityTransform: C:\Users\user\.gradle\caches\transforms-3\f93c41a8629e9143dbeabd14ec1b9228\transformed\jetified-jetified-savedstate-ktx-1.2.1-api.jar because:
  Build cache is disabled
Skipping IdentityTransform: C:\Users\user\.gradle\caches\transforms-3\f93c41a8629e9143dbeabd14ec1b9228\transformed\jetified-jetified-savedstate-ktx-1.2.1-api.jar as it is up-to-date.
Caching disabled for IdentityTransform: C:\Users\user\.gradle\caches\transforms-3\749722cd646829e9d65aadfde2189ddd\transformed\jetified-jetified-savedstate-1.2.1-api.jar because:
  Build cache is disabled
Skipping JetifyTransform: C:\Users\user\.gradle\caches\transforms-3\7bb0199679dd1c71b81822bc48e5fa07\transformed\jetified-retrofit-2.9.0.jar as it is up-to-date.
Skipping IdentityTransform: C:\Users\user\.gradle\caches\transforms-3\749722cd646829e9d65aadfde2189ddd\transformed\jetified-jetified-savedstate-1.2.1-api.jar as it is up-to-date.
Caching disabled for JetifyTransform: C:\Users\user\.gradle\caches\transforms-3\b468f2c4aedee3d560fd4d8f4b5c09e4\transformed\jetified-converter-gson-2.9.0.jar because:
  Build cache is disabled
Skipping JetifyTransform: C:\Users\user\.gradle\caches\transforms-3\8ae3b60496e0dd8965771a4a1ab68581\transformed\jetified-okhttp-4.12.0.jar as it is up-to-date.
Skipping JetifyTransform: C:\Users\user\.gradle\caches\transforms-3\b468f2c4aedee3d560fd4d8f4b5c09e4\transformed\jetified-converter-gson-2.9.0.jar as it is up-to-date.
Transforming jetified-retrofit-2.9.0.jar with IdentityTransform
Transforming jetified-okhttp-4.12.0.jar with IdentityTransform
Transforming jetified-converter-gson-2.9.0.jar with IdentityTransform
Caching disabled for IdentityTransform: C:\Users\user\.gradle\caches\transforms-3\4ef7119b92fea9eb168494439a899861\transformed\jetified-jetified-annotation-experimental-1.4.0-api.jar because:
  Build cache is disabled
Caching disabled for CopyTransform: C:\Users\user\.gradle\caches\transforms-3\4e8ff429073a27755c34a4011ff44721\transformed\jetified-jetified-flexbox-3.0.0-api.jar because:
  Build cache is disabled
Transforming jetified-savedstate-ktx-1.2.1-api.jar with IdentityTransform
Skipping CopyTransform: C:\Users\user\.gradle\caches\transforms-3\4e8ff429073a27755c34a4011ff44721\transformed\jetified-jetified-flexbox-3.0.0-api.jar as it is up-to-date.
Caching disabled for AggregatedPackagesTransform: C:\Users\user\.gradle\caches\transforms-3\0c568a51adaac8ea7f05cc2679937ab8\transformed\jetified-jetified-lifecycle-viewmodel-savedstate-2.7.0-api.jar because:
  Build cache is disabled
Skipping AggregatedPackagesTransform: C:\Users\user\.gradle\caches\transforms-3\0c568a51adaac8ea7f05cc2679937ab8\transformed\jetified-jetified-lifecycle-viewmodel-savedstate-2.7.0-api.jar as it is up-to-date.
Transforming jetified-kotlin-parcelize-runtime-1.9.22.jar with IdentityTransform
Transforming jetified-core-splashscreen-1.0.1-api.jar with IdentityTransform
Skipping JetifyTransform: C:\Users\user\.gradle\caches\transforms-3\5f8fb35c0e42efc60950ab6c4084add3\transformed\jetified-logging-interceptor-4.12.0.jar as it is up-to-date.
Caching disabled for AggregatedPackagesTransform: C:\Users\user\.gradle\caches\transforms-3\9d675cdd13de0fc41e817d6458286b39\transformed\jetified-jetified-core-ktx-1.12.0-api.jar because:
  Build cache is disabled
Transforming jetified-core-splashscreen-1.0.1-api.jar with CopyTransform
Transforming jetified-logging-interceptor-4.12.0.jar with IdentityTransform
Transforming jetified-kotlin-parcelize-runtime-1.9.22.jar with CopyTransform
Caching disabled for IdentityTransform: C:\Users\user\.gradle\caches\transforms-3\968d1835affb3397d40877694c395af6\transformed\jetified-jetified-retrofit-2.9.0.jar because:
  Build cache is disabled
Skipping IdentityTransform: C:\Users\user\.gradle\caches\transforms-3\968d1835affb3397d40877694c395af6\transformed\jetified-jetified-retrofit-2.9.0.jar as it is up-to-date.
Skipping AggregatedPackagesTransform: C:\Users\user\.gradle\caches\transforms-3\9d675cdd13de0fc41e817d6458286b39\transformed\jetified-jetified-core-ktx-1.12.0-api.jar as it is up-to-date.
Transforming jetified-flexbox-3.0.0-api.jar with AggregatedPackagesTransform
Transforming jetified-savedstate-ktx-1.2.1-api.jar with CopyTransform
Skipping IdentityTransform: C:\Users\user\.gradle\caches\transforms-3\4ef7119b92fea9eb168494439a899861\transformed\jetified-jetified-annotation-experimental-1.4.0-api.jar as it is up-to-date.
Caching disabled for JetifyTransform: C:\Users\user\.gradle\caches\transforms-3\60bef1eb24540ffbbbe28d5005a4eff2\transformed\jetified-ads-adservices-java-1.0.0-beta05-api.jar because:
  Build cache is disabled
Transforming jetified-savedstate-1.2.1-api.jar with IdentityTransform
Skipping JetifyTransform: C:\Users\user\.gradle\caches\transforms-3\60bef1eb24540ffbbbe28d5005a4eff2\transformed\jetified-ads-adservices-java-1.0.0-beta05-api.jar as it is up-to-date.
Transforming jetified-savedstate-1.2.1-api.jar with CopyTransform
Transforming jetified-annotation-experimental-1.4.0-api.jar with IdentityTransform
Caching disabled for IdentityTransform: C:\Users\user\.gradle\caches\transforms-3\e54a8c109b8479ab74bd37015d96df5e\transformed\jetified-jetified-converter-gson-2.9.0.jar because:
  Build cache is disabled
Transforming jetified-annotation-experimental-1.4.0-api.jar with CopyTransform
Caching disabled for IdentityTransform: C:\Users\user\.gradle\caches\transforms-3\0723790123ae960050e7095820493e10\transformed\jetified-jetified-okhttp-4.12.0.jar because:
  Build cache is disabled
Skipping IdentityTransform: C:\Users\user\.gradle\caches\transforms-3\e54a8c109b8479ab74bd37015d96df5e\transformed\jetified-jetified-converter-gson-2.9.0.jar as it is up-to-date.
Skipping IdentityTransform: C:\Users\user\.gradle\caches\transforms-3\0723790123ae960050e7095820493e10\transformed\jetified-jetified-okhttp-4.12.0.jar as it is up-to-date.
Transforming jetified-retrofit-2.9.0.jar with IdentityTransform
Caching disabled for CopyTransform: C:\Users\user\.gradle\caches\transforms-3\b402ab6182904b0952a1ce2c53952d19\transformed\jetified-jetified-kotlin-parcelize-runtime-1.9.22.jar because:
  Build cache is disabled
Transforming jetified-okhttp-4.12.0.jar with IdentityTransform
Transforming jetified-retrofit-2.9.0.jar with CopyTransform
Transforming jetified-okhttp-4.12.0.jar with CopyTransform
Transforming jetified-ads-adservices-java-1.0.0-beta05-api.jar with IdentityTransform
Caching disabled for CopyTransform: C:\Users\user\.gradle\caches\transforms-3\bbd443e0c1c253773b8b2910e66e353a\transformed\jetified-jetified-core-splashscreen-1.0.1-api.jar because:
  Build cache is disabled
Skipping CopyTransform: C:\Users\user\.gradle\caches\transforms-3\b402ab6182904b0952a1ce2c53952d19\transformed\jetified-jetified-kotlin-parcelize-runtime-1.9.22.jar as it is up-to-date.
Skipping CopyTransform: C:\Users\user\.gradle\caches\transforms-3\bbd443e0c1c253773b8b2910e66e353a\transformed\jetified-jetified-core-splashscreen-1.0.1-api.jar as it is up-to-date.
Caching disabled for IdentityTransform: C:\Users\user\.gradle\caches\transforms-3\bedd43c0e8ac1171adedd0495b7b09b2\transformed\jetified-jetified-logging-interceptor-4.12.0.jar because:
  Build cache is disabled
Skipping IdentityTransform: C:\Users\user\.gradle\caches\transforms-3\bedd43c0e8ac1171adedd0495b7b09b2\transformed\jetified-jetified-logging-interceptor-4.12.0.jar as it is up-to-date.
Transforming jetified-core-splashscreen-1.0.1-api.jar with AggregatedPackagesTransform
Transforming jetified-logging-interceptor-4.12.0.jar with IdentityTransform
Transforming jetified-kotlin-parcelize-runtime-1.9.22.jar with AggregatedPackagesTransform
Transforming jetified-logging-interceptor-4.12.0.jar with CopyTransform
Transforming jetified-converter-gson-2.9.0.jar with IdentityTransform
Transforming jetified-converter-gson-2.9.0.jar with CopyTransform
Caching disabled for CopyTransform: C:\Users\user\.gradle\caches\transforms-3\749722cd646829e9d65aadfde2189ddd\transformed\jetified-jetified-savedstate-1.2.1-api.jar because:
  Build cache is disabled
Caching disabled for JetifyTransform: C:\Users\user\.gradle\caches\transforms-3\391a8c97f263b6ace37634f541176c75\transformed\jetified-ads-adservices-1.0.0-beta05-api.jar because:
  Build cache is disabled
Skipping CopyTransform: C:\Users\user\.gradle\caches\transforms-3\749722cd646829e9d65aadfde2189ddd\transformed\jetified-jetified-savedstate-1.2.1-api.jar as it is up-to-date.
Caching disabled for CopyTransform: C:\Users\user\.gradle\caches\transforms-3\4ef7119b92fea9eb168494439a899861\transformed\jetified-jetified-annotation-experimental-1.4.0-api.jar because:
  Build cache is disabled
Skipping JetifyTransform: C:\Users\user\.gradle\caches\transforms-3\391a8c97f263b6ace37634f541176c75\transformed\jetified-ads-adservices-1.0.0-beta05-api.jar as it is up-to-date.
Skipping CopyTransform: C:\Users\user\.gradle\caches\transforms-3\4ef7119b92fea9eb168494439a899861\transformed\jetified-jetified-annotation-experimental-1.4.0-api.jar as it is up-to-date.
Caching disabled for CopyTransform: C:\Users\user\.gradle\caches\transforms-3\968d1835affb3397d40877694c395af6\transformed\jetified-jetified-retrofit-2.9.0.jar because:
  Build cache is disabled
Caching disabled for AggregatedPackagesTransform: C:\Users\user\.gradle\caches\transforms-3\4e8ff429073a27755c34a4011ff44721\transformed\jetified-jetified-flexbox-3.0.0-api.jar because:
  Build cache is disabled
Transforming jetified-savedstate-1.2.1-api.jar with AggregatedPackagesTransform
Transforming jetified-ads-adservices-1.0.0-beta05-api.jar with IdentityTransform
Skipping CopyTransform: C:\Users\user\.gradle\caches\transforms-3\968d1835affb3397d40877694c395af6\transformed\jetified-jetified-retrofit-2.9.0.jar as it is up-to-date.
Caching disabled for CopyTransform: C:\Users\user\.gradle\caches\transforms-3\f93c41a8629e9143dbeabd14ec1b9228\transformed\jetified-jetified-savedstate-ktx-1.2.1-api.jar because:
  Build cache is disabled
Skipping CopyTransform: C:\Users\user\.gradle\caches\transforms-3\f93c41a8629e9143dbeabd14ec1b9228\transformed\jetified-jetified-savedstate-ktx-1.2.1-api.jar as it is up-to-date.
Transforming jetified-retrofit-2.9.0.jar with AggregatedPackagesTransform
Transforming jetified-savedstate-ktx-1.2.1-api.jar with AggregatedPackagesTransform
Caching disabled for IdentityTransform: C:\Users\user\.gradle\caches\transforms-3\16551d8ca3ef29f0df650905e1f2cc13\transformed\jetified-jetified-ads-adservices-java-1.0.0-beta05-api.jar because:
  Build cache is disabled
Skipping IdentityTransform: C:\Users\user\.gradle\caches\transforms-3\16551d8ca3ef29f0df650905e1f2cc13\transformed\jetified-jetified-ads-adservices-java-1.0.0-beta05-api.jar as it is up-to-date.
Caching disabled for AggregatedPackagesTransform: C:\Users\user\.gradle\caches\transforms-3\b402ab6182904b0952a1ce2c53952d19\transformed\jetified-jetified-kotlin-parcelize-runtime-1.9.22.jar because:
  Build cache is disabled
Caching disabled for CopyTransform: C:\Users\user\.gradle\caches\transforms-3\bedd43c0e8ac1171adedd0495b7b09b2\transformed\jetified-jetified-logging-interceptor-4.12.0.jar because:
  Build cache is disabled
Skipping CopyTransform: C:\Users\user\.gradle\caches\transforms-3\bedd43c0e8ac1171adedd0495b7b09b2\transformed\jetified-jetified-logging-interceptor-4.12.0.jar as it is up-to-date.
Skipping AggregatedPackagesTransform: C:\Users\user\.gradle\caches\transforms-3\4e8ff429073a27755c34a4011ff44721\transformed\jetified-jetified-flexbox-3.0.0-api.jar as it is up-to-date.
Caching disabled for CopyTransform: C:\Users\user\.gradle\caches\transforms-3\0723790123ae960050e7095820493e10\transformed\jetified-jetified-okhttp-4.12.0.jar because:
  Build cache is disabled
Skipping CopyTransform: C:\Users\user\.gradle\caches\transforms-3\0723790123ae960050e7095820493e10\transformed\jetified-jetified-okhttp-4.12.0.jar as it is up-to-date.
Transforming jetified-logging-interceptor-4.12.0.jar with AggregatedPackagesTransform
Skipping AggregatedPackagesTransform: C:\Users\user\.gradle\caches\transforms-3\b402ab6182904b0952a1ce2c53952d19\transformed\jetified-jetified-kotlin-parcelize-runtime-1.9.22.jar as it is up-to-date.
Transforming jetified-okhttp-4.12.0.jar with AggregatedPackagesTransform
Caching disabled for CopyTransform: C:\Users\user\.gradle\caches\transforms-3\e54a8c109b8479ab74bd37015d96df5e\transformed\jetified-jetified-converter-gson-2.9.0.jar because:
  Build cache is disabled
Skipping CopyTransform: C:\Users\user\.gradle\caches\transforms-3\e54a8c109b8479ab74bd37015d96df5e\transformed\jetified-jetified-converter-gson-2.9.0.jar as it is up-to-date.
Caching disabled for AggregatedPackagesTransform: C:\Users\user\.gradle\caches\transforms-3\0723790123ae960050e7095820493e10\transformed\jetified-jetified-okhttp-4.12.0.jar because:
  Build cache is disabled
Transforming jetified-annotation-experimental-1.4.0-api.jar with AggregatedPackagesTransform
Caching disabled for JetifyTransform: C:\Users\user\.gradle\caches\transforms-3\e6f1f03f0fed1b56197a2feb492ad572\transformed\jetified-kotlinx-coroutines-core-jvm-1.7.3.jar because:
  Build cache is disabled
Transforming jetified-converter-gson-2.9.0.jar with AggregatedPackagesTransform
Transforming jetified-ads-adservices-java-1.0.0-beta05-api.jar with IdentityTransform
Caching disabled for AggregatedPackagesTransform: C:\Users\user\.gradle\caches\transforms-3\bedd43c0e8ac1171adedd0495b7b09b2\transformed\jetified-jetified-logging-interceptor-4.12.0.jar because:
  Build cache is disabled
Caching disabled for IdentityTransform: C:\Users\user\.gradle\caches\transforms-3\2eac7bf1d6ac2ec89281bb134311b0a4\transformed\jetified-jetified-ads-adservices-1.0.0-beta05-api.jar because:
  Build cache is disabled
Caching disabled for AggregatedPackagesTransform: C:\Users\user\.gradle\caches\transforms-3\bbd443e0c1c253773b8b2910e66e353a\transformed\jetified-jetified-core-splashscreen-1.0.1-api.jar because:
  Build cache is disabled
Caching disabled for AggregatedPackagesTransform: C:\Users\user\.gradle\caches\transforms-3\f93c41a8629e9143dbeabd14ec1b9228\transformed\jetified-jetified-savedstate-ktx-1.2.1-api.jar because:
  Build cache is disabled
Caching disabled for AggregatedPackagesTransform: C:\Users\user\.gradle\caches\transforms-3\968d1835affb3397d40877694c395af6\transformed\jetified-jetified-retrofit-2.9.0.jar because:
  Build cache is disabled
Skipping AggregatedPackagesTransform: C:\Users\user\.gradle\caches\transforms-3\f93c41a8629e9143dbeabd14ec1b9228\transformed\jetified-jetified-savedstate-ktx-1.2.1-api.jar as it is up-to-date.
Caching disabled for JetifyTransform: C:\Users\user\.gradle\caches\transforms-3\bba663ab8ecedbea7764f0d84209caf8\transformed\jetified-kotlinx-coroutines-android-1.7.3.jar because:
  Build cache is disabled
Skipping JetifyTransform: C:\Users\user\.gradle\caches\transforms-3\bba663ab8ecedbea7764f0d84209caf8\transformed\jetified-kotlinx-coroutines-android-1.7.3.jar as it is up-to-date.
Skipping AggregatedPackagesTransform: C:\Users\user\.gradle\caches\transforms-3\bbd443e0c1c253773b8b2910e66e353a\transformed\jetified-jetified-core-splashscreen-1.0.1-api.jar as it is up-to-date.
Skipping IdentityTransform: C:\Users\user\.gradle\caches\transforms-3\2eac7bf1d6ac2ec89281bb134311b0a4\transformed\jetified-jetified-ads-adservices-1.0.0-beta05-api.jar as it is up-to-date.
Skipping AggregatedPackagesTransform: C:\Users\user\.gradle\caches\transforms-3\bedd43c0e8ac1171adedd0495b7b09b2\transformed\jetified-jetified-logging-interceptor-4.12.0.jar as it is up-to-date.
Transforming jetified-ads-adservices-java-1.0.0-beta05-api.jar with CopyTransform
Skipping JetifyTransform: C:\Users\user\.gradle\caches\transforms-3\e6f1f03f0fed1b56197a2feb492ad572\transformed\jetified-kotlinx-coroutines-core-jvm-1.7.3.jar as it is up-to-date.
Caching disabled for AggregatedPackagesTransform: C:\Users\user\.gradle\caches\transforms-3\749722cd646829e9d65aadfde2189ddd\transformed\jetified-jetified-savedstate-1.2.1-api.jar because:
  Build cache is disabled
Transforming jetified-kotlinx-coroutines-core-jvm-1.7.3.jar with IdentityTransform
Skipping AggregatedPackagesTransform: C:\Users\user\.gradle\caches\transforms-3\749722cd646829e9d65aadfde2189ddd\transformed\jetified-jetified-savedstate-1.2.1-api.jar as it is up-to-date.
Skipping AggregatedPackagesTransform: C:\Users\user\.gradle\caches\transforms-3\0723790123ae960050e7095820493e10\transformed\jetified-jetified-okhttp-4.12.0.jar as it is up-to-date.
Transforming jetified-kotlinx-coroutines-android-1.7.3.jar with IdentityTransform
Skipping AggregatedPackagesTransform: C:\Users\user\.gradle\caches\transforms-3\968d1835affb3397d40877694c395af6\transformed\jetified-jetified-retrofit-2.9.0.jar as it is up-to-date.
Caching disabled for AggregatedPackagesTransform: C:\Users\user\.gradle\caches\transforms-3\e54a8c109b8479ab74bd37015d96df5e\transformed\jetified-jetified-converter-gson-2.9.0.jar because:
  Build cache is disabled
Skipping AggregatedPackagesTransform: C:\Users\user\.gradle\caches\transforms-3\e54a8c109b8479ab74bd37015d96df5e\transformed\jetified-jetified-converter-gson-2.9.0.jar as it is up-to-date.
Caching disabled for AggregatedPackagesTransform: C:\Users\user\.gradle\caches\transforms-3\4ef7119b92fea9eb168494439a899861\transformed\jetified-jetified-annotation-experimental-1.4.0-api.jar because:
  Build cache is disabled
Skipping AggregatedPackagesTransform: C:\Users\user\.gradle\caches\transforms-3\4ef7119b92fea9eb168494439a899861\transformed\jetified-jetified-annotation-experimental-1.4.0-api.jar as it is up-to-date.
Caching disabled for IdentityTransform: C:\Users\user\.gradle\caches\transforms-3\1ff11a9ab1b8fc0707fbb596e258c339\transformed\jetified-jetified-kotlinx-coroutines-core-jvm-1.7.3.jar because:
  Build cache is disabled
Skipping IdentityTransform: C:\Users\user\.gradle\caches\transforms-3\1ff11a9ab1b8fc0707fbb596e258c339\transformed\jetified-jetified-kotlinx-coroutines-core-jvm-1.7.3.jar as it is up-to-date.
Caching disabled for CopyTransform: C:\Users\user\.gradle\caches\transforms-3\16551d8ca3ef29f0df650905e1f2cc13\transformed\jetified-jetified-ads-adservices-java-1.0.0-beta05-api.jar because:
  Build cache is disabled
Skipping CopyTransform: C:\Users\user\.gradle\caches\transforms-3\16551d8ca3ef29f0df650905e1f2cc13\transformed\jetified-jetified-ads-adservices-java-1.0.0-beta05-api.jar as it is up-to-date.
Transforming jetified-kotlinx-coroutines-core-jvm-1.7.3.jar with IdentityTransform
Caching disabled for JetifyTransform: C:\Users\user\.gradle\caches\transforms-3\504e8d07fc7b21c5488df584ac78930f\transformed\jetified-accompanist-permissions-0.32.0-api.jar because:
  Build cache is disabled
Transforming jetified-kotlinx-coroutines-core-jvm-1.7.3.jar with CopyTransform
Skipping JetifyTransform: C:\Users\user\.gradle\caches\transforms-3\504e8d07fc7b21c5488df584ac78930f\transformed\jetified-accompanist-permissions-0.32.0-api.jar as it is up-to-date.
Transforming jetified-ads-adservices-java-1.0.0-beta05-api.jar with AggregatedPackagesTransform
Caching disabled for JetifyTransform: C:\Users\user\.gradle\caches\transforms-3\77152a2a635f9881362be8e1412de56f\transformed\jetified-okio-jvm-3.6.0.jar because:
  Build cache is disabled
Skipping JetifyTransform: C:\Users\user\.gradle\caches\transforms-3\77152a2a635f9881362be8e1412de56f\transformed\jetified-okio-jvm-3.6.0.jar as it is up-to-date.
Transforming jetified-accompanist-permissions-0.32.0-api.jar with IdentityTransform
Caching disabled for IdentityTransform: C:\Users\user\.gradle\caches\transforms-3\af3f1d66932926c7d3afbd67ffc3eceb\transformed\jetified-jetified-kotlinx-coroutines-android-1.7.3.jar because:
  Build cache is disabled
Skipping IdentityTransform: C:\Users\user\.gradle\caches\transforms-3\af3f1d66932926c7d3afbd67ffc3eceb\transformed\jetified-jetified-kotlinx-coroutines-android-1.7.3.jar as it is up-to-date.
Transforming jetified-okio-jvm-3.6.0.jar with IdentityTransform
Transforming jetified-ads-adservices-1.0.0-beta05-api.jar with IdentityTransform
Transforming jetified-ads-adservices-1.0.0-beta05-api.jar with CopyTransform
Transforming jetified-kotlinx-coroutines-android-1.7.3.jar with IdentityTransform
Transforming jetified-kotlinx-coroutines-android-1.7.3.jar with CopyTransform
Caching disabled for JetifyTransform: C:\Users\user\.gradle\caches\transforms-3\9d137afe6c7c0b28d85fcf45079e2505\transformed\jetified-kotlin-android-extensions-runtime-1.9.22.jar because:
  Build cache is disabled
Skipping JetifyTransform: C:\Users\user\.gradle\caches\transforms-3\9d137afe6c7c0b28d85fcf45079e2505\transformed\jetified-kotlin-android-extensions-runtime-1.9.22.jar as it is up-to-date.
Transforming jetified-kotlin-android-extensions-runtime-1.9.22.jar with IdentityTransform
Caching disabled for JetifyTransform: C:\Users\user\.gradle\caches\transforms-3\791ee703779da1d6d846e2f0f61a84a8\transformed\sqlite-framework-2.4.0-api.jar because:
  Build cache is disabled
Skipping JetifyTransform: C:\Users\user\.gradle\caches\transforms-3\791ee703779da1d6d846e2f0f61a84a8\transformed\sqlite-framework-2.4.0-api.jar as it is up-to-date.
Transforming sqlite-framework-2.4.0-api.jar with IdentityTransform
Caching disabled for CopyTransform: C:\Users\user\.gradle\caches\transforms-3\af3f1d66932926c7d3afbd67ffc3eceb\transformed\jetified-jetified-kotlinx-coroutines-android-1.7.3.jar because:
  Build cache is disabled
Skipping CopyTransform: C:\Users\user\.gradle\caches\transforms-3\af3f1d66932926c7d3afbd67ffc3eceb\transformed\jetified-jetified-kotlinx-coroutines-android-1.7.3.jar as it is up-to-date.
Transforming jetified-kotlinx-coroutines-android-1.7.3.jar with AggregatedPackagesTransform
Caching disabled for JetifyTransform: C:\Users\user\.gradle\caches\transforms-3\752749e2153ae499cafc02c721e09a60\transformed\jetified-kotlin-stdlib-jdk8-1.9.10.jar because:
  Build cache is disabled
Caching disabled for JetifyTransform: C:\Users\user\.gradle\caches\transforms-3\45db995817c6f0fe1cd9ab8aca396e9f\transformed\jetified-lottie-compose-6.1.0-api.jar because:
  Build cache is disabled
Caching disabled for AggregatedPackagesTransform: C:\Users\user\.gradle\caches\transforms-3\16551d8ca3ef29f0df650905e1f2cc13\transformed\jetified-jetified-ads-adservices-java-1.0.0-beta05-api.jar because:
  Build cache is disabled
Caching disabled for CopyTransform: C:\Users\user\.gradle\caches\transforms-3\1ff11a9ab1b8fc0707fbb596e258c339\transformed\jetified-jetified-kotlinx-coroutines-core-jvm-1.7.3.jar because:
  Build cache is disabled
Skipping CopyTransform: C:\Users\user\.gradle\caches\transforms-3\1ff11a9ab1b8fc0707fbb596e258c339\transformed\jetified-jetified-kotlinx-coroutines-core-jvm-1.7.3.jar as it is up-to-date.
Skipping JetifyTransform: C:\Users\user\.gradle\caches\transforms-3\752749e2153ae499cafc02c721e09a60\transformed\jetified-kotlin-stdlib-jdk8-1.9.10.jar as it is up-to-date.
Caching disabled for JetifyTransform: C:\Users\user\.gradle\caches\transforms-3\2960c38c2832b087db84f8d958b0feaf\transformed\cursoradapter-1.0.0-api.jar because:
  Build cache is disabled
Skipping JetifyTransform: C:\Users\user\.gradle\caches\transforms-3\2960c38c2832b087db84f8d958b0feaf\transformed\cursoradapter-1.0.0-api.jar as it is up-to-date.
Transforming jetified-kotlinx-coroutines-core-jvm-1.7.3.jar with AggregatedPackagesTransform
Caching disabled for IdentityTransform: C:\Users\user\.gradle\caches\transforms-3\a16d3042ba934ba95af4f6e533e0cdfd\transformed\jetified-jetified-kotlin-android-extensions-runtime-1.9.22.jar because:
  Build cache is disabled
Skipping IdentityTransform: C:\Users\user\.gradle\caches\transforms-3\a16d3042ba934ba95af4f6e533e0cdfd\transformed\jetified-jetified-kotlin-android-extensions-runtime-1.9.22.jar as it is up-to-date.
Caching disabled for CopyTransform: C:\Users\user\.gradle\caches\transforms-3\2eac7bf1d6ac2ec89281bb134311b0a4\transformed\jetified-jetified-ads-adservices-1.0.0-beta05-api.jar because:
  Build cache is disabled
Skipping AggregatedPackagesTransform: C:\Users\user\.gradle\caches\transforms-3\16551d8ca3ef29f0df650905e1f2cc13\transformed\jetified-jetified-ads-adservices-java-1.0.0-beta05-api.jar as it is up-to-date.
Skipping CopyTransform: C:\Users\user\.gradle\caches\transforms-3\2eac7bf1d6ac2ec89281bb134311b0a4\transformed\jetified-jetified-ads-adservices-1.0.0-beta05-api.jar as it is up-to-date.
Skipping JetifyTransform: C:\Users\user\.gradle\caches\transforms-3\45db995817c6f0fe1cd9ab8aca396e9f\transformed\jetified-lottie-compose-6.1.0-api.jar as it is up-to-date.
Transforming jetified-kotlin-android-extensions-runtime-1.9.22.jar with IdentityTransform
Transforming jetified-kotlin-android-extensions-runtime-1.9.22.jar with CopyTransform
Transforming jetified-lottie-compose-6.1.0-api.jar with IdentityTransform
Transforming cursoradapter-1.0.0-api.jar with IdentityTransform
Transforming jetified-kotlin-stdlib-jdk8-1.9.10.jar with IdentityTransform
Transforming jetified-ads-adservices-1.0.0-beta05-api.jar with AggregatedPackagesTransform
Caching disabled for JetifyTransform: C:\Users\user\.gradle\caches\transforms-3\9c21dedb124216a6be9ef4e9be538624\transformed\cardview-1.0.0-api.jar because:
  Build cache is disabled
Skipping JetifyTransform: C:\Users\user\.gradle\caches\transforms-3\9c21dedb124216a6be9ef4e9be538624\transformed\cardview-1.0.0-api.jar as it is up-to-date.
Caching disabled for IdentityTransform: C:\Users\user\.gradle\caches\transforms-3\a2b1a2b311cc6e6626a7f796d6733b44\transformed\jetified-cursoradapter-1.0.0-api.jar because:
  Build cache is disabled
Caching disabled for AggregatedPackagesTransform: C:\Users\user\.gradle\caches\transforms-3\1ff11a9ab1b8fc0707fbb596e258c339\transformed\jetified-jetified-kotlinx-coroutines-core-jvm-1.7.3.jar because:
  Build cache is disabled
Skipping AggregatedPackagesTransform: C:\Users\user\.gradle\caches\transforms-3\1ff11a9ab1b8fc0707fbb596e258c339\transformed\jetified-jetified-kotlinx-coroutines-core-jvm-1.7.3.jar as it is up-to-date.
Caching disabled for IdentityTransform: C:\Users\user\.gradle\caches\transforms-3\06933decea4e653296874e7da1af4488\transformed\jetified-jetified-accompanist-permissions-0.32.0-api.jar because:
  Build cache is disabled
Skipping IdentityTransform: C:\Users\user\.gradle\caches\transforms-3\06933decea4e653296874e7da1af4488\transformed\jetified-jetified-accompanist-permissions-0.32.0-api.jar as it is up-to-date.
Transforming jetified-accompanist-permissions-0.32.0-api.jar with IdentityTransform
Transforming jetified-accompanist-permissions-0.32.0-api.jar with CopyTransform
Caching disabled for CopyTransform: C:\Users\user\.gradle\caches\transforms-3\a16d3042ba934ba95af4f6e533e0cdfd\transformed\jetified-jetified-kotlin-android-extensions-runtime-1.9.22.jar because:
  Build cache is disabled
Caching disabled for IdentityTransform: C:\Users\user\.gradle\caches\transforms-3\09e41fb72d974323f8711a3b654fee24\transformed\jetified-jetified-kotlin-stdlib-jdk8-1.9.10.jar because:
  Build cache is disabled
Skipping IdentityTransform: C:\Users\user\.gradle\caches\transforms-3\09e41fb72d974323f8711a3b654fee24\transformed\jetified-jetified-kotlin-stdlib-jdk8-1.9.10.jar as it is up-to-date.
Transforming jetified-kotlin-stdlib-jdk8-1.9.10.jar with IdentityTransform
Transforming jetified-kotlin-stdlib-jdk8-1.9.10.jar with CopyTransform
Caching disabled for IdentityTransform: C:\Users\user\.gradle\caches\transforms-3\a95d03779f1d735c6af6f00404fd8515\transformed\jetified-jetified-lottie-compose-6.1.0-api.jar because:
  Build cache is disabled
Skipping IdentityTransform: C:\Users\user\.gradle\caches\transforms-3\a95d03779f1d735c6af6f00404fd8515\transformed\jetified-jetified-lottie-compose-6.1.0-api.jar as it is up-to-date.
Transforming cardview-1.0.0-api.jar with IdentityTransform
Caching disabled for JetifyTransform: C:\Users\user\.gradle\caches\transforms-3\4cd09b97d41e311bdd74e3447f9f3891\transformed\sqlite-2.4.0-api.jar because:
  Build cache is disabled
Skipping JetifyTransform: C:\Users\user\.gradle\caches\transforms-3\4cd09b97d41e311bdd74e3447f9f3891\transformed\sqlite-2.4.0-api.jar as it is up-to-date.
Caching disabled for JetifyTransform: C:\Users\user\.gradle\caches\transforms-3\9ed11a3d3f36ba78ce0245360ce24680\transformed\versionedparcelable-1.1.1-api.jar because:
  Build cache is disabled
Skipping JetifyTransform: C:\Users\user\.gradle\caches\transforms-3\9ed11a3d3f36ba78ce0245360ce24680\transformed\versionedparcelable-1.1.1-api.jar as it is up-to-date.
Skipping CopyTransform: C:\Users\user\.gradle\caches\transforms-3\a16d3042ba934ba95af4f6e533e0cdfd\transformed\jetified-jetified-kotlin-android-extensions-runtime-1.9.22.jar as it is up-to-date.
Caching disabled for IdentityTransform: C:\Users\user\.gradle\caches\transforms-3\73327c953553e2674339d48b0c1d4eba\transformed\jetified-sqlite-framework-2.4.0-api.jar because:
  Build cache is disabled
Transforming versionedparcelable-1.1.1-api.jar with IdentityTransform
Skipping IdentityTransform: C:\Users\user\.gradle\caches\transforms-3\73327c953553e2674339d48b0c1d4eba\transformed\jetified-sqlite-framework-2.4.0-api.jar as it is up-to-date.
Caching disabled for AggregatedPackagesTransform: C:\Users\user\.gradle\caches\transforms-3\2eac7bf1d6ac2ec89281bb134311b0a4\transformed\jetified-jetified-ads-adservices-1.0.0-beta05-api.jar because:
  Build cache is disabled
Transforming jetified-kotlin-android-extensions-runtime-1.9.22.jar with AggregatedPackagesTransform
Transforming jetified-lottie-compose-6.1.0-api.jar with IdentityTransform
Transforming jetified-lottie-compose-6.1.0-api.jar with CopyTransform
Transforming sqlite-framework-2.4.0-api.jar with IdentityTransform
Transforming sqlite-framework-2.4.0-api.jar with CopyTransform
Caching disabled for CopyTransform: C:\Users\user\.gradle\caches\transforms-3\09e41fb72d974323f8711a3b654fee24\transformed\jetified-jetified-kotlin-stdlib-jdk8-1.9.10.jar because:
  Build cache is disabled
Caching disabled for IdentityTransform: C:\Users\user\.gradle\caches\transforms-3\8c396efa8abe9dfe8e3bc172d5240854\transformed\jetified-jetified-okio-jvm-3.6.0.jar because:
  Build cache is disabled
Skipping IdentityTransform: C:\Users\user\.gradle\caches\transforms-3\a2b1a2b311cc6e6626a7f796d6733b44\transformed\jetified-cursoradapter-1.0.0-api.jar as it is up-to-date.
Caching disabled for AggregatedPackagesTransform: C:\Users\user\.gradle\caches\transforms-3\af3f1d66932926c7d3afbd67ffc3eceb\transformed\jetified-jetified-kotlinx-coroutines-android-1.7.3.jar because:
  Build cache is disabled
Caching disabled for CopyTransform: C:\Users\user\.gradle\caches\transforms-3\73327c953553e2674339d48b0c1d4eba\transformed\jetified-sqlite-framework-2.4.0-api.jar because:
  Build cache is disabled
Caching disabled for AggregatedPackagesTransform: C:\Users\user\.gradle\caches\transforms-3\a16d3042ba934ba95af4f6e533e0cdfd\transformed\jetified-jetified-kotlin-android-extensions-runtime-1.9.22.jar because:
  Build cache is disabled
Caching disabled for IdentityTransform: C:\Users\user\.gradle\caches\transforms-3\fea28b6f58c5c01cce9b0cda7fff88d4\transformed\jetified-versionedparcelable-1.1.1-api.jar because:
  Build cache is disabled
Skipping CopyTransform: C:\Users\user\.gradle\caches\transforms-3\09e41fb72d974323f8711a3b654fee24\transformed\jetified-jetified-kotlin-stdlib-jdk8-1.9.10.jar as it is up-to-date.
Caching disabled for IdentityTransform: C:\Users\user\.gradle\caches\transforms-3\87ac0f1d057690bdc39290c5d6fd4039\transformed\jetified-cardview-1.0.0-api.jar because:
  Build cache is disabled
Caching disabled for CopyTransform: C:\Users\user\.gradle\caches\transforms-3\06933decea4e653296874e7da1af4488\transformed\jetified-jetified-accompanist-permissions-0.32.0-api.jar because:
  Build cache is disabled
Transforming cursoradapter-1.0.0-api.jar with IdentityTransform
Skipping CopyTransform: C:\Users\user\.gradle\caches\transforms-3\06933decea4e653296874e7da1af4488\transformed\jetified-jetified-accompanist-permissions-0.32.0-api.jar as it is up-to-date.
Transforming sqlite-2.4.0-api.jar with IdentityTransform
Skipping AggregatedPackagesTransform: C:\Users\user\.gradle\caches\transforms-3\2eac7bf1d6ac2ec89281bb134311b0a4\transformed\jetified-jetified-ads-adservices-1.0.0-beta05-api.jar as it is up-to-date.
Transforming jetified-kotlin-stdlib-jdk8-1.9.10.jar with AggregatedPackagesTransform
Transforming jetified-accompanist-permissions-0.32.0-api.jar with AggregatedPackagesTransform
Transforming cursoradapter-1.0.0-api.jar with CopyTransform
Skipping IdentityTransform: C:\Users\user\.gradle\caches\transforms-3\87ac0f1d057690bdc39290c5d6fd4039\transformed\jetified-cardview-1.0.0-api.jar as it is up-to-date.
Skipping IdentityTransform: C:\Users\user\.gradle\caches\transforms-3\fea28b6f58c5c01cce9b0cda7fff88d4\transformed\jetified-versionedparcelable-1.1.1-api.jar as it is up-to-date.
Caching disabled for CopyTransform: C:\Users\user\.gradle\caches\transforms-3\a95d03779f1d735c6af6f00404fd8515\transformed\jetified-jetified-lottie-compose-6.1.0-api.jar because:
  Build cache is disabled
Skipping AggregatedPackagesTransform: C:\Users\user\.gradle\caches\transforms-3\a16d3042ba934ba95af4f6e533e0cdfd\transformed\jetified-jetified-kotlin-android-extensions-runtime-1.9.22.jar as it is up-to-date.
Skipping CopyTransform: C:\Users\user\.gradle\caches\transforms-3\73327c953553e2674339d48b0c1d4eba\transformed\jetified-sqlite-framework-2.4.0-api.jar as it is up-to-date.
Skipping IdentityTransform: C:\Users\user\.gradle\caches\transforms-3\8c396efa8abe9dfe8e3bc172d5240854\transformed\jetified-jetified-okio-jvm-3.6.0.jar as it is up-to-date.
Skipping AggregatedPackagesTransform: C:\Users\user\.gradle\caches\transforms-3\af3f1d66932926c7d3afbd67ffc3eceb\transformed\jetified-jetified-kotlinx-coroutines-android-1.7.3.jar as it is up-to-date.
Transforming jetified-okio-jvm-3.6.0.jar with IdentityTransform
Transforming sqlite-framework-2.4.0-api.jar with AggregatedPackagesTransform
Transforming versionedparcelable-1.1.1-api.jar with IdentityTransform
Skipping CopyTransform: C:\Users\user\.gradle\caches\transforms-3\a95d03779f1d735c6af6f00404fd8515\transformed\jetified-jetified-lottie-compose-6.1.0-api.jar as it is up-to-date.
Transforming versionedparcelable-1.1.1-api.jar with CopyTransform
Transforming cardview-1.0.0-api.jar with IdentityTransform
Caching disabled for IdentityTransform: C:\Users\user\.gradle\caches\transforms-3\d103ee764b49222208491840e4dbef8f\transformed\jetified-sqlite-2.4.0-api.jar because:
  Build cache is disabled
Transforming jetified-okio-jvm-3.6.0.jar with CopyTransform
Transforming jetified-lottie-compose-6.1.0-api.jar with AggregatedPackagesTransform
Transforming cardview-1.0.0-api.jar with CopyTransform
Skipping IdentityTransform: C:\Users\user\.gradle\caches\transforms-3\d103ee764b49222208491840e4dbef8f\transformed\jetified-sqlite-2.4.0-api.jar as it is up-to-date.
Caching disabled for JetifyTransform: C:\Users\user\.gradle\caches\transforms-3\42e8d76518df9ea4cb448b1ce9157841\transformed\jetified-collection-jvm-1.4.0.jar because:
  Build cache is disabled
Caching disabled for CopyTransform: C:\Users\user\.gradle\caches\transforms-3\a2b1a2b311cc6e6626a7f796d6733b44\transformed\jetified-cursoradapter-1.0.0-api.jar because:
  Build cache is disabled
Skipping JetifyTransform: C:\Users\user\.gradle\caches\transforms-3\42e8d76518df9ea4cb448b1ce9157841\transformed\jetified-collection-jvm-1.4.0.jar as it is up-to-date.
Skipping CopyTransform: C:\Users\user\.gradle\caches\transforms-3\a2b1a2b311cc6e6626a7f796d6733b44\transformed\jetified-cursoradapter-1.0.0-api.jar as it is up-to-date.
Caching disabled for AggregatedPackagesTransform: C:\Users\user\.gradle\caches\transforms-3\06933decea4e653296874e7da1af4488\transformed\jetified-jetified-accompanist-permissions-0.32.0-api.jar because:
  Build cache is disabled
Skipping AggregatedPackagesTransform: C:\Users\user\.gradle\caches\transforms-3\06933decea4e653296874e7da1af4488\transformed\jetified-jetified-accompanist-permissions-0.32.0-api.jar as it is up-to-date.
Transforming cursoradapter-1.0.0-api.jar with AggregatedPackagesTransform
Transforming sqlite-2.4.0-api.jar with IdentityTransform
Transforming sqlite-2.4.0-api.jar with CopyTransform
Transforming jetified-collection-jvm-1.4.0.jar with IdentityTransform
Caching disabled for AggregatedPackagesTransform: C:\Users\user\.gradle\caches\transforms-3\73327c953553e2674339d48b0c1d4eba\transformed\jetified-sqlite-framework-2.4.0-api.jar because:
  Build cache is disabled
Skipping AggregatedPackagesTransform: C:\Users\user\.gradle\caches\transforms-3\73327c953553e2674339d48b0c1d4eba\transformed\jetified-sqlite-framework-2.4.0-api.jar as it is up-to-date.
Caching disabled for JetifyTransform: C:\Users\user\.gradle\caches\transforms-3\0f110cce74a7e6178c884802ec44bf6a\transformed\core-runtime-2.2.0-api.jar because:
  Build cache is disabled
Skipping JetifyTransform: C:\Users\user\.gradle\caches\transforms-3\0f110cce74a7e6178c884802ec44bf6a\transformed\core-runtime-2.2.0-api.jar as it is up-to-date.
Transforming core-runtime-2.2.0-api.jar with IdentityTransform
Caching disabled for CopyTransform: C:\Users\user\.gradle\caches\transforms-3\8c396efa8abe9dfe8e3bc172d5240854\transformed\jetified-jetified-okio-jvm-3.6.0.jar because:
  Build cache is disabled
Caching disabled for CopyTransform: C:\Users\user\.gradle\caches\transforms-3\fea28b6f58c5c01cce9b0cda7fff88d4\transformed\jetified-versionedparcelable-1.1.1-api.jar because:
  Build cache is disabled
Caching disabled for AggregatedPackagesTransform: C:\Users\user\.gradle\caches\transforms-3\09e41fb72d974323f8711a3b654fee24\transformed\jetified-jetified-kotlin-stdlib-jdk8-1.9.10.jar because:
  Build cache is disabled
Skipping AggregatedPackagesTransform: C:\Users\user\.gradle\caches\transforms-3\09e41fb72d974323f8711a3b654fee24\transformed\jetified-jetified-kotlin-stdlib-jdk8-1.9.10.jar as it is up-to-date.
Caching disabled for AggregatedPackagesTransform: C:\Users\user\.gradle\caches\transforms-3\a95d03779f1d735c6af6f00404fd8515\transformed\jetified-jetified-lottie-compose-6.1.0-api.jar because:
  Build cache is disabled
Skipping AggregatedPackagesTransform: C:\Users\user\.gradle\caches\transforms-3\a95d03779f1d735c6af6f00404fd8515\transformed\jetified-jetified-lottie-compose-6.1.0-api.jar as it is up-to-date.
Skipping CopyTransform: C:\Users\user\.gradle\caches\transforms-3\fea28b6f58c5c01cce9b0cda7fff88d4\transformed\jetified-versionedparcelable-1.1.1-api.jar as it is up-to-date.
Skipping CopyTransform: C:\Users\user\.gradle\caches\transforms-3\8c396efa8abe9dfe8e3bc172d5240854\transformed\jetified-jetified-okio-jvm-3.6.0.jar as it is up-to-date.
Caching disabled for CopyTransform: C:\Users\user\.gradle\caches\transforms-3\87ac0f1d057690bdc39290c5d6fd4039\transformed\jetified-cardview-1.0.0-api.jar because:
  Build cache is disabled
Skipping CopyTransform: C:\Users\user\.gradle\caches\transforms-3\87ac0f1d057690bdc39290c5d6fd4039\transformed\jetified-cardview-1.0.0-api.jar as it is up-to-date.
Transforming jetified-okio-jvm-3.6.0.jar with AggregatedPackagesTransform
Transforming cardview-1.0.0-api.jar with AggregatedPackagesTransform
Caching disabled for JetifyTransform: C:\Users\user\.gradle\caches\transforms-3\ed3c388887218f1d50c6f6f5b33cc3f5\transformed\interpolator-1.0.0-api.jar because:
  Build cache is disabled
Caching disabled for AggregatedPackagesTransform: C:\Users\user\.gradle\caches\transforms-3\a2b1a2b311cc6e6626a7f796d6733b44\transformed\jetified-cursoradapter-1.0.0-api.jar because:
  Build cache is disabled
Skipping JetifyTransform: C:\Users\user\.gradle\caches\transforms-3\ed3c388887218f1d50c6f6f5b33cc3f5\transformed\interpolator-1.0.0-api.jar as it is up-to-date.
Skipping AggregatedPackagesTransform: C:\Users\user\.gradle\caches\transforms-3\a2b1a2b311cc6e6626a7f796d6733b44\transformed\jetified-cursoradapter-1.0.0-api.jar as it is up-to-date.
Caching disabled for IdentityTransform: C:\Users\user\.gradle\caches\transforms-3\56dceca50d358071a4e542f4029bb980\transformed\jetified-core-runtime-2.2.0-api.jar because:
  Build cache is disabled
Transforming interpolator-1.0.0-api.jar with IdentityTransform
Skipping IdentityTransform: C:\Users\user\.gradle\caches\transforms-3\56dceca50d358071a4e542f4029bb980\transformed\jetified-core-runtime-2.2.0-api.jar as it is up-to-date.
Transforming versionedparcelable-1.1.1-api.jar with AggregatedPackagesTransform
Caching disabled for JetifyTransform: C:\Users\user\.gradle\caches\transforms-3\6976a1a9976b54a778b0ed337140aead\transformed\print-1.0.0-api.jar because:
  Build cache is disabled
Skipping JetifyTransform: C:\Users\user\.gradle\caches\transforms-3\6976a1a9976b54a778b0ed337140aead\transformed\print-1.0.0-api.jar as it is up-to-date.
Transforming core-runtime-2.2.0-api.jar with IdentityTransform
Caching disabled for CopyTransform: C:\Users\user\.gradle\caches\transforms-3\d103ee764b49222208491840e4dbef8f\transformed\jetified-sqlite-2.4.0-api.jar because:
  Build cache is disabled
Caching disabled for IdentityTransform: C:\Users\user\.gradle\caches\transforms-3\0a1d54b897d56aee7745aeb29a4933cf\transformed\jetified-jetified-collection-jvm-1.4.0.jar because:
  Build cache is disabled
Skipping CopyTransform: C:\Users\user\.gradle\caches\transforms-3\d103ee764b49222208491840e4dbef8f\transformed\jetified-sqlite-2.4.0-api.jar as it is up-to-date.
Caching disabled for JetifyTransform: C:\Users\user\.gradle\caches\transforms-3\83f966be81996885906751c46a8853bd\transformed\jetified-annotation-jvm-1.7.0.jar because:
  Build cache is disabled
Skipping IdentityTransform: C:\Users\user\.gradle\caches\transforms-3\0a1d54b897d56aee7745aeb29a4933cf\transformed\jetified-jetified-collection-jvm-1.4.0.jar as it is up-to-date.
Skipping JetifyTransform: C:\Users\user\.gradle\caches\transforms-3\83f966be81996885906751c46a8853bd\transformed\jetified-annotation-jvm-1.7.0.jar as it is up-to-date.
Transforming sqlite-2.4.0-api.jar with AggregatedPackagesTransform
Transforming jetified-annotation-jvm-1.7.0.jar with IdentityTransform
Transforming core-runtime-2.2.0-api.jar with CopyTransform
Caching disabled for JetifyTransform: C:\Users\user\.gradle\caches\transforms-3\f73fdae6af9b3b23b8bbdacdcfdfda38\transformed\localbroadcastmanager-1.0.0-api.jar because:
  Build cache is disabled
Transforming jetified-collection-jvm-1.4.0.jar with IdentityTransform
Skipping JetifyTransform: C:\Users\user\.gradle\caches\transforms-3\f73fdae6af9b3b23b8bbdacdcfdfda38\transformed\localbroadcastmanager-1.0.0-api.jar as it is up-to-date.
Caching disabled for JetifyTransform: C:\Users\user\.gradle\caches\transforms-3\8344548ae0e0266b431f387e6192ef80\transformed\documentfile-1.0.0-api.jar because:
  Build cache is disabled
Skipping JetifyTransform: C:\Users\user\.gradle\caches\transforms-3\8344548ae0e0266b431f387e6192ef80\transformed\documentfile-1.0.0-api.jar as it is up-to-date.
Transforming print-1.0.0-api.jar with IdentityTransform
Caching disabled for AggregatedPackagesTransform: C:\Users\user\.gradle\caches\transforms-3\8c396efa8abe9dfe8e3bc172d5240854\transformed\jetified-jetified-okio-jvm-3.6.0.jar because:
  Build cache is disabled
Skipping AggregatedPackagesTransform: C:\Users\user\.gradle\caches\transforms-3\8c396efa8abe9dfe8e3bc172d5240854\transformed\jetified-jetified-okio-jvm-3.6.0.jar as it is up-to-date.
Transforming jetified-collection-jvm-1.4.0.jar with CopyTransform
Caching disabled for AggregatedPackagesTransform: C:\Users\user\.gradle\caches\transforms-3\fea28b6f58c5c01cce9b0cda7fff88d4\transformed\jetified-versionedparcelable-1.1.1-api.jar because:
  Build cache is disabled
Skipping AggregatedPackagesTransform: C:\Users\user\.gradle\caches\transforms-3\fea28b6f58c5c01cce9b0cda7fff88d4\transformed\jetified-versionedparcelable-1.1.1-api.jar as it is up-to-date.
Transforming documentfile-1.0.0-api.jar with IdentityTransform
Transforming localbroadcastmanager-1.0.0-api.jar with IdentityTransform
Caching disabled for IdentityTransform: C:\Users\user\.gradle\caches\transforms-3\7afe16b93c068b3eb04f9ca7b4fae3fd\transformed\jetified-jetified-annotation-jvm-1.7.0.jar because:
  Build cache is disabled
Caching disabled for IdentityTransform: C:\Users\user\.gradle\caches\transforms-3\f0ddddbbb0335cf0c0a33e047ab60e15\transformed\jetified-print-1.0.0-api.jar because:
  Build cache is disabled
Skipping IdentityTransform: C:\Users\user\.gradle\caches\transforms-3\f0ddddbbb0335cf0c0a33e047ab60e15\transformed\jetified-print-1.0.0-api.jar as it is up-to-date.
Transforming print-1.0.0-api.jar with IdentityTransform
Transforming print-1.0.0-api.jar with CopyTransform
Caching disabled for AggregatedPackagesTransform: C:\Users\user\.gradle\caches\transforms-3\87ac0f1d057690bdc39290c5d6fd4039\transformed\jetified-cardview-1.0.0-api.jar because:
  Build cache is disabled
Caching disabled for CopyTransform: C:\Users\user\.gradle\caches\transforms-3\56dceca50d358071a4e542f4029bb980\transformed\jetified-core-runtime-2.2.0-api.jar because:
  Build cache is disabled
Skipping IdentityTransform: C:\Users\user\.gradle\caches\transforms-3\7afe16b93c068b3eb04f9ca7b4fae3fd\transformed\jetified-jetified-annotation-jvm-1.7.0.jar as it is up-to-date.
Skipping AggregatedPackagesTransform: C:\Users\user\.gradle\caches\transforms-3\87ac0f1d057690bdc39290c5d6fd4039\transformed\jetified-cardview-1.0.0-api.jar as it is up-to-date.
Skipping CopyTransform: C:\Users\user\.gradle\caches\transforms-3\56dceca50d358071a4e542f4029bb980\transformed\jetified-core-runtime-2.2.0-api.jar as it is up-to-date.
Transforming jetified-annotation-jvm-1.7.0.jar with IdentityTransform
Transforming jetified-annotation-jvm-1.7.0.jar with CopyTransform
Caching disabled for JetifyTransform: C:\Users\user\.gradle\caches\transforms-3\6d93db5f7bed33676134b9ab052a2526\transformed\jetified-kotlin-stdlib-jdk7-1.9.10.jar because:
  Build cache is disabled
Transforming core-runtime-2.2.0-api.jar with AggregatedPackagesTransform
Skipping JetifyTransform: C:\Users\user\.gradle\caches\transforms-3\6d93db5f7bed33676134b9ab052a2526\transformed\jetified-kotlin-stdlib-jdk7-1.9.10.jar as it is up-to-date.
Caching disabled for CopyTransform: C:\Users\user\.gradle\caches\transforms-3\0a1d54b897d56aee7745aeb29a4933cf\transformed\jetified-jetified-collection-jvm-1.4.0.jar because:
  Build cache is disabled
Skipping CopyTransform: C:\Users\user\.gradle\caches\transforms-3\0a1d54b897d56aee7745aeb29a4933cf\transformed\jetified-jetified-collection-jvm-1.4.0.jar as it is up-to-date.
Transforming jetified-kotlin-stdlib-jdk7-1.9.10.jar with IdentityTransform
Transforming jetified-collection-jvm-1.4.0.jar with AggregatedPackagesTransform
Caching disabled for IdentityTransform: C:\Users\user\.gradle\caches\transforms-3\50e7bf06fde218b7ec9ef8118ea4a69b\transformed\jetified-localbroadcastmanager-1.0.0-api.jar because:
  Build cache is disabled
Skipping IdentityTransform: C:\Users\user\.gradle\caches\transforms-3\50e7bf06fde218b7ec9ef8118ea4a69b\transformed\jetified-localbroadcastmanager-1.0.0-api.jar as it is up-to-date.
Transforming localbroadcastmanager-1.0.0-api.jar with IdentityTransform
Transforming localbroadcastmanager-1.0.0-api.jar with CopyTransform
Caching disabled for IdentityTransform: C:\Users\user\.gradle\caches\transforms-3\2633f699264cda3b48a1c4aea38e2c48\transformed\jetified-interpolator-1.0.0-api.jar because:
  Build cache is disabled
Skipping IdentityTransform: C:\Users\user\.gradle\caches\transforms-3\2633f699264cda3b48a1c4aea38e2c48\transformed\jetified-interpolator-1.0.0-api.jar as it is up-to-date.
Caching disabled for JetifyTransform: C:\Users\user\.gradle\caches\transforms-3\9f16e3865a4dfc170695dda65dfb3e08\transformed\jetified-kotlin-stdlib-1.9.22.jar because:
  Build cache is disabled
Caching disabled for AggregatedPackagesTransform: C:\Users\user\.gradle\caches\transforms-3\56dceca50d358071a4e542f4029bb980\transformed\jetified-core-runtime-2.2.0-api.jar because:
  Build cache is disabled
Skipping JetifyTransform: C:\Users\user\.gradle\caches\transforms-3\9f16e3865a4dfc170695dda65dfb3e08\transformed\jetified-kotlin-stdlib-1.9.22.jar as it is up-to-date.
Transforming interpolator-1.0.0-api.jar with IdentityTransform
Skipping AggregatedPackagesTransform: C:\Users\user\.gradle\caches\transforms-3\56dceca50d358071a4e542f4029bb980\transformed\jetified-core-runtime-2.2.0-api.jar as it is up-to-date.
Transforming interpolator-1.0.0-api.jar with CopyTransform
Caching disabled for JetifyTransform: C:\Users\user\.gradle\caches\transforms-3\85dadd17848d8ff83450bcee2ffcfb88\transformed\jetified-volley-1.2.1-api.jar because:
  Build cache is disabled
Caching disabled for AggregatedPackagesTransform: C:\Users\user\.gradle\caches\transforms-3\d103ee764b49222208491840e4dbef8f\transformed\jetified-sqlite-2.4.0-api.jar because:
  Build cache is disabled
Caching disabled for CopyTransform: C:\Users\user\.gradle\caches\transforms-3\7afe16b93c068b3eb04f9ca7b4fae3fd\transformed\jetified-jetified-annotation-jvm-1.7.0.jar because:
  Build cache is disabled
Caching disabled for JetifyTransform: C:\Users\user\.gradle\caches\transforms-3\69ec143c9cae660172684e88ed994902\transformed\jetified-lottie-6.1.0-api.jar because:
  Build cache is disabled
Caching disabled for CopyTransform: C:\Users\user\.gradle\caches\transforms-3\f0ddddbbb0335cf0c0a33e047ab60e15\transformed\jetified-print-1.0.0-api.jar because:
  Build cache is disabled
Skipping JetifyTransform: C:\Users\user\.gradle\caches\transforms-3\69ec143c9cae660172684e88ed994902\transformed\jetified-lottie-6.1.0-api.jar as it is up-to-date.
Skipping JetifyTransform: C:\Users\user\.gradle\caches\transforms-3\85dadd17848d8ff83450bcee2ffcfb88\transformed\jetified-volley-1.2.1-api.jar as it is up-to-date.
Caching disabled for CopyTransform: C:\Users\user\.gradle\caches\transforms-3\50e7bf06fde218b7ec9ef8118ea4a69b\transformed\jetified-localbroadcastmanager-1.0.0-api.jar because:
  Build cache is disabled
Transforming jetified-volley-1.2.1-api.jar with IdentityTransform
Caching disabled for AggregatedPackagesTransform: C:\Users\user\.gradle\caches\transforms-3\0a1d54b897d56aee7745aeb29a4933cf\transformed\jetified-jetified-collection-jvm-1.4.0.jar because:
  Build cache is disabled
Caching disabled for CopyTransform: C:\Users\user\.gradle\caches\transforms-3\2633f699264cda3b48a1c4aea38e2c48\transformed\jetified-interpolator-1.0.0-api.jar because:
  Build cache is disabled
Skipping CopyTransform: C:\Users\user\.gradle\caches\transforms-3\2633f699264cda3b48a1c4aea38e2c48\transformed\jetified-interpolator-1.0.0-api.jar as it is up-to-date.
Caching disabled for JetifyTransform: C:\Users\user\.gradle\caches\transforms-3\ae29473a93cfcfd6c17f6ffe00473902\transformed\jetified-Android-Image-Slider-1.4.0-api.jar because:
  Build cache is disabled
Skipping JetifyTransform: C:\Users\user\.gradle\caches\transforms-3\ae29473a93cfcfd6c17f6ffe00473902\transformed\jetified-Android-Image-Slider-1.4.0-api.jar as it is up-to-date.
Transforming jetified-Android-Image-Slider-1.4.0-api.jar with IdentityTransform
Transforming jetified-kotlin-stdlib-1.9.22.jar with IdentityTransform
Transforming interpolator-1.0.0-api.jar with AggregatedPackagesTransform
Skipping AggregatedPackagesTransform: C:\Users\user\.gradle\caches\transforms-3\0a1d54b897d56aee7745aeb29a4933cf\transformed\jetified-jetified-collection-jvm-1.4.0.jar as it is up-to-date.
Caching disabled for IdentityTransform: C:\Users\user\.gradle\caches\transforms-3\d1f96c5c6815a66de269f12374a77d4b\transformed\jetified-jetified-volley-1.2.1-api.jar because:
  Build cache is disabled
Skipping IdentityTransform: C:\Users\user\.gradle\caches\transforms-3\d1f96c5c6815a66de269f12374a77d4b\transformed\jetified-jetified-volley-1.2.1-api.jar as it is up-to-date.
Transforming jetified-volley-1.2.1-api.jar with IdentityTransform
Transforming jetified-volley-1.2.1-api.jar with CopyTransform
Caching disabled for IdentityTransform: C:\Users\user\.gradle\caches\transforms-3\a6e71fc033030e26617ade2c0da74975\transformed\jetified-jetified-Android-Image-Slider-1.4.0-api.jar because:
  Build cache is disabled
Skipping CopyTransform: C:\Users\user\.gradle\caches\transforms-3\50e7bf06fde218b7ec9ef8118ea4a69b\transformed\jetified-localbroadcastmanager-1.0.0-api.jar as it is up-to-date.
Transforming jetified-lottie-6.1.0-api.jar with IdentityTransform
Caching disabled for IdentityTransform: C:\Users\user\.gradle\caches\transforms-3\9a10a5838149150bb0881b36587d190e\transformed\jetified-jetified-kotlin-stdlib-jdk7-1.9.10.jar because:
  Build cache is disabled
Skipping CopyTransform: C:\Users\user\.gradle\caches\transforms-3\f0ddddbbb0335cf0c0a33e047ab60e15\transformed\jetified-print-1.0.0-api.jar as it is up-to-date.
Transforming localbroadcastmanager-1.0.0-api.jar with AggregatedPackagesTransform
Caching disabled for IdentityTransform: C:\Users\user\.gradle\caches\transforms-3\a36808ab9efba8e127a575e2621563ef\transformed\jetified-documentfile-1.0.0-api.jar because:
  Build cache is disabled
Skipping CopyTransform: C:\Users\user\.gradle\caches\transforms-3\7afe16b93c068b3eb04f9ca7b4fae3fd\transformed\jetified-jetified-annotation-jvm-1.7.0.jar as it is up-to-date.
Skipping IdentityTransform: C:\Users\user\.gradle\caches\transforms-3\a36808ab9efba8e127a575e2621563ef\transformed\jetified-documentfile-1.0.0-api.jar as it is up-to-date.
Skipping AggregatedPackagesTransform: C:\Users\user\.gradle\caches\transforms-3\d103ee764b49222208491840e4dbef8f\transformed\jetified-sqlite-2.4.0-api.jar as it is up-to-date.
Transforming jetified-annotation-jvm-1.7.0.jar with AggregatedPackagesTransform
Caching disabled for AggregatedPackagesTransform: C:\Users\user\.gradle\caches\transforms-3\2633f699264cda3b48a1c4aea38e2c48\transformed\jetified-interpolator-1.0.0-api.jar because:
  Build cache is disabled
Skipping AggregatedPackagesTransform: C:\Users\user\.gradle\caches\transforms-3\2633f699264cda3b48a1c4aea38e2c48\transformed\jetified-interpolator-1.0.0-api.jar as it is up-to-date.
Caching disabled for CopyTransform: C:\Users\user\.gradle\caches\transforms-3\d1f96c5c6815a66de269f12374a77d4b\transformed\jetified-jetified-volley-1.2.1-api.jar because:
  Build cache is disabled
Skipping CopyTransform: C:\Users\user\.gradle\caches\transforms-3\d1f96c5c6815a66de269f12374a77d4b\transformed\jetified-jetified-volley-1.2.1-api.jar as it is up-to-date.
Transforming print-1.0.0-api.jar with AggregatedPackagesTransform
Transforming jetified-volley-1.2.1-api.jar with AggregatedPackagesTransform
Transforming documentfile-1.0.0-api.jar with IdentityTransform
Caching disabled for AggregatedPackagesTransform: C:\Users\user\.gradle\caches\transforms-3\50e7bf06fde218b7ec9ef8118ea4a69b\transformed\jetified-localbroadcastmanager-1.0.0-api.jar because:
  Build cache is disabled
Skipping IdentityTransform: C:\Users\user\.gradle\caches\transforms-3\9a10a5838149150bb0881b36587d190e\transformed\jetified-jetified-kotlin-stdlib-jdk7-1.9.10.jar as it is up-to-date.
Skipping AggregatedPackagesTransform: C:\Users\user\.gradle\caches\transforms-3\50e7bf06fde218b7ec9ef8118ea4a69b\transformed\jetified-localbroadcastmanager-1.0.0-api.jar as it is up-to-date.
Transforming jetified-kotlin-stdlib-jdk7-1.9.10.jar with IdentityTransform
Transforming jetified-kotlin-stdlib-jdk7-1.9.10.jar with CopyTransform
Skipping IdentityTransform: C:\Users\user\.gradle\caches\transforms-3\a6e71fc033030e26617ade2c0da74975\transformed\jetified-jetified-Android-Image-Slider-1.4.0-api.jar as it is up-to-date.
Transforming jetified-Android-Image-Slider-1.4.0-api.jar with IdentityTransform
Caching disabled for IdentityTransform: C:\Users\user\.gradle\caches\transforms-3\c23f0f8dfe860dcb7936044ab3e1ca2a\transformed\jetified-jetified-kotlin-stdlib-1.9.22.jar because:
  Build cache is disabled
Transforming jetified-Android-Image-Slider-1.4.0-api.jar with CopyTransform
Skipping IdentityTransform: C:\Users\user\.gradle\caches\transforms-3\c23f0f8dfe860dcb7936044ab3e1ca2a\transformed\jetified-jetified-kotlin-stdlib-1.9.22.jar as it is up-to-date.
Transforming documentfile-1.0.0-api.jar with CopyTransform
Caching disabled for IdentityTransform: C:\Users\user\.gradle\caches\transforms-3\c24254d2584ed1ed36f62740c675d7f8\transformed\jetified-jetified-lottie-6.1.0-api.jar because:
  Build cache is disabled
Transforming jetified-kotlin-stdlib-1.9.22.jar with IdentityTransform
Skipping IdentityTransform: C:\Users\user\.gradle\caches\transforms-3\c24254d2584ed1ed36f62740c675d7f8\transformed\jetified-jetified-lottie-6.1.0-api.jar as it is up-to-date.
Transforming jetified-kotlin-stdlib-1.9.22.jar with CopyTransform
Caching disabled for JetifyTransform: C:\Users\user\.gradle\caches\transforms-3\37e89c27503c87770a895ddfd7919381\transformed\jetified-circleimageview-3.1.0-api.jar because:
  Build cache is disabled
Skipping JetifyTransform: C:\Users\user\.gradle\caches\transforms-3\37e89c27503c87770a895ddfd7919381\transformed\jetified-circleimageview-3.1.0-api.jar as it is up-to-date.
Transforming jetified-lottie-6.1.0-api.jar with IdentityTransform
Transforming jetified-lottie-6.1.0-api.jar with CopyTransform
Transforming jetified-circleimageview-3.1.0-api.jar with IdentityTransform
Caching disabled for JetifyTransform: C:\Users\user\.gradle\caches\transforms-3\a3d7bd5a9a3e49f43871c691f0fe8576\transformed\jetified-annotations-23.0.0.jar because:
  Build cache is disabled
Skipping JetifyTransform: C:\Users\user\.gradle\caches\transforms-3\a3d7bd5a9a3e49f43871c691f0fe8576\transformed\jetified-annotations-23.0.0.jar as it is up-to-date.
Transforming jetified-annotations-23.0.0.jar with IdentityTransform
Caching disabled for AggregatedPackagesTransform: C:\Users\user\.gradle\caches\transforms-3\7afe16b93c068b3eb04f9ca7b4fae3fd\transformed\jetified-jetified-annotation-jvm-1.7.0.jar because:
  Build cache is disabled
Skipping AggregatedPackagesTransform: C:\Users\user\.gradle\caches\transforms-3\7afe16b93c068b3eb04f9ca7b4fae3fd\transformed\jetified-jetified-annotation-jvm-1.7.0.jar as it is up-to-date.
Caching disabled for AggregatedPackagesTransform: C:\Users\user\.gradle\caches\transforms-3\f0ddddbbb0335cf0c0a33e047ab60e15\transformed\jetified-print-1.0.0-api.jar because:
  Build cache is disabled
Skipping AggregatedPackagesTransform: C:\Users\user\.gradle\caches\transforms-3\f0ddddbbb0335cf0c0a33e047ab60e15\transformed\jetified-print-1.0.0-api.jar as it is up-to-date.
Caching disabled for AggregatedPackagesTransform: C:\Users\user\.gradle\caches\transforms-3\d1f96c5c6815a66de269f12374a77d4b\transformed\jetified-jetified-volley-1.2.1-api.jar because:
  Build cache is disabled
Skipping AggregatedPackagesTransform: C:\Users\user\.gradle\caches\transforms-3\d1f96c5c6815a66de269f12374a77d4b\transformed\jetified-jetified-volley-1.2.1-api.jar as it is up-to-date.
Caching disabled for CopyTransform: C:\Users\user\.gradle\caches\transforms-3\a6e71fc033030e26617ade2c0da74975\transformed\jetified-jetified-Android-Image-Slider-1.4.0-api.jar because:
  Build cache is disabled
Caching disabled for CopyTransform: C:\Users\user\.gradle\caches\transforms-3\c23f0f8dfe860dcb7936044ab3e1ca2a\transformed\jetified-jetified-kotlin-stdlib-1.9.22.jar because:
  Build cache is disabled
Caching disabled for CopyTransform: C:\Users\user\.gradle\caches\transforms-3\c24254d2584ed1ed36f62740c675d7f8\transformed\jetified-jetified-lottie-6.1.0-api.jar because:
  Build cache is disabled
Skipping CopyTransform: C:\Users\user\.gradle\caches\transforms-3\c23f0f8dfe860dcb7936044ab3e1ca2a\transformed\jetified-jetified-kotlin-stdlib-1.9.22.jar as it is up-to-date.
Caching disabled for CopyTransform: C:\Users\user\.gradle\caches\transforms-3\9a10a5838149150bb0881b36587d190e\transformed\jetified-jetified-kotlin-stdlib-jdk7-1.9.10.jar because:
  Build cache is disabled
Skipping CopyTransform: C:\Users\user\.gradle\caches\transforms-3\a6e71fc033030e26617ade2c0da74975\transformed\jetified-jetified-Android-Image-Slider-1.4.0-api.jar as it is up-to-date.
Skipping CopyTransform: C:\Users\user\.gradle\caches\transforms-3\9a10a5838149150bb0881b36587d190e\transformed\jetified-jetified-kotlin-stdlib-jdk7-1.9.10.jar as it is up-to-date.
Transforming jetified-kotlin-stdlib-1.9.22.jar with AggregatedPackagesTransform
Caching disabled for IdentityTransform: C:\Users\user\.gradle\caches\transforms-3\eca52cb5fc3266d6b39f8c22d0005adb\transformed\jetified-jetified-annotations-23.0.0.jar because:
  Build cache is disabled
Transforming jetified-kotlin-stdlib-jdk7-1.9.10.jar with AggregatedPackagesTransform
Skipping IdentityTransform: C:\Users\user\.gradle\caches\transforms-3\eca52cb5fc3266d6b39f8c22d0005adb\transformed\jetified-jetified-annotations-23.0.0.jar as it is up-to-date.
Caching disabled for IdentityTransform: C:\Users\user\.gradle\caches\transforms-3\ff630e04a8a2fb15b6849908f611606f\transformed\jetified-jetified-circleimageview-3.1.0-api.jar because:
  Build cache is disabled
Skipping IdentityTransform: C:\Users\user\.gradle\caches\transforms-3\ff630e04a8a2fb15b6849908f611606f\transformed\jetified-jetified-circleimageview-3.1.0-api.jar as it is up-to-date.
Caching disabled for JetifyTransform: C:\Users\user\.gradle\caches\transforms-3\40a36c433ec46ae42d050cecc4af444e\transformed\jetified-exoplayer-core-2.19.1-api.jar because:
  Build cache is disabled
Skipping CopyTransform: C:\Users\user\.gradle\caches\transforms-3\c24254d2584ed1ed36f62740c675d7f8\transformed\jetified-jetified-lottie-6.1.0-api.jar as it is up-to-date.
Skipping JetifyTransform: C:\Users\user\.gradle\caches\transforms-3\40a36c433ec46ae42d050cecc4af444e\transformed\jetified-exoplayer-core-2.19.1-api.jar as it is up-to-date.
Caching disabled for JetifyTransform: C:\Users\user\.gradle\caches\transforms-3\d8bd11bc02fdf2283eebd30102bbbade\transformed\jetified-listenablefuture-9999.0-empty-to-avoid-conflict-with-guava.jar because:
  Build cache is disabled
Caching disabled for AggregatedPackagesTransform: C:\Users\user\.gradle\caches\transforms-3\c23f0f8dfe860dcb7936044ab3e1ca2a\transformed\jetified-jetified-kotlin-stdlib-1.9.22.jar because:
  Build cache is disabled
Skipping AggregatedPackagesTransform: C:\Users\user\.gradle\caches\transforms-3\c23f0f8dfe860dcb7936044ab3e1ca2a\transformed\jetified-jetified-kotlin-stdlib-1.9.22.jar as it is up-to-date.
Transforming jetified-lottie-6.1.0-api.jar with AggregatedPackagesTransform
Transforming jetified-exoplayer-core-2.19.1-api.jar with IdentityTransform
Caching disabled for JetifyTransform: C:\Users\user\.gradle\caches\transforms-3\5bcbec75043d4518ba5cb538d57ceed2\transformed\jetified-guava-31.1-android.jar because:
  Build cache is disabled
Caching disabled for JetifyTransform: C:\Users\user\.gradle\caches\transforms-3\0857f5e9539fe59beeafff58225f9de5\transformed\jetified-exoplayer-common-2.19.1-api.jar because:
  Build cache is disabled
Skipping JetifyTransform: C:\Users\user\.gradle\caches\transforms-3\5bcbec75043d4518ba5cb538d57ceed2\transformed\jetified-guava-31.1-android.jar as it is up-to-date.
Skipping JetifyTransform: C:\Users\user\.gradle\caches\transforms-3\0857f5e9539fe59beeafff58225f9de5\transformed\jetified-exoplayer-common-2.19.1-api.jar as it is up-to-date.
Transforming jetified-guava-31.1-android.jar with IdentityTransform
Transforming jetified-annotations-23.0.0.jar with IdentityTransform
Transforming jetified-annotations-23.0.0.jar with CopyTransform
Caching disabled for JetifyTransform: C:\Users\user\.gradle\caches\transforms-3\87e8b6d5b3aac61cfdb074dc42f91e45\transformed\jetified-startup-runtime-1.1.1-api.jar because:
  Build cache is disabled
Caching disabled for AggregatedPackagesTransform: C:\Users\user\.gradle\caches\transforms-3\9a10a5838149150bb0881b36587d190e\transformed\jetified-jetified-kotlin-stdlib-jdk7-1.9.10.jar because:
  Build cache is disabled
Skipping AggregatedPackagesTransform: C:\Users\user\.gradle\caches\transforms-3\9a10a5838149150bb0881b36587d190e\transformed\jetified-jetified-kotlin-stdlib-jdk7-1.9.10.jar as it is up-to-date.
Caching disabled for CopyTransform: C:\Users\user\.gradle\caches\transforms-3\a36808ab9efba8e127a575e2621563ef\transformed\jetified-documentfile-1.0.0-api.jar because:
  Build cache is disabled
Caching disabled for JetifyTransform: C:\Users\user\.gradle\caches\transforms-3\9c90e71eec87fc9974ddbb15923f6333\transformed\jetified-resourceinspection-annotation-1.0.1.jar because:
  Build cache is disabled
Transforming jetified-Android-Image-Slider-1.4.0-api.jar with AggregatedPackagesTransform
Skipping JetifyTransform: C:\Users\user\.gradle\caches\transforms-3\9c90e71eec87fc9974ddbb15923f6333\transformed\jetified-resourceinspection-annotation-1.0.1.jar as it is up-to-date.
Caching disabled for IdentityTransform: C:\Users\user\.gradle\caches\transforms-3\27dad61e3e630e58659741476c73f810\transformed\jetified-jetified-guava-31.1-android.jar because:
  Build cache is disabled
Skipping IdentityTransform: C:\Users\user\.gradle\caches\transforms-3\27dad61e3e630e58659741476c73f810\transformed\jetified-jetified-guava-31.1-android.jar as it is up-to-date.
Skipping CopyTransform: C:\Users\user\.gradle\caches\transforms-3\a36808ab9efba8e127a575e2621563ef\transformed\jetified-documentfile-1.0.0-api.jar as it is up-to-date.
Caching disabled for AggregatedPackagesTransform: C:\Users\user\.gradle\caches\transforms-3\c24254d2584ed1ed36f62740c675d7f8\transformed\jetified-jetified-lottie-6.1.0-api.jar because:
  Build cache is disabled
Caching disabled for IdentityTransform: C:\Users\user\.gradle\caches\transforms-3\ccacdf31d743e75999d3ec0763d77b08\transformed\jetified-jetified-exoplayer-core-2.19.1-api.jar because:
  Build cache is disabled
Skipping IdentityTransform: C:\Users\user\.gradle\caches\transforms-3\ccacdf31d743e75999d3ec0763d77b08\transformed\jetified-jetified-exoplayer-core-2.19.1-api.jar as it is up-to-date.
Transforming jetified-resourceinspection-annotation-1.0.1.jar with IdentityTransform
Skipping JetifyTransform: C:\Users\user\.gradle\caches\transforms-3\87e8b6d5b3aac61cfdb074dc42f91e45\transformed\jetified-startup-runtime-1.1.1-api.jar as it is up-to-date.
Transforming jetified-exoplayer-common-2.19.1-api.jar with IdentityTransform
Transforming jetified-circleimageview-3.1.0-api.jar with IdentityTransform
Transforming jetified-circleimageview-3.1.0-api.jar with CopyTransform
Skipping JetifyTransform: C:\Users\user\.gradle\caches\transforms-3\d8bd11bc02fdf2283eebd30102bbbade\transformed\jetified-listenablefuture-9999.0-empty-to-avoid-conflict-with-guava.jar as it is up-to-date.
Transforming jetified-listenablefuture-9999.0-empty-to-avoid-conflict-with-guava.jar with IdentityTransform
Transforming jetified-exoplayer-core-2.19.1-api.jar with IdentityTransform
Transforming jetified-exoplayer-core-2.19.1-api.jar with CopyTransform
Transforming documentfile-1.0.0-api.jar with AggregatedPackagesTransform
Transforming jetified-guava-31.1-android.jar with IdentityTransform
Transforming jetified-guava-31.1-android.jar with CopyTransform
Caching disabled for AggregatedPackagesTransform: C:\Users\user\.gradle\caches\transforms-3\a6e71fc033030e26617ade2c0da74975\transformed\jetified-jetified-Android-Image-Slider-1.4.0-api.jar because:
  Build cache is disabled
Skipping AggregatedPackagesTransform: C:\Users\user\.gradle\caches\transforms-3\a6e71fc033030e26617ade2c0da74975\transformed\jetified-jetified-Android-Image-Slider-1.4.0-api.jar as it is up-to-date.
Skipping AggregatedPackagesTransform: C:\Users\user\.gradle\caches\transforms-3\c24254d2584ed1ed36f62740c675d7f8\transformed\jetified-jetified-lottie-6.1.0-api.jar as it is up-to-date.
Caching disabled for CopyTransform: C:\Users\user\.gradle\caches\transforms-3\eca52cb5fc3266d6b39f8c22d0005adb\transformed\jetified-jetified-annotations-23.0.0.jar because:
  Build cache is disabled
Transforming jetified-startup-runtime-1.1.1-api.jar with IdentityTransform
Skipping CopyTransform: C:\Users\user\.gradle\caches\transforms-3\eca52cb5fc3266d6b39f8c22d0005adb\transformed\jetified-jetified-annotations-23.0.0.jar as it is up-to-date.
Transforming jetified-annotations-23.0.0.jar with AggregatedPackagesTransform
Caching disabled for IdentityTransform: C:\Users\user\.gradle\caches\transforms-3\16065cddf66edbfe786a1889d4d5e604\transformed\jetified-jetified-resourceinspection-annotation-1.0.1.jar because:
  Build cache is disabled
Caching disabled for CopyTransform: C:\Users\user\.gradle\caches\transforms-3\ff630e04a8a2fb15b6849908f611606f\transformed\jetified-jetified-circleimageview-3.1.0-api.jar because:
  Build cache is disabled
Skipping CopyTransform: C:\Users\user\.gradle\caches\transforms-3\ff630e04a8a2fb15b6849908f611606f\transformed\jetified-jetified-circleimageview-3.1.0-api.jar as it is up-to-date.
Caching disabled for JetifyTransform: C:\Users\user\.gradle\caches\transforms-3\7936f430f812b202848f563f75f3ce7a\transformed\jetified-dagger-2.49.jar because:
  Build cache is disabled
Caching disabled for JetifyTransform: C:\Users\user\.gradle\caches\transforms-3\40cadb43b1c01898eeeb3529c96d2563\transformed\jetified-javax.inject-1.jar because:
  Build cache is disabled
Skipping IdentityTransform: C:\Users\user\.gradle\caches\transforms-3\16065cddf66edbfe786a1889d4d5e604\transformed\jetified-jetified-resourceinspection-annotation-1.0.1.jar as it is up-to-date.
Transforming jetified-circleimageview-3.1.0-api.jar with AggregatedPackagesTransform
Caching disabled for JetifyTransform: C:\Users\user\.gradle\caches\transforms-3\903d7ba70be6ad17eeb78b6f8808620f\transformed\jetified-hilt-core-2.49.jar because:
  Build cache is disabled
Skipping JetifyTransform: C:\Users\user\.gradle\caches\transforms-3\903d7ba70be6ad17eeb78b6f8808620f\transformed\jetified-hilt-core-2.49.jar as it is up-to-date.
Transforming jetified-resourceinspection-annotation-1.0.1.jar with IdentityTransform
Caching disabled for CopyTransform: C:\Users\user\.gradle\caches\transforms-3\27dad61e3e630e58659741476c73f810\transformed\jetified-jetified-guava-31.1-android.jar because:
  Build cache is disabled
Skipping CopyTransform: C:\Users\user\.gradle\caches\transforms-3\27dad61e3e630e58659741476c73f810\transformed\jetified-jetified-guava-31.1-android.jar as it is up-to-date.
Transforming jetified-hilt-core-2.49.jar with IdentityTransform
Caching disabled for CopyTransform: C:\Users\user\.gradle\caches\transforms-3\ccacdf31d743e75999d3ec0763d77b08\transformed\jetified-jetified-exoplayer-core-2.19.1-api.jar because:
  Build cache is disabled
Transforming jetified-guava-31.1-android.jar with AggregatedPackagesTransform
Caching disabled for AggregatedPackagesTransform: C:\Users\user\.gradle\caches\transforms-3\eca52cb5fc3266d6b39f8c22d0005adb\transformed\jetified-jetified-annotations-23.0.0.jar because:
  Build cache is disabled
Skipping AggregatedPackagesTransform: C:\Users\user\.gradle\caches\transforms-3\eca52cb5fc3266d6b39f8c22d0005adb\transformed\jetified-jetified-annotations-23.0.0.jar as it is up-to-date.
Caching disabled for IdentityTransform: C:\Users\user\.gradle\caches\transforms-3\22d819c7c15918c91beb6f2096d4df93\transformed\jetified-jetified-startup-runtime-1.1.1-api.jar because:
  Build cache is disabled
Skipping IdentityTransform: C:\Users\user\.gradle\caches\transforms-3\22d819c7c15918c91beb6f2096d4df93\transformed\jetified-jetified-startup-runtime-1.1.1-api.jar as it is up-to-date.
Caching disabled for IdentityTransform: C:\Users\user\.gradle\caches\transforms-3\62e6030747216c8da4e6eeb812ef6bbf\transformed\jetified-jetified-exoplayer-common-2.19.1-api.jar because:
  Build cache is disabled
Skipping IdentityTransform: C:\Users\user\.gradle\caches\transforms-3\62e6030747216c8da4e6eeb812ef6bbf\transformed\jetified-jetified-exoplayer-common-2.19.1-api.jar as it is up-to-date.
Transforming jetified-startup-runtime-1.1.1-api.jar with IdentityTransform
Transforming jetified-startup-runtime-1.1.1-api.jar with CopyTransform
Caching disabled for AggregatedPackagesTransform: C:\Users\user\.gradle\caches\transforms-3\a36808ab9efba8e127a575e2621563ef\transformed\jetified-documentfile-1.0.0-api.jar because:
  Build cache is disabled
Skipping CopyTransform: C:\Users\user\.gradle\caches\transforms-3\ccacdf31d743e75999d3ec0763d77b08\transformed\jetified-jetified-exoplayer-core-2.19.1-api.jar as it is up-to-date.
Skipping AggregatedPackagesTransform: C:\Users\user\.gradle\caches\transforms-3\a36808ab9efba8e127a575e2621563ef\transformed\jetified-documentfile-1.0.0-api.jar as it is up-to-date.
Caching disabled for IdentityTransform: C:\Users\user\.gradle\caches\transforms-3\8219478e9b9da148d77f4241b181ed27\transformed\jetified-jetified-listenablefuture-9999.0-empty-to-avoid-conflict-with-guava.jar because:
  Build cache is disabled
Transforming jetified-resourceinspection-annotation-1.0.1.jar with CopyTransform
Skipping IdentityTransform: C:\Users\user\.gradle\caches\transforms-3\8219478e9b9da148d77f4241b181ed27\transformed\jetified-jetified-listenablefuture-9999.0-empty-to-avoid-conflict-with-guava.jar as it is up-to-date.
Skipping JetifyTransform: C:\Users\user\.gradle\caches\transforms-3\40cadb43b1c01898eeeb3529c96d2563\transformed\jetified-javax.inject-1.jar as it is up-to-date.
Skipping JetifyTransform: C:\Users\user\.gradle\caches\transforms-3\7936f430f812b202848f563f75f3ce7a\transformed\jetified-dagger-2.49.jar as it is up-to-date.
Transforming jetified-exoplayer-core-2.19.1-api.jar with AggregatedPackagesTransform
Transforming jetified-listenablefuture-9999.0-empty-to-avoid-conflict-with-guava.jar with IdentityTransform
Transforming jetified-listenablefuture-9999.0-empty-to-avoid-conflict-with-guava.jar with CopyTransform
Transforming jetified-exoplayer-common-2.19.1-api.jar with IdentityTransform
Transforming jetified-dagger-2.49.jar with IdentityTransform
Transforming jetified-exoplayer-common-2.19.1-api.jar with CopyTransform
Transforming jetified-javax.inject-1.jar with IdentityTransform
Caching disabled for IdentityTransform: C:\Users\user\.gradle\caches\transforms-3\c0d56ac39ae4b674c8d330d922704a20\transformed\jetified-jetified-hilt-core-2.49.jar because:
  Build cache is disabled
Skipping IdentityTransform: C:\Users\user\.gradle\caches\transforms-3\c0d56ac39ae4b674c8d330d922704a20\transformed\jetified-jetified-hilt-core-2.49.jar as it is up-to-date.
Transforming jetified-hilt-core-2.49.jar with IdentityTransform
Transforming jetified-hilt-core-2.49.jar with CopyTransform
Caching disabled for CopyTransform: C:\Users\user\.gradle\caches\transforms-3\8219478e9b9da148d77f4241b181ed27\transformed\jetified-jetified-listenablefuture-9999.0-empty-to-avoid-conflict-with-guava.jar because:
  Build cache is disabled
Skipping CopyTransform: C:\Users\user\.gradle\caches\transforms-3\8219478e9b9da148d77f4241b181ed27\transformed\jetified-jetified-listenablefuture-9999.0-empty-to-avoid-conflict-with-guava.jar as it is up-to-date.
Caching disabled for JetifyTransform: C:\Users\user\.gradle\caches\transforms-3\82e5e503bc8391227f7431706e8e4b4a\transformed\jetified-dagger-lint-aar-2.49-api.jar because:
  Build cache is disabled
Skipping JetifyTransform: C:\Users\user\.gradle\caches\transforms-3\82e5e503bc8391227f7431706e8e4b4a\transformed\jetified-dagger-lint-aar-2.49-api.jar as it is up-to-date.
Caching disabled for CopyTransform: C:\Users\user\.gradle\caches\transforms-3\16065cddf66edbfe786a1889d4d5e604\transformed\jetified-jetified-resourceinspection-annotation-1.0.1.jar because:
  Build cache is disabled
Skipping CopyTransform: C:\Users\user\.gradle\caches\transforms-3\16065cddf66edbfe786a1889d4d5e604\transformed\jetified-jetified-resourceinspection-annotation-1.0.1.jar as it is up-to-date.
Caching disabled for AggregatedPackagesTransform: C:\Users\user\.gradle\caches\transforms-3\27dad61e3e630e58659741476c73f810\transformed\jetified-jetified-guava-31.1-android.jar because:
  Build cache is disabled
Transforming jetified-resourceinspection-annotation-1.0.1.jar with AggregatedPackagesTransform
Caching disabled for AggregatedPackagesTransform: C:\Users\user\.gradle\caches\transforms-3\ccacdf31d743e75999d3ec0763d77b08\transformed\jetified-jetified-exoplayer-core-2.19.1-api.jar because:
  Build cache is disabled
Caching disabled for CopyTransform: C:\Users\user\.gradle\caches\transforms-3\22d819c7c15918c91beb6f2096d4df93\transformed\jetified-jetified-startup-runtime-1.1.1-api.jar because:
  Build cache is disabled
Skipping CopyTransform: C:\Users\user\.gradle\caches\transforms-3\22d819c7c15918c91beb6f2096d4df93\transformed\jetified-jetified-startup-runtime-1.1.1-api.jar as it is up-to-date.
Skipping AggregatedPackagesTransform: C:\Users\user\.gradle\caches\transforms-3\27dad61e3e630e58659741476c73f810\transformed\jetified-jetified-guava-31.1-android.jar as it is up-to-date.
Skipping AggregatedPackagesTransform: C:\Users\user\.gradle\caches\transforms-3\ccacdf31d743e75999d3ec0763d77b08\transformed\jetified-jetified-exoplayer-core-2.19.1-api.jar as it is up-to-date.
Transforming jetified-startup-runtime-1.1.1-api.jar with AggregatedPackagesTransform
Transforming jetified-listenablefuture-9999.0-empty-to-avoid-conflict-with-guava.jar with AggregatedPackagesTransform
Transforming jetified-dagger-lint-aar-2.49-api.jar with IdentityTransform
Caching disabled for AggregatedPackagesTransform: C:\Users\user\.gradle\caches\transforms-3\ff630e04a8a2fb15b6849908f611606f\transformed\jetified-jetified-circleimageview-3.1.0-api.jar because:
  Build cache is disabled
Skipping AggregatedPackagesTransform: C:\Users\user\.gradle\caches\transforms-3\ff630e04a8a2fb15b6849908f611606f\transformed\jetified-jetified-circleimageview-3.1.0-api.jar as it is up-to-date.
Caching disabled for JetifyTransform: C:\Users\user\.gradle\caches\transforms-3\19187101f19803dbcfbd88e4dae1795e\transformed\jetified-jsr305-3.0.2.jar because:
  Build cache is disabled
Skipping JetifyTransform: C:\Users\user\.gradle\caches\transforms-3\19187101f19803dbcfbd88e4dae1795e\transformed\jetified-jsr305-3.0.2.jar as it is up-to-date.
Transforming jetified-jsr305-3.0.2.jar with IdentityTransform
Caching disabled for IdentityTransform: C:\Users\user\.gradle\caches\transforms-3\238ad2285678e153fa9a83dd7f74fcb3\transformed\jetified-jetified-dagger-2.49.jar because:
  Build cache is disabled
Skipping IdentityTransform: C:\Users\user\.gradle\caches\transforms-3\238ad2285678e153fa9a83dd7f74fcb3\transformed\jetified-jetified-dagger-2.49.jar as it is up-to-date.
Transforming jetified-dagger-2.49.jar with IdentityTransform
Transforming jetified-dagger-2.49.jar with CopyTransform
Caching disabled for JetifyTransform: C:\Users\user\.gradle\caches\transforms-3\b6da9824ac421333ab94aed5f4016f70\transformed\jetified-failureaccess-1.0.1.jar because:
  Build cache is disabled
Caching disabled for IdentityTransform: C:\Users\user\.gradle\caches\transforms-3\c6136802eb1e256124702f9a26c0b6f5\transformed\jetified-jetified-javax.inject-1.jar because:
  Build cache is disabled
Skipping JetifyTransform: C:\Users\user\.gradle\caches\transforms-3\b6da9824ac421333ab94aed5f4016f70\transformed\jetified-failureaccess-1.0.1.jar as it is up-to-date.
Skipping IdentityTransform: C:\Users\user\.gradle\caches\transforms-3\c6136802eb1e256124702f9a26c0b6f5\transformed\jetified-jetified-javax.inject-1.jar as it is up-to-date.
Transforming jetified-failureaccess-1.0.1.jar with IdentityTransform
Transforming jetified-javax.inject-1.jar with IdentityTransform
Caching disabled for CopyTransform: C:\Users\user\.gradle\caches\transforms-3\c0d56ac39ae4b674c8d330d922704a20\transformed\jetified-jetified-hilt-core-2.49.jar because:
  Build cache is disabled
Caching disabled for JetifyTransform: C:\Users\user\.gradle\caches\transforms-3\e45089bfffa25f5d13bed9bab803b440\transformed\jetified-exoplayer-database-2.19.1-api.jar because:
  Build cache is disabled
Caching disabled for AggregatedPackagesTransform: C:\Users\user\.gradle\caches\transforms-3\8219478e9b9da148d77f4241b181ed27\transformed\jetified-jetified-listenablefuture-9999.0-empty-to-avoid-conflict-with-guava.jar because:
  Build cache is disabled
Skipping AggregatedPackagesTransform: C:\Users\user\.gradle\caches\transforms-3\8219478e9b9da148d77f4241b181ed27\transformed\jetified-jetified-listenablefuture-9999.0-empty-to-avoid-conflict-with-guava.jar as it is up-to-date.
Caching disabled for CopyTransform: C:\Users\user\.gradle\caches\transforms-3\62e6030747216c8da4e6eeb812ef6bbf\transformed\jetified-jetified-exoplayer-common-2.19.1-api.jar because:
  Build cache is disabled
Transforming jetified-javax.inject-1.jar with CopyTransform
Skipping CopyTransform: C:\Users\user\.gradle\caches\transforms-3\62e6030747216c8da4e6eeb812ef6bbf\transformed\jetified-jetified-exoplayer-common-2.19.1-api.jar as it is up-to-date.
Skipping JetifyTransform: C:\Users\user\.gradle\caches\transforms-3\e45089bfffa25f5d13bed9bab803b440\transformed\jetified-exoplayer-database-2.19.1-api.jar as it is up-to-date.
Caching disabled for AggregatedPackagesTransform: C:\Users\user\.gradle\caches\transforms-3\22d819c7c15918c91beb6f2096d4df93\transformed\jetified-jetified-startup-runtime-1.1.1-api.jar because:
  Build cache is disabled
Skipping CopyTransform: C:\Users\user\.gradle\caches\transforms-3\c0d56ac39ae4b674c8d330d922704a20\transformed\jetified-jetified-hilt-core-2.49.jar as it is up-to-date.
Caching disabled for JetifyTransform: C:\Users\user\.gradle\caches\transforms-3\bceaab695a1c441583b5b8db13947daf\transformed\jetified-gson-2.8.5.jar because:
  Build cache is disabled
Transforming jetified-exoplayer-common-2.19.1-api.jar with AggregatedPackagesTransform
Caching disabled for AggregatedPackagesTransform: C:\Users\user\.gradle\caches\transforms-3\16065cddf66edbfe786a1889d4d5e604\transformed\jetified-jetified-resourceinspection-annotation-1.0.1.jar because:
  Build cache is disabled
Skipping JetifyTransform: C:\Users\user\.gradle\caches\transforms-3\bceaab695a1c441583b5b8db13947daf\transformed\jetified-gson-2.8.5.jar as it is up-to-date.
Skipping AggregatedPackagesTransform: C:\Users\user\.gradle\caches\transforms-3\16065cddf66edbfe786a1889d4d5e604\transformed\jetified-jetified-resourceinspection-annotation-1.0.1.jar as it is up-to-date.
Transforming jetified-hilt-core-2.49.jar with AggregatedPackagesTransform
Caching disabled for CopyTransform: C:\Users\user\.gradle\caches\transforms-3\238ad2285678e153fa9a83dd7f74fcb3\transformed\jetified-jetified-dagger-2.49.jar because:
  Build cache is disabled
Caching disabled for IdentityTransform: C:\Users\user\.gradle\caches\transforms-3\2cb2ad8f91b21e8a6708080b961b74d5\transformed\jetified-jetified-dagger-lint-aar-2.49-api.jar because:
  Build cache is disabled
Skipping CopyTransform: C:\Users\user\.gradle\caches\transforms-3\238ad2285678e153fa9a83dd7f74fcb3\transformed\jetified-jetified-dagger-2.49.jar as it is up-to-date.
Transforming jetified-gson-2.8.5.jar with IdentityTransform
Skipping IdentityTransform: C:\Users\user\.gradle\caches\transforms-3\2cb2ad8f91b21e8a6708080b961b74d5\transformed\jetified-jetified-dagger-lint-aar-2.49-api.jar as it is up-to-date.
Skipping AggregatedPackagesTransform: C:\Users\user\.gradle\caches\transforms-3\22d819c7c15918c91beb6f2096d4df93\transformed\jetified-jetified-startup-runtime-1.1.1-api.jar as it is up-to-date.
Transforming jetified-dagger-2.49.jar with AggregatedPackagesTransform
Transforming jetified-dagger-lint-aar-2.49-api.jar with IdentityTransform
Transforming jetified-dagger-lint-aar-2.49-api.jar with CopyTransform
Transforming jetified-exoplayer-database-2.19.1-api.jar with IdentityTransform
Caching disabled for IdentityTransform: C:\Users\user\.gradle\caches\transforms-3\27fa09ceb962f8c3f97355c0704d00b9\transformed\jetified-jetified-failureaccess-1.0.1.jar because:
  Build cache is disabled
Skipping IdentityTransform: C:\Users\user\.gradle\caches\transforms-3\27fa09ceb962f8c3f97355c0704d00b9\transformed\jetified-jetified-failureaccess-1.0.1.jar as it is up-to-date.
Caching disabled for CopyTransform: C:\Users\user\.gradle\caches\transforms-3\c6136802eb1e256124702f9a26c0b6f5\transformed\jetified-jetified-javax.inject-1.jar because:
  Build cache is disabled
Skipping CopyTransform: C:\Users\user\.gradle\caches\transforms-3\c6136802eb1e256124702f9a26c0b6f5\transformed\jetified-jetified-javax.inject-1.jar as it is up-to-date.
Caching disabled for IdentityTransform: C:\Users\user\.gradle\caches\transforms-3\ba9f67005e83cd0462000bbcf93d3b99\transformed\jetified-jetified-jsr305-3.0.2.jar because:
  Build cache is disabled
Skipping IdentityTransform: C:\Users\user\.gradle\caches\transforms-3\ba9f67005e83cd0462000bbcf93d3b99\transformed\jetified-jetified-jsr305-3.0.2.jar as it is up-to-date.
Caching disabled for JetifyTransform: C:\Users\user\.gradle\caches\transforms-3\f62f1ecdf62648481c8df6e4b2c23855\transformed\jetified-exoplayer-datasource-2.19.1-api.jar because:
  Build cache is disabled
Transforming jetified-javax.inject-1.jar with AggregatedPackagesTransform
Skipping JetifyTransform: C:\Users\user\.gradle\caches\transforms-3\f62f1ecdf62648481c8df6e4b2c23855\transformed\jetified-exoplayer-datasource-2.19.1-api.jar as it is up-to-date.
Transforming jetified-jsr305-3.0.2.jar with IdentityTransform
Transforming jetified-jsr305-3.0.2.jar with CopyTransform
Transforming jetified-failureaccess-1.0.1.jar with IdentityTransform
Transforming jetified-exoplayer-datasource-2.19.1-api.jar with IdentityTransform
Transforming jetified-failureaccess-1.0.1.jar with CopyTransform
Caching disabled for AggregatedPackagesTransform: C:\Users\user\.gradle\caches\transforms-3\62e6030747216c8da4e6eeb812ef6bbf\transformed\jetified-jetified-exoplayer-common-2.19.1-api.jar because:
  Build cache is disabled
Skipping AggregatedPackagesTransform: C:\Users\user\.gradle\caches\transforms-3\62e6030747216c8da4e6eeb812ef6bbf\transformed\jetified-jetified-exoplayer-common-2.19.1-api.jar as it is up-to-date.
Caching disabled for AggregatedPackagesTransform: C:\Users\user\.gradle\caches\transforms-3\c0d56ac39ae4b674c8d330d922704a20\transformed\jetified-jetified-hilt-core-2.49.jar because:
  Build cache is disabled
Caching disabled for JetifyTransform: C:\Users\user\.gradle\caches\transforms-3\df13c73a1d847a87be698743aea413fc\transformed\jetified-exoplayer-extractor-2.19.1-api.jar because:
  Build cache is disabled
Skipping AggregatedPackagesTransform: C:\Users\user\.gradle\caches\transforms-3\c0d56ac39ae4b674c8d330d922704a20\transformed\jetified-jetified-hilt-core-2.49.jar as it is up-to-date.
Caching disabled for CopyTransform: C:\Users\user\.gradle\caches\transforms-3\2cb2ad8f91b21e8a6708080b961b74d5\transformed\jetified-jetified-dagger-lint-aar-2.49-api.jar because:
  Build cache is disabled
Skipping CopyTransform: C:\Users\user\.gradle\caches\transforms-3\2cb2ad8f91b21e8a6708080b961b74d5\transformed\jetified-jetified-dagger-lint-aar-2.49-api.jar as it is up-to-date.
Caching disabled for AggregatedPackagesTransform: C:\Users\user\.gradle\caches\transforms-3\238ad2285678e153fa9a83dd7f74fcb3\transformed\jetified-jetified-dagger-2.49.jar because:
  Build cache is disabled
Caching disabled for IdentityTransform: C:\Users\user\.gradle\caches\transforms-3\bed86b676b909eea01d4827e9aa277a2\transformed\jetified-jetified-exoplayer-database-2.19.1-api.jar because:
  Build cache is disabled
Skipping JetifyTransform: C:\Users\user\.gradle\caches\transforms-3\df13c73a1d847a87be698743aea413fc\transformed\jetified-exoplayer-extractor-2.19.1-api.jar as it is up-to-date.
Caching disabled for AggregatedPackagesTransform: C:\Users\user\.gradle\caches\transforms-3\c6136802eb1e256124702f9a26c0b6f5\transformed\jetified-jetified-javax.inject-1.jar because:
  Build cache is disabled
Caching disabled for JetifyTransform: C:\Users\user\.gradle\caches\transforms-3\39ec9c6a9dded8c28544af603c3656ef\transformed\jetified-exoplayer-container-2.19.1-api.jar because:
  Build cache is disabled
Skipping JetifyTransform: C:\Users\user\.gradle\caches\transforms-3\39ec9c6a9dded8c28544af603c3656ef\transformed\jetified-exoplayer-container-2.19.1-api.jar as it is up-to-date.
Transforming jetified-exoplayer-extractor-2.19.1-api.jar with IdentityTransform
Caching disabled for CopyTransform: C:\Users\user\.gradle\caches\transforms-3\27fa09ceb962f8c3f97355c0704d00b9\transformed\jetified-jetified-failureaccess-1.0.1.jar because:
  Build cache is disabled
Caching disabled for CopyTransform: C:\Users\user\.gradle\caches\transforms-3\ba9f67005e83cd0462000bbcf93d3b99\transformed\jetified-jetified-jsr305-3.0.2.jar because:
  Build cache is disabled
Skipping AggregatedPackagesTransform: C:\Users\user\.gradle\caches\transforms-3\238ad2285678e153fa9a83dd7f74fcb3\transformed\jetified-jetified-dagger-2.49.jar as it is up-to-date.
Skipping CopyTransform: C:\Users\user\.gradle\caches\transforms-3\ba9f67005e83cd0462000bbcf93d3b99\transformed\jetified-jetified-jsr305-3.0.2.jar as it is up-to-date.
Caching disabled for JetifyTransform: C:\Users\user\.gradle\caches\transforms-3\d17670723af3a9297898a53dad0c5e6a\transformed\jetified-exoplayer-decoder-2.19.1-api.jar because:
  Build cache is disabled
Transforming jetified-exoplayer-container-2.19.1-api.jar with IdentityTransform
Transforming jetified-jsr305-3.0.2.jar with AggregatedPackagesTransform
Skipping CopyTransform: C:\Users\user\.gradle\caches\transforms-3\27fa09ceb962f8c3f97355c0704d00b9\transformed\jetified-jetified-failureaccess-1.0.1.jar as it is up-to-date.
Caching disabled for IdentityTransform: C:\Users\user\.gradle\caches\transforms-3\6bc83a10a55c8693df5eda13d337b435\transformed\jetified-jetified-gson-2.8.5.jar because:
  Build cache is disabled
Caching disabled for IdentityTransform: C:\Users\user\.gradle\caches\transforms-3\e7ac7fa909fbc259c359e6a74f8a81f4\transformed\jetified-jetified-exoplayer-datasource-2.19.1-api.jar because:
  Build cache is disabled
Skipping IdentityTransform: C:\Users\user\.gradle\caches\transforms-3\e7ac7fa909fbc259c359e6a74f8a81f4\transformed\jetified-jetified-exoplayer-datasource-2.19.1-api.jar as it is up-to-date.
Skipping AggregatedPackagesTransform: C:\Users\user\.gradle\caches\transforms-3\c6136802eb1e256124702f9a26c0b6f5\transformed\jetified-jetified-javax.inject-1.jar as it is up-to-date.
Transforming jetified-dagger-lint-aar-2.49-api.jar with AggregatedPackagesTransform
Skipping IdentityTransform: C:\Users\user\.gradle\caches\transforms-3\bed86b676b909eea01d4827e9aa277a2\transformed\jetified-jetified-exoplayer-database-2.19.1-api.jar as it is up-to-date.
Skipping IdentityTransform: C:\Users\user\.gradle\caches\transforms-3\6bc83a10a55c8693df5eda13d337b435\transformed\jetified-jetified-gson-2.8.5.jar as it is up-to-date.
Transforming jetified-failureaccess-1.0.1.jar with AggregatedPackagesTransform
Skipping JetifyTransform: C:\Users\user\.gradle\caches\transforms-3\d17670723af3a9297898a53dad0c5e6a\transformed\jetified-exoplayer-decoder-2.19.1-api.jar as it is up-to-date.
Caching disabled for IdentityTransform: C:\Users\user\.gradle\caches\transforms-3\70c306e94dcc649a64921223a8fe362c\transformed\jetified-jetified-exoplayer-container-2.19.1-api.jar because:
  Build cache is disabled
Transforming jetified-exoplayer-datasource-2.19.1-api.jar with IdentityTransform
Skipping IdentityTransform: C:\Users\user\.gradle\caches\transforms-3\70c306e94dcc649a64921223a8fe362c\transformed\jetified-jetified-exoplayer-container-2.19.1-api.jar as it is up-to-date.
Transforming jetified-exoplayer-datasource-2.19.1-api.jar with CopyTransform
Transforming jetified-exoplayer-decoder-2.19.1-api.jar with IdentityTransform
Caching disabled for IdentityTransform: C:\Users\user\.gradle\caches\transforms-3\b93c8f791aed6f8b1debf577ec41d3ca\transformed\jetified-jetified-exoplayer-extractor-2.19.1-api.jar because:
  Build cache is disabled
Skipping IdentityTransform: C:\Users\user\.gradle\caches\transforms-3\b93c8f791aed6f8b1debf577ec41d3ca\transformed\jetified-jetified-exoplayer-extractor-2.19.1-api.jar as it is up-to-date.
Transforming jetified-exoplayer-database-2.19.1-api.jar with IdentityTransform
Transforming jetified-exoplayer-container-2.19.1-api.jar with IdentityTransform
Transforming jetified-exoplayer-database-2.19.1-api.jar with CopyTransform
Transforming jetified-gson-2.8.5.jar with IdentityTransform
Transforming jetified-exoplayer-extractor-2.19.1-api.jar with IdentityTransform
Transforming jetified-exoplayer-extractor-2.19.1-api.jar with CopyTransform
Caching disabled for JetifyTransform: C:\Users\user\.gradle\caches\transforms-3\59670c47ab55a147336fb153526f31a6\transformed\jetified-exoplayer-dash-2.19.1-api.jar because:
  Build cache is disabled
Skipping JetifyTransform: C:\Users\user\.gradle\caches\transforms-3\59670c47ab55a147336fb153526f31a6\transformed\jetified-exoplayer-dash-2.19.1-api.jar as it is up-to-date.
Caching disabled for JetifyTransform: C:\Users\user\.gradle\caches\transforms-3\df5606325dac86f93030a22e7e273c4c\transformed\jetified-exoplayer-rtsp-2.19.1-api.jar because:
  Build cache is disabled
Caching disabled for CopyTransform: C:\Users\user\.gradle\caches\transforms-3\e7ac7fa909fbc259c359e6a74f8a81f4\transformed\jetified-jetified-exoplayer-datasource-2.19.1-api.jar because:
  Build cache is disabled
Skipping CopyTransform: C:\Users\user\.gradle\caches\transforms-3\e7ac7fa909fbc259c359e6a74f8a81f4\transformed\jetified-jetified-exoplayer-datasource-2.19.1-api.jar as it is up-to-date.
Transforming jetified-exoplayer-datasource-2.19.1-api.jar with AggregatedPackagesTransform
Transforming jetified-exoplayer-container-2.19.1-api.jar with CopyTransform
Skipping JetifyTransform: C:\Users\user\.gradle\caches\transforms-3\df5606325dac86f93030a22e7e273c4c\transformed\jetified-exoplayer-rtsp-2.19.1-api.jar as it is up-to-date.
Transforming jetified-exoplayer-dash-2.19.1-api.jar with IdentityTransform
Caching disabled for AggregatedPackagesTransform: C:\Users\user\.gradle\caches\transforms-3\27fa09ceb962f8c3f97355c0704d00b9\transformed\jetified-jetified-failureaccess-1.0.1.jar because:
  Build cache is disabled
Caching disabled for JetifyTransform: C:\Users\user\.gradle\caches\transforms-3\8f30b608bb341fbcef8d48a0115371af\transformed\jetified-exoplayer-hls-2.19.1-api.jar because:
  Build cache is disabled
Transforming jetified-gson-2.8.5.jar with CopyTransform
Caching disabled for AggregatedPackagesTransform: C:\Users\user\.gradle\caches\transforms-3\2cb2ad8f91b21e8a6708080b961b74d5\transformed\jetified-jetified-dagger-lint-aar-2.49-api.jar because:
  Build cache is disabled
Skipping JetifyTransform: C:\Users\user\.gradle\caches\transforms-3\8f30b608bb341fbcef8d48a0115371af\transformed\jetified-exoplayer-hls-2.19.1-api.jar as it is up-to-date.
Skipping AggregatedPackagesTransform: C:\Users\user\.gradle\caches\transforms-3\2cb2ad8f91b21e8a6708080b961b74d5\transformed\jetified-jetified-dagger-lint-aar-2.49-api.jar as it is up-to-date.
Skipping AggregatedPackagesTransform: C:\Users\user\.gradle\caches\transforms-3\27fa09ceb962f8c3f97355c0704d00b9\transformed\jetified-jetified-failureaccess-1.0.1.jar as it is up-to-date.
Caching disabled for AggregatedPackagesTransform: C:\Users\user\.gradle\caches\transforms-3\ba9f67005e83cd0462000bbcf93d3b99\transformed\jetified-jetified-jsr305-3.0.2.jar because:
  Build cache is disabled
Skipping AggregatedPackagesTransform: C:\Users\user\.gradle\caches\transforms-3\ba9f67005e83cd0462000bbcf93d3b99\transformed\jetified-jetified-jsr305-3.0.2.jar as it is up-to-date.
Transforming jetified-exoplayer-hls-2.19.1-api.jar with IdentityTransform
Caching disabled for IdentityTransform: C:\Users\user\.gradle\caches\transforms-3\141f24e095b907d7b46c64cc94746ec8\transformed\jetified-jetified-exoplayer-decoder-2.19.1-api.jar because:
  Build cache is disabled
Skipping IdentityTransform: C:\Users\user\.gradle\caches\transforms-3\141f24e095b907d7b46c64cc94746ec8\transformed\jetified-jetified-exoplayer-decoder-2.19.1-api.jar as it is up-to-date.
Transforming jetified-exoplayer-decoder-2.19.1-api.jar with IdentityTransform
Transforming jetified-exoplayer-rtsp-2.19.1-api.jar with IdentityTransform
Transforming jetified-exoplayer-decoder-2.19.1-api.jar with CopyTransform
Caching disabled for CopyTransform: C:\Users\user\.gradle\caches\transforms-3\bed86b676b909eea01d4827e9aa277a2\transformed\jetified-jetified-exoplayer-database-2.19.1-api.jar because:
  Build cache is disabled
Skipping CopyTransform: C:\Users\user\.gradle\caches\transforms-3\bed86b676b909eea01d4827e9aa277a2\transformed\jetified-jetified-exoplayer-database-2.19.1-api.jar as it is up-to-date.
Transforming jetified-exoplayer-database-2.19.1-api.jar with AggregatedPackagesTransform
Caching disabled for CopyTransform: C:\Users\user\.gradle\caches\transforms-3\b93c8f791aed6f8b1debf577ec41d3ca\transformed\jetified-jetified-exoplayer-extractor-2.19.1-api.jar because:
  Build cache is disabled
Skipping CopyTransform: C:\Users\user\.gradle\caches\transforms-3\b93c8f791aed6f8b1debf577ec41d3ca\transformed\jetified-jetified-exoplayer-extractor-2.19.1-api.jar as it is up-to-date.
Transforming jetified-exoplayer-extractor-2.19.1-api.jar with AggregatedPackagesTransform
Caching disabled for AggregatedPackagesTransform: C:\Users\user\.gradle\caches\transforms-3\e7ac7fa909fbc259c359e6a74f8a81f4\transformed\jetified-jetified-exoplayer-datasource-2.19.1-api.jar because:
  Build cache is disabled
Skipping AggregatedPackagesTransform: C:\Users\user\.gradle\caches\transforms-3\e7ac7fa909fbc259c359e6a74f8a81f4\transformed\jetified-jetified-exoplayer-datasource-2.19.1-api.jar as it is up-to-date.
Caching disabled for CopyTransform: C:\Users\user\.gradle\caches\transforms-3\70c306e94dcc649a64921223a8fe362c\transformed\jetified-jetified-exoplayer-container-2.19.1-api.jar because:
  Build cache is disabled
Skipping CopyTransform: C:\Users\user\.gradle\caches\transforms-3\70c306e94dcc649a64921223a8fe362c\transformed\jetified-jetified-exoplayer-container-2.19.1-api.jar as it is up-to-date.
Transforming jetified-exoplayer-container-2.19.1-api.jar with AggregatedPackagesTransform
Caching disabled for IdentityTransform: C:\Users\user\.gradle\caches\transforms-3\eb5483e925632df19629821fdff3a3b6\transformed\jetified-jetified-exoplayer-hls-2.19.1-api.jar because:
  Build cache is disabled
Skipping IdentityTransform: C:\Users\user\.gradle\caches\transforms-3\eb5483e925632df19629821fdff3a3b6\transformed\jetified-jetified-exoplayer-hls-2.19.1-api.jar as it is up-to-date.
Caching disabled for CopyTransform: C:\Users\user\.gradle\caches\transforms-3\6bc83a10a55c8693df5eda13d337b435\transformed\jetified-jetified-gson-2.8.5.jar because:
  Build cache is disabled
Transforming jetified-exoplayer-hls-2.19.1-api.jar with IdentityTransform
Skipping CopyTransform: C:\Users\user\.gradle\caches\transforms-3\6bc83a10a55c8693df5eda13d337b435\transformed\jetified-jetified-gson-2.8.5.jar as it is up-to-date.
Transforming jetified-exoplayer-hls-2.19.1-api.jar with CopyTransform
Transforming jetified-gson-2.8.5.jar with AggregatedPackagesTransform
Caching disabled for JetifyTransform: C:\Users\user\.gradle\caches\transforms-3\8646a4de871fe8b4c349b36570a14e1f\transformed\jetified-exoplayer-smoothstreaming-2.19.1-api.jar because:
  Build cache is disabled
Skipping JetifyTransform: C:\Users\user\.gradle\caches\transforms-3\8646a4de871fe8b4c349b36570a14e1f\transformed\jetified-exoplayer-smoothstreaming-2.19.1-api.jar as it is up-to-date.
Transforming jetified-exoplayer-smoothstreaming-2.19.1-api.jar with IdentityTransform
Caching disabled for CopyTransform: C:\Users\user\.gradle\caches\transforms-3\141f24e095b907d7b46c64cc94746ec8\transformed\jetified-jetified-exoplayer-decoder-2.19.1-api.jar because:
  Build cache is disabled
Caching disabled for IdentityTransform: C:\Users\user\.gradle\caches\transforms-3\e3e82007ba5333de84b1fe048e2fc455\transformed\jetified-jetified-exoplayer-rtsp-2.19.1-api.jar because:
  Build cache is disabled
Skipping CopyTransform: C:\Users\user\.gradle\caches\transforms-3\141f24e095b907d7b46c64cc94746ec8\transformed\jetified-jetified-exoplayer-decoder-2.19.1-api.jar as it is up-to-date.
Skipping IdentityTransform: C:\Users\user\.gradle\caches\transforms-3\e3e82007ba5333de84b1fe048e2fc455\transformed\jetified-jetified-exoplayer-rtsp-2.19.1-api.jar as it is up-to-date.
Transforming jetified-exoplayer-decoder-2.19.1-api.jar with AggregatedPackagesTransform
Transforming jetified-exoplayer-rtsp-2.19.1-api.jar with IdentityTransform
Transforming jetified-exoplayer-rtsp-2.19.1-api.jar with CopyTransform
Caching disabled for IdentityTransform: C:\Users\user\.gradle\caches\transforms-3\ecfa8080229a4fbae5518c36263880b7\transformed\jetified-jetified-exoplayer-dash-2.19.1-api.jar because:
  Build cache is disabled
Skipping IdentityTransform: C:\Users\user\.gradle\caches\transforms-3\ecfa8080229a4fbae5518c36263880b7\transformed\jetified-jetified-exoplayer-dash-2.19.1-api.jar as it is up-to-date.
Transforming jetified-exoplayer-dash-2.19.1-api.jar with IdentityTransform
Caching disabled for CopyTransform: C:\Users\user\Desktop\projects\Football Live Score (Topon)\Live Football\app\build\tmp\kapt3\classes\release because:
  Build cache is disabled
Caching disabled for AggregatedPackagesTransform: C:\Users\user\.gradle\caches\transforms-3\70c306e94dcc649a64921223a8fe362c\transformed\jetified-jetified-exoplayer-container-2.19.1-api.jar because:
  Build cache is disabled
Skipping AggregatedPackagesTransform: C:\Users\user\.gradle\caches\transforms-3\70c306e94dcc649a64921223a8fe362c\transformed\jetified-jetified-exoplayer-container-2.19.1-api.jar as it is up-to-date.
Caching disabled for AggregatedPackagesTransform: C:\Users\user\.gradle\caches\transforms-3\bed86b676b909eea01d4827e9aa277a2\transformed\jetified-jetified-exoplayer-database-2.19.1-api.jar because:
  Build cache is disabled
Skipping AggregatedPackagesTransform: C:\Users\user\.gradle\caches\transforms-3\bed86b676b909eea01d4827e9aa277a2\transformed\jetified-jetified-exoplayer-database-2.19.1-api.jar as it is up-to-date.
Transforming jetified-exoplayer-dash-2.19.1-api.jar with CopyTransform
Skipping CopyTransform: C:\Users\user\Desktop\projects\Football Live Score (Topon)\Live Football\app\build\tmp\kapt3\classes\release as it is up-to-date.
Transforming release with AggregatedPackagesTransform
Caching disabled for CopyTransform: C:\Users\user\Desktop\projects\Football Live Score (Topon)\Live Football\app\build\tmp\kotlin-classes\release because:
  Build cache is disabled
Caching disabled for CopyTransform: C:\Users\user\.gradle\caches\transforms-3\eb5483e925632df19629821fdff3a3b6\transformed\jetified-jetified-exoplayer-hls-2.19.1-api.jar because:
  Build cache is disabled
Caching disabled for CopyTransform: C:\Users\user\.gradle\caches\transforms-3\e3e82007ba5333de84b1fe048e2fc455\transformed\jetified-jetified-exoplayer-rtsp-2.19.1-api.jar because:
  Build cache is disabled
Skipping CopyTransform: C:\Users\user\.gradle\caches\transforms-3\eb5483e925632df19629821fdff3a3b6\transformed\jetified-jetified-exoplayer-hls-2.19.1-api.jar as it is up-to-date.
Skipping CopyTransform: C:\Users\user\.gradle\caches\transforms-3\e3e82007ba5333de84b1fe048e2fc455\transformed\jetified-jetified-exoplayer-rtsp-2.19.1-api.jar as it is up-to-date.
Transforming jetified-exoplayer-hls-2.19.1-api.jar with AggregatedPackagesTransform
Caching disabled for CopyTransform: C:\Users\user\.gradle\caches\transforms-3\ecfa8080229a4fbae5518c36263880b7\transformed\jetified-jetified-exoplayer-dash-2.19.1-api.jar because:
  Build cache is disabled
Caching disabled for AggregatedPackagesTransform: C:\Users\user\.gradle\caches\transforms-3\6bc83a10a55c8693df5eda13d337b435\transformed\jetified-jetified-gson-2.8.5.jar because:
  Build cache is disabled
Skipping AggregatedPackagesTransform: C:\Users\user\.gradle\caches\transforms-3\6bc83a10a55c8693df5eda13d337b435\transformed\jetified-jetified-gson-2.8.5.jar as it is up-to-date.
Caching disabled for AggregatedPackagesTransform: C:\Users\user\.gradle\caches\transforms-3\b93c8f791aed6f8b1debf577ec41d3ca\transformed\jetified-jetified-exoplayer-extractor-2.19.1-api.jar because:
  Build cache is disabled
Skipping AggregatedPackagesTransform: C:\Users\user\.gradle\caches\transforms-3\b93c8f791aed6f8b1debf577ec41d3ca\transformed\jetified-jetified-exoplayer-extractor-2.19.1-api.jar as it is up-to-date.
Caching disabled for AggregatedPackagesTransform: C:\Users\user\.gradle\caches\transforms-3\141f24e095b907d7b46c64cc94746ec8\transformed\jetified-jetified-exoplayer-decoder-2.19.1-api.jar because:
  Build cache is disabled
Skipping AggregatedPackagesTransform: C:\Users\user\.gradle\caches\transforms-3\141f24e095b907d7b46c64cc94746ec8\transformed\jetified-jetified-exoplayer-decoder-2.19.1-api.jar as it is up-to-date.
Caching disabled for IdentityTransform: C:\Users\user\.gradle\caches\transforms-3\349742e0ddaf5cf9fad350f273457a90\transformed\jetified-jetified-exoplayer-smoothstreaming-2.19.1-api.jar because:
  Build cache is disabled
Caching disabled for AggregatedPackagesTransform: C:\Users\user\Desktop\projects\Football Live Score (Topon)\Live Football\app\build\tmp\kapt3\classes\release because:
  Build cache is disabled
Skipping IdentityTransform: C:\Users\user\.gradle\caches\transforms-3\349742e0ddaf5cf9fad350f273457a90\transformed\jetified-jetified-exoplayer-smoothstreaming-2.19.1-api.jar as it is up-to-date.
Skipping CopyTransform: C:\Users\user\Desktop\projects\Football Live Score (Topon)\Live Football\app\build\tmp\kotlin-classes\release as it is up-to-date.
Transforming release with AggregatedPackagesTransform
Skipping CopyTransform: C:\Users\user\.gradle\caches\transforms-3\ecfa8080229a4fbae5518c36263880b7\transformed\jetified-jetified-exoplayer-dash-2.19.1-api.jar as it is up-to-date.
Skipping AggregatedPackagesTransform: C:\Users\user\Desktop\projects\Football Live Score (Topon)\Live Football\app\build\tmp\kapt3\classes\release as it is up-to-date.
Transforming jetified-exoplayer-rtsp-2.19.1-api.jar with AggregatedPackagesTransform
Transforming jetified-exoplayer-dash-2.19.1-api.jar with AggregatedPackagesTransform
Transforming jetified-exoplayer-smoothstreaming-2.19.1-api.jar with IdentityTransform
Transforming jetified-exoplayer-smoothstreaming-2.19.1-api.jar with CopyTransform
Caching disabled for AggregatedPackagesTransform: C:\Users\user\.gradle\caches\transforms-3\eb5483e925632df19629821fdff3a3b6\transformed\jetified-jetified-exoplayer-hls-2.19.1-api.jar because:
  Build cache is disabled
Skipping AggregatedPackagesTransform: C:\Users\user\.gradle\caches\transforms-3\eb5483e925632df19629821fdff3a3b6\transformed\jetified-jetified-exoplayer-hls-2.19.1-api.jar as it is up-to-date.
Caching disabled for AggregatedPackagesTransform: C:\Users\user\Desktop\projects\Football Live Score (Topon)\Live Football\app\build\tmp\kotlin-classes\release because:
  Build cache is disabled
Caching disabled for AggregatedPackagesTransform: C:\Users\user\.gradle\caches\transforms-3\ecfa8080229a4fbae5518c36263880b7\transformed\jetified-jetified-exoplayer-dash-2.19.1-api.jar because:
  Build cache is disabled
Caching disabled for CopyTransform: C:\Users\user\.gradle\caches\transforms-3\349742e0ddaf5cf9fad350f273457a90\transformed\jetified-jetified-exoplayer-smoothstreaming-2.19.1-api.jar because:
  Build cache is disabled
Caching disabled for AggregatedPackagesTransform: C:\Users\user\.gradle\caches\transforms-3\e3e82007ba5333de84b1fe048e2fc455\transformed\jetified-jetified-exoplayer-rtsp-2.19.1-api.jar because:
  Build cache is disabled
Skipping AggregatedPackagesTransform: C:\Users\user\Desktop\projects\Football Live Score (Topon)\Live Football\app\build\tmp\kotlin-classes\release as it is up-to-date.
Caching disabled for CopyTransform: C:\Users\user\Desktop\projects\Football Live Score (Topon)\Live Football\app\build\intermediates\javac\release\classes because:
  Build cache is disabled
Skipping AggregatedPackagesTransform: C:\Users\user\.gradle\caches\transforms-3\ecfa8080229a4fbae5518c36263880b7\transformed\jetified-jetified-exoplayer-dash-2.19.1-api.jar as it is up-to-date.
Skipping CopyTransform: C:\Users\user\.gradle\caches\transforms-3\349742e0ddaf5cf9fad350f273457a90\transformed\jetified-jetified-exoplayer-smoothstreaming-2.19.1-api.jar as it is up-to-date.
Skipping AggregatedPackagesTransform: C:\Users\user\.gradle\caches\transforms-3\e3e82007ba5333de84b1fe048e2fc455\transformed\jetified-jetified-exoplayer-rtsp-2.19.1-api.jar as it is up-to-date.
Transforming jetified-exoplayer-smoothstreaming-2.19.1-api.jar with AggregatedPackagesTransform
Caching disabled for AggregatedPackagesTransform: C:\Users\user\.gradle\caches\transforms-3\349742e0ddaf5cf9fad350f273457a90\transformed\jetified-jetified-exoplayer-smoothstreaming-2.19.1-api.jar because:
  Build cache is disabled
Skipping AggregatedPackagesTransform: C:\Users\user\.gradle\caches\transforms-3\349742e0ddaf5cf9fad350f273457a90\transformed\jetified-jetified-exoplayer-smoothstreaming-2.19.1-api.jar as it is up-to-date.
Skipping CopyTransform: C:\Users\user\Desktop\projects\Football Live Score (Topon)\Live Football\app\build\intermediates\javac\release\classes as it is up-to-date.
Transforming classes with AggregatedPackagesTransform
Caching disabled for AggregatedPackagesTransform: C:\Users\user\Desktop\projects\Football Live Score (Topon)\Live Football\app\build\intermediates\javac\release\classes because:
  Build cache is disabled
Skipping AggregatedPackagesTransform: C:\Users\user\Desktop\projects\Football Live Score (Topon)\Live Football\app\build\intermediates\javac\release\classes as it is up-to-date.
Caching disabled for task ':app:hiltAggregateDepsRelease' because:
  Build cache is disabled
Task ':app:hiltAggregateDepsRelease' is not up-to-date because:
  Output property 'outputDir' file C:\Users\user\Desktop\projects\Football Live Score (Topon)\Live Football\app\build\generated\hilt\component_trees\release has been removed.
  Output property 'outputDir' file C:\Users\user\Desktop\projects\Football Live Score (Topon)\Live Football\app\build\generated\hilt\component_trees\release\com has been removed.
  Output property 'outputDir' file C:\Users\user\Desktop\projects\Football Live Score (Topon)\Live Football\app\build\generated\hilt\component_trees\release\com\score24seven has been removed.
  Output property 'outputDir' file C:\Users\user\Desktop\projects\Football Live Score (Topon)\Live Football\app\build\generated\hilt\component_trees\release\dagger has been removed.
The input changes require a full rebuild for incremental task ':app:hiltAggregateDepsRelease'.
Resolve mutations for :app:hiltJavaCompileRelease (Thread[#83,included builds,5,main]) started.
:app:hiltJavaCompileRelease (Thread[#83,included builds,5,main]) started.

> Task :app:hiltJavaCompileRelease
Transforming material-1.11.0.aar (com.google.android.material:material:1.11.0) with JetifyTransform
Transforming material-1.11.0.aar (com.google.android.material:material:1.11.0) with AarToClassTransform
Transforming material-1.11.0.aar (com.google.android.material:material:1.11.0) with IdentityTransform
Transforming material-1.11.0.aar (com.google.android.material:material:1.11.0) with CopyTransform
Transforming lottie-compose-6.1.0.aar (com.airbnb.android:lottie-compose:6.1.0) with JetifyTransform
Transforming lottie-compose-6.1.0.aar (com.airbnb.android:lottie-compose:6.1.0) with AarToClassTransform
Transforming lottie-compose-6.1.0.aar (com.airbnb.android:lottie-compose:6.1.0) with IdentityTransform
Transforming lottie-compose-6.1.0.aar (com.airbnb.android:lottie-compose:6.1.0) with CopyTransform
Transforming lottie-6.1.0.aar (com.airbnb.android:lottie:6.1.0) with JetifyTransform
Transforming lottie-6.1.0.aar (com.airbnb.android:lottie:6.1.0) with AarToClassTransform
Transforming lottie-6.1.0.aar (com.airbnb.android:lottie:6.1.0) with IdentityTransform
Transforming lottie-6.1.0.aar (com.airbnb.android:lottie:6.1.0) with CopyTransform
Transforming coil-compose-2.5.0.aar (io.coil-kt:coil-compose:2.5.0) with JetifyTransform
Transforming coil-compose-2.5.0.aar (io.coil-kt:coil-compose:2.5.0) with AarToClassTransform
Transforming coil-compose-2.5.0.aar (io.coil-kt:coil-compose:2.5.0) with IdentityTransform
Transforming coil-compose-2.5.0.aar (io.coil-kt:coil-compose:2.5.0) with CopyTransform
Transforming coil-compose-base-2.5.0.aar (io.coil-kt:coil-compose-base:2.5.0) with JetifyTransform
Transforming coil-compose-base-2.5.0.aar (io.coil-kt:coil-compose-base:2.5.0) with AarToClassTransform
Transforming coil-compose-base-2.5.0.aar (io.coil-kt:coil-compose-base:2.5.0) with IdentityTransform
Transforming coil-compose-base-2.5.0.aar (io.coil-kt:coil-compose-base:2.5.0) with CopyTransform
Transforming coil-2.5.0.aar (io.coil-kt:coil:2.5.0) with JetifyTransform
Transforming coil-2.5.0.aar (io.coil-kt:coil:2.5.0) with AarToClassTransform
Transforming coil-2.5.0.aar (io.coil-kt:coil:2.5.0) with IdentityTransform
Transforming coil-2.5.0.aar (io.coil-kt:coil:2.5.0) with CopyTransform
Transforming coil-base-2.5.0.aar (io.coil-kt:coil-base:2.5.0) with JetifyTransform
Transforming coil-base-2.5.0.aar (io.coil-kt:coil-base:2.5.0) with AarToClassTransform
Transforming coil-base-2.5.0.aar (io.coil-kt:coil-base:2.5.0) with IdentityTransform
Transforming coil-base-2.5.0.aar (io.coil-kt:coil-base:2.5.0) with CopyTransform
Transforming appcompat-resources-1.6.1.aar (androidx.appcompat:appcompat-resources:1.6.1) with JetifyTransform
Transforming appcompat-resources-1.6.1.aar (androidx.appcompat:appcompat-resources:1.6.1) with AarToClassTransform
Transforming appcompat-resources-1.6.1.aar (androidx.appcompat:appcompat-resources:1.6.1) with IdentityTransform
Transforming appcompat-resources-1.6.1.aar (androidx.appcompat:appcompat-resources:1.6.1) with CopyTransform
Transforming constraintlayout-2.0.1.aar (androidx.constraintlayout:constraintlayout:2.0.1) with JetifyTransform
Transforming constraintlayout-2.0.1.aar (androidx.constraintlayout:constraintlayout:2.0.1) with AarToClassTransform
Transforming constraintlayout-2.0.1.aar (androidx.constraintlayout:constraintlayout:2.0.1) with IdentityTransform
Transforming constraintlayout-2.0.1.aar (androidx.constraintlayout:constraintlayout:2.0.1) with CopyTransform
Transforming appcompat-1.6.1.aar (androidx.appcompat:appcompat:1.6.1) with JetifyTransform
Transforming appcompat-1.6.1.aar (androidx.appcompat:appcompat:1.6.1) with AarToClassTransform
Transforming appcompat-1.6.1.aar (androidx.appcompat:appcompat:1.6.1) with IdentityTransform
Transforming appcompat-1.6.1.aar (androidx.appcompat:appcompat:1.6.1) with CopyTransform
Transforming viewpager2-1.0.0.aar (androidx.viewpager2:viewpager2:1.0.0) with JetifyTransform
Transforming viewpager2-1.0.0.aar (androidx.viewpager2:viewpager2:1.0.0) with AarToClassTransform
Transforming viewpager2-1.0.0.aar (androidx.viewpager2:viewpager2:1.0.0) with IdentityTransform
Transforming viewpager2-1.0.0.aar (androidx.viewpager2:viewpager2:1.0.0) with CopyTransform
Transforming play-services-ads-22.6.0.aar (com.google.android.gms:play-services-ads:22.6.0) with JetifyTransform
Transforming play-services-ads-22.6.0.aar (com.google.android.gms:play-services-ads:22.6.0) with AarToClassTransform
Transforming play-services-ads-22.6.0.aar (com.google.android.gms:play-services-ads:22.6.0) with IdentityTransform
Transforming play-services-ads-22.6.0.aar (com.google.android.gms:play-services-ads:22.6.0) with CopyTransform
Transforming play-services-appset-16.0.1.aar (com.google.android.gms:play-services-appset:16.0.1) with JetifyTransform
Transforming play-services-appset-16.0.1.aar (com.google.android.gms:play-services-appset:16.0.1) with AarToClassTransform
Transforming play-services-appset-16.0.1.aar (com.google.android.gms:play-services-appset:16.0.1) with IdentityTransform
Transforming play-services-appset-16.0.1.aar (com.google.android.gms:play-services-appset:16.0.1) with CopyTransform
Transforming play-services-base-18.2.0.aar (com.google.android.gms:play-services-base:18.2.0) with JetifyTransform
Transforming play-services-base-18.2.0.aar (com.google.android.gms:play-services-base:18.2.0) with AarToClassTransform
Transforming play-services-base-18.2.0.aar (com.google.android.gms:play-services-base:18.2.0) with IdentityTransform
Transforming play-services-base-18.2.0.aar (com.google.android.gms:play-services-base:18.2.0) with CopyTransform
Transforming play-services-base-18.2.0.aar (com.google.android.gms:play-services-base:18.2.0) with JetifyTransform
Transforming play-services-base-18.2.0.aar (com.google.android.gms:play-services-base:18.2.0) with AarToClassTransform
Transforming play-services-base-18.2.0.aar (com.google.android.gms:play-services-base:18.2.0) with IdentityTransform
Transforming play-services-base-18.2.0.aar (com.google.android.gms:play-services-base:18.2.0) with CopyTransform
Transforming drawerlayout-1.1.1.aar (androidx.drawerlayout:drawerlayout:1.1.1) with JetifyTransform
Transforming drawerlayout-1.1.1.aar (androidx.drawerlayout:drawerlayout:1.1.1) with AarToClassTransform
Transforming drawerlayout-1.1.1.aar (androidx.drawerlayout:drawerlayout:1.1.1) with IdentityTransform
Transforming drawerlayout-1.1.1.aar (androidx.drawerlayout:drawerlayout:1.1.1) with CopyTransform
Transforming coordinatorlayout-1.1.0.aar (androidx.coordinatorlayout:coordinatorlayout:1.1.0) with JetifyTransform
Transforming coordinatorlayout-1.1.0.aar (androidx.coordinatorlayout:coordinatorlayout:1.1.0) with AarToClassTransform
Transforming coordinatorlayout-1.1.0.aar (androidx.coordinatorlayout:coordinatorlayout:1.1.0) with IdentityTransform
Transforming coordinatorlayout-1.1.0.aar (androidx.coordinatorlayout:coordinatorlayout:1.1.0) with CopyTransform
Transforming dynamicanimation-1.0.0.aar (androidx.dynamicanimation:dynamicanimation:1.0.0) with JetifyTransform
Transforming dynamicanimation-1.0.0.aar (androidx.dynamicanimation:dynamicanimation:1.0.0) with AarToClassTransform
Transforming dynamicanimation-1.0.0.aar (androidx.dynamicanimation:dynamicanimation:1.0.0) with IdentityTransform
Transforming dynamicanimation-1.0.0.aar (androidx.dynamicanimation:dynamicanimation:1.0.0) with CopyTransform
Transforming transition-1.2.0.aar (androidx.transition:transition:1.2.0) with JetifyTransform
Transforming transition-1.2.0.aar (androidx.transition:transition:1.2.0) with AarToClassTransform
Transforming transition-1.2.0.aar (androidx.transition:transition:1.2.0) with IdentityTransform
Transforming transition-1.2.0.aar (androidx.transition:transition:1.2.0) with CopyTransform
Transforming vectordrawable-animated-1.1.0.aar (androidx.vectordrawable:vectordrawable-animated:1.1.0) with JetifyTransform
Transforming vectordrawable-animated-1.1.0.aar (androidx.vectordrawable:vectordrawable-animated:1.1.0) with AarToClassTransform
Transforming vectordrawable-animated-1.1.0.aar (androidx.vectordrawable:vectordrawable-animated:1.1.0) with IdentityTransform
Transforming vectordrawable-animated-1.1.0.aar (androidx.vectordrawable:vectordrawable-animated:1.1.0) with CopyTransform
Transforming vectordrawable-1.1.0.aar (androidx.vectordrawable:vectordrawable:1.1.0) with JetifyTransform
Transforming vectordrawable-1.1.0.aar (androidx.vectordrawable:vectordrawable:1.1.0) with AarToClassTransform
Transforming vectordrawable-1.1.0.aar (androidx.vectordrawable:vectordrawable:1.1.0) with IdentityTransform
Transforming vectordrawable-1.1.0.aar (androidx.vectordrawable:vectordrawable:1.1.0) with CopyTransform
Transforming vectordrawable-1.1.0.aar (androidx.vectordrawable:vectordrawable:1.1.0) with JetifyTransform
Transforming vectordrawable-1.1.0.aar (androidx.vectordrawable:vectordrawable:1.1.0) with AarToClassTransform
Transforming vectordrawable-1.1.0.aar (androidx.vectordrawable:vectordrawable:1.1.0) with IdentityTransform
Transforming vectordrawable-1.1.0.aar (androidx.vectordrawable:vectordrawable:1.1.0) with CopyTransform
Transforming hilt-navigation-compose-1.1.0.aar (androidx.hilt:hilt-navigation-compose:1.1.0) with JetifyTransform
Transforming hilt-navigation-compose-1.1.0.aar (androidx.hilt:hilt-navigation-compose:1.1.0) with AarToClassTransform
Transforming hilt-navigation-compose-1.1.0.aar (androidx.hilt:hilt-navigation-compose:1.1.0) with IdentityTransform
Transforming hilt-navigation-compose-1.1.0.aar (androidx.hilt:hilt-navigation-compose:1.1.0) with CopyTransform
Transforming hilt-navigation-1.1.0.aar (androidx.hilt:hilt-navigation:1.1.0) with JetifyTransform
Transforming hilt-navigation-1.1.0.aar (androidx.hilt:hilt-navigation:1.1.0) with AarToClassTransform
Transforming hilt-navigation-1.1.0.aar (androidx.hilt:hilt-navigation:1.1.0) with IdentityTransform
Transforming hilt-navigation-1.1.0.aar (androidx.hilt:hilt-navigation:1.1.0) with CopyTransform
Transforming navigation-common-2.7.6.aar (androidx.navigation:navigation-common:2.7.6) with JetifyTransform
Transforming navigation-common-2.7.6.aar (androidx.navigation:navigation-common:2.7.6) with AarToClassTransform
Transforming navigation-common-2.7.6.aar (androidx.navigation:navigation-common:2.7.6) with IdentityTransform
Transforming navigation-common-2.7.6.aar (androidx.navigation:navigation-common:2.7.6) with CopyTransform
Transforming navigation-runtime-2.7.6.aar (androidx.navigation:navigation-runtime:2.7.6) with JetifyTransform
Transforming navigation-runtime-2.7.6.aar (androidx.navigation:navigation-runtime:2.7.6) with AarToClassTransform
Transforming navigation-runtime-2.7.6.aar (androidx.navigation:navigation-runtime:2.7.6) with IdentityTransform
Transforming navigation-runtime-2.7.6.aar (androidx.navigation:navigation-runtime:2.7.6) with CopyTransform
Transforming navigation-common-ktx-2.7.6.aar (androidx.navigation:navigation-common-ktx:2.7.6) with JetifyTransform
Transforming navigation-common-ktx-2.7.6.aar (androidx.navigation:navigation-common-ktx:2.7.6) with AarToClassTransform
Transforming navigation-common-ktx-2.7.6.aar (androidx.navigation:navigation-common-ktx:2.7.6) with IdentityTransform
Transforming navigation-common-ktx-2.7.6.aar (androidx.navigation:navigation-common-ktx:2.7.6) with CopyTransform
Transforming navigation-runtime-ktx-2.7.6.aar (androidx.navigation:navigation-runtime-ktx:2.7.6) with JetifyTransform
Transforming navigation-runtime-ktx-2.7.6.aar (androidx.navigation:navigation-runtime-ktx:2.7.6) with AarToClassTransform
Transforming navigation-runtime-ktx-2.7.6.aar (androidx.navigation:navigation-runtime-ktx:2.7.6) with IdentityTransform
Transforming navigation-runtime-ktx-2.7.6.aar (androidx.navigation:navigation-runtime-ktx:2.7.6) with CopyTransform
Transforming navigation-compose-2.7.6.aar (androidx.navigation:navigation-compose:2.7.6) with JetifyTransform
Transforming navigation-compose-2.7.6.aar (androidx.navigation:navigation-compose:2.7.6) with AarToClassTransform
Transforming navigation-compose-2.7.6.aar (androidx.navigation:navigation-compose:2.7.6) with IdentityTransform
Transforming navigation-compose-2.7.6.aar (androidx.navigation:navigation-compose:2.7.6) with CopyTransform
Transforming accompanist-permissions-0.32.0.aar (com.google.accompanist:accompanist-permissions:0.32.0) with JetifyTransform
Transforming accompanist-permissions-0.32.0.aar (com.google.accompanist:accompanist-permissions:0.32.0) with AarToClassTransform
Transforming accompanist-permissions-0.32.0.aar (com.google.accompanist:accompanist-permissions:0.32.0) with IdentityTransform
Transforming accompanist-permissions-0.32.0.aar (com.google.accompanist:accompanist-permissions:0.32.0) with CopyTransform
Transforming room-common-2.6.1.jar (androidx.room:room-common:2.6.1) with JetifyTransform
Transforming room-common-2.6.1.jar (androidx.room:room-common:2.6.1) with IdentityTransform
Transforming room-common-2.6.1.jar (androidx.room:room-common:2.6.1) with IdentityTransform
Transforming room-common-2.6.1.jar (androidx.room:room-common:2.6.1) with CopyTransform
Transforming room-ktx-2.6.1.aar (androidx.room:room-ktx:2.6.1) with JetifyTransform
Transforming room-ktx-2.6.1.aar (androidx.room:room-ktx:2.6.1) with AarToClassTransform
Transforming room-ktx-2.6.1.aar (androidx.room:room-ktx:2.6.1) with IdentityTransform
Transforming room-ktx-2.6.1.aar (androidx.room:room-ktx:2.6.1) with CopyTransform
Transforming play-services-ads-lite-22.6.0.aar (com.google.android.gms:play-services-ads-lite:22.6.0) with JetifyTransform
Transforming play-services-ads-lite-22.6.0.aar (com.google.android.gms:play-services-ads-lite:22.6.0) with AarToClassTransform
Transforming play-services-ads-lite-22.6.0.aar (com.google.android.gms:play-services-ads-lite:22.6.0) with IdentityTransform
Transforming play-services-ads-lite-22.6.0.aar (com.google.android.gms:play-services-ads-lite:22.6.0) with CopyTransform
Transforming work-runtime-2.7.0.aar (androidx.work:work-runtime:2.7.0) with JetifyTransform
Transforming work-runtime-2.7.0.aar (androidx.work:work-runtime:2.7.0) with AarToClassTransform
Transforming work-runtime-2.7.0.aar (androidx.work:work-runtime:2.7.0) with IdentityTransform
Transforming work-runtime-2.7.0.aar (androidx.work:work-runtime:2.7.0) with CopyTransform
Transforming room-runtime-2.6.1.aar (androidx.room:room-runtime:2.6.1) with JetifyTransform
Transforming room-runtime-2.6.1.aar (androidx.room:room-runtime:2.6.1) with AarToClassTransform
Transforming room-runtime-2.6.1.aar (androidx.room:room-runtime:2.6.1) with IdentityTransform
Transforming room-runtime-2.6.1.aar (androidx.room:room-runtime:2.6.1) with CopyTransform
Transforming room-paging-2.6.1.aar (androidx.room:room-paging:2.6.1) with JetifyTransform
Transforming room-paging-2.6.1.aar (androidx.room:room-paging:2.6.1) with AarToClassTransform
Transforming room-paging-2.6.1.aar (androidx.room:room-paging:2.6.1) with IdentityTransform
Transforming room-paging-2.6.1.aar (androidx.room:room-paging:2.6.1) with CopyTransform
Transforming paging-runtime-3.2.1.aar (androidx.paging:paging-runtime:3.2.1) with JetifyTransform
Transforming paging-runtime-3.2.1.aar (androidx.paging:paging-runtime:3.2.1) with AarToClassTransform
Transforming paging-runtime-3.2.1.aar (androidx.paging:paging-runtime:3.2.1) with IdentityTransform
Transforming paging-runtime-3.2.1.aar (androidx.paging:paging-runtime:3.2.1) with CopyTransform
Transforming paging-common-ktx-3.2.1.jar (androidx.paging:paging-common-ktx:3.2.1) with JetifyTransform
Transforming paging-common-ktx-3.2.1.jar (androidx.paging:paging-common-ktx:3.2.1) with IdentityTransform
Transforming paging-common-ktx-3.2.1.jar (androidx.paging:paging-common-ktx:3.2.1) with IdentityTransform
Transforming paging-common-ktx-3.2.1.jar (androidx.paging:paging-common-ktx:3.2.1) with CopyTransform
Transforming paging-common-3.2.1.jar (androidx.paging:paging-common:3.2.1) with JetifyTransform
Transforming paging-common-3.2.1.jar (androidx.paging:paging-common:3.2.1) with IdentityTransform
Transforming paging-common-3.2.1.jar (androidx.paging:paging-common:3.2.1) with IdentityTransform
Transforming paging-common-3.2.1.jar (androidx.paging:paging-common:3.2.1) with CopyTransform
Transforming paging-runtime-ktx-3.2.1.aar (androidx.paging:paging-runtime-ktx:3.2.1) with JetifyTransform
Transforming paging-runtime-ktx-3.2.1.aar (androidx.paging:paging-runtime-ktx:3.2.1) with AarToClassTransform
Transforming paging-runtime-ktx-3.2.1.aar (androidx.paging:paging-runtime-ktx:3.2.1) with IdentityTransform
Transforming paging-runtime-ktx-3.2.1.aar (androidx.paging:paging-runtime-ktx:3.2.1) with CopyTransform
Transforming paging-compose-3.2.1.aar (androidx.paging:paging-compose:3.2.1) with JetifyTransform
Transforming paging-compose-3.2.1.aar (androidx.paging:paging-compose:3.2.1) with AarToClassTransform
Transforming paging-compose-3.2.1.aar (androidx.paging:paging-compose:3.2.1) with IdentityTransform
Transforming paging-compose-3.2.1.aar (androidx.paging:paging-compose:3.2.1) with CopyTransform
Transforming material3-release.aar (androidx.compose.material3:material3-android:1.2.0) with JetifyTransform
Transforming material3-release.aar (androidx.compose.material3:material3-android:1.2.0) with AarToClassTransform
Transforming material3-release.aar (androidx.compose.material3:material3-android:1.2.0) with IdentityTransform
Transforming material3-release.aar (androidx.compose.material3:material3-android:1.2.0) with CopyTransform
Transforming material-ripple-release.aar (androidx.compose.material:material-ripple-android:1.6.1) with JetifyTransform
Transforming material-ripple-release.aar (androidx.compose.material:material-ripple-android:1.6.1) with AarToClassTransform
Transforming material-ripple-release.aar (androidx.compose.material:material-ripple-android:1.6.1) with IdentityTransform
Transforming material-ripple-release.aar (androidx.compose.material:material-ripple-android:1.6.1) with CopyTransform
Transforming material-icons-core-release.aar (androidx.compose.material:material-icons-core-android:1.6.1) with JetifyTransform
Transforming material-icons-core-release.aar (androidx.compose.material:material-icons-core-android:1.6.1) with AarToClassTransform
Transforming material-icons-core-release.aar (androidx.compose.material:material-icons-core-android:1.6.1) with IdentityTransform
Transforming material-icons-core-release.aar (androidx.compose.material:material-icons-core-android:1.6.1) with CopyTransform
Transforming material-release.aar (androidx.compose.material:material-android:1.6.1) with JetifyTransform
Transforming material-release.aar (androidx.compose.material:material-android:1.6.1) with AarToClassTransform
Transforming material-release.aar (androidx.compose.material:material-android:1.6.1) with IdentityTransform
Transforming material-release.aar (androidx.compose.material:material-android:1.6.1) with CopyTransform
Transforming animation-core-release.aar (androidx.compose.animation:animation-core-android:1.6.1) with JetifyTransform
Transforming animation-core-release.aar (androidx.compose.animation:animation-core-android:1.6.1) with AarToClassTransform
Transforming animation-core-release.aar (androidx.compose.animation:animation-core-android:1.6.1) with IdentityTransform
Transforming animation-core-release.aar (androidx.compose.animation:animation-core-android:1.6.1) with CopyTransform
Transforming animation-release.aar (androidx.compose.animation:animation-android:1.6.1) with JetifyTransform
Transforming animation-release.aar (androidx.compose.animation:animation-android:1.6.1) with AarToClassTransform
Transforming animation-release.aar (androidx.compose.animation:animation-android:1.6.1) with IdentityTransform
Transforming animation-release.aar (androidx.compose.animation:animation-android:1.6.1) with CopyTransform
Transforming foundation-layout-release.aar (androidx.compose.foundation:foundation-layout-android:1.6.1) with JetifyTransform
Transforming foundation-layout-release.aar (androidx.compose.foundation:foundation-layout-android:1.6.1) with AarToClassTransform
Transforming foundation-layout-release.aar (androidx.compose.foundation:foundation-layout-android:1.6.1) with IdentityTransform
Transforming foundation-layout-release.aar (androidx.compose.foundation:foundation-layout-android:1.6.1) with CopyTransform
Transforming foundation-release.aar (androidx.compose.foundation:foundation-android:1.6.1) with JetifyTransform
Transforming foundation-release.aar (androidx.compose.foundation:foundation-android:1.6.1) with AarToClassTransform
Transforming foundation-release.aar (androidx.compose.foundation:foundation-android:1.6.1) with IdentityTransform
Transforming foundation-release.aar (androidx.compose.foundation:foundation-android:1.6.1) with CopyTransform
Transforming ui-unit-release.aar (androidx.compose.ui:ui-unit-android:1.6.1) with JetifyTransform
Transforming ui-unit-release.aar (androidx.compose.ui:ui-unit-android:1.6.1) with AarToClassTransform
Transforming ui-unit-release.aar (androidx.compose.ui:ui-unit-android:1.6.1) with IdentityTransform
Transforming ui-unit-release.aar (androidx.compose.ui:ui-unit-android:1.6.1) with CopyTransform
Transforming ui-geometry-release.aar (androidx.compose.ui:ui-geometry-android:1.6.1) with JetifyTransform
Transforming ui-geometry-release.aar (androidx.compose.ui:ui-geometry-android:1.6.1) with AarToClassTransform
Transforming ui-geometry-release.aar (androidx.compose.ui:ui-geometry-android:1.6.1) with IdentityTransform
Transforming ui-geometry-release.aar (androidx.compose.ui:ui-geometry-android:1.6.1) with CopyTransform
Transforming ui-util-release.aar (androidx.compose.ui:ui-util-android:1.6.1) with JetifyTransform
Transforming ui-util-release.aar (androidx.compose.ui:ui-util-android:1.6.1) with AarToClassTransform
Transforming ui-util-release.aar (androidx.compose.ui:ui-util-android:1.6.1) with IdentityTransform
Transforming ui-util-release.aar (androidx.compose.ui:ui-util-android:1.6.1) with CopyTransform
Transforming ui-text-release.aar (androidx.compose.ui:ui-text-android:1.6.1) with JetifyTransform
Transforming ui-text-release.aar (androidx.compose.ui:ui-text-android:1.6.1) with AarToClassTransform
Transforming ui-text-release.aar (androidx.compose.ui:ui-text-android:1.6.1) with IdentityTransform
Transforming ui-text-release.aar (androidx.compose.ui:ui-text-android:1.6.1) with CopyTransform
Transforming ui-tooling-preview-release.aar (androidx.compose.ui:ui-tooling-preview-android:1.6.1) with JetifyTransform
Transforming ui-tooling-preview-release.aar (androidx.compose.ui:ui-tooling-preview-android:1.6.1) with AarToClassTransform
Transforming ui-tooling-preview-release.aar (androidx.compose.ui:ui-tooling-preview-android:1.6.1) with IdentityTransform
Transforming ui-tooling-preview-release.aar (androidx.compose.ui:ui-tooling-preview-android:1.6.1) with CopyTransform
Transforming ui-graphics-release.aar (androidx.compose.ui:ui-graphics-android:1.6.1) with JetifyTransform
Transforming ui-graphics-release.aar (androidx.compose.ui:ui-graphics-android:1.6.1) with AarToClassTransform
Transforming ui-graphics-release.aar (androidx.compose.ui:ui-graphics-android:1.6.1) with IdentityTransform
Transforming ui-graphics-release.aar (androidx.compose.ui:ui-graphics-android:1.6.1) with CopyTransform
Transforming runtime-saveable-release.aar (androidx.compose.runtime:runtime-saveable-android:1.6.1) with JetifyTransform
Transforming runtime-saveable-release.aar (androidx.compose.runtime:runtime-saveable-android:1.6.1) with AarToClassTransform
Transforming runtime-saveable-release.aar (androidx.compose.runtime:runtime-saveable-android:1.6.1) with IdentityTransform
Transforming runtime-saveable-release.aar (androidx.compose.runtime:runtime-saveable-android:1.6.1) with CopyTransform
Transforming runtime-release.aar (androidx.compose.runtime:runtime-android:1.6.1) with JetifyTransform
Transforming runtime-release.aar (androidx.compose.runtime:runtime-android:1.6.1) with AarToClassTransform
Transforming runtime-release.aar (androidx.compose.runtime:runtime-android:1.6.1) with IdentityTransform
Transforming runtime-release.aar (androidx.compose.runtime:runtime-android:1.6.1) with CopyTransform
Transforming runtime-livedata-1.6.1.aar (androidx.compose.runtime:runtime-livedata:1.6.1) with JetifyTransform
Transforming runtime-livedata-1.6.1.aar (androidx.compose.runtime:runtime-livedata:1.6.1) with AarToClassTransform
Transforming runtime-livedata-1.6.1.aar (androidx.compose.runtime:runtime-livedata:1.6.1) with IdentityTransform
Transforming runtime-livedata-1.6.1.aar (androidx.compose.runtime:runtime-livedata:1.6.1) with CopyTransform
Transforming hilt-android-2.49.aar (com.google.dagger:hilt-android:2.49) with JetifyTransform
Transforming hilt-android-2.49.aar (com.google.dagger:hilt-android:2.49) with AarToClassTransform
Transforming hilt-android-2.49.aar (com.google.dagger:hilt-android:2.49) with IdentityTransform
Transforming hilt-android-2.49.aar (com.google.dagger:hilt-android:2.49) with CopyTransform
Transforming play-services-tasks-18.0.2.aar (com.google.android.gms:play-services-tasks:18.0.2) with JetifyTransform
Transforming play-services-tasks-18.0.2.aar (com.google.android.gms:play-services-tasks:18.0.2) with AarToClassTransform
Transforming play-services-tasks-18.0.2.aar (com.google.android.gms:play-services-tasks:18.0.2) with IdentityTransform
Transforming play-services-tasks-18.0.2.aar (com.google.android.gms:play-services-tasks:18.0.2) with CopyTransform
Transforming play-services-ads-base-22.6.0.aar (com.google.android.gms:play-services-ads-base:22.6.0) with JetifyTransform
Transforming play-services-ads-base-22.6.0.aar (com.google.android.gms:play-services-ads-base:22.6.0) with AarToClassTransform
Transforming play-services-ads-base-22.6.0.aar (com.google.android.gms:play-services-ads-base:22.6.0) with IdentityTransform
Transforming play-services-ads-base-22.6.0.aar (com.google.android.gms:play-services-ads-base:22.6.0) with CopyTransform
Transforming user-messaging-platform-2.1.0.aar (com.google.android.ump:user-messaging-platform:2.1.0) with JetifyTransform
Transforming user-messaging-platform-2.1.0.aar (com.google.android.ump:user-messaging-platform:2.1.0) with AarToClassTransform
Transforming user-messaging-platform-2.1.0.aar (com.google.android.ump:user-messaging-platform:2.1.0) with IdentityTransform
Transforming user-messaging-platform-2.1.0.aar (com.google.android.ump:user-messaging-platform:2.1.0) with CopyTransform
Transforming play-services-ads-identifier-18.0.0.aar (com.google.android.gms:play-services-ads-identifier:18.0.0) with JetifyTransform
Transforming play-services-ads-identifier-18.0.0.aar (com.google.android.gms:play-services-ads-identifier:18.0.0) with AarToClassTransform
Transforming play-services-ads-identifier-18.0.0.aar (com.google.android.gms:play-services-ads-identifier:18.0.0) with IdentityTransform
Transforming play-services-ads-identifier-18.0.0.aar (com.google.android.gms:play-services-ads-identifier:18.0.0) with CopyTransform
Transforming play-services-measurement-sdk-api-20.1.2.aar (com.google.android.gms:play-services-measurement-sdk-api:20.1.2) with JetifyTransform
Transforming play-services-measurement-sdk-api-20.1.2.aar (com.google.android.gms:play-services-measurement-sdk-api:20.1.2) with AarToClassTransform
Transforming play-services-measurement-sdk-api-20.1.2.aar (com.google.android.gms:play-services-measurement-sdk-api:20.1.2) with IdentityTransform
Transforming play-services-measurement-sdk-api-20.1.2.aar (com.google.android.gms:play-services-measurement-sdk-api:20.1.2) with CopyTransform
Transforming play-services-measurement-base-20.1.2.aar (com.google.android.gms:play-services-measurement-base:20.1.2) with JetifyTransform
Transforming play-services-measurement-base-20.1.2.aar (com.google.android.gms:play-services-measurement-base:20.1.2) with AarToClassTransform
Transforming play-services-measurement-base-20.1.2.aar (com.google.android.gms:play-services-measurement-base:20.1.2) with IdentityTransform
Transforming play-services-measurement-base-20.1.2.aar (com.google.android.gms:play-services-measurement-base:20.1.2) with CopyTransform
Transforming play-services-basement-18.2.0.aar (com.google.android.gms:play-services-basement:18.2.0) with JetifyTransform
Transforming play-services-basement-18.2.0.aar (com.google.android.gms:play-services-basement:18.2.0) with AarToClassTransform
Transforming play-services-basement-18.2.0.aar (com.google.android.gms:play-services-basement:18.2.0) with IdentityTransform
Transforming play-services-basement-18.2.0.aar (com.google.android.gms:play-services-basement:18.2.0) with CopyTransform
Transforming fragment-1.5.1.aar (androidx.fragment:fragment:1.5.1) with JetifyTransform
Transforming fragment-1.5.1.aar (androidx.fragment:fragment:1.5.1) with AarToClassTransform
Transforming fragment-1.5.1.aar (androidx.fragment:fragment:1.5.1) with IdentityTransform
Transforming fragment-1.5.1.aar (androidx.fragment:fragment:1.5.1) with CopyTransform
Transforming fragment-1.5.1.aar (androidx.fragment:fragment:1.5.1) with JetifyTransform
Transforming fragment-1.5.1.aar (androidx.fragment:fragment:1.5.1) with AarToClassTransform
Transforming fragment-1.5.1.aar (androidx.fragment:fragment:1.5.1) with IdentityTransform
Transforming fragment-1.5.1.aar (androidx.fragment:fragment:1.5.1) with CopyTransform
Transforming emoji2-views-helper-1.3.0.aar (androidx.emoji2:emoji2-views-helper:1.3.0) with JetifyTransform
Transforming emoji2-views-helper-1.3.0.aar (androidx.emoji2:emoji2-views-helper:1.3.0) with AarToClassTransform
Transforming emoji2-views-helper-1.3.0.aar (androidx.emoji2:emoji2-views-helper:1.3.0) with IdentityTransform
Transforming emoji2-views-helper-1.3.0.aar (androidx.emoji2:emoji2-views-helper:1.3.0) with CopyTransform
Transforming emoji2-1.3.0.aar (androidx.emoji2:emoji2:1.3.0) with JetifyTransform
Transforming emoji2-1.3.0.aar (androidx.emoji2:emoji2:1.3.0) with AarToClassTransform
Transforming emoji2-1.3.0.aar (androidx.emoji2:emoji2:1.3.0) with IdentityTransform
Transforming emoji2-1.3.0.aar (androidx.emoji2:emoji2:1.3.0) with CopyTransform
Transforming lifecycle-process-2.7.0.aar (androidx.lifecycle:lifecycle-process:2.7.0) with JetifyTransform
Transforming lifecycle-process-2.7.0.aar (androidx.lifecycle:lifecycle-process:2.7.0) with AarToClassTransform
Transforming lifecycle-process-2.7.0.aar (androidx.lifecycle:lifecycle-process:2.7.0) with IdentityTransform
Transforming lifecycle-process-2.7.0.aar (androidx.lifecycle:lifecycle-process:2.7.0) with CopyTransform
Transforming lifecycle-service-2.7.0.aar (androidx.lifecycle:lifecycle-service:2.7.0) with JetifyTransform
Transforming lifecycle-service-2.7.0.aar (androidx.lifecycle:lifecycle-service:2.7.0) with AarToClassTransform
Transforming lifecycle-service-2.7.0.aar (androidx.lifecycle:lifecycle-service:2.7.0) with IdentityTransform
Transforming lifecycle-service-2.7.0.aar (androidx.lifecycle:lifecycle-service:2.7.0) with CopyTransform
Transforming lifecycle-livedata-core-ktx-2.7.0.aar (androidx.lifecycle:lifecycle-livedata-core-ktx:2.7.0) with JetifyTransform
Transforming lifecycle-livedata-core-ktx-2.7.0.aar (androidx.lifecycle:lifecycle-livedata-core-ktx:2.7.0) with AarToClassTransform
Transforming lifecycle-livedata-core-ktx-2.7.0.aar (androidx.lifecycle:lifecycle-livedata-core-ktx:2.7.0) with IdentityTransform
Transforming lifecycle-livedata-core-ktx-2.7.0.aar (androidx.lifecycle:lifecycle-livedata-core-ktx:2.7.0) with CopyTransform
Transforming lifecycle-livedata-ktx-2.7.0.aar (androidx.lifecycle:lifecycle-livedata-ktx:2.7.0) with JetifyTransform
Transforming lifecycle-livedata-ktx-2.7.0.aar (androidx.lifecycle:lifecycle-livedata-ktx:2.7.0) with AarToClassTransform
Transforming lifecycle-livedata-ktx-2.7.0.aar (androidx.lifecycle:lifecycle-livedata-ktx:2.7.0) with IdentityTransform
Transforming lifecycle-livedata-ktx-2.7.0.aar (androidx.lifecycle:lifecycle-livedata-ktx:2.7.0) with CopyTransform
Transforming lifecycle-livedata-core-2.7.0.aar (androidx.lifecycle:lifecycle-livedata-core:2.7.0) with JetifyTransform
Transforming lifecycle-livedata-core-2.7.0.aar (androidx.lifecycle:lifecycle-livedata-core:2.7.0) with AarToClassTransform
Transforming lifecycle-livedata-core-2.7.0.aar (androidx.lifecycle:lifecycle-livedata-core:2.7.0) with IdentityTransform
Transforming lifecycle-livedata-core-2.7.0.aar (androidx.lifecycle:lifecycle-livedata-core:2.7.0) with CopyTransform
Transforming legacy-support-core-utils-1.0.0.aar (androidx.legacy:legacy-support-core-utils:1.0.0) with JetifyTransform
Transforming legacy-support-core-utils-1.0.0.aar (androidx.legacy:legacy-support-core-utils:1.0.0) with AarToClassTransform
Transforming legacy-support-core-utils-1.0.0.aar (androidx.legacy:legacy-support-core-utils:1.0.0) with IdentityTransform
Transforming legacy-support-core-utils-1.0.0.aar (androidx.legacy:legacy-support-core-utils:1.0.0) with CopyTransform
Transforming loader-1.0.0.aar (androidx.loader:loader:1.0.0) with JetifyTransform
Transforming loader-1.0.0.aar (androidx.loader:loader:1.0.0) with AarToClassTransform
Transforming loader-1.0.0.aar (androidx.loader:loader:1.0.0) with IdentityTransform
Transforming loader-1.0.0.aar (androidx.loader:loader:1.0.0) with CopyTransform
Transforming loader-1.0.0.aar (androidx.loader:loader:1.0.0) with JetifyTransform
Transforming loader-1.0.0.aar (androidx.loader:loader:1.0.0) with AarToClassTransform
Transforming loader-1.0.0.aar (androidx.loader:loader:1.0.0) with IdentityTransform
Transforming loader-1.0.0.aar (androidx.loader:loader:1.0.0) with CopyTransform
Transforming lifecycle-livedata-2.7.0.aar (androidx.lifecycle:lifecycle-livedata:2.7.0) with JetifyTransform
Transforming lifecycle-livedata-2.7.0.aar (androidx.lifecycle:lifecycle-livedata:2.7.0) with AarToClassTransform
Transforming lifecycle-livedata-2.7.0.aar (androidx.lifecycle:lifecycle-livedata:2.7.0) with IdentityTransform
Transforming lifecycle-livedata-2.7.0.aar (androidx.lifecycle:lifecycle-livedata:2.7.0) with CopyTransform
Transforming lifecycle-livedata-2.7.0.aar (androidx.lifecycle:lifecycle-livedata:2.7.0) with JetifyTransform
Transforming lifecycle-livedata-2.7.0.aar (androidx.lifecycle:lifecycle-livedata:2.7.0) with AarToClassTransform
Transforming lifecycle-livedata-2.7.0.aar (androidx.lifecycle:lifecycle-livedata:2.7.0) with IdentityTransform
Transforming lifecycle-livedata-2.7.0.aar (androidx.lifecycle:lifecycle-livedata:2.7.0) with CopyTransform
Transforming savedstate-ktx-1.2.1.aar (androidx.savedstate:savedstate-ktx:1.2.1) with JetifyTransform
Transforming savedstate-ktx-1.2.1.aar (androidx.savedstate:savedstate-ktx:1.2.1) with AarToClassTransform
Transforming savedstate-ktx-1.2.1.aar (androidx.savedstate:savedstate-ktx:1.2.1) with IdentityTransform
Transforming savedstate-ktx-1.2.1.aar (androidx.savedstate:savedstate-ktx:1.2.1) with CopyTransform
Transforming savedstate-1.2.1.aar (androidx.savedstate:savedstate:1.2.1) with JetifyTransform
Transforming savedstate-1.2.1.aar (androidx.savedstate:savedstate:1.2.1) with AarToClassTransform
Transforming savedstate-1.2.1.aar (androidx.savedstate:savedstate:1.2.1) with IdentityTransform
Transforming savedstate-1.2.1.aar (androidx.savedstate:savedstate:1.2.1) with CopyTransform
Transforming lifecycle-common-2.7.0.jar (androidx.lifecycle:lifecycle-common:2.7.0) with JetifyTransform
Transforming lifecycle-common-2.7.0.jar (androidx.lifecycle:lifecycle-common:2.7.0) with IdentityTransform
Transforming lifecycle-common-2.7.0.jar (androidx.lifecycle:lifecycle-common:2.7.0) with IdentityTransform
Transforming lifecycle-common-2.7.0.jar (androidx.lifecycle:lifecycle-common:2.7.0) with CopyTransform
Transforming lifecycle-viewmodel-savedstate-2.7.0.aar (androidx.lifecycle:lifecycle-viewmodel-savedstate:2.7.0) with JetifyTransform
Transforming lifecycle-viewmodel-savedstate-2.7.0.aar (androidx.lifecycle:lifecycle-viewmodel-savedstate:2.7.0) with AarToClassTransform
Transforming lifecycle-viewmodel-savedstate-2.7.0.aar (androidx.lifecycle:lifecycle-viewmodel-savedstate:2.7.0) with IdentityTransform
Transforming lifecycle-viewmodel-savedstate-2.7.0.aar (androidx.lifecycle:lifecycle-viewmodel-savedstate:2.7.0) with CopyTransform
Transforming lifecycle-viewmodel-ktx-2.7.0.aar (androidx.lifecycle:lifecycle-viewmodel-ktx:2.7.0) with JetifyTransform
Transforming lifecycle-viewmodel-ktx-2.7.0.aar (androidx.lifecycle:lifecycle-viewmodel-ktx:2.7.0) with AarToClassTransform
Transforming lifecycle-viewmodel-ktx-2.7.0.aar (androidx.lifecycle:lifecycle-viewmodel-ktx:2.7.0) with IdentityTransform
Transforming lifecycle-viewmodel-ktx-2.7.0.aar (androidx.lifecycle:lifecycle-viewmodel-ktx:2.7.0) with CopyTransform
Transforming lifecycle-common-java8-2.7.0.jar (androidx.lifecycle:lifecycle-common-java8:2.7.0) with JetifyTransform
Transforming lifecycle-common-java8-2.7.0.jar (androidx.lifecycle:lifecycle-common-java8:2.7.0) with IdentityTransform
Transforming lifecycle-common-java8-2.7.0.jar (androidx.lifecycle:lifecycle-common-java8:2.7.0) with IdentityTransform
Transforming lifecycle-common-java8-2.7.0.jar (androidx.lifecycle:lifecycle-common-java8:2.7.0) with CopyTransform
Transforming lifecycle-viewmodel-2.7.0.aar (androidx.lifecycle:lifecycle-viewmodel:2.7.0) with JetifyTransform
Transforming lifecycle-viewmodel-2.7.0.aar (androidx.lifecycle:lifecycle-viewmodel:2.7.0) with AarToClassTransform
Transforming lifecycle-viewmodel-2.7.0.aar (androidx.lifecycle:lifecycle-viewmodel:2.7.0) with IdentityTransform
Transforming lifecycle-viewmodel-2.7.0.aar (androidx.lifecycle:lifecycle-viewmodel:2.7.0) with CopyTransform
Transforming lifecycle-viewmodel-2.7.0.aar (androidx.lifecycle:lifecycle-viewmodel:2.7.0) with JetifyTransform
Transforming lifecycle-viewmodel-2.7.0.aar (androidx.lifecycle:lifecycle-viewmodel:2.7.0) with AarToClassTransform
Transforming lifecycle-viewmodel-2.7.0.aar (androidx.lifecycle:lifecycle-viewmodel:2.7.0) with IdentityTransform
Transforming lifecycle-viewmodel-2.7.0.aar (androidx.lifecycle:lifecycle-viewmodel:2.7.0) with CopyTransform
Transforming lifecycle-runtime-2.7.0.aar (androidx.lifecycle:lifecycle-runtime:2.7.0) with JetifyTransform
Transforming lifecycle-runtime-2.7.0.aar (androidx.lifecycle:lifecycle-runtime:2.7.0) with AarToClassTransform
Transforming lifecycle-runtime-2.7.0.aar (androidx.lifecycle:lifecycle-runtime:2.7.0) with IdentityTransform
Transforming lifecycle-runtime-2.7.0.aar (androidx.lifecycle:lifecycle-runtime:2.7.0) with CopyTransform
Transforming lifecycle-runtime-ktx-2.7.0.aar (androidx.lifecycle:lifecycle-runtime-ktx:2.7.0) with JetifyTransform
Transforming lifecycle-runtime-ktx-2.7.0.aar (androidx.lifecycle:lifecycle-runtime-ktx:2.7.0) with AarToClassTransform
Transforming lifecycle-runtime-ktx-2.7.0.aar (androidx.lifecycle:lifecycle-runtime-ktx:2.7.0) with IdentityTransform
Transforming lifecycle-runtime-ktx-2.7.0.aar (androidx.lifecycle:lifecycle-runtime-ktx:2.7.0) with CopyTransform
Transforming lifecycle-viewmodel-compose-2.7.0.aar (androidx.lifecycle:lifecycle-viewmodel-compose:2.7.0) with JetifyTransform
Transforming lifecycle-viewmodel-compose-2.7.0.aar (androidx.lifecycle:lifecycle-viewmodel-compose:2.7.0) with AarToClassTransform
Transforming lifecycle-viewmodel-compose-2.7.0.aar (androidx.lifecycle:lifecycle-viewmodel-compose:2.7.0) with IdentityTransform
Transforming lifecycle-viewmodel-compose-2.7.0.aar (androidx.lifecycle:lifecycle-viewmodel-compose:2.7.0) with CopyTransform
Transforming accompanist-drawablepainter-0.32.0.aar (com.google.accompanist:accompanist-drawablepainter:0.32.0) with JetifyTransform
Transforming accompanist-drawablepainter-0.32.0.aar (com.google.accompanist:accompanist-drawablepainter:0.32.0) with AarToClassTransform
Transforming accompanist-drawablepainter-0.32.0.aar (com.google.accompanist:accompanist-drawablepainter:0.32.0) with IdentityTransform
Transforming accompanist-drawablepainter-0.32.0.aar (com.google.accompanist:accompanist-drawablepainter:0.32.0) with CopyTransform
Transforming ui-release.aar (androidx.compose.ui:ui-android:1.6.1) with JetifyTransform
Transforming ui-release.aar (androidx.compose.ui:ui-android:1.6.1) with AarToClassTransform
Transforming ui-release.aar (androidx.compose.ui:ui-android:1.6.1) with IdentityTransform
Transforming ui-release.aar (androidx.compose.ui:ui-android:1.6.1) with CopyTransform
Transforming activity-ktx-1.8.2.aar (androidx.activity:activity-ktx:1.8.2) with JetifyTransform
Transforming activity-ktx-1.8.2.aar (androidx.activity:activity-ktx:1.8.2) with AarToClassTransform
Transforming activity-ktx-1.8.2.aar (androidx.activity:activity-ktx:1.8.2) with IdentityTransform
Transforming activity-ktx-1.8.2.aar (androidx.activity:activity-ktx:1.8.2) with CopyTransform
Transforming activity-compose-1.8.2.aar (androidx.activity:activity-compose:1.8.2) with JetifyTransform
Transforming activity-compose-1.8.2.aar (androidx.activity:activity-compose:1.8.2) with AarToClassTransform
Transforming activity-compose-1.8.2.aar (androidx.activity:activity-compose:1.8.2) with IdentityTransform
Transforming activity-compose-1.8.2.aar (androidx.activity:activity-compose:1.8.2) with CopyTransform
Transforming activity-1.8.2.aar (androidx.activity:activity:1.8.2) with JetifyTransform
Transforming activity-1.8.2.aar (androidx.activity:activity:1.8.2) with AarToClassTransform
Transforming activity-1.8.2.aar (androidx.activity:activity:1.8.2) with IdentityTransform
Transforming activity-1.8.2.aar (androidx.activity:activity:1.8.2) with CopyTransform
Transforming exoplayer-2.19.1.aar (com.google.android.exoplayer:exoplayer:2.19.1) with JetifyTransform
Transforming exoplayer-2.19.1.aar (com.google.android.exoplayer:exoplayer:2.19.1) with AarToClassTransform
Transforming exoplayer-2.19.1.aar (com.google.android.exoplayer:exoplayer:2.19.1) with IdentityTransform
Transforming exoplayer-2.19.1.aar (com.google.android.exoplayer:exoplayer:2.19.1) with CopyTransform
Transforming exoplayer-dash-2.19.1.aar (com.google.android.exoplayer:exoplayer-dash:2.19.1) with JetifyTransform
Transforming exoplayer-dash-2.19.1.aar (com.google.android.exoplayer:exoplayer-dash:2.19.1) with AarToClassTransform
Transforming exoplayer-dash-2.19.1.aar (com.google.android.exoplayer:exoplayer-dash:2.19.1) with IdentityTransform
Transforming exoplayer-dash-2.19.1.aar (com.google.android.exoplayer:exoplayer-dash:2.19.1) with CopyTransform
Transforming exoplayer-hls-2.19.1.aar (com.google.android.exoplayer:exoplayer-hls:2.19.1) with JetifyTransform
Transforming exoplayer-hls-2.19.1.aar (com.google.android.exoplayer:exoplayer-hls:2.19.1) with AarToClassTransform
Transforming exoplayer-hls-2.19.1.aar (com.google.android.exoplayer:exoplayer-hls:2.19.1) with IdentityTransform
Transforming exoplayer-hls-2.19.1.aar (com.google.android.exoplayer:exoplayer-hls:2.19.1) with CopyTransform
Transforming exoplayer-rtsp-2.19.1.aar (com.google.android.exoplayer:exoplayer-rtsp:2.19.1) with JetifyTransform
Transforming exoplayer-rtsp-2.19.1.aar (com.google.android.exoplayer:exoplayer-rtsp:2.19.1) with AarToClassTransform
Transforming exoplayer-rtsp-2.19.1.aar (com.google.android.exoplayer:exoplayer-rtsp:2.19.1) with IdentityTransform
Transforming exoplayer-rtsp-2.19.1.aar (com.google.android.exoplayer:exoplayer-rtsp:2.19.1) with CopyTransform
Transforming exoplayer-smoothstreaming-2.19.1.aar (com.google.android.exoplayer:exoplayer-smoothstreaming:2.19.1) with JetifyTransform
Transforming exoplayer-smoothstreaming-2.19.1.aar (com.google.android.exoplayer:exoplayer-smoothstreaming:2.19.1) with AarToClassTransform
Transforming exoplayer-smoothstreaming-2.19.1.aar (com.google.android.exoplayer:exoplayer-smoothstreaming:2.19.1) with IdentityTransform
Transforming exoplayer-smoothstreaming-2.19.1.aar (com.google.android.exoplayer:exoplayer-smoothstreaming:2.19.1) with CopyTransform
Transforming exoplayer-core-2.19.1.aar (com.google.android.exoplayer:exoplayer-core:2.19.1) with JetifyTransform
Transforming exoplayer-core-2.19.1.aar (com.google.android.exoplayer:exoplayer-core:2.19.1) with AarToClassTransform
Transforming exoplayer-core-2.19.1.aar (com.google.android.exoplayer:exoplayer-core:2.19.1) with IdentityTransform
Transforming exoplayer-core-2.19.1.aar (com.google.android.exoplayer:exoplayer-core:2.19.1) with CopyTransform
Transforming exoplayer-ui-2.19.1.aar (com.google.android.exoplayer:exoplayer-ui:2.19.1) with JetifyTransform
Transforming exoplayer-ui-2.19.1.aar (com.google.android.exoplayer:exoplayer-ui:2.19.1) with AarToClassTransform
Transforming exoplayer-ui-2.19.1.aar (com.google.android.exoplayer:exoplayer-ui:2.19.1) with IdentityTransform
Transforming exoplayer-ui-2.19.1.aar (com.google.android.exoplayer:exoplayer-ui:2.19.1) with CopyTransform
Transforming recyclerview-1.3.0.aar (androidx.recyclerview:recyclerview:1.3.0) with JetifyTransform
Transforming recyclerview-1.3.0.aar (androidx.recyclerview:recyclerview:1.3.0) with AarToClassTransform
Transforming recyclerview-1.3.0.aar (androidx.recyclerview:recyclerview:1.3.0) with IdentityTransform
Transforming recyclerview-1.3.0.aar (androidx.recyclerview:recyclerview:1.3.0) with CopyTransform
Transforming recyclerview-1.3.0.aar (androidx.recyclerview:recyclerview:1.3.0) with JetifyTransform
Transforming recyclerview-1.3.0.aar (androidx.recyclerview:recyclerview:1.3.0) with AarToClassTransform
Transforming recyclerview-1.3.0.aar (androidx.recyclerview:recyclerview:1.3.0) with IdentityTransform
Transforming recyclerview-1.3.0.aar (androidx.recyclerview:recyclerview:1.3.0) with CopyTransform
Transforming media-1.6.0.aar (androidx.media:media:1.6.0) with JetifyTransform
Transforming media-1.6.0.aar (androidx.media:media:1.6.0) with AarToClassTransform
Transforming media-1.6.0.aar (androidx.media:media:1.6.0) with IdentityTransform
Transforming media-1.6.0.aar (androidx.media:media:1.6.0) with CopyTransform
Transforming browser-1.4.0.aar (androidx.browser:browser:1.4.0) with JetifyTransform
Transforming browser-1.4.0.aar (androidx.browser:browser:1.4.0) with AarToClassTransform
Transforming browser-1.4.0.aar (androidx.browser:browser:1.4.0) with IdentityTransform
Transforming browser-1.4.0.aar (androidx.browser:browser:1.4.0) with CopyTransform
Transforming viewpager-1.0.0.aar (androidx.viewpager:viewpager:1.0.0) with JetifyTransform
Transforming viewpager-1.0.0.aar (androidx.viewpager:viewpager:1.0.0) with AarToClassTransform
Transforming viewpager-1.0.0.aar (androidx.viewpager:viewpager:1.0.0) with IdentityTransform
Transforming viewpager-1.0.0.aar (androidx.viewpager:viewpager:1.0.0) with CopyTransform
Transforming customview-1.1.0.aar (androidx.customview:customview:1.1.0) with JetifyTransform
Transforming customview-1.1.0.aar (androidx.customview:customview:1.1.0) with AarToClassTransform
Transforming customview-1.1.0.aar (androidx.customview:customview:1.1.0) with IdentityTransform
Transforming customview-1.1.0.aar (androidx.customview:customview:1.1.0) with CopyTransform
Transforming customview-1.1.0.aar (androidx.customview:customview:1.1.0) with JetifyTransform
Transforming customview-1.1.0.aar (androidx.customview:customview:1.1.0) with AarToClassTransform
Transforming customview-1.1.0.aar (androidx.customview:customview:1.1.0) with IdentityTransform
Transforming customview-1.1.0.aar (androidx.customview:customview:1.1.0) with CopyTransform
Transforming autofill-1.0.0.aar (androidx.autofill:autofill:1.0.0) with JetifyTransform
Transforming autofill-1.0.0.aar (androidx.autofill:autofill:1.0.0) with AarToClassTransform
Transforming autofill-1.0.0.aar (androidx.autofill:autofill:1.0.0) with IdentityTransform
Transforming autofill-1.0.0.aar (androidx.autofill:autofill:1.0.0) with CopyTransform
Transforming core-1.12.0.aar (androidx.core:core:1.12.0) with JetifyTransform
Transforming core-1.12.0.aar (androidx.core:core:1.12.0) with AarToClassTransform
Transforming core-1.12.0.aar (androidx.core:core:1.12.0) with IdentityTransform
Transforming core-1.12.0.aar (androidx.core:core:1.12.0) with CopyTransform
Transforming core-1.12.0.aar (androidx.core:core:1.12.0) with JetifyTransform
Transforming core-1.12.0.aar (androidx.core:core:1.12.0) with AarToClassTransform
Transforming core-1.12.0.aar (androidx.core:core:1.12.0) with IdentityTransform
Transforming core-1.12.0.aar (androidx.core:core:1.12.0) with CopyTransform
Transforming ads-adservices-java-1.0.0-beta05.aar (androidx.privacysandbox.ads:ads-adservices-java:1.0.0-beta05) with JetifyTransform
Transforming ads-adservices-java-1.0.0-beta05.aar (androidx.privacysandbox.ads:ads-adservices-java:1.0.0-beta05) with AarToClassTransform
Transforming ads-adservices-java-1.0.0-beta05.aar (androidx.privacysandbox.ads:ads-adservices-java:1.0.0-beta05) with IdentityTransform
Transforming ads-adservices-java-1.0.0-beta05.aar (androidx.privacysandbox.ads:ads-adservices-java:1.0.0-beta05) with CopyTransform
Transforming ads-adservices-1.0.0-beta05.aar (androidx.privacysandbox.ads:ads-adservices:1.0.0-beta05) with JetifyTransform
Transforming ads-adservices-1.0.0-beta05.aar (androidx.privacysandbox.ads:ads-adservices:1.0.0-beta05) with AarToClassTransform
Transforming ads-adservices-1.0.0-beta05.aar (androidx.privacysandbox.ads:ads-adservices:1.0.0-beta05) with IdentityTransform
Transforming ads-adservices-1.0.0-beta05.aar (androidx.privacysandbox.ads:ads-adservices:1.0.0-beta05) with CopyTransform
Transforming ads-adservices-1.0.0-beta05.aar (androidx.privacysandbox.ads:ads-adservices:1.0.0-beta05) with JetifyTransform
Transforming ads-adservices-1.0.0-beta05.aar (androidx.privacysandbox.ads:ads-adservices:1.0.0-beta05) with AarToClassTransform
Transforming ads-adservices-1.0.0-beta05.aar (androidx.privacysandbox.ads:ads-adservices:1.0.0-beta05) with IdentityTransform
Transforming ads-adservices-1.0.0-beta05.aar (androidx.privacysandbox.ads:ads-adservices:1.0.0-beta05) with CopyTransform
Transforming customview-poolingcontainer-1.0.0.aar (androidx.customview:customview-poolingcontainer:1.0.0) with JetifyTransform
Transforming customview-poolingcontainer-1.0.0.aar (androidx.customview:customview-poolingcontainer:1.0.0) with AarToClassTransform
Transforming customview-poolingcontainer-1.0.0.aar (androidx.customview:customview-poolingcontainer:1.0.0) with IdentityTransform
Transforming customview-poolingcontainer-1.0.0.aar (androidx.customview:customview-poolingcontainer:1.0.0) with CopyTransform
Transforming core-ktx-1.12.0.aar (androidx.core:core-ktx:1.12.0) with JetifyTransform
Transforming core-ktx-1.12.0.aar (androidx.core:core-ktx:1.12.0) with AarToClassTransform
Transforming core-ktx-1.12.0.aar (androidx.core:core-ktx:1.12.0) with IdentityTransform
Transforming core-ktx-1.12.0.aar (androidx.core:core-ktx:1.12.0) with CopyTransform
Transforming flexbox-3.0.0.aar (com.google.android.flexbox:flexbox:3.0.0) with JetifyTransform
Transforming flexbox-3.0.0.aar (com.google.android.flexbox:flexbox:3.0.0) with AarToClassTransform
Transforming flexbox-3.0.0.aar (com.google.android.flexbox:flexbox:3.0.0) with IdentityTransform
Transforming flexbox-3.0.0.aar (com.google.android.flexbox:flexbox:3.0.0) with CopyTransform
Transforming core-splashscreen-1.0.1.aar (androidx.core:core-splashscreen:1.0.1) with JetifyTransform
Transforming core-splashscreen-1.0.1.aar (androidx.core:core-splashscreen:1.0.1) with AarToClassTransform
Transforming core-splashscreen-1.0.1.aar (androidx.core:core-splashscreen:1.0.1) with IdentityTransform
Transforming core-splashscreen-1.0.1.aar (androidx.core:core-splashscreen:1.0.1) with CopyTransform
Transforming kotlin-parcelize-runtime-1.9.22.jar (org.jetbrains.kotlin:kotlin-parcelize-runtime:1.9.22) with JetifyTransform
Transforming kotlin-parcelize-runtime-1.9.22.jar (org.jetbrains.kotlin:kotlin-parcelize-runtime:1.9.22) with IdentityTransform
Transforming kotlin-parcelize-runtime-1.9.22.jar (org.jetbrains.kotlin:kotlin-parcelize-runtime:1.9.22) with IdentityTransform
Transforming kotlin-parcelize-runtime-1.9.22.jar (org.jetbrains.kotlin:kotlin-parcelize-runtime:1.9.22) with CopyTransform
Transforming sqlite-framework-2.4.0.aar (androidx.sqlite:sqlite-framework:2.4.0) with JetifyTransform
Transforming sqlite-framework-2.4.0.aar (androidx.sqlite:sqlite-framework:2.4.0) with AarToClassTransform
Transforming sqlite-framework-2.4.0.aar (androidx.sqlite:sqlite-framework:2.4.0) with IdentityTransform
Transforming sqlite-framework-2.4.0.aar (androidx.sqlite:sqlite-framework:2.4.0) with CopyTransform
Transforming sqlite-2.4.0.aar (androidx.sqlite:sqlite:2.4.0) with JetifyTransform
Transforming sqlite-2.4.0.aar (androidx.sqlite:sqlite:2.4.0) with AarToClassTransform
Transforming sqlite-2.4.0.aar (androidx.sqlite:sqlite:2.4.0) with IdentityTransform
Transforming sqlite-2.4.0.aar (androidx.sqlite:sqlite:2.4.0) with CopyTransform
Transforming logging-interceptor-4.12.0.jar (com.squareup.okhttp3:logging-interceptor:4.12.0) with JetifyTransform
Transforming logging-interceptor-4.12.0.jar (com.squareup.okhttp3:logging-interceptor:4.12.0) with IdentityTransform
Transforming logging-interceptor-4.12.0.jar (com.squareup.okhttp3:logging-interceptor:4.12.0) with IdentityTransform
Transforming logging-interceptor-4.12.0.jar (com.squareup.okhttp3:logging-interceptor:4.12.0) with CopyTransform
Transforming kotlinx-coroutines-core-jvm-1.7.3.jar (org.jetbrains.kotlinx:kotlinx-coroutines-core-jvm:1.7.3) with JetifyTransform
Transforming kotlinx-coroutines-core-jvm-1.7.3.jar (org.jetbrains.kotlinx:kotlinx-coroutines-core-jvm:1.7.3) with IdentityTransform
Transforming kotlinx-coroutines-core-jvm-1.7.3.jar (org.jetbrains.kotlinx:kotlinx-coroutines-core-jvm:1.7.3) with IdentityTransform
Transforming kotlinx-coroutines-core-jvm-1.7.3.jar (org.jetbrains.kotlinx:kotlinx-coroutines-core-jvm:1.7.3) with CopyTransform
Transforming kotlinx-coroutines-android-1.7.3.jar (org.jetbrains.kotlinx:kotlinx-coroutines-android:1.7.3) with JetifyTransform
Transforming kotlinx-coroutines-android-1.7.3.jar (org.jetbrains.kotlinx:kotlinx-coroutines-android:1.7.3) with IdentityTransform
Transforming kotlinx-coroutines-android-1.7.3.jar (org.jetbrains.kotlinx:kotlinx-coroutines-android:1.7.3) with IdentityTransform
Transforming kotlinx-coroutines-android-1.7.3.jar (org.jetbrains.kotlinx:kotlinx-coroutines-android:1.7.3) with CopyTransform
Transforming converter-gson-2.9.0.jar (com.squareup.retrofit2:converter-gson:2.9.0) with JetifyTransform
Transforming converter-gson-2.9.0.jar (com.squareup.retrofit2:converter-gson:2.9.0) with IdentityTransform
Transforming converter-gson-2.9.0.jar (com.squareup.retrofit2:converter-gson:2.9.0) with IdentityTransform
Transforming converter-gson-2.9.0.jar (com.squareup.retrofit2:converter-gson:2.9.0) with CopyTransform
Transforming retrofit-2.9.0.jar (com.squareup.retrofit2:retrofit:2.9.0) with JetifyTransform
Transforming retrofit-2.9.0.jar (com.squareup.retrofit2:retrofit:2.9.0) with IdentityTransform
Transforming retrofit-2.9.0.jar (com.squareup.retrofit2:retrofit:2.9.0) with IdentityTransform
Transforming retrofit-2.9.0.jar (com.squareup.retrofit2:retrofit:2.9.0) with CopyTransform
Transforming okhttp-4.12.0.jar (com.squareup.okhttp3:okhttp:4.12.0) with JetifyTransform
Transforming okhttp-4.12.0.jar (com.squareup.okhttp3:okhttp:4.12.0) with IdentityTransform
Transforming okhttp-4.12.0.jar (com.squareup.okhttp3:okhttp:4.12.0) with IdentityTransform
Transforming okhttp-4.12.0.jar (com.squareup.okhttp3:okhttp:4.12.0) with CopyTransform
Transforming okio-jvm-3.6.0.jar (com.squareup.okio:okio-jvm:3.6.0) with JetifyTransform
Transforming okio-jvm-3.6.0.jar (com.squareup.okio:okio-jvm:3.6.0) with IdentityTransform
Transforming okio-jvm-3.6.0.jar (com.squareup.okio:okio-jvm:3.6.0) with IdentityTransform
Transforming okio-jvm-3.6.0.jar (com.squareup.okio:okio-jvm:3.6.0) with CopyTransform
Transforming kotlin-stdlib-jdk8-1.9.10.jar (org.jetbrains.kotlin:kotlin-stdlib-jdk8:1.9.10) with JetifyTransform
Transforming kotlin-stdlib-jdk8-1.9.10.jar (org.jetbrains.kotlin:kotlin-stdlib-jdk8:1.9.10) with IdentityTransform
Transforming kotlin-stdlib-jdk8-1.9.10.jar (org.jetbrains.kotlin:kotlin-stdlib-jdk8:1.9.10) with IdentityTransform
Transforming kotlin-stdlib-jdk8-1.9.10.jar (org.jetbrains.kotlin:kotlin-stdlib-jdk8:1.9.10) with CopyTransform
Transforming kotlin-android-extensions-runtime-1.9.22.jar (org.jetbrains.kotlin:kotlin-android-extensions-runtime:1.9.22) with JetifyTransform
Transforming kotlin-android-extensions-runtime-1.9.22.jar (org.jetbrains.kotlin:kotlin-android-extensions-runtime:1.9.22) with IdentityTransform
Transforming kotlin-android-extensions-runtime-1.9.22.jar (org.jetbrains.kotlin:kotlin-android-extensions-runtime:1.9.22) with IdentityTransform
Transforming kotlin-android-extensions-runtime-1.9.22.jar (org.jetbrains.kotlin:kotlin-android-extensions-runtime:1.9.22) with CopyTransform
Transforming kotlin-stdlib-jdk7-1.9.10.jar (org.jetbrains.kotlin:kotlin-stdlib-jdk7:1.9.10) with JetifyTransform
Transforming kotlin-stdlib-jdk7-1.9.10.jar (org.jetbrains.kotlin:kotlin-stdlib-jdk7:1.9.10) with IdentityTransform
Transforming kotlin-stdlib-jdk7-1.9.10.jar (org.jetbrains.kotlin:kotlin-stdlib-jdk7:1.9.10) with IdentityTransform
Transforming kotlin-stdlib-jdk7-1.9.10.jar (org.jetbrains.kotlin:kotlin-stdlib-jdk7:1.9.10) with CopyTransform
Transforming napier-release.aar (io.github.aakira:napier-android:1.4.1) with JetifyTransform
Transforming napier-release.aar (io.github.aakira:napier-android:1.4.1) with AarToClassTransform
Transforming napier-release.aar (io.github.aakira:napier-android:1.4.1) with IdentityTransform
Transforming napier-release.aar (io.github.aakira:napier-android:1.4.1) with CopyTransform
Transforming annotation-experimental-1.4.0.aar (androidx.annotation:annotation-experimental:1.4.0) with JetifyTransform
Transforming annotation-experimental-1.4.0.aar (androidx.annotation:annotation-experimental:1.4.0) with AarToClassTransform
Transforming annotation-experimental-1.4.0.aar (androidx.annotation:annotation-experimental:1.4.0) with IdentityTransform
Transforming annotation-experimental-1.4.0.aar (androidx.annotation:annotation-experimental:1.4.0) with CopyTransform
Transforming cursoradapter-1.0.0.aar (androidx.cursoradapter:cursoradapter:1.0.0) with JetifyTransform
Transforming cursoradapter-1.0.0.aar (androidx.cursoradapter:cursoradapter:1.0.0) with AarToClassTransform
Transforming cursoradapter-1.0.0.aar (androidx.cursoradapter:cursoradapter:1.0.0) with IdentityTransform
Transforming cursoradapter-1.0.0.aar (androidx.cursoradapter:cursoradapter:1.0.0) with CopyTransform
Transforming resourceinspection-annotation-1.0.1.jar (androidx.resourceinspection:resourceinspection-annotation:1.0.1) with JetifyTransform
Transforming resourceinspection-annotation-1.0.1.jar (androidx.resourceinspection:resourceinspection-annotation:1.0.1) with IdentityTransform
Transforming resourceinspection-annotation-1.0.1.jar (androidx.resourceinspection:resourceinspection-annotation:1.0.1) with IdentityTransform
Transforming resourceinspection-annotation-1.0.1.jar (androidx.resourceinspection:resourceinspection-annotation:1.0.1) with CopyTransform
Transforming cardview-1.0.0.aar (androidx.cardview:cardview:1.0.0) with JetifyTransform
Transforming cardview-1.0.0.aar (androidx.cardview:cardview:1.0.0) with AarToClassTransform
Transforming cardview-1.0.0.aar (androidx.cardview:cardview:1.0.0) with IdentityTransform
Transforming cardview-1.0.0.aar (androidx.cardview:cardview:1.0.0) with CopyTransform
Transforming core-runtime-2.2.0.aar (androidx.arch.core:core-runtime:2.2.0) with JetifyTransform
Transforming core-runtime-2.2.0.aar (androidx.arch.core:core-runtime:2.2.0) with AarToClassTransform
Transforming core-runtime-2.2.0.aar (androidx.arch.core:core-runtime:2.2.0) with IdentityTransform
Transforming core-runtime-2.2.0.aar (androidx.arch.core:core-runtime:2.2.0) with CopyTransform
Transforming exoplayer-datasource-2.19.1.aar (com.google.android.exoplayer:exoplayer-datasource:2.19.1) with JetifyTransform
Transforming exoplayer-datasource-2.19.1.aar (com.google.android.exoplayer:exoplayer-datasource:2.19.1) with AarToClassTransform
Transforming exoplayer-datasource-2.19.1.aar (com.google.android.exoplayer:exoplayer-datasource:2.19.1) with IdentityTransform
Transforming exoplayer-datasource-2.19.1.aar (com.google.android.exoplayer:exoplayer-datasource:2.19.1) with CopyTransform
Transforming exoplayer-database-2.19.1.aar (com.google.android.exoplayer:exoplayer-database:2.19.1) with JetifyTransform
Transforming exoplayer-database-2.19.1.aar (com.google.android.exoplayer:exoplayer-database:2.19.1) with AarToClassTransform
Transforming exoplayer-database-2.19.1.aar (com.google.android.exoplayer:exoplayer-database:2.19.1) with IdentityTransform
Transforming exoplayer-database-2.19.1.aar (com.google.android.exoplayer:exoplayer-database:2.19.1) with CopyTransform
Transforming exoplayer-extractor-2.19.1.aar (com.google.android.exoplayer:exoplayer-extractor:2.19.1) with JetifyTransform
Transforming exoplayer-extractor-2.19.1.aar (com.google.android.exoplayer:exoplayer-extractor:2.19.1) with AarToClassTransform
Transforming exoplayer-extractor-2.19.1.aar (com.google.android.exoplayer:exoplayer-extractor:2.19.1) with IdentityTransform
Transforming exoplayer-extractor-2.19.1.aar (com.google.android.exoplayer:exoplayer-extractor:2.19.1) with CopyTransform
Transforming exoplayer-decoder-2.19.1.aar (com.google.android.exoplayer:exoplayer-decoder:2.19.1) with JetifyTransform
Transforming exoplayer-decoder-2.19.1.aar (com.google.android.exoplayer:exoplayer-decoder:2.19.1) with AarToClassTransform
Transforming exoplayer-decoder-2.19.1.aar (com.google.android.exoplayer:exoplayer-decoder:2.19.1) with IdentityTransform
Transforming exoplayer-decoder-2.19.1.aar (com.google.android.exoplayer:exoplayer-decoder:2.19.1) with CopyTransform
Transforming exoplayer-container-2.19.1.aar (com.google.android.exoplayer:exoplayer-container:2.19.1) with JetifyTransform
Transforming exoplayer-container-2.19.1.aar (com.google.android.exoplayer:exoplayer-container:2.19.1) with AarToClassTransform
Transforming exoplayer-container-2.19.1.aar (com.google.android.exoplayer:exoplayer-container:2.19.1) with IdentityTransform
Transforming exoplayer-container-2.19.1.aar (com.google.android.exoplayer:exoplayer-container:2.19.1) with CopyTransform
Transforming exoplayer-common-2.19.1.aar (com.google.android.exoplayer:exoplayer-common:2.19.1) with JetifyTransform
Transforming exoplayer-common-2.19.1.aar (com.google.android.exoplayer:exoplayer-common:2.19.1) with AarToClassTransform
Transforming exoplayer-common-2.19.1.aar (com.google.android.exoplayer:exoplayer-common:2.19.1) with IdentityTransform
Transforming exoplayer-common-2.19.1.aar (com.google.android.exoplayer:exoplayer-common:2.19.1) with CopyTransform
Transforming interpolator-1.0.0.aar (androidx.interpolator:interpolator:1.0.0) with JetifyTransform
Transforming interpolator-1.0.0.aar (androidx.interpolator:interpolator:1.0.0) with AarToClassTransform
Transforming interpolator-1.0.0.aar (androidx.interpolator:interpolator:1.0.0) with IdentityTransform
Transforming interpolator-1.0.0.aar (androidx.interpolator:interpolator:1.0.0) with CopyTransform
Transforming interpolator-1.0.0.aar (androidx.interpolator:interpolator:1.0.0) with JetifyTransform
Transforming interpolator-1.0.0.aar (androidx.interpolator:interpolator:1.0.0) with AarToClassTransform
Transforming interpolator-1.0.0.aar (androidx.interpolator:interpolator:1.0.0) with IdentityTransform
Transforming interpolator-1.0.0.aar (androidx.interpolator:interpolator:1.0.0) with CopyTransform
Transforming versionedparcelable-1.1.1.aar (androidx.versionedparcelable:versionedparcelable:1.1.1) with JetifyTransform
Transforming versionedparcelable-1.1.1.aar (androidx.versionedparcelable:versionedparcelable:1.1.1) with AarToClassTransform
Transforming versionedparcelable-1.1.1.aar (androidx.versionedparcelable:versionedparcelable:1.1.1) with IdentityTransform
Transforming versionedparcelable-1.1.1.aar (androidx.versionedparcelable:versionedparcelable:1.1.1) with CopyTransform
Transforming core-common-2.2.0.jar (androidx.arch.core:core-common:2.2.0) with JetifyTransform
Transforming core-common-2.2.0.jar (androidx.arch.core:core-common:2.2.0) with IdentityTransform
Transforming core-common-2.2.0.jar (androidx.arch.core:core-common:2.2.0) with IdentityTransform
Transforming core-common-2.2.0.jar (androidx.arch.core:core-common:2.2.0) with CopyTransform
Transforming profileinstaller-1.3.1.aar (androidx.profileinstaller:profileinstaller:1.3.1) with JetifyTransform
Transforming profileinstaller-1.3.1.aar (androidx.profileinstaller:profileinstaller:1.3.1) with AarToClassTransform
Transforming profileinstaller-1.3.1.aar (androidx.profileinstaller:profileinstaller:1.3.1) with IdentityTransform
Transforming profileinstaller-1.3.1.aar (androidx.profileinstaller:profileinstaller:1.3.1) with CopyTransform
Transforming startup-runtime-1.1.1.aar (androidx.startup:startup-runtime:1.1.1) with JetifyTransform
Transforming startup-runtime-1.1.1.aar (androidx.startup:startup-runtime:1.1.1) with AarToClassTransform
Transforming startup-runtime-1.1.1.aar (androidx.startup:startup-runtime:1.1.1) with IdentityTransform
Transforming startup-runtime-1.1.1.aar (androidx.startup:startup-runtime:1.1.1) with CopyTransform
Transforming tracing-1.0.0.aar (androidx.tracing:tracing:1.0.0) with JetifyTransform
Transforming tracing-1.0.0.aar (androidx.tracing:tracing:1.0.0) with AarToClassTransform
Transforming tracing-1.0.0.aar (androidx.tracing:tracing:1.0.0) with IdentityTransform
Transforming tracing-1.0.0.aar (androidx.tracing:tracing:1.0.0) with CopyTransform
Transforming concurrent-futures-1.1.0.jar (androidx.concurrent:concurrent-futures:1.1.0) with JetifyTransform
Transforming concurrent-futures-1.1.0.jar (androidx.concurrent:concurrent-futures:1.1.0) with IdentityTransform
Transforming concurrent-futures-1.1.0.jar (androidx.concurrent:concurrent-futures:1.1.0) with IdentityTransform
Transforming concurrent-futures-1.1.0.jar (androidx.concurrent:concurrent-futures:1.1.0) with CopyTransform
Transforming documentfile-1.0.0.aar (androidx.documentfile:documentfile:1.0.0) with JetifyTransform
Transforming documentfile-1.0.0.aar (androidx.documentfile:documentfile:1.0.0) with AarToClassTransform
Transforming documentfile-1.0.0.aar (androidx.documentfile:documentfile:1.0.0) with IdentityTransform
Transforming documentfile-1.0.0.aar (androidx.documentfile:documentfile:1.0.0) with CopyTransform
Transforming localbroadcastmanager-1.0.0.aar (androidx.localbroadcastmanager:localbroadcastmanager:1.0.0) with JetifyTransform
Transforming localbroadcastmanager-1.0.0.aar (androidx.localbroadcastmanager:localbroadcastmanager:1.0.0) with AarToClassTransform
Transforming localbroadcastmanager-1.0.0.aar (androidx.localbroadcastmanager:localbroadcastmanager:1.0.0) with IdentityTransform
Transforming localbroadcastmanager-1.0.0.aar (androidx.localbroadcastmanager:localbroadcastmanager:1.0.0) with CopyTransform
Transforming print-1.0.0.aar (androidx.print:print:1.0.0) with JetifyTransform
Transforming print-1.0.0.aar (androidx.print:print:1.0.0) with AarToClassTransform
Transforming print-1.0.0.aar (androidx.print:print:1.0.0) with IdentityTransform
Transforming print-1.0.0.aar (androidx.print:print:1.0.0) with CopyTransform
Transforming exifinterface-1.3.6.aar (androidx.exifinterface:exifinterface:1.3.6) with JetifyTransform
Transforming exifinterface-1.3.6.aar (androidx.exifinterface:exifinterface:1.3.6) with AarToClassTransform
Transforming exifinterface-1.3.6.aar (androidx.exifinterface:exifinterface:1.3.6) with IdentityTransform
Transforming exifinterface-1.3.6.aar (androidx.exifinterface:exifinterface:1.3.6) with CopyTransform
Transforming collection-ktx-1.4.0.jar (androidx.collection:collection-ktx:1.4.0) with JetifyTransform
Transforming collection-ktx-1.4.0.jar (androidx.collection:collection-ktx:1.4.0) with IdentityTransform
Transforming collection-ktx-1.4.0.jar (androidx.collection:collection-ktx:1.4.0) with IdentityTransform
Transforming collection-ktx-1.4.0.jar (androidx.collection:collection-ktx:1.4.0) with CopyTransform
Transforming collection-jvm-1.4.0.jar (androidx.collection:collection-jvm:1.4.0) with JetifyTransform
Transforming collection-jvm-1.4.0.jar (androidx.collection:collection-jvm:1.4.0) with IdentityTransform
Transforming collection-jvm-1.4.0.jar (androidx.collection:collection-jvm:1.4.0) with IdentityTransform
Transforming collection-jvm-1.4.0.jar (androidx.collection:collection-jvm:1.4.0) with CopyTransform
Transforming annotation-jvm-1.7.0.jar (androidx.annotation:annotation-jvm:1.7.0) with JetifyTransform
Transforming annotation-jvm-1.7.0.jar (androidx.annotation:annotation-jvm:1.7.0) with IdentityTransform
Transforming annotation-jvm-1.7.0.jar (androidx.annotation:annotation-jvm:1.7.0) with IdentityTransform
Transforming annotation-jvm-1.7.0.jar (androidx.annotation:annotation-jvm:1.7.0) with CopyTransform
Transforming kotlin-stdlib-1.9.22.jar (org.jetbrains.kotlin:kotlin-stdlib:1.9.22) with JetifyTransform
Transforming kotlin-stdlib-1.9.22.jar (org.jetbrains.kotlin:kotlin-stdlib:1.9.22) with IdentityTransform
Transforming kotlin-stdlib-1.9.22.jar (org.jetbrains.kotlin:kotlin-stdlib:1.9.22) with IdentityTransform
Transforming kotlin-stdlib-1.9.22.jar (org.jetbrains.kotlin:kotlin-stdlib:1.9.22) with CopyTransform
Transforming volley-1.2.1.aar (com.android.volley:volley:1.2.1) with JetifyTransform
Transforming volley-1.2.1.aar (com.android.volley:volley:1.2.1) with AarToClassTransform
Transforming volley-1.2.1.aar (com.android.volley:volley:1.2.1) with IdentityTransform
Transforming volley-1.2.1.aar (com.android.volley:volley:1.2.1) with CopyTransform
Transforming Android-Image-Slider-1.4.0.aar (com.github.smarteist:Android-Image-Slider:1.4.0) with JetifyTransform
Transforming Android-Image-Slider-1.4.0.aar (com.github.smarteist:Android-Image-Slider:1.4.0) with AarToClassTransform
Transforming Android-Image-Slider-1.4.0.aar (com.github.smarteist:Android-Image-Slider:1.4.0) with IdentityTransform
Transforming Android-Image-Slider-1.4.0.aar (com.github.smarteist:Android-Image-Slider:1.4.0) with CopyTransform
Transforming circleimageview-3.1.0.aar (de.hdodenhof:circleimageview:3.1.0) with JetifyTransform
Transforming circleimageview-3.1.0.aar (de.hdodenhof:circleimageview:3.1.0) with AarToClassTransform
Transforming circleimageview-3.1.0.aar (de.hdodenhof:circleimageview:3.1.0) with IdentityTransform
Transforming circleimageview-3.1.0.aar (de.hdodenhof:circleimageview:3.1.0) with CopyTransform
Transforming annotations-23.0.0.jar (org.jetbrains:annotations:23.0.0) with JetifyTransform
Transforming annotations-23.0.0.jar (org.jetbrains:annotations:23.0.0) with IdentityTransform
Transforming annotations-23.0.0.jar (org.jetbrains:annotations:23.0.0) with IdentityTransform
Transforming annotations-23.0.0.jar (org.jetbrains:annotations:23.0.0) with CopyTransform
Transforming guava-31.1-android.jar (com.google.guava:guava:31.1-android) with JetifyTransform
Transforming guava-31.1-android.jar (com.google.guava:guava:31.1-android) with IdentityTransform
Transforming guava-31.1-android.jar (com.google.guava:guava:31.1-android) with IdentityTransform
Transforming guava-31.1-android.jar (com.google.guava:guava:31.1-android) with CopyTransform
Transforming error_prone_annotations-2.15.0.jar (com.google.errorprone:error_prone_annotations:2.15.0) with JetifyTransform
Transforming error_prone_annotations-2.15.0.jar (com.google.errorprone:error_prone_annotations:2.15.0) with IdentityTransform
Transforming error_prone_annotations-2.15.0.jar (com.google.errorprone:error_prone_annotations:2.15.0) with IdentityTransform
Transforming error_prone_annotations-2.15.0.jar (com.google.errorprone:error_prone_annotations:2.15.0) with CopyTransform
Transforming hilt-core-2.49.jar (com.google.dagger:hilt-core:2.49) with JetifyTransform
Transforming hilt-core-2.49.jar (com.google.dagger:hilt-core:2.49) with IdentityTransform
Transforming hilt-core-2.49.jar (com.google.dagger:hilt-core:2.49) with IdentityTransform
Transforming hilt-core-2.49.jar (com.google.dagger:hilt-core:2.49) with CopyTransform
Transforming dagger-2.49.jar (com.google.dagger:dagger:2.49) with JetifyTransform
Transforming dagger-2.49.jar (com.google.dagger:dagger:2.49) with IdentityTransform
Transforming dagger-2.49.jar (com.google.dagger:dagger:2.49) with IdentityTransform
Transforming dagger-2.49.jar (com.google.dagger:dagger:2.49) with CopyTransform
Transforming dagger-lint-aar-2.49.aar (com.google.dagger:dagger-lint-aar:2.49) with JetifyTransform
Transforming dagger-lint-aar-2.49.aar (com.google.dagger:dagger-lint-aar:2.49) with AarToClassTransform
Transforming dagger-lint-aar-2.49.aar (com.google.dagger:dagger-lint-aar:2.49) with IdentityTransform
Transforming dagger-lint-aar-2.49.aar (com.google.dagger:dagger-lint-aar:2.49) with CopyTransform
Transforming jsr305-3.0.2.jar (com.google.code.findbugs:jsr305:3.0.2) with JetifyTransform
Transforming jsr305-3.0.2.jar (com.google.code.findbugs:jsr305:3.0.2) with IdentityTransform
Transforming jsr305-3.0.2.jar (com.google.code.findbugs:jsr305:3.0.2) with IdentityTransform
Transforming jsr305-3.0.2.jar (com.google.code.findbugs:jsr305:3.0.2) with CopyTransform
Transforming javax.inject-1.jar (javax.inject:javax.inject:1) with JetifyTransform
Transforming javax.inject-1.jar (javax.inject:javax.inject:1) with IdentityTransform
Transforming javax.inject-1.jar (javax.inject:javax.inject:1) with IdentityTransform
Transforming javax.inject-1.jar (javax.inject:javax.inject:1) with CopyTransform
Transforming gson-2.8.5.jar (com.google.code.gson:gson:2.8.5) with JetifyTransform
Transforming gson-2.8.5.jar (com.google.code.gson:gson:2.8.5) with IdentityTransform
Transforming gson-2.8.5.jar (com.google.code.gson:gson:2.8.5) with IdentityTransform
Transforming gson-2.8.5.jar (com.google.code.gson:gson:2.8.5) with CopyTransform
Transforming listenablefuture-9999.0-empty-to-avoid-conflict-with-guava.jar (com.google.guava:listenablefuture:9999.0-empty-to-avoid-conflict-with-guava) with JetifyTransform
Transforming listenablefuture-9999.0-empty-to-avoid-conflict-with-guava.jar (com.google.guava:listenablefuture:9999.0-empty-to-avoid-conflict-with-guava) with IdentityTransform
Transforming listenablefuture-9999.0-empty-to-avoid-conflict-with-guava.jar (com.google.guava:listenablefuture:9999.0-empty-to-avoid-conflict-with-guava) with IdentityTransform
Transforming listenablefuture-9999.0-empty-to-avoid-conflict-with-guava.jar (com.google.guava:listenablefuture:9999.0-empty-to-avoid-conflict-with-guava) with CopyTransform
Transforming constraintlayout-solver-2.0.1.jar (androidx.constraintlayout:constraintlayout-solver:2.0.1) with JetifyTransform
Transforming constraintlayout-solver-2.0.1.jar (androidx.constraintlayout:constraintlayout-solver:2.0.1) with IdentityTransform
Transforming constraintlayout-solver-2.0.1.jar (androidx.constraintlayout:constraintlayout-solver:2.0.1) with IdentityTransform
Transforming constraintlayout-solver-2.0.1.jar (androidx.constraintlayout:constraintlayout-solver:2.0.1) with CopyTransform
Transforming failureaccess-1.0.1.jar (com.google.guava:failureaccess:1.0.1) with JetifyTransform
Transforming failureaccess-1.0.1.jar (com.google.guava:failureaccess:1.0.1) with IdentityTransform
Transforming failureaccess-1.0.1.jar (com.google.guava:failureaccess:1.0.1) with IdentityTransform
Transforming failureaccess-1.0.1.jar (com.google.guava:failureaccess:1.0.1) with CopyTransform
Transforming checker-qual-3.12.0.jar (org.checkerframework:checker-qual:3.12.0) with JetifyTransform
Transforming checker-qual-3.12.0.jar (org.checkerframework:checker-qual:3.12.0) with IdentityTransform
Transforming checker-qual-3.12.0.jar (org.checkerframework:checker-qual:3.12.0) with IdentityTransform
Transforming checker-qual-3.12.0.jar (org.checkerframework:checker-qual:3.12.0) with CopyTransform
Transforming j2objc-annotations-1.3.jar (com.google.j2objc:j2objc-annotations:1.3) with JetifyTransform
Transforming j2objc-annotations-1.3.jar (com.google.j2objc:j2objc-annotations:1.3) with IdentityTransform
Transforming j2objc-annotations-1.3.jar (com.google.j2objc:j2objc-annotations:1.3) with IdentityTransform
Transforming j2objc-annotations-1.3.jar (com.google.j2objc:j2objc-annotations:1.3) with CopyTransform
Transforming android.jar with JetifyTransform
Transforming android.jar with IdentityTransform
Transforming android.jar with IdentityTransform
Transforming android.jar with CopyTransform
Transforming core-lambda-stubs.jar with JetifyTransform
Transforming core-lambda-stubs.jar with IdentityTransform
Transforming core-lambda-stubs.jar with IdentityTransform
Transforming core-lambda-stubs.jar with CopyTransform
Transforming R.jar with JetifyTransform
Transforming R.jar with IdentityTransform
Transforming R.jar with IdentityTransform
Transforming R.jar with CopyTransform
Transforming material-1.11.0-api.jar with JetifyTransform
Transforming material-1.11.0-api.jar with IdentityTransform
Transforming material-1.11.0-api.jar with IdentityTransform
Transforming material-1.11.0-api.jar with CopyTransform
Transforming constraintlayout-2.0.1-api.jar with JetifyTransform
Transforming constraintlayout-2.0.1-api.jar with IdentityTransform
Transforming constraintlayout-2.0.1-api.jar with IdentityTransform
Transforming constraintlayout-2.0.1-api.jar with CopyTransform
Transforming appcompat-1.6.1-api.jar with JetifyTransform
Transforming appcompat-1.6.1-api.jar with IdentityTransform
Transforming appcompat-1.6.1-api.jar with IdentityTransform
Transforming appcompat-1.6.1-api.jar with CopyTransform
Transforming jetified-hilt-navigation-compose-1.1.0-api.jar with JetifyTransform
Transforming jetified-hilt-navigation-compose-1.1.0-api.jar with IdentityTransform
Transforming jetified-hilt-navigation-compose-1.1.0-api.jar with IdentityTransform
Transforming jetified-hilt-navigation-compose-1.1.0-api.jar with CopyTransform
Transforming jetified-hilt-navigation-1.1.0-api.jar with JetifyTransform
Transforming jetified-hilt-navigation-1.1.0-api.jar with IdentityTransform
Transforming jetified-hilt-navigation-1.1.0-api.jar with IdentityTransform
Transforming jetified-hilt-navigation-1.1.0-api.jar with CopyTransform
Transforming jetified-hilt-android-2.49-api.jar with JetifyTransform
Transforming jetified-hilt-android-2.49-api.jar with IdentityTransform
Transforming jetified-hilt-android-2.49-api.jar with IdentityTransform
Transforming jetified-hilt-android-2.49-api.jar with CopyTransform
Transforming jetified-viewpager2-1.0.0-api.jar with JetifyTransform
Transforming jetified-viewpager2-1.0.0-api.jar with IdentityTransform
Transforming jetified-viewpager2-1.0.0-api.jar with IdentityTransform
Transforming jetified-viewpager2-1.0.0-api.jar with CopyTransform
Transforming jetified-play-services-ads-22.6.0-api.jar with JetifyTransform
Transforming jetified-play-services-ads-22.6.0-api.jar with IdentityTransform
Transforming jetified-play-services-ads-22.6.0-api.jar with IdentityTransform
Transforming jetified-play-services-ads-22.6.0-api.jar with CopyTransform
Transforming jetified-play-services-appset-16.0.1-api.jar with JetifyTransform
Transforming jetified-play-services-appset-16.0.1-api.jar with IdentityTransform
Transforming jetified-play-services-appset-16.0.1-api.jar with IdentityTransform
Transforming jetified-play-services-appset-16.0.1-api.jar with CopyTransform
Transforming jetified-play-services-base-18.2.0-api.jar with JetifyTransform
Transforming jetified-play-services-base-18.2.0-api.jar with IdentityTransform
Transforming jetified-play-services-base-18.2.0-api.jar with IdentityTransform
Transforming jetified-play-services-base-18.2.0-api.jar with CopyTransform
Transforming jetified-play-services-tasks-18.0.2-api.jar with JetifyTransform
Transforming jetified-play-services-tasks-18.0.2-api.jar with IdentityTransform
Transforming jetified-play-services-tasks-18.0.2-api.jar with IdentityTransform
Transforming jetified-play-services-tasks-18.0.2-api.jar with CopyTransform
Transforming jetified-play-services-ads-lite-22.6.0-api.jar with JetifyTransform
Transforming jetified-play-services-ads-lite-22.6.0-api.jar with IdentityTransform
Transforming jetified-play-services-ads-lite-22.6.0-api.jar with IdentityTransform
Transforming jetified-play-services-ads-lite-22.6.0-api.jar with CopyTransform
Transforming jetified-play-services-ads-base-22.6.0-api.jar with JetifyTransform
Transforming jetified-play-services-ads-base-22.6.0-api.jar with IdentityTransform
Transforming jetified-play-services-ads-base-22.6.0-api.jar with IdentityTransform
Transforming jetified-play-services-ads-base-22.6.0-api.jar with CopyTransform
Transforming jetified-user-messaging-platform-2.1.0-api.jar with JetifyTransform
Transforming jetified-user-messaging-platform-2.1.0-api.jar with IdentityTransform
Transforming jetified-user-messaging-platform-2.1.0-api.jar with IdentityTransform
Transforming jetified-user-messaging-platform-2.1.0-api.jar with CopyTransform
Transforming jetified-play-services-ads-identifier-18.0.0-api.jar with JetifyTransform
Transforming jetified-play-services-ads-identifier-18.0.0-api.jar with IdentityTransform
Transforming jetified-play-services-ads-identifier-18.0.0-api.jar with IdentityTransform
Transforming jetified-play-services-ads-identifier-18.0.0-api.jar with CopyTransform
Transforming jetified-play-services-measurement-sdk-api-20.1.2-api.jar with JetifyTransform
Transforming jetified-play-services-measurement-sdk-api-20.1.2-api.jar with IdentityTransform
Transforming jetified-play-services-measurement-sdk-api-20.1.2-api.jar with IdentityTransform
Transforming jetified-play-services-measurement-sdk-api-20.1.2-api.jar with CopyTransform
Transforming jetified-play-services-measurement-base-20.1.2-api.jar with JetifyTransform
Transforming jetified-play-services-measurement-base-20.1.2-api.jar with IdentityTransform
Transforming jetified-play-services-measurement-base-20.1.2-api.jar with IdentityTransform
Transforming jetified-play-services-measurement-base-20.1.2-api.jar with CopyTransform
Transforming jetified-play-services-basement-18.2.0-api.jar with JetifyTransform
Transforming jetified-play-services-basement-18.2.0-api.jar with IdentityTransform
Transforming jetified-play-services-basement-18.2.0-api.jar with IdentityTransform
Transforming jetified-play-services-basement-18.2.0-api.jar with CopyTransform
Transforming fragment-1.5.1-api.jar with JetifyTransform
Transforming fragment-1.5.1-api.jar with IdentityTransform
Transforming fragment-1.5.1-api.jar with IdentityTransform
Transforming fragment-1.5.1-api.jar with CopyTransform
Transforming navigation-common-2.7.6-api.jar with JetifyTransform
Transforming navigation-common-2.7.6-api.jar with IdentityTransform
Transforming navigation-common-2.7.6-api.jar with IdentityTransform
Transforming navigation-common-2.7.6-api.jar with CopyTransform
Transforming navigation-runtime-2.7.6-api.jar with JetifyTransform
Transforming navigation-runtime-2.7.6-api.jar with IdentityTransform
Transforming navigation-runtime-2.7.6-api.jar with IdentityTransform
Transforming navigation-runtime-2.7.6-api.jar with CopyTransform
Transforming navigation-common-ktx-2.7.6-api.jar with JetifyTransform
Transforming navigation-common-ktx-2.7.6-api.jar with IdentityTransform
Transforming navigation-common-ktx-2.7.6-api.jar with IdentityTransform
Transforming navigation-common-ktx-2.7.6-api.jar with CopyTransform
Transforming navigation-runtime-ktx-2.7.6-api.jar with JetifyTransform
Transforming navigation-runtime-ktx-2.7.6-api.jar with IdentityTransform
Transforming navigation-runtime-ktx-2.7.6-api.jar with IdentityTransform
Transforming navigation-runtime-ktx-2.7.6-api.jar with CopyTransform
Transforming jetified-navigation-compose-2.7.6-api.jar with JetifyTransform
Transforming jetified-navigation-compose-2.7.6-api.jar with IdentityTransform
Transforming jetified-navigation-compose-2.7.6-api.jar with IdentityTransform
Transforming jetified-navigation-compose-2.7.6-api.jar with CopyTransform
Transforming jetified-activity-1.8.2-api.jar with JetifyTransform
Transforming jetified-activity-1.8.2-api.jar with IdentityTransform
Transforming jetified-activity-1.8.2-api.jar with IdentityTransform
Transforming jetified-activity-1.8.2-api.jar with CopyTransform
Transforming jetified-activity-compose-1.8.2-api.jar with JetifyTransform
Transforming jetified-activity-compose-1.8.2-api.jar with IdentityTransform
Transforming jetified-activity-compose-1.8.2-api.jar with IdentityTransform
Transforming jetified-activity-compose-1.8.2-api.jar with CopyTransform
Transforming jetified-activity-ktx-1.8.2-api.jar with JetifyTransform
Transforming jetified-activity-ktx-1.8.2-api.jar with IdentityTransform
Transforming jetified-activity-ktx-1.8.2-api.jar with IdentityTransform
Transforming jetified-activity-ktx-1.8.2-api.jar with CopyTransform
Transforming room-common-2.6.1.jar with JetifyTransform
Transforming room-common-2.6.1.jar with IdentityTransform
Transforming room-common-2.6.1.jar with IdentityTransform
Transforming room-common-2.6.1.jar with CopyTransform
Transforming jetified-room-ktx-2.6.1-api.jar with JetifyTransform
Transforming jetified-room-ktx-2.6.1-api.jar with IdentityTransform
Transforming jetified-room-ktx-2.6.1-api.jar with IdentityTransform
Transforming jetified-room-ktx-2.6.1-api.jar with CopyTransform
Transforming room-runtime-2.6.1-api.jar with JetifyTransform
Transforming room-runtime-2.6.1-api.jar with IdentityTransform
Transforming room-runtime-2.6.1-api.jar with IdentityTransform
Transforming room-runtime-2.6.1-api.jar with CopyTransform
Transforming jetified-room-paging-2.6.1-api.jar with JetifyTransform
Transforming jetified-room-paging-2.6.1-api.jar with IdentityTransform
Transforming jetified-room-paging-2.6.1-api.jar with IdentityTransform
Transforming jetified-room-paging-2.6.1-api.jar with CopyTransform
Transforming jetified-paging-common-ktx-3.2.1.jar with JetifyTransform
Transforming jetified-paging-common-ktx-3.2.1.jar with IdentityTransform
Transforming jetified-paging-common-ktx-3.2.1.jar with IdentityTransform
Transforming jetified-paging-common-ktx-3.2.1.jar with CopyTransform
Transforming paging-runtime-3.2.1-api.jar with JetifyTransform
Transforming paging-runtime-3.2.1-api.jar with IdentityTransform
Transforming paging-runtime-3.2.1-api.jar with IdentityTransform
Transforming paging-runtime-3.2.1-api.jar with CopyTransform
Transforming paging-common-3.2.1.jar with JetifyTransform
Transforming paging-common-3.2.1.jar with IdentityTransform
Transforming paging-common-3.2.1.jar with IdentityTransform
Transforming paging-common-3.2.1.jar with CopyTransform
Transforming jetified-paging-runtime-ktx-3.2.1-api.jar with JetifyTransform
Transforming jetified-paging-runtime-ktx-3.2.1-api.jar with IdentityTransform
Transforming jetified-paging-runtime-ktx-3.2.1-api.jar with IdentityTransform
Transforming jetified-paging-runtime-ktx-3.2.1-api.jar with CopyTransform
Transforming jetified-paging-compose-3.2.1-api.jar with JetifyTransform
Transforming jetified-paging-compose-3.2.1-api.jar with IdentityTransform
Transforming jetified-paging-compose-3.2.1-api.jar with IdentityTransform
Transforming jetified-paging-compose-3.2.1-api.jar with CopyTransform
Transforming jetified-material3-release-api.jar with JetifyTransform
Transforming jetified-material3-release-api.jar with IdentityTransform
Transforming jetified-material3-release-api.jar with IdentityTransform
Transforming jetified-material3-release-api.jar with CopyTransform
Transforming jetified-material-ripple-release-api.jar with JetifyTransform
Transforming jetified-material-ripple-release-api.jar with IdentityTransform
Transforming jetified-material-ripple-release-api.jar with IdentityTransform
Transforming jetified-material-ripple-release-api.jar with CopyTransform
Transforming jetified-material-icons-core-release-api.jar with JetifyTransform
Transforming jetified-material-icons-core-release-api.jar with IdentityTransform
Transforming jetified-material-icons-core-release-api.jar with IdentityTransform
Transforming jetified-material-icons-core-release-api.jar with CopyTransform
Transforming jetified-material-release-api.jar with JetifyTransform
Transforming jetified-material-release-api.jar with IdentityTransform
Transforming jetified-material-release-api.jar with IdentityTransform
Transforming jetified-material-release-api.jar with CopyTransform
Transforming jetified-coil-compose-2.5.0-api.jar with JetifyTransform
Transforming jetified-coil-compose-2.5.0-api.jar with IdentityTransform
Transforming jetified-coil-compose-2.5.0-api.jar with IdentityTransform
Transforming jetified-coil-compose-2.5.0-api.jar with CopyTransform
Transforming jetified-coil-compose-base-2.5.0-api.jar with JetifyTransform
Transforming jetified-coil-compose-base-2.5.0-api.jar with IdentityTransform
Transforming jetified-coil-compose-base-2.5.0-api.jar with IdentityTransform
Transforming jetified-coil-compose-base-2.5.0-api.jar with CopyTransform
Transforming jetified-foundation-layout-release-api.jar with JetifyTransform
Transforming jetified-foundation-layout-release-api.jar with IdentityTransform
Transforming jetified-foundation-layout-release-api.jar with IdentityTransform
Transforming jetified-foundation-layout-release-api.jar with CopyTransform
Transforming jetified-foundation-release-api.jar with JetifyTransform
Transforming jetified-foundation-release-api.jar with IdentityTransform
Transforming jetified-foundation-release-api.jar with IdentityTransform
Transforming jetified-foundation-release-api.jar with CopyTransform
Transforming jetified-animation-core-release-api.jar with JetifyTransform
Transforming jetified-animation-core-release-api.jar with IdentityTransform
Transforming jetified-animation-core-release-api.jar with IdentityTransform
Transforming jetified-animation-core-release-api.jar with CopyTransform
Transforming jetified-animation-release-api.jar with JetifyTransform
Transforming jetified-animation-release-api.jar with IdentityTransform
Transforming jetified-animation-release-api.jar with IdentityTransform
Transforming jetified-animation-release-api.jar with CopyTransform
Transforming jetified-ui-util-release-api.jar with JetifyTransform
Transforming jetified-ui-util-release-api.jar with IdentityTransform
Transforming jetified-ui-util-release-api.jar with IdentityTransform
Transforming jetified-ui-util-release-api.jar with CopyTransform
Transforming jetified-ui-unit-release-api.jar with JetifyTransform
Transforming jetified-ui-unit-release-api.jar with IdentityTransform
Transforming jetified-ui-unit-release-api.jar with IdentityTransform
Transforming jetified-ui-unit-release-api.jar with CopyTransform
Transforming jetified-ui-text-release-api.jar with JetifyTransform
Transforming jetified-ui-text-release-api.jar with IdentityTransform
Transforming jetified-ui-text-release-api.jar with IdentityTransform
Transforming jetified-ui-text-release-api.jar with CopyTransform
Transforming jetified-ui-geometry-release-api.jar with JetifyTransform
Transforming jetified-ui-geometry-release-api.jar with IdentityTransform
Transforming jetified-ui-geometry-release-api.jar with IdentityTransform
Transforming jetified-ui-geometry-release-api.jar with CopyTransform
Transforming jetified-ui-graphics-release-api.jar with JetifyTransform
Transforming jetified-ui-graphics-release-api.jar with IdentityTransform
Transforming jetified-ui-graphics-release-api.jar with IdentityTransform
Transforming jetified-ui-graphics-release-api.jar with CopyTransform
Transforming jetified-ui-release-api.jar with JetifyTransform
Transforming jetified-ui-release-api.jar with IdentityTransform
Transforming jetified-ui-release-api.jar with IdentityTransform
Transforming jetified-ui-release-api.jar with CopyTransform
Transforming jetified-ui-tooling-preview-release-api.jar with JetifyTransform
Transforming jetified-ui-tooling-preview-release-api.jar with IdentityTransform
Transforming jetified-ui-tooling-preview-release-api.jar with IdentityTransform
Transforming jetified-ui-tooling-preview-release-api.jar with CopyTransform
Transforming jetified-runtime-saveable-release-api.jar with JetifyTransform
Transforming jetified-runtime-saveable-release-api.jar with IdentityTransform
Transforming jetified-runtime-saveable-release-api.jar with IdentityTransform
Transforming jetified-runtime-saveable-release-api.jar with CopyTransform
Transforming jetified-runtime-release-api.jar with JetifyTransform
Transforming jetified-runtime-release-api.jar with IdentityTransform
Transforming jetified-runtime-release-api.jar with IdentityTransform
Transforming jetified-runtime-release-api.jar with CopyTransform
Transforming jetified-runtime-livedata-1.6.1-api.jar with JetifyTransform
Transforming jetified-runtime-livedata-1.6.1-api.jar with IdentityTransform
Transforming jetified-runtime-livedata-1.6.1-api.jar with IdentityTransform
Transforming jetified-runtime-livedata-1.6.1-api.jar with CopyTransform
Transforming jetified-appcompat-resources-1.6.1-api.jar with JetifyTransform
Transforming jetified-appcompat-resources-1.6.1-api.jar with IdentityTransform
Transforming jetified-appcompat-resources-1.6.1-api.jar with IdentityTransform
Transforming jetified-appcompat-resources-1.6.1-api.jar with CopyTransform
Transforming drawerlayout-1.1.1-api.jar with JetifyTransform
Transforming drawerlayout-1.1.1-api.jar with IdentityTransform
Transforming drawerlayout-1.1.1-api.jar with IdentityTransform
Transforming drawerlayout-1.1.1-api.jar with CopyTransform
Transforming coordinatorlayout-1.1.0-api.jar with JetifyTransform
Transforming coordinatorlayout-1.1.0-api.jar with IdentityTransform
Transforming coordinatorlayout-1.1.0-api.jar with IdentityTransform
Transforming coordinatorlayout-1.1.0-api.jar with CopyTransform
Transforming dynamicanimation-1.0.0-api.jar with JetifyTransform
Transforming dynamicanimation-1.0.0-api.jar with IdentityTransform
Transforming dynamicanimation-1.0.0-api.jar with IdentityTransform
Transforming dynamicanimation-1.0.0-api.jar with CopyTransform
Transforming recyclerview-1.3.0-api.jar with JetifyTransform
Transforming recyclerview-1.3.0-api.jar with IdentityTransform
Transforming recyclerview-1.3.0-api.jar with IdentityTransform
Transforming recyclerview-1.3.0-api.jar with CopyTransform
Transforming transition-1.2.0-api.jar with JetifyTransform
Transforming transition-1.2.0-api.jar with IdentityTransform
Transforming transition-1.2.0-api.jar with IdentityTransform
Transforming transition-1.2.0-api.jar with CopyTransform
Transforming vectordrawable-animated-1.1.0-api.jar with JetifyTransform
Transforming vectordrawable-animated-1.1.0-api.jar with IdentityTransform
Transforming vectordrawable-animated-1.1.0-api.jar with IdentityTransform
Transforming vectordrawable-animated-1.1.0-api.jar with CopyTransform
Transforming vectordrawable-1.1.0-api.jar with JetifyTransform
Transforming vectordrawable-1.1.0-api.jar with IdentityTransform
Transforming vectordrawable-1.1.0-api.jar with IdentityTransform
Transforming vectordrawable-1.1.0-api.jar with CopyTransform
Transforming jetified-exoplayer-2.19.1-api.jar with JetifyTransform
Transforming jetified-exoplayer-2.19.1-api.jar with IdentityTransform
Transforming jetified-exoplayer-2.19.1-api.jar with IdentityTransform
Transforming jetified-exoplayer-2.19.1-api.jar with CopyTransform
Transforming jetified-exoplayer-ui-2.19.1-api.jar with JetifyTransform
Transforming jetified-exoplayer-ui-2.19.1-api.jar with IdentityTransform
Transforming jetified-exoplayer-ui-2.19.1-api.jar with IdentityTransform
Transforming jetified-exoplayer-ui-2.19.1-api.jar with CopyTransform
Transforming media-1.6.0-api.jar with JetifyTransform
Transforming media-1.6.0-api.jar with IdentityTransform
Transforming media-1.6.0-api.jar with IdentityTransform
Transforming media-1.6.0-api.jar with CopyTransform
Transforming browser-1.4.0-api.jar with JetifyTransform
Transforming browser-1.4.0-api.jar with IdentityTransform
Transforming browser-1.4.0-api.jar with IdentityTransform
Transforming browser-1.4.0-api.jar with CopyTransform
Transforming viewpager-1.0.0-api.jar with JetifyTransform
Transforming viewpager-1.0.0-api.jar with IdentityTransform
Transforming viewpager-1.0.0-api.jar with IdentityTransform
Transforming viewpager-1.0.0-api.jar with CopyTransform
Transforming customview-1.1.0-api.jar with JetifyTransform
Transforming customview-1.1.0-api.jar with IdentityTransform
Transforming customview-1.1.0-api.jar with IdentityTransform
Transforming customview-1.1.0-api.jar with CopyTransform
Transforming legacy-support-core-utils-1.0.0-api.jar with JetifyTransform
Transforming legacy-support-core-utils-1.0.0-api.jar with IdentityTransform
Transforming legacy-support-core-utils-1.0.0-api.jar with IdentityTransform
Transforming legacy-support-core-utils-1.0.0-api.jar with CopyTransform
Transforming loader-1.0.0-api.jar with JetifyTransform
Transforming loader-1.0.0-api.jar with IdentityTransform
Transforming loader-1.0.0-api.jar with IdentityTransform
Transforming loader-1.0.0-api.jar with CopyTransform
Transforming core-1.12.0-api.jar with JetifyTransform
Transforming core-1.12.0-api.jar with IdentityTransform
Transforming core-1.12.0-api.jar with IdentityTransform
Transforming core-1.12.0-api.jar with CopyTransform
Transforming jetified-lifecycle-livedata-ktx-2.7.0-api.jar with JetifyTransform
Transforming jetified-lifecycle-livedata-ktx-2.7.0-api.jar with IdentityTransform
Transforming jetified-lifecycle-livedata-ktx-2.7.0-api.jar with IdentityTransform
Transforming jetified-lifecycle-livedata-ktx-2.7.0-api.jar with CopyTransform
Transforming jetified-lifecycle-livedata-core-ktx-2.7.0-api.jar with JetifyTransform
Transforming jetified-lifecycle-livedata-core-ktx-2.7.0-api.jar with IdentityTransform
Transforming jetified-lifecycle-livedata-core-ktx-2.7.0-api.jar with IdentityTransform
Transforming jetified-lifecycle-livedata-core-ktx-2.7.0-api.jar with CopyTransform
Transforming lifecycle-livedata-core-2.7.0-api.jar with JetifyTransform
Transforming lifecycle-livedata-core-2.7.0-api.jar with IdentityTransform
Transforming lifecycle-livedata-core-2.7.0-api.jar with IdentityTransform
Transforming lifecycle-livedata-core-2.7.0-api.jar with CopyTransform
Transforming lifecycle-common-2.7.0.jar with JetifyTransform
Transforming lifecycle-common-2.7.0.jar with IdentityTransform
Transforming lifecycle-common-2.7.0.jar with IdentityTransform
Transforming lifecycle-common-2.7.0.jar with CopyTransform
Transforming work-runtime-2.7.0-api.jar with JetifyTransform
Transforming work-runtime-2.7.0-api.jar with IdentityTransform
Transforming work-runtime-2.7.0-api.jar with IdentityTransform
Transforming work-runtime-2.7.0-api.jar with CopyTransform
Transforming lifecycle-livedata-2.7.0-api.jar with JetifyTransform
Transforming lifecycle-livedata-2.7.0-api.jar with IdentityTransform
Transforming lifecycle-livedata-2.7.0-api.jar with IdentityTransform
Transforming lifecycle-livedata-2.7.0-api.jar with CopyTransform
Transforming jetified-lifecycle-viewmodel-ktx-2.7.0-api.jar with JetifyTransform
Transforming jetified-lifecycle-viewmodel-ktx-2.7.0-api.jar with IdentityTransform
Transforming jetified-lifecycle-viewmodel-ktx-2.7.0-api.jar with IdentityTransform
Transforming jetified-lifecycle-viewmodel-ktx-2.7.0-api.jar with CopyTransform
Transforming lifecycle-common-java8-2.7.0.jar with JetifyTransform
Transforming lifecycle-common-java8-2.7.0.jar with IdentityTransform
Transforming lifecycle-common-java8-2.7.0.jar with IdentityTransform
Transforming lifecycle-common-java8-2.7.0.jar with CopyTransform
Transforming lifecycle-viewmodel-2.7.0-api.jar with JetifyTransform
Transforming lifecycle-viewmodel-2.7.0-api.jar with IdentityTransform
Transforming lifecycle-viewmodel-2.7.0-api.jar with IdentityTransform
Transforming lifecycle-viewmodel-2.7.0-api.jar with CopyTransform
Transforming jetified-coil-2.5.0-api.jar with JetifyTransform
Transforming jetified-coil-2.5.0-api.jar with IdentityTransform
Transforming jetified-coil-2.5.0-api.jar with IdentityTransform
Transforming jetified-coil-2.5.0-api.jar with CopyTransform
Transforming jetified-coil-base-2.5.0-api.jar with JetifyTransform
Transforming jetified-coil-base-2.5.0-api.jar with IdentityTransform
Transforming jetified-coil-base-2.5.0-api.jar with IdentityTransform
Transforming jetified-coil-base-2.5.0-api.jar with CopyTransform
Transforming lifecycle-runtime-2.7.0-api.jar with JetifyTransform
Transforming lifecycle-runtime-2.7.0-api.jar with IdentityTransform
Transforming lifecycle-runtime-2.7.0-api.jar with IdentityTransform
Transforming lifecycle-runtime-2.7.0-api.jar with CopyTransform
Transforming jetified-lifecycle-runtime-ktx-2.7.0-api.jar with JetifyTransform
Transforming jetified-lifecycle-runtime-ktx-2.7.0-api.jar with IdentityTransform
Transforming jetified-lifecycle-runtime-ktx-2.7.0-api.jar with IdentityTransform
Transforming jetified-lifecycle-runtime-ktx-2.7.0-api.jar with CopyTransform
Transforming jetified-lifecycle-viewmodel-compose-2.7.0-api.jar with JetifyTransform
Transforming jetified-lifecycle-viewmodel-compose-2.7.0-api.jar with IdentityTransform
Transforming jetified-lifecycle-viewmodel-compose-2.7.0-api.jar with IdentityTransform
Transforming jetified-lifecycle-viewmodel-compose-2.7.0-api.jar with CopyTransform
Transforming jetified-lifecycle-viewmodel-savedstate-2.7.0-api.jar with JetifyTransform
Transforming jetified-lifecycle-viewmodel-savedstate-2.7.0-api.jar with IdentityTransform
Transforming jetified-lifecycle-viewmodel-savedstate-2.7.0-api.jar with IdentityTransform
Transforming jetified-lifecycle-viewmodel-savedstate-2.7.0-api.jar with CopyTransform
Transforming jetified-core-ktx-1.12.0-api.jar with JetifyTransform
Transforming jetified-core-ktx-1.12.0-api.jar with IdentityTransform
Transforming jetified-core-ktx-1.12.0-api.jar with IdentityTransform
Transforming jetified-core-ktx-1.12.0-api.jar with CopyTransform
Transforming jetified-flexbox-3.0.0-api.jar with JetifyTransform
Transforming jetified-flexbox-3.0.0-api.jar with IdentityTransform
Transforming jetified-flexbox-3.0.0-api.jar with IdentityTransform
Transforming jetified-flexbox-3.0.0-api.jar with CopyTransform
Transforming jetified-core-splashscreen-1.0.1-api.jar with JetifyTransform
Transforming jetified-core-splashscreen-1.0.1-api.jar with IdentityTransform
Transforming jetified-core-splashscreen-1.0.1-api.jar with IdentityTransform
Transforming jetified-core-splashscreen-1.0.1-api.jar with CopyTransform
Transforming jetified-kotlin-parcelize-runtime-1.9.22.jar with JetifyTransform
Transforming jetified-kotlin-parcelize-runtime-1.9.22.jar with IdentityTransform
Transforming jetified-kotlin-parcelize-runtime-1.9.22.jar with IdentityTransform
Transforming jetified-kotlin-parcelize-runtime-1.9.22.jar with CopyTransform
Transforming jetified-savedstate-ktx-1.2.1-api.jar with JetifyTransform
Transforming jetified-savedstate-ktx-1.2.1-api.jar with IdentityTransform
Transforming jetified-savedstate-ktx-1.2.1-api.jar with IdentityTransform
Transforming jetified-savedstate-ktx-1.2.1-api.jar with CopyTransform
Transforming jetified-savedstate-1.2.1-api.jar with JetifyTransform
Transforming jetified-savedstate-1.2.1-api.jar with IdentityTransform
Transforming jetified-savedstate-1.2.1-api.jar with IdentityTransform
Transforming jetified-savedstate-1.2.1-api.jar with CopyTransform
Transforming jetified-annotation-experimental-1.4.0-api.jar with JetifyTransform
Transforming jetified-annotation-experimental-1.4.0-api.jar with IdentityTransform
Transforming jetified-annotation-experimental-1.4.0-api.jar with IdentityTransform
Transforming jetified-annotation-experimental-1.4.0-api.jar with CopyTransform
Transforming jetified-converter-gson-2.9.0.jar with JetifyTransform
Transforming jetified-converter-gson-2.9.0.jar with IdentityTransform
Transforming jetified-converter-gson-2.9.0.jar with IdentityTransform
Transforming jetified-converter-gson-2.9.0.jar with CopyTransform
Transforming jetified-retrofit-2.9.0.jar with JetifyTransform
Transforming jetified-retrofit-2.9.0.jar with IdentityTransform
Transforming jetified-retrofit-2.9.0.jar with IdentityTransform
Transforming jetified-retrofit-2.9.0.jar with CopyTransform
Transforming jetified-logging-interceptor-4.12.0.jar with JetifyTransform
Transforming jetified-logging-interceptor-4.12.0.jar with IdentityTransform
Transforming jetified-logging-interceptor-4.12.0.jar with IdentityTransform
Transforming jetified-logging-interceptor-4.12.0.jar with CopyTransform
Transforming jetified-okhttp-4.12.0.jar with JetifyTransform
Transforming jetified-okhttp-4.12.0.jar with IdentityTransform
Transforming jetified-okhttp-4.12.0.jar with IdentityTransform
Transforming jetified-okhttp-4.12.0.jar with CopyTransform
Transforming jetified-ads-adservices-java-1.0.0-beta05-api.jar with JetifyTransform
Transforming jetified-ads-adservices-java-1.0.0-beta05-api.jar with IdentityTransform
Transforming jetified-ads-adservices-java-1.0.0-beta05-api.jar with IdentityTransform
Transforming jetified-ads-adservices-java-1.0.0-beta05-api.jar with CopyTransform
Transforming jetified-ads-adservices-1.0.0-beta05-api.jar with JetifyTransform
Transforming jetified-ads-adservices-1.0.0-beta05-api.jar with IdentityTransform
Transforming jetified-ads-adservices-1.0.0-beta05-api.jar with IdentityTransform
Transforming jetified-ads-adservices-1.0.0-beta05-api.jar with CopyTransform
Transforming jetified-kotlinx-coroutines-core-jvm-1.7.3.jar with JetifyTransform
Transforming jetified-kotlinx-coroutines-core-jvm-1.7.3.jar with IdentityTransform
Transforming jetified-kotlinx-coroutines-core-jvm-1.7.3.jar with IdentityTransform
Transforming jetified-kotlinx-coroutines-core-jvm-1.7.3.jar with CopyTransform
Transforming jetified-kotlinx-coroutines-android-1.7.3.jar with JetifyTransform
Transforming jetified-kotlinx-coroutines-android-1.7.3.jar with IdentityTransform
Transforming jetified-kotlinx-coroutines-android-1.7.3.jar with IdentityTransform
Transforming jetified-kotlinx-coroutines-android-1.7.3.jar with CopyTransform
Transforming jetified-lottie-compose-6.1.0-api.jar with JetifyTransform
Transforming jetified-lottie-compose-6.1.0-api.jar with IdentityTransform
Transforming jetified-lottie-compose-6.1.0-api.jar with IdentityTransform
Transforming jetified-lottie-compose-6.1.0-api.jar with CopyTransform
Transforming jetified-accompanist-permissions-0.32.0-api.jar with JetifyTransform
Transforming jetified-accompanist-permissions-0.32.0-api.jar with IdentityTransform
Transforming jetified-accompanist-permissions-0.32.0-api.jar with IdentityTransform
Transforming jetified-accompanist-permissions-0.32.0-api.jar with CopyTransform
Transforming jetified-okio-jvm-3.6.0.jar with JetifyTransform
Transforming jetified-okio-jvm-3.6.0.jar with IdentityTransform
Transforming jetified-okio-jvm-3.6.0.jar with IdentityTransform
Transforming jetified-okio-jvm-3.6.0.jar with CopyTransform
Transforming jetified-kotlin-stdlib-jdk8-1.9.10.jar with JetifyTransform
Transforming jetified-kotlin-stdlib-jdk8-1.9.10.jar with IdentityTransform
Transforming jetified-kotlin-stdlib-jdk8-1.9.10.jar with IdentityTransform
Transforming jetified-kotlin-stdlib-jdk8-1.9.10.jar with CopyTransform
Transforming jetified-kotlin-android-extensions-runtime-1.9.22.jar with JetifyTransform
Transforming jetified-kotlin-android-extensions-runtime-1.9.22.jar with IdentityTransform
Transforming jetified-kotlin-android-extensions-runtime-1.9.22.jar with IdentityTransform
Transforming jetified-kotlin-android-extensions-runtime-1.9.22.jar with CopyTransform
Transforming cursoradapter-1.0.0-api.jar with JetifyTransform
Transforming cursoradapter-1.0.0-api.jar with IdentityTransform
Transforming cursoradapter-1.0.0-api.jar with IdentityTransform
Transforming cursoradapter-1.0.0-api.jar with CopyTransform
Transforming cardview-1.0.0-api.jar with JetifyTransform
Transforming cardview-1.0.0-api.jar with IdentityTransform
Transforming cardview-1.0.0-api.jar with IdentityTransform
Transforming cardview-1.0.0-api.jar with CopyTransform
Transforming sqlite-framework-2.4.0-api.jar with JetifyTransform
Transforming sqlite-framework-2.4.0-api.jar with IdentityTransform
Transforming sqlite-framework-2.4.0-api.jar with IdentityTransform
Transforming sqlite-framework-2.4.0-api.jar with CopyTransform
Transforming sqlite-2.4.0-api.jar with JetifyTransform
Transforming sqlite-2.4.0-api.jar with IdentityTransform
Transforming sqlite-2.4.0-api.jar with IdentityTransform
Transforming sqlite-2.4.0-api.jar with CopyTransform
Transforming versionedparcelable-1.1.1-api.jar with JetifyTransform
Transforming versionedparcelable-1.1.1-api.jar with IdentityTransform
Transforming versionedparcelable-1.1.1-api.jar with IdentityTransform
Transforming versionedparcelable-1.1.1-api.jar with CopyTransform
Transforming core-runtime-2.2.0-api.jar with JetifyTransform
Transforming core-runtime-2.2.0-api.jar with IdentityTransform
Transforming core-runtime-2.2.0-api.jar with IdentityTransform
Transforming core-runtime-2.2.0-api.jar with CopyTransform
Transforming core-common-2.2.0.jar with JetifyTransform
Transforming core-common-2.2.0.jar with IdentityTransform
Transforming core-common-2.2.0.jar with IdentityTransform
Transforming core-common-2.2.0.jar with CopyTransform
Transforming jetified-collection-jvm-1.4.0.jar with JetifyTransform
Transforming jetified-collection-jvm-1.4.0.jar with IdentityTransform
Transforming jetified-collection-jvm-1.4.0.jar with IdentityTransform
Transforming jetified-collection-jvm-1.4.0.jar with CopyTransform
Transforming interpolator-1.0.0-api.jar with JetifyTransform
Transforming interpolator-1.0.0-api.jar with IdentityTransform
Transforming interpolator-1.0.0-api.jar with IdentityTransform
Transforming interpolator-1.0.0-api.jar with CopyTransform
Transforming documentfile-1.0.0-api.jar with JetifyTransform
Transforming documentfile-1.0.0-api.jar with IdentityTransform
Transforming documentfile-1.0.0-api.jar with IdentityTransform
Transforming documentfile-1.0.0-api.jar with CopyTransform
Transforming localbroadcastmanager-1.0.0-api.jar with JetifyTransform
Transforming localbroadcastmanager-1.0.0-api.jar with IdentityTransform
Transforming localbroadcastmanager-1.0.0-api.jar with IdentityTransform
Transforming localbroadcastmanager-1.0.0-api.jar with CopyTransform
Transforming print-1.0.0-api.jar with JetifyTransform
Transforming print-1.0.0-api.jar with IdentityTransform
Transforming print-1.0.0-api.jar with IdentityTransform
Transforming print-1.0.0-api.jar with CopyTransform
Transforming jetified-annotation-jvm-1.7.0.jar with JetifyTransform
Transforming jetified-annotation-jvm-1.7.0.jar with IdentityTransform
Transforming jetified-annotation-jvm-1.7.0.jar with IdentityTransform
Transforming jetified-annotation-jvm-1.7.0.jar with CopyTransform
Transforming jetified-kotlin-stdlib-jdk7-1.9.10.jar with JetifyTransform
Transforming jetified-kotlin-stdlib-jdk7-1.9.10.jar with IdentityTransform
Transforming jetified-kotlin-stdlib-jdk7-1.9.10.jar with IdentityTransform
Transforming jetified-kotlin-stdlib-jdk7-1.9.10.jar with CopyTransform
Transforming jetified-kotlin-stdlib-1.9.22.jar with JetifyTransform
Transforming jetified-kotlin-stdlib-1.9.22.jar with IdentityTransform
Transforming jetified-kotlin-stdlib-1.9.22.jar with IdentityTransform
Transforming jetified-kotlin-stdlib-1.9.22.jar with CopyTransform
Transforming jetified-volley-1.2.1-api.jar with JetifyTransform
Transforming jetified-volley-1.2.1-api.jar with IdentityTransform
Transforming jetified-volley-1.2.1-api.jar with IdentityTransform
Transforming jetified-volley-1.2.1-api.jar with CopyTransform
Transforming jetified-lottie-6.1.0-api.jar with JetifyTransform
Transforming jetified-lottie-6.1.0-api.jar with IdentityTransform
Transforming jetified-lottie-6.1.0-api.jar with IdentityTransform
Transforming jetified-lottie-6.1.0-api.jar with CopyTransform
Transforming jetified-Android-Image-Slider-1.4.0-api.jar with JetifyTransform
Transforming jetified-Android-Image-Slider-1.4.0-api.jar with IdentityTransform
Transforming jetified-Android-Image-Slider-1.4.0-api.jar with IdentityTransform
Transforming jetified-Android-Image-Slider-1.4.0-api.jar with CopyTransform
Transforming jetified-circleimageview-3.1.0-api.jar with JetifyTransform
Transforming jetified-circleimageview-3.1.0-api.jar with IdentityTransform
Transforming jetified-circleimageview-3.1.0-api.jar with IdentityTransform
Transforming jetified-circleimageview-3.1.0-api.jar with CopyTransform
Transforming jetified-annotations-23.0.0.jar with JetifyTransform
Transforming jetified-annotations-23.0.0.jar with IdentityTransform
Transforming jetified-annotations-23.0.0.jar with IdentityTransform
Transforming jetified-annotations-23.0.0.jar with CopyTransform
Transforming jetified-exoplayer-core-2.19.1-api.jar with JetifyTransform
Transforming jetified-exoplayer-core-2.19.1-api.jar with IdentityTransform
Transforming jetified-exoplayer-core-2.19.1-api.jar with IdentityTransform
Transforming jetified-exoplayer-core-2.19.1-api.jar with CopyTransform
Transforming jetified-exoplayer-common-2.19.1-api.jar with JetifyTransform
Transforming jetified-exoplayer-common-2.19.1-api.jar with IdentityTransform
Transforming jetified-exoplayer-common-2.19.1-api.jar with IdentityTransform
Transforming jetified-exoplayer-common-2.19.1-api.jar with CopyTransform
Transforming jetified-guava-31.1-android.jar with JetifyTransform
Transforming jetified-guava-31.1-android.jar with IdentityTransform
Transforming jetified-guava-31.1-android.jar with IdentityTransform
Transforming jetified-guava-31.1-android.jar with CopyTransform
Transforming jetified-listenablefuture-9999.0-empty-to-avoid-conflict-with-guava.jar with JetifyTransform
Transforming jetified-listenablefuture-9999.0-empty-to-avoid-conflict-with-guava.jar with IdentityTransform
Transforming jetified-listenablefuture-9999.0-empty-to-avoid-conflict-with-guava.jar with IdentityTransform
Transforming jetified-listenablefuture-9999.0-empty-to-avoid-conflict-with-guava.jar with CopyTransform
Transforming jetified-startup-runtime-1.1.1-api.jar with JetifyTransform
Transforming jetified-startup-runtime-1.1.1-api.jar with IdentityTransform
Transforming jetified-startup-runtime-1.1.1-api.jar with IdentityTransform
Transforming jetified-startup-runtime-1.1.1-api.jar with CopyTransform
Transforming jetified-resourceinspection-annotation-1.0.1.jar with JetifyTransform
Transforming jetified-resourceinspection-annotation-1.0.1.jar with IdentityTransform
Transforming jetified-resourceinspection-annotation-1.0.1.jar with IdentityTransform
Transforming jetified-resourceinspection-annotation-1.0.1.jar with CopyTransform
Transforming constraintlayout-solver-2.0.1.jar with JetifyTransform
Transforming constraintlayout-solver-2.0.1.jar with IdentityTransform
Transforming constraintlayout-solver-2.0.1.jar with IdentityTransform
Transforming constraintlayout-solver-2.0.1.jar with CopyTransform
Transforming jetified-hilt-core-2.49.jar with JetifyTransform
Transforming jetified-hilt-core-2.49.jar with IdentityTransform
Transforming jetified-hilt-core-2.49.jar with IdentityTransform
Transforming jetified-hilt-core-2.49.jar with CopyTransform
Transforming jetified-dagger-2.49.jar with JetifyTransform
Transforming jetified-dagger-2.49.jar with IdentityTransform
Transforming jetified-dagger-2.49.jar with IdentityTransform
Transforming jetified-dagger-2.49.jar with CopyTransform
Transforming jetified-javax.inject-1.jar with JetifyTransform
Transforming jetified-javax.inject-1.jar with IdentityTransform
Transforming jetified-javax.inject-1.jar with IdentityTransform
Transforming jetified-javax.inject-1.jar with CopyTransform
Transforming jetified-dagger-lint-aar-2.49-api.jar with JetifyTransform
Transforming jetified-dagger-lint-aar-2.49-api.jar with IdentityTransform
Transforming jetified-dagger-lint-aar-2.49-api.jar with IdentityTransform
Transforming jetified-dagger-lint-aar-2.49-api.jar with CopyTransform
Transforming jetified-jsr305-3.0.2.jar with JetifyTransform
Transforming jetified-jsr305-3.0.2.jar with IdentityTransform
Transforming jetified-jsr305-3.0.2.jar with IdentityTransform
Transforming jetified-jsr305-3.0.2.jar with CopyTransform
Transforming jetified-gson-2.8.5.jar with JetifyTransform
Transforming jetified-gson-2.8.5.jar with IdentityTransform
Transforming jetified-gson-2.8.5.jar with IdentityTransform
Transforming jetified-gson-2.8.5.jar with CopyTransform
Transforming jetified-failureaccess-1.0.1.jar with JetifyTransform
Transforming jetified-failureaccess-1.0.1.jar with IdentityTransform
Transforming jetified-failureaccess-1.0.1.jar with IdentityTransform
Transforming jetified-failureaccess-1.0.1.jar with CopyTransform
Transforming jetified-exoplayer-database-2.19.1-api.jar with JetifyTransform
Transforming jetified-exoplayer-database-2.19.1-api.jar with IdentityTransform
Transforming jetified-exoplayer-database-2.19.1-api.jar with IdentityTransform
Transforming jetified-exoplayer-database-2.19.1-api.jar with CopyTransform
Transforming jetified-exoplayer-datasource-2.19.1-api.jar with JetifyTransform
Transforming jetified-exoplayer-datasource-2.19.1-api.jar with IdentityTransform
Transforming jetified-exoplayer-datasource-2.19.1-api.jar with IdentityTransform
Transforming jetified-exoplayer-datasource-2.19.1-api.jar with CopyTransform
Transforming jetified-exoplayer-decoder-2.19.1-api.jar with JetifyTransform
Transforming jetified-exoplayer-decoder-2.19.1-api.jar with IdentityTransform
Transforming jetified-exoplayer-decoder-2.19.1-api.jar with IdentityTransform
Transforming jetified-exoplayer-decoder-2.19.1-api.jar with CopyTransform
Transforming jetified-exoplayer-extractor-2.19.1-api.jar with JetifyTransform
Transforming jetified-exoplayer-extractor-2.19.1-api.jar with IdentityTransform
Transforming jetified-exoplayer-extractor-2.19.1-api.jar with IdentityTransform
Transforming jetified-exoplayer-extractor-2.19.1-api.jar with CopyTransform
Transforming jetified-exoplayer-container-2.19.1-api.jar with JetifyTransform
Transforming jetified-exoplayer-container-2.19.1-api.jar with IdentityTransform
Transforming jetified-exoplayer-container-2.19.1-api.jar with IdentityTransform
Transforming jetified-exoplayer-container-2.19.1-api.jar with CopyTransform
Transforming jetified-exoplayer-dash-2.19.1-api.jar with JetifyTransform
Transforming jetified-exoplayer-dash-2.19.1-api.jar with IdentityTransform
Transforming jetified-exoplayer-dash-2.19.1-api.jar with IdentityTransform
Transforming jetified-exoplayer-dash-2.19.1-api.jar with CopyTransform
Transforming jetified-exoplayer-hls-2.19.1-api.jar with JetifyTransform
Transforming jetified-exoplayer-hls-2.19.1-api.jar with IdentityTransform
Transforming jetified-exoplayer-hls-2.19.1-api.jar with IdentityTransform
Transforming jetified-exoplayer-hls-2.19.1-api.jar with CopyTransform
Transforming jetified-exoplayer-rtsp-2.19.1-api.jar with JetifyTransform
Transforming jetified-exoplayer-rtsp-2.19.1-api.jar with IdentityTransform
Transforming jetified-exoplayer-rtsp-2.19.1-api.jar with IdentityTransform
Transforming jetified-exoplayer-rtsp-2.19.1-api.jar with CopyTransform
Transforming jetified-exoplayer-smoothstreaming-2.19.1-api.jar with JetifyTransform
Transforming jetified-exoplayer-smoothstreaming-2.19.1-api.jar with IdentityTransform
Transforming jetified-exoplayer-smoothstreaming-2.19.1-api.jar with IdentityTransform
Transforming jetified-exoplayer-smoothstreaming-2.19.1-api.jar with CopyTransform
Transforming release with CopyTransform
Transforming release with CopyTransform
Transforming classes with CopyTransform
Transforming core-for-system-modules.jar with JdkImageTransform
Transforming core-for-system-modules.jar with JdkImageTransform
Transforming core-for-system-modules.jar with JdkImageTransform
Transforming core-for-system-modules.jar with JdkImageTransform
Transforming android.jar with JetifyTransform
Transforming android.jar with IdentityTransform
Transforming android.jar with IdentityTransform
Transforming android.jar with CopyTransform
Transforming core-lambda-stubs.jar with JetifyTransform
Transforming core-lambda-stubs.jar with IdentityTransform
Transforming core-lambda-stubs.jar with IdentityTransform
Transforming core-lambda-stubs.jar with CopyTransform
Transforming R.jar with JetifyTransform
Transforming R.jar with IdentityTransform
Transforming R.jar with IdentityTransform
Transforming R.jar with CopyTransform
Transforming material-1.11.0-api.jar with JetifyTransform
Transforming material-1.11.0-api.jar with IdentityTransform
Transforming material-1.11.0-api.jar with IdentityTransform
Transforming material-1.11.0-api.jar with CopyTransform
Transforming constraintlayout-2.0.1-api.jar with JetifyTransform
Transforming constraintlayout-2.0.1-api.jar with IdentityTransform
Transforming constraintlayout-2.0.1-api.jar with IdentityTransform
Transforming constraintlayout-2.0.1-api.jar with CopyTransform
Transforming appcompat-1.6.1-api.jar with JetifyTransform
Transforming appcompat-1.6.1-api.jar with IdentityTransform
Transforming appcompat-1.6.1-api.jar with IdentityTransform
Transforming appcompat-1.6.1-api.jar with CopyTransform
Transforming jetified-hilt-navigation-compose-1.1.0-api.jar with JetifyTransform
Transforming jetified-hilt-navigation-compose-1.1.0-api.jar with IdentityTransform
Transforming jetified-hilt-navigation-compose-1.1.0-api.jar with IdentityTransform
Transforming jetified-hilt-navigation-compose-1.1.0-api.jar with CopyTransform
Transforming jetified-hilt-navigation-1.1.0-api.jar with JetifyTransform
Transforming jetified-hilt-navigation-1.1.0-api.jar with IdentityTransform
Transforming jetified-hilt-navigation-1.1.0-api.jar with IdentityTransform
Transforming jetified-hilt-navigation-1.1.0-api.jar with CopyTransform
Transforming jetified-hilt-android-2.49-api.jar with JetifyTransform
Transforming jetified-hilt-android-2.49-api.jar with IdentityTransform
Transforming jetified-hilt-android-2.49-api.jar with IdentityTransform
Transforming jetified-hilt-android-2.49-api.jar with CopyTransform
Transforming jetified-viewpager2-1.0.0-api.jar with JetifyTransform
Transforming jetified-viewpager2-1.0.0-api.jar with IdentityTransform
Transforming jetified-viewpager2-1.0.0-api.jar with IdentityTransform
Transforming jetified-viewpager2-1.0.0-api.jar with CopyTransform
Transforming jetified-play-services-ads-22.6.0-api.jar with JetifyTransform
Transforming jetified-play-services-ads-22.6.0-api.jar with IdentityTransform
Transforming jetified-play-services-ads-22.6.0-api.jar with IdentityTransform
Transforming jetified-play-services-ads-22.6.0-api.jar with CopyTransform
Transforming jetified-play-services-appset-16.0.1-api.jar with JetifyTransform
Transforming jetified-play-services-appset-16.0.1-api.jar with IdentityTransform
Transforming jetified-play-services-appset-16.0.1-api.jar with IdentityTransform
Transforming jetified-play-services-appset-16.0.1-api.jar with CopyTransform
Transforming jetified-play-services-base-18.2.0-api.jar with JetifyTransform
Transforming jetified-play-services-base-18.2.0-api.jar with IdentityTransform
Transforming jetified-play-services-base-18.2.0-api.jar with IdentityTransform
Transforming jetified-play-services-base-18.2.0-api.jar with CopyTransform
Transforming jetified-play-services-tasks-18.0.2-api.jar with JetifyTransform
Transforming jetified-play-services-tasks-18.0.2-api.jar with IdentityTransform
Transforming jetified-play-services-tasks-18.0.2-api.jar with IdentityTransform
Transforming jetified-play-services-tasks-18.0.2-api.jar with CopyTransform
Transforming jetified-play-services-ads-lite-22.6.0-api.jar with JetifyTransform
Transforming jetified-play-services-ads-lite-22.6.0-api.jar with IdentityTransform
Transforming jetified-play-services-ads-lite-22.6.0-api.jar with IdentityTransform
Transforming jetified-play-services-ads-lite-22.6.0-api.jar with CopyTransform
Transforming jetified-play-services-ads-base-22.6.0-api.jar with JetifyTransform
Transforming jetified-play-services-ads-base-22.6.0-api.jar with IdentityTransform
Transforming jetified-play-services-ads-base-22.6.0-api.jar with IdentityTransform
Transforming jetified-play-services-ads-base-22.6.0-api.jar with CopyTransform
Transforming jetified-user-messaging-platform-2.1.0-api.jar with JetifyTransform
Transforming jetified-user-messaging-platform-2.1.0-api.jar with IdentityTransform
Transforming jetified-user-messaging-platform-2.1.0-api.jar with IdentityTransform
Transforming jetified-user-messaging-platform-2.1.0-api.jar with CopyTransform
Transforming jetified-play-services-ads-identifier-18.0.0-api.jar with JetifyTransform
Transforming jetified-play-services-ads-identifier-18.0.0-api.jar with IdentityTransform
Transforming jetified-play-services-ads-identifier-18.0.0-api.jar with IdentityTransform
Transforming jetified-play-services-ads-identifier-18.0.0-api.jar with CopyTransform
Transforming jetified-play-services-measurement-sdk-api-20.1.2-api.jar with JetifyTransform
Transforming jetified-play-services-measurement-sdk-api-20.1.2-api.jar with IdentityTransform
Transforming jetified-play-services-measurement-sdk-api-20.1.2-api.jar with IdentityTransform
Transforming jetified-play-services-measurement-sdk-api-20.1.2-api.jar with CopyTransform
Transforming jetified-play-services-measurement-base-20.1.2-api.jar with JetifyTransform
Transforming jetified-play-services-measurement-base-20.1.2-api.jar with IdentityTransform
Transforming jetified-play-services-measurement-base-20.1.2-api.jar with IdentityTransform
Transforming jetified-play-services-measurement-base-20.1.2-api.jar with CopyTransform
Transforming jetified-play-services-basement-18.2.0-api.jar with JetifyTransform
Transforming jetified-play-services-basement-18.2.0-api.jar with IdentityTransform
Transforming jetified-play-services-basement-18.2.0-api.jar with IdentityTransform
Transforming jetified-play-services-basement-18.2.0-api.jar with CopyTransform
Transforming fragment-1.5.1-api.jar with JetifyTransform
Transforming fragment-1.5.1-api.jar with IdentityTransform
Transforming fragment-1.5.1-api.jar with IdentityTransform
Transforming fragment-1.5.1-api.jar with CopyTransform
Transforming navigation-common-2.7.6-api.jar with JetifyTransform
Transforming navigation-common-2.7.6-api.jar with IdentityTransform
Transforming navigation-common-2.7.6-api.jar with IdentityTransform
Transforming navigation-common-2.7.6-api.jar with CopyTransform
Transforming navigation-runtime-2.7.6-api.jar with JetifyTransform
Transforming navigation-runtime-2.7.6-api.jar with IdentityTransform
Transforming navigation-runtime-2.7.6-api.jar with IdentityTransform
Transforming navigation-runtime-2.7.6-api.jar with CopyTransform
Transforming navigation-common-ktx-2.7.6-api.jar with JetifyTransform
Transforming navigation-common-ktx-2.7.6-api.jar with IdentityTransform
Transforming navigation-common-ktx-2.7.6-api.jar with IdentityTransform
Transforming navigation-common-ktx-2.7.6-api.jar with CopyTransform
Transforming navigation-runtime-ktx-2.7.6-api.jar with JetifyTransform
Transforming navigation-runtime-ktx-2.7.6-api.jar with IdentityTransform
Transforming navigation-runtime-ktx-2.7.6-api.jar with IdentityTransform
Transforming navigation-runtime-ktx-2.7.6-api.jar with CopyTransform
Transforming jetified-navigation-compose-2.7.6-api.jar with JetifyTransform
Transforming jetified-navigation-compose-2.7.6-api.jar with IdentityTransform
Transforming jetified-navigation-compose-2.7.6-api.jar with IdentityTransform
Transforming jetified-navigation-compose-2.7.6-api.jar with CopyTransform
Transforming jetified-activity-1.8.2-api.jar with JetifyTransform
Transforming jetified-activity-1.8.2-api.jar with IdentityTransform
Transforming jetified-activity-1.8.2-api.jar with IdentityTransform
Transforming jetified-activity-1.8.2-api.jar with CopyTransform
Transforming jetified-activity-compose-1.8.2-api.jar with JetifyTransform
Transforming jetified-activity-compose-1.8.2-api.jar with IdentityTransform
Transforming jetified-activity-compose-1.8.2-api.jar with IdentityTransform
Transforming jetified-activity-compose-1.8.2-api.jar with CopyTransform
Transforming jetified-activity-ktx-1.8.2-api.jar with JetifyTransform
Transforming jetified-activity-ktx-1.8.2-api.jar with IdentityTransform
Transforming jetified-activity-ktx-1.8.2-api.jar with IdentityTransform
Transforming jetified-activity-ktx-1.8.2-api.jar with CopyTransform
Transforming room-common-2.6.1.jar with JetifyTransform
Transforming room-common-2.6.1.jar with IdentityTransform
Transforming room-common-2.6.1.jar with IdentityTransform
Transforming room-common-2.6.1.jar with CopyTransform
Transforming jetified-room-ktx-2.6.1-api.jar with JetifyTransform
Transforming jetified-room-ktx-2.6.1-api.jar with IdentityTransform
Transforming jetified-room-ktx-2.6.1-api.jar with IdentityTransform
Transforming jetified-room-ktx-2.6.1-api.jar with CopyTransform
Transforming room-runtime-2.6.1-api.jar with JetifyTransform
Transforming room-runtime-2.6.1-api.jar with IdentityTransform
Transforming room-runtime-2.6.1-api.jar with IdentityTransform
Transforming room-runtime-2.6.1-api.jar with CopyTransform
Transforming jetified-room-paging-2.6.1-api.jar with JetifyTransform
Transforming jetified-room-paging-2.6.1-api.jar with IdentityTransform
Transforming jetified-room-paging-2.6.1-api.jar with IdentityTransform
Transforming jetified-room-paging-2.6.1-api.jar with CopyTransform
Transforming jetified-paging-common-ktx-3.2.1.jar with JetifyTransform
Transforming jetified-paging-common-ktx-3.2.1.jar with IdentityTransform
Transforming jetified-paging-common-ktx-3.2.1.jar with IdentityTransform
Transforming jetified-paging-common-ktx-3.2.1.jar with CopyTransform
Transforming paging-runtime-3.2.1-api.jar with JetifyTransform
Transforming paging-runtime-3.2.1-api.jar with IdentityTransform
Transforming paging-runtime-3.2.1-api.jar with IdentityTransform
Transforming paging-runtime-3.2.1-api.jar with CopyTransform
Transforming paging-common-3.2.1.jar with JetifyTransform
Transforming paging-common-3.2.1.jar with IdentityTransform
Transforming paging-common-3.2.1.jar with IdentityTransform
Transforming paging-common-3.2.1.jar with CopyTransform
Transforming jetified-paging-runtime-ktx-3.2.1-api.jar with JetifyTransform
Transforming jetified-paging-runtime-ktx-3.2.1-api.jar with IdentityTransform
Transforming jetified-paging-runtime-ktx-3.2.1-api.jar with IdentityTransform
Transforming jetified-paging-runtime-ktx-3.2.1-api.jar with CopyTransform
Transforming jetified-paging-compose-3.2.1-api.jar with JetifyTransform
Transforming jetified-paging-compose-3.2.1-api.jar with IdentityTransform
Transforming jetified-paging-compose-3.2.1-api.jar with IdentityTransform
Transforming jetified-paging-compose-3.2.1-api.jar with CopyTransform
Transforming jetified-material3-release-api.jar with JetifyTransform
Transforming jetified-material3-release-api.jar with IdentityTransform
Transforming jetified-material3-release-api.jar with IdentityTransform
Transforming jetified-material3-release-api.jar with CopyTransform
Transforming jetified-material-ripple-release-api.jar with JetifyTransform
Transforming jetified-material-ripple-release-api.jar with IdentityTransform
Transforming jetified-material-ripple-release-api.jar with IdentityTransform
Transforming jetified-material-ripple-release-api.jar with CopyTransform
Transforming jetified-material-icons-core-release-api.jar with JetifyTransform
Transforming jetified-material-icons-core-release-api.jar with IdentityTransform
Transforming jetified-material-icons-core-release-api.jar with IdentityTransform
Transforming jetified-material-icons-core-release-api.jar with CopyTransform
Transforming jetified-material-release-api.jar with JetifyTransform
Transforming jetified-material-release-api.jar with IdentityTransform
Transforming jetified-material-release-api.jar with IdentityTransform
Transforming jetified-material-release-api.jar with CopyTransform
Transforming jetified-coil-compose-2.5.0-api.jar with JetifyTransform
Transforming jetified-coil-compose-2.5.0-api.jar with IdentityTransform
Transforming jetified-coil-compose-2.5.0-api.jar with IdentityTransform
Transforming jetified-coil-compose-2.5.0-api.jar with CopyTransform
Transforming jetified-coil-compose-base-2.5.0-api.jar with JetifyTransform
Transforming jetified-coil-compose-base-2.5.0-api.jar with IdentityTransform
Transforming jetified-coil-compose-base-2.5.0-api.jar with IdentityTransform
Transforming jetified-coil-compose-base-2.5.0-api.jar with CopyTransform
Transforming jetified-foundation-layout-release-api.jar with JetifyTransform
Transforming jetified-foundation-layout-release-api.jar with IdentityTransform
Transforming jetified-foundation-layout-release-api.jar with IdentityTransform
Transforming jetified-foundation-layout-release-api.jar with CopyTransform
Transforming jetified-foundation-release-api.jar with JetifyTransform
Transforming jetified-foundation-release-api.jar with IdentityTransform
Transforming jetified-foundation-release-api.jar with IdentityTransform
Transforming jetified-foundation-release-api.jar with CopyTransform
Transforming jetified-animation-core-release-api.jar with JetifyTransform
Transforming jetified-animation-core-release-api.jar with IdentityTransform
Transforming jetified-animation-core-release-api.jar with IdentityTransform
Transforming jetified-animation-core-release-api.jar with CopyTransform
Transforming jetified-animation-release-api.jar with JetifyTransform
Transforming jetified-animation-release-api.jar with IdentityTransform
Transforming jetified-animation-release-api.jar with IdentityTransform
Transforming jetified-animation-release-api.jar with CopyTransform
Transforming jetified-ui-util-release-api.jar with JetifyTransform
Transforming jetified-ui-util-release-api.jar with IdentityTransform
Transforming jetified-ui-util-release-api.jar with IdentityTransform
Transforming jetified-ui-util-release-api.jar with CopyTransform
Transforming jetified-ui-unit-release-api.jar with JetifyTransform
Transforming jetified-ui-unit-release-api.jar with IdentityTransform
Transforming jetified-ui-unit-release-api.jar with IdentityTransform
Transforming jetified-ui-unit-release-api.jar with CopyTransform
Transforming jetified-ui-text-release-api.jar with JetifyTransform
Transforming jetified-ui-text-release-api.jar with IdentityTransform
Transforming jetified-ui-text-release-api.jar with IdentityTransform
Transforming jetified-ui-text-release-api.jar with CopyTransform
Transforming jetified-ui-geometry-release-api.jar with JetifyTransform
Transforming jetified-ui-geometry-release-api.jar with IdentityTransform
Transforming jetified-ui-geometry-release-api.jar with IdentityTransform
Transforming jetified-ui-geometry-release-api.jar with CopyTransform
Transforming jetified-ui-graphics-release-api.jar with JetifyTransform
Transforming jetified-ui-graphics-release-api.jar with IdentityTransform
Transforming jetified-ui-graphics-release-api.jar with IdentityTransform
Transforming jetified-ui-graphics-release-api.jar with CopyTransform
Transforming jetified-ui-release-api.jar with JetifyTransform
Transforming jetified-ui-release-api.jar with IdentityTransform
Transforming jetified-ui-release-api.jar with IdentityTransform
Transforming jetified-ui-release-api.jar with CopyTransform
Transforming jetified-ui-tooling-preview-release-api.jar with JetifyTransform
Transforming jetified-ui-tooling-preview-release-api.jar with IdentityTransform
Transforming jetified-ui-tooling-preview-release-api.jar with IdentityTransform
Transforming jetified-ui-tooling-preview-release-api.jar with CopyTransform
Transforming jetified-runtime-saveable-release-api.jar with JetifyTransform
Transforming jetified-runtime-saveable-release-api.jar with IdentityTransform
Transforming jetified-runtime-saveable-release-api.jar with IdentityTransform
Transforming jetified-runtime-saveable-release-api.jar with CopyTransform
Transforming jetified-runtime-release-api.jar with JetifyTransform
Transforming jetified-runtime-release-api.jar with IdentityTransform
Transforming jetified-runtime-release-api.jar with IdentityTransform
Transforming jetified-runtime-release-api.jar with CopyTransform
Transforming jetified-runtime-livedata-1.6.1-api.jar with JetifyTransform
Transforming jetified-runtime-livedata-1.6.1-api.jar with IdentityTransform
Transforming jetified-runtime-livedata-1.6.1-api.jar with IdentityTransform
Transforming jetified-runtime-livedata-1.6.1-api.jar with CopyTransform
Transforming jetified-appcompat-resources-1.6.1-api.jar with JetifyTransform
Transforming jetified-appcompat-resources-1.6.1-api.jar with IdentityTransform
Transforming jetified-appcompat-resources-1.6.1-api.jar with IdentityTransform
Transforming jetified-appcompat-resources-1.6.1-api.jar with CopyTransform
Transforming drawerlayout-1.1.1-api.jar with JetifyTransform
Transforming drawerlayout-1.1.1-api.jar with IdentityTransform
Transforming drawerlayout-1.1.1-api.jar with IdentityTransform
Transforming drawerlayout-1.1.1-api.jar with CopyTransform
Transforming coordinatorlayout-1.1.0-api.jar with JetifyTransform
Transforming coordinatorlayout-1.1.0-api.jar with IdentityTransform
Transforming coordinatorlayout-1.1.0-api.jar with IdentityTransform
Transforming coordinatorlayout-1.1.0-api.jar with CopyTransform
Transforming dynamicanimation-1.0.0-api.jar with JetifyTransform
Transforming dynamicanimation-1.0.0-api.jar with IdentityTransform
Transforming dynamicanimation-1.0.0-api.jar with IdentityTransform
Transforming dynamicanimation-1.0.0-api.jar with CopyTransform
Transforming recyclerview-1.3.0-api.jar with JetifyTransform
Transforming recyclerview-1.3.0-api.jar with IdentityTransform
Transforming recyclerview-1.3.0-api.jar with IdentityTransform
Transforming recyclerview-1.3.0-api.jar with CopyTransform
Transforming transition-1.2.0-api.jar with JetifyTransform
Transforming transition-1.2.0-api.jar with IdentityTransform
Transforming transition-1.2.0-api.jar with IdentityTransform
Transforming transition-1.2.0-api.jar with CopyTransform
Transforming vectordrawable-animated-1.1.0-api.jar with JetifyTransform
Transforming vectordrawable-animated-1.1.0-api.jar with IdentityTransform
Transforming vectordrawable-animated-1.1.0-api.jar with IdentityTransform
Transforming vectordrawable-animated-1.1.0-api.jar with CopyTransform
Transforming vectordrawable-1.1.0-api.jar with JetifyTransform
Transforming vectordrawable-1.1.0-api.jar with IdentityTransform
Transforming vectordrawable-1.1.0-api.jar with IdentityTransform
Transforming vectordrawable-1.1.0-api.jar with CopyTransform
Transforming jetified-exoplayer-2.19.1-api.jar with JetifyTransform
Transforming jetified-exoplayer-2.19.1-api.jar with IdentityTransform
Transforming jetified-exoplayer-2.19.1-api.jar with IdentityTransform
Transforming jetified-exoplayer-2.19.1-api.jar with CopyTransform
Transforming jetified-exoplayer-ui-2.19.1-api.jar with JetifyTransform
Transforming jetified-exoplayer-ui-2.19.1-api.jar with IdentityTransform
Transforming jetified-exoplayer-ui-2.19.1-api.jar with IdentityTransform
Transforming jetified-exoplayer-ui-2.19.1-api.jar with CopyTransform
Transforming media-1.6.0-api.jar with JetifyTransform
Transforming media-1.6.0-api.jar with IdentityTransform
Transforming media-1.6.0-api.jar with IdentityTransform
Transforming media-1.6.0-api.jar with CopyTransform
Transforming browser-1.4.0-api.jar with JetifyTransform
Transforming browser-1.4.0-api.jar with IdentityTransform
Transforming browser-1.4.0-api.jar with IdentityTransform
Transforming browser-1.4.0-api.jar with CopyTransform
Transforming viewpager-1.0.0-api.jar with JetifyTransform
Transforming viewpager-1.0.0-api.jar with IdentityTransform
Transforming viewpager-1.0.0-api.jar with IdentityTransform
Transforming viewpager-1.0.0-api.jar with CopyTransform
Transforming customview-1.1.0-api.jar with JetifyTransform
Transforming customview-1.1.0-api.jar with IdentityTransform
Transforming customview-1.1.0-api.jar with IdentityTransform
Transforming customview-1.1.0-api.jar with CopyTransform
Transforming legacy-support-core-utils-1.0.0-api.jar with JetifyTransform
Transforming legacy-support-core-utils-1.0.0-api.jar with IdentityTransform
Transforming legacy-support-core-utils-1.0.0-api.jar with IdentityTransform
Transforming legacy-support-core-utils-1.0.0-api.jar with CopyTransform
Transforming loader-1.0.0-api.jar with JetifyTransform
Transforming loader-1.0.0-api.jar with IdentityTransform
Transforming loader-1.0.0-api.jar with IdentityTransform
Transforming loader-1.0.0-api.jar with CopyTransform
Transforming core-1.12.0-api.jar with JetifyTransform
Transforming core-1.12.0-api.jar with IdentityTransform
Transforming core-1.12.0-api.jar with IdentityTransform
Transforming core-1.12.0-api.jar with CopyTransform
Transforming jetified-lifecycle-livedata-ktx-2.7.0-api.jar with JetifyTransform
Transforming jetified-lifecycle-livedata-ktx-2.7.0-api.jar with IdentityTransform
Transforming jetified-lifecycle-livedata-ktx-2.7.0-api.jar with IdentityTransform
Transforming jetified-lifecycle-livedata-ktx-2.7.0-api.jar with CopyTransform
Transforming jetified-lifecycle-livedata-core-ktx-2.7.0-api.jar with JetifyTransform
Transforming jetified-lifecycle-livedata-core-ktx-2.7.0-api.jar with IdentityTransform
Transforming jetified-lifecycle-livedata-core-ktx-2.7.0-api.jar with IdentityTransform
Transforming jetified-lifecycle-livedata-core-ktx-2.7.0-api.jar with CopyTransform
Transforming lifecycle-livedata-core-2.7.0-api.jar with JetifyTransform
Transforming lifecycle-livedata-core-2.7.0-api.jar with IdentityTransform
Transforming lifecycle-livedata-core-2.7.0-api.jar with IdentityTransform
Transforming lifecycle-livedata-core-2.7.0-api.jar with CopyTransform
Transforming lifecycle-common-2.7.0.jar with JetifyTransform
Transforming lifecycle-common-2.7.0.jar with IdentityTransform
Transforming lifecycle-common-2.7.0.jar with IdentityTransform
Transforming lifecycle-common-2.7.0.jar with CopyTransform
Transforming work-runtime-2.7.0-api.jar with JetifyTransform
Transforming work-runtime-2.7.0-api.jar with IdentityTransform
Transforming work-runtime-2.7.0-api.jar with IdentityTransform
Transforming work-runtime-2.7.0-api.jar with CopyTransform
Transforming lifecycle-livedata-2.7.0-api.jar with JetifyTransform
Transforming lifecycle-livedata-2.7.0-api.jar with IdentityTransform
Transforming lifecycle-livedata-2.7.0-api.jar with IdentityTransform
Transforming lifecycle-livedata-2.7.0-api.jar with CopyTransform
Transforming jetified-lifecycle-viewmodel-ktx-2.7.0-api.jar with JetifyTransform
Transforming jetified-lifecycle-viewmodel-ktx-2.7.0-api.jar with IdentityTransform
Transforming jetified-lifecycle-viewmodel-ktx-2.7.0-api.jar with IdentityTransform
Transforming jetified-lifecycle-viewmodel-ktx-2.7.0-api.jar with CopyTransform
Transforming lifecycle-common-java8-2.7.0.jar with JetifyTransform
Transforming lifecycle-common-java8-2.7.0.jar with IdentityTransform
Transforming lifecycle-common-java8-2.7.0.jar with IdentityTransform
Transforming lifecycle-common-java8-2.7.0.jar with CopyTransform
Transforming lifecycle-viewmodel-2.7.0-api.jar with JetifyTransform
Transforming lifecycle-viewmodel-2.7.0-api.jar with IdentityTransform
Transforming lifecycle-viewmodel-2.7.0-api.jar with IdentityTransform
Transforming lifecycle-viewmodel-2.7.0-api.jar with CopyTransform
Transforming jetified-coil-2.5.0-api.jar with JetifyTransform
Transforming jetified-coil-2.5.0-api.jar with IdentityTransform
Transforming jetified-coil-2.5.0-api.jar with IdentityTransform
Transforming jetified-coil-2.5.0-api.jar with CopyTransform
Transforming jetified-coil-base-2.5.0-api.jar with JetifyTransform
Transforming jetified-coil-base-2.5.0-api.jar with IdentityTransform
Transforming jetified-coil-base-2.5.0-api.jar with IdentityTransform
Transforming jetified-coil-base-2.5.0-api.jar with CopyTransform
Transforming lifecycle-runtime-2.7.0-api.jar with JetifyTransform
Transforming lifecycle-runtime-2.7.0-api.jar with IdentityTransform
Transforming lifecycle-runtime-2.7.0-api.jar with IdentityTransform
Transforming lifecycle-runtime-2.7.0-api.jar with CopyTransform
Transforming jetified-lifecycle-runtime-ktx-2.7.0-api.jar with JetifyTransform
Transforming jetified-lifecycle-runtime-ktx-2.7.0-api.jar with IdentityTransform
Transforming jetified-lifecycle-runtime-ktx-2.7.0-api.jar with IdentityTransform
Transforming jetified-lifecycle-runtime-ktx-2.7.0-api.jar with CopyTransform
Transforming jetified-lifecycle-viewmodel-compose-2.7.0-api.jar with JetifyTransform
Transforming jetified-lifecycle-viewmodel-compose-2.7.0-api.jar with IdentityTransform
Transforming jetified-lifecycle-viewmodel-compose-2.7.0-api.jar with IdentityTransform
Transforming jetified-lifecycle-viewmodel-compose-2.7.0-api.jar with CopyTransform
Transforming jetified-lifecycle-viewmodel-savedstate-2.7.0-api.jar with JetifyTransform
Transforming jetified-lifecycle-viewmodel-savedstate-2.7.0-api.jar with IdentityTransform
Transforming jetified-lifecycle-viewmodel-savedstate-2.7.0-api.jar with IdentityTransform
Transforming jetified-lifecycle-viewmodel-savedstate-2.7.0-api.jar with CopyTransform
Transforming jetified-core-ktx-1.12.0-api.jar with JetifyTransform
Transforming jetified-core-ktx-1.12.0-api.jar with IdentityTransform
Transforming jetified-core-ktx-1.12.0-api.jar with IdentityTransform
Transforming jetified-core-ktx-1.12.0-api.jar with CopyTransform
Transforming jetified-flexbox-3.0.0-api.jar with JetifyTransform
Transforming jetified-flexbox-3.0.0-api.jar with IdentityTransform
Transforming jetified-flexbox-3.0.0-api.jar with IdentityTransform
Transforming jetified-flexbox-3.0.0-api.jar with CopyTransform
Transforming jetified-core-splashscreen-1.0.1-api.jar with JetifyTransform
Transforming jetified-core-splashscreen-1.0.1-api.jar with IdentityTransform
Transforming jetified-core-splashscreen-1.0.1-api.jar with IdentityTransform
Transforming jetified-core-splashscreen-1.0.1-api.jar with CopyTransform
Transforming jetified-kotlin-parcelize-runtime-1.9.22.jar with JetifyTransform
Transforming jetified-kotlin-parcelize-runtime-1.9.22.jar with IdentityTransform
Transforming jetified-kotlin-parcelize-runtime-1.9.22.jar with IdentityTransform
Transforming jetified-kotlin-parcelize-runtime-1.9.22.jar with CopyTransform
Transforming jetified-savedstate-ktx-1.2.1-api.jar with JetifyTransform
Transforming jetified-savedstate-ktx-1.2.1-api.jar with IdentityTransform
Transforming jetified-savedstate-ktx-1.2.1-api.jar with IdentityTransform
Transforming jetified-savedstate-ktx-1.2.1-api.jar with CopyTransform
Transforming jetified-savedstate-1.2.1-api.jar with JetifyTransform
Transforming jetified-savedstate-1.2.1-api.jar with IdentityTransform
Transforming jetified-savedstate-1.2.1-api.jar with IdentityTransform
Transforming jetified-savedstate-1.2.1-api.jar with CopyTransform
Transforming jetified-annotation-experimental-1.4.0-api.jar with JetifyTransform
Transforming jetified-annotation-experimental-1.4.0-api.jar with IdentityTransform
Transforming jetified-annotation-experimental-1.4.0-api.jar with IdentityTransform
Transforming jetified-annotation-experimental-1.4.0-api.jar with CopyTransform
Transforming jetified-converter-gson-2.9.0.jar with JetifyTransform
Transforming jetified-converter-gson-2.9.0.jar with IdentityTransform
Transforming jetified-converter-gson-2.9.0.jar with IdentityTransform
Transforming jetified-converter-gson-2.9.0.jar with CopyTransform
Transforming jetified-retrofit-2.9.0.jar with JetifyTransform
Transforming jetified-retrofit-2.9.0.jar with IdentityTransform
Transforming jetified-retrofit-2.9.0.jar with IdentityTransform
Transforming jetified-retrofit-2.9.0.jar with CopyTransform
Transforming jetified-logging-interceptor-4.12.0.jar with JetifyTransform
Transforming jetified-logging-interceptor-4.12.0.jar with IdentityTransform
Transforming jetified-logging-interceptor-4.12.0.jar with IdentityTransform
Transforming jetified-logging-interceptor-4.12.0.jar with CopyTransform
Transforming jetified-okhttp-4.12.0.jar with JetifyTransform
Transforming jetified-okhttp-4.12.0.jar with IdentityTransform
Transforming jetified-okhttp-4.12.0.jar with IdentityTransform
Transforming jetified-okhttp-4.12.0.jar with CopyTransform
Transforming jetified-ads-adservices-java-1.0.0-beta05-api.jar with JetifyTransform
Transforming jetified-ads-adservices-java-1.0.0-beta05-api.jar with IdentityTransform
Transforming jetified-ads-adservices-java-1.0.0-beta05-api.jar with IdentityTransform
Transforming jetified-ads-adservices-java-1.0.0-beta05-api.jar with CopyTransform
Transforming jetified-ads-adservices-1.0.0-beta05-api.jar with JetifyTransform
Transforming jetified-ads-adservices-1.0.0-beta05-api.jar with IdentityTransform
Transforming jetified-ads-adservices-1.0.0-beta05-api.jar with IdentityTransform
Transforming jetified-ads-adservices-1.0.0-beta05-api.jar with CopyTransform
Transforming jetified-kotlinx-coroutines-core-jvm-1.7.3.jar with JetifyTransform
Transforming jetified-kotlinx-coroutines-core-jvm-1.7.3.jar with IdentityTransform
Transforming jetified-kotlinx-coroutines-core-jvm-1.7.3.jar with IdentityTransform
Transforming jetified-kotlinx-coroutines-core-jvm-1.7.3.jar with CopyTransform
Transforming jetified-kotlinx-coroutines-android-1.7.3.jar with JetifyTransform
Transforming jetified-kotlinx-coroutines-android-1.7.3.jar with IdentityTransform
Transforming jetified-kotlinx-coroutines-android-1.7.3.jar with IdentityTransform
Transforming jetified-kotlinx-coroutines-android-1.7.3.jar with CopyTransform
Transforming jetified-lottie-compose-6.1.0-api.jar with JetifyTransform
Transforming jetified-lottie-compose-6.1.0-api.jar with IdentityTransform
Transforming jetified-lottie-compose-6.1.0-api.jar with IdentityTransform
Transforming jetified-lottie-compose-6.1.0-api.jar with CopyTransform
Transforming jetified-accompanist-permissions-0.32.0-api.jar with JetifyTransform
Transforming jetified-accompanist-permissions-0.32.0-api.jar with IdentityTransform
Transforming jetified-accompanist-permissions-0.32.0-api.jar with IdentityTransform
Transforming jetified-accompanist-permissions-0.32.0-api.jar with CopyTransform
Transforming jetified-okio-jvm-3.6.0.jar with JetifyTransform
Transforming jetified-okio-jvm-3.6.0.jar with IdentityTransform
Transforming jetified-okio-jvm-3.6.0.jar with IdentityTransform
Transforming jetified-okio-jvm-3.6.0.jar with CopyTransform
Transforming jetified-kotlin-stdlib-jdk8-1.9.10.jar with JetifyTransform
Transforming jetified-kotlin-stdlib-jdk8-1.9.10.jar with IdentityTransform
Transforming jetified-kotlin-stdlib-jdk8-1.9.10.jar with IdentityTransform
Transforming jetified-kotlin-stdlib-jdk8-1.9.10.jar with CopyTransform
Transforming jetified-kotlin-android-extensions-runtime-1.9.22.jar with JetifyTransform
Transforming jetified-kotlin-android-extensions-runtime-1.9.22.jar with IdentityTransform
Transforming jetified-kotlin-android-extensions-runtime-1.9.22.jar with IdentityTransform
Transforming jetified-kotlin-android-extensions-runtime-1.9.22.jar with CopyTransform
Transforming cursoradapter-1.0.0-api.jar with JetifyTransform
Transforming cursoradapter-1.0.0-api.jar with IdentityTransform
Transforming cursoradapter-1.0.0-api.jar with IdentityTransform
Transforming cursoradapter-1.0.0-api.jar with CopyTransform
Transforming cardview-1.0.0-api.jar with JetifyTransform
Transforming cardview-1.0.0-api.jar with IdentityTransform
Transforming cardview-1.0.0-api.jar with IdentityTransform
Transforming cardview-1.0.0-api.jar with CopyTransform
Transforming sqlite-framework-2.4.0-api.jar with JetifyTransform
Transforming sqlite-framework-2.4.0-api.jar with IdentityTransform
Transforming sqlite-framework-2.4.0-api.jar with IdentityTransform
Transforming sqlite-framework-2.4.0-api.jar with CopyTransform
Transforming sqlite-2.4.0-api.jar with JetifyTransform
Transforming sqlite-2.4.0-api.jar with IdentityTransform
Transforming sqlite-2.4.0-api.jar with IdentityTransform
Transforming sqlite-2.4.0-api.jar with CopyTransform
Transforming versionedparcelable-1.1.1-api.jar with JetifyTransform
Transforming versionedparcelable-1.1.1-api.jar with IdentityTransform
Transforming versionedparcelable-1.1.1-api.jar with IdentityTransform
Transforming versionedparcelable-1.1.1-api.jar with CopyTransform
Transforming core-runtime-2.2.0-api.jar with JetifyTransform
Transforming core-runtime-2.2.0-api.jar with IdentityTransform
Transforming core-runtime-2.2.0-api.jar with IdentityTransform
Transforming core-runtime-2.2.0-api.jar with CopyTransform
Transforming core-common-2.2.0.jar with JetifyTransform
Transforming core-common-2.2.0.jar with IdentityTransform
Transforming core-common-2.2.0.jar with IdentityTransform
Transforming core-common-2.2.0.jar with CopyTransform
Transforming jetified-collection-jvm-1.4.0.jar with JetifyTransform
Transforming jetified-collection-jvm-1.4.0.jar with IdentityTransform
Transforming jetified-collection-jvm-1.4.0.jar with IdentityTransform
Transforming jetified-collection-jvm-1.4.0.jar with CopyTransform
Transforming interpolator-1.0.0-api.jar with JetifyTransform
Transforming interpolator-1.0.0-api.jar with IdentityTransform
Transforming interpolator-1.0.0-api.jar with IdentityTransform
Transforming interpolator-1.0.0-api.jar with CopyTransform
Transforming documentfile-1.0.0-api.jar with JetifyTransform
Transforming documentfile-1.0.0-api.jar with IdentityTransform
Transforming documentfile-1.0.0-api.jar with IdentityTransform
Transforming documentfile-1.0.0-api.jar with CopyTransform
Transforming localbroadcastmanager-1.0.0-api.jar with JetifyTransform
Transforming localbroadcastmanager-1.0.0-api.jar with IdentityTransform
Transforming localbroadcastmanager-1.0.0-api.jar with IdentityTransform
Transforming localbroadcastmanager-1.0.0-api.jar with CopyTransform
Transforming print-1.0.0-api.jar with JetifyTransform
Transforming print-1.0.0-api.jar with IdentityTransform
Transforming print-1.0.0-api.jar with IdentityTransform
Transforming print-1.0.0-api.jar with CopyTransform
Transforming jetified-annotation-jvm-1.7.0.jar with JetifyTransform
Transforming jetified-annotation-jvm-1.7.0.jar with IdentityTransform
Transforming jetified-annotation-jvm-1.7.0.jar with IdentityTransform
Transforming jetified-annotation-jvm-1.7.0.jar with CopyTransform
Transforming jetified-kotlin-stdlib-jdk7-1.9.10.jar with JetifyTransform
Transforming jetified-kotlin-stdlib-jdk7-1.9.10.jar with IdentityTransform
Transforming jetified-kotlin-stdlib-jdk7-1.9.10.jar with IdentityTransform
Transforming jetified-kotlin-stdlib-jdk7-1.9.10.jar with CopyTransform
Transforming jetified-kotlin-stdlib-1.9.22.jar with JetifyTransform
Transforming jetified-kotlin-stdlib-1.9.22.jar with IdentityTransform
Transforming jetified-kotlin-stdlib-1.9.22.jar with IdentityTransform
Transforming jetified-kotlin-stdlib-1.9.22.jar with CopyTransform
Transforming jetified-volley-1.2.1-api.jar with JetifyTransform
Transforming jetified-volley-1.2.1-api.jar with IdentityTransform
Transforming jetified-volley-1.2.1-api.jar with IdentityTransform
Transforming jetified-volley-1.2.1-api.jar with CopyTransform
Transforming jetified-lottie-6.1.0-api.jar with JetifyTransform
Transforming jetified-lottie-6.1.0-api.jar with IdentityTransform
Transforming jetified-lottie-6.1.0-api.jar with IdentityTransform
Transforming jetified-lottie-6.1.0-api.jar with CopyTransform
Transforming jetified-Android-Image-Slider-1.4.0-api.jar with JetifyTransform
Transforming jetified-Android-Image-Slider-1.4.0-api.jar with IdentityTransform
Transforming jetified-Android-Image-Slider-1.4.0-api.jar with IdentityTransform
Transforming jetified-Android-Image-Slider-1.4.0-api.jar with CopyTransform
Transforming jetified-circleimageview-3.1.0-api.jar with JetifyTransform
Transforming jetified-circleimageview-3.1.0-api.jar with IdentityTransform
Transforming jetified-circleimageview-3.1.0-api.jar with IdentityTransform
Transforming jetified-circleimageview-3.1.0-api.jar with CopyTransform
Transforming jetified-annotations-23.0.0.jar with JetifyTransform
Transforming jetified-annotations-23.0.0.jar with IdentityTransform
Transforming jetified-annotations-23.0.0.jar with IdentityTransform
Transforming jetified-annotations-23.0.0.jar with CopyTransform
Transforming jetified-exoplayer-core-2.19.1-api.jar with JetifyTransform
Transforming jetified-exoplayer-core-2.19.1-api.jar with IdentityTransform
Transforming jetified-exoplayer-core-2.19.1-api.jar with IdentityTransform
Transforming jetified-exoplayer-core-2.19.1-api.jar with CopyTransform
Transforming jetified-exoplayer-common-2.19.1-api.jar with JetifyTransform
Transforming jetified-exoplayer-common-2.19.1-api.jar with IdentityTransform
Transforming jetified-exoplayer-common-2.19.1-api.jar with IdentityTransform
Transforming jetified-exoplayer-common-2.19.1-api.jar with CopyTransform
Transforming jetified-guava-31.1-android.jar with JetifyTransform
Transforming jetified-guava-31.1-android.jar with IdentityTransform
Transforming jetified-guava-31.1-android.jar with IdentityTransform
Transforming jetified-guava-31.1-android.jar with CopyTransform
Transforming jetified-listenablefuture-9999.0-empty-to-avoid-conflict-with-guava.jar with JetifyTransform
Transforming jetified-listenablefuture-9999.0-empty-to-avoid-conflict-with-guava.jar with IdentityTransform
Transforming jetified-listenablefuture-9999.0-empty-to-avoid-conflict-with-guava.jar with IdentityTransform
Transforming jetified-listenablefuture-9999.0-empty-to-avoid-conflict-with-guava.jar with CopyTransform
Transforming jetified-startup-runtime-1.1.1-api.jar with JetifyTransform
Transforming jetified-startup-runtime-1.1.1-api.jar with IdentityTransform
Transforming jetified-startup-runtime-1.1.1-api.jar with IdentityTransform
Transforming jetified-startup-runtime-1.1.1-api.jar with CopyTransform
Transforming jetified-resourceinspection-annotation-1.0.1.jar with JetifyTransform
Transforming jetified-resourceinspection-annotation-1.0.1.jar with IdentityTransform
Transforming jetified-resourceinspection-annotation-1.0.1.jar with IdentityTransform
Transforming jetified-resourceinspection-annotation-1.0.1.jar with CopyTransform
Transforming constraintlayout-solver-2.0.1.jar with JetifyTransform
Transforming constraintlayout-solver-2.0.1.jar with IdentityTransform
Transforming constraintlayout-solver-2.0.1.jar with IdentityTransform
Transforming constraintlayout-solver-2.0.1.jar with CopyTransform
Transforming jetified-hilt-core-2.49.jar with JetifyTransform
Transforming jetified-hilt-core-2.49.jar with IdentityTransform
Transforming jetified-hilt-core-2.49.jar with IdentityTransform
Transforming jetified-hilt-core-2.49.jar with CopyTransform
Transforming jetified-dagger-2.49.jar with JetifyTransform
Transforming jetified-dagger-2.49.jar with IdentityTransform
Transforming jetified-dagger-2.49.jar with IdentityTransform
Transforming jetified-dagger-2.49.jar with CopyTransform
Transforming jetified-javax.inject-1.jar with JetifyTransform
Transforming jetified-javax.inject-1.jar with IdentityTransform
Transforming jetified-javax.inject-1.jar with IdentityTransform
Transforming jetified-javax.inject-1.jar with CopyTransform
Transforming jetified-dagger-lint-aar-2.49-api.jar with JetifyTransform
Transforming jetified-dagger-lint-aar-2.49-api.jar with IdentityTransform
Transforming jetified-dagger-lint-aar-2.49-api.jar with IdentityTransform
Transforming jetified-dagger-lint-aar-2.49-api.jar with CopyTransform
Transforming jetified-jsr305-3.0.2.jar with JetifyTransform
Transforming jetified-jsr305-3.0.2.jar with IdentityTransform
Transforming jetified-jsr305-3.0.2.jar with IdentityTransform
Transforming jetified-jsr305-3.0.2.jar with CopyTransform
Transforming jetified-gson-2.8.5.jar with JetifyTransform
Transforming jetified-gson-2.8.5.jar with IdentityTransform
Transforming jetified-gson-2.8.5.jar with IdentityTransform
Transforming jetified-gson-2.8.5.jar with CopyTransform
Transforming jetified-failureaccess-1.0.1.jar with JetifyTransform
Transforming jetified-failureaccess-1.0.1.jar with IdentityTransform
Transforming jetified-failureaccess-1.0.1.jar with IdentityTransform
Transforming jetified-failureaccess-1.0.1.jar with CopyTransform
Transforming jetified-exoplayer-database-2.19.1-api.jar with JetifyTransform
Transforming jetified-exoplayer-database-2.19.1-api.jar with IdentityTransform
Transforming jetified-exoplayer-database-2.19.1-api.jar with IdentityTransform
Transforming jetified-exoplayer-database-2.19.1-api.jar with CopyTransform
Transforming jetified-exoplayer-datasource-2.19.1-api.jar with JetifyTransform
Transforming jetified-exoplayer-datasource-2.19.1-api.jar with IdentityTransform
Transforming jetified-exoplayer-datasource-2.19.1-api.jar with IdentityTransform
Transforming jetified-exoplayer-datasource-2.19.1-api.jar with CopyTransform
Transforming jetified-exoplayer-decoder-2.19.1-api.jar with JetifyTransform
Transforming jetified-exoplayer-decoder-2.19.1-api.jar with IdentityTransform
Transforming jetified-exoplayer-decoder-2.19.1-api.jar with IdentityTransform
Transforming jetified-exoplayer-decoder-2.19.1-api.jar with CopyTransform
Transforming jetified-exoplayer-extractor-2.19.1-api.jar with JetifyTransform
Transforming jetified-exoplayer-extractor-2.19.1-api.jar with IdentityTransform
Transforming jetified-exoplayer-extractor-2.19.1-api.jar with IdentityTransform
Transforming jetified-exoplayer-extractor-2.19.1-api.jar with CopyTransform
Transforming jetified-exoplayer-container-2.19.1-api.jar with JetifyTransform
Transforming jetified-exoplayer-container-2.19.1-api.jar with IdentityTransform
Transforming jetified-exoplayer-container-2.19.1-api.jar with IdentityTransform
Transforming jetified-exoplayer-container-2.19.1-api.jar with CopyTransform
Transforming jetified-exoplayer-dash-2.19.1-api.jar with JetifyTransform
Transforming jetified-exoplayer-dash-2.19.1-api.jar with IdentityTransform
Transforming jetified-exoplayer-dash-2.19.1-api.jar with IdentityTransform
Transforming jetified-exoplayer-dash-2.19.1-api.jar with CopyTransform
Transforming jetified-exoplayer-hls-2.19.1-api.jar with JetifyTransform
Transforming jetified-exoplayer-hls-2.19.1-api.jar with IdentityTransform
Transforming jetified-exoplayer-hls-2.19.1-api.jar with IdentityTransform
Transforming jetified-exoplayer-hls-2.19.1-api.jar with CopyTransform
Transforming jetified-exoplayer-rtsp-2.19.1-api.jar with JetifyTransform
Transforming jetified-exoplayer-rtsp-2.19.1-api.jar with IdentityTransform
Transforming jetified-exoplayer-rtsp-2.19.1-api.jar with IdentityTransform
Transforming jetified-exoplayer-rtsp-2.19.1-api.jar with CopyTransform
Transforming jetified-exoplayer-smoothstreaming-2.19.1-api.jar with JetifyTransform
Transforming jetified-exoplayer-smoothstreaming-2.19.1-api.jar with IdentityTransform
Transforming jetified-exoplayer-smoothstreaming-2.19.1-api.jar with IdentityTransform
Transforming jetified-exoplayer-smoothstreaming-2.19.1-api.jar with CopyTransform
Transforming release with CopyTransform
Transforming release with CopyTransform
Transforming classes with CopyTransform
Transforming core-for-system-modules.jar with JdkImageTransform
Transforming core-for-system-modules.jar with JdkImageTransform
Caching disabled for task ':app:hiltJavaCompileRelease' because:
  Build cache is disabled
Task ':app:hiltJavaCompileRelease' is not up-to-date because:
  Output property 'options.generatedSourceOutputDirectory' file C:\Users\user\Desktop\projects\Football Live Score (Topon)\Live Football\app\build\generated\hilt\component_sources\release has been removed.
  Output property 'options.generatedSourceOutputDirectory' file C:\Users\user\Desktop\projects\Football Live Score (Topon)\Live Football\app\build\generated\hilt\component_sources\release\com has been removed.
  Output property 'options.generatedSourceOutputDirectory' file C:\Users\user\Desktop\projects\Football Live Score (Topon)\Live Football\app\build\generated\hilt\component_sources\release\com\score24seven has been removed.
The input changes require a full rebuild for incremental task ':app:hiltJavaCompileRelease'.
Transforming android.jar with JetifyTransform
Transforming android.jar with IdentityTransform
Transforming android.jar with IdentityTransform
Transforming android.jar with CopyTransform
Transforming core-lambda-stubs.jar with JetifyTransform
Transforming core-lambda-stubs.jar with IdentityTransform
Transforming core-lambda-stubs.jar with IdentityTransform
Transforming core-lambda-stubs.jar with CopyTransform
Transforming R.jar with JetifyTransform
Transforming R.jar with IdentityTransform
Transforming R.jar with IdentityTransform
Transforming R.jar with CopyTransform
Transforming material-1.11.0-api.jar with JetifyTransform
Transforming material-1.11.0-api.jar with IdentityTransform
Transforming material-1.11.0-api.jar with IdentityTransform
Transforming material-1.11.0-api.jar with CopyTransform
Transforming constraintlayout-2.0.1-api.jar with JetifyTransform
Transforming constraintlayout-2.0.1-api.jar with IdentityTransform
Transforming constraintlayout-2.0.1-api.jar with IdentityTransform
Transforming constraintlayout-2.0.1-api.jar with CopyTransform
Transforming appcompat-1.6.1-api.jar with JetifyTransform
Transforming appcompat-1.6.1-api.jar with IdentityTransform
Transforming appcompat-1.6.1-api.jar with IdentityTransform
Transforming appcompat-1.6.1-api.jar with CopyTransform
Transforming jetified-hilt-navigation-compose-1.1.0-api.jar with JetifyTransform
Transforming jetified-hilt-navigation-compose-1.1.0-api.jar with IdentityTransform
Transforming jetified-hilt-navigation-compose-1.1.0-api.jar with IdentityTransform
Transforming jetified-hilt-navigation-compose-1.1.0-api.jar with CopyTransform
Transforming jetified-hilt-navigation-1.1.0-api.jar with JetifyTransform
Transforming jetified-hilt-navigation-1.1.0-api.jar with IdentityTransform
Transforming jetified-hilt-navigation-1.1.0-api.jar with IdentityTransform
Transforming jetified-hilt-navigation-1.1.0-api.jar with CopyTransform
Transforming jetified-hilt-android-2.49-api.jar with JetifyTransform
Transforming jetified-hilt-android-2.49-api.jar with IdentityTransform
Transforming jetified-hilt-android-2.49-api.jar with IdentityTransform
Transforming jetified-hilt-android-2.49-api.jar with CopyTransform
Transforming jetified-viewpager2-1.0.0-api.jar with JetifyTransform
Transforming jetified-viewpager2-1.0.0-api.jar with IdentityTransform
Transforming jetified-viewpager2-1.0.0-api.jar with IdentityTransform
Transforming jetified-viewpager2-1.0.0-api.jar with CopyTransform
Transforming jetified-play-services-ads-22.6.0-api.jar with JetifyTransform
Transforming jetified-play-services-ads-22.6.0-api.jar with IdentityTransform
Transforming jetified-play-services-ads-22.6.0-api.jar with IdentityTransform
Transforming jetified-play-services-ads-22.6.0-api.jar with CopyTransform
Transforming jetified-play-services-appset-16.0.1-api.jar with JetifyTransform
Transforming jetified-play-services-appset-16.0.1-api.jar with IdentityTransform
Transforming jetified-play-services-appset-16.0.1-api.jar with IdentityTransform
Transforming jetified-play-services-appset-16.0.1-api.jar with CopyTransform
Transforming jetified-play-services-base-18.2.0-api.jar with JetifyTransform
Transforming jetified-play-services-base-18.2.0-api.jar with IdentityTransform
Transforming jetified-play-services-base-18.2.0-api.jar with IdentityTransform
Transforming jetified-play-services-base-18.2.0-api.jar with CopyTransform
Transforming jetified-play-services-tasks-18.0.2-api.jar with JetifyTransform
Transforming jetified-play-services-tasks-18.0.2-api.jar with IdentityTransform
Transforming jetified-play-services-tasks-18.0.2-api.jar with IdentityTransform
Transforming jetified-play-services-tasks-18.0.2-api.jar with CopyTransform
Transforming jetified-play-services-ads-lite-22.6.0-api.jar with JetifyTransform
Transforming jetified-play-services-ads-lite-22.6.0-api.jar with IdentityTransform
Transforming jetified-play-services-ads-lite-22.6.0-api.jar with IdentityTransform
Transforming jetified-play-services-ads-lite-22.6.0-api.jar with CopyTransform
Transforming jetified-play-services-ads-base-22.6.0-api.jar with JetifyTransform
Transforming jetified-play-services-ads-base-22.6.0-api.jar with IdentityTransform
Transforming jetified-play-services-ads-base-22.6.0-api.jar with IdentityTransform
Transforming jetified-play-services-ads-base-22.6.0-api.jar with CopyTransform
Transforming jetified-user-messaging-platform-2.1.0-api.jar with JetifyTransform
Transforming jetified-user-messaging-platform-2.1.0-api.jar with IdentityTransform
Transforming jetified-user-messaging-platform-2.1.0-api.jar with IdentityTransform
Transforming jetified-user-messaging-platform-2.1.0-api.jar with CopyTransform
Transforming jetified-play-services-ads-identifier-18.0.0-api.jar with JetifyTransform
Transforming jetified-play-services-ads-identifier-18.0.0-api.jar with IdentityTransform
Transforming jetified-play-services-ads-identifier-18.0.0-api.jar with IdentityTransform
Transforming jetified-play-services-ads-identifier-18.0.0-api.jar with CopyTransform
Transforming jetified-play-services-measurement-sdk-api-20.1.2-api.jar with JetifyTransform
Transforming jetified-play-services-measurement-sdk-api-20.1.2-api.jar with IdentityTransform
Transforming jetified-play-services-measurement-sdk-api-20.1.2-api.jar with IdentityTransform
Transforming jetified-play-services-measurement-sdk-api-20.1.2-api.jar with CopyTransform
Transforming jetified-play-services-measurement-base-20.1.2-api.jar with JetifyTransform
Transforming jetified-play-services-measurement-base-20.1.2-api.jar with IdentityTransform
Transforming jetified-play-services-measurement-base-20.1.2-api.jar with IdentityTransform
Transforming jetified-play-services-measurement-base-20.1.2-api.jar with CopyTransform
Transforming jetified-play-services-basement-18.2.0-api.jar with JetifyTransform
Transforming jetified-play-services-basement-18.2.0-api.jar with IdentityTransform
Transforming jetified-play-services-basement-18.2.0-api.jar with IdentityTransform
Transforming jetified-play-services-basement-18.2.0-api.jar with CopyTransform
Transforming fragment-1.5.1-api.jar with JetifyTransform
Transforming fragment-1.5.1-api.jar with IdentityTransform
Transforming fragment-1.5.1-api.jar with IdentityTransform
Transforming fragment-1.5.1-api.jar with CopyTransform
Transforming navigation-common-2.7.6-api.jar with JetifyTransform
Transforming navigation-common-2.7.6-api.jar with IdentityTransform
Transforming navigation-common-2.7.6-api.jar with IdentityTransform
Transforming navigation-common-2.7.6-api.jar with CopyTransform
Transforming navigation-runtime-2.7.6-api.jar with JetifyTransform
Transforming navigation-runtime-2.7.6-api.jar with IdentityTransform
Transforming navigation-runtime-2.7.6-api.jar with IdentityTransform
Transforming navigation-runtime-2.7.6-api.jar with CopyTransform
Transforming navigation-common-ktx-2.7.6-api.jar with JetifyTransform
Transforming navigation-common-ktx-2.7.6-api.jar with IdentityTransform
Transforming navigation-common-ktx-2.7.6-api.jar with IdentityTransform
Transforming navigation-common-ktx-2.7.6-api.jar with CopyTransform
Transforming navigation-runtime-ktx-2.7.6-api.jar with JetifyTransform
Transforming navigation-runtime-ktx-2.7.6-api.jar with IdentityTransform
Transforming navigation-runtime-ktx-2.7.6-api.jar with IdentityTransform
Transforming navigation-runtime-ktx-2.7.6-api.jar with CopyTransform
Transforming jetified-navigation-compose-2.7.6-api.jar with JetifyTransform
Transforming jetified-navigation-compose-2.7.6-api.jar with IdentityTransform
Transforming jetified-navigation-compose-2.7.6-api.jar with IdentityTransform
Transforming jetified-navigation-compose-2.7.6-api.jar with CopyTransform
Transforming jetified-activity-1.8.2-api.jar with JetifyTransform
Transforming jetified-activity-1.8.2-api.jar with IdentityTransform
Transforming jetified-activity-1.8.2-api.jar with IdentityTransform
Transforming jetified-activity-1.8.2-api.jar with CopyTransform
Transforming jetified-activity-compose-1.8.2-api.jar with JetifyTransform
Transforming jetified-activity-compose-1.8.2-api.jar with IdentityTransform
Transforming jetified-activity-compose-1.8.2-api.jar with IdentityTransform
Transforming jetified-activity-compose-1.8.2-api.jar with CopyTransform
Transforming jetified-activity-ktx-1.8.2-api.jar with JetifyTransform
Transforming jetified-activity-ktx-1.8.2-api.jar with IdentityTransform
Transforming jetified-activity-ktx-1.8.2-api.jar with IdentityTransform
Transforming jetified-activity-ktx-1.8.2-api.jar with CopyTransform
Transforming room-common-2.6.1.jar with JetifyTransform
Transforming room-common-2.6.1.jar with IdentityTransform
Transforming room-common-2.6.1.jar with IdentityTransform
Transforming room-common-2.6.1.jar with CopyTransform
Transforming jetified-room-ktx-2.6.1-api.jar with JetifyTransform
Transforming jetified-room-ktx-2.6.1-api.jar with IdentityTransform
Transforming jetified-room-ktx-2.6.1-api.jar with IdentityTransform
Transforming jetified-room-ktx-2.6.1-api.jar with CopyTransform
Transforming room-runtime-2.6.1-api.jar with JetifyTransform
Transforming room-runtime-2.6.1-api.jar with IdentityTransform
Transforming room-runtime-2.6.1-api.jar with IdentityTransform
Transforming room-runtime-2.6.1-api.jar with CopyTransform
Transforming jetified-room-paging-2.6.1-api.jar with JetifyTransform
Transforming jetified-room-paging-2.6.1-api.jar with IdentityTransform
Transforming jetified-room-paging-2.6.1-api.jar with IdentityTransform
Transforming jetified-room-paging-2.6.1-api.jar with CopyTransform
Transforming jetified-paging-common-ktx-3.2.1.jar with JetifyTransform
Transforming jetified-paging-common-ktx-3.2.1.jar with IdentityTransform
Transforming jetified-paging-common-ktx-3.2.1.jar with IdentityTransform
Transforming jetified-paging-common-ktx-3.2.1.jar with CopyTransform
Transforming paging-runtime-3.2.1-api.jar with JetifyTransform
Transforming paging-runtime-3.2.1-api.jar with IdentityTransform
Transforming paging-runtime-3.2.1-api.jar with IdentityTransform
Transforming paging-runtime-3.2.1-api.jar with CopyTransform
Transforming paging-common-3.2.1.jar with JetifyTransform
Transforming paging-common-3.2.1.jar with IdentityTransform
Transforming paging-common-3.2.1.jar with IdentityTransform
Transforming paging-common-3.2.1.jar with CopyTransform
Transforming jetified-paging-runtime-ktx-3.2.1-api.jar with JetifyTransform
Transforming jetified-paging-runtime-ktx-3.2.1-api.jar with IdentityTransform
Transforming jetified-paging-runtime-ktx-3.2.1-api.jar with IdentityTransform
Transforming jetified-paging-runtime-ktx-3.2.1-api.jar with CopyTransform
Transforming jetified-paging-compose-3.2.1-api.jar with JetifyTransform
Transforming jetified-paging-compose-3.2.1-api.jar with IdentityTransform
Transforming jetified-paging-compose-3.2.1-api.jar with IdentityTransform
Transforming jetified-paging-compose-3.2.1-api.jar with CopyTransform
Transforming jetified-material3-release-api.jar with JetifyTransform
Transforming jetified-material3-release-api.jar with IdentityTransform
Transforming jetified-material3-release-api.jar with IdentityTransform
Transforming jetified-material3-release-api.jar with CopyTransform
Transforming jetified-material-ripple-release-api.jar with JetifyTransform
Transforming jetified-material-ripple-release-api.jar with IdentityTransform
Transforming jetified-material-ripple-release-api.jar with IdentityTransform
Transforming jetified-material-ripple-release-api.jar with CopyTransform
Transforming jetified-material-icons-core-release-api.jar with JetifyTransform
Transforming jetified-material-icons-core-release-api.jar with IdentityTransform
Transforming jetified-material-icons-core-release-api.jar with IdentityTransform
Transforming jetified-material-icons-core-release-api.jar with CopyTransform
Transforming jetified-material-release-api.jar with JetifyTransform
Transforming jetified-material-release-api.jar with IdentityTransform
Transforming jetified-material-release-api.jar with IdentityTransform
Transforming jetified-material-release-api.jar with CopyTransform
Transforming jetified-coil-compose-2.5.0-api.jar with JetifyTransform
Transforming jetified-coil-compose-2.5.0-api.jar with IdentityTransform
Transforming jetified-coil-compose-2.5.0-api.jar with IdentityTransform
Transforming jetified-coil-compose-2.5.0-api.jar with CopyTransform
Transforming jetified-coil-compose-base-2.5.0-api.jar with JetifyTransform
Transforming jetified-coil-compose-base-2.5.0-api.jar with IdentityTransform
Transforming jetified-coil-compose-base-2.5.0-api.jar with IdentityTransform
Transforming jetified-coil-compose-base-2.5.0-api.jar with CopyTransform
Transforming jetified-foundation-layout-release-api.jar with JetifyTransform
Transforming jetified-foundation-layout-release-api.jar with IdentityTransform
Transforming jetified-foundation-layout-release-api.jar with IdentityTransform
Transforming jetified-foundation-layout-release-api.jar with CopyTransform
Transforming jetified-foundation-release-api.jar with JetifyTransform
Transforming jetified-foundation-release-api.jar with IdentityTransform
Transforming jetified-foundation-release-api.jar with IdentityTransform
Transforming jetified-foundation-release-api.jar with CopyTransform
Transforming jetified-animation-core-release-api.jar with JetifyTransform
Transforming jetified-animation-core-release-api.jar with IdentityTransform
Transforming jetified-animation-core-release-api.jar with IdentityTransform
Transforming jetified-animation-core-release-api.jar with CopyTransform
Transforming jetified-animation-release-api.jar with JetifyTransform
Transforming jetified-animation-release-api.jar with IdentityTransform
Transforming jetified-animation-release-api.jar with IdentityTransform
Transforming jetified-animation-release-api.jar with CopyTransform
Transforming jetified-ui-util-release-api.jar with JetifyTransform
Transforming jetified-ui-util-release-api.jar with IdentityTransform
Transforming jetified-ui-util-release-api.jar with IdentityTransform
Transforming jetified-ui-util-release-api.jar with CopyTransform
Transforming jetified-ui-unit-release-api.jar with JetifyTransform
Transforming jetified-ui-unit-release-api.jar with IdentityTransform
Transforming jetified-ui-unit-release-api.jar with IdentityTransform
Transforming jetified-ui-unit-release-api.jar with CopyTransform
Transforming jetified-ui-text-release-api.jar with JetifyTransform
Transforming jetified-ui-text-release-api.jar with IdentityTransform
Transforming jetified-ui-text-release-api.jar with IdentityTransform
Transforming jetified-ui-text-release-api.jar with CopyTransform
Transforming jetified-ui-geometry-release-api.jar with JetifyTransform
Transforming jetified-ui-geometry-release-api.jar with IdentityTransform
Transforming jetified-ui-geometry-release-api.jar with IdentityTransform
Transforming jetified-ui-geometry-release-api.jar with CopyTransform
Transforming jetified-ui-graphics-release-api.jar with JetifyTransform
Transforming jetified-ui-graphics-release-api.jar with IdentityTransform
Transforming jetified-ui-graphics-release-api.jar with IdentityTransform
Transforming jetified-ui-graphics-release-api.jar with CopyTransform
Transforming jetified-ui-release-api.jar with JetifyTransform
Transforming jetified-ui-release-api.jar with IdentityTransform
Transforming jetified-ui-release-api.jar with IdentityTransform
Transforming jetified-ui-release-api.jar with CopyTransform
Transforming jetified-ui-tooling-preview-release-api.jar with JetifyTransform
Transforming jetified-ui-tooling-preview-release-api.jar with IdentityTransform
Transforming jetified-ui-tooling-preview-release-api.jar with IdentityTransform
Transforming jetified-ui-tooling-preview-release-api.jar with CopyTransform
Transforming jetified-runtime-saveable-release-api.jar with JetifyTransform
Transforming jetified-runtime-saveable-release-api.jar with IdentityTransform
Transforming jetified-runtime-saveable-release-api.jar with IdentityTransform
Transforming jetified-runtime-saveable-release-api.jar with CopyTransform
Transforming jetified-runtime-release-api.jar with JetifyTransform
Transforming jetified-runtime-release-api.jar with IdentityTransform
Transforming jetified-runtime-release-api.jar with IdentityTransform
Transforming jetified-runtime-release-api.jar with CopyTransform
Transforming jetified-runtime-livedata-1.6.1-api.jar with JetifyTransform
Transforming jetified-runtime-livedata-1.6.1-api.jar with IdentityTransform
Transforming jetified-runtime-livedata-1.6.1-api.jar with IdentityTransform
Transforming jetified-runtime-livedata-1.6.1-api.jar with CopyTransform
Transforming jetified-appcompat-resources-1.6.1-api.jar with JetifyTransform
Transforming jetified-appcompat-resources-1.6.1-api.jar with IdentityTransform
Transforming jetified-appcompat-resources-1.6.1-api.jar with IdentityTransform
Transforming jetified-appcompat-resources-1.6.1-api.jar with CopyTransform
Transforming drawerlayout-1.1.1-api.jar with JetifyTransform
Transforming drawerlayout-1.1.1-api.jar with IdentityTransform
Transforming drawerlayout-1.1.1-api.jar with IdentityTransform
Transforming drawerlayout-1.1.1-api.jar with CopyTransform
Transforming coordinatorlayout-1.1.0-api.jar with JetifyTransform
Transforming coordinatorlayout-1.1.0-api.jar with IdentityTransform
Transforming coordinatorlayout-1.1.0-api.jar with IdentityTransform
Transforming coordinatorlayout-1.1.0-api.jar with CopyTransform
Transforming dynamicanimation-1.0.0-api.jar with JetifyTransform
Transforming dynamicanimation-1.0.0-api.jar with IdentityTransform
Transforming dynamicanimation-1.0.0-api.jar with IdentityTransform
Transforming dynamicanimation-1.0.0-api.jar with CopyTransform
Transforming recyclerview-1.3.0-api.jar with JetifyTransform
Transforming recyclerview-1.3.0-api.jar with IdentityTransform
Transforming recyclerview-1.3.0-api.jar with IdentityTransform
Transforming recyclerview-1.3.0-api.jar with CopyTransform
Transforming transition-1.2.0-api.jar with JetifyTransform
Transforming transition-1.2.0-api.jar with IdentityTransform
Transforming transition-1.2.0-api.jar with IdentityTransform
Transforming transition-1.2.0-api.jar with CopyTransform
Transforming vectordrawable-animated-1.1.0-api.jar with JetifyTransform
Transforming vectordrawable-animated-1.1.0-api.jar with IdentityTransform
Transforming vectordrawable-animated-1.1.0-api.jar with IdentityTransform
Transforming vectordrawable-animated-1.1.0-api.jar with CopyTransform
Transforming vectordrawable-1.1.0-api.jar with JetifyTransform
Transforming vectordrawable-1.1.0-api.jar with IdentityTransform
Transforming vectordrawable-1.1.0-api.jar with IdentityTransform
Transforming vectordrawable-1.1.0-api.jar with CopyTransform
Transforming jetified-exoplayer-2.19.1-api.jar with JetifyTransform
Transforming jetified-exoplayer-2.19.1-api.jar with IdentityTransform
Transforming jetified-exoplayer-2.19.1-api.jar with IdentityTransform
Transforming jetified-exoplayer-2.19.1-api.jar with CopyTransform
Transforming jetified-exoplayer-ui-2.19.1-api.jar with JetifyTransform
Transforming jetified-exoplayer-ui-2.19.1-api.jar with IdentityTransform
Transforming jetified-exoplayer-ui-2.19.1-api.jar with IdentityTransform
Transforming jetified-exoplayer-ui-2.19.1-api.jar with CopyTransform
Transforming media-1.6.0-api.jar with JetifyTransform
Transforming media-1.6.0-api.jar with IdentityTransform
Transforming media-1.6.0-api.jar with IdentityTransform
Transforming media-1.6.0-api.jar with CopyTransform
Transforming browser-1.4.0-api.jar with JetifyTransform
Transforming browser-1.4.0-api.jar with IdentityTransform
Transforming browser-1.4.0-api.jar with IdentityTransform
Transforming browser-1.4.0-api.jar with CopyTransform
Transforming viewpager-1.0.0-api.jar with JetifyTransform
Transforming viewpager-1.0.0-api.jar with IdentityTransform
Transforming viewpager-1.0.0-api.jar with IdentityTransform
Transforming viewpager-1.0.0-api.jar with CopyTransform
Transforming customview-1.1.0-api.jar with JetifyTransform
Transforming customview-1.1.0-api.jar with IdentityTransform
Transforming customview-1.1.0-api.jar with IdentityTransform
Transforming customview-1.1.0-api.jar with CopyTransform
Transforming legacy-support-core-utils-1.0.0-api.jar with JetifyTransform
Transforming legacy-support-core-utils-1.0.0-api.jar with IdentityTransform
Transforming legacy-support-core-utils-1.0.0-api.jar with IdentityTransform
Transforming legacy-support-core-utils-1.0.0-api.jar with CopyTransform
Transforming loader-1.0.0-api.jar with JetifyTransform
Transforming loader-1.0.0-api.jar with IdentityTransform
Transforming loader-1.0.0-api.jar with IdentityTransform
Transforming loader-1.0.0-api.jar with CopyTransform
Transforming core-1.12.0-api.jar with JetifyTransform
Transforming core-1.12.0-api.jar with IdentityTransform
Transforming core-1.12.0-api.jar with IdentityTransform
Transforming core-1.12.0-api.jar with CopyTransform
Transforming jetified-lifecycle-livedata-ktx-2.7.0-api.jar with JetifyTransform
Transforming jetified-lifecycle-livedata-ktx-2.7.0-api.jar with IdentityTransform
Transforming jetified-lifecycle-livedata-ktx-2.7.0-api.jar with IdentityTransform
Transforming jetified-lifecycle-livedata-ktx-2.7.0-api.jar with CopyTransform
Transforming jetified-lifecycle-livedata-core-ktx-2.7.0-api.jar with JetifyTransform
Transforming jetified-lifecycle-livedata-core-ktx-2.7.0-api.jar with IdentityTransform
Transforming jetified-lifecycle-livedata-core-ktx-2.7.0-api.jar with IdentityTransform
Transforming jetified-lifecycle-livedata-core-ktx-2.7.0-api.jar with CopyTransform
Transforming lifecycle-livedata-core-2.7.0-api.jar with JetifyTransform
Transforming lifecycle-livedata-core-2.7.0-api.jar with IdentityTransform
Transforming lifecycle-livedata-core-2.7.0-api.jar with IdentityTransform
Transforming lifecycle-livedata-core-2.7.0-api.jar with CopyTransform
Transforming lifecycle-common-2.7.0.jar with JetifyTransform
Transforming lifecycle-common-2.7.0.jar with IdentityTransform
Transforming lifecycle-common-2.7.0.jar with IdentityTransform
Transforming lifecycle-common-2.7.0.jar with CopyTransform
Transforming work-runtime-2.7.0-api.jar with JetifyTransform
Transforming work-runtime-2.7.0-api.jar with IdentityTransform
Transforming work-runtime-2.7.0-api.jar with IdentityTransform
Transforming work-runtime-2.7.0-api.jar with CopyTransform
Transforming lifecycle-livedata-2.7.0-api.jar with JetifyTransform
Transforming lifecycle-livedata-2.7.0-api.jar with IdentityTransform
Transforming lifecycle-livedata-2.7.0-api.jar with IdentityTransform
Transforming lifecycle-livedata-2.7.0-api.jar with CopyTransform
Transforming jetified-lifecycle-viewmodel-ktx-2.7.0-api.jar with JetifyTransform
Transforming jetified-lifecycle-viewmodel-ktx-2.7.0-api.jar with IdentityTransform
Transforming jetified-lifecycle-viewmodel-ktx-2.7.0-api.jar with IdentityTransform
Transforming jetified-lifecycle-viewmodel-ktx-2.7.0-api.jar with CopyTransform
Transforming lifecycle-common-java8-2.7.0.jar with JetifyTransform
Transforming lifecycle-common-java8-2.7.0.jar with IdentityTransform
Transforming lifecycle-common-java8-2.7.0.jar with IdentityTransform
Transforming lifecycle-common-java8-2.7.0.jar with CopyTransform
Transforming lifecycle-viewmodel-2.7.0-api.jar with JetifyTransform
Transforming lifecycle-viewmodel-2.7.0-api.jar with IdentityTransform
Transforming lifecycle-viewmodel-2.7.0-api.jar with IdentityTransform
Transforming lifecycle-viewmodel-2.7.0-api.jar with CopyTransform
Transforming jetified-coil-2.5.0-api.jar with JetifyTransform
Transforming jetified-coil-2.5.0-api.jar with IdentityTransform
Transforming jetified-coil-2.5.0-api.jar with IdentityTransform
Transforming jetified-coil-2.5.0-api.jar with CopyTransform
Transforming jetified-coil-base-2.5.0-api.jar with JetifyTransform
Transforming jetified-coil-base-2.5.0-api.jar with IdentityTransform
Transforming jetified-coil-base-2.5.0-api.jar with IdentityTransform
Transforming jetified-coil-base-2.5.0-api.jar with CopyTransform
Transforming lifecycle-runtime-2.7.0-api.jar with JetifyTransform
Transforming lifecycle-runtime-2.7.0-api.jar with IdentityTransform
Transforming lifecycle-runtime-2.7.0-api.jar with IdentityTransform
Transforming lifecycle-runtime-2.7.0-api.jar with CopyTransform
Transforming jetified-lifecycle-runtime-ktx-2.7.0-api.jar with JetifyTransform
Transforming jetified-lifecycle-runtime-ktx-2.7.0-api.jar with IdentityTransform
Transforming jetified-lifecycle-runtime-ktx-2.7.0-api.jar with IdentityTransform
Transforming jetified-lifecycle-runtime-ktx-2.7.0-api.jar with CopyTransform
Transforming jetified-lifecycle-viewmodel-compose-2.7.0-api.jar with JetifyTransform
Transforming jetified-lifecycle-viewmodel-compose-2.7.0-api.jar with IdentityTransform
Transforming jetified-lifecycle-viewmodel-compose-2.7.0-api.jar with IdentityTransform
Transforming jetified-lifecycle-viewmodel-compose-2.7.0-api.jar with CopyTransform
Transforming jetified-lifecycle-viewmodel-savedstate-2.7.0-api.jar with JetifyTransform
Transforming jetified-lifecycle-viewmodel-savedstate-2.7.0-api.jar with IdentityTransform
Transforming jetified-lifecycle-viewmodel-savedstate-2.7.0-api.jar with IdentityTransform
Transforming jetified-lifecycle-viewmodel-savedstate-2.7.0-api.jar with CopyTransform
Transforming jetified-core-ktx-1.12.0-api.jar with JetifyTransform
Transforming jetified-core-ktx-1.12.0-api.jar with IdentityTransform
Transforming jetified-core-ktx-1.12.0-api.jar with IdentityTransform
Transforming jetified-core-ktx-1.12.0-api.jar with CopyTransform
Transforming jetified-flexbox-3.0.0-api.jar with JetifyTransform
Transforming jetified-flexbox-3.0.0-api.jar with IdentityTransform
Transforming jetified-flexbox-3.0.0-api.jar with IdentityTransform
Transforming jetified-flexbox-3.0.0-api.jar with CopyTransform
Transforming jetified-core-splashscreen-1.0.1-api.jar with JetifyTransform
Transforming jetified-core-splashscreen-1.0.1-api.jar with IdentityTransform
Transforming jetified-core-splashscreen-1.0.1-api.jar with IdentityTransform
Transforming jetified-core-splashscreen-1.0.1-api.jar with CopyTransform
Transforming jetified-kotlin-parcelize-runtime-1.9.22.jar with JetifyTransform
Transforming jetified-kotlin-parcelize-runtime-1.9.22.jar with IdentityTransform
Transforming jetified-kotlin-parcelize-runtime-1.9.22.jar with IdentityTransform
Transforming jetified-kotlin-parcelize-runtime-1.9.22.jar with CopyTransform
Transforming jetified-savedstate-ktx-1.2.1-api.jar with JetifyTransform
Transforming jetified-savedstate-ktx-1.2.1-api.jar with IdentityTransform
Transforming jetified-savedstate-ktx-1.2.1-api.jar with IdentityTransform
Transforming jetified-savedstate-ktx-1.2.1-api.jar with CopyTransform
Transforming jetified-savedstate-1.2.1-api.jar with JetifyTransform
Transforming jetified-savedstate-1.2.1-api.jar with IdentityTransform
Transforming jetified-savedstate-1.2.1-api.jar with IdentityTransform
Transforming jetified-savedstate-1.2.1-api.jar with CopyTransform
Transforming jetified-annotation-experimental-1.4.0-api.jar with JetifyTransform
Transforming jetified-annotation-experimental-1.4.0-api.jar with IdentityTransform
Transforming jetified-annotation-experimental-1.4.0-api.jar with IdentityTransform
Transforming jetified-annotation-experimental-1.4.0-api.jar with CopyTransform
Transforming jetified-converter-gson-2.9.0.jar with JetifyTransform
Transforming jetified-converter-gson-2.9.0.jar with IdentityTransform
Transforming jetified-converter-gson-2.9.0.jar with IdentityTransform
Transforming jetified-converter-gson-2.9.0.jar with CopyTransform
Transforming jetified-retrofit-2.9.0.jar with JetifyTransform
Transforming jetified-retrofit-2.9.0.jar with IdentityTransform
Transforming jetified-retrofit-2.9.0.jar with IdentityTransform
Transforming jetified-retrofit-2.9.0.jar with CopyTransform
Transforming jetified-logging-interceptor-4.12.0.jar with JetifyTransform
Transforming jetified-logging-interceptor-4.12.0.jar with IdentityTransform
Transforming jetified-logging-interceptor-4.12.0.jar with IdentityTransform
Transforming jetified-logging-interceptor-4.12.0.jar with CopyTransform
Transforming jetified-okhttp-4.12.0.jar with JetifyTransform
Transforming jetified-okhttp-4.12.0.jar with IdentityTransform
Transforming jetified-okhttp-4.12.0.jar with IdentityTransform
Transforming jetified-okhttp-4.12.0.jar with CopyTransform
Transforming jetified-ads-adservices-java-1.0.0-beta05-api.jar with JetifyTransform
Transforming jetified-ads-adservices-java-1.0.0-beta05-api.jar with IdentityTransform
Transforming jetified-ads-adservices-java-1.0.0-beta05-api.jar with IdentityTransform
Transforming jetified-ads-adservices-java-1.0.0-beta05-api.jar with CopyTransform
Transforming jetified-ads-adservices-1.0.0-beta05-api.jar with JetifyTransform
Transforming jetified-ads-adservices-1.0.0-beta05-api.jar with IdentityTransform
Transforming jetified-ads-adservices-1.0.0-beta05-api.jar with IdentityTransform
Transforming jetified-ads-adservices-1.0.0-beta05-api.jar with CopyTransform
Transforming jetified-kotlinx-coroutines-core-jvm-1.7.3.jar with JetifyTransform
Transforming jetified-kotlinx-coroutines-core-jvm-1.7.3.jar with IdentityTransform
Transforming jetified-kotlinx-coroutines-core-jvm-1.7.3.jar with IdentityTransform
Transforming jetified-kotlinx-coroutines-core-jvm-1.7.3.jar with CopyTransform
Transforming jetified-kotlinx-coroutines-android-1.7.3.jar with JetifyTransform
Transforming jetified-kotlinx-coroutines-android-1.7.3.jar with IdentityTransform
Transforming jetified-kotlinx-coroutines-android-1.7.3.jar with IdentityTransform
Transforming jetified-kotlinx-coroutines-android-1.7.3.jar with CopyTransform
Transforming jetified-lottie-compose-6.1.0-api.jar with JetifyTransform
Transforming jetified-lottie-compose-6.1.0-api.jar with IdentityTransform
Transforming jetified-lottie-compose-6.1.0-api.jar with IdentityTransform
Transforming jetified-lottie-compose-6.1.0-api.jar with CopyTransform
Transforming jetified-accompanist-permissions-0.32.0-api.jar with JetifyTransform
Transforming jetified-accompanist-permissions-0.32.0-api.jar with IdentityTransform
Transforming jetified-accompanist-permissions-0.32.0-api.jar with IdentityTransform
Transforming jetified-accompanist-permissions-0.32.0-api.jar with CopyTransform
Transforming jetified-okio-jvm-3.6.0.jar with JetifyTransform
Transforming jetified-okio-jvm-3.6.0.jar with IdentityTransform
Transforming jetified-okio-jvm-3.6.0.jar with IdentityTransform
Transforming jetified-okio-jvm-3.6.0.jar with CopyTransform
Transforming jetified-kotlin-stdlib-jdk8-1.9.10.jar with JetifyTransform
Transforming jetified-kotlin-stdlib-jdk8-1.9.10.jar with IdentityTransform
Transforming jetified-kotlin-stdlib-jdk8-1.9.10.jar with IdentityTransform
Transforming jetified-kotlin-stdlib-jdk8-1.9.10.jar with CopyTransform
Transforming jetified-kotlin-android-extensions-runtime-1.9.22.jar with JetifyTransform
Transforming jetified-kotlin-android-extensions-runtime-1.9.22.jar with IdentityTransform
Transforming jetified-kotlin-android-extensions-runtime-1.9.22.jar with IdentityTransform
Transforming jetified-kotlin-android-extensions-runtime-1.9.22.jar with CopyTransform
Transforming cursoradapter-1.0.0-api.jar with JetifyTransform
Transforming cursoradapter-1.0.0-api.jar with IdentityTransform
Transforming cursoradapter-1.0.0-api.jar with IdentityTransform
Transforming cursoradapter-1.0.0-api.jar with CopyTransform
Transforming cardview-1.0.0-api.jar with JetifyTransform
Transforming cardview-1.0.0-api.jar with IdentityTransform
Transforming cardview-1.0.0-api.jar with IdentityTransform
Transforming cardview-1.0.0-api.jar with CopyTransform
Transforming sqlite-framework-2.4.0-api.jar with JetifyTransform
Transforming sqlite-framework-2.4.0-api.jar with IdentityTransform
Transforming sqlite-framework-2.4.0-api.jar with IdentityTransform
Transforming sqlite-framework-2.4.0-api.jar with CopyTransform
Transforming sqlite-2.4.0-api.jar with JetifyTransform
Transforming sqlite-2.4.0-api.jar with IdentityTransform
Transforming sqlite-2.4.0-api.jar with IdentityTransform
Transforming sqlite-2.4.0-api.jar with CopyTransform
Transforming versionedparcelable-1.1.1-api.jar with JetifyTransform
Transforming versionedparcelable-1.1.1-api.jar with IdentityTransform
Transforming versionedparcelable-1.1.1-api.jar with IdentityTransform
Transforming versionedparcelable-1.1.1-api.jar with CopyTransform
Transforming core-runtime-2.2.0-api.jar with JetifyTransform
Transforming core-runtime-2.2.0-api.jar with IdentityTransform
Transforming core-runtime-2.2.0-api.jar with IdentityTransform
Transforming core-runtime-2.2.0-api.jar with CopyTransform
Transforming core-common-2.2.0.jar with JetifyTransform
Transforming core-common-2.2.0.jar with IdentityTransform
Transforming core-common-2.2.0.jar with IdentityTransform
Transforming core-common-2.2.0.jar with CopyTransform
Transforming jetified-collection-jvm-1.4.0.jar with JetifyTransform
Transforming jetified-collection-jvm-1.4.0.jar with IdentityTransform
Transforming jetified-collection-jvm-1.4.0.jar with IdentityTransform
Transforming jetified-collection-jvm-1.4.0.jar with CopyTransform
Transforming interpolator-1.0.0-api.jar with JetifyTransform
Transforming interpolator-1.0.0-api.jar with IdentityTransform
Transforming interpolator-1.0.0-api.jar with IdentityTransform
Transforming interpolator-1.0.0-api.jar with CopyTransform
Transforming documentfile-1.0.0-api.jar with JetifyTransform
Transforming documentfile-1.0.0-api.jar with IdentityTransform
Transforming documentfile-1.0.0-api.jar with IdentityTransform
Transforming documentfile-1.0.0-api.jar with CopyTransform
Transforming localbroadcastmanager-1.0.0-api.jar with JetifyTransform
Transforming localbroadcastmanager-1.0.0-api.jar with IdentityTransform
Transforming localbroadcastmanager-1.0.0-api.jar with IdentityTransform
Transforming localbroadcastmanager-1.0.0-api.jar with CopyTransform
Transforming print-1.0.0-api.jar with JetifyTransform
Transforming print-1.0.0-api.jar with IdentityTransform
Transforming print-1.0.0-api.jar with IdentityTransform
Transforming print-1.0.0-api.jar with CopyTransform
Transforming jetified-annotation-jvm-1.7.0.jar with JetifyTransform
Transforming jetified-annotation-jvm-1.7.0.jar with IdentityTransform
Transforming jetified-annotation-jvm-1.7.0.jar with IdentityTransform
Transforming jetified-annotation-jvm-1.7.0.jar with CopyTransform
Transforming jetified-kotlin-stdlib-jdk7-1.9.10.jar with JetifyTransform
Transforming jetified-kotlin-stdlib-jdk7-1.9.10.jar with IdentityTransform
Transforming jetified-kotlin-stdlib-jdk7-1.9.10.jar with IdentityTransform
Transforming jetified-kotlin-stdlib-jdk7-1.9.10.jar with CopyTransform
Transforming jetified-kotlin-stdlib-1.9.22.jar with JetifyTransform
Transforming jetified-kotlin-stdlib-1.9.22.jar with IdentityTransform
Transforming jetified-kotlin-stdlib-1.9.22.jar with IdentityTransform
Transforming jetified-kotlin-stdlib-1.9.22.jar with CopyTransform
Transforming jetified-volley-1.2.1-api.jar with JetifyTransform
Transforming jetified-volley-1.2.1-api.jar with IdentityTransform
Transforming jetified-volley-1.2.1-api.jar with IdentityTransform
Transforming jetified-volley-1.2.1-api.jar with CopyTransform
Transforming jetified-lottie-6.1.0-api.jar with JetifyTransform
Transforming jetified-lottie-6.1.0-api.jar with IdentityTransform
Transforming jetified-lottie-6.1.0-api.jar with IdentityTransform
Transforming jetified-lottie-6.1.0-api.jar with CopyTransform
Transforming jetified-Android-Image-Slider-1.4.0-api.jar with JetifyTransform
Transforming jetified-Android-Image-Slider-1.4.0-api.jar with IdentityTransform
Transforming jetified-Android-Image-Slider-1.4.0-api.jar with IdentityTransform
Transforming jetified-Android-Image-Slider-1.4.0-api.jar with CopyTransform
Transforming jetified-circleimageview-3.1.0-api.jar with JetifyTransform
Transforming jetified-circleimageview-3.1.0-api.jar with IdentityTransform
Transforming jetified-circleimageview-3.1.0-api.jar with IdentityTransform
Transforming jetified-circleimageview-3.1.0-api.jar with CopyTransform
Transforming jetified-annotations-23.0.0.jar with JetifyTransform
Transforming jetified-annotations-23.0.0.jar with IdentityTransform
Transforming jetified-annotations-23.0.0.jar with IdentityTransform
Transforming jetified-annotations-23.0.0.jar with CopyTransform
Transforming jetified-exoplayer-core-2.19.1-api.jar with JetifyTransform
Transforming jetified-exoplayer-core-2.19.1-api.jar with IdentityTransform
Transforming jetified-exoplayer-core-2.19.1-api.jar with IdentityTransform
Transforming jetified-exoplayer-core-2.19.1-api.jar with CopyTransform
Transforming jetified-exoplayer-common-2.19.1-api.jar with JetifyTransform
Transforming jetified-exoplayer-common-2.19.1-api.jar with IdentityTransform
Transforming jetified-exoplayer-common-2.19.1-api.jar with IdentityTransform
Transforming jetified-exoplayer-common-2.19.1-api.jar with CopyTransform
Transforming jetified-guava-31.1-android.jar with JetifyTransform
Transforming jetified-guava-31.1-android.jar with IdentityTransform
Transforming jetified-guava-31.1-android.jar with IdentityTransform
Transforming jetified-guava-31.1-android.jar with CopyTransform
Transforming jetified-listenablefuture-9999.0-empty-to-avoid-conflict-with-guava.jar with JetifyTransform
Transforming jetified-listenablefuture-9999.0-empty-to-avoid-conflict-with-guava.jar with IdentityTransform
Transforming jetified-listenablefuture-9999.0-empty-to-avoid-conflict-with-guava.jar with IdentityTransform
Transforming jetified-listenablefuture-9999.0-empty-to-avoid-conflict-with-guava.jar with CopyTransform
Transforming jetified-startup-runtime-1.1.1-api.jar with JetifyTransform
Transforming jetified-startup-runtime-1.1.1-api.jar with IdentityTransform
Transforming jetified-startup-runtime-1.1.1-api.jar with IdentityTransform
Transforming jetified-startup-runtime-1.1.1-api.jar with CopyTransform
Transforming jetified-resourceinspection-annotation-1.0.1.jar with JetifyTransform
Transforming jetified-resourceinspection-annotation-1.0.1.jar with IdentityTransform
Transforming jetified-resourceinspection-annotation-1.0.1.jar with IdentityTransform
Transforming jetified-resourceinspection-annotation-1.0.1.jar with CopyTransform
Transforming constraintlayout-solver-2.0.1.jar with JetifyTransform
Transforming constraintlayout-solver-2.0.1.jar with IdentityTransform
Transforming constraintlayout-solver-2.0.1.jar with IdentityTransform
Transforming constraintlayout-solver-2.0.1.jar with CopyTransform
Transforming jetified-hilt-core-2.49.jar with JetifyTransform
Transforming jetified-hilt-core-2.49.jar with IdentityTransform
Transforming jetified-hilt-core-2.49.jar with IdentityTransform
Transforming jetified-hilt-core-2.49.jar with CopyTransform
Transforming jetified-dagger-2.49.jar with JetifyTransform
Transforming jetified-dagger-2.49.jar with IdentityTransform
Transforming jetified-dagger-2.49.jar with IdentityTransform
Transforming jetified-dagger-2.49.jar with CopyTransform
Transforming jetified-javax.inject-1.jar with JetifyTransform
Transforming jetified-javax.inject-1.jar with IdentityTransform
Transforming jetified-javax.inject-1.jar with IdentityTransform
Transforming jetified-javax.inject-1.jar with CopyTransform
Transforming jetified-dagger-lint-aar-2.49-api.jar with JetifyTransform
Transforming jetified-dagger-lint-aar-2.49-api.jar with IdentityTransform
Transforming jetified-dagger-lint-aar-2.49-api.jar with IdentityTransform
Transforming jetified-dagger-lint-aar-2.49-api.jar with CopyTransform
Transforming jetified-jsr305-3.0.2.jar with JetifyTransform
Transforming jetified-jsr305-3.0.2.jar with IdentityTransform
Transforming jetified-jsr305-3.0.2.jar with IdentityTransform
Transforming jetified-jsr305-3.0.2.jar with CopyTransform
Transforming jetified-gson-2.8.5.jar with JetifyTransform
Transforming jetified-gson-2.8.5.jar with IdentityTransform
Transforming jetified-gson-2.8.5.jar with IdentityTransform
Transforming jetified-gson-2.8.5.jar with CopyTransform
Transforming jetified-failureaccess-1.0.1.jar with JetifyTransform
Transforming jetified-failureaccess-1.0.1.jar with IdentityTransform
Transforming jetified-failureaccess-1.0.1.jar with IdentityTransform
Transforming jetified-failureaccess-1.0.1.jar with CopyTransform
Transforming jetified-exoplayer-database-2.19.1-api.jar with JetifyTransform
Transforming jetified-exoplayer-database-2.19.1-api.jar with IdentityTransform
Transforming jetified-exoplayer-database-2.19.1-api.jar with IdentityTransform
Transforming jetified-exoplayer-database-2.19.1-api.jar with CopyTransform
Transforming jetified-exoplayer-datasource-2.19.1-api.jar with JetifyTransform
Transforming jetified-exoplayer-datasource-2.19.1-api.jar with IdentityTransform
Transforming jetified-exoplayer-datasource-2.19.1-api.jar with IdentityTransform
Transforming jetified-exoplayer-datasource-2.19.1-api.jar with CopyTransform
Transforming jetified-exoplayer-decoder-2.19.1-api.jar with JetifyTransform
Transforming jetified-exoplayer-decoder-2.19.1-api.jar with IdentityTransform
Transforming jetified-exoplayer-decoder-2.19.1-api.jar with IdentityTransform
Transforming jetified-exoplayer-decoder-2.19.1-api.jar with CopyTransform
Transforming jetified-exoplayer-extractor-2.19.1-api.jar with JetifyTransform
Transforming jetified-exoplayer-extractor-2.19.1-api.jar with IdentityTransform
Transforming jetified-exoplayer-extractor-2.19.1-api.jar with IdentityTransform
Transforming jetified-exoplayer-extractor-2.19.1-api.jar with CopyTransform
Transforming jetified-exoplayer-container-2.19.1-api.jar with JetifyTransform
Transforming jetified-exoplayer-container-2.19.1-api.jar with IdentityTransform
Transforming jetified-exoplayer-container-2.19.1-api.jar with IdentityTransform
Transforming jetified-exoplayer-container-2.19.1-api.jar with CopyTransform
Transforming jetified-exoplayer-dash-2.19.1-api.jar with JetifyTransform
Transforming jetified-exoplayer-dash-2.19.1-api.jar with IdentityTransform
Transforming jetified-exoplayer-dash-2.19.1-api.jar with IdentityTransform
Transforming jetified-exoplayer-dash-2.19.1-api.jar with CopyTransform
Transforming jetified-exoplayer-hls-2.19.1-api.jar with JetifyTransform
Transforming jetified-exoplayer-hls-2.19.1-api.jar with IdentityTransform
Transforming jetified-exoplayer-hls-2.19.1-api.jar with IdentityTransform
Transforming jetified-exoplayer-hls-2.19.1-api.jar with CopyTransform
Transforming jetified-exoplayer-rtsp-2.19.1-api.jar with JetifyTransform
Transforming jetified-exoplayer-rtsp-2.19.1-api.jar with IdentityTransform
Transforming jetified-exoplayer-rtsp-2.19.1-api.jar with IdentityTransform
Transforming jetified-exoplayer-rtsp-2.19.1-api.jar with CopyTransform
Transforming jetified-exoplayer-smoothstreaming-2.19.1-api.jar with JetifyTransform
Transforming jetified-exoplayer-smoothstreaming-2.19.1-api.jar with IdentityTransform
Transforming jetified-exoplayer-smoothstreaming-2.19.1-api.jar with IdentityTransform
Transforming jetified-exoplayer-smoothstreaming-2.19.1-api.jar with CopyTransform
Transforming release with CopyTransform
Transforming release with CopyTransform
Transforming classes with CopyTransform
Transforming core-for-system-modules.jar with JdkImageTransform
Full recompilation is required because no incremental change information is available. This is usually caused by clean builds or changing compiler arguments.
Compiling with toolchain 'C:\Program Files\Java\jdk-21'.
Compiling with JDK Java compiler API.
Class dependency analysis for incremental compilation took 0.089 secs.
Created classpath snapshot for incremental compilation in 0.414 secs.
Resolve mutations for :app:generateReleaseLintVitalReportModel (Thread[#83,included builds,5,main]) started.
:app:generateReleaseLintVitalReportModel (Thread[#83,included builds,5,main]) started.

> Task :app:generateReleaseLintVitalReportModel UP-TO-DATE
Transforming material-1.11.0.aar (com.google.android.material:material:1.11.0) with JetifyTransform
Transforming material-1.11.0.aar (com.google.android.material:material:1.11.0) with ExtractAarTransform
Transforming constraintlayout-2.0.1.aar (androidx.constraintlayout:constraintlayout:2.0.1) with JetifyTransform
Transforming constraintlayout-2.0.1.aar (androidx.constraintlayout:constraintlayout:2.0.1) with ExtractAarTransform
Transforming appcompat-1.6.1.aar (androidx.appcompat:appcompat:1.6.1) with JetifyTransform
Transforming appcompat-1.6.1.aar (androidx.appcompat:appcompat:1.6.1) with ExtractAarTransform
Transforming hilt-navigation-compose-1.1.0.aar (androidx.hilt:hilt-navigation-compose:1.1.0) with JetifyTransform
Transforming hilt-navigation-compose-1.1.0.aar (androidx.hilt:hilt-navigation-compose:1.1.0) with ExtractAarTransform
Transforming hilt-navigation-1.1.0.aar (androidx.hilt:hilt-navigation:1.1.0) with JetifyTransform
Transforming hilt-navigation-1.1.0.aar (androidx.hilt:hilt-navigation:1.1.0) with ExtractAarTransform
Transforming hilt-android-2.49.aar (com.google.dagger:hilt-android:2.49) with JetifyTransform
Transforming hilt-android-2.49.aar (com.google.dagger:hilt-android:2.49) with ExtractAarTransform
Transforming viewpager2-1.0.0.aar (androidx.viewpager2:viewpager2:1.0.0) with JetifyTransform
Transforming viewpager2-1.0.0.aar (androidx.viewpager2:viewpager2:1.0.0) with ExtractAarTransform
Transforming play-services-ads-22.6.0.aar (com.google.android.gms:play-services-ads:22.6.0) with JetifyTransform
Transforming play-services-ads-22.6.0.aar (com.google.android.gms:play-services-ads:22.6.0) with ExtractAarTransform
Transforming play-services-appset-16.0.1.aar (com.google.android.gms:play-services-appset:16.0.1) with JetifyTransform
Transforming play-services-appset-16.0.1.aar (com.google.android.gms:play-services-appset:16.0.1) with ExtractAarTransform
Transforming play-services-base-18.2.0.aar (com.google.android.gms:play-services-base:18.2.0) with JetifyTransform
Transforming play-services-base-18.2.0.aar (com.google.android.gms:play-services-base:18.2.0) with ExtractAarTransform
Transforming play-services-base-18.2.0.aar (com.google.android.gms:play-services-base:18.2.0) with JetifyTransform
Transforming play-services-base-18.2.0.aar (com.google.android.gms:play-services-base:18.2.0) with ExtractAarTransform
Transforming play-services-tasks-18.0.2.aar (com.google.android.gms:play-services-tasks:18.0.2) with JetifyTransform
Transforming play-services-tasks-18.0.2.aar (com.google.android.gms:play-services-tasks:18.0.2) with ExtractAarTransform
Transforming play-services-ads-lite-22.6.0.aar (com.google.android.gms:play-services-ads-lite:22.6.0) with JetifyTransform
Transforming play-services-ads-lite-22.6.0.aar (com.google.android.gms:play-services-ads-lite:22.6.0) with ExtractAarTransform
Transforming play-services-ads-base-22.6.0.aar (com.google.android.gms:play-services-ads-base:22.6.0) with JetifyTransform
Transforming play-services-ads-base-22.6.0.aar (com.google.android.gms:play-services-ads-base:22.6.0) with ExtractAarTransform
Transforming user-messaging-platform-2.1.0.aar (com.google.android.ump:user-messaging-platform:2.1.0) with JetifyTransform
Transforming user-messaging-platform-2.1.0.aar (com.google.android.ump:user-messaging-platform:2.1.0) with ExtractAarTransform
Transforming play-services-ads-identifier-18.0.0.aar (com.google.android.gms:play-services-ads-identifier:18.0.0) with JetifyTransform
Transforming play-services-ads-identifier-18.0.0.aar (com.google.android.gms:play-services-ads-identifier:18.0.0) with ExtractAarTransform
Transforming play-services-measurement-sdk-api-20.1.2.aar (com.google.android.gms:play-services-measurement-sdk-api:20.1.2) with JetifyTransform
Transforming play-services-measurement-sdk-api-20.1.2.aar (com.google.android.gms:play-services-measurement-sdk-api:20.1.2) with ExtractAarTransform
Transforming play-services-measurement-base-20.1.2.aar (com.google.android.gms:play-services-measurement-base:20.1.2) with JetifyTransform
Transforming play-services-measurement-base-20.1.2.aar (com.google.android.gms:play-services-measurement-base:20.1.2) with ExtractAarTransform
Transforming play-services-basement-18.2.0.aar (com.google.android.gms:play-services-basement:18.2.0) with JetifyTransform
Transforming play-services-basement-18.2.0.aar (com.google.android.gms:play-services-basement:18.2.0) with ExtractAarTransform
Transforming fragment-1.5.1.aar (androidx.fragment:fragment:1.5.1) with JetifyTransform
Transforming fragment-1.5.1.aar (androidx.fragment:fragment:1.5.1) with ExtractAarTransform
Transforming fragment-1.5.1.aar (androidx.fragment:fragment:1.5.1) with JetifyTransform
Transforming fragment-1.5.1.aar (androidx.fragment:fragment:1.5.1) with ExtractAarTransform
Transforming navigation-common-2.7.6.aar (androidx.navigation:navigation-common:2.7.6) with JetifyTransform
Transforming navigation-common-2.7.6.aar (androidx.navigation:navigation-common:2.7.6) with ExtractAarTransform
Transforming navigation-runtime-2.7.6.aar (androidx.navigation:navigation-runtime:2.7.6) with JetifyTransform
Transforming navigation-runtime-2.7.6.aar (androidx.navigation:navigation-runtime:2.7.6) with ExtractAarTransform
Transforming navigation-common-ktx-2.7.6.aar (androidx.navigation:navigation-common-ktx:2.7.6) with JetifyTransform
Transforming navigation-common-ktx-2.7.6.aar (androidx.navigation:navigation-common-ktx:2.7.6) with ExtractAarTransform
Transforming navigation-runtime-ktx-2.7.6.aar (androidx.navigation:navigation-runtime-ktx:2.7.6) with JetifyTransform
Transforming navigation-runtime-ktx-2.7.6.aar (androidx.navigation:navigation-runtime-ktx:2.7.6) with ExtractAarTransform
Transforming navigation-compose-2.7.6.aar (androidx.navigation:navigation-compose:2.7.6) with JetifyTransform
Transforming navigation-compose-2.7.6.aar (androidx.navigation:navigation-compose:2.7.6) with ExtractAarTransform
Transforming activity-1.8.2.aar (androidx.activity:activity:1.8.2) with JetifyTransform
Transforming activity-1.8.2.aar (androidx.activity:activity:1.8.2) with ExtractAarTransform
Transforming activity-compose-1.8.2.aar (androidx.activity:activity-compose:1.8.2) with JetifyTransform
Transforming activity-compose-1.8.2.aar (androidx.activity:activity-compose:1.8.2) with ExtractAarTransform
Transforming activity-ktx-1.8.2.aar (androidx.activity:activity-ktx:1.8.2) with JetifyTransform
Transforming activity-ktx-1.8.2.aar (androidx.activity:activity-ktx:1.8.2) with ExtractAarTransform
Transforming room-ktx-2.6.1.aar (androidx.room:room-ktx:2.6.1) with JetifyTransform
Transforming room-ktx-2.6.1.aar (androidx.room:room-ktx:2.6.1) with ExtractAarTransform
Transforming room-runtime-2.6.1.aar (androidx.room:room-runtime:2.6.1) with JetifyTransform
Transforming room-runtime-2.6.1.aar (androidx.room:room-runtime:2.6.1) with ExtractAarTransform
Transforming room-paging-2.6.1.aar (androidx.room:room-paging:2.6.1) with JetifyTransform
Transforming room-paging-2.6.1.aar (androidx.room:room-paging:2.6.1) with ExtractAarTransform
Transforming paging-runtime-3.2.1.aar (androidx.paging:paging-runtime:3.2.1) with JetifyTransform
Transforming paging-runtime-3.2.1.aar (androidx.paging:paging-runtime:3.2.1) with ExtractAarTransform
Transforming paging-runtime-ktx-3.2.1.aar (androidx.paging:paging-runtime-ktx:3.2.1) with JetifyTransform
Transforming paging-runtime-ktx-3.2.1.aar (androidx.paging:paging-runtime-ktx:3.2.1) with ExtractAarTransform
Transforming paging-compose-3.2.1.aar (androidx.paging:paging-compose:3.2.1) with JetifyTransform
Transforming paging-compose-3.2.1.aar (androidx.paging:paging-compose:3.2.1) with ExtractAarTransform
Transforming material3-release.aar (androidx.compose.material3:material3-android:1.2.0) with JetifyTransform
Transforming material3-release.aar (androidx.compose.material3:material3-android:1.2.0) with ExtractAarTransform
Transforming material-ripple-release.aar (androidx.compose.material:material-ripple-android:1.6.1) with JetifyTransform
Transforming material-ripple-release.aar (androidx.compose.material:material-ripple-android:1.6.1) with ExtractAarTransform
Transforming material-icons-core-release.aar (androidx.compose.material:material-icons-core-android:1.6.1) with JetifyTransform
Transforming material-icons-core-release.aar (androidx.compose.material:material-icons-core-android:1.6.1) with ExtractAarTransform
Transforming material-release.aar (androidx.compose.material:material-android:1.6.1) with JetifyTransform
Transforming material-release.aar (androidx.compose.material:material-android:1.6.1) with ExtractAarTransform
Transforming coil-compose-2.5.0.aar (io.coil-kt:coil-compose:2.5.0) with JetifyTransform
Transforming coil-compose-2.5.0.aar (io.coil-kt:coil-compose:2.5.0) with ExtractAarTransform
Transforming coil-compose-base-2.5.0.aar (io.coil-kt:coil-compose-base:2.5.0) with JetifyTransform
Transforming coil-compose-base-2.5.0.aar (io.coil-kt:coil-compose-base:2.5.0) with ExtractAarTransform
Transforming foundation-layout-release.aar (androidx.compose.foundation:foundation-layout-android:1.6.1) with JetifyTransform
Transforming foundation-layout-release.aar (androidx.compose.foundation:foundation-layout-android:1.6.1) with ExtractAarTransform
Transforming foundation-release.aar (androidx.compose.foundation:foundation-android:1.6.1) with JetifyTransform
Transforming foundation-release.aar (androidx.compose.foundation:foundation-android:1.6.1) with ExtractAarTransform
Transforming animation-core-release.aar (androidx.compose.animation:animation-core-android:1.6.1) with JetifyTransform
Transforming animation-core-release.aar (androidx.compose.animation:animation-core-android:1.6.1) with ExtractAarTransform
Transforming animation-release.aar (androidx.compose.animation:animation-android:1.6.1) with JetifyTransform
Transforming animation-release.aar (androidx.compose.animation:animation-android:1.6.1) with ExtractAarTransform
Transforming ui-util-release.aar (androidx.compose.ui:ui-util-android:1.6.1) with JetifyTransform
Transforming ui-util-release.aar (androidx.compose.ui:ui-util-android:1.6.1) with ExtractAarTransform
Transforming ui-unit-release.aar (androidx.compose.ui:ui-unit-android:1.6.1) with JetifyTransform
Transforming ui-unit-release.aar (androidx.compose.ui:ui-unit-android:1.6.1) with ExtractAarTransform
Transforming ui-text-release.aar (androidx.compose.ui:ui-text-android:1.6.1) with JetifyTransform
Transforming ui-text-release.aar (androidx.compose.ui:ui-text-android:1.6.1) with ExtractAarTransform
Transforming ui-geometry-release.aar (androidx.compose.ui:ui-geometry-android:1.6.1) with JetifyTransform
Transforming ui-geometry-release.aar (androidx.compose.ui:ui-geometry-android:1.6.1) with ExtractAarTransform
Transforming ui-graphics-release.aar (androidx.compose.ui:ui-graphics-android:1.6.1) with JetifyTransform
Transforming ui-graphics-release.aar (androidx.compose.ui:ui-graphics-android:1.6.1) with ExtractAarTransform
Transforming ui-release.aar (androidx.compose.ui:ui-android:1.6.1) with JetifyTransform
Transforming ui-release.aar (androidx.compose.ui:ui-android:1.6.1) with ExtractAarTransform
Transforming ui-tooling-preview-release.aar (androidx.compose.ui:ui-tooling-preview-android:1.6.1) with JetifyTransform
Transforming ui-tooling-preview-release.aar (androidx.compose.ui:ui-tooling-preview-android:1.6.1) with ExtractAarTransform
Transforming runtime-saveable-release.aar (androidx.compose.runtime:runtime-saveable-android:1.6.1) with JetifyTransform
Transforming runtime-saveable-release.aar (androidx.compose.runtime:runtime-saveable-android:1.6.1) with ExtractAarTransform
Transforming runtime-release.aar (androidx.compose.runtime:runtime-android:1.6.1) with JetifyTransform
Transforming runtime-release.aar (androidx.compose.runtime:runtime-android:1.6.1) with ExtractAarTransform
Transforming runtime-livedata-1.6.1.aar (androidx.compose.runtime:runtime-livedata:1.6.1) with JetifyTransform
Transforming runtime-livedata-1.6.1.aar (androidx.compose.runtime:runtime-livedata:1.6.1) with ExtractAarTransform
Transforming appcompat-resources-1.6.1.aar (androidx.appcompat:appcompat-resources:1.6.1) with JetifyTransform
Transforming appcompat-resources-1.6.1.aar (androidx.appcompat:appcompat-resources:1.6.1) with ExtractAarTransform
Transforming drawerlayout-1.1.1.aar (androidx.drawerlayout:drawerlayout:1.1.1) with JetifyTransform
Transforming drawerlayout-1.1.1.aar (androidx.drawerlayout:drawerlayout:1.1.1) with ExtractAarTransform
Transforming coordinatorlayout-1.1.0.aar (androidx.coordinatorlayout:coordinatorlayout:1.1.0) with JetifyTransform
Transforming coordinatorlayout-1.1.0.aar (androidx.coordinatorlayout:coordinatorlayout:1.1.0) with ExtractAarTransform
Transforming dynamicanimation-1.0.0.aar (androidx.dynamicanimation:dynamicanimation:1.0.0) with JetifyTransform
Transforming dynamicanimation-1.0.0.aar (androidx.dynamicanimation:dynamicanimation:1.0.0) with ExtractAarTransform
Transforming recyclerview-1.3.0.aar (androidx.recyclerview:recyclerview:1.3.0) with JetifyTransform
Transforming recyclerview-1.3.0.aar (androidx.recyclerview:recyclerview:1.3.0) with ExtractAarTransform
Transforming recyclerview-1.3.0.aar (androidx.recyclerview:recyclerview:1.3.0) with JetifyTransform
Transforming recyclerview-1.3.0.aar (androidx.recyclerview:recyclerview:1.3.0) with ExtractAarTransform
Transforming transition-1.2.0.aar (androidx.transition:transition:1.2.0) with JetifyTransform
Transforming transition-1.2.0.aar (androidx.transition:transition:1.2.0) with ExtractAarTransform
Transforming vectordrawable-animated-1.1.0.aar (androidx.vectordrawable:vectordrawable-animated:1.1.0) with JetifyTransform
Transforming vectordrawable-animated-1.1.0.aar (androidx.vectordrawable:vectordrawable-animated:1.1.0) with ExtractAarTransform
Transforming vectordrawable-1.1.0.aar (androidx.vectordrawable:vectordrawable:1.1.0) with JetifyTransform
Transforming vectordrawable-1.1.0.aar (androidx.vectordrawable:vectordrawable:1.1.0) with ExtractAarTransform
Transforming vectordrawable-1.1.0.aar (androidx.vectordrawable:vectordrawable:1.1.0) with JetifyTransform
Transforming vectordrawable-1.1.0.aar (androidx.vectordrawable:vectordrawable:1.1.0) with ExtractAarTransform
Transforming exoplayer-2.19.1.aar (com.google.android.exoplayer:exoplayer:2.19.1) with JetifyTransform
Transforming exoplayer-2.19.1.aar (com.google.android.exoplayer:exoplayer:2.19.1) with ExtractAarTransform
Transforming exoplayer-ui-2.19.1.aar (com.google.android.exoplayer:exoplayer-ui:2.19.1) with JetifyTransform
Transforming exoplayer-ui-2.19.1.aar (com.google.android.exoplayer:exoplayer-ui:2.19.1) with ExtractAarTransform
Transforming media-1.6.0.aar (androidx.media:media:1.6.0) with JetifyTransform
Transforming media-1.6.0.aar (androidx.media:media:1.6.0) with ExtractAarTransform
Transforming browser-1.4.0.aar (androidx.browser:browser:1.4.0) with JetifyTransform
Transforming browser-1.4.0.aar (androidx.browser:browser:1.4.0) with ExtractAarTransform
Transforming viewpager-1.0.0.aar (androidx.viewpager:viewpager:1.0.0) with JetifyTransform
Transforming viewpager-1.0.0.aar (androidx.viewpager:viewpager:1.0.0) with ExtractAarTransform
Transforming customview-1.1.0.aar (androidx.customview:customview:1.1.0) with JetifyTransform
Transforming customview-1.1.0.aar (androidx.customview:customview:1.1.0) with ExtractAarTransform
Transforming customview-1.1.0.aar (androidx.customview:customview:1.1.0) with JetifyTransform
Transforming customview-1.1.0.aar (androidx.customview:customview:1.1.0) with ExtractAarTransform
Transforming legacy-support-core-utils-1.0.0.aar (androidx.legacy:legacy-support-core-utils:1.0.0) with JetifyTransform
Transforming legacy-support-core-utils-1.0.0.aar (androidx.legacy:legacy-support-core-utils:1.0.0) with ExtractAarTransform
Transforming loader-1.0.0.aar (androidx.loader:loader:1.0.0) with JetifyTransform
Transforming loader-1.0.0.aar (androidx.loader:loader:1.0.0) with ExtractAarTransform
Transforming loader-1.0.0.aar (androidx.loader:loader:1.0.0) with JetifyTransform
Transforming loader-1.0.0.aar (androidx.loader:loader:1.0.0) with ExtractAarTransform
Transforming core-1.12.0.aar (androidx.core:core:1.12.0) with JetifyTransform
Transforming core-1.12.0.aar (androidx.core:core:1.12.0) with ExtractAarTransform
Transforming core-1.12.0.aar (androidx.core:core:1.12.0) with JetifyTransform
Transforming core-1.12.0.aar (androidx.core:core:1.12.0) with ExtractAarTransform
Transforming lifecycle-livedata-ktx-2.7.0.aar (androidx.lifecycle:lifecycle-livedata-ktx:2.7.0) with JetifyTransform
Transforming lifecycle-livedata-ktx-2.7.0.aar (androidx.lifecycle:lifecycle-livedata-ktx:2.7.0) with ExtractAarTransform
Transforming lifecycle-livedata-core-ktx-2.7.0.aar (androidx.lifecycle:lifecycle-livedata-core-ktx:2.7.0) with JetifyTransform
Transforming lifecycle-livedata-core-ktx-2.7.0.aar (androidx.lifecycle:lifecycle-livedata-core-ktx:2.7.0) with ExtractAarTransform
Transforming lifecycle-livedata-core-2.7.0.aar (androidx.lifecycle:lifecycle-livedata-core:2.7.0) with JetifyTransform
Transforming lifecycle-livedata-core-2.7.0.aar (androidx.lifecycle:lifecycle-livedata-core:2.7.0) with ExtractAarTransform
Transforming work-runtime-2.7.0.aar (androidx.work:work-runtime:2.7.0) with JetifyTransform
Transforming work-runtime-2.7.0.aar (androidx.work:work-runtime:2.7.0) with ExtractAarTransform
Transforming lifecycle-livedata-2.7.0.aar (androidx.lifecycle:lifecycle-livedata:2.7.0) with JetifyTransform
Transforming lifecycle-livedata-2.7.0.aar (androidx.lifecycle:lifecycle-livedata:2.7.0) with ExtractAarTransform
Transforming lifecycle-livedata-2.7.0.aar (androidx.lifecycle:lifecycle-livedata:2.7.0) with JetifyTransform
Transforming lifecycle-livedata-2.7.0.aar (androidx.lifecycle:lifecycle-livedata:2.7.0) with ExtractAarTransform
Transforming lifecycle-viewmodel-ktx-2.7.0.aar (androidx.lifecycle:lifecycle-viewmodel-ktx:2.7.0) with JetifyTransform
Transforming lifecycle-viewmodel-ktx-2.7.0.aar (androidx.lifecycle:lifecycle-viewmodel-ktx:2.7.0) with ExtractAarTransform
Transforming lifecycle-viewmodel-2.7.0.aar (androidx.lifecycle:lifecycle-viewmodel:2.7.0) with JetifyTransform
Transforming lifecycle-viewmodel-2.7.0.aar (androidx.lifecycle:lifecycle-viewmodel:2.7.0) with ExtractAarTransform
Transforming lifecycle-viewmodel-2.7.0.aar (androidx.lifecycle:lifecycle-viewmodel:2.7.0) with JetifyTransform
Transforming lifecycle-viewmodel-2.7.0.aar (androidx.lifecycle:lifecycle-viewmodel:2.7.0) with ExtractAarTransform
Transforming coil-2.5.0.aar (io.coil-kt:coil:2.5.0) with JetifyTransform
Transforming coil-2.5.0.aar (io.coil-kt:coil:2.5.0) with ExtractAarTransform
Transforming coil-base-2.5.0.aar (io.coil-kt:coil-base:2.5.0) with JetifyTransform
Transforming coil-base-2.5.0.aar (io.coil-kt:coil-base:2.5.0) with ExtractAarTransform
Transforming lifecycle-runtime-2.7.0.aar (androidx.lifecycle:lifecycle-runtime:2.7.0) with JetifyTransform
Transforming lifecycle-runtime-2.7.0.aar (androidx.lifecycle:lifecycle-runtime:2.7.0) with ExtractAarTransform
Transforming lifecycle-runtime-ktx-2.7.0.aar (androidx.lifecycle:lifecycle-runtime-ktx:2.7.0) with JetifyTransform
Transforming lifecycle-runtime-ktx-2.7.0.aar (androidx.lifecycle:lifecycle-runtime-ktx:2.7.0) with ExtractAarTransform
Transforming lifecycle-viewmodel-compose-2.7.0.aar (androidx.lifecycle:lifecycle-viewmodel-compose:2.7.0) with JetifyTransform
Transforming lifecycle-viewmodel-compose-2.7.0.aar (androidx.lifecycle:lifecycle-viewmodel-compose:2.7.0) with ExtractAarTransform
Transforming lifecycle-viewmodel-savedstate-2.7.0.aar (androidx.lifecycle:lifecycle-viewmodel-savedstate:2.7.0) with JetifyTransform
Transforming lifecycle-viewmodel-savedstate-2.7.0.aar (androidx.lifecycle:lifecycle-viewmodel-savedstate:2.7.0) with ExtractAarTransform
Transforming core-ktx-1.12.0.aar (androidx.core:core-ktx:1.12.0) with JetifyTransform
Transforming core-ktx-1.12.0.aar (androidx.core:core-ktx:1.12.0) with ExtractAarTransform
Transforming flexbox-3.0.0.aar (com.google.android.flexbox:flexbox:3.0.0) with JetifyTransform
Transforming flexbox-3.0.0.aar (com.google.android.flexbox:flexbox:3.0.0) with ExtractAarTransform
Transforming core-splashscreen-1.0.1.aar (androidx.core:core-splashscreen:1.0.1) with JetifyTransform
Transforming core-splashscreen-1.0.1.aar (androidx.core:core-splashscreen:1.0.1) with ExtractAarTransform
Transforming savedstate-ktx-1.2.1.aar (androidx.savedstate:savedstate-ktx:1.2.1) with JetifyTransform
Transforming savedstate-ktx-1.2.1.aar (androidx.savedstate:savedstate-ktx:1.2.1) with ExtractAarTransform
Transforming savedstate-1.2.1.aar (androidx.savedstate:savedstate:1.2.1) with JetifyTransform
Transforming savedstate-1.2.1.aar (androidx.savedstate:savedstate:1.2.1) with ExtractAarTransform
Transforming annotation-experimental-1.4.0.aar (androidx.annotation:annotation-experimental:1.4.0) with JetifyTransform
Transforming annotation-experimental-1.4.0.aar (androidx.annotation:annotation-experimental:1.4.0) with ExtractAarTransform
Transforming ads-adservices-java-1.0.0-beta05.aar (androidx.privacysandbox.ads:ads-adservices-java:1.0.0-beta05) with JetifyTransform
Transforming ads-adservices-java-1.0.0-beta05.aar (androidx.privacysandbox.ads:ads-adservices-java:1.0.0-beta05) with ExtractAarTransform
Transforming ads-adservices-1.0.0-beta05.aar (androidx.privacysandbox.ads:ads-adservices:1.0.0-beta05) with JetifyTransform
Transforming ads-adservices-1.0.0-beta05.aar (androidx.privacysandbox.ads:ads-adservices:1.0.0-beta05) with ExtractAarTransform
Transforming lottie-compose-6.1.0.aar (com.airbnb.android:lottie-compose:6.1.0) with JetifyTransform
Transforming lottie-compose-6.1.0.aar (com.airbnb.android:lottie-compose:6.1.0) with ExtractAarTransform
Transforming accompanist-permissions-0.32.0.aar (com.google.accompanist:accompanist-permissions:0.32.0) with JetifyTransform
Transforming accompanist-permissions-0.32.0.aar (com.google.accompanist:accompanist-permissions:0.32.0) with ExtractAarTransform
Transforming cursoradapter-1.0.0.aar (androidx.cursoradapter:cursoradapter:1.0.0) with JetifyTransform
Transforming cursoradapter-1.0.0.aar (androidx.cursoradapter:cursoradapter:1.0.0) with ExtractAarTransform
Transforming cardview-1.0.0.aar (androidx.cardview:cardview:1.0.0) with JetifyTransform
Transforming cardview-1.0.0.aar (androidx.cardview:cardview:1.0.0) with ExtractAarTransform
Transforming sqlite-framework-2.4.0.aar (androidx.sqlite:sqlite-framework:2.4.0) with JetifyTransform
Transforming sqlite-framework-2.4.0.aar (androidx.sqlite:sqlite-framework:2.4.0) with ExtractAarTransform
Transforming sqlite-2.4.0.aar (androidx.sqlite:sqlite:2.4.0) with JetifyTransform
Transforming sqlite-2.4.0.aar (androidx.sqlite:sqlite:2.4.0) with ExtractAarTransform
Transforming versionedparcelable-1.1.1.aar (androidx.versionedparcelable:versionedparcelable:1.1.1) with JetifyTransform
Transforming versionedparcelable-1.1.1.aar (androidx.versionedparcelable:versionedparcelable:1.1.1) with ExtractAarTransform
Transforming core-runtime-2.2.0.aar (androidx.arch.core:core-runtime:2.2.0) with JetifyTransform
Transforming core-runtime-2.2.0.aar (androidx.arch.core:core-runtime:2.2.0) with ExtractAarTransform
Transforming interpolator-1.0.0.aar (androidx.interpolator:interpolator:1.0.0) with JetifyTransform
Transforming interpolator-1.0.0.aar (androidx.interpolator:interpolator:1.0.0) with ExtractAarTransform
Transforming documentfile-1.0.0.aar (androidx.documentfile:documentfile:1.0.0) with JetifyTransform
Transforming documentfile-1.0.0.aar (androidx.documentfile:documentfile:1.0.0) with ExtractAarTransform
Transforming localbroadcastmanager-1.0.0.aar (androidx.localbroadcastmanager:localbroadcastmanager:1.0.0) with JetifyTransform
Transforming localbroadcastmanager-1.0.0.aar (androidx.localbroadcastmanager:localbroadcastmanager:1.0.0) with ExtractAarTransform
Transforming print-1.0.0.aar (androidx.print:print:1.0.0) with JetifyTransform
Transforming print-1.0.0.aar (androidx.print:print:1.0.0) with ExtractAarTransform
Transforming volley-1.2.1.aar (com.android.volley:volley:1.2.1) with JetifyTransform
Transforming volley-1.2.1.aar (com.android.volley:volley:1.2.1) with ExtractAarTransform
Transforming lottie-6.1.0.aar (com.airbnb.android:lottie:6.1.0) with JetifyTransform
Transforming lottie-6.1.0.aar (com.airbnb.android:lottie:6.1.0) with ExtractAarTransform
Transforming Android-Image-Slider-1.4.0.aar (com.github.smarteist:Android-Image-Slider:1.4.0) with JetifyTransform
Transforming Android-Image-Slider-1.4.0.aar (com.github.smarteist:Android-Image-Slider:1.4.0) with ExtractAarTransform
Transforming circleimageview-3.1.0.aar (de.hdodenhof:circleimageview:3.1.0) with JetifyTransform
Transforming circleimageview-3.1.0.aar (de.hdodenhof:circleimageview:3.1.0) with ExtractAarTransform
Transforming exoplayer-core-2.19.1.aar (com.google.android.exoplayer:exoplayer-core:2.19.1) with JetifyTransform
Transforming exoplayer-core-2.19.1.aar (com.google.android.exoplayer:exoplayer-core:2.19.1) with ExtractAarTransform
Transforming exoplayer-common-2.19.1.aar (com.google.android.exoplayer:exoplayer-common:2.19.1) with JetifyTransform
Transforming exoplayer-common-2.19.1.aar (com.google.android.exoplayer:exoplayer-common:2.19.1) with ExtractAarTransform
Transforming startup-runtime-1.1.1.aar (androidx.startup:startup-runtime:1.1.1) with JetifyTransform
Transforming startup-runtime-1.1.1.aar (androidx.startup:startup-runtime:1.1.1) with ExtractAarTransform
Transforming dagger-lint-aar-2.49.aar (com.google.dagger:dagger-lint-aar:2.49) with JetifyTransform
Transforming dagger-lint-aar-2.49.aar (com.google.dagger:dagger-lint-aar:2.49) with ExtractAarTransform
Transforming exoplayer-database-2.19.1.aar (com.google.android.exoplayer:exoplayer-database:2.19.1) with JetifyTransform
Transforming exoplayer-database-2.19.1.aar (com.google.android.exoplayer:exoplayer-database:2.19.1) with ExtractAarTransform
Transforming exoplayer-datasource-2.19.1.aar (com.google.android.exoplayer:exoplayer-datasource:2.19.1) with JetifyTransform
Transforming exoplayer-datasource-2.19.1.aar (com.google.android.exoplayer:exoplayer-datasource:2.19.1) with ExtractAarTransform
Transforming exoplayer-decoder-2.19.1.aar (com.google.android.exoplayer:exoplayer-decoder:2.19.1) with JetifyTransform
Transforming exoplayer-decoder-2.19.1.aar (com.google.android.exoplayer:exoplayer-decoder:2.19.1) with ExtractAarTransform
Transforming exoplayer-extractor-2.19.1.aar (com.google.android.exoplayer:exoplayer-extractor:2.19.1) with JetifyTransform
Transforming exoplayer-extractor-2.19.1.aar (com.google.android.exoplayer:exoplayer-extractor:2.19.1) with ExtractAarTransform
Transforming exoplayer-container-2.19.1.aar (com.google.android.exoplayer:exoplayer-container:2.19.1) with JetifyTransform
Transforming exoplayer-container-2.19.1.aar (com.google.android.exoplayer:exoplayer-container:2.19.1) with ExtractAarTransform
Transforming exoplayer-dash-2.19.1.aar (com.google.android.exoplayer:exoplayer-dash:2.19.1) with JetifyTransform
Transforming exoplayer-dash-2.19.1.aar (com.google.android.exoplayer:exoplayer-dash:2.19.1) with ExtractAarTransform
Transforming exoplayer-hls-2.19.1.aar (com.google.android.exoplayer:exoplayer-hls:2.19.1) with JetifyTransform
Transforming exoplayer-hls-2.19.1.aar (com.google.android.exoplayer:exoplayer-hls:2.19.1) with ExtractAarTransform
Transforming exoplayer-rtsp-2.19.1.aar (com.google.android.exoplayer:exoplayer-rtsp:2.19.1) with JetifyTransform
Transforming exoplayer-rtsp-2.19.1.aar (com.google.android.exoplayer:exoplayer-rtsp:2.19.1) with ExtractAarTransform
Transforming exoplayer-smoothstreaming-2.19.1.aar (com.google.android.exoplayer:exoplayer-smoothstreaming:2.19.1) with JetifyTransform
Transforming exoplayer-smoothstreaming-2.19.1.aar (com.google.android.exoplayer:exoplayer-smoothstreaming:2.19.1) with ExtractAarTransform
Transforming material-1.11.0.aar (com.google.android.material:material:1.11.0) with JetifyTransform
Transforming material-1.11.0.aar (com.google.android.material:material:1.11.0) with ExtractAarTransform
Transforming material-1.11.0.aar (com.google.android.material:material:1.11.0) with AarTransform
Transforming constraintlayout-2.0.1.aar (androidx.constraintlayout:constraintlayout:2.0.1) with JetifyTransform
Transforming constraintlayout-2.0.1.aar (androidx.constraintlayout:constraintlayout:2.0.1) with ExtractAarTransform
Transforming constraintlayout-2.0.1.aar (androidx.constraintlayout:constraintlayout:2.0.1) with AarTransform
Transforming appcompat-1.6.1.aar (androidx.appcompat:appcompat:1.6.1) with JetifyTransform
Transforming appcompat-1.6.1.aar (androidx.appcompat:appcompat:1.6.1) with ExtractAarTransform
Transforming appcompat-1.6.1.aar (androidx.appcompat:appcompat:1.6.1) with AarTransform
Transforming hilt-navigation-compose-1.1.0.aar (androidx.hilt:hilt-navigation-compose:1.1.0) with JetifyTransform
Transforming hilt-navigation-compose-1.1.0.aar (androidx.hilt:hilt-navigation-compose:1.1.0) with ExtractAarTransform
Transforming hilt-navigation-compose-1.1.0.aar (androidx.hilt:hilt-navigation-compose:1.1.0) with AarTransform
Transforming hilt-navigation-1.1.0.aar (androidx.hilt:hilt-navigation:1.1.0) with JetifyTransform
Transforming hilt-navigation-1.1.0.aar (androidx.hilt:hilt-navigation:1.1.0) with ExtractAarTransform
Transforming hilt-navigation-1.1.0.aar (androidx.hilt:hilt-navigation:1.1.0) with AarTransform
Transforming hilt-android-2.49.aar (com.google.dagger:hilt-android:2.49) with JetifyTransform
Transforming hilt-android-2.49.aar (com.google.dagger:hilt-android:2.49) with ExtractAarTransform
Transforming hilt-android-2.49.aar (com.google.dagger:hilt-android:2.49) with AarTransform
Transforming viewpager2-1.0.0.aar (androidx.viewpager2:viewpager2:1.0.0) with JetifyTransform
Transforming viewpager2-1.0.0.aar (androidx.viewpager2:viewpager2:1.0.0) with ExtractAarTransform
Transforming viewpager2-1.0.0.aar (androidx.viewpager2:viewpager2:1.0.0) with AarTransform
Transforming play-services-ads-22.6.0.aar (com.google.android.gms:play-services-ads:22.6.0) with JetifyTransform
Transforming play-services-ads-22.6.0.aar (com.google.android.gms:play-services-ads:22.6.0) with ExtractAarTransform
Transforming play-services-ads-22.6.0.aar (com.google.android.gms:play-services-ads:22.6.0) with AarTransform
Transforming play-services-appset-16.0.1.aar (com.google.android.gms:play-services-appset:16.0.1) with JetifyTransform
Transforming play-services-appset-16.0.1.aar (com.google.android.gms:play-services-appset:16.0.1) with ExtractAarTransform
Transforming play-services-appset-16.0.1.aar (com.google.android.gms:play-services-appset:16.0.1) with AarTransform
Transforming play-services-base-18.2.0.aar (com.google.android.gms:play-services-base:18.2.0) with JetifyTransform
Transforming play-services-base-18.2.0.aar (com.google.android.gms:play-services-base:18.2.0) with ExtractAarTransform
Transforming play-services-base-18.2.0.aar (com.google.android.gms:play-services-base:18.2.0) with AarTransform
Transforming play-services-base-18.2.0.aar (com.google.android.gms:play-services-base:18.2.0) with JetifyTransform
Transforming play-services-base-18.2.0.aar (com.google.android.gms:play-services-base:18.2.0) with ExtractAarTransform
Transforming play-services-base-18.2.0.aar (com.google.android.gms:play-services-base:18.2.0) with AarTransform
Transforming play-services-tasks-18.0.2.aar (com.google.android.gms:play-services-tasks:18.0.2) with JetifyTransform
Transforming play-services-tasks-18.0.2.aar (com.google.android.gms:play-services-tasks:18.0.2) with ExtractAarTransform
Transforming play-services-tasks-18.0.2.aar (com.google.android.gms:play-services-tasks:18.0.2) with AarTransform
Transforming play-services-tasks-18.0.2.aar (com.google.android.gms:play-services-tasks:18.0.2) with JetifyTransform
Transforming play-services-tasks-18.0.2.aar (com.google.android.gms:play-services-tasks:18.0.2) with ExtractAarTransform
Transforming play-services-tasks-18.0.2.aar (com.google.android.gms:play-services-tasks:18.0.2) with AarTransform
Transforming play-services-tasks-18.0.2.aar (com.google.android.gms:play-services-tasks:18.0.2) with JetifyTransform
Transforming play-services-tasks-18.0.2.aar (com.google.android.gms:play-services-tasks:18.0.2) with ExtractAarTransform
Transforming play-services-tasks-18.0.2.aar (com.google.android.gms:play-services-tasks:18.0.2) with AarTransform
Transforming play-services-ads-lite-22.6.0.aar (com.google.android.gms:play-services-ads-lite:22.6.0) with JetifyTransform
Transforming play-services-ads-lite-22.6.0.aar (com.google.android.gms:play-services-ads-lite:22.6.0) with ExtractAarTransform
Transforming play-services-ads-lite-22.6.0.aar (com.google.android.gms:play-services-ads-lite:22.6.0) with AarTransform
Transforming play-services-ads-base-22.6.0.aar (com.google.android.gms:play-services-ads-base:22.6.0) with JetifyTransform
Transforming play-services-ads-base-22.6.0.aar (com.google.android.gms:play-services-ads-base:22.6.0) with ExtractAarTransform
Transforming play-services-ads-base-22.6.0.aar (com.google.android.gms:play-services-ads-base:22.6.0) with AarTransform
Transforming play-services-ads-base-22.6.0.aar (com.google.android.gms:play-services-ads-base:22.6.0) with JetifyTransform
Transforming play-services-ads-base-22.6.0.aar (com.google.android.gms:play-services-ads-base:22.6.0) with ExtractAarTransform
Transforming play-services-ads-base-22.6.0.aar (com.google.android.gms:play-services-ads-base:22.6.0) with AarTransform
Transforming user-messaging-platform-2.1.0.aar (com.google.android.ump:user-messaging-platform:2.1.0) with JetifyTransform
Transforming user-messaging-platform-2.1.0.aar (com.google.android.ump:user-messaging-platform:2.1.0) with ExtractAarTransform
Transforming user-messaging-platform-2.1.0.aar (com.google.android.ump:user-messaging-platform:2.1.0) with AarTransform
Transforming play-services-ads-identifier-18.0.0.aar (com.google.android.gms:play-services-ads-identifier:18.0.0) with JetifyTransform
Transforming play-services-ads-identifier-18.0.0.aar (com.google.android.gms:play-services-ads-identifier:18.0.0) with ExtractAarTransform
Transforming play-services-ads-identifier-18.0.0.aar (com.google.android.gms:play-services-ads-identifier:18.0.0) with AarTransform
Transforming play-services-ads-identifier-18.0.0.aar (com.google.android.gms:play-services-ads-identifier:18.0.0) with JetifyTransform
Transforming play-services-ads-identifier-18.0.0.aar (com.google.android.gms:play-services-ads-identifier:18.0.0) with ExtractAarTransform
Transforming play-services-ads-identifier-18.0.0.aar (com.google.android.gms:play-services-ads-identifier:18.0.0) with AarTransform
Caching disabled for AarTransform: C:\Users\user\.gradle\caches\transforms-3\ba655bab558f728b21e193f216f3fd5b\transformed\constraintlayout-2.0.1 because:
  Build cache is disabled
Transforming play-services-measurement-sdk-api-20.1.2.aar (com.google.android.gms:play-services-measurement-sdk-api:20.1.2) with JetifyTransform
Transforming play-services-measurement-sdk-api-20.1.2.aar (com.google.android.gms:play-services-measurement-sdk-api:20.1.2) with ExtractAarTransform
Transforming play-services-measurement-sdk-api-20.1.2.aar (com.google.android.gms:play-services-measurement-sdk-api:20.1.2) with AarTransform
Transforming play-services-measurement-base-20.1.2.aar (com.google.android.gms:play-services-measurement-base:20.1.2) with JetifyTransform
Transforming play-services-measurement-base-20.1.2.aar (com.google.android.gms:play-services-measurement-base:20.1.2) with ExtractAarTransform
Transforming play-services-measurement-base-20.1.2.aar (com.google.android.gms:play-services-measurement-base:20.1.2) with AarTransform
Skipping AarTransform: C:\Users\user\.gradle\caches\transforms-3\ba655bab558f728b21e193f216f3fd5b\transformed\constraintlayout-2.0.1 as it is up-to-date.
Transforming play-services-basement-18.2.0.aar (com.google.android.gms:play-services-basement:18.2.0) with JetifyTransform
Transforming play-services-basement-18.2.0.aar (com.google.android.gms:play-services-basement:18.2.0) with ExtractAarTransform
Transforming play-services-basement-18.2.0.aar (com.google.android.gms:play-services-basement:18.2.0) with AarTransform
Transforming play-services-basement-18.2.0.aar (com.google.android.gms:play-services-basement:18.2.0) with JetifyTransform
Transforming play-services-basement-18.2.0.aar (com.google.android.gms:play-services-basement:18.2.0) with ExtractAarTransform
Transforming play-services-basement-18.2.0.aar (com.google.android.gms:play-services-basement:18.2.0) with AarTransform
Transforming play-services-basement-18.2.0.aar (com.google.android.gms:play-services-basement:18.2.0) with JetifyTransform
Transforming play-services-basement-18.2.0.aar (com.google.android.gms:play-services-basement:18.2.0) with ExtractAarTransform
Transforming play-services-basement-18.2.0.aar (com.google.android.gms:play-services-basement:18.2.0) with AarTransform
Transforming play-services-basement-18.2.0.aar (com.google.android.gms:play-services-basement:18.2.0) with JetifyTransform
Transforming play-services-basement-18.2.0.aar (com.google.android.gms:play-services-basement:18.2.0) with ExtractAarTransform
Caching disabled for AarTransform: C:\Users\user\.gradle\caches\transforms-3\d76c3ac89ac3f5a9a20dcb6973cf40e8\transformed\material-1.11.0 because:
  Build cache is disabled
Transforming play-services-basement-18.2.0.aar (com.google.android.gms:play-services-basement:18.2.0) with AarTransform
Skipping AarTransform: C:\Users\user\.gradle\caches\transforms-3\d76c3ac89ac3f5a9a20dcb6973cf40e8\transformed\material-1.11.0 as it is up-to-date.
Transforming play-services-basement-18.2.0.aar (com.google.android.gms:play-services-basement:18.2.0) with JetifyTransform
Transforming play-services-basement-18.2.0.aar (com.google.android.gms:play-services-basement:18.2.0) with ExtractAarTransform
Transforming play-services-basement-18.2.0.aar (com.google.android.gms:play-services-basement:18.2.0) with AarTransform
Transforming play-services-basement-18.2.0.aar (com.google.android.gms:play-services-basement:18.2.0) with JetifyTransform
Transforming play-services-basement-18.2.0.aar (com.google.android.gms:play-services-basement:18.2.0) with ExtractAarTransform
Transforming play-services-basement-18.2.0.aar (com.google.android.gms:play-services-basement:18.2.0) with AarTransform
Transforming play-services-basement-18.2.0.aar (com.google.android.gms:play-services-basement:18.2.0) with JetifyTransform
Transforming play-services-basement-18.2.0.aar (com.google.android.gms:play-services-basement:18.2.0) with ExtractAarTransform
Transforming play-services-basement-18.2.0.aar (com.google.android.gms:play-services-basement:18.2.0) with AarTransform
Transforming play-services-basement-18.2.0.aar (com.google.android.gms:play-services-basement:18.2.0) with JetifyTransform
Transforming play-services-basement-18.2.0.aar (com.google.android.gms:play-services-basement:18.2.0) with ExtractAarTransform
Transforming play-services-basement-18.2.0.aar (com.google.android.gms:play-services-basement:18.2.0) with AarTransform
Transforming play-services-basement-18.2.0.aar (com.google.android.gms:play-services-basement:18.2.0) with JetifyTransform
Transforming play-services-basement-18.2.0.aar (com.google.android.gms:play-services-basement:18.2.0) with ExtractAarTransform
Transforming play-services-basement-18.2.0.aar (com.google.android.gms:play-services-basement:18.2.0) with AarTransform
Transforming play-services-basement-18.2.0.aar (com.google.android.gms:play-services-basement:18.2.0) with JetifyTransform
Transforming play-services-basement-18.2.0.aar (com.google.android.gms:play-services-basement:18.2.0) with ExtractAarTransform
Transforming play-services-basement-18.2.0.aar (com.google.android.gms:play-services-basement:18.2.0) with AarTransform
Transforming fragment-1.5.1.aar (androidx.fragment:fragment:1.5.1) with JetifyTransform
Transforming fragment-1.5.1.aar (androidx.fragment:fragment:1.5.1) with ExtractAarTransform
Transforming fragment-1.5.1.aar (androidx.fragment:fragment:1.5.1) with AarTransform
Transforming fragment-1.5.1.aar (androidx.fragment:fragment:1.5.1) with JetifyTransform
Transforming fragment-1.5.1.aar (androidx.fragment:fragment:1.5.1) with ExtractAarTransform
Transforming fragment-1.5.1.aar (androidx.fragment:fragment:1.5.1) with AarTransform
Transforming fragment-1.5.1.aar (androidx.fragment:fragment:1.5.1) with JetifyTransform
Transforming fragment-1.5.1.aar (androidx.fragment:fragment:1.5.1) with ExtractAarTransform
Transforming fragment-1.5.1.aar (androidx.fragment:fragment:1.5.1) with AarTransform
Transforming fragment-1.5.1.aar (androidx.fragment:fragment:1.5.1) with JetifyTransform
Transforming fragment-1.5.1.aar (androidx.fragment:fragment:1.5.1) with ExtractAarTransform
Transforming fragment-1.5.1.aar (androidx.fragment:fragment:1.5.1) with AarTransform
Transforming navigation-common-2.7.6.aar (androidx.navigation:navigation-common:2.7.6) with JetifyTransform
Transforming navigation-common-2.7.6.aar (androidx.navigation:navigation-common:2.7.6) with ExtractAarTransform
Transforming navigation-common-2.7.6.aar (androidx.navigation:navigation-common:2.7.6) with AarTransform
Transforming navigation-runtime-2.7.6.aar (androidx.navigation:navigation-runtime:2.7.6) with JetifyTransform
Caching disabled for AarTransform: C:\Users\user\.gradle\caches\transforms-3\f0f9ccfae522ac4dd97fb98b3f926856\transformed\appcompat-1.6.1 because:
  Build cache is disabled
Transforming navigation-runtime-2.7.6.aar (androidx.navigation:navigation-runtime:2.7.6) with ExtractAarTransform
Caching disabled for AarTransform: C:\Users\user\.gradle\caches\transforms-3\529160eccf25a2390ccb8db066af0ebf\transformed\jetified-hilt-navigation-compose-1.1.0 because:
  Build cache is disabled
Transforming navigation-runtime-2.7.6.aar (androidx.navigation:navigation-runtime:2.7.6) with AarTransform
Skipping AarTransform: C:\Users\user\.gradle\caches\transforms-3\529160eccf25a2390ccb8db066af0ebf\transformed\jetified-hilt-navigation-compose-1.1.0 as it is up-to-date.
Transforming navigation-common-ktx-2.7.6.aar (androidx.navigation:navigation-common-ktx:2.7.6) with JetifyTransform
Transforming navigation-common-ktx-2.7.6.aar (androidx.navigation:navigation-common-ktx:2.7.6) with ExtractAarTransform
Caching disabled for AarTransform: C:\Users\user\.gradle\caches\transforms-3\5c3aa40a2b81e8d14341f580c5067842\transformed\jetified-hilt-navigation-1.1.0 because:
  Build cache is disabled
Skipping AarTransform: C:\Users\user\.gradle\caches\transforms-3\f0f9ccfae522ac4dd97fb98b3f926856\transformed\appcompat-1.6.1 as it is up-to-date.
Skipping AarTransform: C:\Users\user\.gradle\caches\transforms-3\5c3aa40a2b81e8d14341f580c5067842\transformed\jetified-hilt-navigation-1.1.0 as it is up-to-date.
Transforming navigation-common-ktx-2.7.6.aar (androidx.navigation:navigation-common-ktx:2.7.6) with AarTransform
Transforming navigation-runtime-ktx-2.7.6.aar (androidx.navigation:navigation-runtime-ktx:2.7.6) with JetifyTransform
Transforming navigation-runtime-ktx-2.7.6.aar (androidx.navigation:navigation-runtime-ktx:2.7.6) with ExtractAarTransform
Transforming navigation-runtime-ktx-2.7.6.aar (androidx.navigation:navigation-runtime-ktx:2.7.6) with AarTransform
Transforming navigation-compose-2.7.6.aar (androidx.navigation:navigation-compose:2.7.6) with JetifyTransform
Transforming navigation-compose-2.7.6.aar (androidx.navigation:navigation-compose:2.7.6) with ExtractAarTransform
Transforming navigation-compose-2.7.6.aar (androidx.navigation:navigation-compose:2.7.6) with AarTransform
Caching disabled for AarTransform: C:\Users\user\.gradle\caches\transforms-3\7609d0ec1dd432c286d684064b087864\transformed\jetified-hilt-android-2.49 because:
  Build cache is disabled
Skipping AarTransform: C:\Users\user\.gradle\caches\transforms-3\7609d0ec1dd432c286d684064b087864\transformed\jetified-hilt-android-2.49 as it is up-to-date.
Caching disabled for AarTransform: C:\Users\user\.gradle\caches\transforms-3\cb4e1830d0316264aa08d7cecb5d49a4\transformed\jetified-play-services-ads-22.6.0 because:
  Build cache is disabled
Caching disabled for AarTransform: C:\Users\user\.gradle\caches\transforms-3\6ed70369f3cbd7b6be9f1b6bf7536159\transformed\jetified-play-services-appset-16.0.1 because:
  Build cache is disabled
Skipping AarTransform: C:\Users\user\.gradle\caches\transforms-3\cb4e1830d0316264aa08d7cecb5d49a4\transformed\jetified-play-services-ads-22.6.0 as it is up-to-date.
Transforming activity-1.8.2.aar (androidx.activity:activity:1.8.2) with JetifyTransform
Transforming activity-1.8.2.aar (androidx.activity:activity:1.8.2) with ExtractAarTransform
Caching disabled for AarTransform: C:\Users\user\.gradle\caches\transforms-3\7c1ae54e643c59b38470a4f4e87f36e0\transformed\jetified-viewpager2-1.0.0 because:
  Build cache is disabled
Skipping AarTransform: C:\Users\user\.gradle\caches\transforms-3\6ed70369f3cbd7b6be9f1b6bf7536159\transformed\jetified-play-services-appset-16.0.1 as it is up-to-date.
Caching disabled for AarTransform: C:\Users\user\.gradle\caches\transforms-3\401ad4d70a412e15a764e8464bd867fe\transformed\jetified-play-services-base-18.2.0 because:
  Build cache is disabled
Transforming activity-1.8.2.aar (androidx.activity:activity:1.8.2) with AarTransform
Skipping AarTransform: C:\Users\user\.gradle\caches\transforms-3\401ad4d70a412e15a764e8464bd867fe\transformed\jetified-play-services-base-18.2.0 as it is up-to-date.
Skipping AarTransform: C:\Users\user\.gradle\caches\transforms-3\7c1ae54e643c59b38470a4f4e87f36e0\transformed\jetified-viewpager2-1.0.0 as it is up-to-date.
Transforming activity-compose-1.8.2.aar (androidx.activity:activity-compose:1.8.2) with JetifyTransform
Transforming activity-compose-1.8.2.aar (androidx.activity:activity-compose:1.8.2) with ExtractAarTransform
Caching disabled for AarTransform: C:\Users\user\.gradle\caches\transforms-3\c4b49199efd8b05d152a707fc92393f9\transformed\jetified-play-services-ads-lite-22.6.0 because:
  Build cache is disabled
Transforming activity-compose-1.8.2.aar (androidx.activity:activity-compose:1.8.2) with AarTransform
Skipping AarTransform: C:\Users\user\.gradle\caches\transforms-3\c4b49199efd8b05d152a707fc92393f9\transformed\jetified-play-services-ads-lite-22.6.0 as it is up-to-date.
Transforming activity-ktx-1.8.2.aar (androidx.activity:activity-ktx:1.8.2) with JetifyTransform
Caching disabled for AarTransform: C:\Users\user\.gradle\caches\transforms-3\fefcfe30ff50cfe07535bb3f9f29fec4\transformed\jetified-play-services-ads-base-22.6.0 because:
  Build cache is disabled
Transforming activity-ktx-1.8.2.aar (androidx.activity:activity-ktx:1.8.2) with ExtractAarTransform
Skipping AarTransform: C:\Users\user\.gradle\caches\transforms-3\fefcfe30ff50cfe07535bb3f9f29fec4\transformed\jetified-play-services-ads-base-22.6.0 as it is up-to-date.
Transforming activity-ktx-1.8.2.aar (androidx.activity:activity-ktx:1.8.2) with AarTransform
Caching disabled for AarTransform: C:\Users\user\.gradle\caches\transforms-3\09909989bcc6df1cb4cf8f5bc33de582\transformed\jetified-play-services-tasks-18.0.2 because:
  Build cache is disabled
Skipping AarTransform: C:\Users\user\.gradle\caches\transforms-3\09909989bcc6df1cb4cf8f5bc33de582\transformed\jetified-play-services-tasks-18.0.2 as it is up-to-date.
Caching disabled for AarTransform: C:\Users\user\.gradle\caches\transforms-3\2a2496b4dd7bead2a2d5dfdd36faba56\transformed\jetified-user-messaging-platform-2.1.0 because:
  Build cache is disabled
Transforming room-ktx-2.6.1.aar (androidx.room:room-ktx:2.6.1) with JetifyTransform
Skipping AarTransform: C:\Users\user\.gradle\caches\transforms-3\2a2496b4dd7bead2a2d5dfdd36faba56\transformed\jetified-user-messaging-platform-2.1.0 as it is up-to-date.
Transforming room-ktx-2.6.1.aar (androidx.room:room-ktx:2.6.1) with ExtractAarTransform
Transforming room-ktx-2.6.1.aar (androidx.room:room-ktx:2.6.1) with AarTransform
Transforming room-runtime-2.6.1.aar (androidx.room:room-runtime:2.6.1) with JetifyTransform
Transforming room-runtime-2.6.1.aar (androidx.room:room-runtime:2.6.1) with ExtractAarTransform
Transforming room-runtime-2.6.1.aar (androidx.room:room-runtime:2.6.1) with AarTransform
Transforming room-paging-2.6.1.aar (androidx.room:room-paging:2.6.1) with JetifyTransform
Transforming room-paging-2.6.1.aar (androidx.room:room-paging:2.6.1) with ExtractAarTransform
Transforming room-paging-2.6.1.aar (androidx.room:room-paging:2.6.1) with AarTransform
Transforming paging-runtime-3.2.1.aar (androidx.paging:paging-runtime:3.2.1) with JetifyTransform
Transforming paging-runtime-3.2.1.aar (androidx.paging:paging-runtime:3.2.1) with ExtractAarTransform
Transforming paging-runtime-3.2.1.aar (androidx.paging:paging-runtime:3.2.1) with AarTransform
Transforming paging-runtime-ktx-3.2.1.aar (androidx.paging:paging-runtime-ktx:3.2.1) with JetifyTransform
Caching disabled for AarTransform: C:\Users\user\.gradle\caches\transforms-3\b28c9dde44421952352d4ece06208963\transformed\jetified-play-services-measurement-sdk-api-20.1.2 because:
  Build cache is disabled
Caching disabled for AarTransform: C:\Users\user\.gradle\caches\transforms-3\7bc33f1b9169acd2dfd1a37a27683ae2\transformed\jetified-play-services-measurement-base-20.1.2 because:
  Build cache is disabled
Transforming paging-runtime-ktx-3.2.1.aar (androidx.paging:paging-runtime-ktx:3.2.1) with ExtractAarTransform
Skipping AarTransform: C:\Users\user\.gradle\caches\transforms-3\7bc33f1b9169acd2dfd1a37a27683ae2\transformed\jetified-play-services-measurement-base-20.1.2 as it is up-to-date.
Skipping AarTransform: C:\Users\user\.gradle\caches\transforms-3\b28c9dde44421952352d4ece06208963\transformed\jetified-play-services-measurement-sdk-api-20.1.2 as it is up-to-date.
Transforming paging-runtime-ktx-3.2.1.aar (androidx.paging:paging-runtime-ktx:3.2.1) with AarTransform
Transforming paging-compose-3.2.1.aar (androidx.paging:paging-compose:3.2.1) with JetifyTransform
Caching disabled for AarTransform: C:\Users\user\.gradle\caches\transforms-3\ff995add00743d0c496c4d8e0ee10f1e\transformed\jetified-play-services-ads-identifier-18.0.0 because:
  Build cache is disabled
Caching disabled for AarTransform: C:\Users\user\.gradle\caches\transforms-3\a98fef1d1520166b9b08927ea1e4f9aa\transformed\jetified-play-services-basement-18.2.0 because:
  Build cache is disabled
Skipping AarTransform: C:\Users\user\.gradle\caches\transforms-3\ff995add00743d0c496c4d8e0ee10f1e\transformed\jetified-play-services-ads-identifier-18.0.0 as it is up-to-date.
Skipping AarTransform: C:\Users\user\.gradle\caches\transforms-3\a98fef1d1520166b9b08927ea1e4f9aa\transformed\jetified-play-services-basement-18.2.0 as it is up-to-date.
Transforming paging-compose-3.2.1.aar (androidx.paging:paging-compose:3.2.1) with ExtractAarTransform
Transforming paging-compose-3.2.1.aar (androidx.paging:paging-compose:3.2.1) with AarTransform
Transforming material3-release.aar (androidx.compose.material3:material3-android:1.2.0) with JetifyTransform
Transforming material3-release.aar (androidx.compose.material3:material3-android:1.2.0) with ExtractAarTransform
Transforming material3-release.aar (androidx.compose.material3:material3-android:1.2.0) with AarTransform
Transforming material-ripple-release.aar (androidx.compose.material:material-ripple-android:1.6.1) with JetifyTransform
Transforming material-ripple-release.aar (androidx.compose.material:material-ripple-android:1.6.1) with ExtractAarTransform
Transforming material-ripple-release.aar (androidx.compose.material:material-ripple-android:1.6.1) with AarTransform
Transforming material-icons-core-release.aar (androidx.compose.material:material-icons-core-android:1.6.1) with JetifyTransform
Transforming material-icons-core-release.aar (androidx.compose.material:material-icons-core-android:1.6.1) with ExtractAarTransform
Transforming material-icons-core-release.aar (androidx.compose.material:material-icons-core-android:1.6.1) with AarTransform
Transforming material-release.aar (androidx.compose.material:material-android:1.6.1) with JetifyTransform
Transforming material-release.aar (androidx.compose.material:material-android:1.6.1) with ExtractAarTransform
Transforming material-release.aar (androidx.compose.material:material-android:1.6.1) with AarTransform
Transforming coil-compose-2.5.0.aar (io.coil-kt:coil-compose:2.5.0) with JetifyTransform
Transforming coil-compose-2.5.0.aar (io.coil-kt:coil-compose:2.5.0) with ExtractAarTransform
Transforming coil-compose-2.5.0.aar (io.coil-kt:coil-compose:2.5.0) with AarTransform
Transforming coil-compose-base-2.5.0.aar (io.coil-kt:coil-compose-base:2.5.0) with JetifyTransform
Transforming coil-compose-base-2.5.0.aar (io.coil-kt:coil-compose-base:2.5.0) with ExtractAarTransform
Transforming coil-compose-base-2.5.0.aar (io.coil-kt:coil-compose-base:2.5.0) with AarTransform
Transforming foundation-layout-release.aar (androidx.compose.foundation:foundation-layout-android:1.6.1) with JetifyTransform
Transforming foundation-layout-release.aar (androidx.compose.foundation:foundation-layout-android:1.6.1) with ExtractAarTransform
Transforming foundation-layout-release.aar (androidx.compose.foundation:foundation-layout-android:1.6.1) with AarTransform
Transforming foundation-release.aar (androidx.compose.foundation:foundation-android:1.6.1) with JetifyTransform
Transforming foundation-release.aar (androidx.compose.foundation:foundation-android:1.6.1) with ExtractAarTransform
Transforming foundation-release.aar (androidx.compose.foundation:foundation-android:1.6.1) with AarTransform
Caching disabled for AarTransform: C:\Users\user\.gradle\caches\transforms-3\ce43085ba0af9184b2d8510666d1eb4c\transformed\fragment-1.5.1 because:
  Build cache is disabled
Transforming animation-core-release.aar (androidx.compose.animation:animation-core-android:1.6.1) with JetifyTransform
Caching disabled for AarTransform: C:\Users\user\.gradle\caches\transforms-3\3ce319f41dad2e0f26341deb50e79fea\transformed\navigation-runtime-2.7.6 because:
  Build cache is disabled
Caching disabled for AarTransform: C:\Users\user\.gradle\caches\transforms-3\e867abbcf77ff1131be5b6df08de5eee\transformed\navigation-runtime-ktx-2.7.6 because:
  Build cache is disabled
Transforming animation-core-release.aar (androidx.compose.animation:animation-core-android:1.6.1) with ExtractAarTransform
Skipping AarTransform: C:\Users\user\.gradle\caches\transforms-3\ce43085ba0af9184b2d8510666d1eb4c\transformed\fragment-1.5.1 as it is up-to-date.
Transforming animation-core-release.aar (androidx.compose.animation:animation-core-android:1.6.1) with AarTransform
Transforming animation-release.aar (androidx.compose.animation:animation-android:1.6.1) with JetifyTransform
Caching disabled for AarTransform: C:\Users\user\.gradle\caches\transforms-3\cc2b5325880f19f8fa69e371da0fcec2\transformed\jetified-activity-compose-1.8.2 because:
  Build cache is disabled
Skipping AarTransform: C:\Users\user\.gradle\caches\transforms-3\e867abbcf77ff1131be5b6df08de5eee\transformed\navigation-runtime-ktx-2.7.6 as it is up-to-date.
Caching disabled for AarTransform: C:\Users\user\.gradle\caches\transforms-3\3ff7e07e96cbf3c15e17ee90dee7c81e\transformed\jetified-activity-1.8.2 because:
  Build cache is disabled
Skipping AarTransform: C:\Users\user\.gradle\caches\transforms-3\cc2b5325880f19f8fa69e371da0fcec2\transformed\jetified-activity-compose-1.8.2 as it is up-to-date.
Caching disabled for AarTransform: C:\Users\user\.gradle\caches\transforms-3\ae35f69c27c9ae25ab61f505d1c73246\transformed\jetified-navigation-compose-2.7.6 because:
  Build cache is disabled
Skipping AarTransform: C:\Users\user\.gradle\caches\transforms-3\ae35f69c27c9ae25ab61f505d1c73246\transformed\jetified-navigation-compose-2.7.6 as it is up-to-date.
Skipping AarTransform: C:\Users\user\.gradle\caches\transforms-3\3ce319f41dad2e0f26341deb50e79fea\transformed\navigation-runtime-2.7.6 as it is up-to-date.
Caching disabled for AarTransform: C:\Users\user\.gradle\caches\transforms-3\0f46e4ccc0eeb6bdb32e10768693dbb1\transformed\navigation-common-2.7.6 because:
  Build cache is disabled
Skipping AarTransform: C:\Users\user\.gradle\caches\transforms-3\0f46e4ccc0eeb6bdb32e10768693dbb1\transformed\navigation-common-2.7.6 as it is up-to-date.
Caching disabled for AarTransform: C:\Users\user\.gradle\caches\transforms-3\72921219f6734e39e36ce1ab1aad6d03\transformed\navigation-common-ktx-2.7.6 because:
  Build cache is disabled
Skipping AarTransform: C:\Users\user\.gradle\caches\transforms-3\72921219f6734e39e36ce1ab1aad6d03\transformed\navigation-common-ktx-2.7.6 as it is up-to-date.
Skipping AarTransform: C:\Users\user\.gradle\caches\transforms-3\3ff7e07e96cbf3c15e17ee90dee7c81e\transformed\jetified-activity-1.8.2 as it is up-to-date.
Transforming animation-release.aar (androidx.compose.animation:animation-android:1.6.1) with ExtractAarTransform
Transforming animation-release.aar (androidx.compose.animation:animation-android:1.6.1) with AarTransform
Transforming ui-util-release.aar (androidx.compose.ui:ui-util-android:1.6.1) with JetifyTransform
Transforming ui-util-release.aar (androidx.compose.ui:ui-util-android:1.6.1) with ExtractAarTransform
Caching disabled for AarTransform: C:\Users\user\.gradle\caches\transforms-3\a0851db4a7ec9890e76aff435b580121\transformed\room-runtime-2.6.1 because:
  Build cache is disabled
Caching disabled for AarTransform: C:\Users\user\.gradle\caches\transforms-3\bd4d0516dc82d593dc75d0d58095804e\transformed\jetified-activity-ktx-1.8.2 because:
  Build cache is disabled
Skipping AarTransform: C:\Users\user\.gradle\caches\transforms-3\a0851db4a7ec9890e76aff435b580121\transformed\room-runtime-2.6.1 as it is up-to-date.
Caching disabled for AarTransform: C:\Users\user\.gradle\caches\transforms-3\deeed389b8629d1b86b0d43d85b80f15\transformed\jetified-room-ktx-2.6.1 because:
  Build cache is disabled
Skipping AarTransform: C:\Users\user\.gradle\caches\transforms-3\bd4d0516dc82d593dc75d0d58095804e\transformed\jetified-activity-ktx-1.8.2 as it is up-to-date.
Caching disabled for AarTransform: C:\Users\user\.gradle\caches\transforms-3\20b81b3594ace06c7a70dff3a2366e16\transformed\paging-runtime-3.2.1 because:
  Build cache is disabled
Caching disabled for AarTransform: C:\Users\user\.gradle\caches\transforms-3\8773d98ab94b13f9d6437ce7e24c811e\transformed\jetified-paging-compose-3.2.1 because:
  Build cache is disabled
Transforming ui-util-release.aar (androidx.compose.ui:ui-util-android:1.6.1) with AarTransform
Skipping AarTransform: C:\Users\user\.gradle\caches\transforms-3\8773d98ab94b13f9d6437ce7e24c811e\transformed\jetified-paging-compose-3.2.1 as it is up-to-date.
Skipping AarTransform: C:\Users\user\.gradle\caches\transforms-3\20b81b3594ace06c7a70dff3a2366e16\transformed\paging-runtime-3.2.1 as it is up-to-date.
Skipping AarTransform: C:\Users\user\.gradle\caches\transforms-3\deeed389b8629d1b86b0d43d85b80f15\transformed\jetified-room-ktx-2.6.1 as it is up-to-date.
Transforming ui-unit-release.aar (androidx.compose.ui:ui-unit-android:1.6.1) with JetifyTransform
Transforming ui-unit-release.aar (androidx.compose.ui:ui-unit-android:1.6.1) with ExtractAarTransform
Transforming ui-unit-release.aar (androidx.compose.ui:ui-unit-android:1.6.1) with AarTransform
Caching disabled for AarTransform: C:\Users\user\.gradle\caches\transforms-3\88935f1d435615fcfcf4533f1e74a0c1\transformed\jetified-paging-runtime-ktx-3.2.1 because:
  Build cache is disabled
Transforming ui-text-release.aar (androidx.compose.ui:ui-text-android:1.6.1) with JetifyTransform
Skipping AarTransform: C:\Users\user\.gradle\caches\transforms-3\88935f1d435615fcfcf4533f1e74a0c1\transformed\jetified-paging-runtime-ktx-3.2.1 as it is up-to-date.
Transforming ui-text-release.aar (androidx.compose.ui:ui-text-android:1.6.1) with ExtractAarTransform
Transforming ui-text-release.aar (androidx.compose.ui:ui-text-android:1.6.1) with AarTransform
Transforming ui-geometry-release.aar (androidx.compose.ui:ui-geometry-android:1.6.1) with JetifyTransform
Transforming ui-geometry-release.aar (androidx.compose.ui:ui-geometry-android:1.6.1) with ExtractAarTransform
Caching disabled for AarTransform: C:\Users\user\.gradle\caches\transforms-3\48cbbb2a7e04ed4bd14f5ee9909e7333\transformed\jetified-room-paging-2.6.1 because:
  Build cache is disabled
Transforming ui-geometry-release.aar (androidx.compose.ui:ui-geometry-android:1.6.1) with AarTransform
Skipping AarTransform: C:\Users\user\.gradle\caches\transforms-3\48cbbb2a7e04ed4bd14f5ee9909e7333\transformed\jetified-room-paging-2.6.1 as it is up-to-date.
Transforming ui-graphics-release.aar (androidx.compose.ui:ui-graphics-android:1.6.1) with JetifyTransform
Transforming ui-graphics-release.aar (androidx.compose.ui:ui-graphics-android:1.6.1) with ExtractAarTransform
Transforming ui-graphics-release.aar (androidx.compose.ui:ui-graphics-android:1.6.1) with AarTransform
Caching disabled for AarTransform: C:\Users\user\.gradle\caches\transforms-3\cbc2465336ded970d23300a578f47882\transformed\jetified-material-release because:
  Build cache is disabled
Transforming ui-release.aar (androidx.compose.ui:ui-android:1.6.1) with JetifyTransform
Skipping AarTransform: C:\Users\user\.gradle\caches\transforms-3\cbc2465336ded970d23300a578f47882\transformed\jetified-material-release as it is up-to-date.
Transforming ui-release.aar (androidx.compose.ui:ui-android:1.6.1) with ExtractAarTransform
Transforming ui-release.aar (androidx.compose.ui:ui-android:1.6.1) with AarTransform
Transforming ui-tooling-preview-release.aar (androidx.compose.ui:ui-tooling-preview-android:1.6.1) with JetifyTransform
Transforming ui-tooling-preview-release.aar (androidx.compose.ui:ui-tooling-preview-android:1.6.1) with ExtractAarTransform
Transforming ui-tooling-preview-release.aar (androidx.compose.ui:ui-tooling-preview-android:1.6.1) with AarTransform
Transforming runtime-saveable-release.aar (androidx.compose.runtime:runtime-saveable-android:1.6.1) with JetifyTransform
Transforming runtime-saveable-release.aar (androidx.compose.runtime:runtime-saveable-android:1.6.1) with ExtractAarTransform
Transforming runtime-saveable-release.aar (androidx.compose.runtime:runtime-saveable-android:1.6.1) with AarTransform
Transforming runtime-release.aar (androidx.compose.runtime:runtime-android:1.6.1) with JetifyTransform
Transforming runtime-release.aar (androidx.compose.runtime:runtime-android:1.6.1) with ExtractAarTransform
Caching disabled for AarTransform: C:\Users\user\.gradle\caches\transforms-3\9eb07947c41291dd8dfaea7376b52cb3\transformed\jetified-material3-release because:
  Build cache is disabled
Skipping AarTransform: C:\Users\user\.gradle\caches\transforms-3\9eb07947c41291dd8dfaea7376b52cb3\transformed\jetified-material3-release as it is up-to-date.
Transforming runtime-release.aar (androidx.compose.runtime:runtime-android:1.6.1) with AarTransform
Transforming runtime-livedata-1.6.1.aar (androidx.compose.runtime:runtime-livedata:1.6.1) with JetifyTransform
Transforming runtime-livedata-1.6.1.aar (androidx.compose.runtime:runtime-livedata:1.6.1) with ExtractAarTransform
Transforming runtime-livedata-1.6.1.aar (androidx.compose.runtime:runtime-livedata:1.6.1) with AarTransform
Transforming appcompat-resources-1.6.1.aar (androidx.appcompat:appcompat-resources:1.6.1) with JetifyTransform
Transforming appcompat-resources-1.6.1.aar (androidx.appcompat:appcompat-resources:1.6.1) with ExtractAarTransform
Transforming appcompat-resources-1.6.1.aar (androidx.appcompat:appcompat-resources:1.6.1) with AarTransform
Caching disabled for AarTransform: C:\Users\user\.gradle\caches\transforms-3\125cb728ef3f46ce7225da4c49aa0884\transformed\jetified-coil-compose-base-2.5.0 because:
  Build cache is disabled
Caching disabled for AarTransform: C:\Users\user\.gradle\caches\transforms-3\c0256db1311281ff7005418483771fda\transformed\jetified-foundation-layout-release because:
  Build cache is disabled
Skipping AarTransform: C:\Users\user\.gradle\caches\transforms-3\c0256db1311281ff7005418483771fda\transformed\jetified-foundation-layout-release as it is up-to-date.
Caching disabled for AarTransform: C:\Users\user\.gradle\caches\transforms-3\b6b0faadec3c628e9c76a6db86636b8a\transformed\jetified-material-ripple-release because:
  Build cache is disabled
Transforming drawerlayout-1.1.1.aar (androidx.drawerlayout:drawerlayout:1.1.1) with JetifyTransform
Skipping AarTransform: C:\Users\user\.gradle\caches\transforms-3\b6b0faadec3c628e9c76a6db86636b8a\transformed\jetified-material-ripple-release as it is up-to-date.
Transforming drawerlayout-1.1.1.aar (androidx.drawerlayout:drawerlayout:1.1.1) with ExtractAarTransform
Transforming drawerlayout-1.1.1.aar (androidx.drawerlayout:drawerlayout:1.1.1) with AarTransform
Transforming coordinatorlayout-1.1.0.aar (androidx.coordinatorlayout:coordinatorlayout:1.1.0) with JetifyTransform
Transforming coordinatorlayout-1.1.0.aar (androidx.coordinatorlayout:coordinatorlayout:1.1.0) with ExtractAarTransform
Transforming coordinatorlayout-1.1.0.aar (androidx.coordinatorlayout:coordinatorlayout:1.1.0) with AarTransform
Skipping AarTransform: C:\Users\user\.gradle\caches\transforms-3\125cb728ef3f46ce7225da4c49aa0884\transformed\jetified-coil-compose-base-2.5.0 as it is up-to-date.
Transforming dynamicanimation-1.0.0.aar (androidx.dynamicanimation:dynamicanimation:1.0.0) with JetifyTransform
Caching disabled for AarTransform: C:\Users\user\.gradle\caches\transforms-3\be77d38c4543d58a04ecd2e2930e4907\transformed\jetified-material-icons-core-release because:
  Build cache is disabled
Transforming dynamicanimation-1.0.0.aar (androidx.dynamicanimation:dynamicanimation:1.0.0) with ExtractAarTransform
Skipping AarTransform: C:\Users\user\.gradle\caches\transforms-3\be77d38c4543d58a04ecd2e2930e4907\transformed\jetified-material-icons-core-release as it is up-to-date.
Transforming dynamicanimation-1.0.0.aar (androidx.dynamicanimation:dynamicanimation:1.0.0) with AarTransform
Caching disabled for AarTransform: C:\Users\user\.gradle\caches\transforms-3\1371974239ba7d2e1f74577aa0076246\transformed\jetified-foundation-release because:
  Build cache is disabled
Caching disabled for AarTransform: C:\Users\user\.gradle\caches\transforms-3\a8d18580fb95d594af0e3ea2434d1f2a\transformed\jetified-animation-core-release because:
  Build cache is disabled
Transforming recyclerview-1.3.0.aar (androidx.recyclerview:recyclerview:1.3.0) with JetifyTransform
Skipping AarTransform: C:\Users\user\.gradle\caches\transforms-3\a8d18580fb95d594af0e3ea2434d1f2a\transformed\jetified-animation-core-release as it is up-to-date.
Transforming recyclerview-1.3.0.aar (androidx.recyclerview:recyclerview:1.3.0) with ExtractAarTransform
Skipping AarTransform: C:\Users\user\.gradle\caches\transforms-3\1371974239ba7d2e1f74577aa0076246\transformed\jetified-foundation-release as it is up-to-date.
Transforming recyclerview-1.3.0.aar (androidx.recyclerview:recyclerview:1.3.0) with AarTransform
Transforming recyclerview-1.3.0.aar (androidx.recyclerview:recyclerview:1.3.0) with JetifyTransform
Transforming recyclerview-1.3.0.aar (androidx.recyclerview:recyclerview:1.3.0) with ExtractAarTransform
Caching disabled for AarTransform: C:\Users\user\.gradle\caches\transforms-3\0a80b947bb60c2e5812c98a4cde80cb9\transformed\jetified-animation-release because:
  Build cache is disabled
Transforming recyclerview-1.3.0.aar (androidx.recyclerview:recyclerview:1.3.0) with AarTransform
Caching disabled for AarTransform: C:\Users\user\.gradle\caches\transforms-3\01af9fa4640328761f93b15ceedbb393\transformed\jetified-coil-compose-2.5.0 because:
  Build cache is disabled
Skipping AarTransform: C:\Users\user\.gradle\caches\transforms-3\01af9fa4640328761f93b15ceedbb393\transformed\jetified-coil-compose-2.5.0 as it is up-to-date.
Skipping AarTransform: C:\Users\user\.gradle\caches\transforms-3\0a80b947bb60c2e5812c98a4cde80cb9\transformed\jetified-animation-release as it is up-to-date.
Transforming transition-1.2.0.aar (androidx.transition:transition:1.2.0) with JetifyTransform
Transforming transition-1.2.0.aar (androidx.transition:transition:1.2.0) with ExtractAarTransform
Caching disabled for AarTransform: C:\Users\user\.gradle\caches\transforms-3\153cbe083d7bbbca75db78a9ed87c037\transformed\jetified-ui-text-release because:
  Build cache is disabled
Transforming transition-1.2.0.aar (androidx.transition:transition:1.2.0) with AarTransform
Skipping AarTransform: C:\Users\user\.gradle\caches\transforms-3\153cbe083d7bbbca75db78a9ed87c037\transformed\jetified-ui-text-release as it is up-to-date.
Transforming vectordrawable-animated-1.1.0.aar (androidx.vectordrawable:vectordrawable-animated:1.1.0) with JetifyTransform
Caching disabled for AarTransform: C:\Users\user\.gradle\caches\transforms-3\a24bbb3d7412e2af4b948b956c9db569\transformed\jetified-ui-util-release because:
  Build cache is disabled
Transforming vectordrawable-animated-1.1.0.aar (androidx.vectordrawable:vectordrawable-animated:1.1.0) with ExtractAarTransform
Skipping AarTransform: C:\Users\user\.gradle\caches\transforms-3\a24bbb3d7412e2af4b948b956c9db569\transformed\jetified-ui-util-release as it is up-to-date.
Transforming vectordrawable-animated-1.1.0.aar (androidx.vectordrawable:vectordrawable-animated:1.1.0) with AarTransform
Caching disabled for AarTransform: C:\Users\user\.gradle\caches\transforms-3\a2969d7a46a5d26397bd0a40364b7789\transformed\jetified-ui-unit-release because:
  Build cache is disabled
Transforming vectordrawable-1.1.0.aar (androidx.vectordrawable:vectordrawable:1.1.0) with JetifyTransform
Skipping AarTransform: C:\Users\user\.gradle\caches\transforms-3\a2969d7a46a5d26397bd0a40364b7789\transformed\jetified-ui-unit-release as it is up-to-date.
Caching disabled for AarTransform: C:\Users\user\.gradle\caches\transforms-3\d0defa3efce5913b5e3d5a8aac5cb6a4\transformed\jetified-ui-graphics-release because:
  Build cache is disabled
Transforming vectordrawable-1.1.0.aar (androidx.vectordrawable:vectordrawable:1.1.0) with ExtractAarTransform
Transforming vectordrawable-1.1.0.aar (androidx.vectordrawable:vectordrawable:1.1.0) with AarTransform
Transforming vectordrawable-1.1.0.aar (androidx.vectordrawable:vectordrawable:1.1.0) with JetifyTransform
Transforming vectordrawable-1.1.0.aar (androidx.vectordrawable:vectordrawable:1.1.0) with ExtractAarTransform
Skipping AarTransform: C:\Users\user\.gradle\caches\transforms-3\d0defa3efce5913b5e3d5a8aac5cb6a4\transformed\jetified-ui-graphics-release as it is up-to-date.
Transforming vectordrawable-1.1.0.aar (androidx.vectordrawable:vectordrawable:1.1.0) with AarTransform
Transforming exoplayer-2.19.1.aar (com.google.android.exoplayer:exoplayer:2.19.1) with JetifyTransform
Transforming exoplayer-2.19.1.aar (com.google.android.exoplayer:exoplayer:2.19.1) with ExtractAarTransform
Transforming exoplayer-2.19.1.aar (com.google.android.exoplayer:exoplayer:2.19.1) with AarTransform
Transforming exoplayer-ui-2.19.1.aar (com.google.android.exoplayer:exoplayer-ui:2.19.1) with JetifyTransform
Transforming exoplayer-ui-2.19.1.aar (com.google.android.exoplayer:exoplayer-ui:2.19.1) with ExtractAarTransform
Transforming exoplayer-ui-2.19.1.aar (com.google.android.exoplayer:exoplayer-ui:2.19.1) with AarTransform
Transforming media-1.6.0.aar (androidx.media:media:1.6.0) with JetifyTransform
Transforming media-1.6.0.aar (androidx.media:media:1.6.0) with ExtractAarTransform
Transforming media-1.6.0.aar (androidx.media:media:1.6.0) with AarTransform
Transforming browser-1.4.0.aar (androidx.browser:browser:1.4.0) with JetifyTransform
Transforming browser-1.4.0.aar (androidx.browser:browser:1.4.0) with ExtractAarTransform
Transforming browser-1.4.0.aar (androidx.browser:browser:1.4.0) with AarTransform
Transforming viewpager-1.0.0.aar (androidx.viewpager:viewpager:1.0.0) with JetifyTransform
Transforming viewpager-1.0.0.aar (androidx.viewpager:viewpager:1.0.0) with ExtractAarTransform
Transforming viewpager-1.0.0.aar (androidx.viewpager:viewpager:1.0.0) with AarTransform
Transforming customview-1.1.0.aar (androidx.customview:customview:1.1.0) with JetifyTransform
Transforming customview-1.1.0.aar (androidx.customview:customview:1.1.0) with ExtractAarTransform
Transforming customview-1.1.0.aar (androidx.customview:customview:1.1.0) with AarTransform
Transforming customview-1.1.0.aar (androidx.customview:customview:1.1.0) with JetifyTransform
Transforming customview-1.1.0.aar (androidx.customview:customview:1.1.0) with ExtractAarTransform
Transforming customview-1.1.0.aar (androidx.customview:customview:1.1.0) with AarTransform
Transforming customview-1.1.0.aar (androidx.customview:customview:1.1.0) with JetifyTransform
Transforming customview-1.1.0.aar (androidx.customview:customview:1.1.0) with ExtractAarTransform
Transforming customview-1.1.0.aar (androidx.customview:customview:1.1.0) with AarTransform
Transforming customview-1.1.0.aar (androidx.customview:customview:1.1.0) with JetifyTransform
Transforming customview-1.1.0.aar (androidx.customview:customview:1.1.0) with ExtractAarTransform
Transforming customview-1.1.0.aar (androidx.customview:customview:1.1.0) with AarTransform
Transforming legacy-support-core-utils-1.0.0.aar (androidx.legacy:legacy-support-core-utils:1.0.0) with JetifyTransform
Transforming legacy-support-core-utils-1.0.0.aar (androidx.legacy:legacy-support-core-utils:1.0.0) with ExtractAarTransform
Transforming legacy-support-core-utils-1.0.0.aar (androidx.legacy:legacy-support-core-utils:1.0.0) with AarTransform
Transforming loader-1.0.0.aar (androidx.loader:loader:1.0.0) with JetifyTransform
Transforming loader-1.0.0.aar (androidx.loader:loader:1.0.0) with ExtractAarTransform
Transforming loader-1.0.0.aar (androidx.loader:loader:1.0.0) with AarTransform
Transforming loader-1.0.0.aar (androidx.loader:loader:1.0.0) with JetifyTransform
Transforming loader-1.0.0.aar (androidx.loader:loader:1.0.0) with ExtractAarTransform
Transforming loader-1.0.0.aar (androidx.loader:loader:1.0.0) with AarTransform
Transforming core-1.12.0.aar (androidx.core:core:1.12.0) with JetifyTransform
Transforming core-1.12.0.aar (androidx.core:core:1.12.0) with ExtractAarTransform
Transforming core-1.12.0.aar (androidx.core:core:1.12.0) with AarTransform
Transforming core-1.12.0.aar (androidx.core:core:1.12.0) with JetifyTransform
Transforming core-1.12.0.aar (androidx.core:core:1.12.0) with ExtractAarTransform
Caching disabled for AarTransform: C:\Users\user\.gradle\caches\transforms-3\eb7f95ceb80fe7edaffe686f45c414e3\transformed\jetified-ui-release because:
  Build cache is disabled
Transforming core-1.12.0.aar (androidx.core:core:1.12.0) with AarTransform
Skipping AarTransform: C:\Users\user\.gradle\caches\transforms-3\eb7f95ceb80fe7edaffe686f45c414e3\transformed\jetified-ui-release as it is up-to-date.
Transforming core-1.12.0.aar (androidx.core:core:1.12.0) with JetifyTransform
Transforming core-1.12.0.aar (androidx.core:core:1.12.0) with ExtractAarTransform
Transforming core-1.12.0.aar (androidx.core:core:1.12.0) with AarTransform
Transforming core-1.12.0.aar (androidx.core:core:1.12.0) with JetifyTransform
Caching disabled for AarTransform: C:\Users\user\.gradle\caches\transforms-3\ca905dde751b020875aee835366c918b\transformed\jetified-ui-geometry-release because:
  Build cache is disabled
Caching disabled for AarTransform: C:\Users\user\.gradle\caches\transforms-3\40952bfae19697ea740a0392ac032553\transformed\jetified-runtime-release because:
  Build cache is disabled
Transforming core-1.12.0.aar (androidx.core:core:1.12.0) with ExtractAarTransform
Caching disabled for AarTransform: C:\Users\user\.gradle\caches\transforms-3\8d3e065e204b9a972c9d9d381b9eab8e\transformed\jetified-ui-tooling-preview-release because:
  Build cache is disabled
Skipping AarTransform: C:\Users\user\.gradle\caches\transforms-3\8d3e065e204b9a972c9d9d381b9eab8e\transformed\jetified-ui-tooling-preview-release as it is up-to-date.
Caching disabled for AarTransform: C:\Users\user\.gradle\caches\transforms-3\4d4b3f0524238b36b1a0d4335e32a8e5\transformed\dynamicanimation-1.0.0 because:
  Build cache is disabled
Caching disabled for AarTransform: C:\Users\user\.gradle\caches\transforms-3\a12ebe0bcfa38772b01b24696e6db1a0\transformed\jetified-runtime-saveable-release because:
  Build cache is disabled
Skipping AarTransform: C:\Users\user\.gradle\caches\transforms-3\a12ebe0bcfa38772b01b24696e6db1a0\transformed\jetified-runtime-saveable-release as it is up-to-date.
Skipping AarTransform: C:\Users\user\.gradle\caches\transforms-3\ca905dde751b020875aee835366c918b\transformed\jetified-ui-geometry-release as it is up-to-date.
Skipping AarTransform: C:\Users\user\.gradle\caches\transforms-3\4d4b3f0524238b36b1a0d4335e32a8e5\transformed\dynamicanimation-1.0.0 as it is up-to-date.
Caching disabled for AarTransform: C:\Users\user\.gradle\caches\transforms-3\14c109339047e7a54ee79e8f23fe26ef\transformed\jetified-appcompat-resources-1.6.1 because:
  Build cache is disabled
Transforming core-1.12.0.aar (androidx.core:core:1.12.0) with AarTransform
Skipping AarTransform: C:\Users\user\.gradle\caches\transforms-3\14c109339047e7a54ee79e8f23fe26ef\transformed\jetified-appcompat-resources-1.6.1 as it is up-to-date.
Caching disabled for AarTransform: C:\Users\user\.gradle\caches\transforms-3\86393e3996726b41f76008ce236fad9e\transformed\jetified-runtime-livedata-1.6.1 because:
  Build cache is disabled
Skipping AarTransform: C:\Users\user\.gradle\caches\transforms-3\40952bfae19697ea740a0392ac032553\transformed\jetified-runtime-release as it is up-to-date.
Skipping AarTransform: C:\Users\user\.gradle\caches\transforms-3\86393e3996726b41f76008ce236fad9e\transformed\jetified-runtime-livedata-1.6.1 as it is up-to-date.
Transforming core-1.12.0.aar (androidx.core:core:1.12.0) with JetifyTransform
Transforming core-1.12.0.aar (androidx.core:core:1.12.0) with ExtractAarTransform
Transforming core-1.12.0.aar (androidx.core:core:1.12.0) with AarTransform
Transforming core-1.12.0.aar (androidx.core:core:1.12.0) with JetifyTransform
Caching disabled for AarTransform: C:\Users\user\.gradle\caches\transforms-3\0f7bbe974198c0e6f5daf78e810cfb8e\transformed\recyclerview-1.3.0 because:
  Build cache is disabled
Skipping AarTransform: C:\Users\user\.gradle\caches\transforms-3\0f7bbe974198c0e6f5daf78e810cfb8e\transformed\recyclerview-1.3.0 as it is up-to-date.
Caching disabled for AarTransform: C:\Users\user\.gradle\caches\transforms-3\778bb1a5d67e711cfa1d601e315d4ba6\transformed\drawerlayout-1.1.1 because:
  Build cache is disabled
Skipping AarTransform: C:\Users\user\.gradle\caches\transforms-3\778bb1a5d67e711cfa1d601e315d4ba6\transformed\drawerlayout-1.1.1 as it is up-to-date.
Caching disabled for AarTransform: C:\Users\user\.gradle\caches\transforms-3\9fd41aa9d8f4ce40527fd11c9e9d8547\transformed\coordinatorlayout-1.1.0 because:
  Build cache is disabled
Transforming core-1.12.0.aar (androidx.core:core:1.12.0) with ExtractAarTransform
Skipping AarTransform: C:\Users\user\.gradle\caches\transforms-3\9fd41aa9d8f4ce40527fd11c9e9d8547\transformed\coordinatorlayout-1.1.0 as it is up-to-date.
Caching disabled for AarTransform: C:\Users\user\.gradle\caches\transforms-3\c589b80479df8889d96e60fd7d9c5d2b\transformed\transition-1.2.0 because:
  Build cache is disabled
Transforming core-1.12.0.aar (androidx.core:core:1.12.0) with AarTransform
Skipping AarTransform: C:\Users\user\.gradle\caches\transforms-3\c589b80479df8889d96e60fd7d9c5d2b\transformed\transition-1.2.0 as it is up-to-date.
Transforming core-1.12.0.aar (androidx.core:core:1.12.0) with JetifyTransform
Transforming core-1.12.0.aar (androidx.core:core:1.12.0) with ExtractAarTransform
Transforming core-1.12.0.aar (androidx.core:core:1.12.0) with AarTransform
Transforming core-1.12.0.aar (androidx.core:core:1.12.0) with JetifyTransform
Transforming core-1.12.0.aar (androidx.core:core:1.12.0) with ExtractAarTransform
Transforming core-1.12.0.aar (androidx.core:core:1.12.0) with AarTransform
Transforming core-1.12.0.aar (androidx.core:core:1.12.0) with JetifyTransform
Transforming core-1.12.0.aar (androidx.core:core:1.12.0) with ExtractAarTransform
Transforming core-1.12.0.aar (androidx.core:core:1.12.0) with AarTransform
Transforming core-1.12.0.aar (androidx.core:core:1.12.0) with JetifyTransform
Transforming core-1.12.0.aar (androidx.core:core:1.12.0) with ExtractAarTransform
Transforming core-1.12.0.aar (androidx.core:core:1.12.0) with AarTransform
Transforming core-1.12.0.aar (androidx.core:core:1.12.0) with JetifyTransform
Transforming core-1.12.0.aar (androidx.core:core:1.12.0) with ExtractAarTransform
Transforming core-1.12.0.aar (androidx.core:core:1.12.0) with AarTransform
Transforming core-1.12.0.aar (androidx.core:core:1.12.0) with JetifyTransform
Transforming core-1.12.0.aar (androidx.core:core:1.12.0) with ExtractAarTransform
Transforming core-1.12.0.aar (androidx.core:core:1.12.0) with AarTransform
Caching disabled for AarTransform: C:\Users\user\.gradle\caches\transforms-3\2619ed40ef3fa7bd0956e04ee7e7a9f1\transformed\vectordrawable-1.1.0 because:
  Build cache is disabled
Caching disabled for AarTransform: C:\Users\user\.gradle\caches\transforms-3\c91da17cc1cab4ba2d28b8a00826b7a4\transformed\vectordrawable-animated-1.1.0 because:
  Build cache is disabled
Skipping AarTransform: C:\Users\user\.gradle\caches\transforms-3\2619ed40ef3fa7bd0956e04ee7e7a9f1\transformed\vectordrawable-1.1.0 as it is up-to-date.
Transforming core-1.12.0.aar (androidx.core:core:1.12.0) with JetifyTransform
Skipping AarTransform: C:\Users\user\.gradle\caches\transforms-3\c91da17cc1cab4ba2d28b8a00826b7a4\transformed\vectordrawable-animated-1.1.0 as it is up-to-date.
Transforming core-1.12.0.aar (androidx.core:core:1.12.0) with ExtractAarTransform
Transforming core-1.12.0.aar (androidx.core:core:1.12.0) with AarTransform
Transforming core-1.12.0.aar (androidx.core:core:1.12.0) with JetifyTransform
Transforming core-1.12.0.aar (androidx.core:core:1.12.0) with ExtractAarTransform
Transforming core-1.12.0.aar (androidx.core:core:1.12.0) with AarTransform
Transforming lifecycle-livedata-ktx-2.7.0.aar (androidx.lifecycle:lifecycle-livedata-ktx:2.7.0) with JetifyTransform
Transforming lifecycle-livedata-ktx-2.7.0.aar (androidx.lifecycle:lifecycle-livedata-ktx:2.7.0) with ExtractAarTransform
Transforming lifecycle-livedata-ktx-2.7.0.aar (androidx.lifecycle:lifecycle-livedata-ktx:2.7.0) with AarTransform
Transforming lifecycle-livedata-core-ktx-2.7.0.aar (androidx.lifecycle:lifecycle-livedata-core-ktx:2.7.0) with JetifyTransform
Transforming lifecycle-livedata-core-ktx-2.7.0.aar (androidx.lifecycle:lifecycle-livedata-core-ktx:2.7.0) with ExtractAarTransform
Transforming lifecycle-livedata-core-ktx-2.7.0.aar (androidx.lifecycle:lifecycle-livedata-core-ktx:2.7.0) with AarTransform
Transforming lifecycle-livedata-core-2.7.0.aar (androidx.lifecycle:lifecycle-livedata-core:2.7.0) with JetifyTransform
Transforming lifecycle-livedata-core-2.7.0.aar (androidx.lifecycle:lifecycle-livedata-core:2.7.0) with ExtractAarTransform
Transforming lifecycle-livedata-core-2.7.0.aar (androidx.lifecycle:lifecycle-livedata-core:2.7.0) with AarTransform
Transforming work-runtime-2.7.0.aar (androidx.work:work-runtime:2.7.0) with JetifyTransform
Transforming work-runtime-2.7.0.aar (androidx.work:work-runtime:2.7.0) with ExtractAarTransform
Transforming work-runtime-2.7.0.aar (androidx.work:work-runtime:2.7.0) with AarTransform
Transforming lifecycle-livedata-2.7.0.aar (androidx.lifecycle:lifecycle-livedata:2.7.0) with JetifyTransform
Transforming lifecycle-livedata-2.7.0.aar (androidx.lifecycle:lifecycle-livedata:2.7.0) with ExtractAarTransform
Caching disabled for AarTransform: C:\Users\user\.gradle\caches\transforms-3\57848645458d68f540459ae62d741e32\transformed\viewpager-1.0.0 because:
  Build cache is disabled
Caching disabled for AarTransform: C:\Users\user\.gradle\caches\transforms-3\e64e0a3a08ca0f06a8ffeb68df2fb01e\transformed\media-1.6.0 because:
  Build cache is disabled
Transforming lifecycle-livedata-2.7.0.aar (androidx.lifecycle:lifecycle-livedata:2.7.0) with AarTransform
Caching disabled for AarTransform: C:\Users\user\.gradle\caches\transforms-3\665f08a046034a03c45c1b60402783c2\transformed\jetified-exoplayer-ui-2.19.1 because:
  Build cache is disabled
Caching disabled for AarTransform: C:\Users\user\.gradle\caches\transforms-3\06eaa3d4db2446ae08073b00af0f9f1e\transformed\legacy-support-core-utils-1.0.0 because:
  Build cache is disabled
Skipping AarTransform: C:\Users\user\.gradle\caches\transforms-3\665f08a046034a03c45c1b60402783c2\transformed\jetified-exoplayer-ui-2.19.1 as it is up-to-date.
Caching disabled for AarTransform: C:\Users\user\.gradle\caches\transforms-3\23d54db28db6fd27500c43cbb98a94ee\transformed\jetified-exoplayer-2.19.1 because:
  Build cache is disabled
Transforming lifecycle-livedata-2.7.0.aar (androidx.lifecycle:lifecycle-livedata:2.7.0) with JetifyTransform
Skipping AarTransform: C:\Users\user\.gradle\caches\transforms-3\23d54db28db6fd27500c43cbb98a94ee\transformed\jetified-exoplayer-2.19.1 as it is up-to-date.
Transforming lifecycle-livedata-2.7.0.aar (androidx.lifecycle:lifecycle-livedata:2.7.0) with ExtractAarTransform
Skipping AarTransform: C:\Users\user\.gradle\caches\transforms-3\e64e0a3a08ca0f06a8ffeb68df2fb01e\transformed\media-1.6.0 as it is up-to-date.
Caching disabled for AarTransform: C:\Users\user\.gradle\caches\transforms-3\aa2ff84b73bdf2fedfb6304d3a34c1c2\transformed\loader-1.0.0 because:
  Build cache is disabled
Skipping AarTransform: C:\Users\user\.gradle\caches\transforms-3\57848645458d68f540459ae62d741e32\transformed\viewpager-1.0.0 as it is up-to-date.
Skipping AarTransform: C:\Users\user\.gradle\caches\transforms-3\aa2ff84b73bdf2fedfb6304d3a34c1c2\transformed\loader-1.0.0 as it is up-to-date.
Transforming lifecycle-livedata-2.7.0.aar (androidx.lifecycle:lifecycle-livedata:2.7.0) with AarTransform
Skipping AarTransform: C:\Users\user\.gradle\caches\transforms-3\06eaa3d4db2446ae08073b00af0f9f1e\transformed\legacy-support-core-utils-1.0.0 as it is up-to-date.
Transforming lifecycle-viewmodel-ktx-2.7.0.aar (androidx.lifecycle:lifecycle-viewmodel-ktx:2.7.0) with JetifyTransform
Transforming lifecycle-viewmodel-ktx-2.7.0.aar (androidx.lifecycle:lifecycle-viewmodel-ktx:2.7.0) with ExtractAarTransform
Transforming lifecycle-viewmodel-ktx-2.7.0.aar (androidx.lifecycle:lifecycle-viewmodel-ktx:2.7.0) with AarTransform
Transforming lifecycle-viewmodel-2.7.0.aar (androidx.lifecycle:lifecycle-viewmodel:2.7.0) with JetifyTransform
Caching disabled for AarTransform: C:\Users\user\.gradle\caches\transforms-3\756e4599b46450e09c632b813556cee0\transformed\browser-1.4.0 because:
  Build cache is disabled
Transforming lifecycle-viewmodel-2.7.0.aar (androidx.lifecycle:lifecycle-viewmodel:2.7.0) with ExtractAarTransform
Skipping AarTransform: C:\Users\user\.gradle\caches\transforms-3\756e4599b46450e09c632b813556cee0\transformed\browser-1.4.0 as it is up-to-date.
Transforming lifecycle-viewmodel-2.7.0.aar (androidx.lifecycle:lifecycle-viewmodel:2.7.0) with AarTransform
Caching disabled for AarTransform: C:\Users\user\.gradle\caches\transforms-3\a2f4c85d9ee4c6259367ff55f3b32260\transformed\customview-1.1.0 because:
  Build cache is disabled
Skipping AarTransform: C:\Users\user\.gradle\caches\transforms-3\a2f4c85d9ee4c6259367ff55f3b32260\transformed\customview-1.1.0 as it is up-to-date.
Transforming lifecycle-viewmodel-2.7.0.aar (androidx.lifecycle:lifecycle-viewmodel:2.7.0) with JetifyTransform
Transforming lifecycle-viewmodel-2.7.0.aar (androidx.lifecycle:lifecycle-viewmodel:2.7.0) with ExtractAarTransform
Transforming lifecycle-viewmodel-2.7.0.aar (androidx.lifecycle:lifecycle-viewmodel:2.7.0) with AarTransform
Transforming coil-2.5.0.aar (io.coil-kt:coil:2.5.0) with JetifyTransform
Transforming coil-2.5.0.aar (io.coil-kt:coil:2.5.0) with ExtractAarTransform
Transforming coil-2.5.0.aar (io.coil-kt:coil:2.5.0) with AarTransform
Transforming coil-base-2.5.0.aar (io.coil-kt:coil-base:2.5.0) with JetifyTransform
Transforming coil-base-2.5.0.aar (io.coil-kt:coil-base:2.5.0) with ExtractAarTransform
Transforming coil-base-2.5.0.aar (io.coil-kt:coil-base:2.5.0) with AarTransform
Transforming lifecycle-runtime-2.7.0.aar (androidx.lifecycle:lifecycle-runtime:2.7.0) with JetifyTransform
Transforming lifecycle-runtime-2.7.0.aar (androidx.lifecycle:lifecycle-runtime:2.7.0) with ExtractAarTransform
Transforming lifecycle-runtime-2.7.0.aar (androidx.lifecycle:lifecycle-runtime:2.7.0) with AarTransform
Transforming lifecycle-runtime-ktx-2.7.0.aar (androidx.lifecycle:lifecycle-runtime-ktx:2.7.0) with JetifyTransform
Transforming lifecycle-runtime-ktx-2.7.0.aar (androidx.lifecycle:lifecycle-runtime-ktx:2.7.0) with ExtractAarTransform
Transforming lifecycle-runtime-ktx-2.7.0.aar (androidx.lifecycle:lifecycle-runtime-ktx:2.7.0) with AarTransform
Transforming lifecycle-viewmodel-compose-2.7.0.aar (androidx.lifecycle:lifecycle-viewmodel-compose:2.7.0) with JetifyTransform
Transforming lifecycle-viewmodel-compose-2.7.0.aar (androidx.lifecycle:lifecycle-viewmodel-compose:2.7.0) with ExtractAarTransform
Transforming lifecycle-viewmodel-compose-2.7.0.aar (androidx.lifecycle:lifecycle-viewmodel-compose:2.7.0) with AarTransform
Transforming lifecycle-viewmodel-savedstate-2.7.0.aar (androidx.lifecycle:lifecycle-viewmodel-savedstate:2.7.0) with JetifyTransform
Transforming lifecycle-viewmodel-savedstate-2.7.0.aar (androidx.lifecycle:lifecycle-viewmodel-savedstate:2.7.0) with ExtractAarTransform
Caching disabled for AarTransform: C:\Users\user\.gradle\caches\transforms-3\5c5739f4de2f71729af9e79251007f6b\transformed\core-1.12.0 because:
  Build cache is disabled
Transforming lifecycle-viewmodel-savedstate-2.7.0.aar (androidx.lifecycle:lifecycle-viewmodel-savedstate:2.7.0) with AarTransform
Skipping AarTransform: C:\Users\user\.gradle\caches\transforms-3\5c5739f4de2f71729af9e79251007f6b\transformed\core-1.12.0 as it is up-to-date.
Transforming core-ktx-1.12.0.aar (androidx.core:core-ktx:1.12.0) with JetifyTransform
Transforming core-ktx-1.12.0.aar (androidx.core:core-ktx:1.12.0) with ExtractAarTransform
Transforming core-ktx-1.12.0.aar (androidx.core:core-ktx:1.12.0) with AarTransform
Transforming flexbox-3.0.0.aar (com.google.android.flexbox:flexbox:3.0.0) with JetifyTransform
Transforming flexbox-3.0.0.aar (com.google.android.flexbox:flexbox:3.0.0) with ExtractAarTransform
Transforming flexbox-3.0.0.aar (com.google.android.flexbox:flexbox:3.0.0) with AarTransform
Transforming core-splashscreen-1.0.1.aar (androidx.core:core-splashscreen:1.0.1) with JetifyTransform
Transforming core-splashscreen-1.0.1.aar (androidx.core:core-splashscreen:1.0.1) with ExtractAarTransform
Transforming core-splashscreen-1.0.1.aar (androidx.core:core-splashscreen:1.0.1) with AarTransform
Transforming savedstate-ktx-1.2.1.aar (androidx.savedstate:savedstate-ktx:1.2.1) with JetifyTransform
Transforming savedstate-ktx-1.2.1.aar (androidx.savedstate:savedstate-ktx:1.2.1) with ExtractAarTransform
Transforming savedstate-ktx-1.2.1.aar (androidx.savedstate:savedstate-ktx:1.2.1) with AarTransform
Transforming savedstate-1.2.1.aar (androidx.savedstate:savedstate:1.2.1) with JetifyTransform
Transforming savedstate-1.2.1.aar (androidx.savedstate:savedstate:1.2.1) with ExtractAarTransform
Transforming savedstate-1.2.1.aar (androidx.savedstate:savedstate:1.2.1) with AarTransform
Transforming annotation-experimental-1.4.0.aar (androidx.annotation:annotation-experimental:1.4.0) with JetifyTransform
Transforming annotation-experimental-1.4.0.aar (androidx.annotation:annotation-experimental:1.4.0) with ExtractAarTransform
Transforming annotation-experimental-1.4.0.aar (androidx.annotation:annotation-experimental:1.4.0) with AarTransform
Caching disabled for AarTransform: C:\Users\user\.gradle\caches\transforms-3\8bdbdf69ffb075614c5a434d355a0f8b\transformed\jetified-lifecycle-livedata-ktx-2.7.0 because:
  Build cache is disabled
Transforming ads-adservices-java-1.0.0-beta05.aar (androidx.privacysandbox.ads:ads-adservices-java:1.0.0-beta05) with JetifyTransform
Skipping AarTransform: C:\Users\user\.gradle\caches\transforms-3\8bdbdf69ffb075614c5a434d355a0f8b\transformed\jetified-lifecycle-livedata-ktx-2.7.0 as it is up-to-date.
Transforming ads-adservices-java-1.0.0-beta05.aar (androidx.privacysandbox.ads:ads-adservices-java:1.0.0-beta05) with ExtractAarTransform
Caching disabled for AarTransform: C:\Users\user\.gradle\caches\transforms-3\405ea0b6b50f1060e1e85abd75c2300a\transformed\lifecycle-livedata-core-2.7.0 because:
  Build cache is disabled
Transforming ads-adservices-java-1.0.0-beta05.aar (androidx.privacysandbox.ads:ads-adservices-java:1.0.0-beta05) with AarTransform
Skipping AarTransform: C:\Users\user\.gradle\caches\transforms-3\405ea0b6b50f1060e1e85abd75c2300a\transformed\lifecycle-livedata-core-2.7.0 as it is up-to-date.
Caching disabled for AarTransform: C:\Users\user\.gradle\caches\transforms-3\91aa7e25739ba49b8c446850083d9968\transformed\jetified-lifecycle-viewmodel-ktx-2.7.0 because:
  Build cache is disabled
Caching disabled for AarTransform: C:\Users\user\.gradle\caches\transforms-3\d61403040d3c0a7f14b12e75c497150a\transformed\lifecycle-viewmodel-2.7.0 because:
  Build cache is disabled
Transforming ads-adservices-1.0.0-beta05.aar (androidx.privacysandbox.ads:ads-adservices:1.0.0-beta05) with JetifyTransform
Skipping AarTransform: C:\Users\user\.gradle\caches\transforms-3\d61403040d3c0a7f14b12e75c497150a\transformed\lifecycle-viewmodel-2.7.0 as it is up-to-date.
Transforming ads-adservices-1.0.0-beta05.aar (androidx.privacysandbox.ads:ads-adservices:1.0.0-beta05) with ExtractAarTransform
Transforming ads-adservices-1.0.0-beta05.aar (androidx.privacysandbox.ads:ads-adservices:1.0.0-beta05) with AarTransform
Caching disabled for AarTransform: C:\Users\user\.gradle\caches\transforms-3\39183825c891526e3de148cba7025d38\transformed\jetified-lifecycle-livedata-core-ktx-2.7.0 because:
  Build cache is disabled
Caching disabled for AarTransform: C:\Users\user\.gradle\caches\transforms-3\d13efe73e15feb692f299aca534190ce\transformed\work-runtime-2.7.0 because:
  Build cache is disabled
Transforming lottie-compose-6.1.0.aar (com.airbnb.android:lottie-compose:6.1.0) with JetifyTransform
Skipping AarTransform: C:\Users\user\.gradle\caches\transforms-3\d13efe73e15feb692f299aca534190ce\transformed\work-runtime-2.7.0 as it is up-to-date.
Transforming lottie-compose-6.1.0.aar (com.airbnb.android:lottie-compose:6.1.0) with ExtractAarTransform
Caching disabled for AarTransform: C:\Users\user\.gradle\caches\transforms-3\b279794bd278a40574c8244342fbb052\transformed\jetified-coil-2.5.0 because:
  Build cache is disabled
Skipping AarTransform: C:\Users\user\.gradle\caches\transforms-3\91aa7e25739ba49b8c446850083d9968\transformed\jetified-lifecycle-viewmodel-ktx-2.7.0 as it is up-to-date.
Transforming lottie-compose-6.1.0.aar (com.airbnb.android:lottie-compose:6.1.0) with AarTransform
Caching disabled for AarTransform: C:\Users\user\.gradle\caches\transforms-3\be6eabc1e7597f5af8694205534369ad\transformed\lifecycle-livedata-2.7.0 because:
  Build cache is disabled
Transforming accompanist-permissions-0.32.0.aar (com.google.accompanist:accompanist-permissions:0.32.0) with JetifyTransform
Skipping AarTransform: C:\Users\user\.gradle\caches\transforms-3\39183825c891526e3de148cba7025d38\transformed\jetified-lifecycle-livedata-core-ktx-2.7.0 as it is up-to-date.
Transforming accompanist-permissions-0.32.0.aar (com.google.accompanist:accompanist-permissions:0.32.0) with ExtractAarTransform
Skipping AarTransform: C:\Users\user\.gradle\caches\transforms-3\be6eabc1e7597f5af8694205534369ad\transformed\lifecycle-livedata-2.7.0 as it is up-to-date.
Skipping AarTransform: C:\Users\user\.gradle\caches\transforms-3\b279794bd278a40574c8244342fbb052\transformed\jetified-coil-2.5.0 as it is up-to-date.
Transforming accompanist-permissions-0.32.0.aar (com.google.accompanist:accompanist-permissions:0.32.0) with AarTransform
Caching disabled for AarTransform: C:\Users\user\.gradle\caches\transforms-3\73d67742e5e0faeb12f6359aec9f4317\transformed\jetified-coil-base-2.5.0 because:
  Build cache is disabled
Skipping AarTransform: C:\Users\user\.gradle\caches\transforms-3\73d67742e5e0faeb12f6359aec9f4317\transformed\jetified-coil-base-2.5.0 as it is up-to-date.
Transforming cursoradapter-1.0.0.aar (androidx.cursoradapter:cursoradapter:1.0.0) with JetifyTransform
Caching disabled for AarTransform: C:\Users\user\.gradle\caches\transforms-3\4bea3ad7086dd6310416577e679b27ab\transformed\lifecycle-runtime-2.7.0 because:
  Build cache is disabled
Transforming cursoradapter-1.0.0.aar (androidx.cursoradapter:cursoradapter:1.0.0) with ExtractAarTransform
Skipping AarTransform: C:\Users\user\.gradle\caches\transforms-3\4bea3ad7086dd6310416577e679b27ab\transformed\lifecycle-runtime-2.7.0 as it is up-to-date.
Transforming cursoradapter-1.0.0.aar (androidx.cursoradapter:cursoradapter:1.0.0) with AarTransform
Transforming cardview-1.0.0.aar (androidx.cardview:cardview:1.0.0) with JetifyTransform
Transforming cardview-1.0.0.aar (androidx.cardview:cardview:1.0.0) with ExtractAarTransform
Transforming cardview-1.0.0.aar (androidx.cardview:cardview:1.0.0) with AarTransform
Transforming sqlite-framework-2.4.0.aar (androidx.sqlite:sqlite-framework:2.4.0) with JetifyTransform
Transforming sqlite-framework-2.4.0.aar (androidx.sqlite:sqlite-framework:2.4.0) with ExtractAarTransform
Caching disabled for AarTransform: C:\Users\user\.gradle\caches\transforms-3\4d6838555ad24cf15a99513e72d58fa0\transformed\jetified-lifecycle-viewmodel-compose-2.7.0 because:
  Build cache is disabled
Transforming sqlite-framework-2.4.0.aar (androidx.sqlite:sqlite-framework:2.4.0) with AarTransform
Skipping AarTransform: C:\Users\user\.gradle\caches\transforms-3\4d6838555ad24cf15a99513e72d58fa0\transformed\jetified-lifecycle-viewmodel-compose-2.7.0 as it is up-to-date.
Transforming sqlite-2.4.0.aar (androidx.sqlite:sqlite:2.4.0) with JetifyTransform
Caching disabled for AarTransform: C:\Users\user\.gradle\caches\transforms-3\9ab85f199ce6032d85aa0cc0c0e855bb\transformed\jetified-core-ktx-1.12.0 because:
  Build cache is disabled
Transforming sqlite-2.4.0.aar (androidx.sqlite:sqlite:2.4.0) with ExtractAarTransform
Skipping AarTransform: C:\Users\user\.gradle\caches\transforms-3\9ab85f199ce6032d85aa0cc0c0e855bb\transformed\jetified-core-ktx-1.12.0 as it is up-to-date.
Transforming sqlite-2.4.0.aar (androidx.sqlite:sqlite:2.4.0) with AarTransform
Transforming versionedparcelable-1.1.1.aar (androidx.versionedparcelable:versionedparcelable:1.1.1) with JetifyTransform
Transforming versionedparcelable-1.1.1.aar (androidx.versionedparcelable:versionedparcelable:1.1.1) with ExtractAarTransform
Caching disabled for AarTransform: C:\Users\user\.gradle\caches\transforms-3\17d74363b6e909a9d3f818c44afa4535\transformed\jetified-lifecycle-viewmodel-savedstate-2.7.0 because:
  Build cache is disabled
Caching disabled for AarTransform: C:\Users\user\.gradle\caches\transforms-3\8b9d9cccd9cd11d68aeff198447cb46d\transformed\jetified-core-splashscreen-1.0.1 because:
  Build cache is disabled
Caching disabled for AarTransform: C:\Users\user\.gradle\caches\transforms-3\b524aad8313712e1a2099d34ba0009dd\transformed\jetified-flexbox-3.0.0 because:
  Build cache is disabled
Transforming versionedparcelable-1.1.1.aar (androidx.versionedparcelable:versionedparcelable:1.1.1) with AarTransform
Skipping AarTransform: C:\Users\user\.gradle\caches\transforms-3\b524aad8313712e1a2099d34ba0009dd\transformed\jetified-flexbox-3.0.0 as it is up-to-date.
Skipping AarTransform: C:\Users\user\.gradle\caches\transforms-3\8b9d9cccd9cd11d68aeff198447cb46d\transformed\jetified-core-splashscreen-1.0.1 as it is up-to-date.
Skipping AarTransform: C:\Users\user\.gradle\caches\transforms-3\17d74363b6e909a9d3f818c44afa4535\transformed\jetified-lifecycle-viewmodel-savedstate-2.7.0 as it is up-to-date.
Transforming core-runtime-2.2.0.aar (androidx.arch.core:core-runtime:2.2.0) with JetifyTransform
Caching disabled for AarTransform: C:\Users\user\.gradle\caches\transforms-3\e109843751a45ceb797ac7414dcd1f55\transformed\jetified-lifecycle-runtime-ktx-2.7.0 because:
  Build cache is disabled
Transforming core-runtime-2.2.0.aar (androidx.arch.core:core-runtime:2.2.0) with ExtractAarTransform
Skipping AarTransform: C:\Users\user\.gradle\caches\transforms-3\e109843751a45ceb797ac7414dcd1f55\transformed\jetified-lifecycle-runtime-ktx-2.7.0 as it is up-to-date.
Caching disabled for AarTransform: C:\Users\user\.gradle\caches\transforms-3\4ec695ed94a8284d6fd7bdbfc66270dc\transformed\jetified-annotation-experimental-1.4.0 because:
  Build cache is disabled
Transforming core-runtime-2.2.0.aar (androidx.arch.core:core-runtime:2.2.0) with AarTransform
Skipping AarTransform: C:\Users\user\.gradle\caches\transforms-3\4ec695ed94a8284d6fd7bdbfc66270dc\transformed\jetified-annotation-experimental-1.4.0 as it is up-to-date.
Transforming interpolator-1.0.0.aar (androidx.interpolator:interpolator:1.0.0) with JetifyTransform
Transforming interpolator-1.0.0.aar (androidx.interpolator:interpolator:1.0.0) with ExtractAarTransform
Transforming interpolator-1.0.0.aar (androidx.interpolator:interpolator:1.0.0) with AarTransform
Transforming documentfile-1.0.0.aar (androidx.documentfile:documentfile:1.0.0) with JetifyTransform
Transforming documentfile-1.0.0.aar (androidx.documentfile:documentfile:1.0.0) with ExtractAarTransform
Caching disabled for AarTransform: C:\Users\user\.gradle\caches\transforms-3\729f0ee4f5c310ded66695d5e416a80a\transformed\jetified-savedstate-1.2.1 because:
  Build cache is disabled
Caching disabled for AarTransform: C:\Users\user\.gradle\caches\transforms-3\88a788eb4554cb70c926faac5961e219\transformed\jetified-ads-adservices-1.0.0-beta05 because:
  Build cache is disabled
Caching disabled for AarTransform: C:\Users\user\.gradle\caches\transforms-3\7b64fcd84fbd59187c29faf12635bee6\transformed\jetified-lottie-compose-6.1.0 because:
  Build cache is disabled
Skipping AarTransform: C:\Users\user\.gradle\caches\transforms-3\88a788eb4554cb70c926faac5961e219\transformed\jetified-ads-adservices-1.0.0-beta05 as it is up-to-date.
Transforming documentfile-1.0.0.aar (androidx.documentfile:documentfile:1.0.0) with AarTransform
Skipping AarTransform: C:\Users\user\.gradle\caches\transforms-3\7b64fcd84fbd59187c29faf12635bee6\transformed\jetified-lottie-compose-6.1.0 as it is up-to-date.
Caching disabled for AarTransform: C:\Users\user\.gradle\caches\transforms-3\f60bd6a2f18e5772f3e63663a99cb4e1\transformed\jetified-accompanist-permissions-0.32.0 because:
  Build cache is disabled
Caching disabled for AarTransform: C:\Users\user\.gradle\caches\transforms-3\c4b75ff235f5060d29e5ddca564ceddc\transformed\jetified-ads-adservices-java-1.0.0-beta05 because:
  Build cache is disabled
Skipping AarTransform: C:\Users\user\.gradle\caches\transforms-3\729f0ee4f5c310ded66695d5e416a80a\transformed\jetified-savedstate-1.2.1 as it is up-to-date.
Skipping AarTransform: C:\Users\user\.gradle\caches\transforms-3\c4b75ff235f5060d29e5ddca564ceddc\transformed\jetified-ads-adservices-java-1.0.0-beta05 as it is up-to-date.
Caching disabled for AarTransform: C:\Users\user\.gradle\caches\transforms-3\d13525a792cc64e11bbc6a846969e153\transformed\jetified-savedstate-ktx-1.2.1 because:
  Build cache is disabled
Skipping AarTransform: C:\Users\user\.gradle\caches\transforms-3\d13525a792cc64e11bbc6a846969e153\transformed\jetified-savedstate-ktx-1.2.1 as it is up-to-date.
Skipping AarTransform: C:\Users\user\.gradle\caches\transforms-3\f60bd6a2f18e5772f3e63663a99cb4e1\transformed\jetified-accompanist-permissions-0.32.0 as it is up-to-date.
Transforming localbroadcastmanager-1.0.0.aar (androidx.localbroadcastmanager:localbroadcastmanager:1.0.0) with JetifyTransform
Transforming localbroadcastmanager-1.0.0.aar (androidx.localbroadcastmanager:localbroadcastmanager:1.0.0) with ExtractAarTransform
Transforming localbroadcastmanager-1.0.0.aar (androidx.localbroadcastmanager:localbroadcastmanager:1.0.0) with AarTransform
Transforming print-1.0.0.aar (androidx.print:print:1.0.0) with JetifyTransform
Transforming print-1.0.0.aar (androidx.print:print:1.0.0) with ExtractAarTransform
Transforming print-1.0.0.aar (androidx.print:print:1.0.0) with AarTransform
Transforming volley-1.2.1.aar (com.android.volley:volley:1.2.1) with JetifyTransform
Transforming volley-1.2.1.aar (com.android.volley:volley:1.2.1) with ExtractAarTransform
Transforming volley-1.2.1.aar (com.android.volley:volley:1.2.1) with AarTransform
Transforming lottie-6.1.0.aar (com.airbnb.android:lottie:6.1.0) with JetifyTransform
Transforming lottie-6.1.0.aar (com.airbnb.android:lottie:6.1.0) with ExtractAarTransform
Transforming lottie-6.1.0.aar (com.airbnb.android:lottie:6.1.0) with AarTransform
Transforming Android-Image-Slider-1.4.0.aar (com.github.smarteist:Android-Image-Slider:1.4.0) with JetifyTransform
Transforming Android-Image-Slider-1.4.0.aar (com.github.smarteist:Android-Image-Slider:1.4.0) with ExtractAarTransform
Caching disabled for AarTransform: C:\Users\user\.gradle\caches\transforms-3\a03b3d04d2ceca7ea618a06e3d24afa0\transformed\sqlite-2.4.0 because:
  Build cache is disabled
Transforming Android-Image-Slider-1.4.0.aar (com.github.smarteist:Android-Image-Slider:1.4.0) with AarTransform
Skipping AarTransform: C:\Users\user\.gradle\caches\transforms-3\a03b3d04d2ceca7ea618a06e3d24afa0\transformed\sqlite-2.4.0 as it is up-to-date.
Caching disabled for AarTransform: C:\Users\user\.gradle\caches\transforms-3\8eba7c3e4113638c557764cfd1246d65\transformed\interpolator-1.0.0 because:
  Build cache is disabled
Caching disabled for AarTransform: C:\Users\user\.gradle\caches\transforms-3\43654c406d94ba418e69a2f38c0ce75a\transformed\cursoradapter-1.0.0 because:
  Build cache is disabled
Skipping AarTransform: C:\Users\user\.gradle\caches\transforms-3\8eba7c3e4113638c557764cfd1246d65\transformed\interpolator-1.0.0 as it is up-to-date.
Caching disabled for AarTransform: C:\Users\user\.gradle\caches\transforms-3\82d49ae48ad7cd68ccf29f123b5e48ad\transformed\versionedparcelable-1.1.1 because:
  Build cache is disabled
Caching disabled for AarTransform: C:\Users\user\.gradle\caches\transforms-3\22c98dd52680fc31e34a15f54a9f94d2\transformed\cardview-1.0.0 because:
  Build cache is disabled
Caching disabled for AarTransform: C:\Users\user\.gradle\caches\transforms-3\54b5456fddcec85940b2ee402266c816\transformed\documentfile-1.0.0 because:
  Build cache is disabled
Skipping AarTransform: C:\Users\user\.gradle\caches\transforms-3\22c98dd52680fc31e34a15f54a9f94d2\transformed\cardview-1.0.0 as it is up-to-date.
Skipping AarTransform: C:\Users\user\.gradle\caches\transforms-3\43654c406d94ba418e69a2f38c0ce75a\transformed\cursoradapter-1.0.0 as it is up-to-date.
Transforming circleimageview-3.1.0.aar (de.hdodenhof:circleimageview:3.1.0) with JetifyTransform
Transforming circleimageview-3.1.0.aar (de.hdodenhof:circleimageview:3.1.0) with ExtractAarTransform
Skipping AarTransform: C:\Users\user\.gradle\caches\transforms-3\54b5456fddcec85940b2ee402266c816\transformed\documentfile-1.0.0 as it is up-to-date.
Caching disabled for AarTransform: C:\Users\user\.gradle\caches\transforms-3\9736755219de9964c187b9748cea348a\transformed\core-runtime-2.2.0 because:
  Build cache is disabled
Skipping AarTransform: C:\Users\user\.gradle\caches\transforms-3\82d49ae48ad7cd68ccf29f123b5e48ad\transformed\versionedparcelable-1.1.1 as it is up-to-date.
Skipping AarTransform: C:\Users\user\.gradle\caches\transforms-3\9736755219de9964c187b9748cea348a\transformed\core-runtime-2.2.0 as it is up-to-date.
Caching disabled for AarTransform: C:\Users\user\.gradle\caches\transforms-3\71618b46663af3ea0092ee8c6d5590fe\transformed\sqlite-framework-2.4.0 because:
  Build cache is disabled
Caching disabled for AarTransform: C:\Users\user\.gradle\caches\transforms-3\2c86103f160590f7e7be532bf55d34f7\transformed\localbroadcastmanager-1.0.0 because:
  Build cache is disabled
Transforming circleimageview-3.1.0.aar (de.hdodenhof:circleimageview:3.1.0) with AarTransform
Skipping AarTransform: C:\Users\user\.gradle\caches\transforms-3\2c86103f160590f7e7be532bf55d34f7\transformed\localbroadcastmanager-1.0.0 as it is up-to-date.
Skipping AarTransform: C:\Users\user\.gradle\caches\transforms-3\71618b46663af3ea0092ee8c6d5590fe\transformed\sqlite-framework-2.4.0 as it is up-to-date.
Transforming exoplayer-core-2.19.1.aar (com.google.android.exoplayer:exoplayer-core:2.19.1) with JetifyTransform
Transforming exoplayer-core-2.19.1.aar (com.google.android.exoplayer:exoplayer-core:2.19.1) with ExtractAarTransform
Transforming exoplayer-core-2.19.1.aar (com.google.android.exoplayer:exoplayer-core:2.19.1) with AarTransform
Transforming exoplayer-common-2.19.1.aar (com.google.android.exoplayer:exoplayer-common:2.19.1) with JetifyTransform
Transforming exoplayer-common-2.19.1.aar (com.google.android.exoplayer:exoplayer-common:2.19.1) with ExtractAarTransform
Transforming exoplayer-common-2.19.1.aar (com.google.android.exoplayer:exoplayer-common:2.19.1) with AarTransform
Transforming startup-runtime-1.1.1.aar (androidx.startup:startup-runtime:1.1.1) with JetifyTransform
Transforming startup-runtime-1.1.1.aar (androidx.startup:startup-runtime:1.1.1) with ExtractAarTransform
Transforming startup-runtime-1.1.1.aar (androidx.startup:startup-runtime:1.1.1) with AarTransform
Transforming dagger-lint-aar-2.49.aar (com.google.dagger:dagger-lint-aar:2.49) with JetifyTransform
Caching disabled for AarTransform: C:\Users\user\.gradle\caches\transforms-3\e32c3b5e322944d64bfee37764a5fb00\transformed\jetified-volley-1.2.1 because:
  Build cache is disabled
Transforming dagger-lint-aar-2.49.aar (com.google.dagger:dagger-lint-aar:2.49) with ExtractAarTransform
Skipping AarTransform: C:\Users\user\.gradle\caches\transforms-3\e32c3b5e322944d64bfee37764a5fb00\transformed\jetified-volley-1.2.1 as it is up-to-date.
Transforming dagger-lint-aar-2.49.aar (com.google.dagger:dagger-lint-aar:2.49) with AarTransform
Transforming exoplayer-database-2.19.1.aar (com.google.android.exoplayer:exoplayer-database:2.19.1) with JetifyTransform
Transforming exoplayer-database-2.19.1.aar (com.google.android.exoplayer:exoplayer-database:2.19.1) with ExtractAarTransform
Transforming exoplayer-database-2.19.1.aar (com.google.android.exoplayer:exoplayer-database:2.19.1) with AarTransform
Caching disabled for AarTransform: C:\Users\user\.gradle\caches\transforms-3\77df13c6b2001957f35925c162d5e46d\transformed\jetified-Android-Image-Slider-1.4.0 because:
  Build cache is disabled
Skipping AarTransform: C:\Users\user\.gradle\caches\transforms-3\77df13c6b2001957f35925c162d5e46d\transformed\jetified-Android-Image-Slider-1.4.0 as it is up-to-date.
Caching disabled for AarTransform: C:\Users\user\.gradle\caches\transforms-3\f0c43f23ec6e516e0621ab61a039ef0c\transformed\jetified-lottie-6.1.0 because:
  Build cache is disabled
Caching disabled for AarTransform: C:\Users\user\.gradle\caches\transforms-3\4122ce09f170e8a2afb176a358403d3a\transformed\print-1.0.0 because:
  Build cache is disabled
Skipping AarTransform: C:\Users\user\.gradle\caches\transforms-3\f0c43f23ec6e516e0621ab61a039ef0c\transformed\jetified-lottie-6.1.0 as it is up-to-date.
Transforming exoplayer-datasource-2.19.1.aar (com.google.android.exoplayer:exoplayer-datasource:2.19.1) with JetifyTransform
Skipping AarTransform: C:\Users\user\.gradle\caches\transforms-3\4122ce09f170e8a2afb176a358403d3a\transformed\print-1.0.0 as it is up-to-date.
Transforming exoplayer-datasource-2.19.1.aar (com.google.android.exoplayer:exoplayer-datasource:2.19.1) with ExtractAarTransform
Caching disabled for AarTransform: C:\Users\user\.gradle\caches\transforms-3\6a39333c6856d532570520fbc2bd1c09\transformed\jetified-exoplayer-core-2.19.1 because:
  Build cache is disabled
Caching disabled for AarTransform: C:\Users\user\.gradle\caches\transforms-3\715d44aa31120efd79cf05422b37b84e\transformed\jetified-exoplayer-common-2.19.1 because:
  Build cache is disabled
Transforming exoplayer-datasource-2.19.1.aar (com.google.android.exoplayer:exoplayer-datasource:2.19.1) with AarTransform
Skipping AarTransform: C:\Users\user\.gradle\caches\transforms-3\6a39333c6856d532570520fbc2bd1c09\transformed\jetified-exoplayer-core-2.19.1 as it is up-to-date.
Caching disabled for AarTransform: C:\Users\user\.gradle\caches\transforms-3\3c8d6d9f40fe01c17d4d4666fd356dbc\transformed\jetified-circleimageview-3.1.0 because:
  Build cache is disabled
Skipping AarTransform: C:\Users\user\.gradle\caches\transforms-3\715d44aa31120efd79cf05422b37b84e\transformed\jetified-exoplayer-common-2.19.1 as it is up-to-date.
Skipping AarTransform: C:\Users\user\.gradle\caches\transforms-3\3c8d6d9f40fe01c17d4d4666fd356dbc\transformed\jetified-circleimageview-3.1.0 as it is up-to-date.
Transforming exoplayer-decoder-2.19.1.aar (com.google.android.exoplayer:exoplayer-decoder:2.19.1) with JetifyTransform
Transforming exoplayer-decoder-2.19.1.aar (com.google.android.exoplayer:exoplayer-decoder:2.19.1) with ExtractAarTransform
Transforming exoplayer-decoder-2.19.1.aar (com.google.android.exoplayer:exoplayer-decoder:2.19.1) with AarTransform
Transforming exoplayer-extractor-2.19.1.aar (com.google.android.exoplayer:exoplayer-extractor:2.19.1) with JetifyTransform
Transforming exoplayer-extractor-2.19.1.aar (com.google.android.exoplayer:exoplayer-extractor:2.19.1) with ExtractAarTransform
Caching disabled for AarTransform: C:\Users\user\.gradle\caches\transforms-3\fe52cfe629053f967703c8ba77285e8b\transformed\jetified-startup-runtime-1.1.1 because:
  Build cache is disabled
Transforming exoplayer-extractor-2.19.1.aar (com.google.android.exoplayer:exoplayer-extractor:2.19.1) with AarTransform
Skipping AarTransform: C:\Users\user\.gradle\caches\transforms-3\fe52cfe629053f967703c8ba77285e8b\transformed\jetified-startup-runtime-1.1.1 as it is up-to-date.
Transforming exoplayer-container-2.19.1.aar (com.google.android.exoplayer:exoplayer-container:2.19.1) with JetifyTransform
Transforming exoplayer-container-2.19.1.aar (com.google.android.exoplayer:exoplayer-container:2.19.1) with ExtractAarTransform
Caching disabled for AarTransform: C:\Users\user\.gradle\caches\transforms-3\7f41368f9514b52c773c9c6d9f2b90c2\transformed\jetified-exoplayer-database-2.19.1 because:
  Build cache is disabled
Caching disabled for AarTransform: C:\Users\user\.gradle\caches\transforms-3\17460feccaee72c1c7a59c8d3aa5599a\transformed\jetified-dagger-lint-aar-2.49 because:
  Build cache is disabled
Transforming exoplayer-container-2.19.1.aar (com.google.android.exoplayer:exoplayer-container:2.19.1) with AarTransform
Skipping AarTransform: C:\Users\user\.gradle\caches\transforms-3\17460feccaee72c1c7a59c8d3aa5599a\transformed\jetified-dagger-lint-aar-2.49 as it is up-to-date.
Skipping AarTransform: C:\Users\user\.gradle\caches\transforms-3\7f41368f9514b52c773c9c6d9f2b90c2\transformed\jetified-exoplayer-database-2.19.1 as it is up-to-date.
Caching disabled for AarTransform: C:\Users\user\.gradle\caches\transforms-3\378ae54a4a79477d991a76c42d10201e\transformed\jetified-exoplayer-datasource-2.19.1 because:
  Build cache is disabled
Transforming exoplayer-dash-2.19.1.aar (com.google.android.exoplayer:exoplayer-dash:2.19.1) with JetifyTransform
Skipping AarTransform: C:\Users\user\.gradle\caches\transforms-3\378ae54a4a79477d991a76c42d10201e\transformed\jetified-exoplayer-datasource-2.19.1 as it is up-to-date.
Transforming exoplayer-dash-2.19.1.aar (com.google.android.exoplayer:exoplayer-dash:2.19.1) with ExtractAarTransform
Transforming exoplayer-dash-2.19.1.aar (com.google.android.exoplayer:exoplayer-dash:2.19.1) with AarTransform
Transforming exoplayer-hls-2.19.1.aar (com.google.android.exoplayer:exoplayer-hls:2.19.1) with JetifyTransform
Transforming exoplayer-hls-2.19.1.aar (com.google.android.exoplayer:exoplayer-hls:2.19.1) with ExtractAarTransform
Transforming exoplayer-hls-2.19.1.aar (com.google.android.exoplayer:exoplayer-hls:2.19.1) with AarTransform
Transforming exoplayer-rtsp-2.19.1.aar (com.google.android.exoplayer:exoplayer-rtsp:2.19.1) with JetifyTransform
Transforming exoplayer-rtsp-2.19.1.aar (com.google.android.exoplayer:exoplayer-rtsp:2.19.1) with ExtractAarTransform
Transforming exoplayer-rtsp-2.19.1.aar (com.google.android.exoplayer:exoplayer-rtsp:2.19.1) with AarTransform
Transforming exoplayer-smoothstreaming-2.19.1.aar (com.google.android.exoplayer:exoplayer-smoothstreaming:2.19.1) with JetifyTransform
Transforming exoplayer-smoothstreaming-2.19.1.aar (com.google.android.exoplayer:exoplayer-smoothstreaming:2.19.1) with ExtractAarTransform
Transforming exoplayer-smoothstreaming-2.19.1.aar (com.google.android.exoplayer:exoplayer-smoothstreaming:2.19.1) with AarTransform
Caching disabled for AarTransform: C:\Users\user\.gradle\caches\transforms-3\0774aba38fbb7a71a2e380171e0b7778\transformed\jetified-exoplayer-decoder-2.19.1 because:
  Build cache is disabled
Caching disabled for AarTransform: C:\Users\user\.gradle\caches\transforms-3\2f746cdb46666a5ea31069a92ad1cee2\transformed\jetified-exoplayer-extractor-2.19.1 because:
  Build cache is disabled
Skipping AarTransform: C:\Users\user\.gradle\caches\transforms-3\0774aba38fbb7a71a2e380171e0b7778\transformed\jetified-exoplayer-decoder-2.19.1 as it is up-to-date.
Skipping AarTransform: C:\Users\user\.gradle\caches\transforms-3\2f746cdb46666a5ea31069a92ad1cee2\transformed\jetified-exoplayer-extractor-2.19.1 as it is up-to-date.
Caching disabled for AarTransform: C:\Users\user\.gradle\caches\transforms-3\c3fa91361cece7ab93c5fa0d01671725\transformed\jetified-exoplayer-container-2.19.1 because:
  Build cache is disabled
Skipping AarTransform: C:\Users\user\.gradle\caches\transforms-3\c3fa91361cece7ab93c5fa0d01671725\transformed\jetified-exoplayer-container-2.19.1 as it is up-to-date.
Caching disabled for AarTransform: C:\Users\user\.gradle\caches\transforms-3\86e7631404a3447ccb8c53460349c742\transformed\jetified-exoplayer-hls-2.19.1 because:
  Build cache is disabled
Caching disabled for AarTransform: C:\Users\user\.gradle\caches\transforms-3\6b9e330e22f5b80af693a9cc1ed78961\transformed\jetified-exoplayer-dash-2.19.1 because:
  Build cache is disabled
Caching disabled for AarTransform: C:\Users\user\.gradle\caches\transforms-3\7988b5c431abeac835ef34d8554a267c\transformed\jetified-exoplayer-rtsp-2.19.1 because:
  Build cache is disabled
Skipping AarTransform: C:\Users\user\.gradle\caches\transforms-3\6b9e330e22f5b80af693a9cc1ed78961\transformed\jetified-exoplayer-dash-2.19.1 as it is up-to-date.
Skipping AarTransform: C:\Users\user\.gradle\caches\transforms-3\86e7631404a3447ccb8c53460349c742\transformed\jetified-exoplayer-hls-2.19.1 as it is up-to-date.
Skipping AarTransform: C:\Users\user\.gradle\caches\transforms-3\7988b5c431abeac835ef34d8554a267c\transformed\jetified-exoplayer-rtsp-2.19.1 as it is up-to-date.
Caching disabled for AarTransform: C:\Users\user\.gradle\caches\transforms-3\04830523360f0a9c22bc3d9783abdb1e\transformed\jetified-exoplayer-smoothstreaming-2.19.1 because:
  Build cache is disabled
Skipping AarTransform: C:\Users\user\.gradle\caches\transforms-3\04830523360f0a9c22bc3d9783abdb1e\transformed\jetified-exoplayer-smoothstreaming-2.19.1 as it is up-to-date.
Transforming material-1.11.0.aar (com.google.android.material:material:1.11.0) with JetifyTransform
Transforming material-1.11.0.aar (com.google.android.material:material:1.11.0) with ExtractAarTransform
Transforming material-1.11.0.aar (com.google.android.material:material:1.11.0) with AarTransform
Transforming lottie-compose-6.1.0.aar (com.airbnb.android:lottie-compose:6.1.0) with JetifyTransform
Transforming lottie-compose-6.1.0.aar (com.airbnb.android:lottie-compose:6.1.0) with ExtractAarTransform
Transforming lottie-compose-6.1.0.aar (com.airbnb.android:lottie-compose:6.1.0) with AarTransform
Transforming lottie-6.1.0.aar (com.airbnb.android:lottie:6.1.0) with JetifyTransform
Transforming lottie-6.1.0.aar (com.airbnb.android:lottie:6.1.0) with ExtractAarTransform
Transforming lottie-6.1.0.aar (com.airbnb.android:lottie:6.1.0) with AarTransform
Transforming coil-compose-2.5.0.aar (io.coil-kt:coil-compose:2.5.0) with JetifyTransform
Transforming coil-compose-2.5.0.aar (io.coil-kt:coil-compose:2.5.0) with ExtractAarTransform
Transforming coil-compose-2.5.0.aar (io.coil-kt:coil-compose:2.5.0) with AarTransform
Transforming coil-compose-base-2.5.0.aar (io.coil-kt:coil-compose-base:2.5.0) with JetifyTransform
Transforming coil-compose-base-2.5.0.aar (io.coil-kt:coil-compose-base:2.5.0) with ExtractAarTransform
Transforming coil-compose-base-2.5.0.aar (io.coil-kt:coil-compose-base:2.5.0) with AarTransform
Transforming coil-2.5.0.aar (io.coil-kt:coil:2.5.0) with JetifyTransform
Transforming coil-2.5.0.aar (io.coil-kt:coil:2.5.0) with ExtractAarTransform
Transforming coil-2.5.0.aar (io.coil-kt:coil:2.5.0) with AarTransform
Transforming coil-base-2.5.0.aar (io.coil-kt:coil-base:2.5.0) with JetifyTransform
Transforming coil-base-2.5.0.aar (io.coil-kt:coil-base:2.5.0) with ExtractAarTransform
Transforming coil-base-2.5.0.aar (io.coil-kt:coil-base:2.5.0) with AarTransform
Transforming appcompat-resources-1.6.1.aar (androidx.appcompat:appcompat-resources:1.6.1) with JetifyTransform
Transforming appcompat-resources-1.6.1.aar (androidx.appcompat:appcompat-resources:1.6.1) with ExtractAarTransform
Transforming appcompat-resources-1.6.1.aar (androidx.appcompat:appcompat-resources:1.6.1) with AarTransform
Transforming constraintlayout-2.0.1.aar (androidx.constraintlayout:constraintlayout:2.0.1) with JetifyTransform
Transforming constraintlayout-2.0.1.aar (androidx.constraintlayout:constraintlayout:2.0.1) with ExtractAarTransform
Transforming constraintlayout-2.0.1.aar (androidx.constraintlayout:constraintlayout:2.0.1) with AarTransform
Transforming appcompat-1.6.1.aar (androidx.appcompat:appcompat:1.6.1) with JetifyTransform
Transforming appcompat-1.6.1.aar (androidx.appcompat:appcompat:1.6.1) with ExtractAarTransform
Transforming appcompat-1.6.1.aar (androidx.appcompat:appcompat:1.6.1) with AarTransform
Transforming viewpager2-1.0.0.aar (androidx.viewpager2:viewpager2:1.0.0) with JetifyTransform
Transforming viewpager2-1.0.0.aar (androidx.viewpager2:viewpager2:1.0.0) with ExtractAarTransform
Transforming viewpager2-1.0.0.aar (androidx.viewpager2:viewpager2:1.0.0) with AarTransform
Transforming play-services-ads-22.6.0.aar (com.google.android.gms:play-services-ads:22.6.0) with JetifyTransform
Transforming play-services-ads-22.6.0.aar (com.google.android.gms:play-services-ads:22.6.0) with ExtractAarTransform
Transforming play-services-ads-22.6.0.aar (com.google.android.gms:play-services-ads:22.6.0) with AarTransform
Transforming play-services-appset-16.0.1.aar (com.google.android.gms:play-services-appset:16.0.1) with JetifyTransform
Transforming play-services-appset-16.0.1.aar (com.google.android.gms:play-services-appset:16.0.1) with ExtractAarTransform
Transforming play-services-appset-16.0.1.aar (com.google.android.gms:play-services-appset:16.0.1) with AarTransform
Transforming play-services-base-18.2.0.aar (com.google.android.gms:play-services-base:18.2.0) with JetifyTransform
Transforming play-services-base-18.2.0.aar (com.google.android.gms:play-services-base:18.2.0) with ExtractAarTransform
Transforming play-services-base-18.2.0.aar (com.google.android.gms:play-services-base:18.2.0) with AarTransform
Transforming play-services-base-18.2.0.aar (com.google.android.gms:play-services-base:18.2.0) with JetifyTransform
Transforming play-services-base-18.2.0.aar (com.google.android.gms:play-services-base:18.2.0) with ExtractAarTransform
Transforming play-services-base-18.2.0.aar (com.google.android.gms:play-services-base:18.2.0) with AarTransform
Transforming drawerlayout-1.1.1.aar (androidx.drawerlayout:drawerlayout:1.1.1) with JetifyTransform
Transforming drawerlayout-1.1.1.aar (androidx.drawerlayout:drawerlayout:1.1.1) with ExtractAarTransform
Transforming drawerlayout-1.1.1.aar (androidx.drawerlayout:drawerlayout:1.1.1) with AarTransform
Transforming coordinatorlayout-1.1.0.aar (androidx.coordinatorlayout:coordinatorlayout:1.1.0) with JetifyTransform
Transforming coordinatorlayout-1.1.0.aar (androidx.coordinatorlayout:coordinatorlayout:1.1.0) with ExtractAarTransform
Transforming coordinatorlayout-1.1.0.aar (androidx.coordinatorlayout:coordinatorlayout:1.1.0) with AarTransform
Transforming dynamicanimation-1.0.0.aar (androidx.dynamicanimation:dynamicanimation:1.0.0) with JetifyTransform
Transforming dynamicanimation-1.0.0.aar (androidx.dynamicanimation:dynamicanimation:1.0.0) with ExtractAarTransform
Transforming dynamicanimation-1.0.0.aar (androidx.dynamicanimation:dynamicanimation:1.0.0) with AarTransform
Transforming transition-1.2.0.aar (androidx.transition:transition:1.2.0) with JetifyTransform
Transforming transition-1.2.0.aar (androidx.transition:transition:1.2.0) with ExtractAarTransform
Transforming transition-1.2.0.aar (androidx.transition:transition:1.2.0) with AarTransform
Caching disabled for AarTransform: C:\Users\user\.gradle\caches\transforms-3\d76c3ac89ac3f5a9a20dcb6973cf40e8\transformed\material-1.11.0 because:
  Build cache is disabled
Caching disabled for AarTransform: C:\Users\user\.gradle\caches\transforms-3\01af9fa4640328761f93b15ceedbb393\transformed\jetified-coil-compose-2.5.0 because:
  Build cache is disabled
Caching disabled for AarTransform: C:\Users\user\.gradle\caches\transforms-3\7b64fcd84fbd59187c29faf12635bee6\transformed\jetified-lottie-compose-6.1.0 because:
  Build cache is disabled
Skipping AarTransform: C:\Users\user\.gradle\caches\transforms-3\7b64fcd84fbd59187c29faf12635bee6\transformed\jetified-lottie-compose-6.1.0 as it is up-to-date.
Skipping AarTransform: C:\Users\user\.gradle\caches\transforms-3\01af9fa4640328761f93b15ceedbb393\transformed\jetified-coil-compose-2.5.0 as it is up-to-date.
Caching disabled for AarTransform: C:\Users\user\.gradle\caches\transforms-3\125cb728ef3f46ce7225da4c49aa0884\transformed\jetified-coil-compose-base-2.5.0 because:
  Build cache is disabled
Transforming vectordrawable-animated-1.1.0.aar (androidx.vectordrawable:vectordrawable-animated:1.1.0) with JetifyTransform
Transforming vectordrawable-animated-1.1.0.aar (androidx.vectordrawable:vectordrawable-animated:1.1.0) with ExtractAarTransform
Skipping AarTransform: C:\Users\user\.gradle\caches\transforms-3\125cb728ef3f46ce7225da4c49aa0884\transformed\jetified-coil-compose-base-2.5.0 as it is up-to-date.
Skipping AarTransform: C:\Users\user\.gradle\caches\transforms-3\d76c3ac89ac3f5a9a20dcb6973cf40e8\transformed\material-1.11.0 as it is up-to-date.
Caching disabled for AarTransform: C:\Users\user\.gradle\caches\transforms-3\b279794bd278a40574c8244342fbb052\transformed\jetified-coil-2.5.0 because:
  Build cache is disabled
Caching disabled for AarTransform: C:\Users\user\.gradle\caches\transforms-3\73d67742e5e0faeb12f6359aec9f4317\transformed\jetified-coil-base-2.5.0 because:
  Build cache is disabled
Transforming vectordrawable-animated-1.1.0.aar (androidx.vectordrawable:vectordrawable-animated:1.1.0) with AarTransform
Caching disabled for AarTransform: C:\Users\user\.gradle\caches\transforms-3\f0c43f23ec6e516e0621ab61a039ef0c\transformed\jetified-lottie-6.1.0 because:
  Build cache is disabled
Transforming vectordrawable-1.1.0.aar (androidx.vectordrawable:vectordrawable:1.1.0) with JetifyTransform
Caching disabled for AarTransform: C:\Users\user\.gradle\caches\transforms-3\ba655bab558f728b21e193f216f3fd5b\transformed\constraintlayout-2.0.1 because:
  Build cache is disabled
Skipping AarTransform: C:\Users\user\.gradle\caches\transforms-3\ba655bab558f728b21e193f216f3fd5b\transformed\constraintlayout-2.0.1 as it is up-to-date.
Skipping AarTransform: C:\Users\user\.gradle\caches\transforms-3\73d67742e5e0faeb12f6359aec9f4317\transformed\jetified-coil-base-2.5.0 as it is up-to-date.
Caching disabled for AarTransform: C:\Users\user\.gradle\caches\transforms-3\14c109339047e7a54ee79e8f23fe26ef\transformed\jetified-appcompat-resources-1.6.1 because:
  Build cache is disabled
Skipping AarTransform: C:\Users\user\.gradle\caches\transforms-3\b279794bd278a40574c8244342fbb052\transformed\jetified-coil-2.5.0 as it is up-to-date.
Transforming vectordrawable-1.1.0.aar (androidx.vectordrawable:vectordrawable:1.1.0) with ExtractAarTransform
Skipping AarTransform: C:\Users\user\.gradle\caches\transforms-3\f0c43f23ec6e516e0621ab61a039ef0c\transformed\jetified-lottie-6.1.0 as it is up-to-date.
Transforming vectordrawable-1.1.0.aar (androidx.vectordrawable:vectordrawable:1.1.0) with AarTransform
Skipping AarTransform: C:\Users\user\.gradle\caches\transforms-3\14c109339047e7a54ee79e8f23fe26ef\transformed\jetified-appcompat-resources-1.6.1 as it is up-to-date.
Transforming vectordrawable-1.1.0.aar (androidx.vectordrawable:vectordrawable:1.1.0) with JetifyTransform
Transforming vectordrawable-1.1.0.aar (androidx.vectordrawable:vectordrawable:1.1.0) with ExtractAarTransform
Transforming vectordrawable-1.1.0.aar (androidx.vectordrawable:vectordrawable:1.1.0) with AarTransform
Transforming hilt-navigation-compose-1.1.0.aar (androidx.hilt:hilt-navigation-compose:1.1.0) with JetifyTransform
Transforming hilt-navigation-compose-1.1.0.aar (androidx.hilt:hilt-navigation-compose:1.1.0) with ExtractAarTransform
Transforming hilt-navigation-compose-1.1.0.aar (androidx.hilt:hilt-navigation-compose:1.1.0) with AarTransform
Transforming hilt-navigation-1.1.0.aar (androidx.hilt:hilt-navigation:1.1.0) with JetifyTransform
Transforming hilt-navigation-1.1.0.aar (androidx.hilt:hilt-navigation:1.1.0) with ExtractAarTransform
Transforming hilt-navigation-1.1.0.aar (androidx.hilt:hilt-navigation:1.1.0) with AarTransform
Transforming navigation-common-2.7.6.aar (androidx.navigation:navigation-common:2.7.6) with JetifyTransform
Transforming navigation-common-2.7.6.aar (androidx.navigation:navigation-common:2.7.6) with ExtractAarTransform
Transforming navigation-common-2.7.6.aar (androidx.navigation:navigation-common:2.7.6) with AarTransform
Transforming navigation-runtime-2.7.6.aar (androidx.navigation:navigation-runtime:2.7.6) with JetifyTransform
Transforming navigation-runtime-2.7.6.aar (androidx.navigation:navigation-runtime:2.7.6) with ExtractAarTransform
Transforming navigation-runtime-2.7.6.aar (androidx.navigation:navigation-runtime:2.7.6) with AarTransform
Transforming navigation-common-ktx-2.7.6.aar (androidx.navigation:navigation-common-ktx:2.7.6) with JetifyTransform
Transforming navigation-common-ktx-2.7.6.aar (androidx.navigation:navigation-common-ktx:2.7.6) with ExtractAarTransform
Transforming navigation-common-ktx-2.7.6.aar (androidx.navigation:navigation-common-ktx:2.7.6) with AarTransform
Transforming navigation-runtime-ktx-2.7.6.aar (androidx.navigation:navigation-runtime-ktx:2.7.6) with JetifyTransform
Transforming navigation-runtime-ktx-2.7.6.aar (androidx.navigation:navigation-runtime-ktx:2.7.6) with ExtractAarTransform
Transforming navigation-runtime-ktx-2.7.6.aar (androidx.navigation:navigation-runtime-ktx:2.7.6) with AarTransform
Transforming navigation-compose-2.7.6.aar (androidx.navigation:navigation-compose:2.7.6) with JetifyTransform
Transforming navigation-compose-2.7.6.aar (androidx.navigation:navigation-compose:2.7.6) with ExtractAarTransform
Transforming navigation-compose-2.7.6.aar (androidx.navigation:navigation-compose:2.7.6) with AarTransform
Caching disabled for AarTransform: C:\Users\user\.gradle\caches\transforms-3\f0f9ccfae522ac4dd97fb98b3f926856\transformed\appcompat-1.6.1 because:
  Build cache is disabled
Transforming accompanist-permissions-0.32.0.aar (com.google.accompanist:accompanist-permissions:0.32.0) with JetifyTransform
Transforming accompanist-permissions-0.32.0.aar (com.google.accompanist:accompanist-permissions:0.32.0) with ExtractAarTransform
Skipping AarTransform: C:\Users\user\.gradle\caches\transforms-3\f0f9ccfae522ac4dd97fb98b3f926856\transformed\appcompat-1.6.1 as it is up-to-date.
Caching disabled for AarTransform: C:\Users\user\.gradle\caches\transforms-3\7c1ae54e643c59b38470a4f4e87f36e0\transformed\jetified-viewpager2-1.0.0 because:
  Build cache is disabled
Transforming accompanist-permissions-0.32.0.aar (com.google.accompanist:accompanist-permissions:0.32.0) with AarTransform
Skipping AarTransform: C:\Users\user\.gradle\caches\transforms-3\7c1ae54e643c59b38470a4f4e87f36e0\transformed\jetified-viewpager2-1.0.0 as it is up-to-date.
Caching disabled for AarTransform: C:\Users\user\.gradle\caches\transforms-3\cb4e1830d0316264aa08d7cecb5d49a4\transformed\jetified-play-services-ads-22.6.0 because:
  Build cache is disabled
Transforming room-ktx-2.6.1.aar (androidx.room:room-ktx:2.6.1) with JetifyTransform
Skipping AarTransform: C:\Users\user\.gradle\caches\transforms-3\cb4e1830d0316264aa08d7cecb5d49a4\transformed\jetified-play-services-ads-22.6.0 as it is up-to-date.
Caching disabled for AarTransform: C:\Users\user\.gradle\caches\transforms-3\401ad4d70a412e15a764e8464bd867fe\transformed\jetified-play-services-base-18.2.0 because:
  Build cache is disabled
Skipping AarTransform: C:\Users\user\.gradle\caches\transforms-3\401ad4d70a412e15a764e8464bd867fe\transformed\jetified-play-services-base-18.2.0 as it is up-to-date.
Transforming room-ktx-2.6.1.aar (androidx.room:room-ktx:2.6.1) with ExtractAarTransform
Caching disabled for AarTransform: C:\Users\user\.gradle\caches\transforms-3\6ed70369f3cbd7b6be9f1b6bf7536159\transformed\jetified-play-services-appset-16.0.1 because:
  Build cache is disabled
Transforming room-ktx-2.6.1.aar (androidx.room:room-ktx:2.6.1) with AarTransform
Skipping AarTransform: C:\Users\user\.gradle\caches\transforms-3\6ed70369f3cbd7b6be9f1b6bf7536159\transformed\jetified-play-services-appset-16.0.1 as it is up-to-date.
Transforming play-services-ads-lite-22.6.0.aar (com.google.android.gms:play-services-ads-lite:22.6.0) with JetifyTransform
Transforming play-services-ads-lite-22.6.0.aar (com.google.android.gms:play-services-ads-lite:22.6.0) with ExtractAarTransform
Transforming play-services-ads-lite-22.6.0.aar (com.google.android.gms:play-services-ads-lite:22.6.0) with AarTransform
Transforming work-runtime-2.7.0.aar (androidx.work:work-runtime:2.7.0) with JetifyTransform
Transforming work-runtime-2.7.0.aar (androidx.work:work-runtime:2.7.0) with ExtractAarTransform
Transforming work-runtime-2.7.0.aar (androidx.work:work-runtime:2.7.0) with AarTransform
Transforming room-runtime-2.6.1.aar (androidx.room:room-runtime:2.6.1) with JetifyTransform
Transforming room-runtime-2.6.1.aar (androidx.room:room-runtime:2.6.1) with ExtractAarTransform
Transforming room-runtime-2.6.1.aar (androidx.room:room-runtime:2.6.1) with AarTransform
Transforming room-paging-2.6.1.aar (androidx.room:room-paging:2.6.1) with JetifyTransform
Transforming room-paging-2.6.1.aar (androidx.room:room-paging:2.6.1) with ExtractAarTransform
Caching disabled for AarTransform: C:\Users\user\.gradle\caches\transforms-3\9fd41aa9d8f4ce40527fd11c9e9d8547\transformed\coordinatorlayout-1.1.0 because:
  Build cache is disabled
Transforming room-paging-2.6.1.aar (androidx.room:room-paging:2.6.1) with AarTransform
Caching disabled for AarTransform: C:\Users\user\.gradle\caches\transforms-3\4d4b3f0524238b36b1a0d4335e32a8e5\transformed\dynamicanimation-1.0.0 because:
  Build cache is disabled
Transforming paging-runtime-3.2.1.aar (androidx.paging:paging-runtime:3.2.1) with JetifyTransform
Skipping AarTransform: C:\Users\user\.gradle\caches\transforms-3\9fd41aa9d8f4ce40527fd11c9e9d8547\transformed\coordinatorlayout-1.1.0 as it is up-to-date.
Skipping AarTransform: C:\Users\user\.gradle\caches\transforms-3\4d4b3f0524238b36b1a0d4335e32a8e5\transformed\dynamicanimation-1.0.0 as it is up-to-date.
Caching disabled for AarTransform: C:\Users\user\.gradle\caches\transforms-3\c589b80479df8889d96e60fd7d9c5d2b\transformed\transition-1.2.0 because:
  Build cache is disabled
Skipping AarTransform: C:\Users\user\.gradle\caches\transforms-3\c589b80479df8889d96e60fd7d9c5d2b\transformed\transition-1.2.0 as it is up-to-date.
Transforming paging-runtime-3.2.1.aar (androidx.paging:paging-runtime:3.2.1) with ExtractAarTransform
Transforming paging-runtime-3.2.1.aar (androidx.paging:paging-runtime:3.2.1) with AarTransform
Caching disabled for AarTransform: C:\Users\user\.gradle\caches\transforms-3\778bb1a5d67e711cfa1d601e315d4ba6\transformed\drawerlayout-1.1.1 because:
  Build cache is disabled
Transforming paging-common-ktx-3.2.1.jar (androidx.paging:paging-common-ktx:3.2.1) with JetifyTransform
Skipping AarTransform: C:\Users\user\.gradle\caches\transforms-3\778bb1a5d67e711cfa1d601e315d4ba6\transformed\drawerlayout-1.1.1 as it is up-to-date.
Caching disabled for AarTransform: C:\Users\user\.gradle\caches\transforms-3\0f46e4ccc0eeb6bdb32e10768693dbb1\transformed\navigation-common-2.7.6 because:
  Build cache is disabled
Skipping AarTransform: C:\Users\user\.gradle\caches\transforms-3\0f46e4ccc0eeb6bdb32e10768693dbb1\transformed\navigation-common-2.7.6 as it is up-to-date.
Caching disabled for AarTransform: C:\Users\user\.gradle\caches\transforms-3\529160eccf25a2390ccb8db066af0ebf\transformed\jetified-hilt-navigation-compose-1.1.0 because:
  Build cache is disabled
Caching disabled for AarTransform: C:\Users\user\.gradle\caches\transforms-3\c91da17cc1cab4ba2d28b8a00826b7a4\transformed\vectordrawable-animated-1.1.0 because:
  Build cache is disabled
Caching disabled for AarTransform: C:\Users\user\.gradle\caches\transforms-3\5c3aa40a2b81e8d14341f580c5067842\transformed\jetified-hilt-navigation-1.1.0 because:
  Build cache is disabled
Transforming paging-common-3.2.1.jar (androidx.paging:paging-common:3.2.1) with JetifyTransform
Skipping AarTransform: C:\Users\user\.gradle\caches\transforms-3\5c3aa40a2b81e8d14341f580c5067842\transformed\jetified-hilt-navigation-1.1.0 as it is up-to-date.
Skipping AarTransform: C:\Users\user\.gradle\caches\transforms-3\529160eccf25a2390ccb8db066af0ebf\transformed\jetified-hilt-navigation-compose-1.1.0 as it is up-to-date.
Transforming paging-runtime-ktx-3.2.1.aar (androidx.paging:paging-runtime-ktx:3.2.1) with JetifyTransform
Caching disabled for AarTransform: C:\Users\user\.gradle\caches\transforms-3\3ce319f41dad2e0f26341deb50e79fea\transformed\navigation-runtime-2.7.6 because:
  Build cache is disabled
Skipping AarTransform: C:\Users\user\.gradle\caches\transforms-3\c91da17cc1cab4ba2d28b8a00826b7a4\transformed\vectordrawable-animated-1.1.0 as it is up-to-date.
Skipping AarTransform: C:\Users\user\.gradle\caches\transforms-3\3ce319f41dad2e0f26341deb50e79fea\transformed\navigation-runtime-2.7.6 as it is up-to-date.
Caching disabled for AarTransform: C:\Users\user\.gradle\caches\transforms-3\72921219f6734e39e36ce1ab1aad6d03\transformed\navigation-common-ktx-2.7.6 because:
  Build cache is disabled
Caching disabled for AarTransform: C:\Users\user\.gradle\caches\transforms-3\2619ed40ef3fa7bd0956e04ee7e7a9f1\transformed\vectordrawable-1.1.0 because:
  Build cache is disabled
Caching disabled for AarTransform: C:\Users\user\.gradle\caches\transforms-3\e867abbcf77ff1131be5b6df08de5eee\transformed\navigation-runtime-ktx-2.7.6 because:
  Build cache is disabled
Transforming paging-runtime-ktx-3.2.1.aar (androidx.paging:paging-runtime-ktx:3.2.1) with ExtractAarTransform
Skipping AarTransform: C:\Users\user\.gradle\caches\transforms-3\e867abbcf77ff1131be5b6df08de5eee\transformed\navigation-runtime-ktx-2.7.6 as it is up-to-date.
Skipping AarTransform: C:\Users\user\.gradle\caches\transforms-3\72921219f6734e39e36ce1ab1aad6d03\transformed\navigation-common-ktx-2.7.6 as it is up-to-date.
Skipping AarTransform: C:\Users\user\.gradle\caches\transforms-3\2619ed40ef3fa7bd0956e04ee7e7a9f1\transformed\vectordrawable-1.1.0 as it is up-to-date.
Transforming paging-runtime-ktx-3.2.1.aar (androidx.paging:paging-runtime-ktx:3.2.1) with AarTransform
Transforming paging-compose-3.2.1.aar (androidx.paging:paging-compose:3.2.1) with JetifyTransform
Caching disabled for AarTransform: C:\Users\user\.gradle\caches\transforms-3\f60bd6a2f18e5772f3e63663a99cb4e1\transformed\jetified-accompanist-permissions-0.32.0 because:
  Build cache is disabled
Skipping AarTransform: C:\Users\user\.gradle\caches\transforms-3\f60bd6a2f18e5772f3e63663a99cb4e1\transformed\jetified-accompanist-permissions-0.32.0 as it is up-to-date.
Caching disabled for AarTransform: C:\Users\user\.gradle\caches\transforms-3\ae35f69c27c9ae25ab61f505d1c73246\transformed\jetified-navigation-compose-2.7.6 because:
  Build cache is disabled
Transforming paging-compose-3.2.1.aar (androidx.paging:paging-compose:3.2.1) with ExtractAarTransform
Skipping AarTransform: C:\Users\user\.gradle\caches\transforms-3\ae35f69c27c9ae25ab61f505d1c73246\transformed\jetified-navigation-compose-2.7.6 as it is up-to-date.
Transforming paging-compose-3.2.1.aar (androidx.paging:paging-compose:3.2.1) with AarTransform
Transforming material3-release.aar (androidx.compose.material3:material3-android:1.2.0) with JetifyTransform
Transforming material3-release.aar (androidx.compose.material3:material3-android:1.2.0) with ExtractAarTransform
Transforming material3-release.aar (androidx.compose.material3:material3-android:1.2.0) with AarTransform
Transforming material-ripple-release.aar (androidx.compose.material:material-ripple-android:1.6.1) with JetifyTransform
Transforming material-ripple-release.aar (androidx.compose.material:material-ripple-android:1.6.1) with ExtractAarTransform
Transforming material-ripple-release.aar (androidx.compose.material:material-ripple-android:1.6.1) with AarTransform
Transforming material-icons-core-release.aar (androidx.compose.material:material-icons-core-android:1.6.1) with JetifyTransform
Caching disabled for AarTransform: C:\Users\user\.gradle\caches\transforms-3\a0851db4a7ec9890e76aff435b580121\transformed\room-runtime-2.6.1 because:
  Build cache is disabled
Transforming material-icons-core-release.aar (androidx.compose.material:material-icons-core-android:1.6.1) with ExtractAarTransform
Skipping AarTransform: C:\Users\user\.gradle\caches\transforms-3\a0851db4a7ec9890e76aff435b580121\transformed\room-runtime-2.6.1 as it is up-to-date.
Transforming material-icons-core-release.aar (androidx.compose.material:material-icons-core-android:1.6.1) with AarTransform
Transforming material-release.aar (androidx.compose.material:material-android:1.6.1) with JetifyTransform
Transforming material-release.aar (androidx.compose.material:material-android:1.6.1) with ExtractAarTransform
Caching disabled for AarTransform: C:\Users\user\.gradle\caches\transforms-3\deeed389b8629d1b86b0d43d85b80f15\transformed\jetified-room-ktx-2.6.1 because:
  Build cache is disabled
Transforming material-release.aar (androidx.compose.material:material-android:1.6.1) with AarTransform
Skipping AarTransform: C:\Users\user\.gradle\caches\transforms-3\deeed389b8629d1b86b0d43d85b80f15\transformed\jetified-room-ktx-2.6.1 as it is up-to-date.
Caching disabled for AarTransform: C:\Users\user\.gradle\caches\transforms-3\20b81b3594ace06c7a70dff3a2366e16\transformed\paging-runtime-3.2.1 because:
  Build cache is disabled
Caching disabled for AarTransform: C:\Users\user\.gradle\caches\transforms-3\d13efe73e15feb692f299aca534190ce\transformed\work-runtime-2.7.0 because:
  Build cache is disabled
Skipping AarTransform: C:\Users\user\.gradle\caches\transforms-3\20b81b3594ace06c7a70dff3a2366e16\transformed\paging-runtime-3.2.1 as it is up-to-date.
Transforming animation-core-release.aar (androidx.compose.animation:animation-core-android:1.6.1) with JetifyTransform
Skipping AarTransform: C:\Users\user\.gradle\caches\transforms-3\d13efe73e15feb692f299aca534190ce\transformed\work-runtime-2.7.0 as it is up-to-date.
Transforming animation-core-release.aar (androidx.compose.animation:animation-core-android:1.6.1) with ExtractAarTransform
Transforming animation-core-release.aar (androidx.compose.animation:animation-core-android:1.6.1) with AarTransform
Caching disabled for AarTransform: C:\Users\user\.gradle\caches\transforms-3\c4b49199efd8b05d152a707fc92393f9\transformed\jetified-play-services-ads-lite-22.6.0 because:
  Build cache is disabled
Transforming animation-release.aar (androidx.compose.animation:animation-android:1.6.1) with JetifyTransform
Skipping AarTransform: C:\Users\user\.gradle\caches\transforms-3\c4b49199efd8b05d152a707fc92393f9\transformed\jetified-play-services-ads-lite-22.6.0 as it is up-to-date.
Transforming animation-release.aar (androidx.compose.animation:animation-android:1.6.1) with ExtractAarTransform
Transforming animation-release.aar (androidx.compose.animation:animation-android:1.6.1) with AarTransform
Transforming foundation-layout-release.aar (androidx.compose.foundation:foundation-layout-android:1.6.1) with JetifyTransform
Caching disabled for AarTransform: C:\Users\user\.gradle\caches\transforms-3\48cbbb2a7e04ed4bd14f5ee9909e7333\transformed\jetified-room-paging-2.6.1 because:
  Build cache is disabled
Transforming foundation-layout-release.aar (androidx.compose.foundation:foundation-layout-android:1.6.1) with ExtractAarTransform
Skipping AarTransform: C:\Users\user\.gradle\caches\transforms-3\48cbbb2a7e04ed4bd14f5ee9909e7333\transformed\jetified-room-paging-2.6.1 as it is up-to-date.
Transforming foundation-layout-release.aar (androidx.compose.foundation:foundation-layout-android:1.6.1) with AarTransform
Transforming foundation-release.aar (androidx.compose.foundation:foundation-android:1.6.1) with JetifyTransform
Caching disabled for AarTransform: C:\Users\user\.gradle\caches\transforms-3\8773d98ab94b13f9d6437ce7e24c811e\transformed\jetified-paging-compose-3.2.1 because:
  Build cache is disabled
Skipping AarTransform: C:\Users\user\.gradle\caches\transforms-3\8773d98ab94b13f9d6437ce7e24c811e\transformed\jetified-paging-compose-3.2.1 as it is up-to-date.
Transforming foundation-release.aar (androidx.compose.foundation:foundation-android:1.6.1) with ExtractAarTransform
Transforming foundation-release.aar (androidx.compose.foundation:foundation-android:1.6.1) with AarTransform
Caching disabled for AarTransform: C:\Users\user\.gradle\caches\transforms-3\b6b0faadec3c628e9c76a6db86636b8a\transformed\jetified-material-ripple-release because:
  Build cache is disabled
Transforming ui-unit-release.aar (androidx.compose.ui:ui-unit-android:1.6.1) with JetifyTransform
Caching disabled for AarTransform: C:\Users\user\.gradle\caches\transforms-3\9eb07947c41291dd8dfaea7376b52cb3\transformed\jetified-material3-release because:
  Build cache is disabled
Caching disabled for AarTransform: C:\Users\user\.gradle\caches\transforms-3\88935f1d435615fcfcf4533f1e74a0c1\transformed\jetified-paging-runtime-ktx-3.2.1 because:
  Build cache is disabled
Skipping AarTransform: C:\Users\user\.gradle\caches\transforms-3\9eb07947c41291dd8dfaea7376b52cb3\transformed\jetified-material3-release as it is up-to-date.
Skipping AarTransform: C:\Users\user\.gradle\caches\transforms-3\88935f1d435615fcfcf4533f1e74a0c1\transformed\jetified-paging-runtime-ktx-3.2.1 as it is up-to-date.
Transforming ui-unit-release.aar (androidx.compose.ui:ui-unit-android:1.6.1) with ExtractAarTransform
Caching disabled for AarTransform: C:\Users\user\.gradle\caches\transforms-3\be77d38c4543d58a04ecd2e2930e4907\transformed\jetified-material-icons-core-release because:
  Build cache is disabled
Transforming ui-unit-release.aar (androidx.compose.ui:ui-unit-android:1.6.1) with AarTransform
Skipping AarTransform: C:\Users\user\.gradle\caches\transforms-3\be77d38c4543d58a04ecd2e2930e4907\transformed\jetified-material-icons-core-release as it is up-to-date.
Caching disabled for AarTransform: C:\Users\user\.gradle\caches\transforms-3\a8d18580fb95d594af0e3ea2434d1f2a\transformed\jetified-animation-core-release because:
  Build cache is disabled
Transforming ui-geometry-release.aar (androidx.compose.ui:ui-geometry-android:1.6.1) with JetifyTransform
Skipping AarTransform: C:\Users\user\.gradle\caches\transforms-3\a8d18580fb95d594af0e3ea2434d1f2a\transformed\jetified-animation-core-release as it is up-to-date.
Transforming ui-geometry-release.aar (androidx.compose.ui:ui-geometry-android:1.6.1) with ExtractAarTransform
Caching disabled for AarTransform: C:\Users\user\.gradle\caches\transforms-3\cbc2465336ded970d23300a578f47882\transformed\jetified-material-release because:
  Build cache is disabled
Caching disabled for AarTransform: C:\Users\user\.gradle\caches\transforms-3\c0256db1311281ff7005418483771fda\transformed\jetified-foundation-layout-release because:
  Build cache is disabled
Transforming ui-geometry-release.aar (androidx.compose.ui:ui-geometry-android:1.6.1) with AarTransform
Skipping AarTransform: C:\Users\user\.gradle\caches\transforms-3\c0256db1311281ff7005418483771fda\transformed\jetified-foundation-layout-release as it is up-to-date.
Skipping AarTransform: C:\Users\user\.gradle\caches\transforms-3\b6b0faadec3c628e9c76a6db86636b8a\transformed\jetified-material-ripple-release as it is up-to-date.
Transforming ui-util-release.aar (androidx.compose.ui:ui-util-android:1.6.1) with JetifyTransform
Skipping AarTransform: C:\Users\user\.gradle\caches\transforms-3\cbc2465336ded970d23300a578f47882\transformed\jetified-material-release as it is up-to-date.
Transforming ui-util-release.aar (androidx.compose.ui:ui-util-android:1.6.1) with ExtractAarTransform
Transforming ui-util-release.aar (androidx.compose.ui:ui-util-android:1.6.1) with AarTransform
Transforming ui-text-release.aar (androidx.compose.ui:ui-text-android:1.6.1) with JetifyTransform
Caching disabled for AarTransform: C:\Users\user\.gradle\caches\transforms-3\0a80b947bb60c2e5812c98a4cde80cb9\transformed\jetified-animation-release because:
  Build cache is disabled
Skipping AarTransform: C:\Users\user\.gradle\caches\transforms-3\0a80b947bb60c2e5812c98a4cde80cb9\transformed\jetified-animation-release as it is up-to-date.
Transforming ui-text-release.aar (androidx.compose.ui:ui-text-android:1.6.1) with ExtractAarTransform
Transforming ui-text-release.aar (androidx.compose.ui:ui-text-android:1.6.1) with AarTransform
Transforming ui-tooling-preview-release.aar (androidx.compose.ui:ui-tooling-preview-android:1.6.1) with JetifyTransform
Caching disabled for AarTransform: C:\Users\user\.gradle\caches\transforms-3\a2969d7a46a5d26397bd0a40364b7789\transformed\jetified-ui-unit-release because:
  Build cache is disabled
Caching disabled for AarTransform: C:\Users\user\.gradle\caches\transforms-3\1371974239ba7d2e1f74577aa0076246\transformed\jetified-foundation-release because:
  Build cache is disabled
Skipping AarTransform: C:\Users\user\.gradle\caches\transforms-3\a2969d7a46a5d26397bd0a40364b7789\transformed\jetified-ui-unit-release as it is up-to-date.
Transforming ui-tooling-preview-release.aar (androidx.compose.ui:ui-tooling-preview-android:1.6.1) with ExtractAarTransform
Skipping AarTransform: C:\Users\user\.gradle\caches\transforms-3\1371974239ba7d2e1f74577aa0076246\transformed\jetified-foundation-release as it is up-to-date.
Transforming ui-tooling-preview-release.aar (androidx.compose.ui:ui-tooling-preview-android:1.6.1) with AarTransform
Transforming ui-graphics-release.aar (androidx.compose.ui:ui-graphics-android:1.6.1) with JetifyTransform
Transforming ui-graphics-release.aar (androidx.compose.ui:ui-graphics-android:1.6.1) with ExtractAarTransform
Transforming ui-graphics-release.aar (androidx.compose.ui:ui-graphics-android:1.6.1) with AarTransform
Transforming runtime-saveable-release.aar (androidx.compose.runtime:runtime-saveable-android:1.6.1) with JetifyTransform
Caching disabled for AarTransform: C:\Users\user\.gradle\caches\transforms-3\ca905dde751b020875aee835366c918b\transformed\jetified-ui-geometry-release because:
  Build cache is disabled
Caching disabled for AarTransform: C:\Users\user\.gradle\caches\transforms-3\a24bbb3d7412e2af4b948b956c9db569\transformed\jetified-ui-util-release because:
  Build cache is disabled
Skipping AarTransform: C:\Users\user\.gradle\caches\transforms-3\ca905dde751b020875aee835366c918b\transformed\jetified-ui-geometry-release as it is up-to-date.
Transforming runtime-saveable-release.aar (androidx.compose.runtime:runtime-saveable-android:1.6.1) with ExtractAarTransform
Skipping AarTransform: C:\Users\user\.gradle\caches\transforms-3\a24bbb3d7412e2af4b948b956c9db569\transformed\jetified-ui-util-release as it is up-to-date.
Transforming runtime-saveable-release.aar (androidx.compose.runtime:runtime-saveable-android:1.6.1) with AarTransform
Transforming runtime-release.aar (androidx.compose.runtime:runtime-android:1.6.1) with JetifyTransform
Transforming runtime-release.aar (androidx.compose.runtime:runtime-android:1.6.1) with ExtractAarTransform
Caching disabled for AarTransform: C:\Users\user\.gradle\caches\transforms-3\153cbe083d7bbbca75db78a9ed87c037\transformed\jetified-ui-text-release because:
  Build cache is disabled
Transforming runtime-release.aar (androidx.compose.runtime:runtime-android:1.6.1) with AarTransform
Skipping AarTransform: C:\Users\user\.gradle\caches\transforms-3\153cbe083d7bbbca75db78a9ed87c037\transformed\jetified-ui-text-release as it is up-to-date.
Transforming runtime-livedata-1.6.1.aar (androidx.compose.runtime:runtime-livedata:1.6.1) with JetifyTransform
Transforming runtime-livedata-1.6.1.aar (androidx.compose.runtime:runtime-livedata:1.6.1) with ExtractAarTransform
Transforming runtime-livedata-1.6.1.aar (androidx.compose.runtime:runtime-livedata:1.6.1) with AarTransform
Transforming hilt-android-2.49.aar (com.google.dagger:hilt-android:2.49) with JetifyTransform
Transforming hilt-android-2.49.aar (com.google.dagger:hilt-android:2.49) with ExtractAarTransform
Caching disabled for AarTransform: C:\Users\user\.gradle\caches\transforms-3\d0defa3efce5913b5e3d5a8aac5cb6a4\transformed\jetified-ui-graphics-release because:
  Build cache is disabled
Transforming hilt-android-2.49.aar (com.google.dagger:hilt-android:2.49) with AarTransform
Caching disabled for AarTransform: C:\Users\user\.gradle\caches\transforms-3\8d3e065e204b9a972c9d9d381b9eab8e\transformed\jetified-ui-tooling-preview-release because:
  Build cache is disabled
Transforming play-services-tasks-18.0.2.aar (com.google.android.gms:play-services-tasks:18.0.2) with JetifyTransform
Skipping AarTransform: C:\Users\user\.gradle\caches\transforms-3\d0defa3efce5913b5e3d5a8aac5cb6a4\transformed\jetified-ui-graphics-release as it is up-to-date.
Transforming play-services-tasks-18.0.2.aar (com.google.android.gms:play-services-tasks:18.0.2) with ExtractAarTransform
Skipping AarTransform: C:\Users\user\.gradle\caches\transforms-3\8d3e065e204b9a972c9d9d381b9eab8e\transformed\jetified-ui-tooling-preview-release as it is up-to-date.
Transforming play-services-tasks-18.0.2.aar (com.google.android.gms:play-services-tasks:18.0.2) with AarTransform
Transforming play-services-tasks-18.0.2.aar (com.google.android.gms:play-services-tasks:18.0.2) with JetifyTransform
Transforming play-services-tasks-18.0.2.aar (com.google.android.gms:play-services-tasks:18.0.2) with ExtractAarTransform
Transforming play-services-tasks-18.0.2.aar (com.google.android.gms:play-services-tasks:18.0.2) with AarTransform
Transforming play-services-tasks-18.0.2.aar (com.google.android.gms:play-services-tasks:18.0.2) with JetifyTransform
Transforming play-services-tasks-18.0.2.aar (com.google.android.gms:play-services-tasks:18.0.2) with ExtractAarTransform
Transforming play-services-tasks-18.0.2.aar (com.google.android.gms:play-services-tasks:18.0.2) with AarTransform
Caching disabled for AarTransform: C:\Users\user\.gradle\caches\transforms-3\a12ebe0bcfa38772b01b24696e6db1a0\transformed\jetified-runtime-saveable-release because:
  Build cache is disabled
Transforming play-services-ads-base-22.6.0.aar (com.google.android.gms:play-services-ads-base:22.6.0) with JetifyTransform
Skipping AarTransform: C:\Users\user\.gradle\caches\transforms-3\a12ebe0bcfa38772b01b24696e6db1a0\transformed\jetified-runtime-saveable-release as it is up-to-date.
Transforming play-services-ads-base-22.6.0.aar (com.google.android.gms:play-services-ads-base:22.6.0) with ExtractAarTransform
Caching disabled for AarTransform: C:\Users\user\.gradle\caches\transforms-3\40952bfae19697ea740a0392ac032553\transformed\jetified-runtime-release because:
  Build cache is disabled
Transforming play-services-ads-base-22.6.0.aar (com.google.android.gms:play-services-ads-base:22.6.0) with AarTransform
Skipping AarTransform: C:\Users\user\.gradle\caches\transforms-3\40952bfae19697ea740a0392ac032553\transformed\jetified-runtime-release as it is up-to-date.
Transforming play-services-ads-base-22.6.0.aar (com.google.android.gms:play-services-ads-base:22.6.0) with JetifyTransform
Caching disabled for AarTransform: C:\Users\user\.gradle\caches\transforms-3\86393e3996726b41f76008ce236fad9e\transformed\jetified-runtime-livedata-1.6.1 because:
  Build cache is disabled
Caching disabled for AarTransform: C:\Users\user\.gradle\caches\transforms-3\7609d0ec1dd432c286d684064b087864\transformed\jetified-hilt-android-2.49 because:
  Build cache is disabled
Skipping AarTransform: C:\Users\user\.gradle\caches\transforms-3\86393e3996726b41f76008ce236fad9e\transformed\jetified-runtime-livedata-1.6.1 as it is up-to-date.
Skipping AarTransform: C:\Users\user\.gradle\caches\transforms-3\7609d0ec1dd432c286d684064b087864\transformed\jetified-hilt-android-2.49 as it is up-to-date.
Caching disabled for AarTransform: C:\Users\user\.gradle\caches\transforms-3\09909989bcc6df1cb4cf8f5bc33de582\transformed\jetified-play-services-tasks-18.0.2 because:
  Build cache is disabled
Transforming play-services-ads-base-22.6.0.aar (com.google.android.gms:play-services-ads-base:22.6.0) with ExtractAarTransform
Transforming play-services-ads-base-22.6.0.aar (com.google.android.gms:play-services-ads-base:22.6.0) with AarTransform
Skipping AarTransform: C:\Users\user\.gradle\caches\transforms-3\09909989bcc6df1cb4cf8f5bc33de582\transformed\jetified-play-services-tasks-18.0.2 as it is up-to-date.
Transforming user-messaging-platform-2.1.0.aar (com.google.android.ump:user-messaging-platform:2.1.0) with JetifyTransform
Transforming user-messaging-platform-2.1.0.aar (com.google.android.ump:user-messaging-platform:2.1.0) with ExtractAarTransform
Transforming user-messaging-platform-2.1.0.aar (com.google.android.ump:user-messaging-platform:2.1.0) with AarTransform
Transforming play-services-ads-identifier-18.0.0.aar (com.google.android.gms:play-services-ads-identifier:18.0.0) with JetifyTransform
Transforming play-services-ads-identifier-18.0.0.aar (com.google.android.gms:play-services-ads-identifier:18.0.0) with ExtractAarTransform
Transforming play-services-ads-identifier-18.0.0.aar (com.google.android.gms:play-services-ads-identifier:18.0.0) with AarTransform
Transforming play-services-ads-identifier-18.0.0.aar (com.google.android.gms:play-services-ads-identifier:18.0.0) with JetifyTransform
Transforming play-services-ads-identifier-18.0.0.aar (com.google.android.gms:play-services-ads-identifier:18.0.0) with ExtractAarTransform
Transforming play-services-ads-identifier-18.0.0.aar (com.google.android.gms:play-services-ads-identifier:18.0.0) with AarTransform
Transforming play-services-measurement-sdk-api-20.1.2.aar (com.google.android.gms:play-services-measurement-sdk-api:20.1.2) with JetifyTransform
Transforming play-services-measurement-sdk-api-20.1.2.aar (com.google.android.gms:play-services-measurement-sdk-api:20.1.2) with ExtractAarTransform
Transforming play-services-measurement-sdk-api-20.1.2.aar (com.google.android.gms:play-services-measurement-sdk-api:20.1.2) with AarTransform
Transforming play-services-measurement-base-20.1.2.aar (com.google.android.gms:play-services-measurement-base:20.1.2) with JetifyTransform
Transforming play-services-measurement-base-20.1.2.aar (com.google.android.gms:play-services-measurement-base:20.1.2) with ExtractAarTransform
Transforming play-services-measurement-base-20.1.2.aar (com.google.android.gms:play-services-measurement-base:20.1.2) with AarTransform
Transforming play-services-basement-18.2.0.aar (com.google.android.gms:play-services-basement:18.2.0) with JetifyTransform
Caching disabled for AarTransform: C:\Users\user\.gradle\caches\transforms-3\fefcfe30ff50cfe07535bb3f9f29fec4\transformed\jetified-play-services-ads-base-22.6.0 because:
  Build cache is disabled
Transforming play-services-basement-18.2.0.aar (com.google.android.gms:play-services-basement:18.2.0) with ExtractAarTransform
Skipping AarTransform: C:\Users\user\.gradle\caches\transforms-3\fefcfe30ff50cfe07535bb3f9f29fec4\transformed\jetified-play-services-ads-base-22.6.0 as it is up-to-date.
Transforming play-services-basement-18.2.0.aar (com.google.android.gms:play-services-basement:18.2.0) with AarTransform
Transforming play-services-basement-18.2.0.aar (com.google.android.gms:play-services-basement:18.2.0) with JetifyTransform
Transforming play-services-basement-18.2.0.aar (com.google.android.gms:play-services-basement:18.2.0) with ExtractAarTransform
Transforming play-services-basement-18.2.0.aar (com.google.android.gms:play-services-basement:18.2.0) with AarTransform
Transforming play-services-basement-18.2.0.aar (com.google.android.gms:play-services-basement:18.2.0) with JetifyTransform
Transforming play-services-basement-18.2.0.aar (com.google.android.gms:play-services-basement:18.2.0) with ExtractAarTransform
Transforming play-services-basement-18.2.0.aar (com.google.android.gms:play-services-basement:18.2.0) with AarTransform
Transforming play-services-basement-18.2.0.aar (com.google.android.gms:play-services-basement:18.2.0) with JetifyTransform
Transforming play-services-basement-18.2.0.aar (com.google.android.gms:play-services-basement:18.2.0) with ExtractAarTransform
Transforming play-services-basement-18.2.0.aar (com.google.android.gms:play-services-basement:18.2.0) with AarTransform
Transforming play-services-basement-18.2.0.aar (com.google.android.gms:play-services-basement:18.2.0) with JetifyTransform
Transforming play-services-basement-18.2.0.aar (com.google.android.gms:play-services-basement:18.2.0) with ExtractAarTransform
Transforming play-services-basement-18.2.0.aar (com.google.android.gms:play-services-basement:18.2.0) with AarTransform
Transforming play-services-basement-18.2.0.aar (com.google.android.gms:play-services-basement:18.2.0) with JetifyTransform
Caching disabled for AarTransform: C:\Users\user\.gradle\caches\transforms-3\2a2496b4dd7bead2a2d5dfdd36faba56\transformed\jetified-user-messaging-platform-2.1.0 because:
  Build cache is disabled
Caching disabled for AarTransform: C:\Users\user\.gradle\caches\transforms-3\7bc33f1b9169acd2dfd1a37a27683ae2\transformed\jetified-play-services-measurement-base-20.1.2 because:
  Build cache is disabled
Skipping AarTransform: C:\Users\user\.gradle\caches\transforms-3\2a2496b4dd7bead2a2d5dfdd36faba56\transformed\jetified-user-messaging-platform-2.1.0 as it is up-to-date.
Caching disabled for AarTransform: C:\Users\user\.gradle\caches\transforms-3\ff995add00743d0c496c4d8e0ee10f1e\transformed\jetified-play-services-ads-identifier-18.0.0 because:
  Build cache is disabled
Transforming play-services-basement-18.2.0.aar (com.google.android.gms:play-services-basement:18.2.0) with ExtractAarTransform
Skipping AarTransform: C:\Users\user\.gradle\caches\transforms-3\ff995add00743d0c496c4d8e0ee10f1e\transformed\jetified-play-services-ads-identifier-18.0.0 as it is up-to-date.
Caching disabled for AarTransform: C:\Users\user\.gradle\caches\transforms-3\b28c9dde44421952352d4ece06208963\transformed\jetified-play-services-measurement-sdk-api-20.1.2 because:
  Build cache is disabled
Skipping AarTransform: C:\Users\user\.gradle\caches\transforms-3\7bc33f1b9169acd2dfd1a37a27683ae2\transformed\jetified-play-services-measurement-base-20.1.2 as it is up-to-date.
Transforming play-services-basement-18.2.0.aar (com.google.android.gms:play-services-basement:18.2.0) with AarTransform
Skipping AarTransform: C:\Users\user\.gradle\caches\transforms-3\b28c9dde44421952352d4ece06208963\transformed\jetified-play-services-measurement-sdk-api-20.1.2 as it is up-to-date.
Transforming play-services-basement-18.2.0.aar (com.google.android.gms:play-services-basement:18.2.0) with JetifyTransform
Transforming play-services-basement-18.2.0.aar (com.google.android.gms:play-services-basement:18.2.0) with ExtractAarTransform
Transforming play-services-basement-18.2.0.aar (com.google.android.gms:play-services-basement:18.2.0) with AarTransform
Transforming play-services-basement-18.2.0.aar (com.google.android.gms:play-services-basement:18.2.0) with JetifyTransform
Transforming play-services-basement-18.2.0.aar (com.google.android.gms:play-services-basement:18.2.0) with ExtractAarTransform
Transforming play-services-basement-18.2.0.aar (com.google.android.gms:play-services-basement:18.2.0) with AarTransform
Transforming play-services-basement-18.2.0.aar (com.google.android.gms:play-services-basement:18.2.0) with JetifyTransform
Transforming play-services-basement-18.2.0.aar (com.google.android.gms:play-services-basement:18.2.0) with ExtractAarTransform
Transforming play-services-basement-18.2.0.aar (com.google.android.gms:play-services-basement:18.2.0) with AarTransform
Caching disabled for AarTransform: C:\Users\user\.gradle\caches\transforms-3\a98fef1d1520166b9b08927ea1e4f9aa\transformed\jetified-play-services-basement-18.2.0 because:
  Build cache is disabled
Transforming play-services-basement-18.2.0.aar (com.google.android.gms:play-services-basement:18.2.0) with JetifyTransform
Skipping AarTransform: C:\Users\user\.gradle\caches\transforms-3\a98fef1d1520166b9b08927ea1e4f9aa\transformed\jetified-play-services-basement-18.2.0 as it is up-to-date.
Transforming play-services-basement-18.2.0.aar (com.google.android.gms:play-services-basement:18.2.0) with ExtractAarTransform
Transforming play-services-basement-18.2.0.aar (com.google.android.gms:play-services-basement:18.2.0) with AarTransform
Transforming fragment-1.5.1.aar (androidx.fragment:fragment:1.5.1) with JetifyTransform
Transforming fragment-1.5.1.aar (androidx.fragment:fragment:1.5.1) with ExtractAarTransform
Transforming fragment-1.5.1.aar (androidx.fragment:fragment:1.5.1) with AarTransform
Transforming fragment-1.5.1.aar (androidx.fragment:fragment:1.5.1) with JetifyTransform
Transforming fragment-1.5.1.aar (androidx.fragment:fragment:1.5.1) with ExtractAarTransform
Transforming fragment-1.5.1.aar (androidx.fragment:fragment:1.5.1) with AarTransform
Transforming fragment-1.5.1.aar (androidx.fragment:fragment:1.5.1) with JetifyTransform
Transforming fragment-1.5.1.aar (androidx.fragment:fragment:1.5.1) with ExtractAarTransform
Transforming fragment-1.5.1.aar (androidx.fragment:fragment:1.5.1) with AarTransform
Transforming fragment-1.5.1.aar (androidx.fragment:fragment:1.5.1) with JetifyTransform
Transforming fragment-1.5.1.aar (androidx.fragment:fragment:1.5.1) with ExtractAarTransform
Transforming fragment-1.5.1.aar (androidx.fragment:fragment:1.5.1) with AarTransform
Transforming emoji2-views-helper-1.3.0.aar (androidx.emoji2:emoji2-views-helper:1.3.0) with JetifyTransform
Transforming emoji2-views-helper-1.3.0.aar (androidx.emoji2:emoji2-views-helper:1.3.0) with ExtractAarTransform
Transforming emoji2-views-helper-1.3.0.aar (androidx.emoji2:emoji2-views-helper:1.3.0) with AarTransform
Transforming emoji2-1.3.0.aar (androidx.emoji2:emoji2:1.3.0) with JetifyTransform
Transforming emoji2-1.3.0.aar (androidx.emoji2:emoji2:1.3.0) with ExtractAarTransform
Transforming emoji2-1.3.0.aar (androidx.emoji2:emoji2:1.3.0) with AarTransform
Transforming lifecycle-process-2.7.0.aar (androidx.lifecycle:lifecycle-process:2.7.0) with JetifyTransform
Transforming lifecycle-process-2.7.0.aar (androidx.lifecycle:lifecycle-process:2.7.0) with ExtractAarTransform
Transforming lifecycle-process-2.7.0.aar (androidx.lifecycle:lifecycle-process:2.7.0) with AarTransform
Transforming lifecycle-service-2.7.0.aar (androidx.lifecycle:lifecycle-service:2.7.0) with JetifyTransform
Transforming lifecycle-service-2.7.0.aar (androidx.lifecycle:lifecycle-service:2.7.0) with ExtractAarTransform
Transforming lifecycle-service-2.7.0.aar (androidx.lifecycle:lifecycle-service:2.7.0) with AarTransform
Transforming lifecycle-livedata-core-ktx-2.7.0.aar (androidx.lifecycle:lifecycle-livedata-core-ktx:2.7.0) with JetifyTransform
Caching disabled for AarTransform: C:\Users\user\.gradle\caches\transforms-3\ce43085ba0af9184b2d8510666d1eb4c\transformed\fragment-1.5.1 because:
  Build cache is disabled
Skipping AarTransform: C:\Users\user\.gradle\caches\transforms-3\ce43085ba0af9184b2d8510666d1eb4c\transformed\fragment-1.5.1 as it is up-to-date.
Transforming lifecycle-livedata-core-ktx-2.7.0.aar (androidx.lifecycle:lifecycle-livedata-core-ktx:2.7.0) with ExtractAarTransform
Transforming lifecycle-livedata-core-ktx-2.7.0.aar (androidx.lifecycle:lifecycle-livedata-core-ktx:2.7.0) with AarTransform
Transforming lifecycle-livedata-ktx-2.7.0.aar (androidx.lifecycle:lifecycle-livedata-ktx:2.7.0) with JetifyTransform
Caching disabled for AarTransform: C:\Users\user\.gradle\caches\transforms-3\2e6a11253b53f57b3b9d26b8fa62696e\transformed\jetified-emoji2-views-helper-1.3.0 because:
  Build cache is disabled
Transforming lifecycle-livedata-ktx-2.7.0.aar (androidx.lifecycle:lifecycle-livedata-ktx:2.7.0) with ExtractAarTransform
Caching disabled for AarTransform: C:\Users\user\.gradle\caches\transforms-3\3bde4be5f64196dc9d79c4d702f48306\transformed\jetified-emoji2-1.3.0 because:
  Build cache is disabled
Transforming lifecycle-livedata-ktx-2.7.0.aar (androidx.lifecycle:lifecycle-livedata-ktx:2.7.0) with AarTransform
Skipping AarTransform: C:\Users\user\.gradle\caches\transforms-3\3bde4be5f64196dc9d79c4d702f48306\transformed\jetified-emoji2-1.3.0 as it is up-to-date.
Transforming lifecycle-livedata-core-2.7.0.aar (androidx.lifecycle:lifecycle-livedata-core:2.7.0) with JetifyTransform
Caching disabled for AarTransform: C:\Users\user\.gradle\caches\transforms-3\32759966595792c9a2f9091d1711a6d5\transformed\jetified-lifecycle-service-2.7.0 because:
  Build cache is disabled
Skipping AarTransform: C:\Users\user\.gradle\caches\transforms-3\2e6a11253b53f57b3b9d26b8fa62696e\transformed\jetified-emoji2-views-helper-1.3.0 as it is up-to-date.
Skipping AarTransform: C:\Users\user\.gradle\caches\transforms-3\32759966595792c9a2f9091d1711a6d5\transformed\jetified-lifecycle-service-2.7.0 as it is up-to-date.
Transforming lifecycle-livedata-core-2.7.0.aar (androidx.lifecycle:lifecycle-livedata-core:2.7.0) with ExtractAarTransform
Caching disabled for AarTransform: C:\Users\user\.gradle\caches\transforms-3\befba8fbd8bdeb7a931e0ef64310fd03\transformed\jetified-lifecycle-process-2.7.0 because:
  Build cache is disabled
Transforming lifecycle-livedata-core-2.7.0.aar (androidx.lifecycle:lifecycle-livedata-core:2.7.0) with AarTransform
Skipping AarTransform: C:\Users\user\.gradle\caches\transforms-3\befba8fbd8bdeb7a931e0ef64310fd03\transformed\jetified-lifecycle-process-2.7.0 as it is up-to-date.
Transforming legacy-support-core-utils-1.0.0.aar (androidx.legacy:legacy-support-core-utils:1.0.0) with JetifyTransform
Transforming legacy-support-core-utils-1.0.0.aar (androidx.legacy:legacy-support-core-utils:1.0.0) with ExtractAarTransform
Caching disabled for AarTransform: C:\Users\user\.gradle\caches\transforms-3\39183825c891526e3de148cba7025d38\transformed\jetified-lifecycle-livedata-core-ktx-2.7.0 because:
  Build cache is disabled
Transforming legacy-support-core-utils-1.0.0.aar (androidx.legacy:legacy-support-core-utils:1.0.0) with AarTransform
Skipping AarTransform: C:\Users\user\.gradle\caches\transforms-3\39183825c891526e3de148cba7025d38\transformed\jetified-lifecycle-livedata-core-ktx-2.7.0 as it is up-to-date.
Transforming loader-1.0.0.aar (androidx.loader:loader:1.0.0) with JetifyTransform
Transforming loader-1.0.0.aar (androidx.loader:loader:1.0.0) with ExtractAarTransform
Transforming loader-1.0.0.aar (androidx.loader:loader:1.0.0) with AarTransform
Caching disabled for AarTransform: C:\Users\user\.gradle\caches\transforms-3\8bdbdf69ffb075614c5a434d355a0f8b\transformed\jetified-lifecycle-livedata-ktx-2.7.0 because:
  Build cache is disabled
Transforming loader-1.0.0.aar (androidx.loader:loader:1.0.0) with JetifyTransform
Skipping AarTransform: C:\Users\user\.gradle\caches\transforms-3\8bdbdf69ffb075614c5a434d355a0f8b\transformed\jetified-lifecycle-livedata-ktx-2.7.0 as it is up-to-date.
Transforming loader-1.0.0.aar (androidx.loader:loader:1.0.0) with ExtractAarTransform
Transforming loader-1.0.0.aar (androidx.loader:loader:1.0.0) with AarTransform
Transforming lifecycle-livedata-2.7.0.aar (androidx.lifecycle:lifecycle-livedata:2.7.0) with JetifyTransform
Transforming lifecycle-livedata-2.7.0.aar (androidx.lifecycle:lifecycle-livedata:2.7.0) with ExtractAarTransform
Caching disabled for AarTransform: C:\Users\user\.gradle\caches\transforms-3\405ea0b6b50f1060e1e85abd75c2300a\transformed\lifecycle-livedata-core-2.7.0 because:
  Build cache is disabled
Transforming lifecycle-livedata-2.7.0.aar (androidx.lifecycle:lifecycle-livedata:2.7.0) with AarTransform
Transforming lifecycle-livedata-2.7.0.aar (androidx.lifecycle:lifecycle-livedata:2.7.0) with JetifyTransform
Skipping AarTransform: C:\Users\user\.gradle\caches\transforms-3\405ea0b6b50f1060e1e85abd75c2300a\transformed\lifecycle-livedata-core-2.7.0 as it is up-to-date.
Transforming lifecycle-livedata-2.7.0.aar (androidx.lifecycle:lifecycle-livedata:2.7.0) with ExtractAarTransform
Transforming lifecycle-livedata-2.7.0.aar (androidx.lifecycle:lifecycle-livedata:2.7.0) with AarTransform
Transforming savedstate-ktx-1.2.1.aar (androidx.savedstate:savedstate-ktx:1.2.1) with JetifyTransform
Transforming savedstate-ktx-1.2.1.aar (androidx.savedstate:savedstate-ktx:1.2.1) with ExtractAarTransform
Transforming savedstate-ktx-1.2.1.aar (androidx.savedstate:savedstate-ktx:1.2.1) with AarTransform
Transforming savedstate-1.2.1.aar (androidx.savedstate:savedstate:1.2.1) with JetifyTransform
Transforming savedstate-1.2.1.aar (androidx.savedstate:savedstate:1.2.1) with ExtractAarTransform
Transforming savedstate-1.2.1.aar (androidx.savedstate:savedstate:1.2.1) with AarTransform
Transforming lifecycle-common-2.7.0.jar (androidx.lifecycle:lifecycle-common:2.7.0) with JetifyTransform
Transforming lifecycle-viewmodel-savedstate-2.7.0.aar (androidx.lifecycle:lifecycle-viewmodel-savedstate:2.7.0) with JetifyTransform
Caching disabled for AarTransform: C:\Users\user\.gradle\caches\transforms-3\06eaa3d4db2446ae08073b00af0f9f1e\transformed\legacy-support-core-utils-1.0.0 because:
  Build cache is disabled
Caching disabled for AarTransform: C:\Users\user\.gradle\caches\transforms-3\aa2ff84b73bdf2fedfb6304d3a34c1c2\transformed\loader-1.0.0 because:
  Build cache is disabled
Skipping AarTransform: C:\Users\user\.gradle\caches\transforms-3\06eaa3d4db2446ae08073b00af0f9f1e\transformed\legacy-support-core-utils-1.0.0 as it is up-to-date.
Skipping AarTransform: C:\Users\user\.gradle\caches\transforms-3\aa2ff84b73bdf2fedfb6304d3a34c1c2\transformed\loader-1.0.0 as it is up-to-date.
Transforming lifecycle-viewmodel-savedstate-2.7.0.aar (androidx.lifecycle:lifecycle-viewmodel-savedstate:2.7.0) with ExtractAarTransform
Transforming lifecycle-viewmodel-savedstate-2.7.0.aar (androidx.lifecycle:lifecycle-viewmodel-savedstate:2.7.0) with AarTransform
Caching disabled for AarTransform: C:\Users\user\.gradle\caches\transforms-3\be6eabc1e7597f5af8694205534369ad\transformed\lifecycle-livedata-2.7.0 because:
  Build cache is disabled
Transforming lifecycle-viewmodel-ktx-2.7.0.aar (androidx.lifecycle:lifecycle-viewmodel-ktx:2.7.0) with JetifyTransform
Skipping AarTransform: C:\Users\user\.gradle\caches\transforms-3\be6eabc1e7597f5af8694205534369ad\transformed\lifecycle-livedata-2.7.0 as it is up-to-date.
Transforming lifecycle-viewmodel-ktx-2.7.0.aar (androidx.lifecycle:lifecycle-viewmodel-ktx:2.7.0) with ExtractAarTransform
Transforming lifecycle-viewmodel-ktx-2.7.0.aar (androidx.lifecycle:lifecycle-viewmodel-ktx:2.7.0) with AarTransform
Transforming lifecycle-common-java8-2.7.0.jar (androidx.lifecycle:lifecycle-common-java8:2.7.0) with JetifyTransform
Transforming lifecycle-viewmodel-2.7.0.aar (androidx.lifecycle:lifecycle-viewmodel:2.7.0) with JetifyTransform
Caching disabled for AarTransform: C:\Users\user\.gradle\caches\transforms-3\729f0ee4f5c310ded66695d5e416a80a\transformed\jetified-savedstate-1.2.1 because:
  Build cache is disabled
Caching disabled for AarTransform: C:\Users\user\.gradle\caches\transforms-3\d13525a792cc64e11bbc6a846969e153\transformed\jetified-savedstate-ktx-1.2.1 because:
  Build cache is disabled
Skipping AarTransform: C:\Users\user\.gradle\caches\transforms-3\729f0ee4f5c310ded66695d5e416a80a\transformed\jetified-savedstate-1.2.1 as it is up-to-date.
Transforming lifecycle-viewmodel-2.7.0.aar (androidx.lifecycle:lifecycle-viewmodel:2.7.0) with ExtractAarTransform
Skipping AarTransform: C:\Users\user\.gradle\caches\transforms-3\d13525a792cc64e11bbc6a846969e153\transformed\jetified-savedstate-ktx-1.2.1 as it is up-to-date.
Transforming lifecycle-viewmodel-2.7.0.aar (androidx.lifecycle:lifecycle-viewmodel:2.7.0) with AarTransform
Transforming lifecycle-viewmodel-2.7.0.aar (androidx.lifecycle:lifecycle-viewmodel:2.7.0) with JetifyTransform
Transforming lifecycle-viewmodel-2.7.0.aar (androidx.lifecycle:lifecycle-viewmodel:2.7.0) with ExtractAarTransform
Transforming lifecycle-viewmodel-2.7.0.aar (androidx.lifecycle:lifecycle-viewmodel:2.7.0) with AarTransform
Transforming lifecycle-runtime-2.7.0.aar (androidx.lifecycle:lifecycle-runtime:2.7.0) with JetifyTransform
Transforming lifecycle-runtime-2.7.0.aar (androidx.lifecycle:lifecycle-runtime:2.7.0) with ExtractAarTransform
Transforming lifecycle-runtime-2.7.0.aar (androidx.lifecycle:lifecycle-runtime:2.7.0) with AarTransform
Transforming lifecycle-runtime-ktx-2.7.0.aar (androidx.lifecycle:lifecycle-runtime-ktx:2.7.0) with JetifyTransform
Transforming lifecycle-runtime-ktx-2.7.0.aar (androidx.lifecycle:lifecycle-runtime-ktx:2.7.0) with ExtractAarTransform
Transforming lifecycle-runtime-ktx-2.7.0.aar (androidx.lifecycle:lifecycle-runtime-ktx:2.7.0) with AarTransform
Transforming lifecycle-viewmodel-compose-2.7.0.aar (androidx.lifecycle:lifecycle-viewmodel-compose:2.7.0) with JetifyTransform
Transforming lifecycle-viewmodel-compose-2.7.0.aar (androidx.lifecycle:lifecycle-viewmodel-compose:2.7.0) with ExtractAarTransform
Transforming lifecycle-viewmodel-compose-2.7.0.aar (androidx.lifecycle:lifecycle-viewmodel-compose:2.7.0) with AarTransform
Caching disabled for AarTransform: C:\Users\user\.gradle\caches\transforms-3\91aa7e25739ba49b8c446850083d9968\transformed\jetified-lifecycle-viewmodel-ktx-2.7.0 because:
  Build cache is disabled
Transforming accompanist-drawablepainter-0.32.0.aar (com.google.accompanist:accompanist-drawablepainter:0.32.0) with JetifyTransform
Transforming accompanist-drawablepainter-0.32.0.aar (com.google.accompanist:accompanist-drawablepainter:0.32.0) with ExtractAarTransform
Transforming accompanist-drawablepainter-0.32.0.aar (com.google.accompanist:accompanist-drawablepainter:0.32.0) with AarTransform
Caching disabled for AarTransform: C:\Users\user\.gradle\caches\transforms-3\17d74363b6e909a9d3f818c44afa4535\transformed\jetified-lifecycle-viewmodel-savedstate-2.7.0 because:
  Build cache is disabled
Transforming ui-release.aar (androidx.compose.ui:ui-android:1.6.1) with JetifyTransform
Skipping AarTransform: C:\Users\user\.gradle\caches\transforms-3\91aa7e25739ba49b8c446850083d9968\transformed\jetified-lifecycle-viewmodel-ktx-2.7.0 as it is up-to-date.
Skipping AarTransform: C:\Users\user\.gradle\caches\transforms-3\17d74363b6e909a9d3f818c44afa4535\transformed\jetified-lifecycle-viewmodel-savedstate-2.7.0 as it is up-to-date.
Caching disabled for AarTransform: C:\Users\user\.gradle\caches\transforms-3\d61403040d3c0a7f14b12e75c497150a\transformed\lifecycle-viewmodel-2.7.0 because:
  Build cache is disabled
Transforming ui-release.aar (androidx.compose.ui:ui-android:1.6.1) with ExtractAarTransform
Transforming ui-release.aar (androidx.compose.ui:ui-android:1.6.1) with AarTransform
Skipping AarTransform: C:\Users\user\.gradle\caches\transforms-3\d61403040d3c0a7f14b12e75c497150a\transformed\lifecycle-viewmodel-2.7.0 as it is up-to-date.
Transforming activity-ktx-1.8.2.aar (androidx.activity:activity-ktx:1.8.2) with JetifyTransform
Transforming activity-ktx-1.8.2.aar (androidx.activity:activity-ktx:1.8.2) with ExtractAarTransform
Caching disabled for AarTransform: C:\Users\user\.gradle\caches\transforms-3\e109843751a45ceb797ac7414dcd1f55\transformed\jetified-lifecycle-runtime-ktx-2.7.0 because:
  Build cache is disabled
Caching disabled for AarTransform: C:\Users\user\.gradle\caches\transforms-3\4d6838555ad24cf15a99513e72d58fa0\transformed\jetified-lifecycle-viewmodel-compose-2.7.0 because:
  Build cache is disabled
Skipping AarTransform: C:\Users\user\.gradle\caches\transforms-3\e109843751a45ceb797ac7414dcd1f55\transformed\jetified-lifecycle-runtime-ktx-2.7.0 as it is up-to-date.
Transforming activity-ktx-1.8.2.aar (androidx.activity:activity-ktx:1.8.2) with AarTransform
Skipping AarTransform: C:\Users\user\.gradle\caches\transforms-3\4d6838555ad24cf15a99513e72d58fa0\transformed\jetified-lifecycle-viewmodel-compose-2.7.0 as it is up-to-date.
Caching disabled for AarTransform: C:\Users\user\.gradle\caches\transforms-3\4bea3ad7086dd6310416577e679b27ab\transformed\lifecycle-runtime-2.7.0 because:
  Build cache is disabled
Transforming activity-compose-1.8.2.aar (androidx.activity:activity-compose:1.8.2) with JetifyTransform
Skipping AarTransform: C:\Users\user\.gradle\caches\transforms-3\4bea3ad7086dd6310416577e679b27ab\transformed\lifecycle-runtime-2.7.0 as it is up-to-date.
Transforming activity-compose-1.8.2.aar (androidx.activity:activity-compose:1.8.2) with ExtractAarTransform
Transforming activity-compose-1.8.2.aar (androidx.activity:activity-compose:1.8.2) with AarTransform
Transforming activity-1.8.2.aar (androidx.activity:activity:1.8.2) with JetifyTransform
Transforming activity-1.8.2.aar (androidx.activity:activity:1.8.2) with ExtractAarTransform
Transforming activity-1.8.2.aar (androidx.activity:activity:1.8.2) with AarTransform
Transforming exoplayer-2.19.1.aar (com.google.android.exoplayer:exoplayer:2.19.1) with JetifyTransform
Caching disabled for AarTransform: C:\Users\user\.gradle\caches\transforms-3\8f69b11fed3424c2a2d07f943e7b1442\transformed\jetified-accompanist-drawablepainter-0.32.0 because:
  Build cache is disabled
Transforming exoplayer-2.19.1.aar (com.google.android.exoplayer:exoplayer:2.19.1) with ExtractAarTransform
Skipping AarTransform: C:\Users\user\.gradle\caches\transforms-3\8f69b11fed3424c2a2d07f943e7b1442\transformed\jetified-accompanist-drawablepainter-0.32.0 as it is up-to-date.
Transforming exoplayer-2.19.1.aar (com.google.android.exoplayer:exoplayer:2.19.1) with AarTransform
Caching disabled for AarTransform: C:\Users\user\.gradle\caches\transforms-3\eb7f95ceb80fe7edaffe686f45c414e3\transformed\jetified-ui-release because:
  Build cache is disabled
Transforming exoplayer-dash-2.19.1.aar (com.google.android.exoplayer:exoplayer-dash:2.19.1) with JetifyTransform
Skipping AarTransform: C:\Users\user\.gradle\caches\transforms-3\eb7f95ceb80fe7edaffe686f45c414e3\transformed\jetified-ui-release as it is up-to-date.
Transforming exoplayer-dash-2.19.1.aar (com.google.android.exoplayer:exoplayer-dash:2.19.1) with ExtractAarTransform
Transforming exoplayer-dash-2.19.1.aar (com.google.android.exoplayer:exoplayer-dash:2.19.1) with AarTransform
Caching disabled for AarTransform: C:\Users\user\.gradle\caches\transforms-3\bd4d0516dc82d593dc75d0d58095804e\transformed\jetified-activity-ktx-1.8.2 because:
  Build cache is disabled
Transforming exoplayer-hls-2.19.1.aar (com.google.android.exoplayer:exoplayer-hls:2.19.1) with JetifyTransform
Skipping AarTransform: C:\Users\user\.gradle\caches\transforms-3\bd4d0516dc82d593dc75d0d58095804e\transformed\jetified-activity-ktx-1.8.2 as it is up-to-date.
Transforming exoplayer-hls-2.19.1.aar (com.google.android.exoplayer:exoplayer-hls:2.19.1) with ExtractAarTransform
Transforming exoplayer-hls-2.19.1.aar (com.google.android.exoplayer:exoplayer-hls:2.19.1) with AarTransform
Caching disabled for AarTransform: C:\Users\user\.gradle\caches\transforms-3\3ff7e07e96cbf3c15e17ee90dee7c81e\transformed\jetified-activity-1.8.2 because:
  Build cache is disabled
Transforming exoplayer-rtsp-2.19.1.aar (com.google.android.exoplayer:exoplayer-rtsp:2.19.1) with JetifyTransform
Skipping AarTransform: C:\Users\user\.gradle\caches\transforms-3\3ff7e07e96cbf3c15e17ee90dee7c81e\transformed\jetified-activity-1.8.2 as it is up-to-date.
Caching disabled for AarTransform: C:\Users\user\.gradle\caches\transforms-3\cc2b5325880f19f8fa69e371da0fcec2\transformed\jetified-activity-compose-1.8.2 because:
  Build cache is disabled
Transforming exoplayer-rtsp-2.19.1.aar (com.google.android.exoplayer:exoplayer-rtsp:2.19.1) with ExtractAarTransform
Skipping AarTransform: C:\Users\user\.gradle\caches\transforms-3\cc2b5325880f19f8fa69e371da0fcec2\transformed\jetified-activity-compose-1.8.2 as it is up-to-date.
Transforming exoplayer-rtsp-2.19.1.aar (com.google.android.exoplayer:exoplayer-rtsp:2.19.1) with AarTransform
Transforming exoplayer-smoothstreaming-2.19.1.aar (com.google.android.exoplayer:exoplayer-smoothstreaming:2.19.1) with JetifyTransform
Caching disabled for AarTransform: C:\Users\user\.gradle\caches\transforms-3\23d54db28db6fd27500c43cbb98a94ee\transformed\jetified-exoplayer-2.19.1 because:
  Build cache is disabled
Transforming exoplayer-smoothstreaming-2.19.1.aar (com.google.android.exoplayer:exoplayer-smoothstreaming:2.19.1) with ExtractAarTransform
Skipping AarTransform: C:\Users\user\.gradle\caches\transforms-3\23d54db28db6fd27500c43cbb98a94ee\transformed\jetified-exoplayer-2.19.1 as it is up-to-date.
Transforming exoplayer-smoothstreaming-2.19.1.aar (com.google.android.exoplayer:exoplayer-smoothstreaming:2.19.1) with AarTransform
Transforming exoplayer-core-2.19.1.aar (com.google.android.exoplayer:exoplayer-core:2.19.1) with JetifyTransform
Transforming exoplayer-core-2.19.1.aar (com.google.android.exoplayer:exoplayer-core:2.19.1) with ExtractAarTransform
Transforming exoplayer-core-2.19.1.aar (com.google.android.exoplayer:exoplayer-core:2.19.1) with AarTransform
Caching disabled for AarTransform: C:\Users\user\.gradle\caches\transforms-3\6b9e330e22f5b80af693a9cc1ed78961\transformed\jetified-exoplayer-dash-2.19.1 because:
  Build cache is disabled
Transforming exoplayer-ui-2.19.1.aar (com.google.android.exoplayer:exoplayer-ui:2.19.1) with JetifyTransform
Skipping AarTransform: C:\Users\user\.gradle\caches\transforms-3\6b9e330e22f5b80af693a9cc1ed78961\transformed\jetified-exoplayer-dash-2.19.1 as it is up-to-date.
Transforming exoplayer-ui-2.19.1.aar (com.google.android.exoplayer:exoplayer-ui:2.19.1) with ExtractAarTransform
Transforming exoplayer-ui-2.19.1.aar (com.google.android.exoplayer:exoplayer-ui:2.19.1) with AarTransform
Transforming recyclerview-1.3.0.aar (androidx.recyclerview:recyclerview:1.3.0) with JetifyTransform
Caching disabled for AarTransform: C:\Users\user\.gradle\caches\transforms-3\86e7631404a3447ccb8c53460349c742\transformed\jetified-exoplayer-hls-2.19.1 because:
  Build cache is disabled
Transforming recyclerview-1.3.0.aar (androidx.recyclerview:recyclerview:1.3.0) with ExtractAarTransform
Skipping AarTransform: C:\Users\user\.gradle\caches\transforms-3\86e7631404a3447ccb8c53460349c742\transformed\jetified-exoplayer-hls-2.19.1 as it is up-to-date.
Transforming recyclerview-1.3.0.aar (androidx.recyclerview:recyclerview:1.3.0) with AarTransform
Transforming recyclerview-1.3.0.aar (androidx.recyclerview:recyclerview:1.3.0) with JetifyTransform
Transforming recyclerview-1.3.0.aar (androidx.recyclerview:recyclerview:1.3.0) with ExtractAarTransform
Transforming recyclerview-1.3.0.aar (androidx.recyclerview:recyclerview:1.3.0) with AarTransform
Caching disabled for AarTransform: C:\Users\user\.gradle\caches\transforms-3\7988b5c431abeac835ef34d8554a267c\transformed\jetified-exoplayer-rtsp-2.19.1 because:
  Build cache is disabled
Transforming media-1.6.0.aar (androidx.media:media:1.6.0) with JetifyTransform
Caching disabled for AarTransform: C:\Users\user\.gradle\caches\transforms-3\04830523360f0a9c22bc3d9783abdb1e\transformed\jetified-exoplayer-smoothstreaming-2.19.1 because:
  Build cache is disabled
Transforming media-1.6.0.aar (androidx.media:media:1.6.0) with ExtractAarTransform
Skipping AarTransform: C:\Users\user\.gradle\caches\transforms-3\04830523360f0a9c22bc3d9783abdb1e\transformed\jetified-exoplayer-smoothstreaming-2.19.1 as it is up-to-date.
Skipping AarTransform: C:\Users\user\.gradle\caches\transforms-3\7988b5c431abeac835ef34d8554a267c\transformed\jetified-exoplayer-rtsp-2.19.1 as it is up-to-date.
Transforming media-1.6.0.aar (androidx.media:media:1.6.0) with AarTransform
Transforming browser-1.4.0.aar (androidx.browser:browser:1.4.0) with JetifyTransform
Transforming browser-1.4.0.aar (androidx.browser:browser:1.4.0) with ExtractAarTransform
Transforming browser-1.4.0.aar (androidx.browser:browser:1.4.0) with AarTransform
Caching disabled for AarTransform: C:\Users\user\.gradle\caches\transforms-3\6a39333c6856d532570520fbc2bd1c09\transformed\jetified-exoplayer-core-2.19.1 because:
  Build cache is disabled
Skipping AarTransform: C:\Users\user\.gradle\caches\transforms-3\6a39333c6856d532570520fbc2bd1c09\transformed\jetified-exoplayer-core-2.19.1 as it is up-to-date.
Transforming viewpager-1.0.0.aar (androidx.viewpager:viewpager:1.0.0) with JetifyTransform
Transforming viewpager-1.0.0.aar (androidx.viewpager:viewpager:1.0.0) with ExtractAarTransform
Transforming viewpager-1.0.0.aar (androidx.viewpager:viewpager:1.0.0) with AarTransform
Transforming customview-1.1.0.aar (androidx.customview:customview:1.1.0) with JetifyTransform
Transforming customview-1.1.0.aar (androidx.customview:customview:1.1.0) with ExtractAarTransform
Transforming customview-1.1.0.aar (androidx.customview:customview:1.1.0) with AarTransform
Transforming customview-1.1.0.aar (androidx.customview:customview:1.1.0) with JetifyTransform
Transforming customview-1.1.0.aar (androidx.customview:customview:1.1.0) with ExtractAarTransform
Transforming customview-1.1.0.aar (androidx.customview:customview:1.1.0) with AarTransform
Transforming customview-1.1.0.aar (androidx.customview:customview:1.1.0) with JetifyTransform
Transforming customview-1.1.0.aar (androidx.customview:customview:1.1.0) with ExtractAarTransform
Transforming customview-1.1.0.aar (androidx.customview:customview:1.1.0) with AarTransform
Transforming customview-1.1.0.aar (androidx.customview:customview:1.1.0) with JetifyTransform
Transforming customview-1.1.0.aar (androidx.customview:customview:1.1.0) with ExtractAarTransform
Transforming customview-1.1.0.aar (androidx.customview:customview:1.1.0) with AarTransform
Caching disabled for AarTransform: C:\Users\user\.gradle\caches\transforms-3\665f08a046034a03c45c1b60402783c2\transformed\jetified-exoplayer-ui-2.19.1 because:
  Build cache is disabled
Caching disabled for AarTransform: C:\Users\user\.gradle\caches\transforms-3\0f7bbe974198c0e6f5daf78e810cfb8e\transformed\recyclerview-1.3.0 because:
  Build cache is disabled
Transforming autofill-1.0.0.aar (androidx.autofill:autofill:1.0.0) with JetifyTransform
Skipping AarTransform: C:\Users\user\.gradle\caches\transforms-3\0f7bbe974198c0e6f5daf78e810cfb8e\transformed\recyclerview-1.3.0 as it is up-to-date.
Transforming autofill-1.0.0.aar (androidx.autofill:autofill:1.0.0) with ExtractAarTransform
Skipping AarTransform: C:\Users\user\.gradle\caches\transforms-3\665f08a046034a03c45c1b60402783c2\transformed\jetified-exoplayer-ui-2.19.1 as it is up-to-date.
Transforming autofill-1.0.0.aar (androidx.autofill:autofill:1.0.0) with AarTransform
Caching disabled for AarTransform: C:\Users\user\.gradle\caches\transforms-3\e64e0a3a08ca0f06a8ffeb68df2fb01e\transformed\media-1.6.0 because:
  Build cache is disabled
Transforming core-1.12.0.aar (androidx.core:core:1.12.0) with JetifyTransform
Skipping AarTransform: C:\Users\user\.gradle\caches\transforms-3\e64e0a3a08ca0f06a8ffeb68df2fb01e\transformed\media-1.6.0 as it is up-to-date.
Transforming core-1.12.0.aar (androidx.core:core:1.12.0) with ExtractAarTransform
Caching disabled for AarTransform: C:\Users\user\.gradle\caches\transforms-3\a2f4c85d9ee4c6259367ff55f3b32260\transformed\customview-1.1.0 because:
  Build cache is disabled
Transforming core-1.12.0.aar (androidx.core:core:1.12.0) with AarTransform
Caching disabled for AarTransform: C:\Users\user\.gradle\caches\transforms-3\756e4599b46450e09c632b813556cee0\transformed\browser-1.4.0 because:
  Build cache is disabled
Transforming core-1.12.0.aar (androidx.core:core:1.12.0) with JetifyTransform
Skipping AarTransform: C:\Users\user\.gradle\caches\transforms-3\a2f4c85d9ee4c6259367ff55f3b32260\transformed\customview-1.1.0 as it is up-to-date.
Transforming core-1.12.0.aar (androidx.core:core:1.12.0) with ExtractAarTransform
Skipping AarTransform: C:\Users\user\.gradle\caches\transforms-3\756e4599b46450e09c632b813556cee0\transformed\browser-1.4.0 as it is up-to-date.
Transforming core-1.12.0.aar (androidx.core:core:1.12.0) with AarTransform
Transforming core-1.12.0.aar (androidx.core:core:1.12.0) with JetifyTransform
Caching disabled for AarTransform: C:\Users\user\.gradle\caches\transforms-3\57848645458d68f540459ae62d741e32\transformed\viewpager-1.0.0 because:
  Build cache is disabled
Transforming core-1.12.0.aar (androidx.core:core:1.12.0) with ExtractAarTransform
Skipping AarTransform: C:\Users\user\.gradle\caches\transforms-3\57848645458d68f540459ae62d741e32\transformed\viewpager-1.0.0 as it is up-to-date.
Transforming core-1.12.0.aar (androidx.core:core:1.12.0) with AarTransform
Transforming core-1.12.0.aar (androidx.core:core:1.12.0) with JetifyTransform
Caching disabled for AarTransform: C:\Users\user\.gradle\caches\transforms-3\937d7a61b7111c64ca0de305910a85b2\transformed\jetified-autofill-1.0.0 because:
  Build cache is disabled
Transforming core-1.12.0.aar (androidx.core:core:1.12.0) with ExtractAarTransform
Skipping AarTransform: C:\Users\user\.gradle\caches\transforms-3\937d7a61b7111c64ca0de305910a85b2\transformed\jetified-autofill-1.0.0 as it is up-to-date.
Transforming core-1.12.0.aar (androidx.core:core:1.12.0) with AarTransform
Transforming core-1.12.0.aar (androidx.core:core:1.12.0) with JetifyTransform
Transforming core-1.12.0.aar (androidx.core:core:1.12.0) with ExtractAarTransform
Transforming core-1.12.0.aar (androidx.core:core:1.12.0) with AarTransform
Transforming core-1.12.0.aar (androidx.core:core:1.12.0) with JetifyTransform
Transforming core-1.12.0.aar (androidx.core:core:1.12.0) with ExtractAarTransform
Transforming core-1.12.0.aar (androidx.core:core:1.12.0) with AarTransform
Transforming core-1.12.0.aar (androidx.core:core:1.12.0) with JetifyTransform
Transforming core-1.12.0.aar (androidx.core:core:1.12.0) with ExtractAarTransform
Transforming core-1.12.0.aar (androidx.core:core:1.12.0) with AarTransform
Transforming core-1.12.0.aar (androidx.core:core:1.12.0) with JetifyTransform
Transforming core-1.12.0.aar (androidx.core:core:1.12.0) with ExtractAarTransform
Transforming core-1.12.0.aar (androidx.core:core:1.12.0) with AarTransform
Transforming core-1.12.0.aar (androidx.core:core:1.12.0) with JetifyTransform
Transforming core-1.12.0.aar (androidx.core:core:1.12.0) with ExtractAarTransform
Transforming core-1.12.0.aar (androidx.core:core:1.12.0) with AarTransform
Transforming core-1.12.0.aar (androidx.core:core:1.12.0) with JetifyTransform
Transforming core-1.12.0.aar (androidx.core:core:1.12.0) with ExtractAarTransform
Transforming core-1.12.0.aar (androidx.core:core:1.12.0) with AarTransform
Transforming core-1.12.0.aar (androidx.core:core:1.12.0) with JetifyTransform
Transforming core-1.12.0.aar (androidx.core:core:1.12.0) with ExtractAarTransform
Transforming core-1.12.0.aar (androidx.core:core:1.12.0) with AarTransform
Transforming core-1.12.0.aar (androidx.core:core:1.12.0) with JetifyTransform
Transforming core-1.12.0.aar (androidx.core:core:1.12.0) with ExtractAarTransform
Transforming core-1.12.0.aar (androidx.core:core:1.12.0) with AarTransform
Caching disabled for AarTransform: C:\Users\user\.gradle\caches\transforms-3\5c5739f4de2f71729af9e79251007f6b\transformed\core-1.12.0 because:
  Build cache is disabled
Transforming core-1.12.0.aar (androidx.core:core:1.12.0) with JetifyTransform
Skipping AarTransform: C:\Users\user\.gradle\caches\transforms-3\5c5739f4de2f71729af9e79251007f6b\transformed\core-1.12.0 as it is up-to-date.
Transforming core-1.12.0.aar (androidx.core:core:1.12.0) with ExtractAarTransform
Transforming core-1.12.0.aar (androidx.core:core:1.12.0) with AarTransform
Transforming core-1.12.0.aar (androidx.core:core:1.12.0) with JetifyTransform
Transforming core-1.12.0.aar (androidx.core:core:1.12.0) with ExtractAarTransform
Transforming core-1.12.0.aar (androidx.core:core:1.12.0) with AarTransform
Transforming core-1.12.0.aar (androidx.core:core:1.12.0) with JetifyTransform
Transforming core-1.12.0.aar (androidx.core:core:1.12.0) with ExtractAarTransform
Transforming core-1.12.0.aar (androidx.core:core:1.12.0) with AarTransform
Transforming ads-adservices-java-1.0.0-beta05.aar (androidx.privacysandbox.ads:ads-adservices-java:1.0.0-beta05) with JetifyTransform
Transforming ads-adservices-java-1.0.0-beta05.aar (androidx.privacysandbox.ads:ads-adservices-java:1.0.0-beta05) with ExtractAarTransform
Transforming ads-adservices-java-1.0.0-beta05.aar (androidx.privacysandbox.ads:ads-adservices-java:1.0.0-beta05) with AarTransform
Transforming ads-adservices-1.0.0-beta05.aar (androidx.privacysandbox.ads:ads-adservices:1.0.0-beta05) with JetifyTransform
Transforming ads-adservices-1.0.0-beta05.aar (androidx.privacysandbox.ads:ads-adservices:1.0.0-beta05) with ExtractAarTransform
Transforming ads-adservices-1.0.0-beta05.aar (androidx.privacysandbox.ads:ads-adservices:1.0.0-beta05) with AarTransform
Transforming ads-adservices-1.0.0-beta05.aar (androidx.privacysandbox.ads:ads-adservices:1.0.0-beta05) with JetifyTransform
Transforming ads-adservices-1.0.0-beta05.aar (androidx.privacysandbox.ads:ads-adservices:1.0.0-beta05) with ExtractAarTransform
Transforming ads-adservices-1.0.0-beta05.aar (androidx.privacysandbox.ads:ads-adservices:1.0.0-beta05) with AarTransform
Transforming customview-poolingcontainer-1.0.0.aar (androidx.customview:customview-poolingcontainer:1.0.0) with JetifyTransform
Transforming customview-poolingcontainer-1.0.0.aar (androidx.customview:customview-poolingcontainer:1.0.0) with ExtractAarTransform
Transforming customview-poolingcontainer-1.0.0.aar (androidx.customview:customview-poolingcontainer:1.0.0) with AarTransform
Transforming core-ktx-1.12.0.aar (androidx.core:core-ktx:1.12.0) with JetifyTransform
Transforming core-ktx-1.12.0.aar (androidx.core:core-ktx:1.12.0) with ExtractAarTransform
Transforming core-ktx-1.12.0.aar (androidx.core:core-ktx:1.12.0) with AarTransform
Transforming flexbox-3.0.0.aar (com.google.android.flexbox:flexbox:3.0.0) with JetifyTransform
Transforming flexbox-3.0.0.aar (com.google.android.flexbox:flexbox:3.0.0) with ExtractAarTransform
Transforming flexbox-3.0.0.aar (com.google.android.flexbox:flexbox:3.0.0) with AarTransform
Transforming core-splashscreen-1.0.1.aar (androidx.core:core-splashscreen:1.0.1) with JetifyTransform
Transforming core-splashscreen-1.0.1.aar (androidx.core:core-splashscreen:1.0.1) with ExtractAarTransform
Transforming core-splashscreen-1.0.1.aar (androidx.core:core-splashscreen:1.0.1) with AarTransform
Transforming kotlin-parcelize-runtime-1.9.22.jar (org.jetbrains.kotlin:kotlin-parcelize-runtime:1.9.22) with JetifyTransform
Transforming sqlite-framework-2.4.0.aar (androidx.sqlite:sqlite-framework:2.4.0) with JetifyTransform
Caching disabled for AarTransform: C:\Users\user\.gradle\caches\transforms-3\c4b75ff235f5060d29e5ddca564ceddc\transformed\jetified-ads-adservices-java-1.0.0-beta05 because:
  Build cache is disabled
Transforming sqlite-framework-2.4.0.aar (androidx.sqlite:sqlite-framework:2.4.0) with ExtractAarTransform
Caching disabled for AarTransform: C:\Users\user\.gradle\caches\transforms-3\88a788eb4554cb70c926faac5961e219\transformed\jetified-ads-adservices-1.0.0-beta05 because:
  Build cache is disabled
Transforming sqlite-framework-2.4.0.aar (androidx.sqlite:sqlite-framework:2.4.0) with AarTransform
Transforming sqlite-2.4.0.aar (androidx.sqlite:sqlite:2.4.0) with JetifyTransform
Skipping AarTransform: C:\Users\user\.gradle\caches\transforms-3\88a788eb4554cb70c926faac5961e219\transformed\jetified-ads-adservices-1.0.0-beta05 as it is up-to-date.
Skipping AarTransform: C:\Users\user\.gradle\caches\transforms-3\c4b75ff235f5060d29e5ddca564ceddc\transformed\jetified-ads-adservices-java-1.0.0-beta05 as it is up-to-date.
Transforming sqlite-2.4.0.aar (androidx.sqlite:sqlite:2.4.0) with ExtractAarTransform
Caching disabled for AarTransform: C:\Users\user\.gradle\caches\transforms-3\bc26dfac284b88af3c813008f6ef1c3e\transformed\jetified-customview-poolingcontainer-1.0.0 because:
  Build cache is disabled
Caching disabled for AarTransform: C:\Users\user\.gradle\caches\transforms-3\9ab85f199ce6032d85aa0cc0c0e855bb\transformed\jetified-core-ktx-1.12.0 because:
  Build cache is disabled
Skipping AarTransform: C:\Users\user\.gradle\caches\transforms-3\bc26dfac284b88af3c813008f6ef1c3e\transformed\jetified-customview-poolingcontainer-1.0.0 as it is up-to-date.
Transforming sqlite-2.4.0.aar (androidx.sqlite:sqlite:2.4.0) with AarTransform
Skipping AarTransform: C:\Users\user\.gradle\caches\transforms-3\9ab85f199ce6032d85aa0cc0c0e855bb\transformed\jetified-core-ktx-1.12.0 as it is up-to-date.
Transforming logging-interceptor-4.12.0.jar (com.squareup.okhttp3:logging-interceptor:4.12.0) with JetifyTransform
Transforming kotlinx-coroutines-core-jvm-1.7.3.jar (org.jetbrains.kotlinx:kotlinx-coroutines-core-jvm:1.7.3) with JetifyTransform
Caching disabled for AarTransform: C:\Users\user\.gradle\caches\transforms-3\b524aad8313712e1a2099d34ba0009dd\transformed\jetified-flexbox-3.0.0 because:
  Build cache is disabled
Transforming kotlinx-coroutines-android-1.7.3.jar (org.jetbrains.kotlinx:kotlinx-coroutines-android:1.7.3) with JetifyTransform
Caching disabled for AarTransform: C:\Users\user\.gradle\caches\transforms-3\8b9d9cccd9cd11d68aeff198447cb46d\transformed\jetified-core-splashscreen-1.0.1 because:
  Build cache is disabled
Transforming converter-gson-2.9.0.jar (com.squareup.retrofit2:converter-gson:2.9.0) with JetifyTransform
Skipping AarTransform: C:\Users\user\.gradle\caches\transforms-3\8b9d9cccd9cd11d68aeff198447cb46d\transformed\jetified-core-splashscreen-1.0.1 as it is up-to-date.
Skipping AarTransform: C:\Users\user\.gradle\caches\transforms-3\b524aad8313712e1a2099d34ba0009dd\transformed\jetified-flexbox-3.0.0 as it is up-to-date.
Transforming retrofit-2.9.0.jar (com.squareup.retrofit2:retrofit:2.9.0) with JetifyTransform
Transforming okhttp-4.12.0.jar (com.squareup.okhttp3:okhttp:4.12.0) with JetifyTransform
Transforming okio-jvm-3.6.0.jar (com.squareup.okio:okio-jvm:3.6.0) with JetifyTransform
Transforming kotlin-stdlib-jdk8-1.9.10.jar (org.jetbrains.kotlin:kotlin-stdlib-jdk8:1.9.10) with JetifyTransform
Transforming kotlin-android-extensions-runtime-1.9.22.jar (org.jetbrains.kotlin:kotlin-android-extensions-runtime:1.9.22) with JetifyTransform
Transforming kotlin-stdlib-jdk7-1.9.10.jar (org.jetbrains.kotlin:kotlin-stdlib-jdk7:1.9.10) with JetifyTransform
Transforming napier-release.aar (io.github.aakira:napier-android:1.4.1) with JetifyTransform
Transforming napier-release.aar (io.github.aakira:napier-android:1.4.1) with ExtractAarTransform
Caching disabled for AarTransform: C:\Users\user\.gradle\caches\transforms-3\71618b46663af3ea0092ee8c6d5590fe\transformed\sqlite-framework-2.4.0 because:
  Build cache is disabled
Transforming napier-release.aar (io.github.aakira:napier-android:1.4.1) with AarTransform
Skipping AarTransform: C:\Users\user\.gradle\caches\transforms-3\71618b46663af3ea0092ee8c6d5590fe\transformed\sqlite-framework-2.4.0 as it is up-to-date.
Transforming annotation-experimental-1.4.0.aar (androidx.annotation:annotation-experimental:1.4.0) with JetifyTransform
Transforming annotation-experimental-1.4.0.aar (androidx.annotation:annotation-experimental:1.4.0) with ExtractAarTransform
Transforming annotation-experimental-1.4.0.aar (androidx.annotation:annotation-experimental:1.4.0) with AarTransform
Transforming cursoradapter-1.0.0.aar (androidx.cursoradapter:cursoradapter:1.0.0) with JetifyTransform
Transforming cursoradapter-1.0.0.aar (androidx.cursoradapter:cursoradapter:1.0.0) with ExtractAarTransform
Transforming cursoradapter-1.0.0.aar (androidx.cursoradapter:cursoradapter:1.0.0) with AarTransform
Transforming resourceinspection-annotation-1.0.1.jar (androidx.resourceinspection:resourceinspection-annotation:1.0.1) with JetifyTransform
Transforming cardview-1.0.0.aar (androidx.cardview:cardview:1.0.0) with JetifyTransform
Transforming cardview-1.0.0.aar (androidx.cardview:cardview:1.0.0) with ExtractAarTransform
Transforming cardview-1.0.0.aar (androidx.cardview:cardview:1.0.0) with AarTransform
Transforming core-runtime-2.2.0.aar (androidx.arch.core:core-runtime:2.2.0) with JetifyTransform
Transforming core-runtime-2.2.0.aar (androidx.arch.core:core-runtime:2.2.0) with ExtractAarTransform
Transforming core-runtime-2.2.0.aar (androidx.arch.core:core-runtime:2.2.0) with AarTransform
Transforming exoplayer-datasource-2.19.1.aar (com.google.android.exoplayer:exoplayer-datasource:2.19.1) with JetifyTransform
Transforming exoplayer-datasource-2.19.1.aar (com.google.android.exoplayer:exoplayer-datasource:2.19.1) with ExtractAarTransform
Transforming exoplayer-datasource-2.19.1.aar (com.google.android.exoplayer:exoplayer-datasource:2.19.1) with AarTransform
Transforming exoplayer-database-2.19.1.aar (com.google.android.exoplayer:exoplayer-database:2.19.1) with JetifyTransform
Transforming exoplayer-database-2.19.1.aar (com.google.android.exoplayer:exoplayer-database:2.19.1) with ExtractAarTransform
Transforming exoplayer-database-2.19.1.aar (com.google.android.exoplayer:exoplayer-database:2.19.1) with AarTransform
Caching disabled for AarTransform: C:\Users\user\.gradle\caches\transforms-3\a03b3d04d2ceca7ea618a06e3d24afa0\transformed\sqlite-2.4.0 because:
  Build cache is disabled
Skipping AarTransform: C:\Users\user\.gradle\caches\transforms-3\a03b3d04d2ceca7ea618a06e3d24afa0\transformed\sqlite-2.4.0 as it is up-to-date.
Transforming exoplayer-extractor-2.19.1.aar (com.google.android.exoplayer:exoplayer-extractor:2.19.1) with JetifyTransform
Transforming exoplayer-extractor-2.19.1.aar (com.google.android.exoplayer:exoplayer-extractor:2.19.1) with ExtractAarTransform
Caching disabled for AarTransform: C:\Users\user\.gradle\caches\transforms-3\3d44061c8964bbe6cad35f32dd98185c\transformed\jetified-napier-release because:
  Build cache is disabled
Caching disabled for AarTransform: C:\Users\user\.gradle\caches\transforms-3\4ec695ed94a8284d6fd7bdbfc66270dc\transformed\jetified-annotation-experimental-1.4.0 because:
  Build cache is disabled
Transforming exoplayer-extractor-2.19.1.aar (com.google.android.exoplayer:exoplayer-extractor:2.19.1) with AarTransform
Skipping AarTransform: C:\Users\user\.gradle\caches\transforms-3\3d44061c8964bbe6cad35f32dd98185c\transformed\jetified-napier-release as it is up-to-date.
Transforming exoplayer-decoder-2.19.1.aar (com.google.android.exoplayer:exoplayer-decoder:2.19.1) with JetifyTransform
Caching disabled for AarTransform: C:\Users\user\.gradle\caches\transforms-3\43654c406d94ba418e69a2f38c0ce75a\transformed\cursoradapter-1.0.0 because:
  Build cache is disabled
Caching disabled for AarTransform: C:\Users\user\.gradle\caches\transforms-3\378ae54a4a79477d991a76c42d10201e\transformed\jetified-exoplayer-datasource-2.19.1 because:
  Build cache is disabled
Caching disabled for AarTransform: C:\Users\user\.gradle\caches\transforms-3\9736755219de9964c187b9748cea348a\transformed\core-runtime-2.2.0 because:
  Build cache is disabled
Caching disabled for AarTransform: C:\Users\user\.gradle\caches\transforms-3\22c98dd52680fc31e34a15f54a9f94d2\transformed\cardview-1.0.0 because:
  Build cache is disabled
Skipping AarTransform: C:\Users\user\.gradle\caches\transforms-3\9736755219de9964c187b9748cea348a\transformed\core-runtime-2.2.0 as it is up-to-date.
Skipping AarTransform: C:\Users\user\.gradle\caches\transforms-3\22c98dd52680fc31e34a15f54a9f94d2\transformed\cardview-1.0.0 as it is up-to-date.
Skipping AarTransform: C:\Users\user\.gradle\caches\transforms-3\4ec695ed94a8284d6fd7bdbfc66270dc\transformed\jetified-annotation-experimental-1.4.0 as it is up-to-date.
Caching disabled for AarTransform: C:\Users\user\.gradle\caches\transforms-3\7f41368f9514b52c773c9c6d9f2b90c2\transformed\jetified-exoplayer-database-2.19.1 because:
  Build cache is disabled
Skipping AarTransform: C:\Users\user\.gradle\caches\transforms-3\378ae54a4a79477d991a76c42d10201e\transformed\jetified-exoplayer-datasource-2.19.1 as it is up-to-date.
Skipping AarTransform: C:\Users\user\.gradle\caches\transforms-3\7f41368f9514b52c773c9c6d9f2b90c2\transformed\jetified-exoplayer-database-2.19.1 as it is up-to-date.
Skipping AarTransform: C:\Users\user\.gradle\caches\transforms-3\43654c406d94ba418e69a2f38c0ce75a\transformed\cursoradapter-1.0.0 as it is up-to-date.
Transforming exoplayer-decoder-2.19.1.aar (com.google.android.exoplayer:exoplayer-decoder:2.19.1) with ExtractAarTransform
Transforming exoplayer-decoder-2.19.1.aar (com.google.android.exoplayer:exoplayer-decoder:2.19.1) with AarTransform
Transforming exoplayer-container-2.19.1.aar (com.google.android.exoplayer:exoplayer-container:2.19.1) with JetifyTransform
Transforming exoplayer-container-2.19.1.aar (com.google.android.exoplayer:exoplayer-container:2.19.1) with ExtractAarTransform
Transforming exoplayer-container-2.19.1.aar (com.google.android.exoplayer:exoplayer-container:2.19.1) with AarTransform
Caching disabled for AarTransform: C:\Users\user\.gradle\caches\transforms-3\2f746cdb46666a5ea31069a92ad1cee2\transformed\jetified-exoplayer-extractor-2.19.1 because:
  Build cache is disabled
Transforming exoplayer-common-2.19.1.aar (com.google.android.exoplayer:exoplayer-common:2.19.1) with JetifyTransform
Skipping AarTransform: C:\Users\user\.gradle\caches\transforms-3\2f746cdb46666a5ea31069a92ad1cee2\transformed\jetified-exoplayer-extractor-2.19.1 as it is up-to-date.
Transforming exoplayer-common-2.19.1.aar (com.google.android.exoplayer:exoplayer-common:2.19.1) with ExtractAarTransform
Transforming exoplayer-common-2.19.1.aar (com.google.android.exoplayer:exoplayer-common:2.19.1) with AarTransform
Transforming interpolator-1.0.0.aar (androidx.interpolator:interpolator:1.0.0) with JetifyTransform
Transforming interpolator-1.0.0.aar (androidx.interpolator:interpolator:1.0.0) with ExtractAarTransform
Transforming interpolator-1.0.0.aar (androidx.interpolator:interpolator:1.0.0) with AarTransform
Transforming interpolator-1.0.0.aar (androidx.interpolator:interpolator:1.0.0) with JetifyTransform
Transforming interpolator-1.0.0.aar (androidx.interpolator:interpolator:1.0.0) with ExtractAarTransform
Caching disabled for AarTransform: C:\Users\user\.gradle\caches\transforms-3\0774aba38fbb7a71a2e380171e0b7778\transformed\jetified-exoplayer-decoder-2.19.1 because:
  Build cache is disabled
Transforming interpolator-1.0.0.aar (androidx.interpolator:interpolator:1.0.0) with AarTransform
Transforming versionedparcelable-1.1.1.aar (androidx.versionedparcelable:versionedparcelable:1.1.1) with JetifyTransform
Skipping AarTransform: C:\Users\user\.gradle\caches\transforms-3\0774aba38fbb7a71a2e380171e0b7778\transformed\jetified-exoplayer-decoder-2.19.1 as it is up-to-date.
Transforming versionedparcelable-1.1.1.aar (androidx.versionedparcelable:versionedparcelable:1.1.1) with ExtractAarTransform
Transforming versionedparcelable-1.1.1.aar (androidx.versionedparcelable:versionedparcelable:1.1.1) with AarTransform
Caching disabled for AarTransform: C:\Users\user\.gradle\caches\transforms-3\c3fa91361cece7ab93c5fa0d01671725\transformed\jetified-exoplayer-container-2.19.1 because:
  Build cache is disabled
Skipping AarTransform: C:\Users\user\.gradle\caches\transforms-3\c3fa91361cece7ab93c5fa0d01671725\transformed\jetified-exoplayer-container-2.19.1 as it is up-to-date.
Caching disabled for AarTransform: C:\Users\user\.gradle\caches\transforms-3\715d44aa31120efd79cf05422b37b84e\transformed\jetified-exoplayer-common-2.19.1 because:
  Build cache is disabled
Transforming core-common-2.2.0.jar (androidx.arch.core:core-common:2.2.0) with JetifyTransform
Skipping AarTransform: C:\Users\user\.gradle\caches\transforms-3\715d44aa31120efd79cf05422b37b84e\transformed\jetified-exoplayer-common-2.19.1 as it is up-to-date.
Transforming profileinstaller-1.3.1.aar (androidx.profileinstaller:profileinstaller:1.3.1) with JetifyTransform
Transforming profileinstaller-1.3.1.aar (androidx.profileinstaller:profileinstaller:1.3.1) with ExtractAarTransform
Transforming profileinstaller-1.3.1.aar (androidx.profileinstaller:profileinstaller:1.3.1) with AarTransform
Transforming startup-runtime-1.1.1.aar (androidx.startup:startup-runtime:1.1.1) with JetifyTransform
Transforming startup-runtime-1.1.1.aar (androidx.startup:startup-runtime:1.1.1) with ExtractAarTransform
Caching disabled for AarTransform: C:\Users\user\.gradle\caches\transforms-3\8eba7c3e4113638c557764cfd1246d65\transformed\interpolator-1.0.0 because:
  Build cache is disabled
Transforming startup-runtime-1.1.1.aar (androidx.startup:startup-runtime:1.1.1) with AarTransform
Skipping AarTransform: C:\Users\user\.gradle\caches\transforms-3\8eba7c3e4113638c557764cfd1246d65\transformed\interpolator-1.0.0 as it is up-to-date.
Transforming tracing-1.0.0.aar (androidx.tracing:tracing:1.0.0) with JetifyTransform
Transforming tracing-1.0.0.aar (androidx.tracing:tracing:1.0.0) with ExtractAarTransform
Transforming tracing-1.0.0.aar (androidx.tracing:tracing:1.0.0) with AarTransform
Transforming concurrent-futures-1.1.0.jar (androidx.concurrent:concurrent-futures:1.1.0) with JetifyTransform
Transforming documentfile-1.0.0.aar (androidx.documentfile:documentfile:1.0.0) with JetifyTransform
Transforming documentfile-1.0.0.aar (androidx.documentfile:documentfile:1.0.0) with ExtractAarTransform
Transforming documentfile-1.0.0.aar (androidx.documentfile:documentfile:1.0.0) with AarTransform
Transforming localbroadcastmanager-1.0.0.aar (androidx.localbroadcastmanager:localbroadcastmanager:1.0.0) with JetifyTransform
Transforming localbroadcastmanager-1.0.0.aar (androidx.localbroadcastmanager:localbroadcastmanager:1.0.0) with ExtractAarTransform
Caching disabled for AarTransform: C:\Users\user\.gradle\caches\transforms-3\82d49ae48ad7cd68ccf29f123b5e48ad\transformed\versionedparcelable-1.1.1 because:
  Build cache is disabled
Transforming localbroadcastmanager-1.0.0.aar (androidx.localbroadcastmanager:localbroadcastmanager:1.0.0) with AarTransform
Transforming print-1.0.0.aar (androidx.print:print:1.0.0) with JetifyTransform
Skipping AarTransform: C:\Users\user\.gradle\caches\transforms-3\82d49ae48ad7cd68ccf29f123b5e48ad\transformed\versionedparcelable-1.1.1 as it is up-to-date.
Caching disabled for AarTransform: C:\Users\user\.gradle\caches\transforms-3\c8dca9ca411b7b236189b876c168c300\transformed\jetified-profileinstaller-1.3.1 because:
  Build cache is disabled
Transforming print-1.0.0.aar (androidx.print:print:1.0.0) with ExtractAarTransform
Skipping AarTransform: C:\Users\user\.gradle\caches\transforms-3\c8dca9ca411b7b236189b876c168c300\transformed\jetified-profileinstaller-1.3.1 as it is up-to-date.
Transforming print-1.0.0.aar (androidx.print:print:1.0.0) with AarTransform
Caching disabled for AarTransform: C:\Users\user\.gradle\caches\transforms-3\fe52cfe629053f967703c8ba77285e8b\transformed\jetified-startup-runtime-1.1.1 because:
  Build cache is disabled
Transforming exifinterface-1.3.6.aar (androidx.exifinterface:exifinterface:1.3.6) with JetifyTransform
Skipping AarTransform: C:\Users\user\.gradle\caches\transforms-3\fe52cfe629053f967703c8ba77285e8b\transformed\jetified-startup-runtime-1.1.1 as it is up-to-date.
Transforming exifinterface-1.3.6.aar (androidx.exifinterface:exifinterface:1.3.6) with ExtractAarTransform
Transforming exifinterface-1.3.6.aar (androidx.exifinterface:exifinterface:1.3.6) with AarTransform
Caching disabled for AarTransform: C:\Users\user\.gradle\caches\transforms-3\54b5456fddcec85940b2ee402266c816\transformed\documentfile-1.0.0 because:
  Build cache is disabled
Transforming collection-ktx-1.4.0.jar (androidx.collection:collection-ktx:1.4.0) with JetifyTransform
Skipping AarTransform: C:\Users\user\.gradle\caches\transforms-3\54b5456fddcec85940b2ee402266c816\transformed\documentfile-1.0.0 as it is up-to-date.
Transforming collection-jvm-1.4.0.jar (androidx.collection:collection-jvm:1.4.0) with JetifyTransform
Transforming annotation-jvm-1.7.0.jar (androidx.annotation:annotation-jvm:1.7.0) with JetifyTransform
Transforming kotlin-stdlib-1.9.22.jar (org.jetbrains.kotlin:kotlin-stdlib:1.9.22) with JetifyTransform
Transforming volley-1.2.1.aar (com.android.volley:volley:1.2.1) with JetifyTransform
Transforming volley-1.2.1.aar (com.android.volley:volley:1.2.1) with ExtractAarTransform
Caching disabled for AarTransform: C:\Users\user\.gradle\caches\transforms-3\2c86103f160590f7e7be532bf55d34f7\transformed\localbroadcastmanager-1.0.0 because:
  Build cache is disabled
Transforming volley-1.2.1.aar (com.android.volley:volley:1.2.1) with AarTransform
Caching disabled for AarTransform: C:\Users\user\.gradle\caches\transforms-3\87361d05feba7a7d0f4af0c7c0d3e017\transformed\jetified-tracing-1.0.0 because:
  Build cache is disabled
Transforming Android-Image-Slider-1.4.0.aar (com.github.smarteist:Android-Image-Slider:1.4.0) with JetifyTransform
Skipping AarTransform: C:\Users\user\.gradle\caches\transforms-3\2c86103f160590f7e7be532bf55d34f7\transformed\localbroadcastmanager-1.0.0 as it is up-to-date.
Transforming Android-Image-Slider-1.4.0.aar (com.github.smarteist:Android-Image-Slider:1.4.0) with ExtractAarTransform
Caching disabled for AarTransform: C:\Users\user\.gradle\caches\transforms-3\4122ce09f170e8a2afb176a358403d3a\transformed\print-1.0.0 because:
  Build cache is disabled
Skipping AarTransform: C:\Users\user\.gradle\caches\transforms-3\87361d05feba7a7d0f4af0c7c0d3e017\transformed\jetified-tracing-1.0.0 as it is up-to-date.
Skipping AarTransform: C:\Users\user\.gradle\caches\transforms-3\4122ce09f170e8a2afb176a358403d3a\transformed\print-1.0.0 as it is up-to-date.
Caching disabled for AarTransform: C:\Users\user\.gradle\caches\transforms-3\56896802246a3dbc3ea0a00275524921\transformed\exifinterface-1.3.6 because:
  Build cache is disabled
Transforming Android-Image-Slider-1.4.0.aar (com.github.smarteist:Android-Image-Slider:1.4.0) with AarTransform
Skipping AarTransform: C:\Users\user\.gradle\caches\transforms-3\56896802246a3dbc3ea0a00275524921\transformed\exifinterface-1.3.6 as it is up-to-date.
Transforming circleimageview-3.1.0.aar (de.hdodenhof:circleimageview:3.1.0) with JetifyTransform
Transforming circleimageview-3.1.0.aar (de.hdodenhof:circleimageview:3.1.0) with ExtractAarTransform
Transforming circleimageview-3.1.0.aar (de.hdodenhof:circleimageview:3.1.0) with AarTransform
Transforming annotations-23.0.0.jar (org.jetbrains:annotations:23.0.0) with JetifyTransform
Transforming guava-31.1-android.jar (com.google.guava:guava:31.1-android) with JetifyTransform
Transforming error_prone_annotations-2.15.0.jar (com.google.errorprone:error_prone_annotations:2.15.0) with JetifyTransform
Transforming hilt-core-2.49.jar (com.google.dagger:hilt-core:2.49) with JetifyTransform
Transforming dagger-lint-aar-2.49.aar (com.google.dagger:dagger-lint-aar:2.49) with JetifyTransform
Transforming dagger-lint-aar-2.49.aar (com.google.dagger:dagger-lint-aar:2.49) with ExtractAarTransform
Transforming dagger-lint-aar-2.49.aar (com.google.dagger:dagger-lint-aar:2.49) with AarTransform
Transforming gson-2.8.5.jar (com.google.code.gson:gson:2.8.5) with JetifyTransform
Transforming constraintlayout-solver-2.0.1.jar (androidx.constraintlayout:constraintlayout-solver:2.0.1) with JetifyTransform
Caching disabled for AarTransform: C:\Users\user\.gradle\caches\transforms-3\e32c3b5e322944d64bfee37764a5fb00\transformed\jetified-volley-1.2.1 because:
  Build cache is disabled
Skipping AarTransform: C:\Users\user\.gradle\caches\transforms-3\e32c3b5e322944d64bfee37764a5fb00\transformed\jetified-volley-1.2.1 as it is up-to-date.
Caching disabled for AarTransform: C:\Users\user\.gradle\caches\transforms-3\77df13c6b2001957f35925c162d5e46d\transformed\jetified-Android-Image-Slider-1.4.0 because:
  Build cache is disabled
Skipping AarTransform: C:\Users\user\.gradle\caches\transforms-3\77df13c6b2001957f35925c162d5e46d\transformed\jetified-Android-Image-Slider-1.4.0 as it is up-to-date.
Caching disabled for AarTransform: C:\Users\user\.gradle\caches\transforms-3\3c8d6d9f40fe01c17d4d4666fd356dbc\transformed\jetified-circleimageview-3.1.0 because:
  Build cache is disabled
Skipping AarTransform: C:\Users\user\.gradle\caches\transforms-3\3c8d6d9f40fe01c17d4d4666fd356dbc\transformed\jetified-circleimageview-3.1.0 as it is up-to-date.
Caching disabled for AarTransform: C:\Users\user\.gradle\caches\transforms-3\17460feccaee72c1c7a59c8d3aa5599a\transformed\jetified-dagger-lint-aar-2.49 because:
  Build cache is disabled
Skipping AarTransform: C:\Users\user\.gradle\caches\transforms-3\17460feccaee72c1c7a59c8d3aa5599a\transformed\jetified-dagger-lint-aar-2.49 as it is up-to-date.
Transforming material-1.11.0.aar (com.google.android.material:material:1.11.0) with JetifyTransform
Transforming material-1.11.0.aar (com.google.android.material:material:1.11.0) with ExtractAarTransform
Transforming lottie-compose-6.1.0.aar (com.airbnb.android:lottie-compose:6.1.0) with JetifyTransform
Transforming lottie-compose-6.1.0.aar (com.airbnb.android:lottie-compose:6.1.0) with ExtractAarTransform
Transforming lottie-6.1.0.aar (com.airbnb.android:lottie:6.1.0) with JetifyTransform
Transforming lottie-6.1.0.aar (com.airbnb.android:lottie:6.1.0) with ExtractAarTransform
Transforming coil-compose-2.5.0.aar (io.coil-kt:coil-compose:2.5.0) with JetifyTransform
Transforming coil-compose-2.5.0.aar (io.coil-kt:coil-compose:2.5.0) with ExtractAarTransform
Transforming coil-compose-base-2.5.0.aar (io.coil-kt:coil-compose-base:2.5.0) with JetifyTransform
Transforming coil-compose-base-2.5.0.aar (io.coil-kt:coil-compose-base:2.5.0) with ExtractAarTransform
Transforming coil-2.5.0.aar (io.coil-kt:coil:2.5.0) with JetifyTransform
Transforming coil-2.5.0.aar (io.coil-kt:coil:2.5.0) with ExtractAarTransform
Transforming coil-base-2.5.0.aar (io.coil-kt:coil-base:2.5.0) with JetifyTransform
Transforming coil-base-2.5.0.aar (io.coil-kt:coil-base:2.5.0) with ExtractAarTransform
Transforming appcompat-resources-1.6.1.aar (androidx.appcompat:appcompat-resources:1.6.1) with JetifyTransform
Transforming appcompat-resources-1.6.1.aar (androidx.appcompat:appcompat-resources:1.6.1) with ExtractAarTransform
Transforming constraintlayout-2.0.1.aar (androidx.constraintlayout:constraintlayout:2.0.1) with JetifyTransform
Transforming constraintlayout-2.0.1.aar (androidx.constraintlayout:constraintlayout:2.0.1) with ExtractAarTransform
Transforming appcompat-1.6.1.aar (androidx.appcompat:appcompat:1.6.1) with JetifyTransform
Transforming appcompat-1.6.1.aar (androidx.appcompat:appcompat:1.6.1) with ExtractAarTransform
Transforming viewpager2-1.0.0.aar (androidx.viewpager2:viewpager2:1.0.0) with JetifyTransform
Transforming viewpager2-1.0.0.aar (androidx.viewpager2:viewpager2:1.0.0) with ExtractAarTransform
Transforming play-services-ads-22.6.0.aar (com.google.android.gms:play-services-ads:22.6.0) with JetifyTransform
Transforming play-services-ads-22.6.0.aar (com.google.android.gms:play-services-ads:22.6.0) with ExtractAarTransform
Transforming play-services-base-18.2.0.aar (com.google.android.gms:play-services-base:18.2.0) with JetifyTransform
Transforming play-services-base-18.2.0.aar (com.google.android.gms:play-services-base:18.2.0) with ExtractAarTransform
Transforming drawerlayout-1.1.1.aar (androidx.drawerlayout:drawerlayout:1.1.1) with JetifyTransform
Transforming drawerlayout-1.1.1.aar (androidx.drawerlayout:drawerlayout:1.1.1) with ExtractAarTransform
Transforming coordinatorlayout-1.1.0.aar (androidx.coordinatorlayout:coordinatorlayout:1.1.0) with JetifyTransform
Transforming coordinatorlayout-1.1.0.aar (androidx.coordinatorlayout:coordinatorlayout:1.1.0) with ExtractAarTransform
Transforming dynamicanimation-1.0.0.aar (androidx.dynamicanimation:dynamicanimation:1.0.0) with JetifyTransform
Transforming dynamicanimation-1.0.0.aar (androidx.dynamicanimation:dynamicanimation:1.0.0) with ExtractAarTransform
Transforming transition-1.2.0.aar (androidx.transition:transition:1.2.0) with JetifyTransform
Transforming transition-1.2.0.aar (androidx.transition:transition:1.2.0) with ExtractAarTransform
Transforming vectordrawable-animated-1.1.0.aar (androidx.vectordrawable:vectordrawable-animated:1.1.0) with JetifyTransform
Transforming vectordrawable-animated-1.1.0.aar (androidx.vectordrawable:vectordrawable-animated:1.1.0) with ExtractAarTransform
Transforming vectordrawable-1.1.0.aar (androidx.vectordrawable:vectordrawable:1.1.0) with JetifyTransform
Transforming vectordrawable-1.1.0.aar (androidx.vectordrawable:vectordrawable:1.1.0) with ExtractAarTransform
Transforming hilt-navigation-compose-1.1.0.aar (androidx.hilt:hilt-navigation-compose:1.1.0) with JetifyTransform
Transforming hilt-navigation-compose-1.1.0.aar (androidx.hilt:hilt-navigation-compose:1.1.0) with ExtractAarTransform
Transforming hilt-navigation-1.1.0.aar (androidx.hilt:hilt-navigation:1.1.0) with JetifyTransform
Transforming hilt-navigation-1.1.0.aar (androidx.hilt:hilt-navigation:1.1.0) with ExtractAarTransform
Transforming navigation-common-2.7.6.aar (androidx.navigation:navigation-common:2.7.6) with JetifyTransform
Transforming navigation-common-2.7.6.aar (androidx.navigation:navigation-common:2.7.6) with ExtractAarTransform
Transforming navigation-runtime-2.7.6.aar (androidx.navigation:navigation-runtime:2.7.6) with JetifyTransform
Transforming navigation-runtime-2.7.6.aar (androidx.navigation:navigation-runtime:2.7.6) with ExtractAarTransform
Transforming navigation-common-ktx-2.7.6.aar (androidx.navigation:navigation-common-ktx:2.7.6) with JetifyTransform
Transforming navigation-common-ktx-2.7.6.aar (androidx.navigation:navigation-common-ktx:2.7.6) with ExtractAarTransform
Transforming navigation-runtime-ktx-2.7.6.aar (androidx.navigation:navigation-runtime-ktx:2.7.6) with JetifyTransform
Transforming navigation-runtime-ktx-2.7.6.aar (androidx.navigation:navigation-runtime-ktx:2.7.6) with ExtractAarTransform
Transforming navigation-compose-2.7.6.aar (androidx.navigation:navigation-compose:2.7.6) with JetifyTransform
Transforming navigation-compose-2.7.6.aar (androidx.navigation:navigation-compose:2.7.6) with ExtractAarTransform
Transforming accompanist-permissions-0.32.0.aar (com.google.accompanist:accompanist-permissions:0.32.0) with JetifyTransform
Transforming accompanist-permissions-0.32.0.aar (com.google.accompanist:accompanist-permissions:0.32.0) with ExtractAarTransform
Transforming room-ktx-2.6.1.aar (androidx.room:room-ktx:2.6.1) with JetifyTransform
Transforming room-ktx-2.6.1.aar (androidx.room:room-ktx:2.6.1) with ExtractAarTransform
Transforming work-runtime-2.7.0.aar (androidx.work:work-runtime:2.7.0) with JetifyTransform
Transforming work-runtime-2.7.0.aar (androidx.work:work-runtime:2.7.0) with ExtractAarTransform
Transforming room-runtime-2.6.1.aar (androidx.room:room-runtime:2.6.1) with JetifyTransform
Transforming room-runtime-2.6.1.aar (androidx.room:room-runtime:2.6.1) with ExtractAarTransform
Transforming room-paging-2.6.1.aar (androidx.room:room-paging:2.6.1) with JetifyTransform
Transforming room-paging-2.6.1.aar (androidx.room:room-paging:2.6.1) with ExtractAarTransform
Transforming paging-runtime-3.2.1.aar (androidx.paging:paging-runtime:3.2.1) with JetifyTransform
Transforming paging-runtime-3.2.1.aar (androidx.paging:paging-runtime:3.2.1) with ExtractAarTransform
Transforming paging-runtime-ktx-3.2.1.aar (androidx.paging:paging-runtime-ktx:3.2.1) with JetifyTransform
Transforming paging-runtime-ktx-3.2.1.aar (androidx.paging:paging-runtime-ktx:3.2.1) with ExtractAarTransform
Transforming paging-compose-3.2.1.aar (androidx.paging:paging-compose:3.2.1) with JetifyTransform
Transforming paging-compose-3.2.1.aar (androidx.paging:paging-compose:3.2.1) with ExtractAarTransform
Transforming material3-release.aar (androidx.compose.material3:material3-android:1.2.0) with JetifyTransform
Transforming material3-release.aar (androidx.compose.material3:material3-android:1.2.0) with ExtractAarTransform
Transforming material-ripple-release.aar (androidx.compose.material:material-ripple-android:1.6.1) with JetifyTransform
Transforming material-ripple-release.aar (androidx.compose.material:material-ripple-android:1.6.1) with ExtractAarTransform
Transforming material-icons-core-release.aar (androidx.compose.material:material-icons-core-android:1.6.1) with JetifyTransform
Transforming material-icons-core-release.aar (androidx.compose.material:material-icons-core-android:1.6.1) with ExtractAarTransform
Transforming material-release.aar (androidx.compose.material:material-android:1.6.1) with JetifyTransform
Transforming material-release.aar (androidx.compose.material:material-android:1.6.1) with ExtractAarTransform
Transforming animation-core-release.aar (androidx.compose.animation:animation-core-android:1.6.1) with JetifyTransform
Transforming animation-core-release.aar (androidx.compose.animation:animation-core-android:1.6.1) with ExtractAarTransform
Transforming animation-release.aar (androidx.compose.animation:animation-android:1.6.1) with JetifyTransform
Transforming animation-release.aar (androidx.compose.animation:animation-android:1.6.1) with ExtractAarTransform
Transforming foundation-layout-release.aar (androidx.compose.foundation:foundation-layout-android:1.6.1) with JetifyTransform
Transforming foundation-layout-release.aar (androidx.compose.foundation:foundation-layout-android:1.6.1) with ExtractAarTransform
Transforming foundation-release.aar (androidx.compose.foundation:foundation-android:1.6.1) with JetifyTransform
Transforming foundation-release.aar (androidx.compose.foundation:foundation-android:1.6.1) with ExtractAarTransform
Transforming ui-unit-release.aar (androidx.compose.ui:ui-unit-android:1.6.1) with JetifyTransform
Transforming ui-unit-release.aar (androidx.compose.ui:ui-unit-android:1.6.1) with ExtractAarTransform
Transforming ui-geometry-release.aar (androidx.compose.ui:ui-geometry-android:1.6.1) with JetifyTransform
Transforming ui-geometry-release.aar (androidx.compose.ui:ui-geometry-android:1.6.1) with ExtractAarTransform
Transforming ui-util-release.aar (androidx.compose.ui:ui-util-android:1.6.1) with JetifyTransform
Transforming ui-util-release.aar (androidx.compose.ui:ui-util-android:1.6.1) with ExtractAarTransform
Transforming ui-text-release.aar (androidx.compose.ui:ui-text-android:1.6.1) with JetifyTransform
Transforming ui-text-release.aar (androidx.compose.ui:ui-text-android:1.6.1) with ExtractAarTransform
Transforming ui-tooling-preview-release.aar (androidx.compose.ui:ui-tooling-preview-android:1.6.1) with JetifyTransform
Transforming ui-tooling-preview-release.aar (androidx.compose.ui:ui-tooling-preview-android:1.6.1) with ExtractAarTransform
Transforming ui-graphics-release.aar (androidx.compose.ui:ui-graphics-android:1.6.1) with JetifyTransform
Transforming ui-graphics-release.aar (androidx.compose.ui:ui-graphics-android:1.6.1) with ExtractAarTransform
Transforming runtime-saveable-release.aar (androidx.compose.runtime:runtime-saveable-android:1.6.1) with JetifyTransform
Transforming runtime-saveable-release.aar (androidx.compose.runtime:runtime-saveable-android:1.6.1) with ExtractAarTransform
Transforming runtime-release.aar (androidx.compose.runtime:runtime-android:1.6.1) with JetifyTransform
Transforming runtime-release.aar (androidx.compose.runtime:runtime-android:1.6.1) with ExtractAarTransform
Transforming runtime-livedata-1.6.1.aar (androidx.compose.runtime:runtime-livedata:1.6.1) with JetifyTransform
Transforming runtime-livedata-1.6.1.aar (androidx.compose.runtime:runtime-livedata:1.6.1) with ExtractAarTransform
Transforming hilt-android-2.49.aar (com.google.dagger:hilt-android:2.49) with JetifyTransform
Transforming hilt-android-2.49.aar (com.google.dagger:hilt-android:2.49) with ExtractAarTransform
Transforming fragment-1.5.1.aar (androidx.fragment:fragment:1.5.1) with JetifyTransform
Transforming fragment-1.5.1.aar (androidx.fragment:fragment:1.5.1) with ExtractAarTransform
Transforming emoji2-views-helper-1.3.0.aar (androidx.emoji2:emoji2-views-helper:1.3.0) with JetifyTransform
Transforming emoji2-views-helper-1.3.0.aar (androidx.emoji2:emoji2-views-helper:1.3.0) with ExtractAarTransform
Transforming emoji2-1.3.0.aar (androidx.emoji2:emoji2:1.3.0) with JetifyTransform
Transforming emoji2-1.3.0.aar (androidx.emoji2:emoji2:1.3.0) with ExtractAarTransform
Transforming lifecycle-process-2.7.0.aar (androidx.lifecycle:lifecycle-process:2.7.0) with JetifyTransform
Transforming lifecycle-process-2.7.0.aar (androidx.lifecycle:lifecycle-process:2.7.0) with ExtractAarTransform
Transforming lifecycle-service-2.7.0.aar (androidx.lifecycle:lifecycle-service:2.7.0) with JetifyTransform
Transforming lifecycle-service-2.7.0.aar (androidx.lifecycle:lifecycle-service:2.7.0) with ExtractAarTransform
Transforming lifecycle-livedata-core-ktx-2.7.0.aar (androidx.lifecycle:lifecycle-livedata-core-ktx:2.7.0) with JetifyTransform
Transforming lifecycle-livedata-core-ktx-2.7.0.aar (androidx.lifecycle:lifecycle-livedata-core-ktx:2.7.0) with ExtractAarTransform
Transforming lifecycle-livedata-ktx-2.7.0.aar (androidx.lifecycle:lifecycle-livedata-ktx:2.7.0) with JetifyTransform
Transforming lifecycle-livedata-ktx-2.7.0.aar (androidx.lifecycle:lifecycle-livedata-ktx:2.7.0) with ExtractAarTransform
Transforming lifecycle-livedata-core-2.7.0.aar (androidx.lifecycle:lifecycle-livedata-core:2.7.0) with JetifyTransform
Transforming lifecycle-livedata-core-2.7.0.aar (androidx.lifecycle:lifecycle-livedata-core:2.7.0) with ExtractAarTransform
Transforming loader-1.0.0.aar (androidx.loader:loader:1.0.0) with JetifyTransform
Transforming loader-1.0.0.aar (androidx.loader:loader:1.0.0) with ExtractAarTransform
Transforming lifecycle-livedata-2.7.0.aar (androidx.lifecycle:lifecycle-livedata:2.7.0) with JetifyTransform
Transforming lifecycle-livedata-2.7.0.aar (androidx.lifecycle:lifecycle-livedata:2.7.0) with ExtractAarTransform
Transforming savedstate-ktx-1.2.1.aar (androidx.savedstate:savedstate-ktx:1.2.1) with JetifyTransform
Transforming savedstate-ktx-1.2.1.aar (androidx.savedstate:savedstate-ktx:1.2.1) with ExtractAarTransform
Transforming savedstate-1.2.1.aar (androidx.savedstate:savedstate:1.2.1) with JetifyTransform
Transforming savedstate-1.2.1.aar (androidx.savedstate:savedstate:1.2.1) with ExtractAarTransform
Transforming lifecycle-viewmodel-savedstate-2.7.0.aar (androidx.lifecycle:lifecycle-viewmodel-savedstate:2.7.0) with JetifyTransform
Transforming lifecycle-viewmodel-savedstate-2.7.0.aar (androidx.lifecycle:lifecycle-viewmodel-savedstate:2.7.0) with ExtractAarTransform
Transforming lifecycle-viewmodel-ktx-2.7.0.aar (androidx.lifecycle:lifecycle-viewmodel-ktx:2.7.0) with JetifyTransform
Transforming lifecycle-viewmodel-ktx-2.7.0.aar (androidx.lifecycle:lifecycle-viewmodel-ktx:2.7.0) with ExtractAarTransform
Transforming lifecycle-viewmodel-2.7.0.aar (androidx.lifecycle:lifecycle-viewmodel:2.7.0) with JetifyTransform
Transforming lifecycle-viewmodel-2.7.0.aar (androidx.lifecycle:lifecycle-viewmodel:2.7.0) with ExtractAarTransform
Transforming lifecycle-runtime-2.7.0.aar (androidx.lifecycle:lifecycle-runtime:2.7.0) with JetifyTransform
Transforming lifecycle-runtime-2.7.0.aar (androidx.lifecycle:lifecycle-runtime:2.7.0) with ExtractAarTransform
Transforming lifecycle-runtime-ktx-2.7.0.aar (androidx.lifecycle:lifecycle-runtime-ktx:2.7.0) with JetifyTransform
Transforming lifecycle-runtime-ktx-2.7.0.aar (androidx.lifecycle:lifecycle-runtime-ktx:2.7.0) with ExtractAarTransform
Transforming lifecycle-viewmodel-compose-2.7.0.aar (androidx.lifecycle:lifecycle-viewmodel-compose:2.7.0) with JetifyTransform
Transforming lifecycle-viewmodel-compose-2.7.0.aar (androidx.lifecycle:lifecycle-viewmodel-compose:2.7.0) with ExtractAarTransform
Transforming accompanist-drawablepainter-0.32.0.aar (com.google.accompanist:accompanist-drawablepainter:0.32.0) with JetifyTransform
Transforming accompanist-drawablepainter-0.32.0.aar (com.google.accompanist:accompanist-drawablepainter:0.32.0) with ExtractAarTransform
Transforming ui-release.aar (androidx.compose.ui:ui-android:1.6.1) with JetifyTransform
Transforming ui-release.aar (androidx.compose.ui:ui-android:1.6.1) with ExtractAarTransform
Transforming activity-ktx-1.8.2.aar (androidx.activity:activity-ktx:1.8.2) with JetifyTransform
Transforming activity-ktx-1.8.2.aar (androidx.activity:activity-ktx:1.8.2) with ExtractAarTransform
Transforming activity-compose-1.8.2.aar (androidx.activity:activity-compose:1.8.2) with JetifyTransform
Transforming activity-compose-1.8.2.aar (androidx.activity:activity-compose:1.8.2) with ExtractAarTransform
Transforming activity-1.8.2.aar (androidx.activity:activity:1.8.2) with JetifyTransform
Transforming activity-1.8.2.aar (androidx.activity:activity:1.8.2) with ExtractAarTransform
Transforming exoplayer-2.19.1.aar (com.google.android.exoplayer:exoplayer:2.19.1) with JetifyTransform
Transforming exoplayer-2.19.1.aar (com.google.android.exoplayer:exoplayer:2.19.1) with ExtractAarTransform
Transforming exoplayer-dash-2.19.1.aar (com.google.android.exoplayer:exoplayer-dash:2.19.1) with JetifyTransform
Transforming exoplayer-dash-2.19.1.aar (com.google.android.exoplayer:exoplayer-dash:2.19.1) with ExtractAarTransform
Transforming exoplayer-hls-2.19.1.aar (com.google.android.exoplayer:exoplayer-hls:2.19.1) with JetifyTransform
Transforming exoplayer-hls-2.19.1.aar (com.google.android.exoplayer:exoplayer-hls:2.19.1) with ExtractAarTransform
Transforming exoplayer-rtsp-2.19.1.aar (com.google.android.exoplayer:exoplayer-rtsp:2.19.1) with JetifyTransform
Transforming exoplayer-rtsp-2.19.1.aar (com.google.android.exoplayer:exoplayer-rtsp:2.19.1) with ExtractAarTransform
Transforming exoplayer-smoothstreaming-2.19.1.aar (com.google.android.exoplayer:exoplayer-smoothstreaming:2.19.1) with JetifyTransform
Transforming exoplayer-smoothstreaming-2.19.1.aar (com.google.android.exoplayer:exoplayer-smoothstreaming:2.19.1) with ExtractAarTransform
Transforming exoplayer-core-2.19.1.aar (com.google.android.exoplayer:exoplayer-core:2.19.1) with JetifyTransform
Transforming exoplayer-core-2.19.1.aar (com.google.android.exoplayer:exoplayer-core:2.19.1) with ExtractAarTransform
Transforming exoplayer-ui-2.19.1.aar (com.google.android.exoplayer:exoplayer-ui:2.19.1) with JetifyTransform
Transforming exoplayer-ui-2.19.1.aar (com.google.android.exoplayer:exoplayer-ui:2.19.1) with ExtractAarTransform
Transforming recyclerview-1.3.0.aar (androidx.recyclerview:recyclerview:1.3.0) with JetifyTransform
Transforming recyclerview-1.3.0.aar (androidx.recyclerview:recyclerview:1.3.0) with ExtractAarTransform
Transforming media-1.6.0.aar (androidx.media:media:1.6.0) with JetifyTransform
Transforming media-1.6.0.aar (androidx.media:media:1.6.0) with ExtractAarTransform
Transforming viewpager-1.0.0.aar (androidx.viewpager:viewpager:1.0.0) with JetifyTransform
Transforming viewpager-1.0.0.aar (androidx.viewpager:viewpager:1.0.0) with ExtractAarTransform
Transforming customview-1.1.0.aar (androidx.customview:customview:1.1.0) with JetifyTransform
Transforming customview-1.1.0.aar (androidx.customview:customview:1.1.0) with ExtractAarTransform
Transforming autofill-1.0.0.aar (androidx.autofill:autofill:1.0.0) with JetifyTransform
Transforming autofill-1.0.0.aar (androidx.autofill:autofill:1.0.0) with ExtractAarTransform
Transforming core-1.12.0.aar (androidx.core:core:1.12.0) with JetifyTransform
Transforming core-1.12.0.aar (androidx.core:core:1.12.0) with ExtractAarTransform
Transforming ads-adservices-1.0.0-beta05.aar (androidx.privacysandbox.ads:ads-adservices:1.0.0-beta05) with JetifyTransform
Transforming ads-adservices-1.0.0-beta05.aar (androidx.privacysandbox.ads:ads-adservices:1.0.0-beta05) with ExtractAarTransform
Transforming customview-poolingcontainer-1.0.0.aar (androidx.customview:customview-poolingcontainer:1.0.0) with JetifyTransform
Transforming customview-poolingcontainer-1.0.0.aar (androidx.customview:customview-poolingcontainer:1.0.0) with ExtractAarTransform
Transforming core-ktx-1.12.0.aar (androidx.core:core-ktx:1.12.0) with JetifyTransform
Transforming core-ktx-1.12.0.aar (androidx.core:core-ktx:1.12.0) with ExtractAarTransform
Transforming flexbox-3.0.0.aar (com.google.android.flexbox:flexbox:3.0.0) with JetifyTransform
Transforming flexbox-3.0.0.aar (com.google.android.flexbox:flexbox:3.0.0) with ExtractAarTransform
Transforming core-splashscreen-1.0.1.aar (androidx.core:core-splashscreen:1.0.1) with JetifyTransform
Transforming core-splashscreen-1.0.1.aar (androidx.core:core-splashscreen:1.0.1) with ExtractAarTransform
Transforming sqlite-framework-2.4.0.aar (androidx.sqlite:sqlite-framework:2.4.0) with JetifyTransform
Transforming sqlite-framework-2.4.0.aar (androidx.sqlite:sqlite-framework:2.4.0) with ExtractAarTransform
Transforming sqlite-2.4.0.aar (androidx.sqlite:sqlite:2.4.0) with JetifyTransform
Transforming sqlite-2.4.0.aar (androidx.sqlite:sqlite:2.4.0) with ExtractAarTransform
Transforming napier-release.aar (io.github.aakira:napier-android:1.4.1) with JetifyTransform
Transforming napier-release.aar (io.github.aakira:napier-android:1.4.1) with ExtractAarTransform
Transforming annotation-experimental-1.4.0.aar (androidx.annotation:annotation-experimental:1.4.0) with JetifyTransform
Transforming annotation-experimental-1.4.0.aar (androidx.annotation:annotation-experimental:1.4.0) with ExtractAarTransform
Transforming cursoradapter-1.0.0.aar (androidx.cursoradapter:cursoradapter:1.0.0) with JetifyTransform
Transforming cursoradapter-1.0.0.aar (androidx.cursoradapter:cursoradapter:1.0.0) with ExtractAarTransform
Transforming cardview-1.0.0.aar (androidx.cardview:cardview:1.0.0) with JetifyTransform
Transforming cardview-1.0.0.aar (androidx.cardview:cardview:1.0.0) with ExtractAarTransform
Transforming core-runtime-2.2.0.aar (androidx.arch.core:core-runtime:2.2.0) with JetifyTransform
Transforming core-runtime-2.2.0.aar (androidx.arch.core:core-runtime:2.2.0) with ExtractAarTransform
Transforming exoplayer-datasource-2.19.1.aar (com.google.android.exoplayer:exoplayer-datasource:2.19.1) with JetifyTransform
Transforming exoplayer-datasource-2.19.1.aar (com.google.android.exoplayer:exoplayer-datasource:2.19.1) with ExtractAarTransform
Transforming exoplayer-database-2.19.1.aar (com.google.android.exoplayer:exoplayer-database:2.19.1) with JetifyTransform
Transforming exoplayer-database-2.19.1.aar (com.google.android.exoplayer:exoplayer-database:2.19.1) with ExtractAarTransform
Transforming exoplayer-extractor-2.19.1.aar (com.google.android.exoplayer:exoplayer-extractor:2.19.1) with JetifyTransform
Transforming exoplayer-extractor-2.19.1.aar (com.google.android.exoplayer:exoplayer-extractor:2.19.1) with ExtractAarTransform
Transforming exoplayer-decoder-2.19.1.aar (com.google.android.exoplayer:exoplayer-decoder:2.19.1) with JetifyTransform
Transforming exoplayer-decoder-2.19.1.aar (com.google.android.exoplayer:exoplayer-decoder:2.19.1) with ExtractAarTransform
Transforming exoplayer-container-2.19.1.aar (com.google.android.exoplayer:exoplayer-container:2.19.1) with JetifyTransform
Transforming exoplayer-container-2.19.1.aar (com.google.android.exoplayer:exoplayer-container:2.19.1) with ExtractAarTransform
Transforming exoplayer-common-2.19.1.aar (com.google.android.exoplayer:exoplayer-common:2.19.1) with JetifyTransform
Transforming exoplayer-common-2.19.1.aar (com.google.android.exoplayer:exoplayer-common:2.19.1) with ExtractAarTransform
Transforming interpolator-1.0.0.aar (androidx.interpolator:interpolator:1.0.0) with JetifyTransform
Transforming interpolator-1.0.0.aar (androidx.interpolator:interpolator:1.0.0) with ExtractAarTransform
Transforming versionedparcelable-1.1.1.aar (androidx.versionedparcelable:versionedparcelable:1.1.1) with JetifyTransform
Transforming versionedparcelable-1.1.1.aar (androidx.versionedparcelable:versionedparcelable:1.1.1) with ExtractAarTransform
Transforming profileinstaller-1.3.1.aar (androidx.profileinstaller:profileinstaller:1.3.1) with JetifyTransform
Transforming profileinstaller-1.3.1.aar (androidx.profileinstaller:profileinstaller:1.3.1) with ExtractAarTransform
Transforming startup-runtime-1.1.1.aar (androidx.startup:startup-runtime:1.1.1) with JetifyTransform
Transforming startup-runtime-1.1.1.aar (androidx.startup:startup-runtime:1.1.1) with ExtractAarTransform
Transforming tracing-1.0.0.aar (androidx.tracing:tracing:1.0.0) with JetifyTransform
Transforming tracing-1.0.0.aar (androidx.tracing:tracing:1.0.0) with ExtractAarTransform
Transforming exifinterface-1.3.6.aar (androidx.exifinterface:exifinterface:1.3.6) with JetifyTransform
Transforming exifinterface-1.3.6.aar (androidx.exifinterface:exifinterface:1.3.6) with ExtractAarTransform
Transforming volley-1.2.1.aar (com.android.volley:volley:1.2.1) with JetifyTransform
Transforming volley-1.2.1.aar (com.android.volley:volley:1.2.1) with ExtractAarTransform
Transforming Android-Image-Slider-1.4.0.aar (com.github.smarteist:Android-Image-Slider:1.4.0) with JetifyTransform
Transforming Android-Image-Slider-1.4.0.aar (com.github.smarteist:Android-Image-Slider:1.4.0) with ExtractAarTransform
Transforming circleimageview-3.1.0.aar (de.hdodenhof:circleimageview:3.1.0) with JetifyTransform
Transforming circleimageview-3.1.0.aar (de.hdodenhof:circleimageview:3.1.0) with ExtractAarTransform
Transforming dagger-lint-aar-2.49.aar (com.google.dagger:dagger-lint-aar:2.49) with JetifyTransform
Transforming dagger-lint-aar-2.49.aar (com.google.dagger:dagger-lint-aar:2.49) with ExtractAarTransform
Transforming material-1.11.0.aar (com.google.android.material:material:1.11.0) with JetifyTransform
Transforming material-1.11.0.aar (com.google.android.material:material:1.11.0) with ExtractAarTransform
Transforming material-1.11.0.aar (com.google.android.material:material:1.11.0) with AarTransform
Transforming lottie-compose-6.1.0.aar (com.airbnb.android:lottie-compose:6.1.0) with JetifyTransform
Transforming lottie-compose-6.1.0.aar (com.airbnb.android:lottie-compose:6.1.0) with ExtractAarTransform
Transforming lottie-compose-6.1.0.aar (com.airbnb.android:lottie-compose:6.1.0) with AarTransform
Transforming lottie-6.1.0.aar (com.airbnb.android:lottie:6.1.0) with JetifyTransform
Transforming lottie-6.1.0.aar (com.airbnb.android:lottie:6.1.0) with ExtractAarTransform
Transforming lottie-6.1.0.aar (com.airbnb.android:lottie:6.1.0) with AarTransform
Transforming coil-compose-2.5.0.aar (io.coil-kt:coil-compose:2.5.0) with JetifyTransform
Transforming coil-compose-2.5.0.aar (io.coil-kt:coil-compose:2.5.0) with ExtractAarTransform
Transforming coil-compose-2.5.0.aar (io.coil-kt:coil-compose:2.5.0) with AarTransform
Transforming coil-compose-base-2.5.0.aar (io.coil-kt:coil-compose-base:2.5.0) with JetifyTransform
Transforming coil-compose-base-2.5.0.aar (io.coil-kt:coil-compose-base:2.5.0) with ExtractAarTransform
Transforming coil-compose-base-2.5.0.aar (io.coil-kt:coil-compose-base:2.5.0) with AarTransform
Transforming coil-2.5.0.aar (io.coil-kt:coil:2.5.0) with JetifyTransform
Transforming coil-2.5.0.aar (io.coil-kt:coil:2.5.0) with ExtractAarTransform
Transforming coil-2.5.0.aar (io.coil-kt:coil:2.5.0) with AarTransform
Transforming coil-base-2.5.0.aar (io.coil-kt:coil-base:2.5.0) with JetifyTransform
Transforming coil-base-2.5.0.aar (io.coil-kt:coil-base:2.5.0) with ExtractAarTransform
Transforming coil-base-2.5.0.aar (io.coil-kt:coil-base:2.5.0) with AarTransform
Transforming appcompat-resources-1.6.1.aar (androidx.appcompat:appcompat-resources:1.6.1) with JetifyTransform
Transforming appcompat-resources-1.6.1.aar (androidx.appcompat:appcompat-resources:1.6.1) with ExtractAarTransform
Transforming appcompat-resources-1.6.1.aar (androidx.appcompat:appcompat-resources:1.6.1) with AarTransform
Transforming constraintlayout-2.0.1.aar (androidx.constraintlayout:constraintlayout:2.0.1) with JetifyTransform
Transforming constraintlayout-2.0.1.aar (androidx.constraintlayout:constraintlayout:2.0.1) with ExtractAarTransform
Transforming constraintlayout-2.0.1.aar (androidx.constraintlayout:constraintlayout:2.0.1) with AarTransform
Transforming appcompat-1.6.1.aar (androidx.appcompat:appcompat:1.6.1) with JetifyTransform
Transforming appcompat-1.6.1.aar (androidx.appcompat:appcompat:1.6.1) with ExtractAarTransform
Transforming appcompat-1.6.1.aar (androidx.appcompat:appcompat:1.6.1) with AarTransform
Transforming viewpager2-1.0.0.aar (androidx.viewpager2:viewpager2:1.0.0) with JetifyTransform
Transforming viewpager2-1.0.0.aar (androidx.viewpager2:viewpager2:1.0.0) with ExtractAarTransform
Transforming viewpager2-1.0.0.aar (androidx.viewpager2:viewpager2:1.0.0) with AarTransform
Transforming play-services-ads-22.6.0.aar (com.google.android.gms:play-services-ads:22.6.0) with JetifyTransform
Transforming play-services-ads-22.6.0.aar (com.google.android.gms:play-services-ads:22.6.0) with ExtractAarTransform
Transforming play-services-ads-22.6.0.aar (com.google.android.gms:play-services-ads:22.6.0) with AarTransform
Transforming play-services-base-18.2.0.aar (com.google.android.gms:play-services-base:18.2.0) with JetifyTransform
Transforming play-services-base-18.2.0.aar (com.google.android.gms:play-services-base:18.2.0) with ExtractAarTransform
Transforming play-services-base-18.2.0.aar (com.google.android.gms:play-services-base:18.2.0) with AarTransform
Transforming drawerlayout-1.1.1.aar (androidx.drawerlayout:drawerlayout:1.1.1) with JetifyTransform
Transforming drawerlayout-1.1.1.aar (androidx.drawerlayout:drawerlayout:1.1.1) with ExtractAarTransform
Transforming drawerlayout-1.1.1.aar (androidx.drawerlayout:drawerlayout:1.1.1) with AarTransform
Transforming coordinatorlayout-1.1.0.aar (androidx.coordinatorlayout:coordinatorlayout:1.1.0) with JetifyTransform
Transforming coordinatorlayout-1.1.0.aar (androidx.coordinatorlayout:coordinatorlayout:1.1.0) with ExtractAarTransform
Transforming coordinatorlayout-1.1.0.aar (androidx.coordinatorlayout:coordinatorlayout:1.1.0) with AarTransform
Transforming dynamicanimation-1.0.0.aar (androidx.dynamicanimation:dynamicanimation:1.0.0) with JetifyTransform
Transforming dynamicanimation-1.0.0.aar (androidx.dynamicanimation:dynamicanimation:1.0.0) with ExtractAarTransform
Transforming dynamicanimation-1.0.0.aar (androidx.dynamicanimation:dynamicanimation:1.0.0) with AarTransform
Transforming transition-1.2.0.aar (androidx.transition:transition:1.2.0) with JetifyTransform
Transforming transition-1.2.0.aar (androidx.transition:transition:1.2.0) with ExtractAarTransform
Transforming transition-1.2.0.aar (androidx.transition:transition:1.2.0) with AarTransform
Transforming vectordrawable-animated-1.1.0.aar (androidx.vectordrawable:vectordrawable-animated:1.1.0) with JetifyTransform
Transforming vectordrawable-animated-1.1.0.aar (androidx.vectordrawable:vectordrawable-animated:1.1.0) with ExtractAarTransform
Transforming vectordrawable-animated-1.1.0.aar (androidx.vectordrawable:vectordrawable-animated:1.1.0) with AarTransform
Transforming vectordrawable-1.1.0.aar (androidx.vectordrawable:vectordrawable:1.1.0) with JetifyTransform
Transforming vectordrawable-1.1.0.aar (androidx.vectordrawable:vectordrawable:1.1.0) with ExtractAarTransform
Transforming vectordrawable-1.1.0.aar (androidx.vectordrawable:vectordrawable:1.1.0) with AarTransform
Transforming hilt-navigation-compose-1.1.0.aar (androidx.hilt:hilt-navigation-compose:1.1.0) with JetifyTransform
Transforming hilt-navigation-compose-1.1.0.aar (androidx.hilt:hilt-navigation-compose:1.1.0) with ExtractAarTransform
Transforming hilt-navigation-compose-1.1.0.aar (androidx.hilt:hilt-navigation-compose:1.1.0) with AarTransform
Transforming hilt-navigation-1.1.0.aar (androidx.hilt:hilt-navigation:1.1.0) with JetifyTransform
Transforming hilt-navigation-1.1.0.aar (androidx.hilt:hilt-navigation:1.1.0) with ExtractAarTransform
Transforming hilt-navigation-1.1.0.aar (androidx.hilt:hilt-navigation:1.1.0) with AarTransform
Transforming navigation-common-2.7.6.aar (androidx.navigation:navigation-common:2.7.6) with JetifyTransform
Transforming navigation-common-2.7.6.aar (androidx.navigation:navigation-common:2.7.6) with ExtractAarTransform
Transforming navigation-common-2.7.6.aar (androidx.navigation:navigation-common:2.7.6) with AarTransform
Transforming navigation-runtime-2.7.6.aar (androidx.navigation:navigation-runtime:2.7.6) with JetifyTransform
Transforming navigation-runtime-2.7.6.aar (androidx.navigation:navigation-runtime:2.7.6) with ExtractAarTransform
Transforming navigation-runtime-2.7.6.aar (androidx.navigation:navigation-runtime:2.7.6) with AarTransform
Transforming navigation-common-ktx-2.7.6.aar (androidx.navigation:navigation-common-ktx:2.7.6) with JetifyTransform
Transforming navigation-common-ktx-2.7.6.aar (androidx.navigation:navigation-common-ktx:2.7.6) with ExtractAarTransform
Transforming navigation-common-ktx-2.7.6.aar (androidx.navigation:navigation-common-ktx:2.7.6) with AarTransform
Transforming navigation-runtime-ktx-2.7.6.aar (androidx.navigation:navigation-runtime-ktx:2.7.6) with JetifyTransform
Transforming navigation-runtime-ktx-2.7.6.aar (androidx.navigation:navigation-runtime-ktx:2.7.6) with ExtractAarTransform
Transforming navigation-runtime-ktx-2.7.6.aar (androidx.navigation:navigation-runtime-ktx:2.7.6) with AarTransform
Transforming navigation-compose-2.7.6.aar (androidx.navigation:navigation-compose:2.7.6) with JetifyTransform
Transforming navigation-compose-2.7.6.aar (androidx.navigation:navigation-compose:2.7.6) with ExtractAarTransform
Transforming navigation-compose-2.7.6.aar (androidx.navigation:navigation-compose:2.7.6) with AarTransform
Transforming accompanist-permissions-0.32.0.aar (com.google.accompanist:accompanist-permissions:0.32.0) with JetifyTransform
Transforming accompanist-permissions-0.32.0.aar (com.google.accompanist:accompanist-permissions:0.32.0) with ExtractAarTransform
Transforming accompanist-permissions-0.32.0.aar (com.google.accompanist:accompanist-permissions:0.32.0) with AarTransform
Transforming room-ktx-2.6.1.aar (androidx.room:room-ktx:2.6.1) with JetifyTransform
Transforming room-ktx-2.6.1.aar (androidx.room:room-ktx:2.6.1) with ExtractAarTransform
Transforming room-ktx-2.6.1.aar (androidx.room:room-ktx:2.6.1) with AarTransform
Transforming work-runtime-2.7.0.aar (androidx.work:work-runtime:2.7.0) with JetifyTransform
Transforming work-runtime-2.7.0.aar (androidx.work:work-runtime:2.7.0) with ExtractAarTransform
Transforming work-runtime-2.7.0.aar (androidx.work:work-runtime:2.7.0) with AarTransform
Transforming room-runtime-2.6.1.aar (androidx.room:room-runtime:2.6.1) with JetifyTransform
Transforming room-runtime-2.6.1.aar (androidx.room:room-runtime:2.6.1) with ExtractAarTransform
Transforming room-runtime-2.6.1.aar (androidx.room:room-runtime:2.6.1) with AarTransform
Transforming room-paging-2.6.1.aar (androidx.room:room-paging:2.6.1) with JetifyTransform
Transforming room-paging-2.6.1.aar (androidx.room:room-paging:2.6.1) with ExtractAarTransform
Transforming room-paging-2.6.1.aar (androidx.room:room-paging:2.6.1) with AarTransform
Transforming paging-runtime-3.2.1.aar (androidx.paging:paging-runtime:3.2.1) with JetifyTransform
Transforming paging-runtime-3.2.1.aar (androidx.paging:paging-runtime:3.2.1) with ExtractAarTransform
Transforming paging-runtime-3.2.1.aar (androidx.paging:paging-runtime:3.2.1) with AarTransform
Transforming paging-runtime-ktx-3.2.1.aar (androidx.paging:paging-runtime-ktx:3.2.1) with JetifyTransform
Transforming paging-runtime-ktx-3.2.1.aar (androidx.paging:paging-runtime-ktx:3.2.1) with ExtractAarTransform
Transforming paging-runtime-ktx-3.2.1.aar (androidx.paging:paging-runtime-ktx:3.2.1) with AarTransform
Transforming paging-compose-3.2.1.aar (androidx.paging:paging-compose:3.2.1) with JetifyTransform
Transforming paging-compose-3.2.1.aar (androidx.paging:paging-compose:3.2.1) with ExtractAarTransform
Transforming paging-compose-3.2.1.aar (androidx.paging:paging-compose:3.2.1) with AarTransform
Transforming material3-release.aar (androidx.compose.material3:material3-android:1.2.0) with JetifyTransform
Transforming material3-release.aar (androidx.compose.material3:material3-android:1.2.0) with ExtractAarTransform
Transforming material3-release.aar (androidx.compose.material3:material3-android:1.2.0) with AarTransform
Transforming material-ripple-release.aar (androidx.compose.material:material-ripple-android:1.6.1) with JetifyTransform
Transforming material-ripple-release.aar (androidx.compose.material:material-ripple-android:1.6.1) with ExtractAarTransform
Transforming material-ripple-release.aar (androidx.compose.material:material-ripple-android:1.6.1) with AarTransform
Transforming material-icons-core-release.aar (androidx.compose.material:material-icons-core-android:1.6.1) with JetifyTransform
Transforming material-icons-core-release.aar (androidx.compose.material:material-icons-core-android:1.6.1) with ExtractAarTransform
Transforming material-icons-core-release.aar (androidx.compose.material:material-icons-core-android:1.6.1) with AarTransform
Transforming material-release.aar (androidx.compose.material:material-android:1.6.1) with JetifyTransform
Transforming material-release.aar (androidx.compose.material:material-android:1.6.1) with ExtractAarTransform
Transforming material-release.aar (androidx.compose.material:material-android:1.6.1) with AarTransform
Transforming animation-core-release.aar (androidx.compose.animation:animation-core-android:1.6.1) with JetifyTransform
Transforming animation-core-release.aar (androidx.compose.animation:animation-core-android:1.6.1) with ExtractAarTransform
Transforming animation-core-release.aar (androidx.compose.animation:animation-core-android:1.6.1) with AarTransform
Transforming animation-release.aar (androidx.compose.animation:animation-android:1.6.1) with JetifyTransform
Transforming animation-release.aar (androidx.compose.animation:animation-android:1.6.1) with ExtractAarTransform
Transforming animation-release.aar (androidx.compose.animation:animation-android:1.6.1) with AarTransform
Transforming foundation-layout-release.aar (androidx.compose.foundation:foundation-layout-android:1.6.1) with JetifyTransform
Transforming foundation-layout-release.aar (androidx.compose.foundation:foundation-layout-android:1.6.1) with ExtractAarTransform
Transforming foundation-layout-release.aar (androidx.compose.foundation:foundation-layout-android:1.6.1) with AarTransform
Transforming foundation-release.aar (androidx.compose.foundation:foundation-android:1.6.1) with JetifyTransform
Transforming foundation-release.aar (androidx.compose.foundation:foundation-android:1.6.1) with ExtractAarTransform
Transforming foundation-release.aar (androidx.compose.foundation:foundation-android:1.6.1) with AarTransform
Transforming ui-unit-release.aar (androidx.compose.ui:ui-unit-android:1.6.1) with JetifyTransform
Transforming ui-unit-release.aar (androidx.compose.ui:ui-unit-android:1.6.1) with ExtractAarTransform
Transforming ui-unit-release.aar (androidx.compose.ui:ui-unit-android:1.6.1) with AarTransform
Transforming ui-geometry-release.aar (androidx.compose.ui:ui-geometry-android:1.6.1) with JetifyTransform
Transforming ui-geometry-release.aar (androidx.compose.ui:ui-geometry-android:1.6.1) with ExtractAarTransform
Transforming ui-geometry-release.aar (androidx.compose.ui:ui-geometry-android:1.6.1) with AarTransform
Transforming ui-util-release.aar (androidx.compose.ui:ui-util-android:1.6.1) with JetifyTransform
Transforming ui-util-release.aar (androidx.compose.ui:ui-util-android:1.6.1) with ExtractAarTransform
Transforming ui-util-release.aar (androidx.compose.ui:ui-util-android:1.6.1) with AarTransform
Transforming ui-text-release.aar (androidx.compose.ui:ui-text-android:1.6.1) with JetifyTransform
Transforming ui-text-release.aar (androidx.compose.ui:ui-text-android:1.6.1) with ExtractAarTransform
Transforming ui-text-release.aar (androidx.compose.ui:ui-text-android:1.6.1) with AarTransform
Transforming ui-tooling-preview-release.aar (androidx.compose.ui:ui-tooling-preview-android:1.6.1) with JetifyTransform
Transforming ui-tooling-preview-release.aar (androidx.compose.ui:ui-tooling-preview-android:1.6.1) with ExtractAarTransform
Transforming ui-tooling-preview-release.aar (androidx.compose.ui:ui-tooling-preview-android:1.6.1) with AarTransform
Transforming ui-graphics-release.aar (androidx.compose.ui:ui-graphics-android:1.6.1) with JetifyTransform
Transforming ui-graphics-release.aar (androidx.compose.ui:ui-graphics-android:1.6.1) with ExtractAarTransform
Transforming ui-graphics-release.aar (androidx.compose.ui:ui-graphics-android:1.6.1) with AarTransform
Transforming runtime-saveable-release.aar (androidx.compose.runtime:runtime-saveable-android:1.6.1) with JetifyTransform
Transforming runtime-saveable-release.aar (androidx.compose.runtime:runtime-saveable-android:1.6.1) with ExtractAarTransform
Transforming runtime-saveable-release.aar (androidx.compose.runtime:runtime-saveable-android:1.6.1) with AarTransform
Transforming runtime-release.aar (androidx.compose.runtime:runtime-android:1.6.1) with JetifyTransform
Transforming runtime-release.aar (androidx.compose.runtime:runtime-android:1.6.1) with ExtractAarTransform
Transforming runtime-release.aar (androidx.compose.runtime:runtime-android:1.6.1) with AarTransform
Transforming runtime-livedata-1.6.1.aar (androidx.compose.runtime:runtime-livedata:1.6.1) with JetifyTransform
Transforming runtime-livedata-1.6.1.aar (androidx.compose.runtime:runtime-livedata:1.6.1) with ExtractAarTransform
Transforming runtime-livedata-1.6.1.aar (androidx.compose.runtime:runtime-livedata:1.6.1) with AarTransform
Transforming hilt-android-2.49.aar (com.google.dagger:hilt-android:2.49) with JetifyTransform
Transforming hilt-android-2.49.aar (com.google.dagger:hilt-android:2.49) with ExtractAarTransform
Transforming hilt-android-2.49.aar (com.google.dagger:hilt-android:2.49) with AarTransform
Transforming fragment-1.5.1.aar (androidx.fragment:fragment:1.5.1) with JetifyTransform
Transforming fragment-1.5.1.aar (androidx.fragment:fragment:1.5.1) with ExtractAarTransform
Transforming fragment-1.5.1.aar (androidx.fragment:fragment:1.5.1) with AarTransform
Transforming emoji2-views-helper-1.3.0.aar (androidx.emoji2:emoji2-views-helper:1.3.0) with JetifyTransform
Transforming emoji2-views-helper-1.3.0.aar (androidx.emoji2:emoji2-views-helper:1.3.0) with ExtractAarTransform
Transforming emoji2-views-helper-1.3.0.aar (androidx.emoji2:emoji2-views-helper:1.3.0) with AarTransform
Transforming emoji2-1.3.0.aar (androidx.emoji2:emoji2:1.3.0) with JetifyTransform
Transforming emoji2-1.3.0.aar (androidx.emoji2:emoji2:1.3.0) with ExtractAarTransform
Transforming emoji2-1.3.0.aar (androidx.emoji2:emoji2:1.3.0) with AarTransform
Transforming lifecycle-process-2.7.0.aar (androidx.lifecycle:lifecycle-process:2.7.0) with JetifyTransform
Transforming lifecycle-process-2.7.0.aar (androidx.lifecycle:lifecycle-process:2.7.0) with ExtractAarTransform
Transforming lifecycle-process-2.7.0.aar (androidx.lifecycle:lifecycle-process:2.7.0) with AarTransform
Transforming lifecycle-service-2.7.0.aar (androidx.lifecycle:lifecycle-service:2.7.0) with JetifyTransform
Transforming lifecycle-service-2.7.0.aar (androidx.lifecycle:lifecycle-service:2.7.0) with ExtractAarTransform
Transforming lifecycle-service-2.7.0.aar (androidx.lifecycle:lifecycle-service:2.7.0) with AarTransform
Transforming lifecycle-livedata-core-ktx-2.7.0.aar (androidx.lifecycle:lifecycle-livedata-core-ktx:2.7.0) with JetifyTransform
Transforming lifecycle-livedata-core-ktx-2.7.0.aar (androidx.lifecycle:lifecycle-livedata-core-ktx:2.7.0) with ExtractAarTransform
Transforming lifecycle-livedata-core-ktx-2.7.0.aar (androidx.lifecycle:lifecycle-livedata-core-ktx:2.7.0) with AarTransform
Transforming lifecycle-livedata-ktx-2.7.0.aar (androidx.lifecycle:lifecycle-livedata-ktx:2.7.0) with JetifyTransform
Transforming lifecycle-livedata-ktx-2.7.0.aar (androidx.lifecycle:lifecycle-livedata-ktx:2.7.0) with ExtractAarTransform
Transforming lifecycle-livedata-ktx-2.7.0.aar (androidx.lifecycle:lifecycle-livedata-ktx:2.7.0) with AarTransform
Transforming lifecycle-livedata-core-2.7.0.aar (androidx.lifecycle:lifecycle-livedata-core:2.7.0) with JetifyTransform
Transforming lifecycle-livedata-core-2.7.0.aar (androidx.lifecycle:lifecycle-livedata-core:2.7.0) with ExtractAarTransform
Transforming lifecycle-livedata-core-2.7.0.aar (androidx.lifecycle:lifecycle-livedata-core:2.7.0) with AarTransform
Transforming loader-1.0.0.aar (androidx.loader:loader:1.0.0) with JetifyTransform
Transforming loader-1.0.0.aar (androidx.loader:loader:1.0.0) with ExtractAarTransform
Transforming loader-1.0.0.aar (androidx.loader:loader:1.0.0) with AarTransform
Transforming lifecycle-livedata-2.7.0.aar (androidx.lifecycle:lifecycle-livedata:2.7.0) with JetifyTransform
Transforming lifecycle-livedata-2.7.0.aar (androidx.lifecycle:lifecycle-livedata:2.7.0) with ExtractAarTransform
Transforming lifecycle-livedata-2.7.0.aar (androidx.lifecycle:lifecycle-livedata:2.7.0) with AarTransform
Transforming savedstate-ktx-1.2.1.aar (androidx.savedstate:savedstate-ktx:1.2.1) with JetifyTransform
Transforming savedstate-ktx-1.2.1.aar (androidx.savedstate:savedstate-ktx:1.2.1) with ExtractAarTransform
Transforming savedstate-ktx-1.2.1.aar (androidx.savedstate:savedstate-ktx:1.2.1) with AarTransform
Transforming savedstate-1.2.1.aar (androidx.savedstate:savedstate:1.2.1) with JetifyTransform
Caching disabled for AarTransform: C:\Users\user\.gradle\caches\transforms-3\3bde4be5f64196dc9d79c4d702f48306\transformed\jetified-emoji2-1.3.0 because:
  Build cache is disabled
Transforming savedstate-1.2.1.aar (androidx.savedstate:savedstate:1.2.1) with ExtractAarTransform
Skipping AarTransform: C:\Users\user\.gradle\caches\transforms-3\3bde4be5f64196dc9d79c4d702f48306\transformed\jetified-emoji2-1.3.0 as it is up-to-date.
Transforming savedstate-1.2.1.aar (androidx.savedstate:savedstate:1.2.1) with AarTransform
Transforming lifecycle-viewmodel-savedstate-2.7.0.aar (androidx.lifecycle:lifecycle-viewmodel-savedstate:2.7.0) with JetifyTransform
Caching disabled for AarTransform: C:\Users\user\.gradle\caches\transforms-3\2e6a11253b53f57b3b9d26b8fa62696e\transformed\jetified-emoji2-views-helper-1.3.0 because:
  Build cache is disabled
Transforming lifecycle-viewmodel-savedstate-2.7.0.aar (androidx.lifecycle:lifecycle-viewmodel-savedstate:2.7.0) with ExtractAarTransform
Skipping AarTransform: C:\Users\user\.gradle\caches\transforms-3\2e6a11253b53f57b3b9d26b8fa62696e\transformed\jetified-emoji2-views-helper-1.3.0 as it is up-to-date.
Transforming lifecycle-viewmodel-savedstate-2.7.0.aar (androidx.lifecycle:lifecycle-viewmodel-savedstate:2.7.0) with AarTransform
Caching disabled for AarTransform: C:\Users\user\.gradle\caches\transforms-3\befba8fbd8bdeb7a931e0ef64310fd03\transformed\jetified-lifecycle-process-2.7.0 because:
  Build cache is disabled
Transforming lifecycle-viewmodel-ktx-2.7.0.aar (androidx.lifecycle:lifecycle-viewmodel-ktx:2.7.0) with JetifyTransform
Skipping AarTransform: C:\Users\user\.gradle\caches\transforms-3\befba8fbd8bdeb7a931e0ef64310fd03\transformed\jetified-lifecycle-process-2.7.0 as it is up-to-date.
Transforming lifecycle-viewmodel-ktx-2.7.0.aar (androidx.lifecycle:lifecycle-viewmodel-ktx:2.7.0) with ExtractAarTransform
Transforming lifecycle-viewmodel-ktx-2.7.0.aar (androidx.lifecycle:lifecycle-viewmodel-ktx:2.7.0) with AarTransform
Transforming lifecycle-viewmodel-2.7.0.aar (androidx.lifecycle:lifecycle-viewmodel:2.7.0) with JetifyTransform
Transforming lifecycle-viewmodel-2.7.0.aar (androidx.lifecycle:lifecycle-viewmodel:2.7.0) with ExtractAarTransform
Caching disabled for AarTransform: C:\Users\user\.gradle\caches\transforms-3\32759966595792c9a2f9091d1711a6d5\transformed\jetified-lifecycle-service-2.7.0 because:
  Build cache is disabled
Transforming lifecycle-viewmodel-2.7.0.aar (androidx.lifecycle:lifecycle-viewmodel:2.7.0) with AarTransform
Transforming lifecycle-runtime-2.7.0.aar (androidx.lifecycle:lifecycle-runtime:2.7.0) with JetifyTransform
Transforming lifecycle-runtime-2.7.0.aar (androidx.lifecycle:lifecycle-runtime:2.7.0) with ExtractAarTransform
Transforming lifecycle-runtime-2.7.0.aar (androidx.lifecycle:lifecycle-runtime:2.7.0) with AarTransform
Transforming lifecycle-runtime-ktx-2.7.0.aar (androidx.lifecycle:lifecycle-runtime-ktx:2.7.0) with JetifyTransform
Transforming lifecycle-runtime-ktx-2.7.0.aar (androidx.lifecycle:lifecycle-runtime-ktx:2.7.0) with ExtractAarTransform
Transforming lifecycle-runtime-ktx-2.7.0.aar (androidx.lifecycle:lifecycle-runtime-ktx:2.7.0) with AarTransform
Transforming lifecycle-viewmodel-compose-2.7.0.aar (androidx.lifecycle:lifecycle-viewmodel-compose:2.7.0) with JetifyTransform
Transforming lifecycle-viewmodel-compose-2.7.0.aar (androidx.lifecycle:lifecycle-viewmodel-compose:2.7.0) with ExtractAarTransform
Skipping AarTransform: C:\Users\user\.gradle\caches\transforms-3\32759966595792c9a2f9091d1711a6d5\transformed\jetified-lifecycle-service-2.7.0 as it is up-to-date.
Transforming lifecycle-viewmodel-compose-2.7.0.aar (androidx.lifecycle:lifecycle-viewmodel-compose:2.7.0) with AarTransform
Transforming accompanist-drawablepainter-0.32.0.aar (com.google.accompanist:accompanist-drawablepainter:0.32.0) with JetifyTransform
Transforming accompanist-drawablepainter-0.32.0.aar (com.google.accompanist:accompanist-drawablepainter:0.32.0) with ExtractAarTransform
Transforming accompanist-drawablepainter-0.32.0.aar (com.google.accompanist:accompanist-drawablepainter:0.32.0) with AarTransform
Transforming ui-release.aar (androidx.compose.ui:ui-android:1.6.1) with JetifyTransform
Transforming ui-release.aar (androidx.compose.ui:ui-android:1.6.1) with ExtractAarTransform
Transforming ui-release.aar (androidx.compose.ui:ui-android:1.6.1) with AarTransform
Transforming activity-ktx-1.8.2.aar (androidx.activity:activity-ktx:1.8.2) with JetifyTransform
Transforming activity-ktx-1.8.2.aar (androidx.activity:activity-ktx:1.8.2) with ExtractAarTransform
Transforming activity-ktx-1.8.2.aar (androidx.activity:activity-ktx:1.8.2) with AarTransform
Transforming activity-compose-1.8.2.aar (androidx.activity:activity-compose:1.8.2) with JetifyTransform
Transforming activity-compose-1.8.2.aar (androidx.activity:activity-compose:1.8.2) with ExtractAarTransform
Transforming activity-compose-1.8.2.aar (androidx.activity:activity-compose:1.8.2) with AarTransform
Transforming activity-1.8.2.aar (androidx.activity:activity:1.8.2) with JetifyTransform
Transforming activity-1.8.2.aar (androidx.activity:activity:1.8.2) with ExtractAarTransform
Transforming activity-1.8.2.aar (androidx.activity:activity:1.8.2) with AarTransform
Transforming exoplayer-2.19.1.aar (com.google.android.exoplayer:exoplayer:2.19.1) with JetifyTransform
Transforming exoplayer-2.19.1.aar (com.google.android.exoplayer:exoplayer:2.19.1) with ExtractAarTransform
Transforming exoplayer-2.19.1.aar (com.google.android.exoplayer:exoplayer:2.19.1) with AarTransform
Transforming exoplayer-dash-2.19.1.aar (com.google.android.exoplayer:exoplayer-dash:2.19.1) with JetifyTransform
Transforming exoplayer-dash-2.19.1.aar (com.google.android.exoplayer:exoplayer-dash:2.19.1) with ExtractAarTransform
Transforming exoplayer-dash-2.19.1.aar (com.google.android.exoplayer:exoplayer-dash:2.19.1) with AarTransform
Transforming exoplayer-hls-2.19.1.aar (com.google.android.exoplayer:exoplayer-hls:2.19.1) with JetifyTransform
Transforming exoplayer-hls-2.19.1.aar (com.google.android.exoplayer:exoplayer-hls:2.19.1) with ExtractAarTransform
Transforming exoplayer-hls-2.19.1.aar (com.google.android.exoplayer:exoplayer-hls:2.19.1) with AarTransform
Transforming exoplayer-rtsp-2.19.1.aar (com.google.android.exoplayer:exoplayer-rtsp:2.19.1) with JetifyTransform
Transforming exoplayer-rtsp-2.19.1.aar (com.google.android.exoplayer:exoplayer-rtsp:2.19.1) with ExtractAarTransform
Transforming exoplayer-rtsp-2.19.1.aar (com.google.android.exoplayer:exoplayer-rtsp:2.19.1) with AarTransform
Transforming exoplayer-smoothstreaming-2.19.1.aar (com.google.android.exoplayer:exoplayer-smoothstreaming:2.19.1) with JetifyTransform
Transforming exoplayer-smoothstreaming-2.19.1.aar (com.google.android.exoplayer:exoplayer-smoothstreaming:2.19.1) with ExtractAarTransform
Transforming exoplayer-smoothstreaming-2.19.1.aar (com.google.android.exoplayer:exoplayer-smoothstreaming:2.19.1) with AarTransform
Transforming exoplayer-core-2.19.1.aar (com.google.android.exoplayer:exoplayer-core:2.19.1) with JetifyTransform
Caching disabled for AarTransform: C:\Users\user\.gradle\caches\transforms-3\8f69b11fed3424c2a2d07f943e7b1442\transformed\jetified-accompanist-drawablepainter-0.32.0 because:
  Build cache is disabled
Transforming exoplayer-core-2.19.1.aar (com.google.android.exoplayer:exoplayer-core:2.19.1) with ExtractAarTransform
Skipping AarTransform: C:\Users\user\.gradle\caches\transforms-3\8f69b11fed3424c2a2d07f943e7b1442\transformed\jetified-accompanist-drawablepainter-0.32.0 as it is up-to-date.
Transforming exoplayer-core-2.19.1.aar (com.google.android.exoplayer:exoplayer-core:2.19.1) with AarTransform
Transforming exoplayer-ui-2.19.1.aar (com.google.android.exoplayer:exoplayer-ui:2.19.1) with JetifyTransform
Transforming exoplayer-ui-2.19.1.aar (com.google.android.exoplayer:exoplayer-ui:2.19.1) with ExtractAarTransform
Transforming exoplayer-ui-2.19.1.aar (com.google.android.exoplayer:exoplayer-ui:2.19.1) with AarTransform
Transforming recyclerview-1.3.0.aar (androidx.recyclerview:recyclerview:1.3.0) with JetifyTransform
Transforming recyclerview-1.3.0.aar (androidx.recyclerview:recyclerview:1.3.0) with ExtractAarTransform
Transforming recyclerview-1.3.0.aar (androidx.recyclerview:recyclerview:1.3.0) with AarTransform
Transforming media-1.6.0.aar (androidx.media:media:1.6.0) with JetifyTransform
Transforming media-1.6.0.aar (androidx.media:media:1.6.0) with ExtractAarTransform
Transforming media-1.6.0.aar (androidx.media:media:1.6.0) with AarTransform
Transforming viewpager-1.0.0.aar (androidx.viewpager:viewpager:1.0.0) with JetifyTransform
Transforming viewpager-1.0.0.aar (androidx.viewpager:viewpager:1.0.0) with ExtractAarTransform
Transforming viewpager-1.0.0.aar (androidx.viewpager:viewpager:1.0.0) with AarTransform
Transforming customview-1.1.0.aar (androidx.customview:customview:1.1.0) with JetifyTransform
Transforming customview-1.1.0.aar (androidx.customview:customview:1.1.0) with ExtractAarTransform
Transforming customview-1.1.0.aar (androidx.customview:customview:1.1.0) with AarTransform
Transforming autofill-1.0.0.aar (androidx.autofill:autofill:1.0.0) with JetifyTransform
Transforming autofill-1.0.0.aar (androidx.autofill:autofill:1.0.0) with ExtractAarTransform
Transforming autofill-1.0.0.aar (androidx.autofill:autofill:1.0.0) with AarTransform
Transforming core-1.12.0.aar (androidx.core:core:1.12.0) with JetifyTransform
Transforming core-1.12.0.aar (androidx.core:core:1.12.0) with ExtractAarTransform
Transforming core-1.12.0.aar (androidx.core:core:1.12.0) with AarTransform
Transforming ads-adservices-1.0.0-beta05.aar (androidx.privacysandbox.ads:ads-adservices:1.0.0-beta05) with JetifyTransform
Transforming ads-adservices-1.0.0-beta05.aar (androidx.privacysandbox.ads:ads-adservices:1.0.0-beta05) with ExtractAarTransform
Transforming ads-adservices-1.0.0-beta05.aar (androidx.privacysandbox.ads:ads-adservices:1.0.0-beta05) with AarTransform
Transforming customview-poolingcontainer-1.0.0.aar (androidx.customview:customview-poolingcontainer:1.0.0) with JetifyTransform
Transforming customview-poolingcontainer-1.0.0.aar (androidx.customview:customview-poolingcontainer:1.0.0) with ExtractAarTransform
Transforming customview-poolingcontainer-1.0.0.aar (androidx.customview:customview-poolingcontainer:1.0.0) with AarTransform
Transforming core-ktx-1.12.0.aar (androidx.core:core-ktx:1.12.0) with JetifyTransform
Transforming core-ktx-1.12.0.aar (androidx.core:core-ktx:1.12.0) with ExtractAarTransform
Transforming core-ktx-1.12.0.aar (androidx.core:core-ktx:1.12.0) with AarTransform
Transforming flexbox-3.0.0.aar (com.google.android.flexbox:flexbox:3.0.0) with JetifyTransform
Transforming flexbox-3.0.0.aar (com.google.android.flexbox:flexbox:3.0.0) with ExtractAarTransform
Transforming flexbox-3.0.0.aar (com.google.android.flexbox:flexbox:3.0.0) with AarTransform
Transforming core-splashscreen-1.0.1.aar (androidx.core:core-splashscreen:1.0.1) with JetifyTransform
Transforming core-splashscreen-1.0.1.aar (androidx.core:core-splashscreen:1.0.1) with ExtractAarTransform
Transforming core-splashscreen-1.0.1.aar (androidx.core:core-splashscreen:1.0.1) with AarTransform
Transforming sqlite-framework-2.4.0.aar (androidx.sqlite:sqlite-framework:2.4.0) with JetifyTransform
Transforming sqlite-framework-2.4.0.aar (androidx.sqlite:sqlite-framework:2.4.0) with ExtractAarTransform
Transforming sqlite-framework-2.4.0.aar (androidx.sqlite:sqlite-framework:2.4.0) with AarTransform
Transforming sqlite-2.4.0.aar (androidx.sqlite:sqlite:2.4.0) with JetifyTransform
Transforming sqlite-2.4.0.aar (androidx.sqlite:sqlite:2.4.0) with ExtractAarTransform
Transforming sqlite-2.4.0.aar (androidx.sqlite:sqlite:2.4.0) with AarTransform
Transforming napier-release.aar (io.github.aakira:napier-android:1.4.1) with JetifyTransform
Transforming napier-release.aar (io.github.aakira:napier-android:1.4.1) with ExtractAarTransform
Transforming napier-release.aar (io.github.aakira:napier-android:1.4.1) with AarTransform
Transforming annotation-experimental-1.4.0.aar (androidx.annotation:annotation-experimental:1.4.0) with JetifyTransform
Caching disabled for AarTransform: C:\Users\user\.gradle\caches\transforms-3\937d7a61b7111c64ca0de305910a85b2\transformed\jetified-autofill-1.0.0 because:
  Build cache is disabled
Transforming annotation-experimental-1.4.0.aar (androidx.annotation:annotation-experimental:1.4.0) with ExtractAarTransform
Skipping AarTransform: C:\Users\user\.gradle\caches\transforms-3\937d7a61b7111c64ca0de305910a85b2\transformed\jetified-autofill-1.0.0 as it is up-to-date.
Transforming annotation-experimental-1.4.0.aar (androidx.annotation:annotation-experimental:1.4.0) with AarTransform
Transforming cursoradapter-1.0.0.aar (androidx.cursoradapter:cursoradapter:1.0.0) with JetifyTransform
Transforming cursoradapter-1.0.0.aar (androidx.cursoradapter:cursoradapter:1.0.0) with ExtractAarTransform
Transforming cursoradapter-1.0.0.aar (androidx.cursoradapter:cursoradapter:1.0.0) with AarTransform
Caching disabled for AarTransform: C:\Users\user\.gradle\caches\transforms-3\bc26dfac284b88af3c813008f6ef1c3e\transformed\jetified-customview-poolingcontainer-1.0.0 because:
  Build cache is disabled
Transforming cardview-1.0.0.aar (androidx.cardview:cardview:1.0.0) with JetifyTransform
Skipping AarTransform: C:\Users\user\.gradle\caches\transforms-3\bc26dfac284b88af3c813008f6ef1c3e\transformed\jetified-customview-poolingcontainer-1.0.0 as it is up-to-date.
Transforming cardview-1.0.0.aar (androidx.cardview:cardview:1.0.0) with ExtractAarTransform
Transforming cardview-1.0.0.aar (androidx.cardview:cardview:1.0.0) with AarTransform
Transforming core-runtime-2.2.0.aar (androidx.arch.core:core-runtime:2.2.0) with JetifyTransform
Transforming core-runtime-2.2.0.aar (androidx.arch.core:core-runtime:2.2.0) with ExtractAarTransform
Transforming core-runtime-2.2.0.aar (androidx.arch.core:core-runtime:2.2.0) with AarTransform
Transforming exoplayer-datasource-2.19.1.aar (com.google.android.exoplayer:exoplayer-datasource:2.19.1) with JetifyTransform
Transforming exoplayer-datasource-2.19.1.aar (com.google.android.exoplayer:exoplayer-datasource:2.19.1) with ExtractAarTransform
Transforming exoplayer-datasource-2.19.1.aar (com.google.android.exoplayer:exoplayer-datasource:2.19.1) with AarTransform
Transforming exoplayer-database-2.19.1.aar (com.google.android.exoplayer:exoplayer-database:2.19.1) with JetifyTransform
Transforming exoplayer-database-2.19.1.aar (com.google.android.exoplayer:exoplayer-database:2.19.1) with ExtractAarTransform
Transforming exoplayer-database-2.19.1.aar (com.google.android.exoplayer:exoplayer-database:2.19.1) with AarTransform
Caching disabled for AarTransform: C:\Users\user\.gradle\caches\transforms-3\3d44061c8964bbe6cad35f32dd98185c\transformed\jetified-napier-release because:
  Build cache is disabled
Transforming exoplayer-extractor-2.19.1.aar (com.google.android.exoplayer:exoplayer-extractor:2.19.1) with JetifyTransform
Skipping AarTransform: C:\Users\user\.gradle\caches\transforms-3\3d44061c8964bbe6cad35f32dd98185c\transformed\jetified-napier-release as it is up-to-date.
Transforming exoplayer-extractor-2.19.1.aar (com.google.android.exoplayer:exoplayer-extractor:2.19.1) with ExtractAarTransform
Transforming exoplayer-extractor-2.19.1.aar (com.google.android.exoplayer:exoplayer-extractor:2.19.1) with AarTransform
Transforming exoplayer-decoder-2.19.1.aar (com.google.android.exoplayer:exoplayer-decoder:2.19.1) with JetifyTransform
Transforming exoplayer-decoder-2.19.1.aar (com.google.android.exoplayer:exoplayer-decoder:2.19.1) with ExtractAarTransform
Transforming exoplayer-decoder-2.19.1.aar (com.google.android.exoplayer:exoplayer-decoder:2.19.1) with AarTransform
Transforming exoplayer-container-2.19.1.aar (com.google.android.exoplayer:exoplayer-container:2.19.1) with JetifyTransform
Transforming exoplayer-container-2.19.1.aar (com.google.android.exoplayer:exoplayer-container:2.19.1) with ExtractAarTransform
Transforming exoplayer-container-2.19.1.aar (com.google.android.exoplayer:exoplayer-container:2.19.1) with AarTransform
Transforming exoplayer-common-2.19.1.aar (com.google.android.exoplayer:exoplayer-common:2.19.1) with JetifyTransform
Transforming exoplayer-common-2.19.1.aar (com.google.android.exoplayer:exoplayer-common:2.19.1) with ExtractAarTransform
Transforming exoplayer-common-2.19.1.aar (com.google.android.exoplayer:exoplayer-common:2.19.1) with AarTransform
Transforming interpolator-1.0.0.aar (androidx.interpolator:interpolator:1.0.0) with JetifyTransform
Transforming interpolator-1.0.0.aar (androidx.interpolator:interpolator:1.0.0) with ExtractAarTransform
Transforming interpolator-1.0.0.aar (androidx.interpolator:interpolator:1.0.0) with AarTransform
Transforming versionedparcelable-1.1.1.aar (androidx.versionedparcelable:versionedparcelable:1.1.1) with JetifyTransform
Transforming versionedparcelable-1.1.1.aar (androidx.versionedparcelable:versionedparcelable:1.1.1) with ExtractAarTransform
Transforming versionedparcelable-1.1.1.aar (androidx.versionedparcelable:versionedparcelable:1.1.1) with AarTransform
Transforming profileinstaller-1.3.1.aar (androidx.profileinstaller:profileinstaller:1.3.1) with JetifyTransform
Transforming profileinstaller-1.3.1.aar (androidx.profileinstaller:profileinstaller:1.3.1) with ExtractAarTransform
Transforming profileinstaller-1.3.1.aar (androidx.profileinstaller:profileinstaller:1.3.1) with AarTransform
Transforming startup-runtime-1.1.1.aar (androidx.startup:startup-runtime:1.1.1) with JetifyTransform
Transforming startup-runtime-1.1.1.aar (androidx.startup:startup-runtime:1.1.1) with ExtractAarTransform
Transforming startup-runtime-1.1.1.aar (androidx.startup:startup-runtime:1.1.1) with AarTransform
Transforming tracing-1.0.0.aar (androidx.tracing:tracing:1.0.0) with JetifyTransform
Transforming tracing-1.0.0.aar (androidx.tracing:tracing:1.0.0) with ExtractAarTransform
Transforming tracing-1.0.0.aar (androidx.tracing:tracing:1.0.0) with AarTransform
Transforming exifinterface-1.3.6.aar (androidx.exifinterface:exifinterface:1.3.6) with JetifyTransform
Transforming exifinterface-1.3.6.aar (androidx.exifinterface:exifinterface:1.3.6) with ExtractAarTransform
Transforming exifinterface-1.3.6.aar (androidx.exifinterface:exifinterface:1.3.6) with AarTransform
Transforming volley-1.2.1.aar (com.android.volley:volley:1.2.1) with JetifyTransform
Transforming volley-1.2.1.aar (com.android.volley:volley:1.2.1) with ExtractAarTransform
Transforming volley-1.2.1.aar (com.android.volley:volley:1.2.1) with AarTransform
Transforming Android-Image-Slider-1.4.0.aar (com.github.smarteist:Android-Image-Slider:1.4.0) with JetifyTransform
Transforming Android-Image-Slider-1.4.0.aar (com.github.smarteist:Android-Image-Slider:1.4.0) with ExtractAarTransform
Transforming Android-Image-Slider-1.4.0.aar (com.github.smarteist:Android-Image-Slider:1.4.0) with AarTransform
Transforming circleimageview-3.1.0.aar (de.hdodenhof:circleimageview:3.1.0) with JetifyTransform
Transforming circleimageview-3.1.0.aar (de.hdodenhof:circleimageview:3.1.0) with ExtractAarTransform
Transforming circleimageview-3.1.0.aar (de.hdodenhof:circleimageview:3.1.0) with AarTransform
Transforming dagger-lint-aar-2.49.aar (com.google.dagger:dagger-lint-aar:2.49) with JetifyTransform
Transforming dagger-lint-aar-2.49.aar (com.google.dagger:dagger-lint-aar:2.49) with ExtractAarTransform
Transforming dagger-lint-aar-2.49.aar (com.google.dagger:dagger-lint-aar:2.49) with AarTransform
Caching disabled for AarTransform: C:\Users\user\.gradle\caches\transforms-3\c8dca9ca411b7b236189b876c168c300\transformed\jetified-profileinstaller-1.3.1 because:
  Build cache is disabled
Skipping AarTransform: C:\Users\user\.gradle\caches\transforms-3\c8dca9ca411b7b236189b876c168c300\transformed\jetified-profileinstaller-1.3.1 as it is up-to-date.
Caching disabled for AarTransform: C:\Users\user\.gradle\caches\transforms-3\87361d05feba7a7d0f4af0c7c0d3e017\transformed\jetified-tracing-1.0.0 because:
  Build cache is disabled
Skipping AarTransform: C:\Users\user\.gradle\caches\transforms-3\87361d05feba7a7d0f4af0c7c0d3e017\transformed\jetified-tracing-1.0.0 as it is up-to-date.
Caching disabled for AarTransform: C:\Users\user\.gradle\caches\transforms-3\56896802246a3dbc3ea0a00275524921\transformed\exifinterface-1.3.6 because:
  Build cache is disabled
Skipping AarTransform: C:\Users\user\.gradle\caches\transforms-3\56896802246a3dbc3ea0a00275524921\transformed\exifinterface-1.3.6 as it is up-to-date.
Transforming FakeDependency.jar with D8BackportedMethodsGenerator
Caching disabled for D8BackportedMethodsGenerator: C:\Users\user\.gradle\android\FakeDependency.jar because:
  Build cache is disabled
Skipping D8BackportedMethodsGenerator: C:\Users\user\.gradle\android\FakeDependency.jar as it is up-to-date.
Caching disabled for task ':app:generateReleaseLintVitalReportModel' because:
  Build cache is disabled
Skipping task ':app:generateReleaseLintVitalReportModel' as it is up-to-date.
Resolve mutations for :app:lintVitalAnalyzeRelease (Thread[#83,included builds,5,main]) started.
:app:lintVitalAnalyzeRelease (Thread[#83,included builds,5,main]) started.
Resolve mutations for :app:transformReleaseClassesWithAsm (Thread[#94,Execution worker Thread 11,5,main]) started.
:app:transformReleaseClassesWithAsm (Thread[#94,Execution worker Thread 11,5,main]) started.

> Task :app:transformReleaseClassesWithAsm UP-TO-DATE
Transforming material-1.11.0.aar (com.google.android.material:material:1.11.0) with JetifyTransform
Transforming material-1.11.0.aar (com.google.android.material:material:1.11.0) with AarToClassTransform
Transforming lottie-compose-6.1.0.aar (com.airbnb.android:lottie-compose:6.1.0) with JetifyTransform
Transforming lottie-compose-6.1.0.aar (com.airbnb.android:lottie-compose:6.1.0) with AarToClassTransform
Transforming lottie-6.1.0.aar (com.airbnb.android:lottie:6.1.0) with JetifyTransform
Transforming lottie-6.1.0.aar (com.airbnb.android:lottie:6.1.0) with AarToClassTransform
Transforming coil-compose-2.5.0.aar (io.coil-kt:coil-compose:2.5.0) with JetifyTransform
Transforming coil-compose-2.5.0.aar (io.coil-kt:coil-compose:2.5.0) with AarToClassTransform
Transforming coil-compose-base-2.5.0.aar (io.coil-kt:coil-compose-base:2.5.0) with JetifyTransform
Transforming coil-compose-base-2.5.0.aar (io.coil-kt:coil-compose-base:2.5.0) with AarToClassTransform
Transforming coil-2.5.0.aar (io.coil-kt:coil:2.5.0) with JetifyTransform
Transforming coil-2.5.0.aar (io.coil-kt:coil:2.5.0) with AarToClassTransform
Transforming coil-base-2.5.0.aar (io.coil-kt:coil-base:2.5.0) with JetifyTransform
Transforming coil-base-2.5.0.aar (io.coil-kt:coil-base:2.5.0) with AarToClassTransform
Transforming appcompat-resources-1.6.1.aar (androidx.appcompat:appcompat-resources:1.6.1) with JetifyTransform
Transforming appcompat-resources-1.6.1.aar (androidx.appcompat:appcompat-resources:1.6.1) with AarToClassTransform
Transforming constraintlayout-2.0.1.aar (androidx.constraintlayout:constraintlayout:2.0.1) with JetifyTransform
Transforming constraintlayout-2.0.1.aar (androidx.constraintlayout:constraintlayout:2.0.1) with AarToClassTransform
Transforming appcompat-1.6.1.aar (androidx.appcompat:appcompat:1.6.1) with JetifyTransform
Transforming appcompat-1.6.1.aar (androidx.appcompat:appcompat:1.6.1) with AarToClassTransform
Transforming viewpager2-1.0.0.aar (androidx.viewpager2:viewpager2:1.0.0) with JetifyTransform
Transforming viewpager2-1.0.0.aar (androidx.viewpager2:viewpager2:1.0.0) with AarToClassTransform
Transforming play-services-ads-22.6.0.aar (com.google.android.gms:play-services-ads:22.6.0) with JetifyTransform
Transforming play-services-ads-22.6.0.aar (com.google.android.gms:play-services-ads:22.6.0) with AarToClassTransform
Transforming play-services-appset-16.0.1.aar (com.google.android.gms:play-services-appset:16.0.1) with JetifyTransform
Transforming play-services-appset-16.0.1.aar (com.google.android.gms:play-services-appset:16.0.1) with AarToClassTransform
Transforming play-services-base-18.2.0.aar (com.google.android.gms:play-services-base:18.2.0) with JetifyTransform
Transforming play-services-base-18.2.0.aar (com.google.android.gms:play-services-base:18.2.0) with AarToClassTransform
Transforming play-services-base-18.2.0.aar (com.google.android.gms:play-services-base:18.2.0) with JetifyTransform
Transforming play-services-base-18.2.0.aar (com.google.android.gms:play-services-base:18.2.0) with AarToClassTransform
Transforming drawerlayout-1.1.1.aar (androidx.drawerlayout:drawerlayout:1.1.1) with JetifyTransform
Transforming drawerlayout-1.1.1.aar (androidx.drawerlayout:drawerlayout:1.1.1) with AarToClassTransform
Transforming coordinatorlayout-1.1.0.aar (androidx.coordinatorlayout:coordinatorlayout:1.1.0) with JetifyTransform
Transforming coordinatorlayout-1.1.0.aar (androidx.coordinatorlayout:coordinatorlayout:1.1.0) with AarToClassTransform
Transforming dynamicanimation-1.0.0.aar (androidx.dynamicanimation:dynamicanimation:1.0.0) with JetifyTransform
Transforming dynamicanimation-1.0.0.aar (androidx.dynamicanimation:dynamicanimation:1.0.0) with AarToClassTransform
Transforming transition-1.2.0.aar (androidx.transition:transition:1.2.0) with JetifyTransform
Transforming transition-1.2.0.aar (androidx.transition:transition:1.2.0) with AarToClassTransform
Transforming vectordrawable-animated-1.1.0.aar (androidx.vectordrawable:vectordrawable-animated:1.1.0) with JetifyTransform
Transforming vectordrawable-animated-1.1.0.aar (androidx.vectordrawable:vectordrawable-animated:1.1.0) with AarToClassTransform
Transforming vectordrawable-1.1.0.aar (androidx.vectordrawable:vectordrawable:1.1.0) with JetifyTransform
Transforming vectordrawable-1.1.0.aar (androidx.vectordrawable:vectordrawable:1.1.0) with AarToClassTransform
Transforming vectordrawable-1.1.0.aar (androidx.vectordrawable:vectordrawable:1.1.0) with JetifyTransform
Transforming vectordrawable-1.1.0.aar (androidx.vectordrawable:vectordrawable:1.1.0) with AarToClassTransform
Transforming hilt-navigation-compose-1.1.0.aar (androidx.hilt:hilt-navigation-compose:1.1.0) with JetifyTransform
Transforming hilt-navigation-compose-1.1.0.aar (androidx.hilt:hilt-navigation-compose:1.1.0) with AarToClassTransform
Transforming hilt-navigation-1.1.0.aar (androidx.hilt:hilt-navigation:1.1.0) with JetifyTransform
Transforming hilt-navigation-1.1.0.aar (androidx.hilt:hilt-navigation:1.1.0) with AarToClassTransform
Transforming navigation-common-2.7.6.aar (androidx.navigation:navigation-common:2.7.6) with JetifyTransform
Transforming navigation-common-2.7.6.aar (androidx.navigation:navigation-common:2.7.6) with AarToClassTransform
Transforming navigation-runtime-2.7.6.aar (androidx.navigation:navigation-runtime:2.7.6) with JetifyTransform
Transforming navigation-runtime-2.7.6.aar (androidx.navigation:navigation-runtime:2.7.6) with AarToClassTransform
Transforming navigation-common-ktx-2.7.6.aar (androidx.navigation:navigation-common-ktx:2.7.6) with JetifyTransform
Transforming navigation-common-ktx-2.7.6.aar (androidx.navigation:navigation-common-ktx:2.7.6) with AarToClassTransform
Transforming navigation-runtime-ktx-2.7.6.aar (androidx.navigation:navigation-runtime-ktx:2.7.6) with JetifyTransform
Transforming navigation-runtime-ktx-2.7.6.aar (androidx.navigation:navigation-runtime-ktx:2.7.6) with AarToClassTransform
Transforming navigation-compose-2.7.6.aar (androidx.navigation:navigation-compose:2.7.6) with JetifyTransform
Transforming navigation-compose-2.7.6.aar (androidx.navigation:navigation-compose:2.7.6) with AarToClassTransform
Transforming accompanist-permissions-0.32.0.aar (com.google.accompanist:accompanist-permissions:0.32.0) with JetifyTransform
Transforming accompanist-permissions-0.32.0.aar (com.google.accompanist:accompanist-permissions:0.32.0) with AarToClassTransform
Transforming room-common-2.6.1.jar (androidx.room:room-common:2.6.1) with JetifyTransform
Transforming room-common-2.6.1.jar (androidx.room:room-common:2.6.1) with IdentityTransform
Transforming room-ktx-2.6.1.aar (androidx.room:room-ktx:2.6.1) with JetifyTransform
Transforming room-ktx-2.6.1.aar (androidx.room:room-ktx:2.6.1) with AarToClassTransform
Transforming play-services-ads-lite-22.6.0.aar (com.google.android.gms:play-services-ads-lite:22.6.0) with JetifyTransform
Transforming play-services-ads-lite-22.6.0.aar (com.google.android.gms:play-services-ads-lite:22.6.0) with AarToClassTransform
Transforming work-runtime-2.7.0.aar (androidx.work:work-runtime:2.7.0) with JetifyTransform
Transforming work-runtime-2.7.0.aar (androidx.work:work-runtime:2.7.0) with AarToClassTransform
Transforming room-runtime-2.6.1.aar (androidx.room:room-runtime:2.6.1) with JetifyTransform
Transforming room-runtime-2.6.1.aar (androidx.room:room-runtime:2.6.1) with AarToClassTransform
Transforming room-paging-2.6.1.aar (androidx.room:room-paging:2.6.1) with JetifyTransform
Transforming room-paging-2.6.1.aar (androidx.room:room-paging:2.6.1) with AarToClassTransform
Transforming paging-runtime-3.2.1.aar (androidx.paging:paging-runtime:3.2.1) with JetifyTransform
Transforming paging-runtime-3.2.1.aar (androidx.paging:paging-runtime:3.2.1) with AarToClassTransform
Transforming paging-common-ktx-3.2.1.jar (androidx.paging:paging-common-ktx:3.2.1) with JetifyTransform
Transforming paging-common-ktx-3.2.1.jar (androidx.paging:paging-common-ktx:3.2.1) with IdentityTransform
Transforming paging-common-3.2.1.jar (androidx.paging:paging-common:3.2.1) with JetifyTransform
Transforming paging-common-3.2.1.jar (androidx.paging:paging-common:3.2.1) with IdentityTransform
Transforming paging-runtime-ktx-3.2.1.aar (androidx.paging:paging-runtime-ktx:3.2.1) with JetifyTransform
Transforming paging-runtime-ktx-3.2.1.aar (androidx.paging:paging-runtime-ktx:3.2.1) with AarToClassTransform
Transforming paging-compose-3.2.1.aar (androidx.paging:paging-compose:3.2.1) with JetifyTransform
Transforming paging-compose-3.2.1.aar (androidx.paging:paging-compose:3.2.1) with AarToClassTransform
Transforming material3-release.aar (androidx.compose.material3:material3-android:1.2.0) with JetifyTransform
Transforming material3-release.aar (androidx.compose.material3:material3-android:1.2.0) with AarToClassTransform
Transforming material-ripple-release.aar (androidx.compose.material:material-ripple-android:1.6.1) with JetifyTransform
Transforming material-ripple-release.aar (androidx.compose.material:material-ripple-android:1.6.1) with AarToClassTransform
Transforming material-icons-core-release.aar (androidx.compose.material:material-icons-core-android:1.6.1) with JetifyTransform
Transforming material-icons-core-release.aar (androidx.compose.material:material-icons-core-android:1.6.1) with AarToClassTransform
Transforming material-release.aar (androidx.compose.material:material-android:1.6.1) with JetifyTransform
Transforming material-release.aar (androidx.compose.material:material-android:1.6.1) with AarToClassTransform
Transforming animation-core-release.aar (androidx.compose.animation:animation-core-android:1.6.1) with JetifyTransform
Transforming animation-core-release.aar (androidx.compose.animation:animation-core-android:1.6.1) with AarToClassTransform
Transforming animation-release.aar (androidx.compose.animation:animation-android:1.6.1) with JetifyTransform
Transforming animation-release.aar (androidx.compose.animation:animation-android:1.6.1) with AarToClassTransform
Transforming foundation-layout-release.aar (androidx.compose.foundation:foundation-layout-android:1.6.1) with JetifyTransform
Transforming foundation-layout-release.aar (androidx.compose.foundation:foundation-layout-android:1.6.1) with AarToClassTransform
Transforming foundation-release.aar (androidx.compose.foundation:foundation-android:1.6.1) with JetifyTransform
Transforming foundation-release.aar (androidx.compose.foundation:foundation-android:1.6.1) with AarToClassTransform
Transforming ui-unit-release.aar (androidx.compose.ui:ui-unit-android:1.6.1) with JetifyTransform
Transforming ui-unit-release.aar (androidx.compose.ui:ui-unit-android:1.6.1) with AarToClassTransform
Transforming ui-geometry-release.aar (androidx.compose.ui:ui-geometry-android:1.6.1) with JetifyTransform
Transforming ui-geometry-release.aar (androidx.compose.ui:ui-geometry-android:1.6.1) with AarToClassTransform
Transforming ui-util-release.aar (androidx.compose.ui:ui-util-android:1.6.1) with JetifyTransform
Transforming ui-util-release.aar (androidx.compose.ui:ui-util-android:1.6.1) with AarToClassTransform
Transforming ui-text-release.aar (androidx.compose.ui:ui-text-android:1.6.1) with JetifyTransform
Transforming ui-text-release.aar (androidx.compose.ui:ui-text-android:1.6.1) with AarToClassTransform
Transforming ui-tooling-preview-release.aar (androidx.compose.ui:ui-tooling-preview-android:1.6.1) with JetifyTransform
Transforming ui-tooling-preview-release.aar (androidx.compose.ui:ui-tooling-preview-android:1.6.1) with AarToClassTransform
Transforming ui-graphics-release.aar (androidx.compose.ui:ui-graphics-android:1.6.1) with JetifyTransform
Transforming ui-graphics-release.aar (androidx.compose.ui:ui-graphics-android:1.6.1) with AarToClassTransform
Transforming runtime-saveable-release.aar (androidx.compose.runtime:runtime-saveable-android:1.6.1) with JetifyTransform
Transforming runtime-saveable-release.aar (androidx.compose.runtime:runtime-saveable-android:1.6.1) with AarToClassTransform
Transforming runtime-release.aar (androidx.compose.runtime:runtime-android:1.6.1) with JetifyTransform
Transforming runtime-release.aar (androidx.compose.runtime:runtime-android:1.6.1) with AarToClassTransform
Transforming runtime-livedata-1.6.1.aar (androidx.compose.runtime:runtime-livedata:1.6.1) with JetifyTransform
Transforming runtime-livedata-1.6.1.aar (androidx.compose.runtime:runtime-livedata:1.6.1) with AarToClassTransform
Transforming hilt-android-2.49.aar (com.google.dagger:hilt-android:2.49) with JetifyTransform
Transforming hilt-android-2.49.aar (com.google.dagger:hilt-android:2.49) with AarToClassTransform
Transforming play-services-tasks-18.0.2.aar (com.google.android.gms:play-services-tasks:18.0.2) with JetifyTransform
Transforming play-services-tasks-18.0.2.aar (com.google.android.gms:play-services-tasks:18.0.2) with AarToClassTransform
Transforming play-services-ads-base-22.6.0.aar (com.google.android.gms:play-services-ads-base:22.6.0) with JetifyTransform
Transforming play-services-ads-base-22.6.0.aar (com.google.android.gms:play-services-ads-base:22.6.0) with AarToClassTransform
Transforming user-messaging-platform-2.1.0.aar (com.google.android.ump:user-messaging-platform:2.1.0) with JetifyTransform
Transforming user-messaging-platform-2.1.0.aar (com.google.android.ump:user-messaging-platform:2.1.0) with AarToClassTransform
Transforming play-services-ads-identifier-18.0.0.aar (com.google.android.gms:play-services-ads-identifier:18.0.0) with JetifyTransform
Transforming play-services-ads-identifier-18.0.0.aar (com.google.android.gms:play-services-ads-identifier:18.0.0) with AarToClassTransform
Transforming play-services-measurement-sdk-api-20.1.2.aar (com.google.android.gms:play-services-measurement-sdk-api:20.1.2) with JetifyTransform
Transforming play-services-measurement-sdk-api-20.1.2.aar (com.google.android.gms:play-services-measurement-sdk-api:20.1.2) with AarToClassTransform
Transforming play-services-measurement-base-20.1.2.aar (com.google.android.gms:play-services-measurement-base:20.1.2) with JetifyTransform
Transforming play-services-measurement-base-20.1.2.aar (com.google.android.gms:play-services-measurement-base:20.1.2) with AarToClassTransform
Transforming play-services-basement-18.2.0.aar (com.google.android.gms:play-services-basement:18.2.0) with JetifyTransform
Transforming play-services-basement-18.2.0.aar (com.google.android.gms:play-services-basement:18.2.0) with AarToClassTransform
Transforming fragment-1.5.1.aar (androidx.fragment:fragment:1.5.1) with JetifyTransform
Transforming fragment-1.5.1.aar (androidx.fragment:fragment:1.5.1) with AarToClassTransform
Transforming fragment-1.5.1.aar (androidx.fragment:fragment:1.5.1) with JetifyTransform
Transforming fragment-1.5.1.aar (androidx.fragment:fragment:1.5.1) with AarToClassTransform
Transforming emoji2-views-helper-1.3.0.aar (androidx.emoji2:emoji2-views-helper:1.3.0) with JetifyTransform
Transforming emoji2-views-helper-1.3.0.aar (androidx.emoji2:emoji2-views-helper:1.3.0) with AarToClassTransform
Transforming emoji2-1.3.0.aar (androidx.emoji2:emoji2:1.3.0) with JetifyTransform
Transforming emoji2-1.3.0.aar (androidx.emoji2:emoji2:1.3.0) with AarToClassTransform
Transforming lifecycle-process-2.7.0.aar (androidx.lifecycle:lifecycle-process:2.7.0) with JetifyTransform
Transforming lifecycle-process-2.7.0.aar (androidx.lifecycle:lifecycle-process:2.7.0) with AarToClassTransform
Transforming lifecycle-service-2.7.0.aar (androidx.lifecycle:lifecycle-service:2.7.0) with JetifyTransform
Transforming lifecycle-service-2.7.0.aar (androidx.lifecycle:lifecycle-service:2.7.0) with AarToClassTransform
Transforming lifecycle-livedata-core-ktx-2.7.0.aar (androidx.lifecycle:lifecycle-livedata-core-ktx:2.7.0) with JetifyTransform
Transforming lifecycle-livedata-core-ktx-2.7.0.aar (androidx.lifecycle:lifecycle-livedata-core-ktx:2.7.0) with AarToClassTransform
Transforming lifecycle-livedata-ktx-2.7.0.aar (androidx.lifecycle:lifecycle-livedata-ktx:2.7.0) with JetifyTransform
Transforming lifecycle-livedata-ktx-2.7.0.aar (androidx.lifecycle:lifecycle-livedata-ktx:2.7.0) with AarToClassTransform
Transforming lifecycle-livedata-core-2.7.0.aar (androidx.lifecycle:lifecycle-livedata-core:2.7.0) with JetifyTransform
Transforming lifecycle-livedata-core-2.7.0.aar (androidx.lifecycle:lifecycle-livedata-core:2.7.0) with AarToClassTransform
Transforming legacy-support-core-utils-1.0.0.aar (androidx.legacy:legacy-support-core-utils:1.0.0) with JetifyTransform
Transforming legacy-support-core-utils-1.0.0.aar (androidx.legacy:legacy-support-core-utils:1.0.0) with AarToClassTransform
Transforming loader-1.0.0.aar (androidx.loader:loader:1.0.0) with JetifyTransform
Transforming loader-1.0.0.aar (androidx.loader:loader:1.0.0) with AarToClassTransform
Transforming loader-1.0.0.aar (androidx.loader:loader:1.0.0) with JetifyTransform
Transforming loader-1.0.0.aar (androidx.loader:loader:1.0.0) with AarToClassTransform
Transforming lifecycle-livedata-2.7.0.aar (androidx.lifecycle:lifecycle-livedata:2.7.0) with JetifyTransform
Transforming lifecycle-livedata-2.7.0.aar (androidx.lifecycle:lifecycle-livedata:2.7.0) with AarToClassTransform
Transforming lifecycle-livedata-2.7.0.aar (androidx.lifecycle:lifecycle-livedata:2.7.0) with JetifyTransform
Transforming lifecycle-livedata-2.7.0.aar (androidx.lifecycle:lifecycle-livedata:2.7.0) with AarToClassTransform
Transforming savedstate-ktx-1.2.1.aar (androidx.savedstate:savedstate-ktx:1.2.1) with JetifyTransform
Transforming savedstate-ktx-1.2.1.aar (androidx.savedstate:savedstate-ktx:1.2.1) with AarToClassTransform
Transforming savedstate-1.2.1.aar (androidx.savedstate:savedstate:1.2.1) with JetifyTransform
Transforming savedstate-1.2.1.aar (androidx.savedstate:savedstate:1.2.1) with AarToClassTransform
Transforming lifecycle-common-2.7.0.jar (androidx.lifecycle:lifecycle-common:2.7.0) with JetifyTransform
Transforming lifecycle-common-2.7.0.jar (androidx.lifecycle:lifecycle-common:2.7.0) with IdentityTransform
Transforming lifecycle-viewmodel-savedstate-2.7.0.aar (androidx.lifecycle:lifecycle-viewmodel-savedstate:2.7.0) with JetifyTransform
Transforming lifecycle-viewmodel-savedstate-2.7.0.aar (androidx.lifecycle:lifecycle-viewmodel-savedstate:2.7.0) with AarToClassTransform
Transforming lifecycle-viewmodel-ktx-2.7.0.aar (androidx.lifecycle:lifecycle-viewmodel-ktx:2.7.0) with JetifyTransform
Transforming lifecycle-viewmodel-ktx-2.7.0.aar (androidx.lifecycle:lifecycle-viewmodel-ktx:2.7.0) with AarToClassTransform
Transforming lifecycle-common-java8-2.7.0.jar (androidx.lifecycle:lifecycle-common-java8:2.7.0) with JetifyTransform
Transforming lifecycle-common-java8-2.7.0.jar (androidx.lifecycle:lifecycle-common-java8:2.7.0) with IdentityTransform
Transforming lifecycle-viewmodel-2.7.0.aar (androidx.lifecycle:lifecycle-viewmodel:2.7.0) with JetifyTransform
Transforming lifecycle-viewmodel-2.7.0.aar (androidx.lifecycle:lifecycle-viewmodel:2.7.0) with AarToClassTransform
Transforming lifecycle-viewmodel-2.7.0.aar (androidx.lifecycle:lifecycle-viewmodel:2.7.0) with JetifyTransform
Transforming lifecycle-viewmodel-2.7.0.aar (androidx.lifecycle:lifecycle-viewmodel:2.7.0) with AarToClassTransform
Transforming lifecycle-runtime-2.7.0.aar (androidx.lifecycle:lifecycle-runtime:2.7.0) with JetifyTransform
Transforming lifecycle-runtime-2.7.0.aar (androidx.lifecycle:lifecycle-runtime:2.7.0) with AarToClassTransform
Transforming lifecycle-runtime-ktx-2.7.0.aar (androidx.lifecycle:lifecycle-runtime-ktx:2.7.0) with JetifyTransform
Transforming lifecycle-runtime-ktx-2.7.0.aar (androidx.lifecycle:lifecycle-runtime-ktx:2.7.0) with AarToClassTransform
Transforming lifecycle-viewmodel-compose-2.7.0.aar (androidx.lifecycle:lifecycle-viewmodel-compose:2.7.0) with JetifyTransform
Transforming lifecycle-viewmodel-compose-2.7.0.aar (androidx.lifecycle:lifecycle-viewmodel-compose:2.7.0) with AarToClassTransform
Transforming accompanist-drawablepainter-0.32.0.aar (com.google.accompanist:accompanist-drawablepainter:0.32.0) with JetifyTransform
Transforming accompanist-drawablepainter-0.32.0.aar (com.google.accompanist:accompanist-drawablepainter:0.32.0) with AarToClassTransform
Transforming ui-release.aar (androidx.compose.ui:ui-android:1.6.1) with JetifyTransform
Transforming ui-release.aar (androidx.compose.ui:ui-android:1.6.1) with AarToClassTransform
Transforming activity-ktx-1.8.2.aar (androidx.activity:activity-ktx:1.8.2) with JetifyTransform
Transforming activity-ktx-1.8.2.aar (androidx.activity:activity-ktx:1.8.2) with AarToClassTransform
Transforming activity-compose-1.8.2.aar (androidx.activity:activity-compose:1.8.2) with JetifyTransform
Transforming activity-compose-1.8.2.aar (androidx.activity:activity-compose:1.8.2) with AarToClassTransform
Transforming activity-1.8.2.aar (androidx.activity:activity:1.8.2) with JetifyTransform
Transforming activity-1.8.2.aar (androidx.activity:activity:1.8.2) with AarToClassTransform
Transforming exoplayer-2.19.1.aar (com.google.android.exoplayer:exoplayer:2.19.1) with JetifyTransform
Transforming exoplayer-2.19.1.aar (com.google.android.exoplayer:exoplayer:2.19.1) with AarToClassTransform
Transforming exoplayer-dash-2.19.1.aar (com.google.android.exoplayer:exoplayer-dash:2.19.1) with JetifyTransform
Transforming exoplayer-dash-2.19.1.aar (com.google.android.exoplayer:exoplayer-dash:2.19.1) with AarToClassTransform
Transforming exoplayer-hls-2.19.1.aar (com.google.android.exoplayer:exoplayer-hls:2.19.1) with JetifyTransform
Transforming exoplayer-hls-2.19.1.aar (com.google.android.exoplayer:exoplayer-hls:2.19.1) with AarToClassTransform
Transforming exoplayer-rtsp-2.19.1.aar (com.google.android.exoplayer:exoplayer-rtsp:2.19.1) with JetifyTransform
Transforming exoplayer-rtsp-2.19.1.aar (com.google.android.exoplayer:exoplayer-rtsp:2.19.1) with AarToClassTransform
Transforming exoplayer-smoothstreaming-2.19.1.aar (com.google.android.exoplayer:exoplayer-smoothstreaming:2.19.1) with JetifyTransform
Transforming exoplayer-smoothstreaming-2.19.1.aar (com.google.android.exoplayer:exoplayer-smoothstreaming:2.19.1) with AarToClassTransform
Transforming exoplayer-core-2.19.1.aar (com.google.android.exoplayer:exoplayer-core:2.19.1) with JetifyTransform
Transforming exoplayer-core-2.19.1.aar (com.google.android.exoplayer:exoplayer-core:2.19.1) with AarToClassTransform
Transforming exoplayer-ui-2.19.1.aar (com.google.android.exoplayer:exoplayer-ui:2.19.1) with JetifyTransform
Transforming exoplayer-ui-2.19.1.aar (com.google.android.exoplayer:exoplayer-ui:2.19.1) with AarToClassTransform
Transforming recyclerview-1.3.0.aar (androidx.recyclerview:recyclerview:1.3.0) with JetifyTransform
Transforming recyclerview-1.3.0.aar (androidx.recyclerview:recyclerview:1.3.0) with AarToClassTransform
Transforming recyclerview-1.3.0.aar (androidx.recyclerview:recyclerview:1.3.0) with JetifyTransform
Transforming recyclerview-1.3.0.aar (androidx.recyclerview:recyclerview:1.3.0) with AarToClassTransform
Transforming media-1.6.0.aar (androidx.media:media:1.6.0) with JetifyTransform
Transforming media-1.6.0.aar (androidx.media:media:1.6.0) with AarToClassTransform
Transforming browser-1.4.0.aar (androidx.browser:browser:1.4.0) with JetifyTransform
Transforming browser-1.4.0.aar (androidx.browser:browser:1.4.0) with AarToClassTransform
Transforming viewpager-1.0.0.aar (androidx.viewpager:viewpager:1.0.0) with JetifyTransform
Transforming viewpager-1.0.0.aar (androidx.viewpager:viewpager:1.0.0) with AarToClassTransform
Transforming customview-1.1.0.aar (androidx.customview:customview:1.1.0) with JetifyTransform
Transforming customview-1.1.0.aar (androidx.customview:customview:1.1.0) with AarToClassTransform
Transforming customview-1.1.0.aar (androidx.customview:customview:1.1.0) with JetifyTransform
Transforming customview-1.1.0.aar (androidx.customview:customview:1.1.0) with AarToClassTransform
Transforming autofill-1.0.0.aar (androidx.autofill:autofill:1.0.0) with JetifyTransform
Transforming autofill-1.0.0.aar (androidx.autofill:autofill:1.0.0) with AarToClassTransform
Transforming core-1.12.0.aar (androidx.core:core:1.12.0) with JetifyTransform
Transforming core-1.12.0.aar (androidx.core:core:1.12.0) with AarToClassTransform
Transforming core-1.12.0.aar (androidx.core:core:1.12.0) with JetifyTransform
Transforming core-1.12.0.aar (androidx.core:core:1.12.0) with AarToClassTransform
Transforming ads-adservices-java-1.0.0-beta05.aar (androidx.privacysandbox.ads:ads-adservices-java:1.0.0-beta05) with JetifyTransform
Transforming ads-adservices-java-1.0.0-beta05.aar (androidx.privacysandbox.ads:ads-adservices-java:1.0.0-beta05) with AarToClassTransform
Transforming ads-adservices-1.0.0-beta05.aar (androidx.privacysandbox.ads:ads-adservices:1.0.0-beta05) with JetifyTransform
Transforming ads-adservices-1.0.0-beta05.aar (androidx.privacysandbox.ads:ads-adservices:1.0.0-beta05) with AarToClassTransform
Transforming ads-adservices-1.0.0-beta05.aar (androidx.privacysandbox.ads:ads-adservices:1.0.0-beta05) with JetifyTransform
Transforming ads-adservices-1.0.0-beta05.aar (androidx.privacysandbox.ads:ads-adservices:1.0.0-beta05) with AarToClassTransform
Transforming customview-poolingcontainer-1.0.0.aar (androidx.customview:customview-poolingcontainer:1.0.0) with JetifyTransform
Transforming customview-poolingcontainer-1.0.0.aar (androidx.customview:customview-poolingcontainer:1.0.0) with AarToClassTransform
Transforming core-ktx-1.12.0.aar (androidx.core:core-ktx:1.12.0) with JetifyTransform
Transforming core-ktx-1.12.0.aar (androidx.core:core-ktx:1.12.0) with AarToClassTransform
Transforming flexbox-3.0.0.aar (com.google.android.flexbox:flexbox:3.0.0) with JetifyTransform
Transforming flexbox-3.0.0.aar (com.google.android.flexbox:flexbox:3.0.0) with AarToClassTransform
Transforming core-splashscreen-1.0.1.aar (androidx.core:core-splashscreen:1.0.1) with JetifyTransform
Transforming core-splashscreen-1.0.1.aar (androidx.core:core-splashscreen:1.0.1) with AarToClassTransform
Transforming kotlin-parcelize-runtime-1.9.22.jar (org.jetbrains.kotlin:kotlin-parcelize-runtime:1.9.22) with JetifyTransform
Transforming kotlin-parcelize-runtime-1.9.22.jar (org.jetbrains.kotlin:kotlin-parcelize-runtime:1.9.22) with IdentityTransform
Transforming sqlite-framework-2.4.0.aar (androidx.sqlite:sqlite-framework:2.4.0) with JetifyTransform
Transforming sqlite-framework-2.4.0.aar (androidx.sqlite:sqlite-framework:2.4.0) with AarToClassTransform
Transforming sqlite-2.4.0.aar (androidx.sqlite:sqlite:2.4.0) with JetifyTransform
Transforming sqlite-2.4.0.aar (androidx.sqlite:sqlite:2.4.0) with AarToClassTransform
Transforming logging-interceptor-4.12.0.jar (com.squareup.okhttp3:logging-interceptor:4.12.0) with JetifyTransform
Transforming logging-interceptor-4.12.0.jar (com.squareup.okhttp3:logging-interceptor:4.12.0) with IdentityTransform
Transforming kotlinx-coroutines-core-jvm-1.7.3.jar (org.jetbrains.kotlinx:kotlinx-coroutines-core-jvm:1.7.3) with JetifyTransform
Transforming kotlinx-coroutines-core-jvm-1.7.3.jar (org.jetbrains.kotlinx:kotlinx-coroutines-core-jvm:1.7.3) with IdentityTransform
Transforming kotlinx-coroutines-android-1.7.3.jar (org.jetbrains.kotlinx:kotlinx-coroutines-android:1.7.3) with JetifyTransform
Transforming kotlinx-coroutines-android-1.7.3.jar (org.jetbrains.kotlinx:kotlinx-coroutines-android:1.7.3) with IdentityTransform
Transforming converter-gson-2.9.0.jar (com.squareup.retrofit2:converter-gson:2.9.0) with JetifyTransform
Transforming converter-gson-2.9.0.jar (com.squareup.retrofit2:converter-gson:2.9.0) with IdentityTransform
Transforming retrofit-2.9.0.jar (com.squareup.retrofit2:retrofit:2.9.0) with JetifyTransform
Transforming retrofit-2.9.0.jar (com.squareup.retrofit2:retrofit:2.9.0) with IdentityTransform
Transforming okhttp-4.12.0.jar (com.squareup.okhttp3:okhttp:4.12.0) with JetifyTransform
Transforming okhttp-4.12.0.jar (com.squareup.okhttp3:okhttp:4.12.0) with IdentityTransform
Transforming okio-jvm-3.6.0.jar (com.squareup.okio:okio-jvm:3.6.0) with JetifyTransform
Transforming okio-jvm-3.6.0.jar (com.squareup.okio:okio-jvm:3.6.0) with IdentityTransform
Transforming kotlin-stdlib-jdk8-1.9.10.jar (org.jetbrains.kotlin:kotlin-stdlib-jdk8:1.9.10) with JetifyTransform
Transforming kotlin-stdlib-jdk8-1.9.10.jar (org.jetbrains.kotlin:kotlin-stdlib-jdk8:1.9.10) with IdentityTransform
Transforming kotlin-android-extensions-runtime-1.9.22.jar (org.jetbrains.kotlin:kotlin-android-extensions-runtime:1.9.22) with JetifyTransform
Transforming kotlin-android-extensions-runtime-1.9.22.jar (org.jetbrains.kotlin:kotlin-android-extensions-runtime:1.9.22) with IdentityTransform
Transforming kotlin-stdlib-jdk7-1.9.10.jar (org.jetbrains.kotlin:kotlin-stdlib-jdk7:1.9.10) with JetifyTransform
Transforming kotlin-stdlib-jdk7-1.9.10.jar (org.jetbrains.kotlin:kotlin-stdlib-jdk7:1.9.10) with IdentityTransform
Transforming napier-release.aar (io.github.aakira:napier-android:1.4.1) with JetifyTransform
Transforming napier-release.aar (io.github.aakira:napier-android:1.4.1) with AarToClassTransform
Transforming annotation-experimental-1.4.0.aar (androidx.annotation:annotation-experimental:1.4.0) with JetifyTransform
Transforming annotation-experimental-1.4.0.aar (androidx.annotation:annotation-experimental:1.4.0) with AarToClassTransform
Transforming cursoradapter-1.0.0.aar (androidx.cursoradapter:cursoradapter:1.0.0) with JetifyTransform
Transforming cursoradapter-1.0.0.aar (androidx.cursoradapter:cursoradapter:1.0.0) with AarToClassTransform
Transforming resourceinspection-annotation-1.0.1.jar (androidx.resourceinspection:resourceinspection-annotation:1.0.1) with JetifyTransform
Transforming resourceinspection-annotation-1.0.1.jar (androidx.resourceinspection:resourceinspection-annotation:1.0.1) with IdentityTransform
Transforming cardview-1.0.0.aar (androidx.cardview:cardview:1.0.0) with JetifyTransform
Transforming cardview-1.0.0.aar (androidx.cardview:cardview:1.0.0) with AarToClassTransform
Transforming core-runtime-2.2.0.aar (androidx.arch.core:core-runtime:2.2.0) with JetifyTransform
Transforming core-runtime-2.2.0.aar (androidx.arch.core:core-runtime:2.2.0) with AarToClassTransform
Transforming exoplayer-datasource-2.19.1.aar (com.google.android.exoplayer:exoplayer-datasource:2.19.1) with JetifyTransform
Transforming exoplayer-datasource-2.19.1.aar (com.google.android.exoplayer:exoplayer-datasource:2.19.1) with AarToClassTransform
Transforming exoplayer-database-2.19.1.aar (com.google.android.exoplayer:exoplayer-database:2.19.1) with JetifyTransform
Transforming exoplayer-database-2.19.1.aar (com.google.android.exoplayer:exoplayer-database:2.19.1) with AarToClassTransform
Transforming exoplayer-extractor-2.19.1.aar (com.google.android.exoplayer:exoplayer-extractor:2.19.1) with JetifyTransform
Transforming exoplayer-extractor-2.19.1.aar (com.google.android.exoplayer:exoplayer-extractor:2.19.1) with AarToClassTransform
Transforming exoplayer-decoder-2.19.1.aar (com.google.android.exoplayer:exoplayer-decoder:2.19.1) with JetifyTransform
Transforming exoplayer-decoder-2.19.1.aar (com.google.android.exoplayer:exoplayer-decoder:2.19.1) with AarToClassTransform
Transforming exoplayer-container-2.19.1.aar (com.google.android.exoplayer:exoplayer-container:2.19.1) with JetifyTransform
Transforming exoplayer-container-2.19.1.aar (com.google.android.exoplayer:exoplayer-container:2.19.1) with AarToClassTransform
Transforming exoplayer-common-2.19.1.aar (com.google.android.exoplayer:exoplayer-common:2.19.1) with JetifyTransform
Transforming exoplayer-common-2.19.1.aar (com.google.android.exoplayer:exoplayer-common:2.19.1) with AarToClassTransform
Transforming interpolator-1.0.0.aar (androidx.interpolator:interpolator:1.0.0) with JetifyTransform
Transforming interpolator-1.0.0.aar (androidx.interpolator:interpolator:1.0.0) with AarToClassTransform
Transforming interpolator-1.0.0.aar (androidx.interpolator:interpolator:1.0.0) with JetifyTransform
Transforming interpolator-1.0.0.aar (androidx.interpolator:interpolator:1.0.0) with AarToClassTransform
Transforming versionedparcelable-1.1.1.aar (androidx.versionedparcelable:versionedparcelable:1.1.1) with JetifyTransform
Transforming versionedparcelable-1.1.1.aar (androidx.versionedparcelable:versionedparcelable:1.1.1) with AarToClassTransform
Transforming core-common-2.2.0.jar (androidx.arch.core:core-common:2.2.0) with JetifyTransform
Transforming core-common-2.2.0.jar (androidx.arch.core:core-common:2.2.0) with IdentityTransform
Transforming profileinstaller-1.3.1.aar (androidx.profileinstaller:profileinstaller:1.3.1) with JetifyTransform
Transforming profileinstaller-1.3.1.aar (androidx.profileinstaller:profileinstaller:1.3.1) with AarToClassTransform
Transforming startup-runtime-1.1.1.aar (androidx.startup:startup-runtime:1.1.1) with JetifyTransform
Transforming startup-runtime-1.1.1.aar (androidx.startup:startup-runtime:1.1.1) with AarToClassTransform
Transforming tracing-1.0.0.aar (androidx.tracing:tracing:1.0.0) with JetifyTransform
Transforming tracing-1.0.0.aar (androidx.tracing:tracing:1.0.0) with AarToClassTransform
Transforming concurrent-futures-1.1.0.jar (androidx.concurrent:concurrent-futures:1.1.0) with JetifyTransform
Transforming concurrent-futures-1.1.0.jar (androidx.concurrent:concurrent-futures:1.1.0) with IdentityTransform
Transforming documentfile-1.0.0.aar (androidx.documentfile:documentfile:1.0.0) with JetifyTransform
Transforming documentfile-1.0.0.aar (androidx.documentfile:documentfile:1.0.0) with AarToClassTransform
Transforming localbroadcastmanager-1.0.0.aar (androidx.localbroadcastmanager:localbroadcastmanager:1.0.0) with JetifyTransform
Transforming localbroadcastmanager-1.0.0.aar (androidx.localbroadcastmanager:localbroadcastmanager:1.0.0) with AarToClassTransform
Transforming print-1.0.0.aar (androidx.print:print:1.0.0) with JetifyTransform
Transforming print-1.0.0.aar (androidx.print:print:1.0.0) with AarToClassTransform
Transforming exifinterface-1.3.6.aar (androidx.exifinterface:exifinterface:1.3.6) with JetifyTransform
Transforming exifinterface-1.3.6.aar (androidx.exifinterface:exifinterface:1.3.6) with AarToClassTransform
Transforming collection-ktx-1.4.0.jar (androidx.collection:collection-ktx:1.4.0) with JetifyTransform
Transforming collection-ktx-1.4.0.jar (androidx.collection:collection-ktx:1.4.0) with IdentityTransform
Transforming collection-jvm-1.4.0.jar (androidx.collection:collection-jvm:1.4.0) with JetifyTransform
Transforming collection-jvm-1.4.0.jar (androidx.collection:collection-jvm:1.4.0) with IdentityTransform
Transforming annotation-jvm-1.7.0.jar (androidx.annotation:annotation-jvm:1.7.0) with JetifyTransform
Transforming annotation-jvm-1.7.0.jar (androidx.annotation:annotation-jvm:1.7.0) with IdentityTransform
Transforming kotlin-stdlib-1.9.22.jar (org.jetbrains.kotlin:kotlin-stdlib:1.9.22) with JetifyTransform
Transforming kotlin-stdlib-1.9.22.jar (org.jetbrains.kotlin:kotlin-stdlib:1.9.22) with IdentityTransform
Transforming volley-1.2.1.aar (com.android.volley:volley:1.2.1) with JetifyTransform
Transforming volley-1.2.1.aar (com.android.volley:volley:1.2.1) with AarToClassTransform
Transforming Android-Image-Slider-1.4.0.aar (com.github.smarteist:Android-Image-Slider:1.4.0) with JetifyTransform
Transforming Android-Image-Slider-1.4.0.aar (com.github.smarteist:Android-Image-Slider:1.4.0) with AarToClassTransform
Transforming circleimageview-3.1.0.aar (de.hdodenhof:circleimageview:3.1.0) with JetifyTransform
Transforming circleimageview-3.1.0.aar (de.hdodenhof:circleimageview:3.1.0) with AarToClassTransform
Transforming annotations-23.0.0.jar (org.jetbrains:annotations:23.0.0) with JetifyTransform
Transforming annotations-23.0.0.jar (org.jetbrains:annotations:23.0.0) with IdentityTransform
Transforming guava-31.1-android.jar (com.google.guava:guava:31.1-android) with JetifyTransform
Transforming guava-31.1-android.jar (com.google.guava:guava:31.1-android) with IdentityTransform
Transforming error_prone_annotations-2.15.0.jar (com.google.errorprone:error_prone_annotations:2.15.0) with JetifyTransform
Transforming error_prone_annotations-2.15.0.jar (com.google.errorprone:error_prone_annotations:2.15.0) with IdentityTransform
Transforming hilt-core-2.49.jar (com.google.dagger:hilt-core:2.49) with JetifyTransform
Transforming hilt-core-2.49.jar (com.google.dagger:hilt-core:2.49) with IdentityTransform
Transforming dagger-2.49.jar (com.google.dagger:dagger:2.49) with JetifyTransform
Transforming dagger-2.49.jar (com.google.dagger:dagger:2.49) with IdentityTransform
Transforming dagger-lint-aar-2.49.aar (com.google.dagger:dagger-lint-aar:2.49) with JetifyTransform
Transforming dagger-lint-aar-2.49.aar (com.google.dagger:dagger-lint-aar:2.49) with AarToClassTransform
Transforming jsr305-3.0.2.jar (com.google.code.findbugs:jsr305:3.0.2) with JetifyTransform
Transforming jsr305-3.0.2.jar (com.google.code.findbugs:jsr305:3.0.2) with IdentityTransform
Transforming javax.inject-1.jar (javax.inject:javax.inject:1) with JetifyTransform
Transforming javax.inject-1.jar (javax.inject:javax.inject:1) with IdentityTransform
Transforming gson-2.8.5.jar (com.google.code.gson:gson:2.8.5) with JetifyTransform
Transforming gson-2.8.5.jar (com.google.code.gson:gson:2.8.5) with IdentityTransform
Transforming listenablefuture-9999.0-empty-to-avoid-conflict-with-guava.jar (com.google.guava:listenablefuture:9999.0-empty-to-avoid-conflict-with-guava) with JetifyTransform
Transforming listenablefuture-9999.0-empty-to-avoid-conflict-with-guava.jar (com.google.guava:listenablefuture:9999.0-empty-to-avoid-conflict-with-guava) with IdentityTransform
Transforming constraintlayout-solver-2.0.1.jar (androidx.constraintlayout:constraintlayout-solver:2.0.1) with JetifyTransform
Transforming constraintlayout-solver-2.0.1.jar (androidx.constraintlayout:constraintlayout-solver:2.0.1) with IdentityTransform
Transforming failureaccess-1.0.1.jar (com.google.guava:failureaccess:1.0.1) with JetifyTransform
Transforming failureaccess-1.0.1.jar (com.google.guava:failureaccess:1.0.1) with IdentityTransform
Transforming checker-qual-3.12.0.jar (org.checkerframework:checker-qual:3.12.0) with JetifyTransform
Transforming checker-qual-3.12.0.jar (org.checkerframework:checker-qual:3.12.0) with IdentityTransform
Transforming j2objc-annotations-1.3.jar (com.google.j2objc:j2objc-annotations:1.3) with JetifyTransform
Transforming j2objc-annotations-1.3.jar (com.google.j2objc:j2objc-annotations:1.3) with IdentityTransform
Caching disabled for task ':app:transformReleaseClassesWithAsm' because:
  Build cache is disabled
Skipping task ':app:transformReleaseClassesWithAsm' as it is up-to-date.
Resolve mutations for :app:expandReleaseArtProfileWildcards (Thread[#94,Execution worker Thread 11,5,main]) started.
:app:expandReleaseArtProfileWildcards (Thread[#94,Execution worker Thread 11,5,main]) started.

> Task :app:expandReleaseArtProfileWildcards UP-TO-DATE
Caching disabled for task ':app:expandReleaseArtProfileWildcards' because:
  Build cache is disabled
Skipping task ':app:expandReleaseArtProfileWildcards' as it is up-to-date.
Resolve mutations for :app:mergeReleaseGeneratedProguardFiles (Thread[#94,Execution worker Thread 11,5,main]) started.
:app:mergeReleaseGeneratedProguardFiles (Thread[#94,Execution worker Thread 11,5,main]) started.

> Task :app:mergeReleaseGeneratedProguardFiles UP-TO-DATE
Caching disabled for task ':app:mergeReleaseGeneratedProguardFiles' because:
  Build cache is disabled
Skipping task ':app:mergeReleaseGeneratedProguardFiles' as it is up-to-date.
Resolve mutations for :app:processReleaseJavaRes (Thread[#94,Execution worker Thread 11,5,main]) started.
:app:processReleaseJavaRes (Thread[#94,Execution worker Thread 11,5,main]) started.

> Task :app:processReleaseJavaRes UP-TO-DATE
file or directory 'C:\Users\user\Desktop\projects\Football Live Score (Topon)\Live Football\app\src\main\resources', not found
file or directory 'C:\Users\user\Desktop\projects\Football Live Score (Topon)\Live Football\app\src\release\resources', not found
file or directory 'C:\Users\user\Desktop\projects\Football Live Score (Topon)\Live Football\app\src\main\resources', not found
file or directory 'C:\Users\user\Desktop\projects\Football Live Score (Topon)\Live Football\app\src\release\resources', not found
Caching disabled for task ':app:processReleaseJavaRes' because:
  Build cache is disabled
Skipping task ':app:processReleaseJavaRes' as it is up-to-date.
Resolve mutations for :app:mergeReleaseJavaResource (Thread[#94,Execution worker Thread 11,5,main]) started.
:app:mergeReleaseJavaResource (Thread[#94,Execution worker Thread 11,5,main]) started.

> Task :app:lintVitalAnalyzeRelease
Transforming FakeDependency.jar with D8BackportedMethodsGenerator
Transforming FakeDependency.jar with D8BackportedMethodsGenerator
Caching disabled for task ':app:lintVitalAnalyzeRelease' because:
  Build cache is disabled
Task ':app:lintVitalAnalyzeRelease' is not up-to-date because:
  Value of input property 'printStackTrace' has changed for task ':app:lintVitalAnalyzeRelease'
Android Lint: Creating lint class loader 31.2.2

> Task :app:mergeReleaseJavaResource UP-TO-DATE
Transforming material-1.11.0.aar (com.google.android.material:material:1.11.0) with JetifyTransform
Transforming material-1.11.0.aar (com.google.android.material:material:1.11.0) with ExtractAarTransform
Transforming material-1.11.0.aar (com.google.android.material:material:1.11.0) with AarTransform
Transforming lottie-compose-6.1.0.aar (com.airbnb.android:lottie-compose:6.1.0) with JetifyTransform
Transforming lottie-compose-6.1.0.aar (com.airbnb.android:lottie-compose:6.1.0) with ExtractAarTransform
Transforming lottie-compose-6.1.0.aar (com.airbnb.android:lottie-compose:6.1.0) with AarTransform
Transforming lottie-6.1.0.aar (com.airbnb.android:lottie:6.1.0) with JetifyTransform
Transforming lottie-6.1.0.aar (com.airbnb.android:lottie:6.1.0) with ExtractAarTransform
Transforming lottie-6.1.0.aar (com.airbnb.android:lottie:6.1.0) with AarTransform
Transforming coil-compose-2.5.0.aar (io.coil-kt:coil-compose:2.5.0) with JetifyTransform
Transforming coil-compose-2.5.0.aar (io.coil-kt:coil-compose:2.5.0) with ExtractAarTransform
Transforming coil-compose-2.5.0.aar (io.coil-kt:coil-compose:2.5.0) with AarTransform
Transforming coil-compose-base-2.5.0.aar (io.coil-kt:coil-compose-base:2.5.0) with JetifyTransform
Transforming coil-compose-base-2.5.0.aar (io.coil-kt:coil-compose-base:2.5.0) with ExtractAarTransform
Transforming coil-compose-base-2.5.0.aar (io.coil-kt:coil-compose-base:2.5.0) with AarTransform
Transforming coil-2.5.0.aar (io.coil-kt:coil:2.5.0) with JetifyTransform
Transforming coil-2.5.0.aar (io.coil-kt:coil:2.5.0) with ExtractAarTransform
Transforming coil-2.5.0.aar (io.coil-kt:coil:2.5.0) with AarTransform
Transforming coil-base-2.5.0.aar (io.coil-kt:coil-base:2.5.0) with JetifyTransform
Transforming coil-base-2.5.0.aar (io.coil-kt:coil-base:2.5.0) with ExtractAarTransform
Transforming coil-base-2.5.0.aar (io.coil-kt:coil-base:2.5.0) with AarTransform
Transforming appcompat-resources-1.6.1.aar (androidx.appcompat:appcompat-resources:1.6.1) with JetifyTransform
Transforming appcompat-resources-1.6.1.aar (androidx.appcompat:appcompat-resources:1.6.1) with ExtractAarTransform
Transforming appcompat-resources-1.6.1.aar (androidx.appcompat:appcompat-resources:1.6.1) with AarTransform
Transforming constraintlayout-2.0.1.aar (androidx.constraintlayout:constraintlayout:2.0.1) with JetifyTransform
Transforming constraintlayout-2.0.1.aar (androidx.constraintlayout:constraintlayout:2.0.1) with ExtractAarTransform
Transforming constraintlayout-2.0.1.aar (androidx.constraintlayout:constraintlayout:2.0.1) with AarTransform
Transforming appcompat-1.6.1.aar (androidx.appcompat:appcompat:1.6.1) with JetifyTransform
Transforming appcompat-1.6.1.aar (androidx.appcompat:appcompat:1.6.1) with ExtractAarTransform
Transforming appcompat-1.6.1.aar (androidx.appcompat:appcompat:1.6.1) with AarTransform
Transforming viewpager2-1.0.0.aar (androidx.viewpager2:viewpager2:1.0.0) with JetifyTransform
Transforming viewpager2-1.0.0.aar (androidx.viewpager2:viewpager2:1.0.0) with ExtractAarTransform
Transforming viewpager2-1.0.0.aar (androidx.viewpager2:viewpager2:1.0.0) with AarTransform
Transforming play-services-ads-22.6.0.aar (com.google.android.gms:play-services-ads:22.6.0) with JetifyTransform
Transforming play-services-ads-22.6.0.aar (com.google.android.gms:play-services-ads:22.6.0) with ExtractAarTransform
Transforming play-services-ads-22.6.0.aar (com.google.android.gms:play-services-ads:22.6.0) with AarTransform
Transforming play-services-appset-16.0.1.aar (com.google.android.gms:play-services-appset:16.0.1) with JetifyTransform
Transforming play-services-appset-16.0.1.aar (com.google.android.gms:play-services-appset:16.0.1) with ExtractAarTransform
Transforming play-services-appset-16.0.1.aar (com.google.android.gms:play-services-appset:16.0.1) with AarTransform
Transforming play-services-base-18.2.0.aar (com.google.android.gms:play-services-base:18.2.0) with JetifyTransform
Transforming play-services-base-18.2.0.aar (com.google.android.gms:play-services-base:18.2.0) with ExtractAarTransform
Transforming play-services-base-18.2.0.aar (com.google.android.gms:play-services-base:18.2.0) with AarTransform
Transforming play-services-base-18.2.0.aar (com.google.android.gms:play-services-base:18.2.0) with JetifyTransform
Transforming play-services-base-18.2.0.aar (com.google.android.gms:play-services-base:18.2.0) with ExtractAarTransform
Transforming play-services-base-18.2.0.aar (com.google.android.gms:play-services-base:18.2.0) with AarTransform
Caching disabled for AarTransform: C:\Users\user\.gradle\caches\transforms-3\f0c43f23ec6e516e0621ab61a039ef0c\transformed\jetified-lottie-6.1.0 because:
  Build cache is disabled
Skipping AarTransform: C:\Users\user\.gradle\caches\transforms-3\f0c43f23ec6e516e0621ab61a039ef0c\transformed\jetified-lottie-6.1.0 as it is up-to-date.
Caching disabled for AarTransform: C:\Users\user\.gradle\caches\transforms-3\d76c3ac89ac3f5a9a20dcb6973cf40e8\transformed\material-1.11.0 because:
  Build cache is disabled
Skipping AarTransform: C:\Users\user\.gradle\caches\transforms-3\d76c3ac89ac3f5a9a20dcb6973cf40e8\transformed\material-1.11.0 as it is up-to-date.
Caching disabled for AarTransform: C:\Users\user\.gradle\caches\transforms-3\125cb728ef3f46ce7225da4c49aa0884\transformed\jetified-coil-compose-base-2.5.0 because:
  Build cache is disabled
Skipping AarTransform: C:\Users\user\.gradle\caches\transforms-3\125cb728ef3f46ce7225da4c49aa0884\transformed\jetified-coil-compose-base-2.5.0 as it is up-to-date.
Caching disabled for AarTransform: C:\Users\user\.gradle\caches\transforms-3\73d67742e5e0faeb12f6359aec9f4317\transformed\jetified-coil-base-2.5.0 because:
  Build cache is disabled
Caching disabled for AarTransform: C:\Users\user\.gradle\caches\transforms-3\b279794bd278a40574c8244342fbb052\transformed\jetified-coil-2.5.0 because:
  Build cache is disabled
Caching disabled for AarTransform: C:\Users\user\.gradle\caches\transforms-3\14c109339047e7a54ee79e8f23fe26ef\transformed\jetified-appcompat-resources-1.6.1 because:
  Build cache is disabled
Skipping AarTransform: C:\Users\user\.gradle\caches\transforms-3\14c109339047e7a54ee79e8f23fe26ef\transformed\jetified-appcompat-resources-1.6.1 as it is up-to-date.
Transforming drawerlayout-1.1.1.aar (androidx.drawerlayout:drawerlayout:1.1.1) with JetifyTransform
Transforming drawerlayout-1.1.1.aar (androidx.drawerlayout:drawerlayout:1.1.1) with ExtractAarTransform
Transforming drawerlayout-1.1.1.aar (androidx.drawerlayout:drawerlayout:1.1.1) with AarTransform
Transforming coordinatorlayout-1.1.0.aar (androidx.coordinatorlayout:coordinatorlayout:1.1.0) with JetifyTransform
Transforming coordinatorlayout-1.1.0.aar (androidx.coordinatorlayout:coordinatorlayout:1.1.0) with ExtractAarTransform
Caching disabled for AarTransform: C:\Users\user\.gradle\caches\transforms-3\01af9fa4640328761f93b15ceedbb393\transformed\jetified-coil-compose-2.5.0 because:
  Build cache is disabled
Skipping AarTransform: C:\Users\user\.gradle\caches\transforms-3\b279794bd278a40574c8244342fbb052\transformed\jetified-coil-2.5.0 as it is up-to-date.
Caching disabled for AarTransform: C:\Users\user\.gradle\caches\transforms-3\7b64fcd84fbd59187c29faf12635bee6\transformed\jetified-lottie-compose-6.1.0 because:
  Build cache is disabled
Skipping AarTransform: C:\Users\user\.gradle\caches\transforms-3\01af9fa4640328761f93b15ceedbb393\transformed\jetified-coil-compose-2.5.0 as it is up-to-date.
Transforming coordinatorlayout-1.1.0.aar (androidx.coordinatorlayout:coordinatorlayout:1.1.0) with AarTransform
Transforming dynamicanimation-1.0.0.aar (androidx.dynamicanimation:dynamicanimation:1.0.0) with JetifyTransform
Skipping AarTransform: C:\Users\user\.gradle\caches\transforms-3\73d67742e5e0faeb12f6359aec9f4317\transformed\jetified-coil-base-2.5.0 as it is up-to-date.
Transforming dynamicanimation-1.0.0.aar (androidx.dynamicanimation:dynamicanimation:1.0.0) with ExtractAarTransform
Skipping AarTransform: C:\Users\user\.gradle\caches\transforms-3\7b64fcd84fbd59187c29faf12635bee6\transformed\jetified-lottie-compose-6.1.0 as it is up-to-date.
Transforming dynamicanimation-1.0.0.aar (androidx.dynamicanimation:dynamicanimation:1.0.0) with AarTransform
Transforming transition-1.2.0.aar (androidx.transition:transition:1.2.0) with JetifyTransform
Transforming transition-1.2.0.aar (androidx.transition:transition:1.2.0) with ExtractAarTransform
Transforming transition-1.2.0.aar (androidx.transition:transition:1.2.0) with AarTransform
Transforming vectordrawable-animated-1.1.0.aar (androidx.vectordrawable:vectordrawable-animated:1.1.0) with JetifyTransform
Transforming vectordrawable-animated-1.1.0.aar (androidx.vectordrawable:vectordrawable-animated:1.1.0) with ExtractAarTransform
Transforming vectordrawable-animated-1.1.0.aar (androidx.vectordrawable:vectordrawable-animated:1.1.0) with AarTransform
Transforming vectordrawable-1.1.0.aar (androidx.vectordrawable:vectordrawable:1.1.0) with JetifyTransform
Transforming vectordrawable-1.1.0.aar (androidx.vectordrawable:vectordrawable:1.1.0) with ExtractAarTransform
Transforming vectordrawable-1.1.0.aar (androidx.vectordrawable:vectordrawable:1.1.0) with AarTransform
Transforming vectordrawable-1.1.0.aar (androidx.vectordrawable:vectordrawable:1.1.0) with JetifyTransform
Transforming vectordrawable-1.1.0.aar (androidx.vectordrawable:vectordrawable:1.1.0) with ExtractAarTransform
Caching disabled for AarTransform: C:\Users\user\.gradle\caches\transforms-3\ba655bab558f728b21e193f216f3fd5b\transformed\constraintlayout-2.0.1 because:
  Build cache is disabled
Skipping AarTransform: C:\Users\user\.gradle\caches\transforms-3\ba655bab558f728b21e193f216f3fd5b\transformed\constraintlayout-2.0.1 as it is up-to-date.
Caching disabled for AarTransform: C:\Users\user\.gradle\caches\transforms-3\f0f9ccfae522ac4dd97fb98b3f926856\transformed\appcompat-1.6.1 because:
  Build cache is disabled
Skipping AarTransform: C:\Users\user\.gradle\caches\transforms-3\f0f9ccfae522ac4dd97fb98b3f926856\transformed\appcompat-1.6.1 as it is up-to-date.
Caching disabled for AarTransform: C:\Users\user\.gradle\caches\transforms-3\cb4e1830d0316264aa08d7cecb5d49a4\transformed\jetified-play-services-ads-22.6.0 because:
  Build cache is disabled
Skipping AarTransform: C:\Users\user\.gradle\caches\transforms-3\cb4e1830d0316264aa08d7cecb5d49a4\transformed\jetified-play-services-ads-22.6.0 as it is up-to-date.
Transforming vectordrawable-1.1.0.aar (androidx.vectordrawable:vectordrawable:1.1.0) with AarTransform
Transforming hilt-navigation-compose-1.1.0.aar (androidx.hilt:hilt-navigation-compose:1.1.0) with JetifyTransform
Transforming hilt-navigation-compose-1.1.0.aar (androidx.hilt:hilt-navigation-compose:1.1.0) with ExtractAarTransform
Transforming hilt-navigation-compose-1.1.0.aar (androidx.hilt:hilt-navigation-compose:1.1.0) with AarTransform
Transforming hilt-navigation-1.1.0.aar (androidx.hilt:hilt-navigation:1.1.0) with JetifyTransform
Transforming hilt-navigation-1.1.0.aar (androidx.hilt:hilt-navigation:1.1.0) with ExtractAarTransform
Transforming hilt-navigation-1.1.0.aar (androidx.hilt:hilt-navigation:1.1.0) with AarTransform
Transforming navigation-common-2.7.6.aar (androidx.navigation:navigation-common:2.7.6) with JetifyTransform
Transforming navigation-common-2.7.6.aar (androidx.navigation:navigation-common:2.7.6) with ExtractAarTransform
Transforming navigation-common-2.7.6.aar (androidx.navigation:navigation-common:2.7.6) with AarTransform
Transforming navigation-runtime-2.7.6.aar (androidx.navigation:navigation-runtime:2.7.6) with JetifyTransform
Transforming navigation-runtime-2.7.6.aar (androidx.navigation:navigation-runtime:2.7.6) with ExtractAarTransform
Transforming navigation-runtime-2.7.6.aar (androidx.navigation:navigation-runtime:2.7.6) with AarTransform
Transforming navigation-common-ktx-2.7.6.aar (androidx.navigation:navigation-common-ktx:2.7.6) with JetifyTransform
Transforming navigation-common-ktx-2.7.6.aar (androidx.navigation:navigation-common-ktx:2.7.6) with ExtractAarTransform
Transforming navigation-common-ktx-2.7.6.aar (androidx.navigation:navigation-common-ktx:2.7.6) with AarTransform
Transforming navigation-runtime-ktx-2.7.6.aar (androidx.navigation:navigation-runtime-ktx:2.7.6) with JetifyTransform
Transforming navigation-runtime-ktx-2.7.6.aar (androidx.navigation:navigation-runtime-ktx:2.7.6) with ExtractAarTransform
Transforming navigation-runtime-ktx-2.7.6.aar (androidx.navigation:navigation-runtime-ktx:2.7.6) with AarTransform
Transforming navigation-compose-2.7.6.aar (androidx.navigation:navigation-compose:2.7.6) with JetifyTransform
Transforming navigation-compose-2.7.6.aar (androidx.navigation:navigation-compose:2.7.6) with ExtractAarTransform
Transforming navigation-compose-2.7.6.aar (androidx.navigation:navigation-compose:2.7.6) with AarTransform
Transforming accompanist-permissions-0.32.0.aar (com.google.accompanist:accompanist-permissions:0.32.0) with JetifyTransform
Transforming accompanist-permissions-0.32.0.aar (com.google.accompanist:accompanist-permissions:0.32.0) with ExtractAarTransform
Transforming accompanist-permissions-0.32.0.aar (com.google.accompanist:accompanist-permissions:0.32.0) with AarTransform
Caching disabled for AarTransform: C:\Users\user\.gradle\caches\transforms-3\401ad4d70a412e15a764e8464bd867fe\transformed\jetified-play-services-base-18.2.0 because:
  Build cache is disabled
Skipping AarTransform: C:\Users\user\.gradle\caches\transforms-3\401ad4d70a412e15a764e8464bd867fe\transformed\jetified-play-services-base-18.2.0 as it is up-to-date.
Transforming room-common-2.6.1.jar (androidx.room:room-common:2.6.1) with JetifyTransform
Transforming room-common-2.6.1.jar (androidx.room:room-common:2.6.1) with IdentityTransform
Transforming room-ktx-2.6.1.aar (androidx.room:room-ktx:2.6.1) with JetifyTransform
Transforming room-ktx-2.6.1.aar (androidx.room:room-ktx:2.6.1) with ExtractAarTransform
Caching disabled for AarTransform: C:\Users\user\.gradle\caches\transforms-3\778bb1a5d67e711cfa1d601e315d4ba6\transformed\drawerlayout-1.1.1 because:
  Build cache is disabled
Transforming room-ktx-2.6.1.aar (androidx.room:room-ktx:2.6.1) with AarTransform
Skipping AarTransform: C:\Users\user\.gradle\caches\transforms-3\778bb1a5d67e711cfa1d601e315d4ba6\transformed\drawerlayout-1.1.1 as it is up-to-date.
Transforming play-services-ads-lite-22.6.0.aar (com.google.android.gms:play-services-ads-lite:22.6.0) with JetifyTransform
Transforming play-services-ads-lite-22.6.0.aar (com.google.android.gms:play-services-ads-lite:22.6.0) with ExtractAarTransform
Transforming play-services-ads-lite-22.6.0.aar (com.google.android.gms:play-services-ads-lite:22.6.0) with AarTransform
Transforming work-runtime-2.7.0.aar (androidx.work:work-runtime:2.7.0) with JetifyTransform
Caching disabled for AarTransform: C:\Users\user\.gradle\caches\transforms-3\6ed70369f3cbd7b6be9f1b6bf7536159\transformed\jetified-play-services-appset-16.0.1 because:
  Build cache is disabled
Skipping AarTransform: C:\Users\user\.gradle\caches\transforms-3\6ed70369f3cbd7b6be9f1b6bf7536159\transformed\jetified-play-services-appset-16.0.1 as it is up-to-date.
Transforming work-runtime-2.7.0.aar (androidx.work:work-runtime:2.7.0) with ExtractAarTransform
Transforming work-runtime-2.7.0.aar (androidx.work:work-runtime:2.7.0) with AarTransform
Caching disabled for AarTransform: C:\Users\user\.gradle\caches\transforms-3\4d4b3f0524238b36b1a0d4335e32a8e5\transformed\dynamicanimation-1.0.0 because:
  Build cache is disabled
Skipping AarTransform: C:\Users\user\.gradle\caches\transforms-3\4d4b3f0524238b36b1a0d4335e32a8e5\transformed\dynamicanimation-1.0.0 as it is up-to-date.
Caching disabled for AarTransform: C:\Users\user\.gradle\caches\transforms-3\9fd41aa9d8f4ce40527fd11c9e9d8547\transformed\coordinatorlayout-1.1.0 because:
  Build cache is disabled
Skipping AarTransform: C:\Users\user\.gradle\caches\transforms-3\9fd41aa9d8f4ce40527fd11c9e9d8547\transformed\coordinatorlayout-1.1.0 as it is up-to-date.
Caching disabled for AarTransform: C:\Users\user\.gradle\caches\transforms-3\c589b80479df8889d96e60fd7d9c5d2b\transformed\transition-1.2.0 because:
  Build cache is disabled
Skipping AarTransform: C:\Users\user\.gradle\caches\transforms-3\c589b80479df8889d96e60fd7d9c5d2b\transformed\transition-1.2.0 as it is up-to-date.
Transforming room-runtime-2.6.1.aar (androidx.room:room-runtime:2.6.1) with JetifyTransform
Transforming room-runtime-2.6.1.aar (androidx.room:room-runtime:2.6.1) with ExtractAarTransform
Caching disabled for AarTransform: C:\Users\user\.gradle\caches\transforms-3\529160eccf25a2390ccb8db066af0ebf\transformed\jetified-hilt-navigation-compose-1.1.0 because:
  Build cache is disabled
Skipping AarTransform: C:\Users\user\.gradle\caches\transforms-3\529160eccf25a2390ccb8db066af0ebf\transformed\jetified-hilt-navigation-compose-1.1.0 as it is up-to-date.
Transforming room-runtime-2.6.1.aar (androidx.room:room-runtime:2.6.1) with AarTransform
Transforming room-paging-2.6.1.aar (androidx.room:room-paging:2.6.1) with JetifyTransform
Transforming room-paging-2.6.1.aar (androidx.room:room-paging:2.6.1) with ExtractAarTransform
Caching disabled for AarTransform: C:\Users\user\.gradle\caches\transforms-3\c91da17cc1cab4ba2d28b8a00826b7a4\transformed\vectordrawable-animated-1.1.0 because:
  Build cache is disabled
Skipping AarTransform: C:\Users\user\.gradle\caches\transforms-3\c91da17cc1cab4ba2d28b8a00826b7a4\transformed\vectordrawable-animated-1.1.0 as it is up-to-date.
Transforming room-paging-2.6.1.aar (androidx.room:room-paging:2.6.1) with AarTransform
Transforming paging-runtime-3.2.1.aar (androidx.paging:paging-runtime:3.2.1) with JetifyTransform
Transforming paging-runtime-3.2.1.aar (androidx.paging:paging-runtime:3.2.1) with ExtractAarTransform
Transforming paging-runtime-3.2.1.aar (androidx.paging:paging-runtime:3.2.1) with AarTransform
Transforming paging-common-ktx-3.2.1.jar (androidx.paging:paging-common-ktx:3.2.1) with JetifyTransform
Transforming paging-common-ktx-3.2.1.jar (androidx.paging:paging-common-ktx:3.2.1) with IdentityTransform
Transforming paging-common-3.2.1.jar (androidx.paging:paging-common:3.2.1) with JetifyTransform
Transforming paging-common-3.2.1.jar (androidx.paging:paging-common:3.2.1) with IdentityTransform
Caching disabled for AarTransform: C:\Users\user\.gradle\caches\transforms-3\0f46e4ccc0eeb6bdb32e10768693dbb1\transformed\navigation-common-2.7.6 because:
  Build cache is disabled
Caching disabled for AarTransform: C:\Users\user\.gradle\caches\transforms-3\2619ed40ef3fa7bd0956e04ee7e7a9f1\transformed\vectordrawable-1.1.0 because:
  Build cache is disabled
Caching disabled for AarTransform: C:\Users\user\.gradle\caches\transforms-3\5c3aa40a2b81e8d14341f580c5067842\transformed\jetified-hilt-navigation-1.1.0 because:
  Build cache is disabled
Skipping AarTransform: C:\Users\user\.gradle\caches\transforms-3\0f46e4ccc0eeb6bdb32e10768693dbb1\transformed\navigation-common-2.7.6 as it is up-to-date.
Skipping AarTransform: C:\Users\user\.gradle\caches\transforms-3\5c3aa40a2b81e8d14341f580c5067842\transformed\jetified-hilt-navigation-1.1.0 as it is up-to-date.
Caching disabled for AarTransform: C:\Users\user\.gradle\caches\transforms-3\deeed389b8629d1b86b0d43d85b80f15\transformed\jetified-room-ktx-2.6.1 because:
  Build cache is disabled
Caching disabled for AarTransform: C:\Users\user\.gradle\caches\transforms-3\e867abbcf77ff1131be5b6df08de5eee\transformed\navigation-runtime-ktx-2.7.6 because:
  Build cache is disabled
Skipping AarTransform: C:\Users\user\.gradle\caches\transforms-3\deeed389b8629d1b86b0d43d85b80f15\transformed\jetified-room-ktx-2.6.1 as it is up-to-date.
Caching disabled for AarTransform: C:\Users\user\.gradle\caches\transforms-3\3ce319f41dad2e0f26341deb50e79fea\transformed\navigation-runtime-2.7.6 because:
  Build cache is disabled
Skipping AarTransform: C:\Users\user\.gradle\caches\transforms-3\e867abbcf77ff1131be5b6df08de5eee\transformed\navigation-runtime-ktx-2.7.6 as it is up-to-date.
Caching disabled for AarTransform: C:\Users\user\.gradle\caches\transforms-3\72921219f6734e39e36ce1ab1aad6d03\transformed\navigation-common-ktx-2.7.6 because:
  Build cache is disabled
Caching disabled for AarTransform: C:\Users\user\.gradle\caches\transforms-3\f60bd6a2f18e5772f3e63663a99cb4e1\transformed\jetified-accompanist-permissions-0.32.0 because:
  Build cache is disabled
Skipping AarTransform: C:\Users\user\.gradle\caches\transforms-3\f60bd6a2f18e5772f3e63663a99cb4e1\transformed\jetified-accompanist-permissions-0.32.0 as it is up-to-date.
Skipping AarTransform: C:\Users\user\.gradle\caches\transforms-3\2619ed40ef3fa7bd0956e04ee7e7a9f1\transformed\vectordrawable-1.1.0 as it is up-to-date.
Transforming paging-runtime-ktx-3.2.1.aar (androidx.paging:paging-runtime-ktx:3.2.1) with JetifyTransform
Transforming paging-runtime-ktx-3.2.1.aar (androidx.paging:paging-runtime-ktx:3.2.1) with ExtractAarTransform
Transforming paging-runtime-ktx-3.2.1.aar (androidx.paging:paging-runtime-ktx:3.2.1) with AarTransform
Transforming paging-compose-3.2.1.aar (androidx.paging:paging-compose:3.2.1) with JetifyTransform
Transforming paging-compose-3.2.1.aar (androidx.paging:paging-compose:3.2.1) with ExtractAarTransform
Transforming paging-compose-3.2.1.aar (androidx.paging:paging-compose:3.2.1) with AarTransform
Transforming material3-release.aar (androidx.compose.material3:material3-android:1.2.0) with JetifyTransform
Transforming material3-release.aar (androidx.compose.material3:material3-android:1.2.0) with ExtractAarTransform
Transforming material3-release.aar (androidx.compose.material3:material3-android:1.2.0) with AarTransform
Transforming material-ripple-release.aar (androidx.compose.material:material-ripple-android:1.6.1) with JetifyTransform
Transforming material-ripple-release.aar (androidx.compose.material:material-ripple-android:1.6.1) with ExtractAarTransform
Transforming material-ripple-release.aar (androidx.compose.material:material-ripple-android:1.6.1) with AarTransform
Transforming material-icons-core-release.aar (androidx.compose.material:material-icons-core-android:1.6.1) with JetifyTransform
Transforming material-icons-core-release.aar (androidx.compose.material:material-icons-core-android:1.6.1) with ExtractAarTransform
Transforming material-icons-core-release.aar (androidx.compose.material:material-icons-core-android:1.6.1) with AarTransform
Transforming material-release.aar (androidx.compose.material:material-android:1.6.1) with JetifyTransform
Caching disabled for AarTransform: C:\Users\user\.gradle\caches\transforms-3\20b81b3594ace06c7a70dff3a2366e16\transformed\paging-runtime-3.2.1 because:
  Build cache is disabled
Caching disabled for AarTransform: C:\Users\user\.gradle\caches\transforms-3\a0851db4a7ec9890e76aff435b580121\transformed\room-runtime-2.6.1 because:
  Build cache is disabled
Skipping AarTransform: C:\Users\user\.gradle\caches\transforms-3\20b81b3594ace06c7a70dff3a2366e16\transformed\paging-runtime-3.2.1 as it is up-to-date.
Skipping AarTransform: C:\Users\user\.gradle\caches\transforms-3\3ce319f41dad2e0f26341deb50e79fea\transformed\navigation-runtime-2.7.6 as it is up-to-date.
Transforming material-release.aar (androidx.compose.material:material-android:1.6.1) with ExtractAarTransform
Caching disabled for AarTransform: C:\Users\user\.gradle\caches\transforms-3\48cbbb2a7e04ed4bd14f5ee9909e7333\transformed\jetified-room-paging-2.6.1 because:
  Build cache is disabled
Skipping AarTransform: C:\Users\user\.gradle\caches\transforms-3\a0851db4a7ec9890e76aff435b580121\transformed\room-runtime-2.6.1 as it is up-to-date.
Skipping AarTransform: C:\Users\user\.gradle\caches\transforms-3\48cbbb2a7e04ed4bd14f5ee9909e7333\transformed\jetified-room-paging-2.6.1 as it is up-to-date.
Caching disabled for AarTransform: C:\Users\user\.gradle\caches\transforms-3\88935f1d435615fcfcf4533f1e74a0c1\transformed\jetified-paging-runtime-ktx-3.2.1 because:
  Build cache is disabled
Skipping AarTransform: C:\Users\user\.gradle\caches\transforms-3\88935f1d435615fcfcf4533f1e74a0c1\transformed\jetified-paging-runtime-ktx-3.2.1 as it is up-to-date.
Caching disabled for AarTransform: C:\Users\user\.gradle\caches\transforms-3\d13efe73e15feb692f299aca534190ce\transformed\work-runtime-2.7.0 because:
  Build cache is disabled
Skipping AarTransform: C:\Users\user\.gradle\caches\transforms-3\72921219f6734e39e36ce1ab1aad6d03\transformed\navigation-common-ktx-2.7.6 as it is up-to-date.
Skipping AarTransform: C:\Users\user\.gradle\caches\transforms-3\d13efe73e15feb692f299aca534190ce\transformed\work-runtime-2.7.0 as it is up-to-date.
Caching disabled for AarTransform: C:\Users\user\.gradle\caches\transforms-3\ae35f69c27c9ae25ab61f505d1c73246\transformed\jetified-navigation-compose-2.7.6 because:
  Build cache is disabled
Skipping AarTransform: C:\Users\user\.gradle\caches\transforms-3\ae35f69c27c9ae25ab61f505d1c73246\transformed\jetified-navigation-compose-2.7.6 as it is up-to-date.
Transforming material-release.aar (androidx.compose.material:material-android:1.6.1) with AarTransform
Caching disabled for AarTransform: C:\Users\user\.gradle\caches\transforms-3\c4b49199efd8b05d152a707fc92393f9\transformed\jetified-play-services-ads-lite-22.6.0 because:
  Build cache is disabled
Transforming animation-core-release.aar (androidx.compose.animation:animation-core-android:1.6.1) with JetifyTransform
Transforming animation-core-release.aar (androidx.compose.animation:animation-core-android:1.6.1) with ExtractAarTransform
Skipping AarTransform: C:\Users\user\.gradle\caches\transforms-3\c4b49199efd8b05d152a707fc92393f9\transformed\jetified-play-services-ads-lite-22.6.0 as it is up-to-date.
Transforming animation-core-release.aar (androidx.compose.animation:animation-core-android:1.6.1) with AarTransform
Transforming animation-release.aar (androidx.compose.animation:animation-android:1.6.1) with JetifyTransform
Transforming animation-release.aar (androidx.compose.animation:animation-android:1.6.1) with ExtractAarTransform
Transforming animation-release.aar (androidx.compose.animation:animation-android:1.6.1) with AarTransform
Caching disabled for AarTransform: C:\Users\user\.gradle\caches\transforms-3\8773d98ab94b13f9d6437ce7e24c811e\transformed\jetified-paging-compose-3.2.1 because:
  Build cache is disabled
Skipping AarTransform: C:\Users\user\.gradle\caches\transforms-3\8773d98ab94b13f9d6437ce7e24c811e\transformed\jetified-paging-compose-3.2.1 as it is up-to-date.
Transforming foundation-layout-release.aar (androidx.compose.foundation:foundation-layout-android:1.6.1) with JetifyTransform
Transforming foundation-layout-release.aar (androidx.compose.foundation:foundation-layout-android:1.6.1) with ExtractAarTransform
Caching disabled for AarTransform: C:\Users\user\.gradle\caches\transforms-3\9eb07947c41291dd8dfaea7376b52cb3\transformed\jetified-material3-release because:
  Build cache is disabled
Caching disabled for AarTransform: C:\Users\user\.gradle\caches\transforms-3\7c1ae54e643c59b38470a4f4e87f36e0\transformed\jetified-viewpager2-1.0.0 because:
  Build cache is disabled
Skipping AarTransform: C:\Users\user\.gradle\caches\transforms-3\9eb07947c41291dd8dfaea7376b52cb3\transformed\jetified-material3-release as it is up-to-date.
Skipping AarTransform: C:\Users\user\.gradle\caches\transforms-3\7c1ae54e643c59b38470a4f4e87f36e0\transformed\jetified-viewpager2-1.0.0 as it is up-to-date.
Caching disabled for AarTransform: C:\Users\user\.gradle\caches\transforms-3\b6b0faadec3c628e9c76a6db86636b8a\transformed\jetified-material-ripple-release because:
  Build cache is disabled
Caching disabled for AarTransform: C:\Users\user\.gradle\caches\transforms-3\0a80b947bb60c2e5812c98a4cde80cb9\transformed\jetified-animation-release because:
  Build cache is disabled
Skipping AarTransform: C:\Users\user\.gradle\caches\transforms-3\b6b0faadec3c628e9c76a6db86636b8a\transformed\jetified-material-ripple-release as it is up-to-date.
Skipping AarTransform: C:\Users\user\.gradle\caches\transforms-3\0a80b947bb60c2e5812c98a4cde80cb9\transformed\jetified-animation-release as it is up-to-date.
Caching disabled for AarTransform: C:\Users\user\.gradle\caches\transforms-3\a8d18580fb95d594af0e3ea2434d1f2a\transformed\jetified-animation-core-release because:
  Build cache is disabled
Caching disabled for AarTransform: C:\Users\user\.gradle\caches\transforms-3\cbc2465336ded970d23300a578f47882\transformed\jetified-material-release because:
  Build cache is disabled
Skipping AarTransform: C:\Users\user\.gradle\caches\transforms-3\a8d18580fb95d594af0e3ea2434d1f2a\transformed\jetified-animation-core-release as it is up-to-date.
Skipping AarTransform: C:\Users\user\.gradle\caches\transforms-3\cbc2465336ded970d23300a578f47882\transformed\jetified-material-release as it is up-to-date.
Caching disabled for AarTransform: C:\Users\user\.gradle\caches\transforms-3\be77d38c4543d58a04ecd2e2930e4907\transformed\jetified-material-icons-core-release because:
  Build cache is disabled
Skipping AarTransform: C:\Users\user\.gradle\caches\transforms-3\be77d38c4543d58a04ecd2e2930e4907\transformed\jetified-material-icons-core-release as it is up-to-date.
Transforming foundation-layout-release.aar (androidx.compose.foundation:foundation-layout-android:1.6.1) with AarTransform
Transforming foundation-release.aar (androidx.compose.foundation:foundation-android:1.6.1) with JetifyTransform
Transforming foundation-release.aar (androidx.compose.foundation:foundation-android:1.6.1) with ExtractAarTransform
Transforming foundation-release.aar (androidx.compose.foundation:foundation-android:1.6.1) with AarTransform
Transforming ui-unit-release.aar (androidx.compose.ui:ui-unit-android:1.6.1) with JetifyTransform
Transforming ui-unit-release.aar (androidx.compose.ui:ui-unit-android:1.6.1) with ExtractAarTransform
Transforming ui-unit-release.aar (androidx.compose.ui:ui-unit-android:1.6.1) with AarTransform
Transforming ui-geometry-release.aar (androidx.compose.ui:ui-geometry-android:1.6.1) with JetifyTransform
Transforming ui-geometry-release.aar (androidx.compose.ui:ui-geometry-android:1.6.1) with ExtractAarTransform
Transforming ui-geometry-release.aar (androidx.compose.ui:ui-geometry-android:1.6.1) with AarTransform
Transforming ui-util-release.aar (androidx.compose.ui:ui-util-android:1.6.1) with JetifyTransform
Transforming ui-util-release.aar (androidx.compose.ui:ui-util-android:1.6.1) with ExtractAarTransform
Transforming ui-util-release.aar (androidx.compose.ui:ui-util-android:1.6.1) with AarTransform
Transforming ui-text-release.aar (androidx.compose.ui:ui-text-android:1.6.1) with JetifyTransform
Transforming ui-text-release.aar (androidx.compose.ui:ui-text-android:1.6.1) with ExtractAarTransform
Transforming ui-text-release.aar (androidx.compose.ui:ui-text-android:1.6.1) with AarTransform
Transforming ui-tooling-preview-release.aar (androidx.compose.ui:ui-tooling-preview-android:1.6.1) with JetifyTransform
Transforming ui-tooling-preview-release.aar (androidx.compose.ui:ui-tooling-preview-android:1.6.1) with ExtractAarTransform
Transforming ui-tooling-preview-release.aar (androidx.compose.ui:ui-tooling-preview-android:1.6.1) with AarTransform
Transforming ui-graphics-release.aar (androidx.compose.ui:ui-graphics-android:1.6.1) with JetifyTransform
Transforming ui-graphics-release.aar (androidx.compose.ui:ui-graphics-android:1.6.1) with ExtractAarTransform
Caching disabled for AarTransform: C:\Users\user\.gradle\caches\transforms-3\c0256db1311281ff7005418483771fda\transformed\jetified-foundation-layout-release because:
  Build cache is disabled
Skipping AarTransform: C:\Users\user\.gradle\caches\transforms-3\c0256db1311281ff7005418483771fda\transformed\jetified-foundation-layout-release as it is up-to-date.
Transforming ui-graphics-release.aar (androidx.compose.ui:ui-graphics-android:1.6.1) with AarTransform
Caching disabled for AarTransform: C:\Users\user\.gradle\caches\transforms-3\1371974239ba7d2e1f74577aa0076246\transformed\jetified-foundation-release because:
  Build cache is disabled
Transforming runtime-saveable-release.aar (androidx.compose.runtime:runtime-saveable-android:1.6.1) with JetifyTransform
Skipping AarTransform: C:\Users\user\.gradle\caches\transforms-3\1371974239ba7d2e1f74577aa0076246\transformed\jetified-foundation-release as it is up-to-date.
Transforming runtime-saveable-release.aar (androidx.compose.runtime:runtime-saveable-android:1.6.1) with ExtractAarTransform
Transforming runtime-saveable-release.aar (androidx.compose.runtime:runtime-saveable-android:1.6.1) with AarTransform
Transforming runtime-release.aar (androidx.compose.runtime:runtime-android:1.6.1) with JetifyTransform
Transforming runtime-release.aar (androidx.compose.runtime:runtime-android:1.6.1) with ExtractAarTransform
Transforming runtime-release.aar (androidx.compose.runtime:runtime-android:1.6.1) with AarTransform
Transforming runtime-livedata-1.6.1.aar (androidx.compose.runtime:runtime-livedata:1.6.1) with JetifyTransform
Transforming runtime-livedata-1.6.1.aar (androidx.compose.runtime:runtime-livedata:1.6.1) with ExtractAarTransform
Transforming runtime-livedata-1.6.1.aar (androidx.compose.runtime:runtime-livedata:1.6.1) with AarTransform
Transforming hilt-android-2.49.aar (com.google.dagger:hilt-android:2.49) with JetifyTransform
Transforming hilt-android-2.49.aar (com.google.dagger:hilt-android:2.49) with ExtractAarTransform
Transforming hilt-android-2.49.aar (com.google.dagger:hilt-android:2.49) with AarTransform
Caching disabled for AarTransform: C:\Users\user\.gradle\caches\transforms-3\8d3e065e204b9a972c9d9d381b9eab8e\transformed\jetified-ui-tooling-preview-release because:
  Build cache is disabled
Transforming play-services-tasks-18.0.2.aar (com.google.android.gms:play-services-tasks:18.0.2) with JetifyTransform
Caching disabled for AarTransform: C:\Users\user\.gradle\caches\transforms-3\a24bbb3d7412e2af4b948b956c9db569\transformed\jetified-ui-util-release because:
  Build cache is disabled
Caching disabled for AarTransform: C:\Users\user\.gradle\caches\transforms-3\d0defa3efce5913b5e3d5a8aac5cb6a4\transformed\jetified-ui-graphics-release because:
  Build cache is disabled
Caching disabled for AarTransform: C:\Users\user\.gradle\caches\transforms-3\a2969d7a46a5d26397bd0a40364b7789\transformed\jetified-ui-unit-release because:
  Build cache is disabled
Skipping AarTransform: C:\Users\user\.gradle\caches\transforms-3\d0defa3efce5913b5e3d5a8aac5cb6a4\transformed\jetified-ui-graphics-release as it is up-to-date.
Caching disabled for AarTransform: C:\Users\user\.gradle\caches\transforms-3\ca905dde751b020875aee835366c918b\transformed\jetified-ui-geometry-release because:
  Build cache is disabled
Skipping AarTransform: C:\Users\user\.gradle\caches\transforms-3\a2969d7a46a5d26397bd0a40364b7789\transformed\jetified-ui-unit-release as it is up-to-date.
Skipping AarTransform: C:\Users\user\.gradle\caches\transforms-3\8d3e065e204b9a972c9d9d381b9eab8e\transformed\jetified-ui-tooling-preview-release as it is up-to-date.
Skipping AarTransform: C:\Users\user\.gradle\caches\transforms-3\a24bbb3d7412e2af4b948b956c9db569\transformed\jetified-ui-util-release as it is up-to-date.
Transforming play-services-tasks-18.0.2.aar (com.google.android.gms:play-services-tasks:18.0.2) with ExtractAarTransform
Skipping AarTransform: C:\Users\user\.gradle\caches\transforms-3\ca905dde751b020875aee835366c918b\transformed\jetified-ui-geometry-release as it is up-to-date.
Transforming play-services-tasks-18.0.2.aar (com.google.android.gms:play-services-tasks:18.0.2) with AarTransform
Transforming play-services-tasks-18.0.2.aar (com.google.android.gms:play-services-tasks:18.0.2) with JetifyTransform
Transforming play-services-tasks-18.0.2.aar (com.google.android.gms:play-services-tasks:18.0.2) with ExtractAarTransform
Transforming play-services-tasks-18.0.2.aar (com.google.android.gms:play-services-tasks:18.0.2) with AarTransform
Transforming play-services-tasks-18.0.2.aar (com.google.android.gms:play-services-tasks:18.0.2) with JetifyTransform
Transforming play-services-tasks-18.0.2.aar (com.google.android.gms:play-services-tasks:18.0.2) with ExtractAarTransform
Transforming play-services-tasks-18.0.2.aar (com.google.android.gms:play-services-tasks:18.0.2) with AarTransform
Transforming play-services-ads-base-22.6.0.aar (com.google.android.gms:play-services-ads-base:22.6.0) with JetifyTransform
Transforming play-services-ads-base-22.6.0.aar (com.google.android.gms:play-services-ads-base:22.6.0) with ExtractAarTransform
Transforming play-services-ads-base-22.6.0.aar (com.google.android.gms:play-services-ads-base:22.6.0) with AarTransform
Transforming play-services-ads-base-22.6.0.aar (com.google.android.gms:play-services-ads-base:22.6.0) with JetifyTransform
Transforming play-services-ads-base-22.6.0.aar (com.google.android.gms:play-services-ads-base:22.6.0) with ExtractAarTransform
Transforming play-services-ads-base-22.6.0.aar (com.google.android.gms:play-services-ads-base:22.6.0) with AarTransform
Transforming user-messaging-platform-2.1.0.aar (com.google.android.ump:user-messaging-platform:2.1.0) with JetifyTransform
Transforming user-messaging-platform-2.1.0.aar (com.google.android.ump:user-messaging-platform:2.1.0) with ExtractAarTransform
Transforming user-messaging-platform-2.1.0.aar (com.google.android.ump:user-messaging-platform:2.1.0) with AarTransform
Transforming play-services-ads-identifier-18.0.0.aar (com.google.android.gms:play-services-ads-identifier:18.0.0) with JetifyTransform
Transforming play-services-ads-identifier-18.0.0.aar (com.google.android.gms:play-services-ads-identifier:18.0.0) with ExtractAarTransform
Transforming play-services-ads-identifier-18.0.0.aar (com.google.android.gms:play-services-ads-identifier:18.0.0) with AarTransform
Transforming play-services-ads-identifier-18.0.0.aar (com.google.android.gms:play-services-ads-identifier:18.0.0) with JetifyTransform
Caching disabled for AarTransform: C:\Users\user\.gradle\caches\transforms-3\86393e3996726b41f76008ce236fad9e\transformed\jetified-runtime-livedata-1.6.1 because:
  Build cache is disabled
Transforming play-services-ads-identifier-18.0.0.aar (com.google.android.gms:play-services-ads-identifier:18.0.0) with ExtractAarTransform
Caching disabled for AarTransform: C:\Users\user\.gradle\caches\transforms-3\a12ebe0bcfa38772b01b24696e6db1a0\transformed\jetified-runtime-saveable-release because:
  Build cache is disabled
Transforming play-services-ads-identifier-18.0.0.aar (com.google.android.gms:play-services-ads-identifier:18.0.0) with AarTransform
Skipping AarTransform: C:\Users\user\.gradle\caches\transforms-3\a12ebe0bcfa38772b01b24696e6db1a0\transformed\jetified-runtime-saveable-release as it is up-to-date.
Transforming play-services-measurement-sdk-api-20.1.2.aar (com.google.android.gms:play-services-measurement-sdk-api:20.1.2) with JetifyTransform
Transforming play-services-measurement-sdk-api-20.1.2.aar (com.google.android.gms:play-services-measurement-sdk-api:20.1.2) with ExtractAarTransform
Transforming play-services-measurement-sdk-api-20.1.2.aar (com.google.android.gms:play-services-measurement-sdk-api:20.1.2) with AarTransform
Transforming play-services-measurement-base-20.1.2.aar (com.google.android.gms:play-services-measurement-base:20.1.2) with JetifyTransform
Caching disabled for AarTransform: C:\Users\user\.gradle\caches\transforms-3\40952bfae19697ea740a0392ac032553\transformed\jetified-runtime-release because:
  Build cache is disabled
Transforming play-services-measurement-base-20.1.2.aar (com.google.android.gms:play-services-measurement-base:20.1.2) with ExtractAarTransform
Skipping AarTransform: C:\Users\user\.gradle\caches\transforms-3\40952bfae19697ea740a0392ac032553\transformed\jetified-runtime-release as it is up-to-date.
Transforming play-services-measurement-base-20.1.2.aar (com.google.android.gms:play-services-measurement-base:20.1.2) with AarTransform
Transforming play-services-basement-18.2.0.aar (com.google.android.gms:play-services-basement:18.2.0) with JetifyTransform
Transforming play-services-basement-18.2.0.aar (com.google.android.gms:play-services-basement:18.2.0) with ExtractAarTransform
Skipping AarTransform: C:\Users\user\.gradle\caches\transforms-3\86393e3996726b41f76008ce236fad9e\transformed\jetified-runtime-livedata-1.6.1 as it is up-to-date.
Transforming play-services-basement-18.2.0.aar (com.google.android.gms:play-services-basement:18.2.0) with AarTransform
Transforming play-services-basement-18.2.0.aar (com.google.android.gms:play-services-basement:18.2.0) with JetifyTransform
Transforming play-services-basement-18.2.0.aar (com.google.android.gms:play-services-basement:18.2.0) with ExtractAarTransform
Transforming play-services-basement-18.2.0.aar (com.google.android.gms:play-services-basement:18.2.0) with AarTransform
Caching disabled for AarTransform: C:\Users\user\.gradle\caches\transforms-3\7609d0ec1dd432c286d684064b087864\transformed\jetified-hilt-android-2.49 because:
  Build cache is disabled
Transforming play-services-basement-18.2.0.aar (com.google.android.gms:play-services-basement:18.2.0) with JetifyTransform
Skipping AarTransform: C:\Users\user\.gradle\caches\transforms-3\7609d0ec1dd432c286d684064b087864\transformed\jetified-hilt-android-2.49 as it is up-to-date.
Transforming play-services-basement-18.2.0.aar (com.google.android.gms:play-services-basement:18.2.0) with ExtractAarTransform
Transforming play-services-basement-18.2.0.aar (com.google.android.gms:play-services-basement:18.2.0) with AarTransform
Transforming play-services-basement-18.2.0.aar (com.google.android.gms:play-services-basement:18.2.0) with JetifyTransform
Transforming play-services-basement-18.2.0.aar (com.google.android.gms:play-services-basement:18.2.0) with ExtractAarTransform
Transforming play-services-basement-18.2.0.aar (com.google.android.gms:play-services-basement:18.2.0) with AarTransform
Transforming play-services-basement-18.2.0.aar (com.google.android.gms:play-services-basement:18.2.0) with JetifyTransform
Transforming play-services-basement-18.2.0.aar (com.google.android.gms:play-services-basement:18.2.0) with ExtractAarTransform
Transforming play-services-basement-18.2.0.aar (com.google.android.gms:play-services-basement:18.2.0) with AarTransform
Transforming play-services-basement-18.2.0.aar (com.google.android.gms:play-services-basement:18.2.0) with JetifyTransform
Transforming play-services-basement-18.2.0.aar (com.google.android.gms:play-services-basement:18.2.0) with ExtractAarTransform
Caching disabled for AarTransform: C:\Users\user\.gradle\caches\transforms-3\fefcfe30ff50cfe07535bb3f9f29fec4\transformed\jetified-play-services-ads-base-22.6.0 because:
  Build cache is disabled
Transforming play-services-basement-18.2.0.aar (com.google.android.gms:play-services-basement:18.2.0) with AarTransform
Transforming play-services-basement-18.2.0.aar (com.google.android.gms:play-services-basement:18.2.0) with JetifyTransform
Caching disabled for AarTransform: C:\Users\user\.gradle\caches\transforms-3\153cbe083d7bbbca75db78a9ed87c037\transformed\jetified-ui-text-release because:
  Build cache is disabled
Caching disabled for AarTransform: C:\Users\user\.gradle\caches\transforms-3\ff995add00743d0c496c4d8e0ee10f1e\transformed\jetified-play-services-ads-identifier-18.0.0 because:
  Build cache is disabled
Skipping AarTransform: C:\Users\user\.gradle\caches\transforms-3\ff995add00743d0c496c4d8e0ee10f1e\transformed\jetified-play-services-ads-identifier-18.0.0 as it is up-to-date.
Caching disabled for AarTransform: C:\Users\user\.gradle\caches\transforms-3\09909989bcc6df1cb4cf8f5bc33de582\transformed\jetified-play-services-tasks-18.0.2 because:
  Build cache is disabled
Skipping AarTransform: C:\Users\user\.gradle\caches\transforms-3\09909989bcc6df1cb4cf8f5bc33de582\transformed\jetified-play-services-tasks-18.0.2 as it is up-to-date.
Caching disabled for AarTransform: C:\Users\user\.gradle\caches\transforms-3\2a2496b4dd7bead2a2d5dfdd36faba56\transformed\jetified-user-messaging-platform-2.1.0 because:
  Build cache is disabled
Skipping AarTransform: C:\Users\user\.gradle\caches\transforms-3\2a2496b4dd7bead2a2d5dfdd36faba56\transformed\jetified-user-messaging-platform-2.1.0 as it is up-to-date.
Skipping AarTransform: C:\Users\user\.gradle\caches\transforms-3\fefcfe30ff50cfe07535bb3f9f29fec4\transformed\jetified-play-services-ads-base-22.6.0 as it is up-to-date.
Caching disabled for AarTransform: C:\Users\user\.gradle\caches\transforms-3\b28c9dde44421952352d4ece06208963\transformed\jetified-play-services-measurement-sdk-api-20.1.2 because:
  Build cache is disabled
Skipping AarTransform: C:\Users\user\.gradle\caches\transforms-3\153cbe083d7bbbca75db78a9ed87c037\transformed\jetified-ui-text-release as it is up-to-date.
Skipping AarTransform: C:\Users\user\.gradle\caches\transforms-3\b28c9dde44421952352d4ece06208963\transformed\jetified-play-services-measurement-sdk-api-20.1.2 as it is up-to-date.
Transforming play-services-basement-18.2.0.aar (com.google.android.gms:play-services-basement:18.2.0) with ExtractAarTransform
Transforming play-services-basement-18.2.0.aar (com.google.android.gms:play-services-basement:18.2.0) with AarTransform
Caching disabled for AarTransform: C:\Users\user\.gradle\caches\transforms-3\7bc33f1b9169acd2dfd1a37a27683ae2\transformed\jetified-play-services-measurement-base-20.1.2 because:
  Build cache is disabled
Transforming play-services-basement-18.2.0.aar (com.google.android.gms:play-services-basement:18.2.0) with JetifyTransform
Skipping AarTransform: C:\Users\user\.gradle\caches\transforms-3\7bc33f1b9169acd2dfd1a37a27683ae2\transformed\jetified-play-services-measurement-base-20.1.2 as it is up-to-date.
Transforming play-services-basement-18.2.0.aar (com.google.android.gms:play-services-basement:18.2.0) with ExtractAarTransform
Transforming play-services-basement-18.2.0.aar (com.google.android.gms:play-services-basement:18.2.0) with AarTransform
Transforming play-services-basement-18.2.0.aar (com.google.android.gms:play-services-basement:18.2.0) with JetifyTransform
Transforming play-services-basement-18.2.0.aar (com.google.android.gms:play-services-basement:18.2.0) with ExtractAarTransform
Transforming play-services-basement-18.2.0.aar (com.google.android.gms:play-services-basement:18.2.0) with AarTransform
Transforming play-services-basement-18.2.0.aar (com.google.android.gms:play-services-basement:18.2.0) with JetifyTransform
Transforming play-services-basement-18.2.0.aar (com.google.android.gms:play-services-basement:18.2.0) with ExtractAarTransform
Transforming play-services-basement-18.2.0.aar (com.google.android.gms:play-services-basement:18.2.0) with AarTransform
Transforming fragment-1.5.1.aar (androidx.fragment:fragment:1.5.1) with JetifyTransform
Transforming fragment-1.5.1.aar (androidx.fragment:fragment:1.5.1) with ExtractAarTransform
Transforming fragment-1.5.1.aar (androidx.fragment:fragment:1.5.1) with AarTransform
Transforming fragment-1.5.1.aar (androidx.fragment:fragment:1.5.1) with JetifyTransform
Transforming fragment-1.5.1.aar (androidx.fragment:fragment:1.5.1) with ExtractAarTransform
Transforming fragment-1.5.1.aar (androidx.fragment:fragment:1.5.1) with AarTransform
Transforming fragment-1.5.1.aar (androidx.fragment:fragment:1.5.1) with JetifyTransform
Transforming fragment-1.5.1.aar (androidx.fragment:fragment:1.5.1) with ExtractAarTransform
Transforming fragment-1.5.1.aar (androidx.fragment:fragment:1.5.1) with AarTransform
Transforming fragment-1.5.1.aar (androidx.fragment:fragment:1.5.1) with JetifyTransform
Transforming fragment-1.5.1.aar (androidx.fragment:fragment:1.5.1) with ExtractAarTransform
Caching disabled for AarTransform: C:\Users\user\.gradle\caches\transforms-3\a98fef1d1520166b9b08927ea1e4f9aa\transformed\jetified-play-services-basement-18.2.0 because:
  Build cache is disabled
Transforming fragment-1.5.1.aar (androidx.fragment:fragment:1.5.1) with AarTransform
Skipping AarTransform: C:\Users\user\.gradle\caches\transforms-3\a98fef1d1520166b9b08927ea1e4f9aa\transformed\jetified-play-services-basement-18.2.0 as it is up-to-date.
Transforming emoji2-views-helper-1.3.0.aar (androidx.emoji2:emoji2-views-helper:1.3.0) with JetifyTransform
Transforming emoji2-views-helper-1.3.0.aar (androidx.emoji2:emoji2-views-helper:1.3.0) with ExtractAarTransform
Transforming emoji2-views-helper-1.3.0.aar (androidx.emoji2:emoji2-views-helper:1.3.0) with AarTransform
Transforming emoji2-1.3.0.aar (androidx.emoji2:emoji2:1.3.0) with JetifyTransform
Transforming emoji2-1.3.0.aar (androidx.emoji2:emoji2:1.3.0) with ExtractAarTransform
Transforming emoji2-1.3.0.aar (androidx.emoji2:emoji2:1.3.0) with AarTransform
Transforming lifecycle-process-2.7.0.aar (androidx.lifecycle:lifecycle-process:2.7.0) with JetifyTransform
Transforming lifecycle-process-2.7.0.aar (androidx.lifecycle:lifecycle-process:2.7.0) with ExtractAarTransform
Transforming lifecycle-process-2.7.0.aar (androidx.lifecycle:lifecycle-process:2.7.0) with AarTransform
Transforming lifecycle-service-2.7.0.aar (androidx.lifecycle:lifecycle-service:2.7.0) with JetifyTransform
Transforming lifecycle-service-2.7.0.aar (androidx.lifecycle:lifecycle-service:2.7.0) with ExtractAarTransform
Transforming lifecycle-service-2.7.0.aar (androidx.lifecycle:lifecycle-service:2.7.0) with AarTransform
Transforming lifecycle-livedata-core-ktx-2.7.0.aar (androidx.lifecycle:lifecycle-livedata-core-ktx:2.7.0) with JetifyTransform
Transforming lifecycle-livedata-core-ktx-2.7.0.aar (androidx.lifecycle:lifecycle-livedata-core-ktx:2.7.0) with ExtractAarTransform
Transforming lifecycle-livedata-core-ktx-2.7.0.aar (androidx.lifecycle:lifecycle-livedata-core-ktx:2.7.0) with AarTransform
Transforming lifecycle-livedata-ktx-2.7.0.aar (androidx.lifecycle:lifecycle-livedata-ktx:2.7.0) with JetifyTransform
Transforming lifecycle-livedata-ktx-2.7.0.aar (androidx.lifecycle:lifecycle-livedata-ktx:2.7.0) with ExtractAarTransform
Transforming lifecycle-livedata-ktx-2.7.0.aar (androidx.lifecycle:lifecycle-livedata-ktx:2.7.0) with AarTransform
Transforming lifecycle-livedata-core-2.7.0.aar (androidx.lifecycle:lifecycle-livedata-core:2.7.0) with JetifyTransform
Transforming lifecycle-livedata-core-2.7.0.aar (androidx.lifecycle:lifecycle-livedata-core:2.7.0) with ExtractAarTransform
Transforming lifecycle-livedata-core-2.7.0.aar (androidx.lifecycle:lifecycle-livedata-core:2.7.0) with AarTransform
Transforming legacy-support-core-utils-1.0.0.aar (androidx.legacy:legacy-support-core-utils:1.0.0) with JetifyTransform
Transforming legacy-support-core-utils-1.0.0.aar (androidx.legacy:legacy-support-core-utils:1.0.0) with ExtractAarTransform
Transforming legacy-support-core-utils-1.0.0.aar (androidx.legacy:legacy-support-core-utils:1.0.0) with AarTransform
Transforming loader-1.0.0.aar (androidx.loader:loader:1.0.0) with JetifyTransform
Transforming loader-1.0.0.aar (androidx.loader:loader:1.0.0) with ExtractAarTransform
Transforming loader-1.0.0.aar (androidx.loader:loader:1.0.0) with AarTransform
Transforming loader-1.0.0.aar (androidx.loader:loader:1.0.0) with JetifyTransform
Transforming loader-1.0.0.aar (androidx.loader:loader:1.0.0) with ExtractAarTransform
Caching disabled for AarTransform: C:\Users\user\.gradle\caches\transforms-3\2e6a11253b53f57b3b9d26b8fa62696e\transformed\jetified-emoji2-views-helper-1.3.0 because:
  Build cache is disabled
Caching disabled for AarTransform: C:\Users\user\.gradle\caches\transforms-3\3bde4be5f64196dc9d79c4d702f48306\transformed\jetified-emoji2-1.3.0 because:
  Build cache is disabled
Skipping AarTransform: C:\Users\user\.gradle\caches\transforms-3\3bde4be5f64196dc9d79c4d702f48306\transformed\jetified-emoji2-1.3.0 as it is up-to-date.
Caching disabled for AarTransform: C:\Users\user\.gradle\caches\transforms-3\32759966595792c9a2f9091d1711a6d5\transformed\jetified-lifecycle-service-2.7.0 because:
  Build cache is disabled
Caching disabled for AarTransform: C:\Users\user\.gradle\caches\transforms-3\39183825c891526e3de148cba7025d38\transformed\jetified-lifecycle-livedata-core-ktx-2.7.0 because:
  Build cache is disabled
Skipping AarTransform: C:\Users\user\.gradle\caches\transforms-3\32759966595792c9a2f9091d1711a6d5\transformed\jetified-lifecycle-service-2.7.0 as it is up-to-date.
Skipping AarTransform: C:\Users\user\.gradle\caches\transforms-3\39183825c891526e3de148cba7025d38\transformed\jetified-lifecycle-livedata-core-ktx-2.7.0 as it is up-to-date.
Transforming loader-1.0.0.aar (androidx.loader:loader:1.0.0) with AarTransform
Caching disabled for AarTransform: C:\Users\user\.gradle\caches\transforms-3\befba8fbd8bdeb7a931e0ef64310fd03\transformed\jetified-lifecycle-process-2.7.0 because:
  Build cache is disabled
Caching disabled for AarTransform: C:\Users\user\.gradle\caches\transforms-3\ce43085ba0af9184b2d8510666d1eb4c\transformed\fragment-1.5.1 because:
  Build cache is disabled
Skipping AarTransform: C:\Users\user\.gradle\caches\transforms-3\2e6a11253b53f57b3b9d26b8fa62696e\transformed\jetified-emoji2-views-helper-1.3.0 as it is up-to-date.
Skipping AarTransform: C:\Users\user\.gradle\caches\transforms-3\ce43085ba0af9184b2d8510666d1eb4c\transformed\fragment-1.5.1 as it is up-to-date.
Skipping AarTransform: C:\Users\user\.gradle\caches\transforms-3\befba8fbd8bdeb7a931e0ef64310fd03\transformed\jetified-lifecycle-process-2.7.0 as it is up-to-date.
Transforming lifecycle-livedata-2.7.0.aar (androidx.lifecycle:lifecycle-livedata:2.7.0) with JetifyTransform
Transforming lifecycle-livedata-2.7.0.aar (androidx.lifecycle:lifecycle-livedata:2.7.0) with ExtractAarTransform
Transforming lifecycle-livedata-2.7.0.aar (androidx.lifecycle:lifecycle-livedata:2.7.0) with AarTransform
Transforming lifecycle-livedata-2.7.0.aar (androidx.lifecycle:lifecycle-livedata:2.7.0) with JetifyTransform
Transforming lifecycle-livedata-2.7.0.aar (androidx.lifecycle:lifecycle-livedata:2.7.0) with ExtractAarTransform
Transforming lifecycle-livedata-2.7.0.aar (androidx.lifecycle:lifecycle-livedata:2.7.0) with AarTransform
Transforming savedstate-ktx-1.2.1.aar (androidx.savedstate:savedstate-ktx:1.2.1) with JetifyTransform
Caching disabled for AarTransform: C:\Users\user\.gradle\caches\transforms-3\8bdbdf69ffb075614c5a434d355a0f8b\transformed\jetified-lifecycle-livedata-ktx-2.7.0 because:
  Build cache is disabled
Transforming savedstate-ktx-1.2.1.aar (androidx.savedstate:savedstate-ktx:1.2.1) with ExtractAarTransform
Skipping AarTransform: C:\Users\user\.gradle\caches\transforms-3\8bdbdf69ffb075614c5a434d355a0f8b\transformed\jetified-lifecycle-livedata-ktx-2.7.0 as it is up-to-date.
Transforming savedstate-ktx-1.2.1.aar (androidx.savedstate:savedstate-ktx:1.2.1) with AarTransform
Transforming savedstate-1.2.1.aar (androidx.savedstate:savedstate:1.2.1) with JetifyTransform
Transforming savedstate-1.2.1.aar (androidx.savedstate:savedstate:1.2.1) with ExtractAarTransform
Transforming savedstate-1.2.1.aar (androidx.savedstate:savedstate:1.2.1) with AarTransform
Transforming lifecycle-common-2.7.0.jar (androidx.lifecycle:lifecycle-common:2.7.0) with JetifyTransform
Transforming lifecycle-common-2.7.0.jar (androidx.lifecycle:lifecycle-common:2.7.0) with IdentityTransform
Transforming lifecycle-viewmodel-savedstate-2.7.0.aar (androidx.lifecycle:lifecycle-viewmodel-savedstate:2.7.0) with JetifyTransform
Caching disabled for AarTransform: C:\Users\user\.gradle\caches\transforms-3\aa2ff84b73bdf2fedfb6304d3a34c1c2\transformed\loader-1.0.0 because:
  Build cache is disabled
Transforming lifecycle-viewmodel-savedstate-2.7.0.aar (androidx.lifecycle:lifecycle-viewmodel-savedstate:2.7.0) with ExtractAarTransform
Skipping AarTransform: C:\Users\user\.gradle\caches\transforms-3\aa2ff84b73bdf2fedfb6304d3a34c1c2\transformed\loader-1.0.0 as it is up-to-date.
Transforming lifecycle-viewmodel-savedstate-2.7.0.aar (androidx.lifecycle:lifecycle-viewmodel-savedstate:2.7.0) with AarTransform
Transforming lifecycle-viewmodel-ktx-2.7.0.aar (androidx.lifecycle:lifecycle-viewmodel-ktx:2.7.0) with JetifyTransform
Transforming lifecycle-viewmodel-ktx-2.7.0.aar (androidx.lifecycle:lifecycle-viewmodel-ktx:2.7.0) with ExtractAarTransform
Transforming lifecycle-viewmodel-ktx-2.7.0.aar (androidx.lifecycle:lifecycle-viewmodel-ktx:2.7.0) with AarTransform
Transforming lifecycle-common-java8-2.7.0.jar (androidx.lifecycle:lifecycle-common-java8:2.7.0) with JetifyTransform
Transforming lifecycle-common-java8-2.7.0.jar (androidx.lifecycle:lifecycle-common-java8:2.7.0) with IdentityTransform
Transforming lifecycle-viewmodel-2.7.0.aar (androidx.lifecycle:lifecycle-viewmodel:2.7.0) with JetifyTransform
Transforming lifecycle-viewmodel-2.7.0.aar (androidx.lifecycle:lifecycle-viewmodel:2.7.0) with ExtractAarTransform
Transforming lifecycle-viewmodel-2.7.0.aar (androidx.lifecycle:lifecycle-viewmodel:2.7.0) with AarTransform
Transforming lifecycle-viewmodel-2.7.0.aar (androidx.lifecycle:lifecycle-viewmodel:2.7.0) with JetifyTransform
Caching disabled for AarTransform: C:\Users\user\.gradle\caches\transforms-3\06eaa3d4db2446ae08073b00af0f9f1e\transformed\legacy-support-core-utils-1.0.0 because:
  Build cache is disabled
Skipping AarTransform: C:\Users\user\.gradle\caches\transforms-3\06eaa3d4db2446ae08073b00af0f9f1e\transformed\legacy-support-core-utils-1.0.0 as it is up-to-date.
Transforming lifecycle-viewmodel-2.7.0.aar (androidx.lifecycle:lifecycle-viewmodel:2.7.0) with ExtractAarTransform
Transforming lifecycle-viewmodel-2.7.0.aar (androidx.lifecycle:lifecycle-viewmodel:2.7.0) with AarTransform
Transforming lifecycle-runtime-2.7.0.aar (androidx.lifecycle:lifecycle-runtime:2.7.0) with JetifyTransform
Transforming lifecycle-runtime-2.7.0.aar (androidx.lifecycle:lifecycle-runtime:2.7.0) with ExtractAarTransform
Caching disabled for AarTransform: C:\Users\user\.gradle\caches\transforms-3\be6eabc1e7597f5af8694205534369ad\transformed\lifecycle-livedata-2.7.0 because:
  Build cache is disabled
Skipping AarTransform: C:\Users\user\.gradle\caches\transforms-3\be6eabc1e7597f5af8694205534369ad\transformed\lifecycle-livedata-2.7.0 as it is up-to-date.
Caching disabled for AarTransform: C:\Users\user\.gradle\caches\transforms-3\405ea0b6b50f1060e1e85abd75c2300a\transformed\lifecycle-livedata-core-2.7.0 because:
  Build cache is disabled
Skipping AarTransform: C:\Users\user\.gradle\caches\transforms-3\405ea0b6b50f1060e1e85abd75c2300a\transformed\lifecycle-livedata-core-2.7.0 as it is up-to-date.
Transforming lifecycle-runtime-2.7.0.aar (androidx.lifecycle:lifecycle-runtime:2.7.0) with AarTransform
Caching disabled for AarTransform: C:\Users\user\.gradle\caches\transforms-3\d13525a792cc64e11bbc6a846969e153\transformed\jetified-savedstate-ktx-1.2.1 because:
  Build cache is disabled
Caching disabled for AarTransform: C:\Users\user\.gradle\caches\transforms-3\17d74363b6e909a9d3f818c44afa4535\transformed\jetified-lifecycle-viewmodel-savedstate-2.7.0 because:
  Build cache is disabled
Caching disabled for AarTransform: C:\Users\user\.gradle\caches\transforms-3\d61403040d3c0a7f14b12e75c497150a\transformed\lifecycle-viewmodel-2.7.0 because:
  Build cache is disabled
Transforming lifecycle-runtime-ktx-2.7.0.aar (androidx.lifecycle:lifecycle-runtime-ktx:2.7.0) with JetifyTransform
Skipping AarTransform: C:\Users\user\.gradle\caches\transforms-3\d61403040d3c0a7f14b12e75c497150a\transformed\lifecycle-viewmodel-2.7.0 as it is up-to-date.
Caching disabled for AarTransform: C:\Users\user\.gradle\caches\transforms-3\91aa7e25739ba49b8c446850083d9968\transformed\jetified-lifecycle-viewmodel-ktx-2.7.0 because:
  Build cache is disabled
Skipping AarTransform: C:\Users\user\.gradle\caches\transforms-3\91aa7e25739ba49b8c446850083d9968\transformed\jetified-lifecycle-viewmodel-ktx-2.7.0 as it is up-to-date.
Skipping AarTransform: C:\Users\user\.gradle\caches\transforms-3\d13525a792cc64e11bbc6a846969e153\transformed\jetified-savedstate-ktx-1.2.1 as it is up-to-date.
Skipping AarTransform: C:\Users\user\.gradle\caches\transforms-3\17d74363b6e909a9d3f818c44afa4535\transformed\jetified-lifecycle-viewmodel-savedstate-2.7.0 as it is up-to-date.
Caching disabled for AarTransform: C:\Users\user\.gradle\caches\transforms-3\729f0ee4f5c310ded66695d5e416a80a\transformed\jetified-savedstate-1.2.1 because:
  Build cache is disabled
Transforming lifecycle-runtime-ktx-2.7.0.aar (androidx.lifecycle:lifecycle-runtime-ktx:2.7.0) with ExtractAarTransform
Skipping AarTransform: C:\Users\user\.gradle\caches\transforms-3\729f0ee4f5c310ded66695d5e416a80a\transformed\jetified-savedstate-1.2.1 as it is up-to-date.
Transforming lifecycle-runtime-ktx-2.7.0.aar (androidx.lifecycle:lifecycle-runtime-ktx:2.7.0) with AarTransform
Transforming lifecycle-viewmodel-compose-2.7.0.aar (androidx.lifecycle:lifecycle-viewmodel-compose:2.7.0) with JetifyTransform
Transforming lifecycle-viewmodel-compose-2.7.0.aar (androidx.lifecycle:lifecycle-viewmodel-compose:2.7.0) with ExtractAarTransform
Transforming lifecycle-viewmodel-compose-2.7.0.aar (androidx.lifecycle:lifecycle-viewmodel-compose:2.7.0) with AarTransform
Transforming accompanist-drawablepainter-0.32.0.aar (com.google.accompanist:accompanist-drawablepainter:0.32.0) with JetifyTransform
Transforming accompanist-drawablepainter-0.32.0.aar (com.google.accompanist:accompanist-drawablepainter:0.32.0) with ExtractAarTransform
Transforming accompanist-drawablepainter-0.32.0.aar (com.google.accompanist:accompanist-drawablepainter:0.32.0) with AarTransform
Transforming ui-release.aar (androidx.compose.ui:ui-android:1.6.1) with JetifyTransform
Transforming ui-release.aar (androidx.compose.ui:ui-android:1.6.1) with ExtractAarTransform
Transforming ui-release.aar (androidx.compose.ui:ui-android:1.6.1) with AarTransform
Transforming activity-ktx-1.8.2.aar (androidx.activity:activity-ktx:1.8.2) with JetifyTransform
Caching disabled for AarTransform: C:\Users\user\.gradle\caches\transforms-3\8f69b11fed3424c2a2d07f943e7b1442\transformed\jetified-accompanist-drawablepainter-0.32.0 because:
  Build cache is disabled
Caching disabled for AarTransform: C:\Users\user\.gradle\caches\transforms-3\e109843751a45ceb797ac7414dcd1f55\transformed\jetified-lifecycle-runtime-ktx-2.7.0 because:
  Build cache is disabled
Caching disabled for AarTransform: C:\Users\user\.gradle\caches\transforms-3\4bea3ad7086dd6310416577e679b27ab\transformed\lifecycle-runtime-2.7.0 because:
  Build cache is disabled
Skipping AarTransform: C:\Users\user\.gradle\caches\transforms-3\e109843751a45ceb797ac7414dcd1f55\transformed\jetified-lifecycle-runtime-ktx-2.7.0 as it is up-to-date.
Caching disabled for AarTransform: C:\Users\user\.gradle\caches\transforms-3\4d6838555ad24cf15a99513e72d58fa0\transformed\jetified-lifecycle-viewmodel-compose-2.7.0 because:
  Build cache is disabled
Skipping AarTransform: C:\Users\user\.gradle\caches\transforms-3\8f69b11fed3424c2a2d07f943e7b1442\transformed\jetified-accompanist-drawablepainter-0.32.0 as it is up-to-date.
Skipping AarTransform: C:\Users\user\.gradle\caches\transforms-3\4d6838555ad24cf15a99513e72d58fa0\transformed\jetified-lifecycle-viewmodel-compose-2.7.0 as it is up-to-date.
Transforming activity-ktx-1.8.2.aar (androidx.activity:activity-ktx:1.8.2) with ExtractAarTransform
Skipping AarTransform: C:\Users\user\.gradle\caches\transforms-3\4bea3ad7086dd6310416577e679b27ab\transformed\lifecycle-runtime-2.7.0 as it is up-to-date.
Transforming activity-ktx-1.8.2.aar (androidx.activity:activity-ktx:1.8.2) with AarTransform
Transforming activity-compose-1.8.2.aar (androidx.activity:activity-compose:1.8.2) with JetifyTransform
Transforming activity-compose-1.8.2.aar (androidx.activity:activity-compose:1.8.2) with ExtractAarTransform
Transforming activity-compose-1.8.2.aar (androidx.activity:activity-compose:1.8.2) with AarTransform
Transforming activity-1.8.2.aar (androidx.activity:activity:1.8.2) with JetifyTransform
Transforming activity-1.8.2.aar (androidx.activity:activity:1.8.2) with ExtractAarTransform
Transforming activity-1.8.2.aar (androidx.activity:activity:1.8.2) with AarTransform
Transforming exoplayer-2.19.1.aar (com.google.android.exoplayer:exoplayer:2.19.1) with JetifyTransform
Transforming exoplayer-2.19.1.aar (com.google.android.exoplayer:exoplayer:2.19.1) with ExtractAarTransform
Transforming exoplayer-2.19.1.aar (com.google.android.exoplayer:exoplayer:2.19.1) with AarTransform
Caching disabled for AarTransform: C:\Users\user\.gradle\caches\transforms-3\bd4d0516dc82d593dc75d0d58095804e\transformed\jetified-activity-ktx-1.8.2 because:
  Build cache is disabled
Caching disabled for AarTransform: C:\Users\user\.gradle\caches\transforms-3\cc2b5325880f19f8fa69e371da0fcec2\transformed\jetified-activity-compose-1.8.2 because:
  Build cache is disabled
Skipping AarTransform: C:\Users\user\.gradle\caches\transforms-3\bd4d0516dc82d593dc75d0d58095804e\transformed\jetified-activity-ktx-1.8.2 as it is up-to-date.
Skipping AarTransform: C:\Users\user\.gradle\caches\transforms-3\cc2b5325880f19f8fa69e371da0fcec2\transformed\jetified-activity-compose-1.8.2 as it is up-to-date.
Caching disabled for AarTransform: C:\Users\user\.gradle\caches\transforms-3\eb7f95ceb80fe7edaffe686f45c414e3\transformed\jetified-ui-release because:
  Build cache is disabled
Skipping AarTransform: C:\Users\user\.gradle\caches\transforms-3\eb7f95ceb80fe7edaffe686f45c414e3\transformed\jetified-ui-release as it is up-to-date.
Transforming exoplayer-dash-2.19.1.aar (com.google.android.exoplayer:exoplayer-dash:2.19.1) with JetifyTransform
Transforming exoplayer-dash-2.19.1.aar (com.google.android.exoplayer:exoplayer-dash:2.19.1) with ExtractAarTransform
Transforming exoplayer-dash-2.19.1.aar (com.google.android.exoplayer:exoplayer-dash:2.19.1) with AarTransform
Transforming exoplayer-hls-2.19.1.aar (com.google.android.exoplayer:exoplayer-hls:2.19.1) with JetifyTransform
Transforming exoplayer-hls-2.19.1.aar (com.google.android.exoplayer:exoplayer-hls:2.19.1) with ExtractAarTransform
Transforming exoplayer-hls-2.19.1.aar (com.google.android.exoplayer:exoplayer-hls:2.19.1) with AarTransform
Caching disabled for AarTransform: C:\Users\user\.gradle\caches\transforms-3\6b9e330e22f5b80af693a9cc1ed78961\transformed\jetified-exoplayer-dash-2.19.1 because:
  Build cache is disabled
Skipping AarTransform: C:\Users\user\.gradle\caches\transforms-3\6b9e330e22f5b80af693a9cc1ed78961\transformed\jetified-exoplayer-dash-2.19.1 as it is up-to-date.
Caching disabled for AarTransform: C:\Users\user\.gradle\caches\transforms-3\23d54db28db6fd27500c43cbb98a94ee\transformed\jetified-exoplayer-2.19.1 because:
  Build cache is disabled
Skipping AarTransform: C:\Users\user\.gradle\caches\transforms-3\23d54db28db6fd27500c43cbb98a94ee\transformed\jetified-exoplayer-2.19.1 as it is up-to-date.
Transforming exoplayer-rtsp-2.19.1.aar (com.google.android.exoplayer:exoplayer-rtsp:2.19.1) with JetifyTransform
Transforming exoplayer-rtsp-2.19.1.aar (com.google.android.exoplayer:exoplayer-rtsp:2.19.1) with ExtractAarTransform
Transforming exoplayer-rtsp-2.19.1.aar (com.google.android.exoplayer:exoplayer-rtsp:2.19.1) with AarTransform
Caching disabled for AarTransform: C:\Users\user\.gradle\caches\transforms-3\3ff7e07e96cbf3c15e17ee90dee7c81e\transformed\jetified-activity-1.8.2 because:
  Build cache is disabled
Transforming exoplayer-smoothstreaming-2.19.1.aar (com.google.android.exoplayer:exoplayer-smoothstreaming:2.19.1) with JetifyTransform
Transforming exoplayer-smoothstreaming-2.19.1.aar (com.google.android.exoplayer:exoplayer-smoothstreaming:2.19.1) with ExtractAarTransform
Skipping AarTransform: C:\Users\user\.gradle\caches\transforms-3\3ff7e07e96cbf3c15e17ee90dee7c81e\transformed\jetified-activity-1.8.2 as it is up-to-date.
Transforming exoplayer-smoothstreaming-2.19.1.aar (com.google.android.exoplayer:exoplayer-smoothstreaming:2.19.1) with AarTransform
Transforming exoplayer-core-2.19.1.aar (com.google.android.exoplayer:exoplayer-core:2.19.1) with JetifyTransform
Transforming exoplayer-core-2.19.1.aar (com.google.android.exoplayer:exoplayer-core:2.19.1) with ExtractAarTransform
Transforming exoplayer-core-2.19.1.aar (com.google.android.exoplayer:exoplayer-core:2.19.1) with AarTransform
Transforming exoplayer-ui-2.19.1.aar (com.google.android.exoplayer:exoplayer-ui:2.19.1) with JetifyTransform
Transforming exoplayer-ui-2.19.1.aar (com.google.android.exoplayer:exoplayer-ui:2.19.1) with ExtractAarTransform
Transforming exoplayer-ui-2.19.1.aar (com.google.android.exoplayer:exoplayer-ui:2.19.1) with AarTransform
Transforming recyclerview-1.3.0.aar (androidx.recyclerview:recyclerview:1.3.0) with JetifyTransform
Caching disabled for AarTransform: C:\Users\user\.gradle\caches\transforms-3\7988b5c431abeac835ef34d8554a267c\transformed\jetified-exoplayer-rtsp-2.19.1 because:
  Build cache is disabled
Transforming recyclerview-1.3.0.aar (androidx.recyclerview:recyclerview:1.3.0) with ExtractAarTransform
Transforming recyclerview-1.3.0.aar (androidx.recyclerview:recyclerview:1.3.0) with AarTransform
Skipping AarTransform: C:\Users\user\.gradle\caches\transforms-3\7988b5c431abeac835ef34d8554a267c\transformed\jetified-exoplayer-rtsp-2.19.1 as it is up-to-date.
Transforming recyclerview-1.3.0.aar (androidx.recyclerview:recyclerview:1.3.0) with JetifyTransform
Transforming recyclerview-1.3.0.aar (androidx.recyclerview:recyclerview:1.3.0) with ExtractAarTransform
Transforming recyclerview-1.3.0.aar (androidx.recyclerview:recyclerview:1.3.0) with AarTransform
Transforming media-1.6.0.aar (androidx.media:media:1.6.0) with JetifyTransform
Transforming media-1.6.0.aar (androidx.media:media:1.6.0) with ExtractAarTransform
Transforming media-1.6.0.aar (androidx.media:media:1.6.0) with AarTransform
Transforming browser-1.4.0.aar (androidx.browser:browser:1.4.0) with JetifyTransform
Transforming browser-1.4.0.aar (androidx.browser:browser:1.4.0) with ExtractAarTransform
Caching disabled for AarTransform: C:\Users\user\.gradle\caches\transforms-3\0f7bbe974198c0e6f5daf78e810cfb8e\transformed\recyclerview-1.3.0 because:
  Build cache is disabled
Caching disabled for AarTransform: C:\Users\user\.gradle\caches\transforms-3\86e7631404a3447ccb8c53460349c742\transformed\jetified-exoplayer-hls-2.19.1 because:
  Build cache is disabled
Skipping AarTransform: C:\Users\user\.gradle\caches\transforms-3\0f7bbe974198c0e6f5daf78e810cfb8e\transformed\recyclerview-1.3.0 as it is up-to-date.
Caching disabled for AarTransform: C:\Users\user\.gradle\caches\transforms-3\6a39333c6856d532570520fbc2bd1c09\transformed\jetified-exoplayer-core-2.19.1 because:
  Build cache is disabled
Skipping AarTransform: C:\Users\user\.gradle\caches\transforms-3\6a39333c6856d532570520fbc2bd1c09\transformed\jetified-exoplayer-core-2.19.1 as it is up-to-date.
Caching disabled for AarTransform: C:\Users\user\.gradle\caches\transforms-3\04830523360f0a9c22bc3d9783abdb1e\transformed\jetified-exoplayer-smoothstreaming-2.19.1 because:
  Build cache is disabled
Skipping AarTransform: C:\Users\user\.gradle\caches\transforms-3\04830523360f0a9c22bc3d9783abdb1e\transformed\jetified-exoplayer-smoothstreaming-2.19.1 as it is up-to-date.
Skipping AarTransform: C:\Users\user\.gradle\caches\transforms-3\86e7631404a3447ccb8c53460349c742\transformed\jetified-exoplayer-hls-2.19.1 as it is up-to-date.
Transforming browser-1.4.0.aar (androidx.browser:browser:1.4.0) with AarTransform
Transforming viewpager-1.0.0.aar (androidx.viewpager:viewpager:1.0.0) with JetifyTransform
Caching disabled for AarTransform: C:\Users\user\.gradle\caches\transforms-3\665f08a046034a03c45c1b60402783c2\transformed\jetified-exoplayer-ui-2.19.1 because:
  Build cache is disabled
Transforming viewpager-1.0.0.aar (androidx.viewpager:viewpager:1.0.0) with ExtractAarTransform
Skipping AarTransform: C:\Users\user\.gradle\caches\transforms-3\665f08a046034a03c45c1b60402783c2\transformed\jetified-exoplayer-ui-2.19.1 as it is up-to-date.
Transforming viewpager-1.0.0.aar (androidx.viewpager:viewpager:1.0.0) with AarTransform
Transforming customview-1.1.0.aar (androidx.customview:customview:1.1.0) with JetifyTransform
Caching disabled for AarTransform: C:\Users\user\.gradle\caches\transforms-3\e64e0a3a08ca0f06a8ffeb68df2fb01e\transformed\media-1.6.0 because:
  Build cache is disabled
Skipping AarTransform: C:\Users\user\.gradle\caches\transforms-3\e64e0a3a08ca0f06a8ffeb68df2fb01e\transformed\media-1.6.0 as it is up-to-date.
Transforming customview-1.1.0.aar (androidx.customview:customview:1.1.0) with ExtractAarTransform
Transforming customview-1.1.0.aar (androidx.customview:customview:1.1.0) with AarTransform
Transforming customview-1.1.0.aar (androidx.customview:customview:1.1.0) with JetifyTransform
Transforming customview-1.1.0.aar (androidx.customview:customview:1.1.0) with ExtractAarTransform
Transforming customview-1.1.0.aar (androidx.customview:customview:1.1.0) with AarTransform
Transforming customview-1.1.0.aar (androidx.customview:customview:1.1.0) with JetifyTransform
Transforming customview-1.1.0.aar (androidx.customview:customview:1.1.0) with ExtractAarTransform
Transforming customview-1.1.0.aar (androidx.customview:customview:1.1.0) with AarTransform
Transforming customview-1.1.0.aar (androidx.customview:customview:1.1.0) with JetifyTransform
Transforming customview-1.1.0.aar (androidx.customview:customview:1.1.0) with ExtractAarTransform
Transforming customview-1.1.0.aar (androidx.customview:customview:1.1.0) with AarTransform
Transforming autofill-1.0.0.aar (androidx.autofill:autofill:1.0.0) with JetifyTransform
Transforming autofill-1.0.0.aar (androidx.autofill:autofill:1.0.0) with ExtractAarTransform
Transforming autofill-1.0.0.aar (androidx.autofill:autofill:1.0.0) with AarTransform
Caching disabled for AarTransform: C:\Users\user\.gradle\caches\transforms-3\57848645458d68f540459ae62d741e32\transformed\viewpager-1.0.0 because:
  Build cache is disabled
Transforming core-1.12.0.aar (androidx.core:core:1.12.0) with JetifyTransform
Caching disabled for AarTransform: C:\Users\user\.gradle\caches\transforms-3\a2f4c85d9ee4c6259367ff55f3b32260\transformed\customview-1.1.0 because:
  Build cache is disabled
Skipping AarTransform: C:\Users\user\.gradle\caches\transforms-3\57848645458d68f540459ae62d741e32\transformed\viewpager-1.0.0 as it is up-to-date.
Transforming core-1.12.0.aar (androidx.core:core:1.12.0) with ExtractAarTransform
Skipping AarTransform: C:\Users\user\.gradle\caches\transforms-3\a2f4c85d9ee4c6259367ff55f3b32260\transformed\customview-1.1.0 as it is up-to-date.
Transforming core-1.12.0.aar (androidx.core:core:1.12.0) with AarTransform
Transforming core-1.12.0.aar (androidx.core:core:1.12.0) with JetifyTransform
Transforming core-1.12.0.aar (androidx.core:core:1.12.0) with ExtractAarTransform
Transforming core-1.12.0.aar (androidx.core:core:1.12.0) with AarTransform
Transforming core-1.12.0.aar (androidx.core:core:1.12.0) with JetifyTransform
Transforming core-1.12.0.aar (androidx.core:core:1.12.0) with ExtractAarTransform
Transforming core-1.12.0.aar (androidx.core:core:1.12.0) with AarTransform
Transforming core-1.12.0.aar (androidx.core:core:1.12.0) with JetifyTransform
Transforming core-1.12.0.aar (androidx.core:core:1.12.0) with ExtractAarTransform
Transforming core-1.12.0.aar (androidx.core:core:1.12.0) with AarTransform
Transforming core-1.12.0.aar (androidx.core:core:1.12.0) with JetifyTransform
Transforming core-1.12.0.aar (androidx.core:core:1.12.0) with ExtractAarTransform
Transforming core-1.12.0.aar (androidx.core:core:1.12.0) with AarTransform
Transforming core-1.12.0.aar (androidx.core:core:1.12.0) with JetifyTransform
Transforming core-1.12.0.aar (androidx.core:core:1.12.0) with ExtractAarTransform
Caching disabled for AarTransform: C:\Users\user\.gradle\caches\transforms-3\756e4599b46450e09c632b813556cee0\transformed\browser-1.4.0 because:
  Build cache is disabled
Skipping AarTransform: C:\Users\user\.gradle\caches\transforms-3\756e4599b46450e09c632b813556cee0\transformed\browser-1.4.0 as it is up-to-date.
Transforming core-1.12.0.aar (androidx.core:core:1.12.0) with AarTransform
Transforming core-1.12.0.aar (androidx.core:core:1.12.0) with JetifyTransform
Transforming core-1.12.0.aar (androidx.core:core:1.12.0) with ExtractAarTransform
Transforming core-1.12.0.aar (androidx.core:core:1.12.0) with AarTransform
Transforming core-1.12.0.aar (androidx.core:core:1.12.0) with JetifyTransform
Transforming core-1.12.0.aar (androidx.core:core:1.12.0) with ExtractAarTransform
Transforming core-1.12.0.aar (androidx.core:core:1.12.0) with AarTransform
Caching disabled for AarTransform: C:\Users\user\.gradle\caches\transforms-3\937d7a61b7111c64ca0de305910a85b2\transformed\jetified-autofill-1.0.0 because:
  Build cache is disabled
Skipping AarTransform: C:\Users\user\.gradle\caches\transforms-3\937d7a61b7111c64ca0de305910a85b2\transformed\jetified-autofill-1.0.0 as it is up-to-date.
Transforming core-1.12.0.aar (androidx.core:core:1.12.0) with JetifyTransform
Transforming core-1.12.0.aar (androidx.core:core:1.12.0) with ExtractAarTransform
Transforming core-1.12.0.aar (androidx.core:core:1.12.0) with AarTransform
Transforming core-1.12.0.aar (androidx.core:core:1.12.0) with JetifyTransform
Transforming core-1.12.0.aar (androidx.core:core:1.12.0) with ExtractAarTransform
Transforming core-1.12.0.aar (androidx.core:core:1.12.0) with AarTransform
Transforming core-1.12.0.aar (androidx.core:core:1.12.0) with JetifyTransform
Transforming core-1.12.0.aar (androidx.core:core:1.12.0) with ExtractAarTransform
Transforming core-1.12.0.aar (androidx.core:core:1.12.0) with AarTransform
Transforming core-1.12.0.aar (androidx.core:core:1.12.0) with JetifyTransform
Transforming core-1.12.0.aar (androidx.core:core:1.12.0) with ExtractAarTransform
Caching disabled for AarTransform: C:\Users\user\.gradle\caches\transforms-3\5c5739f4de2f71729af9e79251007f6b\transformed\core-1.12.0 because:
  Build cache is disabled
Transforming core-1.12.0.aar (androidx.core:core:1.12.0) with AarTransform
Skipping AarTransform: C:\Users\user\.gradle\caches\transforms-3\5c5739f4de2f71729af9e79251007f6b\transformed\core-1.12.0 as it is up-to-date.
Transforming core-1.12.0.aar (androidx.core:core:1.12.0) with JetifyTransform
Transforming core-1.12.0.aar (androidx.core:core:1.12.0) with ExtractAarTransform
Transforming core-1.12.0.aar (androidx.core:core:1.12.0) with AarTransform
Transforming core-1.12.0.aar (androidx.core:core:1.12.0) with JetifyTransform
Transforming core-1.12.0.aar (androidx.core:core:1.12.0) with ExtractAarTransform
Transforming core-1.12.0.aar (androidx.core:core:1.12.0) with AarTransform
Transforming ads-adservices-java-1.0.0-beta05.aar (androidx.privacysandbox.ads:ads-adservices-java:1.0.0-beta05) with JetifyTransform
Transforming ads-adservices-java-1.0.0-beta05.aar (androidx.privacysandbox.ads:ads-adservices-java:1.0.0-beta05) with ExtractAarTransform
Transforming ads-adservices-java-1.0.0-beta05.aar (androidx.privacysandbox.ads:ads-adservices-java:1.0.0-beta05) with AarTransform
Transforming ads-adservices-1.0.0-beta05.aar (androidx.privacysandbox.ads:ads-adservices:1.0.0-beta05) with JetifyTransform
Transforming ads-adservices-1.0.0-beta05.aar (androidx.privacysandbox.ads:ads-adservices:1.0.0-beta05) with ExtractAarTransform
Transforming ads-adservices-1.0.0-beta05.aar (androidx.privacysandbox.ads:ads-adservices:1.0.0-beta05) with AarTransform
Transforming ads-adservices-1.0.0-beta05.aar (androidx.privacysandbox.ads:ads-adservices:1.0.0-beta05) with JetifyTransform
Transforming ads-adservices-1.0.0-beta05.aar (androidx.privacysandbox.ads:ads-adservices:1.0.0-beta05) with ExtractAarTransform
Transforming ads-adservices-1.0.0-beta05.aar (androidx.privacysandbox.ads:ads-adservices:1.0.0-beta05) with AarTransform
Caching disabled for AarTransform: C:\Users\user\.gradle\caches\transforms-3\88a788eb4554cb70c926faac5961e219\transformed\jetified-ads-adservices-1.0.0-beta05 because:
  Build cache is disabled
Skipping AarTransform: C:\Users\user\.gradle\caches\transforms-3\88a788eb4554cb70c926faac5961e219\transformed\jetified-ads-adservices-1.0.0-beta05 as it is up-to-date.
Caching disabled for AarTransform: C:\Users\user\.gradle\caches\transforms-3\c4b75ff235f5060d29e5ddca564ceddc\transformed\jetified-ads-adservices-java-1.0.0-beta05 because:
  Build cache is disabled
Skipping AarTransform: C:\Users\user\.gradle\caches\transforms-3\c4b75ff235f5060d29e5ddca564ceddc\transformed\jetified-ads-adservices-java-1.0.0-beta05 as it is up-to-date.
Transforming customview-poolingcontainer-1.0.0.aar (androidx.customview:customview-poolingcontainer:1.0.0) with JetifyTransform
Transforming customview-poolingcontainer-1.0.0.aar (androidx.customview:customview-poolingcontainer:1.0.0) with ExtractAarTransform
Transforming customview-poolingcontainer-1.0.0.aar (androidx.customview:customview-poolingcontainer:1.0.0) with AarTransform
Transforming core-ktx-1.12.0.aar (androidx.core:core-ktx:1.12.0) with JetifyTransform
Transforming core-ktx-1.12.0.aar (androidx.core:core-ktx:1.12.0) with ExtractAarTransform
Transforming core-ktx-1.12.0.aar (androidx.core:core-ktx:1.12.0) with AarTransform
Transforming flexbox-3.0.0.aar (com.google.android.flexbox:flexbox:3.0.0) with JetifyTransform
Transforming flexbox-3.0.0.aar (com.google.android.flexbox:flexbox:3.0.0) with ExtractAarTransform
Transforming flexbox-3.0.0.aar (com.google.android.flexbox:flexbox:3.0.0) with AarTransform
Transforming core-splashscreen-1.0.1.aar (androidx.core:core-splashscreen:1.0.1) with JetifyTransform
Transforming core-splashscreen-1.0.1.aar (androidx.core:core-splashscreen:1.0.1) with ExtractAarTransform
Transforming core-splashscreen-1.0.1.aar (androidx.core:core-splashscreen:1.0.1) with AarTransform
Transforming kotlin-parcelize-runtime-1.9.22.jar (org.jetbrains.kotlin:kotlin-parcelize-runtime:1.9.22) with JetifyTransform
Transforming kotlin-parcelize-runtime-1.9.22.jar (org.jetbrains.kotlin:kotlin-parcelize-runtime:1.9.22) with IdentityTransform
Transforming sqlite-framework-2.4.0.aar (androidx.sqlite:sqlite-framework:2.4.0) with JetifyTransform
Transforming sqlite-framework-2.4.0.aar (androidx.sqlite:sqlite-framework:2.4.0) with ExtractAarTransform
Transforming sqlite-framework-2.4.0.aar (androidx.sqlite:sqlite-framework:2.4.0) with AarTransform
Transforming sqlite-2.4.0.aar (androidx.sqlite:sqlite:2.4.0) with JetifyTransform
Transforming sqlite-2.4.0.aar (androidx.sqlite:sqlite:2.4.0) with ExtractAarTransform
Transforming sqlite-2.4.0.aar (androidx.sqlite:sqlite:2.4.0) with AarTransform
Transforming logging-interceptor-4.12.0.jar (com.squareup.okhttp3:logging-interceptor:4.12.0) with JetifyTransform
Transforming logging-interceptor-4.12.0.jar (com.squareup.okhttp3:logging-interceptor:4.12.0) with IdentityTransform
Caching disabled for AarTransform: C:\Users\user\.gradle\caches\transforms-3\9ab85f199ce6032d85aa0cc0c0e855bb\transformed\jetified-core-ktx-1.12.0 because:
  Build cache is disabled
Caching disabled for AarTransform: C:\Users\user\.gradle\caches\transforms-3\b524aad8313712e1a2099d34ba0009dd\transformed\jetified-flexbox-3.0.0 because:
  Build cache is disabled
Caching disabled for AarTransform: C:\Users\user\.gradle\caches\transforms-3\8b9d9cccd9cd11d68aeff198447cb46d\transformed\jetified-core-splashscreen-1.0.1 because:
  Build cache is disabled
Skipping AarTransform: C:\Users\user\.gradle\caches\transforms-3\b524aad8313712e1a2099d34ba0009dd\transformed\jetified-flexbox-3.0.0 as it is up-to-date.
Skipping AarTransform: C:\Users\user\.gradle\caches\transforms-3\8b9d9cccd9cd11d68aeff198447cb46d\transformed\jetified-core-splashscreen-1.0.1 as it is up-to-date.
Caching disabled for AarTransform: C:\Users\user\.gradle\caches\transforms-3\bc26dfac284b88af3c813008f6ef1c3e\transformed\jetified-customview-poolingcontainer-1.0.0 because:
  Build cache is disabled
Skipping AarTransform: C:\Users\user\.gradle\caches\transforms-3\9ab85f199ce6032d85aa0cc0c0e855bb\transformed\jetified-core-ktx-1.12.0 as it is up-to-date.
Skipping AarTransform: C:\Users\user\.gradle\caches\transforms-3\bc26dfac284b88af3c813008f6ef1c3e\transformed\jetified-customview-poolingcontainer-1.0.0 as it is up-to-date.
Transforming kotlinx-coroutines-core-jvm-1.7.3.jar (org.jetbrains.kotlinx:kotlinx-coroutines-core-jvm:1.7.3) with JetifyTransform
Transforming kotlinx-coroutines-core-jvm-1.7.3.jar (org.jetbrains.kotlinx:kotlinx-coroutines-core-jvm:1.7.3) with IdentityTransform
Transforming kotlinx-coroutines-android-1.7.3.jar (org.jetbrains.kotlinx:kotlinx-coroutines-android:1.7.3) with JetifyTransform
Transforming kotlinx-coroutines-android-1.7.3.jar (org.jetbrains.kotlinx:kotlinx-coroutines-android:1.7.3) with IdentityTransform
Transforming converter-gson-2.9.0.jar (com.squareup.retrofit2:converter-gson:2.9.0) with JetifyTransform
Transforming converter-gson-2.9.0.jar (com.squareup.retrofit2:converter-gson:2.9.0) with IdentityTransform
Transforming retrofit-2.9.0.jar (com.squareup.retrofit2:retrofit:2.9.0) with JetifyTransform
Transforming retrofit-2.9.0.jar (com.squareup.retrofit2:retrofit:2.9.0) with IdentityTransform
Transforming okhttp-4.12.0.jar (com.squareup.okhttp3:okhttp:4.12.0) with JetifyTransform
Transforming okhttp-4.12.0.jar (com.squareup.okhttp3:okhttp:4.12.0) with IdentityTransform
Transforming okio-jvm-3.6.0.jar (com.squareup.okio:okio-jvm:3.6.0) with JetifyTransform
Transforming okio-jvm-3.6.0.jar (com.squareup.okio:okio-jvm:3.6.0) with IdentityTransform
Transforming kotlin-stdlib-jdk8-1.9.10.jar (org.jetbrains.kotlin:kotlin-stdlib-jdk8:1.9.10) with JetifyTransform
Transforming kotlin-stdlib-jdk8-1.9.10.jar (org.jetbrains.kotlin:kotlin-stdlib-jdk8:1.9.10) with IdentityTransform
Transforming kotlin-android-extensions-runtime-1.9.22.jar (org.jetbrains.kotlin:kotlin-android-extensions-runtime:1.9.22) with JetifyTransform
Transforming kotlin-android-extensions-runtime-1.9.22.jar (org.jetbrains.kotlin:kotlin-android-extensions-runtime:1.9.22) with IdentityTransform
Transforming kotlin-stdlib-jdk7-1.9.10.jar (org.jetbrains.kotlin:kotlin-stdlib-jdk7:1.9.10) with JetifyTransform
Transforming kotlin-stdlib-jdk7-1.9.10.jar (org.jetbrains.kotlin:kotlin-stdlib-jdk7:1.9.10) with IdentityTransform
Transforming napier-release.aar (io.github.aakira:napier-android:1.4.1) with JetifyTransform
Transforming napier-release.aar (io.github.aakira:napier-android:1.4.1) with ExtractAarTransform
Caching disabled for AarTransform: C:\Users\user\.gradle\caches\transforms-3\71618b46663af3ea0092ee8c6d5590fe\transformed\sqlite-framework-2.4.0 because:
  Build cache is disabled
Transforming napier-release.aar (io.github.aakira:napier-android:1.4.1) with AarTransform
Skipping AarTransform: C:\Users\user\.gradle\caches\transforms-3\71618b46663af3ea0092ee8c6d5590fe\transformed\sqlite-framework-2.4.0 as it is up-to-date.
Transforming annotation-experimental-1.4.0.aar (androidx.annotation:annotation-experimental:1.4.0) with JetifyTransform
Transforming annotation-experimental-1.4.0.aar (androidx.annotation:annotation-experimental:1.4.0) with ExtractAarTransform
Transforming annotation-experimental-1.4.0.aar (androidx.annotation:annotation-experimental:1.4.0) with AarTransform
Transforming cursoradapter-1.0.0.aar (androidx.cursoradapter:cursoradapter:1.0.0) with JetifyTransform
Transforming cursoradapter-1.0.0.aar (androidx.cursoradapter:cursoradapter:1.0.0) with ExtractAarTransform
Transforming cursoradapter-1.0.0.aar (androidx.cursoradapter:cursoradapter:1.0.0) with AarTransform
Transforming resourceinspection-annotation-1.0.1.jar (androidx.resourceinspection:resourceinspection-annotation:1.0.1) with JetifyTransform
Transforming resourceinspection-annotation-1.0.1.jar (androidx.resourceinspection:resourceinspection-annotation:1.0.1) with IdentityTransform
Transforming cardview-1.0.0.aar (androidx.cardview:cardview:1.0.0) with JetifyTransform
Transforming cardview-1.0.0.aar (androidx.cardview:cardview:1.0.0) with ExtractAarTransform
Caching disabled for AarTransform: C:\Users\user\.gradle\caches\transforms-3\a03b3d04d2ceca7ea618a06e3d24afa0\transformed\sqlite-2.4.0 because:
  Build cache is disabled
Transforming cardview-1.0.0.aar (androidx.cardview:cardview:1.0.0) with AarTransform
Skipping AarTransform: C:\Users\user\.gradle\caches\transforms-3\a03b3d04d2ceca7ea618a06e3d24afa0\transformed\sqlite-2.4.0 as it is up-to-date.
Transforming core-runtime-2.2.0.aar (androidx.arch.core:core-runtime:2.2.0) with JetifyTransform
Transforming core-runtime-2.2.0.aar (androidx.arch.core:core-runtime:2.2.0) with ExtractAarTransform
Transforming core-runtime-2.2.0.aar (androidx.arch.core:core-runtime:2.2.0) with AarTransform
Caching disabled for AarTransform: C:\Users\user\.gradle\caches\transforms-3\3d44061c8964bbe6cad35f32dd98185c\transformed\jetified-napier-release because:
  Build cache is disabled
Transforming exoplayer-datasource-2.19.1.aar (com.google.android.exoplayer:exoplayer-datasource:2.19.1) with JetifyTransform
Transforming exoplayer-datasource-2.19.1.aar (com.google.android.exoplayer:exoplayer-datasource:2.19.1) with ExtractAarTransform
Skipping AarTransform: C:\Users\user\.gradle\caches\transforms-3\3d44061c8964bbe6cad35f32dd98185c\transformed\jetified-napier-release as it is up-to-date.
Transforming exoplayer-datasource-2.19.1.aar (com.google.android.exoplayer:exoplayer-datasource:2.19.1) with AarTransform
Transforming exoplayer-database-2.19.1.aar (com.google.android.exoplayer:exoplayer-database:2.19.1) with JetifyTransform
Transforming exoplayer-database-2.19.1.aar (com.google.android.exoplayer:exoplayer-database:2.19.1) with ExtractAarTransform
Transforming exoplayer-database-2.19.1.aar (com.google.android.exoplayer:exoplayer-database:2.19.1) with AarTransform
Transforming exoplayer-extractor-2.19.1.aar (com.google.android.exoplayer:exoplayer-extractor:2.19.1) with JetifyTransform
Transforming exoplayer-extractor-2.19.1.aar (com.google.android.exoplayer:exoplayer-extractor:2.19.1) with ExtractAarTransform
Caching disabled for AarTransform: C:\Users\user\.gradle\caches\transforms-3\9736755219de9964c187b9748cea348a\transformed\core-runtime-2.2.0 because:
  Build cache is disabled
Skipping AarTransform: C:\Users\user\.gradle\caches\transforms-3\9736755219de9964c187b9748cea348a\transformed\core-runtime-2.2.0 as it is up-to-date.
Transforming exoplayer-extractor-2.19.1.aar (com.google.android.exoplayer:exoplayer-extractor:2.19.1) with AarTransform
Caching disabled for AarTransform: C:\Users\user\.gradle\caches\transforms-3\22c98dd52680fc31e34a15f54a9f94d2\transformed\cardview-1.0.0 because:
  Build cache is disabled
Skipping AarTransform: C:\Users\user\.gradle\caches\transforms-3\22c98dd52680fc31e34a15f54a9f94d2\transformed\cardview-1.0.0 as it is up-to-date.
Transforming exoplayer-decoder-2.19.1.aar (com.google.android.exoplayer:exoplayer-decoder:2.19.1) with JetifyTransform
Transforming exoplayer-decoder-2.19.1.aar (com.google.android.exoplayer:exoplayer-decoder:2.19.1) with ExtractAarTransform
Caching disabled for AarTransform: C:\Users\user\.gradle\caches\transforms-3\4ec695ed94a8284d6fd7bdbfc66270dc\transformed\jetified-annotation-experimental-1.4.0 because:
  Build cache is disabled
Transforming exoplayer-decoder-2.19.1.aar (com.google.android.exoplayer:exoplayer-decoder:2.19.1) with AarTransform
Skipping AarTransform: C:\Users\user\.gradle\caches\transforms-3\4ec695ed94a8284d6fd7bdbfc66270dc\transformed\jetified-annotation-experimental-1.4.0 as it is up-to-date.
Transforming exoplayer-container-2.19.1.aar (com.google.android.exoplayer:exoplayer-container:2.19.1) with JetifyTransform
Transforming exoplayer-container-2.19.1.aar (com.google.android.exoplayer:exoplayer-container:2.19.1) with ExtractAarTransform
Caching disabled for AarTransform: C:\Users\user\.gradle\caches\transforms-3\378ae54a4a79477d991a76c42d10201e\transformed\jetified-exoplayer-datasource-2.19.1 because:
  Build cache is disabled
Transforming exoplayer-container-2.19.1.aar (com.google.android.exoplayer:exoplayer-container:2.19.1) with AarTransform
Skipping AarTransform: C:\Users\user\.gradle\caches\transforms-3\378ae54a4a79477d991a76c42d10201e\transformed\jetified-exoplayer-datasource-2.19.1 as it is up-to-date.
Transforming exoplayer-common-2.19.1.aar (com.google.android.exoplayer:exoplayer-common:2.19.1) with JetifyTransform
Transforming exoplayer-common-2.19.1.aar (com.google.android.exoplayer:exoplayer-common:2.19.1) with ExtractAarTransform
Transforming exoplayer-common-2.19.1.aar (com.google.android.exoplayer:exoplayer-common:2.19.1) with AarTransform
Caching disabled for AarTransform: C:\Users\user\.gradle\caches\transforms-3\43654c406d94ba418e69a2f38c0ce75a\transformed\cursoradapter-1.0.0 because:
  Build cache is disabled
Transforming interpolator-1.0.0.aar (androidx.interpolator:interpolator:1.0.0) with JetifyTransform
Skipping AarTransform: C:\Users\user\.gradle\caches\transforms-3\43654c406d94ba418e69a2f38c0ce75a\transformed\cursoradapter-1.0.0 as it is up-to-date.
Transforming interpolator-1.0.0.aar (androidx.interpolator:interpolator:1.0.0) with ExtractAarTransform
Transforming interpolator-1.0.0.aar (androidx.interpolator:interpolator:1.0.0) with AarTransform
Transforming interpolator-1.0.0.aar (androidx.interpolator:interpolator:1.0.0) with JetifyTransform
Transforming interpolator-1.0.0.aar (androidx.interpolator:interpolator:1.0.0) with ExtractAarTransform
Transforming interpolator-1.0.0.aar (androidx.interpolator:interpolator:1.0.0) with AarTransform
Transforming versionedparcelable-1.1.1.aar (androidx.versionedparcelable:versionedparcelable:1.1.1) with JetifyTransform
Transforming versionedparcelable-1.1.1.aar (androidx.versionedparcelable:versionedparcelable:1.1.1) with ExtractAarTransform
Transforming versionedparcelable-1.1.1.aar (androidx.versionedparcelable:versionedparcelable:1.1.1) with AarTransform
Transforming core-common-2.2.0.jar (androidx.arch.core:core-common:2.2.0) with JetifyTransform
Transforming core-common-2.2.0.jar (androidx.arch.core:core-common:2.2.0) with IdentityTransform
Transforming profileinstaller-1.3.1.aar (androidx.profileinstaller:profileinstaller:1.3.1) with JetifyTransform
Transforming profileinstaller-1.3.1.aar (androidx.profileinstaller:profileinstaller:1.3.1) with ExtractAarTransform
Transforming profileinstaller-1.3.1.aar (androidx.profileinstaller:profileinstaller:1.3.1) with AarTransform
Transforming startup-runtime-1.1.1.aar (androidx.startup:startup-runtime:1.1.1) with JetifyTransform
Transforming startup-runtime-1.1.1.aar (androidx.startup:startup-runtime:1.1.1) with ExtractAarTransform
Transforming startup-runtime-1.1.1.aar (androidx.startup:startup-runtime:1.1.1) with AarTransform
Caching disabled for AarTransform: C:\Users\user\.gradle\caches\transforms-3\7f41368f9514b52c773c9c6d9f2b90c2\transformed\jetified-exoplayer-database-2.19.1 because:
  Build cache is disabled
Skipping AarTransform: C:\Users\user\.gradle\caches\transforms-3\7f41368f9514b52c773c9c6d9f2b90c2\transformed\jetified-exoplayer-database-2.19.1 as it is up-to-date.
Caching disabled for AarTransform: C:\Users\user\.gradle\caches\transforms-3\715d44aa31120efd79cf05422b37b84e\transformed\jetified-exoplayer-common-2.19.1 because:
  Build cache is disabled
Transforming tracing-1.0.0.aar (androidx.tracing:tracing:1.0.0) with JetifyTransform
Skipping AarTransform: C:\Users\user\.gradle\caches\transforms-3\715d44aa31120efd79cf05422b37b84e\transformed\jetified-exoplayer-common-2.19.1 as it is up-to-date.
Transforming tracing-1.0.0.aar (androidx.tracing:tracing:1.0.0) with ExtractAarTransform
Transforming tracing-1.0.0.aar (androidx.tracing:tracing:1.0.0) with AarTransform
Transforming concurrent-futures-1.1.0.jar (androidx.concurrent:concurrent-futures:1.1.0) with JetifyTransform
Caching disabled for AarTransform: C:\Users\user\.gradle\caches\transforms-3\0774aba38fbb7a71a2e380171e0b7778\transformed\jetified-exoplayer-decoder-2.19.1 because:
  Build cache is disabled
Transforming concurrent-futures-1.1.0.jar (androidx.concurrent:concurrent-futures:1.1.0) with IdentityTransform
Skipping AarTransform: C:\Users\user\.gradle\caches\transforms-3\0774aba38fbb7a71a2e380171e0b7778\transformed\jetified-exoplayer-decoder-2.19.1 as it is up-to-date.
Transforming documentfile-1.0.0.aar (androidx.documentfile:documentfile:1.0.0) with JetifyTransform
Transforming documentfile-1.0.0.aar (androidx.documentfile:documentfile:1.0.0) with ExtractAarTransform
Transforming documentfile-1.0.0.aar (androidx.documentfile:documentfile:1.0.0) with AarTransform
Transforming localbroadcastmanager-1.0.0.aar (androidx.localbroadcastmanager:localbroadcastmanager:1.0.0) with JetifyTransform
Transforming localbroadcastmanager-1.0.0.aar (androidx.localbroadcastmanager:localbroadcastmanager:1.0.0) with ExtractAarTransform
Transforming localbroadcastmanager-1.0.0.aar (androidx.localbroadcastmanager:localbroadcastmanager:1.0.0) with AarTransform
Caching disabled for AarTransform: C:\Users\user\.gradle\caches\transforms-3\82d49ae48ad7cd68ccf29f123b5e48ad\transformed\versionedparcelable-1.1.1 because:
  Build cache is disabled
Caching disabled for AarTransform: C:\Users\user\.gradle\caches\transforms-3\fe52cfe629053f967703c8ba77285e8b\transformed\jetified-startup-runtime-1.1.1 because:
  Build cache is disabled
Skipping AarTransform: C:\Users\user\.gradle\caches\transforms-3\82d49ae48ad7cd68ccf29f123b5e48ad\transformed\versionedparcelable-1.1.1 as it is up-to-date.
Skipping AarTransform: C:\Users\user\.gradle\caches\transforms-3\fe52cfe629053f967703c8ba77285e8b\transformed\jetified-startup-runtime-1.1.1 as it is up-to-date.
Caching disabled for AarTransform: C:\Users\user\.gradle\caches\transforms-3\87361d05feba7a7d0f4af0c7c0d3e017\transformed\jetified-tracing-1.0.0 because:
  Build cache is disabled
Skipping AarTransform: C:\Users\user\.gradle\caches\transforms-3\87361d05feba7a7d0f4af0c7c0d3e017\transformed\jetified-tracing-1.0.0 as it is up-to-date.
Caching disabled for AarTransform: C:\Users\user\.gradle\caches\transforms-3\c8dca9ca411b7b236189b876c168c300\transformed\jetified-profileinstaller-1.3.1 because:
  Build cache is disabled
Caching disabled for AarTransform: C:\Users\user\.gradle\caches\transforms-3\8eba7c3e4113638c557764cfd1246d65\transformed\interpolator-1.0.0 because:
  Build cache is disabled
Caching disabled for AarTransform: C:\Users\user\.gradle\caches\transforms-3\c3fa91361cece7ab93c5fa0d01671725\transformed\jetified-exoplayer-container-2.19.1 because:
  Build cache is disabled
Skipping AarTransform: C:\Users\user\.gradle\caches\transforms-3\8eba7c3e4113638c557764cfd1246d65\transformed\interpolator-1.0.0 as it is up-to-date.
Caching disabled for AarTransform: C:\Users\user\.gradle\caches\transforms-3\2f746cdb46666a5ea31069a92ad1cee2\transformed\jetified-exoplayer-extractor-2.19.1 because:
  Build cache is disabled
Skipping AarTransform: C:\Users\user\.gradle\caches\transforms-3\c3fa91361cece7ab93c5fa0d01671725\transformed\jetified-exoplayer-container-2.19.1 as it is up-to-date.
Skipping AarTransform: C:\Users\user\.gradle\caches\transforms-3\2f746cdb46666a5ea31069a92ad1cee2\transformed\jetified-exoplayer-extractor-2.19.1 as it is up-to-date.
Caching disabled for AarTransform: C:\Users\user\.gradle\caches\transforms-3\54b5456fddcec85940b2ee402266c816\transformed\documentfile-1.0.0 because:
  Build cache is disabled
Transforming print-1.0.0.aar (androidx.print:print:1.0.0) with JetifyTransform
Skipping AarTransform: C:\Users\user\.gradle\caches\transforms-3\54b5456fddcec85940b2ee402266c816\transformed\documentfile-1.0.0 as it is up-to-date.
Transforming print-1.0.0.aar (androidx.print:print:1.0.0) with ExtractAarTransform
Transforming print-1.0.0.aar (androidx.print:print:1.0.0) with AarTransform
Skipping AarTransform: C:\Users\user\.gradle\caches\transforms-3\c8dca9ca411b7b236189b876c168c300\transformed\jetified-profileinstaller-1.3.1 as it is up-to-date.
Transforming exifinterface-1.3.6.aar (androidx.exifinterface:exifinterface:1.3.6) with JetifyTransform
Transforming exifinterface-1.3.6.aar (androidx.exifinterface:exifinterface:1.3.6) with ExtractAarTransform
Transforming exifinterface-1.3.6.aar (androidx.exifinterface:exifinterface:1.3.6) with AarTransform
Transforming collection-ktx-1.4.0.jar (androidx.collection:collection-ktx:1.4.0) with JetifyTransform
Transforming collection-ktx-1.4.0.jar (androidx.collection:collection-ktx:1.4.0) with IdentityTransform
Transforming collection-jvm-1.4.0.jar (androidx.collection:collection-jvm:1.4.0) with JetifyTransform
Transforming collection-jvm-1.4.0.jar (androidx.collection:collection-jvm:1.4.0) with IdentityTransform
Transforming annotation-jvm-1.7.0.jar (androidx.annotation:annotation-jvm:1.7.0) with JetifyTransform
Transforming annotation-jvm-1.7.0.jar (androidx.annotation:annotation-jvm:1.7.0) with IdentityTransform
Transforming kotlin-stdlib-1.9.22.jar (org.jetbrains.kotlin:kotlin-stdlib:1.9.22) with JetifyTransform
Transforming kotlin-stdlib-1.9.22.jar (org.jetbrains.kotlin:kotlin-stdlib:1.9.22) with IdentityTransform
Transforming volley-1.2.1.aar (com.android.volley:volley:1.2.1) with JetifyTransform
Transforming volley-1.2.1.aar (com.android.volley:volley:1.2.1) with ExtractAarTransform
Transforming volley-1.2.1.aar (com.android.volley:volley:1.2.1) with AarTransform
Transforming Android-Image-Slider-1.4.0.aar (com.github.smarteist:Android-Image-Slider:1.4.0) with JetifyTransform
Transforming Android-Image-Slider-1.4.0.aar (com.github.smarteist:Android-Image-Slider:1.4.0) with ExtractAarTransform
Transforming Android-Image-Slider-1.4.0.aar (com.github.smarteist:Android-Image-Slider:1.4.0) with AarTransform
Transforming circleimageview-3.1.0.aar (de.hdodenhof:circleimageview:3.1.0) with JetifyTransform
Transforming circleimageview-3.1.0.aar (de.hdodenhof:circleimageview:3.1.0) with ExtractAarTransform
Transforming circleimageview-3.1.0.aar (de.hdodenhof:circleimageview:3.1.0) with AarTransform
Transforming annotations-23.0.0.jar (org.jetbrains:annotations:23.0.0) with JetifyTransform
Transforming annotations-23.0.0.jar (org.jetbrains:annotations:23.0.0) with IdentityTransform
Transforming guava-31.1-android.jar (com.google.guava:guava:31.1-android) with JetifyTransform
Transforming guava-31.1-android.jar (com.google.guava:guava:31.1-android) with IdentityTransform
Transforming error_prone_annotations-2.15.0.jar (com.google.errorprone:error_prone_annotations:2.15.0) with JetifyTransform
Transforming error_prone_annotations-2.15.0.jar (com.google.errorprone:error_prone_annotations:2.15.0) with IdentityTransform
Transforming hilt-core-2.49.jar (com.google.dagger:hilt-core:2.49) with JetifyTransform
Caching disabled for AarTransform: C:\Users\user\.gradle\caches\transforms-3\4122ce09f170e8a2afb176a358403d3a\transformed\print-1.0.0 because:
  Build cache is disabled
Skipping AarTransform: C:\Users\user\.gradle\caches\transforms-3\4122ce09f170e8a2afb176a358403d3a\transformed\print-1.0.0 as it is up-to-date.
Transforming hilt-core-2.49.jar (com.google.dagger:hilt-core:2.49) with IdentityTransform
Transforming dagger-2.49.jar (com.google.dagger:dagger:2.49) with JetifyTransform
Transforming dagger-2.49.jar (com.google.dagger:dagger:2.49) with IdentityTransform
Transforming dagger-lint-aar-2.49.aar (com.google.dagger:dagger-lint-aar:2.49) with JetifyTransform
Transforming dagger-lint-aar-2.49.aar (com.google.dagger:dagger-lint-aar:2.49) with ExtractAarTransform
Transforming dagger-lint-aar-2.49.aar (com.google.dagger:dagger-lint-aar:2.49) with AarTransform
Transforming jsr305-3.0.2.jar (com.google.code.findbugs:jsr305:3.0.2) with JetifyTransform
Transforming jsr305-3.0.2.jar (com.google.code.findbugs:jsr305:3.0.2) with IdentityTransform
Transforming javax.inject-1.jar (javax.inject:javax.inject:1) with JetifyTransform
Transforming javax.inject-1.jar (javax.inject:javax.inject:1) with IdentityTransform
Transforming gson-2.8.5.jar (com.google.code.gson:gson:2.8.5) with JetifyTransform
Caching disabled for AarTransform: C:\Users\user\.gradle\caches\transforms-3\2c86103f160590f7e7be532bf55d34f7\transformed\localbroadcastmanager-1.0.0 because:
  Build cache is disabled
Caching disabled for AarTransform: C:\Users\user\.gradle\caches\transforms-3\56896802246a3dbc3ea0a00275524921\transformed\exifinterface-1.3.6 because:
  Build cache is disabled
Skipping AarTransform: C:\Users\user\.gradle\caches\transforms-3\2c86103f160590f7e7be532bf55d34f7\transformed\localbroadcastmanager-1.0.0 as it is up-to-date.
Transforming gson-2.8.5.jar (com.google.code.gson:gson:2.8.5) with IdentityTransform
Transforming listenablefuture-9999.0-empty-to-avoid-conflict-with-guava.jar (com.google.guava:listenablefuture:9999.0-empty-to-avoid-conflict-with-guava) with JetifyTransform
Transforming listenablefuture-9999.0-empty-to-avoid-conflict-with-guava.jar (com.google.guava:listenablefuture:9999.0-empty-to-avoid-conflict-with-guava) with IdentityTransform
Transforming constraintlayout-solver-2.0.1.jar (androidx.constraintlayout:constraintlayout-solver:2.0.1) with JetifyTransform
Transforming constraintlayout-solver-2.0.1.jar (androidx.constraintlayout:constraintlayout-solver:2.0.1) with IdentityTransform
Transforming failureaccess-1.0.1.jar (com.google.guava:failureaccess:1.0.1) with JetifyTransform
Transforming failureaccess-1.0.1.jar (com.google.guava:failureaccess:1.0.1) with IdentityTransform
Transforming checker-qual-3.12.0.jar (org.checkerframework:checker-qual:3.12.0) with JetifyTransform
Transforming checker-qual-3.12.0.jar (org.checkerframework:checker-qual:3.12.0) with IdentityTransform
Transforming j2objc-annotations-1.3.jar (com.google.j2objc:j2objc-annotations:1.3) with JetifyTransform
Transforming j2objc-annotations-1.3.jar (com.google.j2objc:j2objc-annotations:1.3) with IdentityTransform
Caching disabled for AarTransform: C:\Users\user\.gradle\caches\transforms-3\e32c3b5e322944d64bfee37764a5fb00\transformed\jetified-volley-1.2.1 because:
  Build cache is disabled
Skipping AarTransform: C:\Users\user\.gradle\caches\transforms-3\e32c3b5e322944d64bfee37764a5fb00\transformed\jetified-volley-1.2.1 as it is up-to-date.
Skipping AarTransform: C:\Users\user\.gradle\caches\transforms-3\56896802246a3dbc3ea0a00275524921\transformed\exifinterface-1.3.6 as it is up-to-date.
Caching disabled for AarTransform: C:\Users\user\.gradle\caches\transforms-3\3c8d6d9f40fe01c17d4d4666fd356dbc\transformed\jetified-circleimageview-3.1.0 because:
  Build cache is disabled
Skipping AarTransform: C:\Users\user\.gradle\caches\transforms-3\3c8d6d9f40fe01c17d4d4666fd356dbc\transformed\jetified-circleimageview-3.1.0 as it is up-to-date.
Caching disabled for AarTransform: C:\Users\user\.gradle\caches\transforms-3\17460feccaee72c1c7a59c8d3aa5599a\transformed\jetified-dagger-lint-aar-2.49 because:
  Build cache is disabled
Skipping AarTransform: C:\Users\user\.gradle\caches\transforms-3\17460feccaee72c1c7a59c8d3aa5599a\transformed\jetified-dagger-lint-aar-2.49 as it is up-to-date.
Caching disabled for AarTransform: C:\Users\user\.gradle\caches\transforms-3\77df13c6b2001957f35925c162d5e46d\transformed\jetified-Android-Image-Slider-1.4.0 because:
  Build cache is disabled
Skipping AarTransform: C:\Users\user\.gradle\caches\transforms-3\77df13c6b2001957f35925c162d5e46d\transformed\jetified-Android-Image-Slider-1.4.0 as it is up-to-date.
Caching disabled for task ':app:mergeReleaseJavaResource' because:
  Build cache is disabled
Skipping task ':app:mergeReleaseJavaResource' as it is up-to-date.
Resolve mutations for :app:minifyReleaseWithR8 (Thread[#94,Execution worker Thread 11,5,main]) started.
:app:minifyReleaseWithR8 (Thread[#94,Execution worker Thread 11,5,main]) started.

> Task :app:minifyReleaseWithR8
Transforming material-1.11.0.aar (com.google.android.material:material:1.11.0) with JetifyTransform
Transforming material-1.11.0.aar (com.google.android.material:material:1.11.0) with ExtractAarTransform
Transforming material-1.11.0.aar (com.google.android.material:material:1.11.0) with AarTransform
Transforming lottie-compose-6.1.0.aar (com.airbnb.android:lottie-compose:6.1.0) with JetifyTransform
Transforming lottie-compose-6.1.0.aar (com.airbnb.android:lottie-compose:6.1.0) with ExtractAarTransform
Transforming lottie-compose-6.1.0.aar (com.airbnb.android:lottie-compose:6.1.0) with AarTransform
Transforming lottie-6.1.0.aar (com.airbnb.android:lottie:6.1.0) with JetifyTransform
Transforming lottie-6.1.0.aar (com.airbnb.android:lottie:6.1.0) with ExtractAarTransform
Transforming lottie-6.1.0.aar (com.airbnb.android:lottie:6.1.0) with AarTransform
Transforming coil-compose-2.5.0.aar (io.coil-kt:coil-compose:2.5.0) with JetifyTransform
Transforming coil-compose-2.5.0.aar (io.coil-kt:coil-compose:2.5.0) with ExtractAarTransform
Transforming coil-compose-2.5.0.aar (io.coil-kt:coil-compose:2.5.0) with AarTransform
Transforming coil-compose-base-2.5.0.aar (io.coil-kt:coil-compose-base:2.5.0) with JetifyTransform
Transforming coil-compose-base-2.5.0.aar (io.coil-kt:coil-compose-base:2.5.0) with ExtractAarTransform
Transforming coil-compose-base-2.5.0.aar (io.coil-kt:coil-compose-base:2.5.0) with AarTransform
Caching disabled for AarTransform: C:\Users\user\.gradle\caches\transforms-3\f0c43f23ec6e516e0621ab61a039ef0c\transformed\jetified-lottie-6.1.0 because:
  Build cache is disabled
Transforming coil-2.5.0.aar (io.coil-kt:coil:2.5.0) with JetifyTransform
Transforming coil-2.5.0.aar (io.coil-kt:coil:2.5.0) with ExtractAarTransform
Skipping AarTransform: C:\Users\user\.gradle\caches\transforms-3\f0c43f23ec6e516e0621ab61a039ef0c\transformed\jetified-lottie-6.1.0 as it is up-to-date.
Transforming coil-2.5.0.aar (io.coil-kt:coil:2.5.0) with AarTransform
Transforming coil-base-2.5.0.aar (io.coil-kt:coil-base:2.5.0) with JetifyTransform
Transforming lottie-6.1.0.aar (com.airbnb.android:lottie:6.1.0) with FilterShrinkerRulesTransform
Caching disabled for AarTransform: C:\Users\user\.gradle\caches\transforms-3\7b64fcd84fbd59187c29faf12635bee6\transformed\jetified-lottie-compose-6.1.0 because:
  Build cache is disabled
Skipping AarTransform: C:\Users\user\.gradle\caches\transforms-3\7b64fcd84fbd59187c29faf12635bee6\transformed\jetified-lottie-compose-6.1.0 as it is up-to-date.
Transforming lottie-compose-6.1.0.aar (com.airbnb.android:lottie-compose:6.1.0) with FilterShrinkerRulesTransform
Caching disabled for AarTransform: C:\Users\user\.gradle\caches\transforms-3\d76c3ac89ac3f5a9a20dcb6973cf40e8\transformed\material-1.11.0 because:
  Build cache is disabled
Skipping AarTransform: C:\Users\user\.gradle\caches\transforms-3\d76c3ac89ac3f5a9a20dcb6973cf40e8\transformed\material-1.11.0 as it is up-to-date.
Transforming coil-base-2.5.0.aar (io.coil-kt:coil-base:2.5.0) with ExtractAarTransform
Transforming material-1.11.0.aar (com.google.android.material:material:1.11.0) with FilterShrinkerRulesTransform
Transforming coil-base-2.5.0.aar (io.coil-kt:coil-base:2.5.0) with AarTransform
Caching disabled for AarTransform: C:\Users\user\.gradle\caches\transforms-3\01af9fa4640328761f93b15ceedbb393\transformed\jetified-coil-compose-2.5.0 because:
  Build cache is disabled
Transforming appcompat-resources-1.6.1.aar (androidx.appcompat:appcompat-resources:1.6.1) with JetifyTransform
Transforming appcompat-resources-1.6.1.aar (androidx.appcompat:appcompat-resources:1.6.1) with ExtractAarTransform
Transforming appcompat-resources-1.6.1.aar (androidx.appcompat:appcompat-resources:1.6.1) with AarTransform
Transforming constraintlayout-2.0.1.aar (androidx.constraintlayout:constraintlayout:2.0.1) with JetifyTransform
Transforming constraintlayout-2.0.1.aar (androidx.constraintlayout:constraintlayout:2.0.1) with ExtractAarTransform
Transforming constraintlayout-2.0.1.aar (androidx.constraintlayout:constraintlayout:2.0.1) with AarTransform
Transforming appcompat-1.6.1.aar (androidx.appcompat:appcompat:1.6.1) with JetifyTransform
Skipping AarTransform: C:\Users\user\.gradle\caches\transforms-3\01af9fa4640328761f93b15ceedbb393\transformed\jetified-coil-compose-2.5.0 as it is up-to-date.
Transforming coil-compose-2.5.0.aar (io.coil-kt:coil-compose:2.5.0) with FilterShrinkerRulesTransform
Caching disabled for AarTransform: C:\Users\user\.gradle\caches\transforms-3\125cb728ef3f46ce7225da4c49aa0884\transformed\jetified-coil-compose-base-2.5.0 because:
  Build cache is disabled
Caching disabled for AarTransform: C:\Users\user\.gradle\caches\transforms-3\b279794bd278a40574c8244342fbb052\transformed\jetified-coil-2.5.0 because:
  Build cache is disabled
Skipping AarTransform: C:\Users\user\.gradle\caches\transforms-3\125cb728ef3f46ce7225da4c49aa0884\transformed\jetified-coil-compose-base-2.5.0 as it is up-to-date.
Skipping AarTransform: C:\Users\user\.gradle\caches\transforms-3\b279794bd278a40574c8244342fbb052\transformed\jetified-coil-2.5.0 as it is up-to-date.
Transforming coil-compose-base-2.5.0.aar (io.coil-kt:coil-compose-base:2.5.0) with FilterShrinkerRulesTransform
Caching disabled for AarTransform: C:\Users\user\.gradle\caches\transforms-3\73d67742e5e0faeb12f6359aec9f4317\transformed\jetified-coil-base-2.5.0 because:
  Build cache is disabled
Transforming coil-2.5.0.aar (io.coil-kt:coil:2.5.0) with FilterShrinkerRulesTransform
Skipping AarTransform: C:\Users\user\.gradle\caches\transforms-3\73d67742e5e0faeb12f6359aec9f4317\transformed\jetified-coil-base-2.5.0 as it is up-to-date.
Transforming coil-base-2.5.0.aar (io.coil-kt:coil-base:2.5.0) with FilterShrinkerRulesTransform
Transforming appcompat-1.6.1.aar (androidx.appcompat:appcompat:1.6.1) with ExtractAarTransform
Caching disabled for AarTransform: C:\Users\user\.gradle\caches\transforms-3\14c109339047e7a54ee79e8f23fe26ef\transformed\jetified-appcompat-resources-1.6.1 because:
  Build cache is disabled
Transforming appcompat-1.6.1.aar (androidx.appcompat:appcompat:1.6.1) with AarTransform
Caching disabled for AarTransform: C:\Users\user\.gradle\caches\transforms-3\ba655bab558f728b21e193f216f3fd5b\transformed\constraintlayout-2.0.1 because:
  Build cache is disabled
Skipping AarTransform: C:\Users\user\.gradle\caches\transforms-3\14c109339047e7a54ee79e8f23fe26ef\transformed\jetified-appcompat-resources-1.6.1 as it is up-to-date.
Skipping AarTransform: C:\Users\user\.gradle\caches\transforms-3\ba655bab558f728b21e193f216f3fd5b\transformed\constraintlayout-2.0.1 as it is up-to-date.
Transforming viewpager2-1.0.0.aar (androidx.viewpager2:viewpager2:1.0.0) with JetifyTransform
Transforming constraintlayout-2.0.1.aar (androidx.constraintlayout:constraintlayout:2.0.1) with FilterShrinkerRulesTransform
Transforming appcompat-resources-1.6.1.aar (androidx.appcompat:appcompat-resources:1.6.1) with FilterShrinkerRulesTransform
Transforming viewpager2-1.0.0.aar (androidx.viewpager2:viewpager2:1.0.0) with ExtractAarTransform
Caching disabled for FilterShrinkerRulesTransform: C:\Users\user\.gradle\caches\transforms-3\d76c3ac89ac3f5a9a20dcb6973cf40e8\transformed\material-1.11.0\proguard.txt because:
  Build cache is disabled
Skipping FilterShrinkerRulesTransform: C:\Users\user\.gradle\caches\transforms-3\d76c3ac89ac3f5a9a20dcb6973cf40e8\transformed\material-1.11.0\proguard.txt as it is up-to-date.
Transforming viewpager2-1.0.0.aar (androidx.viewpager2:viewpager2:1.0.0) with AarTransform
Transforming play-services-ads-22.6.0.aar (com.google.android.gms:play-services-ads:22.6.0) with JetifyTransform
Transforming play-services-ads-22.6.0.aar (com.google.android.gms:play-services-ads:22.6.0) with ExtractAarTransform
Transforming play-services-ads-22.6.0.aar (com.google.android.gms:play-services-ads:22.6.0) with AarTransform
Transforming play-services-appset-16.0.1.aar (com.google.android.gms:play-services-appset:16.0.1) with JetifyTransform
Transforming play-services-appset-16.0.1.aar (com.google.android.gms:play-services-appset:16.0.1) with ExtractAarTransform
Transforming play-services-appset-16.0.1.aar (com.google.android.gms:play-services-appset:16.0.1) with AarTransform
Transforming play-services-base-18.2.0.aar (com.google.android.gms:play-services-base:18.2.0) with JetifyTransform
Transforming play-services-base-18.2.0.aar (com.google.android.gms:play-services-base:18.2.0) with ExtractAarTransform
Transforming play-services-base-18.2.0.aar (com.google.android.gms:play-services-base:18.2.0) with AarTransform
Transforming play-services-base-18.2.0.aar (com.google.android.gms:play-services-base:18.2.0) with JetifyTransform
Transforming play-services-base-18.2.0.aar (com.google.android.gms:play-services-base:18.2.0) with ExtractAarTransform
Transforming play-services-base-18.2.0.aar (com.google.android.gms:play-services-base:18.2.0) with AarTransform
Transforming drawerlayout-1.1.1.aar (androidx.drawerlayout:drawerlayout:1.1.1) with JetifyTransform
Transforming drawerlayout-1.1.1.aar (androidx.drawerlayout:drawerlayout:1.1.1) with ExtractAarTransform
Transforming drawerlayout-1.1.1.aar (androidx.drawerlayout:drawerlayout:1.1.1) with AarTransform
Transforming coordinatorlayout-1.1.0.aar (androidx.coordinatorlayout:coordinatorlayout:1.1.0) with JetifyTransform
Transforming coordinatorlayout-1.1.0.aar (androidx.coordinatorlayout:coordinatorlayout:1.1.0) with ExtractAarTransform
Transforming coordinatorlayout-1.1.0.aar (androidx.coordinatorlayout:coordinatorlayout:1.1.0) with AarTransform
Transforming dynamicanimation-1.0.0.aar (androidx.dynamicanimation:dynamicanimation:1.0.0) with JetifyTransform
Transforming dynamicanimation-1.0.0.aar (androidx.dynamicanimation:dynamicanimation:1.0.0) with ExtractAarTransform
Transforming dynamicanimation-1.0.0.aar (androidx.dynamicanimation:dynamicanimation:1.0.0) with AarTransform
Transforming transition-1.2.0.aar (androidx.transition:transition:1.2.0) with JetifyTransform
Transforming transition-1.2.0.aar (androidx.transition:transition:1.2.0) with ExtractAarTransform
Transforming transition-1.2.0.aar (androidx.transition:transition:1.2.0) with AarTransform
Transforming vectordrawable-animated-1.1.0.aar (androidx.vectordrawable:vectordrawable-animated:1.1.0) with JetifyTransform
Transforming vectordrawable-animated-1.1.0.aar (androidx.vectordrawable:vectordrawable-animated:1.1.0) with ExtractAarTransform
Transforming vectordrawable-animated-1.1.0.aar (androidx.vectordrawable:vectordrawable-animated:1.1.0) with AarTransform
Transforming vectordrawable-1.1.0.aar (androidx.vectordrawable:vectordrawable:1.1.0) with JetifyTransform
Transforming vectordrawable-1.1.0.aar (androidx.vectordrawable:vectordrawable:1.1.0) with ExtractAarTransform
Transforming vectordrawable-1.1.0.aar (androidx.vectordrawable:vectordrawable:1.1.0) with AarTransform
Transforming vectordrawable-1.1.0.aar (androidx.vectordrawable:vectordrawable:1.1.0) with JetifyTransform
Transforming vectordrawable-1.1.0.aar (androidx.vectordrawable:vectordrawable:1.1.0) with ExtractAarTransform
Transforming vectordrawable-1.1.0.aar (androidx.vectordrawable:vectordrawable:1.1.0) with AarTransform
Transforming hilt-navigation-compose-1.1.0.aar (androidx.hilt:hilt-navigation-compose:1.1.0) with JetifyTransform
Transforming hilt-navigation-compose-1.1.0.aar (androidx.hilt:hilt-navigation-compose:1.1.0) with ExtractAarTransform
Transforming hilt-navigation-compose-1.1.0.aar (androidx.hilt:hilt-navigation-compose:1.1.0) with AarTransform
Transforming hilt-navigation-1.1.0.aar (androidx.hilt:hilt-navigation:1.1.0) with JetifyTransform
Transforming hilt-navigation-1.1.0.aar (androidx.hilt:hilt-navigation:1.1.0) with ExtractAarTransform
Caching disabled for AarTransform: C:\Users\user\.gradle\caches\transforms-3\7c1ae54e643c59b38470a4f4e87f36e0\transformed\jetified-viewpager2-1.0.0 because:
  Build cache is disabled
Transforming hilt-navigation-1.1.0.aar (androidx.hilt:hilt-navigation:1.1.0) with AarTransform
Caching disabled for AarTransform: C:\Users\user\.gradle\caches\transforms-3\778bb1a5d67e711cfa1d601e315d4ba6\transformed\drawerlayout-1.1.1 because:
  Build cache is disabled
Caching disabled for AarTransform: C:\Users\user\.gradle\caches\transforms-3\4d4b3f0524238b36b1a0d4335e32a8e5\transformed\dynamicanimation-1.0.0 because:
  Build cache is disabled
Skipping AarTransform: C:\Users\user\.gradle\caches\transforms-3\778bb1a5d67e711cfa1d601e315d4ba6\transformed\drawerlayout-1.1.1 as it is up-to-date.
Skipping AarTransform: C:\Users\user\.gradle\caches\transforms-3\7c1ae54e643c59b38470a4f4e87f36e0\transformed\jetified-viewpager2-1.0.0 as it is up-to-date.
Caching disabled for AarTransform: C:\Users\user\.gradle\caches\transforms-3\9fd41aa9d8f4ce40527fd11c9e9d8547\transformed\coordinatorlayout-1.1.0 because:
  Build cache is disabled
Skipping AarTransform: C:\Users\user\.gradle\caches\transforms-3\9fd41aa9d8f4ce40527fd11c9e9d8547\transformed\coordinatorlayout-1.1.0 as it is up-to-date.
Caching disabled for AarTransform: C:\Users\user\.gradle\caches\transforms-3\f0f9ccfae522ac4dd97fb98b3f926856\transformed\appcompat-1.6.1 because:
  Build cache is disabled
Transforming navigation-common-2.7.6.aar (androidx.navigation:navigation-common:2.7.6) with JetifyTransform
Caching disabled for AarTransform: C:\Users\user\.gradle\caches\transforms-3\401ad4d70a412e15a764e8464bd867fe\transformed\jetified-play-services-base-18.2.0 because:
  Build cache is disabled
Caching disabled for AarTransform: C:\Users\user\.gradle\caches\transforms-3\cb4e1830d0316264aa08d7cecb5d49a4\transformed\jetified-play-services-ads-22.6.0 because:
  Build cache is disabled
Skipping AarTransform: C:\Users\user\.gradle\caches\transforms-3\401ad4d70a412e15a764e8464bd867fe\transformed\jetified-play-services-base-18.2.0 as it is up-to-date.
Skipping AarTransform: C:\Users\user\.gradle\caches\transforms-3\cb4e1830d0316264aa08d7cecb5d49a4\transformed\jetified-play-services-ads-22.6.0 as it is up-to-date.
Transforming coordinatorlayout-1.1.0.aar (androidx.coordinatorlayout:coordinatorlayout:1.1.0) with FilterShrinkerRulesTransform
Transforming play-services-base-18.2.0.aar (com.google.android.gms:play-services-base:18.2.0) with FilterShrinkerRulesTransform
Transforming navigation-common-2.7.6.aar (androidx.navigation:navigation-common:2.7.6) with ExtractAarTransform
Skipping AarTransform: C:\Users\user\.gradle\caches\transforms-3\f0f9ccfae522ac4dd97fb98b3f926856\transformed\appcompat-1.6.1 as it is up-to-date.
Transforming navigation-common-2.7.6.aar (androidx.navigation:navigation-common:2.7.6) with AarTransform
Transforming navigation-runtime-2.7.6.aar (androidx.navigation:navigation-runtime:2.7.6) with JetifyTransform
Transforming viewpager2-1.0.0.aar (androidx.viewpager2:viewpager2:1.0.0) with FilterShrinkerRulesTransform
Transforming navigation-runtime-2.7.6.aar (androidx.navigation:navigation-runtime:2.7.6) with ExtractAarTransform
Transforming appcompat-1.6.1.aar (androidx.appcompat:appcompat:1.6.1) with FilterShrinkerRulesTransform
Transforming navigation-runtime-2.7.6.aar (androidx.navigation:navigation-runtime:2.7.6) with AarTransform
Transforming navigation-common-ktx-2.7.6.aar (androidx.navigation:navigation-common-ktx:2.7.6) with JetifyTransform
Transforming navigation-common-ktx-2.7.6.aar (androidx.navigation:navigation-common-ktx:2.7.6) with ExtractAarTransform
Transforming navigation-common-ktx-2.7.6.aar (androidx.navigation:navigation-common-ktx:2.7.6) with AarTransform
Transforming navigation-runtime-ktx-2.7.6.aar (androidx.navigation:navigation-runtime-ktx:2.7.6) with JetifyTransform
Transforming navigation-runtime-ktx-2.7.6.aar (androidx.navigation:navigation-runtime-ktx:2.7.6) with ExtractAarTransform
Transforming navigation-runtime-ktx-2.7.6.aar (androidx.navigation:navigation-runtime-ktx:2.7.6) with AarTransform
Transforming navigation-compose-2.7.6.aar (androidx.navigation:navigation-compose:2.7.6) with JetifyTransform
Transforming navigation-compose-2.7.6.aar (androidx.navigation:navigation-compose:2.7.6) with ExtractAarTransform
Transforming navigation-compose-2.7.6.aar (androidx.navigation:navigation-compose:2.7.6) with AarTransform
Transforming accompanist-permissions-0.32.0.aar (com.google.accompanist:accompanist-permissions:0.32.0) with JetifyTransform
Transforming accompanist-permissions-0.32.0.aar (com.google.accompanist:accompanist-permissions:0.32.0) with ExtractAarTransform
Transforming accompanist-permissions-0.32.0.aar (com.google.accompanist:accompanist-permissions:0.32.0) with AarTransform
Transforming room-common-2.6.1.jar (androidx.room:room-common:2.6.1) with JetifyTransform
Transforming room-common-2.6.1.jar (androidx.room:room-common:2.6.1) with ExtractProGuardRulesTransform
Transforming room-ktx-2.6.1.aar (androidx.room:room-ktx:2.6.1) with JetifyTransform
Transforming drawerlayout-1.1.1.aar (androidx.drawerlayout:drawerlayout:1.1.1) with FilterShrinkerRulesTransform
Skipping AarTransform: C:\Users\user\.gradle\caches\transforms-3\4d4b3f0524238b36b1a0d4335e32a8e5\transformed\dynamicanimation-1.0.0 as it is up-to-date.
Caching disabled for AarTransform: C:\Users\user\.gradle\caches\transforms-3\c589b80479df8889d96e60fd7d9c5d2b\transformed\transition-1.2.0 because:
  Build cache is disabled
Caching disabled for AarTransform: C:\Users\user\.gradle\caches\transforms-3\6ed70369f3cbd7b6be9f1b6bf7536159\transformed\jetified-play-services-appset-16.0.1 because:
  Build cache is disabled
Skipping AarTransform: C:\Users\user\.gradle\caches\transforms-3\c589b80479df8889d96e60fd7d9c5d2b\transformed\transition-1.2.0 as it is up-to-date.
Skipping AarTransform: C:\Users\user\.gradle\caches\transforms-3\6ed70369f3cbd7b6be9f1b6bf7536159\transformed\jetified-play-services-appset-16.0.1 as it is up-to-date.
Transforming room-ktx-2.6.1.aar (androidx.room:room-ktx:2.6.1) with ExtractAarTransform
Caching disabled for AarTransform: C:\Users\user\.gradle\caches\transforms-3\2619ed40ef3fa7bd0956e04ee7e7a9f1\transformed\vectordrawable-1.1.0 because:
  Build cache is disabled
Transforming play-services-appset-16.0.1.aar (com.google.android.gms:play-services-appset:16.0.1) with FilterShrinkerRulesTransform
Caching disabled for FilterShrinkerRulesTransform: C:\Users\user\.gradle\caches\transforms-3\401ad4d70a412e15a764e8464bd867fe\transformed\jetified-play-services-base-18.2.0\proguard.txt because:
  Build cache is disabled
Skipping FilterShrinkerRulesTransform: C:\Users\user\.gradle\caches\transforms-3\401ad4d70a412e15a764e8464bd867fe\transformed\jetified-play-services-base-18.2.0\proguard.txt as it is up-to-date.
Transforming play-services-base-18.2.0.aar (com.google.android.gms:play-services-base:18.2.0) with FilterShrinkerRulesTransform
Transforming play-services-ads-22.6.0.aar (com.google.android.gms:play-services-ads:22.6.0) with FilterShrinkerRulesTransform
Transforming room-ktx-2.6.1.aar (androidx.room:room-ktx:2.6.1) with AarTransform
Transforming play-services-ads-lite-22.6.0.aar (com.google.android.gms:play-services-ads-lite:22.6.0) with JetifyTransform
Transforming dynamicanimation-1.0.0.aar (androidx.dynamicanimation:dynamicanimation:1.0.0) with FilterShrinkerRulesTransform
Caching disabled for FilterShrinkerRulesTransform: C:\Users\user\.gradle\caches\transforms-3\9fd41aa9d8f4ce40527fd11c9e9d8547\transformed\coordinatorlayout-1.1.0\proguard.txt because:
  Build cache is disabled
Transforming transition-1.2.0.aar (androidx.transition:transition:1.2.0) with FilterShrinkerRulesTransform
Skipping FilterShrinkerRulesTransform: C:\Users\user\.gradle\caches\transforms-3\9fd41aa9d8f4ce40527fd11c9e9d8547\transformed\coordinatorlayout-1.1.0\proguard.txt as it is up-to-date.
Caching disabled for FilterShrinkerRulesTransform: C:\Users\user\.gradle\caches\transforms-3\cb4e1830d0316264aa08d7cecb5d49a4\transformed\jetified-play-services-ads-22.6.0\proguard.txt because:
  Build cache is disabled
Skipping AarTransform: C:\Users\user\.gradle\caches\transforms-3\2619ed40ef3fa7bd0956e04ee7e7a9f1\transformed\vectordrawable-1.1.0 as it is up-to-date.
Skipping FilterShrinkerRulesTransform: C:\Users\user\.gradle\caches\transforms-3\cb4e1830d0316264aa08d7cecb5d49a4\transformed\jetified-play-services-ads-22.6.0\proguard.txt as it is up-to-date.
Transforming vectordrawable-1.1.0.aar (androidx.vectordrawable:vectordrawable:1.1.0) with FilterShrinkerRulesTransform
Transforming vectordrawable-1.1.0.aar (androidx.vectordrawable:vectordrawable:1.1.0) with FilterShrinkerRulesTransform
Caching disabled for AarTransform: C:\Users\user\.gradle\caches\transforms-3\3ce319f41dad2e0f26341deb50e79fea\transformed\navigation-runtime-2.7.6 because:
  Build cache is disabled
Skipping AarTransform: C:\Users\user\.gradle\caches\transforms-3\3ce319f41dad2e0f26341deb50e79fea\transformed\navigation-runtime-2.7.6 as it is up-to-date.
Transforming play-services-ads-lite-22.6.0.aar (com.google.android.gms:play-services-ads-lite:22.6.0) with ExtractAarTransform
Caching disabled for AarTransform: C:\Users\user\.gradle\caches\transforms-3\5c3aa40a2b81e8d14341f580c5067842\transformed\jetified-hilt-navigation-1.1.0 because:
  Build cache is disabled
Transforming play-services-ads-lite-22.6.0.aar (com.google.android.gms:play-services-ads-lite:22.6.0) with AarTransform
Skipping AarTransform: C:\Users\user\.gradle\caches\transforms-3\5c3aa40a2b81e8d14341f580c5067842\transformed\jetified-hilt-navigation-1.1.0 as it is up-to-date.
Transforming work-runtime-2.7.0.aar (androidx.work:work-runtime:2.7.0) with JetifyTransform
Transforming navigation-runtime-2.7.6.aar (androidx.navigation:navigation-runtime:2.7.6) with FilterShrinkerRulesTransform
Transforming work-runtime-2.7.0.aar (androidx.work:work-runtime:2.7.0) with ExtractAarTransform
Transforming hilt-navigation-1.1.0.aar (androidx.hilt:hilt-navigation:1.1.0) with FilterShrinkerRulesTransform
Transforming work-runtime-2.7.0.aar (androidx.work:work-runtime:2.7.0) with AarTransform
Transforming room-runtime-2.6.1.aar (androidx.room:room-runtime:2.6.1) with JetifyTransform
Transforming room-runtime-2.6.1.aar (androidx.room:room-runtime:2.6.1) with ExtractAarTransform
Transforming room-runtime-2.6.1.aar (androidx.room:room-runtime:2.6.1) with AarTransform
Transforming room-paging-2.6.1.aar (androidx.room:room-paging:2.6.1) with JetifyTransform
Transforming room-paging-2.6.1.aar (androidx.room:room-paging:2.6.1) with ExtractAarTransform
Caching disabled for AarTransform: C:\Users\user\.gradle\caches\transforms-3\529160eccf25a2390ccb8db066af0ebf\transformed\jetified-hilt-navigation-compose-1.1.0 because:
  Build cache is disabled
Skipping AarTransform: C:\Users\user\.gradle\caches\transforms-3\529160eccf25a2390ccb8db066af0ebf\transformed\jetified-hilt-navigation-compose-1.1.0 as it is up-to-date.
Transforming room-paging-2.6.1.aar (androidx.room:room-paging:2.6.1) with AarTransform
Caching disabled for AarTransform: C:\Users\user\.gradle\caches\transforms-3\0f46e4ccc0eeb6bdb32e10768693dbb1\transformed\navigation-common-2.7.6 because:
  Build cache is disabled
Transforming hilt-navigation-compose-1.1.0.aar (androidx.hilt:hilt-navigation-compose:1.1.0) with FilterShrinkerRulesTransform
Caching disabled for AarTransform: C:\Users\user\.gradle\caches\transforms-3\e867abbcf77ff1131be5b6df08de5eee\transformed\navigation-runtime-ktx-2.7.6 because:
  Build cache is disabled
Skipping AarTransform: C:\Users\user\.gradle\caches\transforms-3\e867abbcf77ff1131be5b6df08de5eee\transformed\navigation-runtime-ktx-2.7.6 as it is up-to-date.
Transforming navigation-runtime-ktx-2.7.6.aar (androidx.navigation:navigation-runtime-ktx:2.7.6) with FilterShrinkerRulesTransform
Caching disabled for AarTransform: C:\Users\user\.gradle\caches\transforms-3\72921219f6734e39e36ce1ab1aad6d03\transformed\navigation-common-ktx-2.7.6 because:
  Build cache is disabled
Caching disabled for FilterShrinkerRulesTransform: C:\Users\user\.gradle\caches\transforms-3\c589b80479df8889d96e60fd7d9c5d2b\transformed\transition-1.2.0\proguard.txt because:
  Build cache is disabled
Skipping FilterShrinkerRulesTransform: C:\Users\user\.gradle\caches\transforms-3\c589b80479df8889d96e60fd7d9c5d2b\transformed\transition-1.2.0\proguard.txt as it is up-to-date.
Caching disabled for AarTransform: C:\Users\user\.gradle\caches\transforms-3\deeed389b8629d1b86b0d43d85b80f15\transformed\jetified-room-ktx-2.6.1 because:
  Build cache is disabled
Skipping AarTransform: C:\Users\user\.gradle\caches\transforms-3\deeed389b8629d1b86b0d43d85b80f15\transformed\jetified-room-ktx-2.6.1 as it is up-to-date.
Caching disabled for ExtractProGuardRulesTransform: C:\Users\user\.gradle\caches\modules-2\files-2.1\androidx.room\room-common\2.6.1\ff1b9580850a9b7eef56554e356628d225785265\room-common-2.6.1.jar because:
  Build cache is disabled
Skipping ExtractProGuardRulesTransform: C:\Users\user\.gradle\caches\modules-2\files-2.1\androidx.room\room-common\2.6.1\ff1b9580850a9b7eef56554e356628d225785265\room-common-2.6.1.jar as it is up-to-date.
Transforming room-common-2.6.1.jar (androidx.room:room-common:2.6.1) with FilterShrinkerRulesTransform
Transforming paging-runtime-3.2.1.aar (androidx.paging:paging-runtime:3.2.1) with JetifyTransform
Caching disabled for AarTransform: C:\Users\user\.gradle\caches\transforms-3\a0851db4a7ec9890e76aff435b580121\transformed\room-runtime-2.6.1 because:
  Build cache is disabled
Caching disabled for FilterShrinkerRulesTransform: C:\Users\user\.gradle\caches\transforms-3\f0f9ccfae522ac4dd97fb98b3f926856\transformed\appcompat-1.6.1\proguard.txt because:
  Build cache is disabled
Skipping AarTransform: C:\Users\user\.gradle\caches\transforms-3\a0851db4a7ec9890e76aff435b580121\transformed\room-runtime-2.6.1 as it is up-to-date.
Transforming room-ktx-2.6.1.aar (androidx.room:room-ktx:2.6.1) with FilterShrinkerRulesTransform
Caching disabled for AarTransform: C:\Users\user\.gradle\caches\transforms-3\ae35f69c27c9ae25ab61f505d1c73246\transformed\jetified-navigation-compose-2.7.6 because:
  Build cache is disabled
Caching disabled for AarTransform: C:\Users\user\.gradle\caches\transforms-3\48cbbb2a7e04ed4bd14f5ee9909e7333\transformed\jetified-room-paging-2.6.1 because:
  Build cache is disabled
Skipping AarTransform: C:\Users\user\.gradle\caches\transforms-3\72921219f6734e39e36ce1ab1aad6d03\transformed\navigation-common-ktx-2.7.6 as it is up-to-date.
Skipping AarTransform: C:\Users\user\.gradle\caches\transforms-3\48cbbb2a7e04ed4bd14f5ee9909e7333\transformed\jetified-room-paging-2.6.1 as it is up-to-date.
Skipping AarTransform: C:\Users\user\.gradle\caches\transforms-3\0f46e4ccc0eeb6bdb32e10768693dbb1\transformed\navigation-common-2.7.6 as it is up-to-date.
Transforming room-paging-2.6.1.aar (androidx.room:room-paging:2.6.1) with FilterShrinkerRulesTransform
Transforming navigation-common-ktx-2.7.6.aar (androidx.navigation:navigation-common-ktx:2.7.6) with FilterShrinkerRulesTransform
Transforming room-runtime-2.6.1.aar (androidx.room:room-runtime:2.6.1) with FilterShrinkerRulesTransform
Skipping AarTransform: C:\Users\user\.gradle\caches\transforms-3\ae35f69c27c9ae25ab61f505d1c73246\transformed\jetified-navigation-compose-2.7.6 as it is up-to-date.
Transforming navigation-compose-2.7.6.aar (androidx.navigation:navigation-compose:2.7.6) with FilterShrinkerRulesTransform
Caching disabled for AarTransform: C:\Users\user\.gradle\caches\transforms-3\c91da17cc1cab4ba2d28b8a00826b7a4\transformed\vectordrawable-animated-1.1.0 because:
  Build cache is disabled
Caching disabled for AarTransform: C:\Users\user\.gradle\caches\transforms-3\f60bd6a2f18e5772f3e63663a99cb4e1\transformed\jetified-accompanist-permissions-0.32.0 because:
  Build cache is disabled
Skipping AarTransform: C:\Users\user\.gradle\caches\transforms-3\f60bd6a2f18e5772f3e63663a99cb4e1\transformed\jetified-accompanist-permissions-0.32.0 as it is up-to-date.
Caching disabled for AarTransform: C:\Users\user\.gradle\caches\transforms-3\c4b49199efd8b05d152a707fc92393f9\transformed\jetified-play-services-ads-lite-22.6.0 because:
  Build cache is disabled
Caching disabled for AarTransform: C:\Users\user\.gradle\caches\transforms-3\d13efe73e15feb692f299aca534190ce\transformed\work-runtime-2.7.0 because:
  Build cache is disabled
Skipping AarTransform: C:\Users\user\.gradle\caches\transforms-3\d13efe73e15feb692f299aca534190ce\transformed\work-runtime-2.7.0 as it is up-to-date.
Transforming navigation-common-2.7.6.aar (androidx.navigation:navigation-common:2.7.6) with FilterShrinkerRulesTransform
Transforming work-runtime-2.7.0.aar (androidx.work:work-runtime:2.7.0) with FilterShrinkerRulesTransform
Skipping FilterShrinkerRulesTransform: C:\Users\user\.gradle\caches\transforms-3\f0f9ccfae522ac4dd97fb98b3f926856\transformed\appcompat-1.6.1\proguard.txt as it is up-to-date.
Transforming paging-runtime-3.2.1.aar (androidx.paging:paging-runtime:3.2.1) with ExtractAarTransform
Transforming accompanist-permissions-0.32.0.aar (com.google.accompanist:accompanist-permissions:0.32.0) with FilterShrinkerRulesTransform
Caching disabled for FilterShrinkerRulesTransform: C:\Users\user\.gradle\caches\transforms-3\a0851db4a7ec9890e76aff435b580121\transformed\room-runtime-2.6.1\proguard.txt because:
  Build cache is disabled
Skipping FilterShrinkerRulesTransform: C:\Users\user\.gradle\caches\transforms-3\a0851db4a7ec9890e76aff435b580121\transformed\room-runtime-2.6.1\proguard.txt as it is up-to-date.
Skipping AarTransform: C:\Users\user\.gradle\caches\transforms-3\c4b49199efd8b05d152a707fc92393f9\transformed\jetified-play-services-ads-lite-22.6.0 as it is up-to-date.
Skipping AarTransform: C:\Users\user\.gradle\caches\transforms-3\c91da17cc1cab4ba2d28b8a00826b7a4\transformed\vectordrawable-animated-1.1.0 as it is up-to-date.
Transforming paging-runtime-3.2.1.aar (androidx.paging:paging-runtime:3.2.1) with AarTransform
Transforming play-services-ads-lite-22.6.0.aar (com.google.android.gms:play-services-ads-lite:22.6.0) with FilterShrinkerRulesTransform
Transforming vectordrawable-animated-1.1.0.aar (androidx.vectordrawable:vectordrawable-animated:1.1.0) with FilterShrinkerRulesTransform
Transforming paging-common-ktx-3.2.1.jar (androidx.paging:paging-common-ktx:3.2.1) with JetifyTransform
Transforming paging-common-ktx-3.2.1.jar (androidx.paging:paging-common-ktx:3.2.1) with ExtractProGuardRulesTransform
Caching disabled for FilterShrinkerRulesTransform: C:\Users\user\.gradle\caches\transforms-3\d13efe73e15feb692f299aca534190ce\transformed\work-runtime-2.7.0\proguard.txt because:
  Build cache is disabled
Transforming paging-common-3.2.1.jar (androidx.paging:paging-common:3.2.1) with JetifyTransform
Skipping FilterShrinkerRulesTransform: C:\Users\user\.gradle\caches\transforms-3\d13efe73e15feb692f299aca534190ce\transformed\work-runtime-2.7.0\proguard.txt as it is up-to-date.
Transforming paging-common-3.2.1.jar (androidx.paging:paging-common:3.2.1) with ExtractProGuardRulesTransform
Transforming paging-runtime-ktx-3.2.1.aar (androidx.paging:paging-runtime-ktx:3.2.1) with JetifyTransform
Transforming paging-runtime-ktx-3.2.1.aar (androidx.paging:paging-runtime-ktx:3.2.1) with ExtractAarTransform
Transforming paging-runtime-ktx-3.2.1.aar (androidx.paging:paging-runtime-ktx:3.2.1) with AarTransform
Transforming paging-compose-3.2.1.aar (androidx.paging:paging-compose:3.2.1) with JetifyTransform
Transforming paging-compose-3.2.1.aar (androidx.paging:paging-compose:3.2.1) with ExtractAarTransform
Transforming paging-compose-3.2.1.aar (androidx.paging:paging-compose:3.2.1) with AarTransform
Transforming material3-release.aar (androidx.compose.material3:material3-android:1.2.0) with JetifyTransform
Transforming material3-release.aar (androidx.compose.material3:material3-android:1.2.0) with ExtractAarTransform
Transforming material3-release.aar (androidx.compose.material3:material3-android:1.2.0) with AarTransform
Transforming material-ripple-release.aar (androidx.compose.material:material-ripple-android:1.6.1) with JetifyTransform
Transforming material-ripple-release.aar (androidx.compose.material:material-ripple-android:1.6.1) with ExtractAarTransform
Transforming material-ripple-release.aar (androidx.compose.material:material-ripple-android:1.6.1) with AarTransform
Transforming material-icons-core-release.aar (androidx.compose.material:material-icons-core-android:1.6.1) with JetifyTransform
Transforming material-icons-core-release.aar (androidx.compose.material:material-icons-core-android:1.6.1) with ExtractAarTransform
Transforming material-icons-core-release.aar (androidx.compose.material:material-icons-core-android:1.6.1) with AarTransform
Transforming material-release.aar (androidx.compose.material:material-android:1.6.1) with JetifyTransform
Transforming material-release.aar (androidx.compose.material:material-android:1.6.1) with ExtractAarTransform
Caching disabled for AarTransform: C:\Users\user\.gradle\caches\transforms-3\20b81b3594ace06c7a70dff3a2366e16\transformed\paging-runtime-3.2.1 because:
  Build cache is disabled
Skipping AarTransform: C:\Users\user\.gradle\caches\transforms-3\20b81b3594ace06c7a70dff3a2366e16\transformed\paging-runtime-3.2.1 as it is up-to-date.
Transforming material-release.aar (androidx.compose.material:material-android:1.6.1) with AarTransform
Caching disabled for FilterShrinkerRulesTransform: C:\Users\user\.gradle\caches\transforms-3\c91da17cc1cab4ba2d28b8a00826b7a4\transformed\vectordrawable-animated-1.1.0\proguard.txt because:
  Build cache is disabled
Transforming animation-core-release.aar (androidx.compose.animation:animation-core-android:1.6.1) with JetifyTransform
Transforming animation-core-release.aar (androidx.compose.animation:animation-core-android:1.6.1) with ExtractAarTransform
Transforming animation-core-release.aar (androidx.compose.animation:animation-core-android:1.6.1) with AarTransform
Transforming animation-release.aar (androidx.compose.animation:animation-android:1.6.1) with JetifyTransform
Transforming paging-runtime-3.2.1.aar (androidx.paging:paging-runtime:3.2.1) with FilterShrinkerRulesTransform
Transforming animation-release.aar (androidx.compose.animation:animation-android:1.6.1) with ExtractAarTransform
Skipping FilterShrinkerRulesTransform: C:\Users\user\.gradle\caches\transforms-3\c91da17cc1cab4ba2d28b8a00826b7a4\transformed\vectordrawable-animated-1.1.0\proguard.txt as it is up-to-date.
Transforming animation-release.aar (androidx.compose.animation:animation-android:1.6.1) with AarTransform
Caching disabled for ExtractProGuardRulesTransform: C:\Users\user\.gradle\caches\modules-2\files-2.1\androidx.paging\paging-common\3.2.1\48d6af8b2cfb4da25557588b471557fa0751efbb\paging-common-3.2.1.jar because:
  Build cache is disabled
Skipping ExtractProGuardRulesTransform: C:\Users\user\.gradle\caches\modules-2\files-2.1\androidx.paging\paging-common\3.2.1\48d6af8b2cfb4da25557588b471557fa0751efbb\paging-common-3.2.1.jar as it is up-to-date.
Caching disabled for FilterShrinkerRulesTransform: C:\Users\user\.gradle\caches\transforms-3\c4b49199efd8b05d152a707fc92393f9\transformed\jetified-play-services-ads-lite-22.6.0\proguard.txt because:
  Build cache is disabled
Transforming paging-common-3.2.1.jar (androidx.paging:paging-common:3.2.1) with FilterShrinkerRulesTransform
Skipping FilterShrinkerRulesTransform: C:\Users\user\.gradle\caches\transforms-3\c4b49199efd8b05d152a707fc92393f9\transformed\jetified-play-services-ads-lite-22.6.0\proguard.txt as it is up-to-date.
Transforming foundation-layout-release.aar (androidx.compose.foundation:foundation-layout-android:1.6.1) with JetifyTransform
Caching disabled for AarTransform: C:\Users\user\.gradle\caches\transforms-3\88935f1d435615fcfcf4533f1e74a0c1\transformed\jetified-paging-runtime-ktx-3.2.1 because:
  Build cache is disabled
Skipping AarTransform: C:\Users\user\.gradle\caches\transforms-3\88935f1d435615fcfcf4533f1e74a0c1\transformed\jetified-paging-runtime-ktx-3.2.1 as it is up-to-date.
Caching disabled for FilterShrinkerRulesTransform: C:\Users\user\.gradle\caches\transforms-3\0f46e4ccc0eeb6bdb32e10768693dbb1\transformed\navigation-common-2.7.6\proguard.txt because:
  Build cache is disabled
Skipping FilterShrinkerRulesTransform: C:\Users\user\.gradle\caches\transforms-3\0f46e4ccc0eeb6bdb32e10768693dbb1\transformed\navigation-common-2.7.6\proguard.txt as it is up-to-date.
Transforming paging-runtime-ktx-3.2.1.aar (androidx.paging:paging-runtime-ktx:3.2.1) with FilterShrinkerRulesTransform
Transforming foundation-layout-release.aar (androidx.compose.foundation:foundation-layout-android:1.6.1) with ExtractAarTransform
Transforming foundation-layout-release.aar (androidx.compose.foundation:foundation-layout-android:1.6.1) with AarTransform
Transforming foundation-release.aar (androidx.compose.foundation:foundation-android:1.6.1) with JetifyTransform
Transforming foundation-release.aar (androidx.compose.foundation:foundation-android:1.6.1) with ExtractAarTransform
Transforming foundation-release.aar (androidx.compose.foundation:foundation-android:1.6.1) with AarTransform
Transforming ui-unit-release.aar (androidx.compose.ui:ui-unit-android:1.6.1) with JetifyTransform
Caching disabled for AarTransform: C:\Users\user\.gradle\caches\transforms-3\9eb07947c41291dd8dfaea7376b52cb3\transformed\jetified-material3-release because:
  Build cache is disabled
Caching disabled for ExtractProGuardRulesTransform: C:\Users\user\.gradle\caches\transforms-3\7308236ebe5bc620bd7fbb5deb7c61c6\transformed\jetified-paging-common-ktx-3.2.1.jar because:
  Build cache is disabled
Skipping ExtractProGuardRulesTransform: C:\Users\user\.gradle\caches\transforms-3\7308236ebe5bc620bd7fbb5deb7c61c6\transformed\jetified-paging-common-ktx-3.2.1.jar as it is up-to-date.
Transforming paging-common-ktx-3.2.1.jar (androidx.paging:paging-common-ktx:3.2.1) with FilterShrinkerRulesTransform
Transforming ui-unit-release.aar (androidx.compose.ui:ui-unit-android:1.6.1) with ExtractAarTransform
Caching disabled for AarTransform: C:\Users\user\.gradle\caches\transforms-3\8773d98ab94b13f9d6437ce7e24c811e\transformed\jetified-paging-compose-3.2.1 because:
  Build cache is disabled
Skipping AarTransform: C:\Users\user\.gradle\caches\transforms-3\9eb07947c41291dd8dfaea7376b52cb3\transformed\jetified-material3-release as it is up-to-date.
Skipping AarTransform: C:\Users\user\.gradle\caches\transforms-3\8773d98ab94b13f9d6437ce7e24c811e\transformed\jetified-paging-compose-3.2.1 as it is up-to-date.
Transforming ui-unit-release.aar (androidx.compose.ui:ui-unit-android:1.6.1) with AarTransform
Transforming ui-geometry-release.aar (androidx.compose.ui:ui-geometry-android:1.6.1) with JetifyTransform
Transforming material3-release.aar (androidx.compose.material3:material3-android:1.2.0) with FilterShrinkerRulesTransform
Transforming ui-geometry-release.aar (androidx.compose.ui:ui-geometry-android:1.6.1) with ExtractAarTransform
Transforming paging-compose-3.2.1.aar (androidx.paging:paging-compose:3.2.1) with FilterShrinkerRulesTransform
Transforming ui-geometry-release.aar (androidx.compose.ui:ui-geometry-android:1.6.1) with AarTransform
Transforming ui-util-release.aar (androidx.compose.ui:ui-util-android:1.6.1) with JetifyTransform
Transforming ui-util-release.aar (androidx.compose.ui:ui-util-android:1.6.1) with ExtractAarTransform
Transforming ui-util-release.aar (androidx.compose.ui:ui-util-android:1.6.1) with AarTransform
Transforming ui-text-release.aar (androidx.compose.ui:ui-text-android:1.6.1) with JetifyTransform
Transforming ui-text-release.aar (androidx.compose.ui:ui-text-android:1.6.1) with ExtractAarTransform
Transforming ui-text-release.aar (androidx.compose.ui:ui-text-android:1.6.1) with AarTransform
Transforming ui-tooling-preview-release.aar (androidx.compose.ui:ui-tooling-preview-android:1.6.1) with JetifyTransform
Transforming ui-tooling-preview-release.aar (androidx.compose.ui:ui-tooling-preview-android:1.6.1) with ExtractAarTransform
Transforming ui-tooling-preview-release.aar (androidx.compose.ui:ui-tooling-preview-android:1.6.1) with AarTransform
Transforming ui-graphics-release.aar (androidx.compose.ui:ui-graphics-android:1.6.1) with JetifyTransform
Transforming ui-graphics-release.aar (androidx.compose.ui:ui-graphics-android:1.6.1) with ExtractAarTransform
Transforming ui-graphics-release.aar (androidx.compose.ui:ui-graphics-android:1.6.1) with AarTransform
Transforming runtime-saveable-release.aar (androidx.compose.runtime:runtime-saveable-android:1.6.1) with JetifyTransform
Transforming runtime-saveable-release.aar (androidx.compose.runtime:runtime-saveable-android:1.6.1) with ExtractAarTransform
Transforming runtime-saveable-release.aar (androidx.compose.runtime:runtime-saveable-android:1.6.1) with AarTransform
Transforming runtime-release.aar (androidx.compose.runtime:runtime-android:1.6.1) with JetifyTransform
Transforming runtime-release.aar (androidx.compose.runtime:runtime-android:1.6.1) with ExtractAarTransform
Caching disabled for AarTransform: C:\Users\user\.gradle\caches\transforms-3\be77d38c4543d58a04ecd2e2930e4907\transformed\jetified-material-icons-core-release because:
  Build cache is disabled
Skipping AarTransform: C:\Users\user\.gradle\caches\transforms-3\be77d38c4543d58a04ecd2e2930e4907\transformed\jetified-material-icons-core-release as it is up-to-date.
Caching disabled for AarTransform: C:\Users\user\.gradle\caches\transforms-3\cbc2465336ded970d23300a578f47882\transformed\jetified-material-release because:
  Build cache is disabled
Skipping AarTransform: C:\Users\user\.gradle\caches\transforms-3\cbc2465336ded970d23300a578f47882\transformed\jetified-material-release as it is up-to-date.
Transforming material-icons-core-release.aar (androidx.compose.material:material-icons-core-android:1.6.1) with FilterShrinkerRulesTransform
Transforming material-release.aar (androidx.compose.material:material-android:1.6.1) with FilterShrinkerRulesTransform
Transforming runtime-release.aar (androidx.compose.runtime:runtime-android:1.6.1) with AarTransform
Caching disabled for AarTransform: C:\Users\user\.gradle\caches\transforms-3\b6b0faadec3c628e9c76a6db86636b8a\transformed\jetified-material-ripple-release because:
  Build cache is disabled
Skipping AarTransform: C:\Users\user\.gradle\caches\transforms-3\b6b0faadec3c628e9c76a6db86636b8a\transformed\jetified-material-ripple-release as it is up-to-date.
Transforming material-ripple-release.aar (androidx.compose.material:material-ripple-android:1.6.1) with FilterShrinkerRulesTransform
Caching disabled for AarTransform: C:\Users\user\.gradle\caches\transforms-3\a8d18580fb95d594af0e3ea2434d1f2a\transformed\jetified-animation-core-release because:
  Build cache is disabled
Skipping AarTransform: C:\Users\user\.gradle\caches\transforms-3\a8d18580fb95d594af0e3ea2434d1f2a\transformed\jetified-animation-core-release as it is up-to-date.
Caching disabled for AarTransform: C:\Users\user\.gradle\caches\transforms-3\a2969d7a46a5d26397bd0a40364b7789\transformed\jetified-ui-unit-release because:
  Build cache is disabled
Skipping AarTransform: C:\Users\user\.gradle\caches\transforms-3\a2969d7a46a5d26397bd0a40364b7789\transformed\jetified-ui-unit-release as it is up-to-date.
Transforming animation-core-release.aar (androidx.compose.animation:animation-core-android:1.6.1) with FilterShrinkerRulesTransform
Caching disabled for AarTransform: C:\Users\user\.gradle\caches\transforms-3\8d3e065e204b9a972c9d9d381b9eab8e\transformed\jetified-ui-tooling-preview-release because:
  Build cache is disabled
Skipping AarTransform: C:\Users\user\.gradle\caches\transforms-3\8d3e065e204b9a972c9d9d381b9eab8e\transformed\jetified-ui-tooling-preview-release as it is up-to-date.
Transforming ui-tooling-preview-release.aar (androidx.compose.ui:ui-tooling-preview-android:1.6.1) with FilterShrinkerRulesTransform
Caching disabled for AarTransform: C:\Users\user\.gradle\caches\transforms-3\a24bbb3d7412e2af4b948b956c9db569\transformed\jetified-ui-util-release because:
  Build cache is disabled
Skipping AarTransform: C:\Users\user\.gradle\caches\transforms-3\a24bbb3d7412e2af4b948b956c9db569\transformed\jetified-ui-util-release as it is up-to-date.
Caching disabled for AarTransform: C:\Users\user\.gradle\caches\transforms-3\d0defa3efce5913b5e3d5a8aac5cb6a4\transformed\jetified-ui-graphics-release because:
  Build cache is disabled
Transforming ui-util-release.aar (androidx.compose.ui:ui-util-android:1.6.1) with FilterShrinkerRulesTransform
Caching disabled for AarTransform: C:\Users\user\.gradle\caches\transforms-3\1371974239ba7d2e1f74577aa0076246\transformed\jetified-foundation-release because:
  Build cache is disabled
Caching disabled for AarTransform: C:\Users\user\.gradle\caches\transforms-3\ca905dde751b020875aee835366c918b\transformed\jetified-ui-geometry-release because:
  Build cache is disabled
Skipping AarTransform: C:\Users\user\.gradle\caches\transforms-3\1371974239ba7d2e1f74577aa0076246\transformed\jetified-foundation-release as it is up-to-date.
Skipping AarTransform: C:\Users\user\.gradle\caches\transforms-3\ca905dde751b020875aee835366c918b\transformed\jetified-ui-geometry-release as it is up-to-date.
Caching disabled for AarTransform: C:\Users\user\.gradle\caches\transforms-3\c0256db1311281ff7005418483771fda\transformed\jetified-foundation-layout-release because:
  Build cache is disabled
Skipping AarTransform: C:\Users\user\.gradle\caches\transforms-3\c0256db1311281ff7005418483771fda\transformed\jetified-foundation-layout-release as it is up-to-date.
Transforming ui-geometry-release.aar (androidx.compose.ui:ui-geometry-android:1.6.1) with FilterShrinkerRulesTransform
Transforming runtime-livedata-1.6.1.aar (androidx.compose.runtime:runtime-livedata:1.6.1) with JetifyTransform
Transforming foundation-layout-release.aar (androidx.compose.foundation:foundation-layout-android:1.6.1) with FilterShrinkerRulesTransform
Transforming runtime-livedata-1.6.1.aar (androidx.compose.runtime:runtime-livedata:1.6.1) with ExtractAarTransform
Caching disabled for AarTransform: C:\Users\user\.gradle\caches\transforms-3\0a80b947bb60c2e5812c98a4cde80cb9\transformed\jetified-animation-release because:
  Build cache is disabled
Skipping AarTransform: C:\Users\user\.gradle\caches\transforms-3\0a80b947bb60c2e5812c98a4cde80cb9\transformed\jetified-animation-release as it is up-to-date.
Transforming runtime-livedata-1.6.1.aar (androidx.compose.runtime:runtime-livedata:1.6.1) with AarTransform
Transforming foundation-release.aar (androidx.compose.foundation:foundation-android:1.6.1) with FilterShrinkerRulesTransform
Caching disabled for AarTransform: C:\Users\user\.gradle\caches\transforms-3\a12ebe0bcfa38772b01b24696e6db1a0\transformed\jetified-runtime-saveable-release because:
  Build cache is disabled
Skipping AarTransform: C:\Users\user\.gradle\caches\transforms-3\a12ebe0bcfa38772b01b24696e6db1a0\transformed\jetified-runtime-saveable-release as it is up-to-date.
Skipping AarTransform: C:\Users\user\.gradle\caches\transforms-3\d0defa3efce5913b5e3d5a8aac5cb6a4\transformed\jetified-ui-graphics-release as it is up-to-date.
Transforming ui-unit-release.aar (androidx.compose.ui:ui-unit-android:1.6.1) with FilterShrinkerRulesTransform
Transforming runtime-saveable-release.aar (androidx.compose.runtime:runtime-saveable-android:1.6.1) with FilterShrinkerRulesTransform
Transforming animation-release.aar (androidx.compose.animation:animation-android:1.6.1) with FilterShrinkerRulesTransform
Transforming hilt-android-2.49.aar (com.google.dagger:hilt-android:2.49) with JetifyTransform
Transforming ui-graphics-release.aar (androidx.compose.ui:ui-graphics-android:1.6.1) with FilterShrinkerRulesTransform
Transforming hilt-android-2.49.aar (com.google.dagger:hilt-android:2.49) with ExtractAarTransform
Caching disabled for AarTransform: C:\Users\user\.gradle\caches\transforms-3\40952bfae19697ea740a0392ac032553\transformed\jetified-runtime-release because:
  Build cache is disabled
Transforming hilt-android-2.49.aar (com.google.dagger:hilt-android:2.49) with AarTransform
Skipping AarTransform: C:\Users\user\.gradle\caches\transforms-3\40952bfae19697ea740a0392ac032553\transformed\jetified-runtime-release as it is up-to-date.
Transforming runtime-release.aar (androidx.compose.runtime:runtime-android:1.6.1) with FilterShrinkerRulesTransform
Transforming play-services-tasks-18.0.2.aar (com.google.android.gms:play-services-tasks:18.0.2) with JetifyTransform
Transforming play-services-tasks-18.0.2.aar (com.google.android.gms:play-services-tasks:18.0.2) with ExtractAarTransform
Transforming play-services-tasks-18.0.2.aar (com.google.android.gms:play-services-tasks:18.0.2) with AarTransform
Caching disabled for AarTransform: C:\Users\user\.gradle\caches\transforms-3\86393e3996726b41f76008ce236fad9e\transformed\jetified-runtime-livedata-1.6.1 because:
  Build cache is disabled
Transforming play-services-tasks-18.0.2.aar (com.google.android.gms:play-services-tasks:18.0.2) with JetifyTransform
Skipping AarTransform: C:\Users\user\.gradle\caches\transforms-3\86393e3996726b41f76008ce236fad9e\transformed\jetified-runtime-livedata-1.6.1 as it is up-to-date.
Transforming runtime-livedata-1.6.1.aar (androidx.compose.runtime:runtime-livedata:1.6.1) with FilterShrinkerRulesTransform
Caching disabled for AarTransform: C:\Users\user\.gradle\caches\transforms-3\153cbe083d7bbbca75db78a9ed87c037\transformed\jetified-ui-text-release because:
  Build cache is disabled
Caching disabled for AarTransform: C:\Users\user\.gradle\caches\transforms-3\7609d0ec1dd432c286d684064b087864\transformed\jetified-hilt-android-2.49 because:
  Build cache is disabled
Transforming play-services-tasks-18.0.2.aar (com.google.android.gms:play-services-tasks:18.0.2) with ExtractAarTransform
Skipping AarTransform: C:\Users\user\.gradle\caches\transforms-3\7609d0ec1dd432c286d684064b087864\transformed\jetified-hilt-android-2.49 as it is up-to-date.
Transforming play-services-tasks-18.0.2.aar (com.google.android.gms:play-services-tasks:18.0.2) with AarTransform
Skipping AarTransform: C:\Users\user\.gradle\caches\transforms-3\153cbe083d7bbbca75db78a9ed87c037\transformed\jetified-ui-text-release as it is up-to-date.
Transforming play-services-tasks-18.0.2.aar (com.google.android.gms:play-services-tasks:18.0.2) with JetifyTransform
Transforming play-services-tasks-18.0.2.aar (com.google.android.gms:play-services-tasks:18.0.2) with ExtractAarTransform
Transforming play-services-tasks-18.0.2.aar (com.google.android.gms:play-services-tasks:18.0.2) with AarTransform
Transforming ui-text-release.aar (androidx.compose.ui:ui-text-android:1.6.1) with FilterShrinkerRulesTransform
Transforming play-services-ads-base-22.6.0.aar (com.google.android.gms:play-services-ads-base:22.6.0) with JetifyTransform
Transforming hilt-android-2.49.aar (com.google.dagger:hilt-android:2.49) with FilterShrinkerRulesTransform
Transforming play-services-ads-base-22.6.0.aar (com.google.android.gms:play-services-ads-base:22.6.0) with ExtractAarTransform
Transforming play-services-ads-base-22.6.0.aar (com.google.android.gms:play-services-ads-base:22.6.0) with AarTransform
Transforming play-services-ads-base-22.6.0.aar (com.google.android.gms:play-services-ads-base:22.6.0) with JetifyTransform
Transforming play-services-ads-base-22.6.0.aar (com.google.android.gms:play-services-ads-base:22.6.0) with ExtractAarTransform
Transforming play-services-ads-base-22.6.0.aar (com.google.android.gms:play-services-ads-base:22.6.0) with AarTransform
Caching disabled for AarTransform: C:\Users\user\.gradle\caches\transforms-3\09909989bcc6df1cb4cf8f5bc33de582\transformed\jetified-play-services-tasks-18.0.2 because:
  Build cache is disabled
Transforming user-messaging-platform-2.1.0.aar (com.google.android.ump:user-messaging-platform:2.1.0) with JetifyTransform
Transforming user-messaging-platform-2.1.0.aar (com.google.android.ump:user-messaging-platform:2.1.0) with ExtractAarTransform
Skipping AarTransform: C:\Users\user\.gradle\caches\transforms-3\09909989bcc6df1cb4cf8f5bc33de582\transformed\jetified-play-services-tasks-18.0.2 as it is up-to-date.
Caching disabled for FilterShrinkerRulesTransform: C:\Users\user\.gradle\caches\transforms-3\40952bfae19697ea740a0392ac032553\transformed\jetified-runtime-release\proguard.txt because:
  Build cache is disabled
Caching disabled for FilterShrinkerRulesTransform: C:\Users\user\.gradle\caches\transforms-3\7609d0ec1dd432c286d684064b087864\transformed\jetified-hilt-android-2.49\proguard.txt because:
  Build cache is disabled
Skipping FilterShrinkerRulesTransform: C:\Users\user\.gradle\caches\transforms-3\40952bfae19697ea740a0392ac032553\transformed\jetified-runtime-release\proguard.txt as it is up-to-date.
Skipping FilterShrinkerRulesTransform: C:\Users\user\.gradle\caches\transforms-3\7609d0ec1dd432c286d684064b087864\transformed\jetified-hilt-android-2.49\proguard.txt as it is up-to-date.
Transforming user-messaging-platform-2.1.0.aar (com.google.android.ump:user-messaging-platform:2.1.0) with AarTransform
Transforming play-services-tasks-18.0.2.aar (com.google.android.gms:play-services-tasks:18.0.2) with FilterShrinkerRulesTransform
Transforming play-services-tasks-18.0.2.aar (com.google.android.gms:play-services-tasks:18.0.2) with FilterShrinkerRulesTransform
Transforming play-services-tasks-18.0.2.aar (com.google.android.gms:play-services-tasks:18.0.2) with FilterShrinkerRulesTransform
Transforming play-services-ads-identifier-18.0.0.aar (com.google.android.gms:play-services-ads-identifier:18.0.0) with JetifyTransform
Transforming play-services-ads-identifier-18.0.0.aar (com.google.android.gms:play-services-ads-identifier:18.0.0) with ExtractAarTransform
Transforming play-services-ads-identifier-18.0.0.aar (com.google.android.gms:play-services-ads-identifier:18.0.0) with AarTransform
Transforming play-services-ads-identifier-18.0.0.aar (com.google.android.gms:play-services-ads-identifier:18.0.0) with JetifyTransform
Transforming play-services-ads-identifier-18.0.0.aar (com.google.android.gms:play-services-ads-identifier:18.0.0) with ExtractAarTransform
Transforming play-services-ads-identifier-18.0.0.aar (com.google.android.gms:play-services-ads-identifier:18.0.0) with AarTransform
Transforming play-services-measurement-sdk-api-20.1.2.aar (com.google.android.gms:play-services-measurement-sdk-api:20.1.2) with JetifyTransform
Transforming play-services-measurement-sdk-api-20.1.2.aar (com.google.android.gms:play-services-measurement-sdk-api:20.1.2) with ExtractAarTransform
Transforming play-services-measurement-sdk-api-20.1.2.aar (com.google.android.gms:play-services-measurement-sdk-api:20.1.2) with AarTransform
Transforming play-services-measurement-base-20.1.2.aar (com.google.android.gms:play-services-measurement-base:20.1.2) with JetifyTransform
Transforming play-services-measurement-base-20.1.2.aar (com.google.android.gms:play-services-measurement-base:20.1.2) with ExtractAarTransform
Transforming play-services-measurement-base-20.1.2.aar (com.google.android.gms:play-services-measurement-base:20.1.2) with AarTransform
Transforming play-services-basement-18.2.0.aar (com.google.android.gms:play-services-basement:18.2.0) with JetifyTransform
Transforming play-services-basement-18.2.0.aar (com.google.android.gms:play-services-basement:18.2.0) with ExtractAarTransform
Transforming play-services-basement-18.2.0.aar (com.google.android.gms:play-services-basement:18.2.0) with AarTransform
Transforming play-services-basement-18.2.0.aar (com.google.android.gms:play-services-basement:18.2.0) with JetifyTransform
Transforming play-services-basement-18.2.0.aar (com.google.android.gms:play-services-basement:18.2.0) with ExtractAarTransform
Caching disabled for FilterShrinkerRulesTransform: C:\Users\user\.gradle\caches\transforms-3\09909989bcc6df1cb4cf8f5bc33de582\transformed\jetified-play-services-tasks-18.0.2\proguard.txt because:
  Build cache is disabled
Caching disabled for AarTransform: C:\Users\user\.gradle\caches\transforms-3\2a2496b4dd7bead2a2d5dfdd36faba56\transformed\jetified-user-messaging-platform-2.1.0 because:
  Build cache is disabled
Skipping FilterShrinkerRulesTransform: C:\Users\user\.gradle\caches\transforms-3\09909989bcc6df1cb4cf8f5bc33de582\transformed\jetified-play-services-tasks-18.0.2\proguard.txt as it is up-to-date.
Skipping AarTransform: C:\Users\user\.gradle\caches\transforms-3\2a2496b4dd7bead2a2d5dfdd36faba56\transformed\jetified-user-messaging-platform-2.1.0 as it is up-to-date.
Transforming user-messaging-platform-2.1.0.aar (com.google.android.ump:user-messaging-platform:2.1.0) with FilterShrinkerRulesTransform
Caching disabled for AarTransform: C:\Users\user\.gradle\caches\transforms-3\b28c9dde44421952352d4ece06208963\transformed\jetified-play-services-measurement-sdk-api-20.1.2 because:
  Build cache is disabled
Skipping AarTransform: C:\Users\user\.gradle\caches\transforms-3\b28c9dde44421952352d4ece06208963\transformed\jetified-play-services-measurement-sdk-api-20.1.2 as it is up-to-date.
Caching disabled for AarTransform: C:\Users\user\.gradle\caches\transforms-3\ff995add00743d0c496c4d8e0ee10f1e\transformed\jetified-play-services-ads-identifier-18.0.0 because:
  Build cache is disabled
Skipping AarTransform: C:\Users\user\.gradle\caches\transforms-3\ff995add00743d0c496c4d8e0ee10f1e\transformed\jetified-play-services-ads-identifier-18.0.0 as it is up-to-date.
Transforming play-services-measurement-sdk-api-20.1.2.aar (com.google.android.gms:play-services-measurement-sdk-api:20.1.2) with FilterShrinkerRulesTransform
Transforming play-services-ads-identifier-18.0.0.aar (com.google.android.gms:play-services-ads-identifier:18.0.0) with FilterShrinkerRulesTransform
Transforming play-services-basement-18.2.0.aar (com.google.android.gms:play-services-basement:18.2.0) with AarTransform
Transforming play-services-basement-18.2.0.aar (com.google.android.gms:play-services-basement:18.2.0) with JetifyTransform
Transforming play-services-basement-18.2.0.aar (com.google.android.gms:play-services-basement:18.2.0) with ExtractAarTransform
Transforming play-services-basement-18.2.0.aar (com.google.android.gms:play-services-basement:18.2.0) with AarTransform
Transforming play-services-basement-18.2.0.aar (com.google.android.gms:play-services-basement:18.2.0) with JetifyTransform
Transforming play-services-basement-18.2.0.aar (com.google.android.gms:play-services-basement:18.2.0) with ExtractAarTransform
Transforming play-services-basement-18.2.0.aar (com.google.android.gms:play-services-basement:18.2.0) with AarTransform
Transforming play-services-basement-18.2.0.aar (com.google.android.gms:play-services-basement:18.2.0) with JetifyTransform
Transforming play-services-basement-18.2.0.aar (com.google.android.gms:play-services-basement:18.2.0) with ExtractAarTransform
Transforming play-services-basement-18.2.0.aar (com.google.android.gms:play-services-basement:18.2.0) with AarTransform
Transforming play-services-basement-18.2.0.aar (com.google.android.gms:play-services-basement:18.2.0) with JetifyTransform
Transforming play-services-basement-18.2.0.aar (com.google.android.gms:play-services-basement:18.2.0) with ExtractAarTransform
Transforming play-services-basement-18.2.0.aar (com.google.android.gms:play-services-basement:18.2.0) with AarTransform
Transforming play-services-basement-18.2.0.aar (com.google.android.gms:play-services-basement:18.2.0) with JetifyTransform
Transforming play-services-basement-18.2.0.aar (com.google.android.gms:play-services-basement:18.2.0) with ExtractAarTransform
Transforming play-services-basement-18.2.0.aar (com.google.android.gms:play-services-basement:18.2.0) with AarTransform
Transforming play-services-basement-18.2.0.aar (com.google.android.gms:play-services-basement:18.2.0) with JetifyTransform
Transforming play-services-basement-18.2.0.aar (com.google.android.gms:play-services-basement:18.2.0) with ExtractAarTransform
Transforming play-services-basement-18.2.0.aar (com.google.android.gms:play-services-basement:18.2.0) with AarTransform
Transforming play-services-basement-18.2.0.aar (com.google.android.gms:play-services-basement:18.2.0) with JetifyTransform
Transforming play-services-basement-18.2.0.aar (com.google.android.gms:play-services-basement:18.2.0) with ExtractAarTransform
Transforming play-services-ads-identifier-18.0.0.aar (com.google.android.gms:play-services-ads-identifier:18.0.0) with FilterShrinkerRulesTransform
Caching disabled for AarTransform: C:\Users\user\.gradle\caches\transforms-3\7bc33f1b9169acd2dfd1a37a27683ae2\transformed\jetified-play-services-measurement-base-20.1.2 because:
  Build cache is disabled
Transforming play-services-basement-18.2.0.aar (com.google.android.gms:play-services-basement:18.2.0) with AarTransform
Caching disabled for FilterShrinkerRulesTransform: C:\Users\user\.gradle\caches\transforms-3\b28c9dde44421952352d4ece06208963\transformed\jetified-play-services-measurement-sdk-api-20.1.2\proguard.txt because:
  Build cache is disabled
Skipping AarTransform: C:\Users\user\.gradle\caches\transforms-3\7bc33f1b9169acd2dfd1a37a27683ae2\transformed\jetified-play-services-measurement-base-20.1.2 as it is up-to-date.
Skipping FilterShrinkerRulesTransform: C:\Users\user\.gradle\caches\transforms-3\b28c9dde44421952352d4ece06208963\transformed\jetified-play-services-measurement-sdk-api-20.1.2\proguard.txt as it is up-to-date.
Transforming play-services-basement-18.2.0.aar (com.google.android.gms:play-services-basement:18.2.0) with JetifyTransform
Transforming play-services-basement-18.2.0.aar (com.google.android.gms:play-services-basement:18.2.0) with ExtractAarTransform
Transforming play-services-basement-18.2.0.aar (com.google.android.gms:play-services-basement:18.2.0) with AarTransform
Transforming play-services-measurement-base-20.1.2.aar (com.google.android.gms:play-services-measurement-base:20.1.2) with FilterShrinkerRulesTransform
Transforming fragment-1.5.1.aar (androidx.fragment:fragment:1.5.1) with JetifyTransform
Transforming fragment-1.5.1.aar (androidx.fragment:fragment:1.5.1) with ExtractAarTransform
Transforming fragment-1.5.1.aar (androidx.fragment:fragment:1.5.1) with AarTransform
Caching disabled for AarTransform: C:\Users\user\.gradle\caches\transforms-3\a98fef1d1520166b9b08927ea1e4f9aa\transformed\jetified-play-services-basement-18.2.0 because:
  Build cache is disabled
Skipping AarTransform: C:\Users\user\.gradle\caches\transforms-3\a98fef1d1520166b9b08927ea1e4f9aa\transformed\jetified-play-services-basement-18.2.0 as it is up-to-date.
Transforming fragment-1.5.1.aar (androidx.fragment:fragment:1.5.1) with JetifyTransform
Transforming fragment-1.5.1.aar (androidx.fragment:fragment:1.5.1) with ExtractAarTransform
Transforming fragment-1.5.1.aar (androidx.fragment:fragment:1.5.1) with AarTransform
Transforming play-services-basement-18.2.0.aar (com.google.android.gms:play-services-basement:18.2.0) with FilterShrinkerRulesTransform
Transforming play-services-basement-18.2.0.aar (com.google.android.gms:play-services-basement:18.2.0) with FilterShrinkerRulesTransform
Transforming play-services-basement-18.2.0.aar (com.google.android.gms:play-services-basement:18.2.0) with FilterShrinkerRulesTransform
Transforming play-services-basement-18.2.0.aar (com.google.android.gms:play-services-basement:18.2.0) with FilterShrinkerRulesTransform
Caching disabled for FilterShrinkerRulesTransform: C:\Users\user\.gradle\caches\transforms-3\a98fef1d1520166b9b08927ea1e4f9aa\transformed\jetified-play-services-basement-18.2.0\proguard.txt because:
  Build cache is disabled
Skipping FilterShrinkerRulesTransform: C:\Users\user\.gradle\caches\transforms-3\a98fef1d1520166b9b08927ea1e4f9aa\transformed\jetified-play-services-basement-18.2.0\proguard.txt as it is up-to-date.
Transforming fragment-1.5.1.aar (androidx.fragment:fragment:1.5.1) with JetifyTransform
Transforming fragment-1.5.1.aar (androidx.fragment:fragment:1.5.1) with ExtractAarTransform
Transforming fragment-1.5.1.aar (androidx.fragment:fragment:1.5.1) with AarTransform
Transforming fragment-1.5.1.aar (androidx.fragment:fragment:1.5.1) with JetifyTransform
Transforming fragment-1.5.1.aar (androidx.fragment:fragment:1.5.1) with ExtractAarTransform
Transforming fragment-1.5.1.aar (androidx.fragment:fragment:1.5.1) with AarTransform
Transforming emoji2-views-helper-1.3.0.aar (androidx.emoji2:emoji2-views-helper:1.3.0) with JetifyTransform
Transforming emoji2-views-helper-1.3.0.aar (androidx.emoji2:emoji2-views-helper:1.3.0) with ExtractAarTransform
Transforming emoji2-views-helper-1.3.0.aar (androidx.emoji2:emoji2-views-helper:1.3.0) with AarTransform
Transforming emoji2-1.3.0.aar (androidx.emoji2:emoji2:1.3.0) with JetifyTransform
Transforming emoji2-1.3.0.aar (androidx.emoji2:emoji2:1.3.0) with ExtractAarTransform
Transforming emoji2-1.3.0.aar (androidx.emoji2:emoji2:1.3.0) with AarTransform
Transforming lifecycle-process-2.7.0.aar (androidx.lifecycle:lifecycle-process:2.7.0) with JetifyTransform
Transforming lifecycle-process-2.7.0.aar (androidx.lifecycle:lifecycle-process:2.7.0) with ExtractAarTransform
Transforming lifecycle-process-2.7.0.aar (androidx.lifecycle:lifecycle-process:2.7.0) with AarTransform
Transforming lifecycle-service-2.7.0.aar (androidx.lifecycle:lifecycle-service:2.7.0) with JetifyTransform
Transforming lifecycle-service-2.7.0.aar (androidx.lifecycle:lifecycle-service:2.7.0) with ExtractAarTransform
Transforming lifecycle-service-2.7.0.aar (androidx.lifecycle:lifecycle-service:2.7.0) with AarTransform
Transforming lifecycle-livedata-core-ktx-2.7.0.aar (androidx.lifecycle:lifecycle-livedata-core-ktx:2.7.0) with JetifyTransform
Transforming lifecycle-livedata-core-ktx-2.7.0.aar (androidx.lifecycle:lifecycle-livedata-core-ktx:2.7.0) with ExtractAarTransform
Transforming lifecycle-livedata-core-ktx-2.7.0.aar (androidx.lifecycle:lifecycle-livedata-core-ktx:2.7.0) with AarTransform
Transforming lifecycle-livedata-ktx-2.7.0.aar (androidx.lifecycle:lifecycle-livedata-ktx:2.7.0) with JetifyTransform
Transforming lifecycle-livedata-ktx-2.7.0.aar (androidx.lifecycle:lifecycle-livedata-ktx:2.7.0) with ExtractAarTransform
Transforming lifecycle-livedata-ktx-2.7.0.aar (androidx.lifecycle:lifecycle-livedata-ktx:2.7.0) with AarTransform
Transforming lifecycle-livedata-core-2.7.0.aar (androidx.lifecycle:lifecycle-livedata-core:2.7.0) with JetifyTransform
Transforming lifecycle-livedata-core-2.7.0.aar (androidx.lifecycle:lifecycle-livedata-core:2.7.0) with ExtractAarTransform
Transforming lifecycle-livedata-core-2.7.0.aar (androidx.lifecycle:lifecycle-livedata-core:2.7.0) with AarTransform
Transforming legacy-support-core-utils-1.0.0.aar (androidx.legacy:legacy-support-core-utils:1.0.0) with JetifyTransform
Caching disabled for AarTransform: C:\Users\user\.gradle\caches\transforms-3\2e6a11253b53f57b3b9d26b8fa62696e\transformed\jetified-emoji2-views-helper-1.3.0 because:
  Build cache is disabled
Skipping AarTransform: C:\Users\user\.gradle\caches\transforms-3\2e6a11253b53f57b3b9d26b8fa62696e\transformed\jetified-emoji2-views-helper-1.3.0 as it is up-to-date.
Transforming legacy-support-core-utils-1.0.0.aar (androidx.legacy:legacy-support-core-utils:1.0.0) with ExtractAarTransform
Transforming emoji2-views-helper-1.3.0.aar (androidx.emoji2:emoji2-views-helper:1.3.0) with FilterShrinkerRulesTransform
Transforming legacy-support-core-utils-1.0.0.aar (androidx.legacy:legacy-support-core-utils:1.0.0) with AarTransform
Transforming loader-1.0.0.aar (androidx.loader:loader:1.0.0) with JetifyTransform
Transforming loader-1.0.0.aar (androidx.loader:loader:1.0.0) with ExtractAarTransform
Transforming loader-1.0.0.aar (androidx.loader:loader:1.0.0) with AarTransform
Transforming loader-1.0.0.aar (androidx.loader:loader:1.0.0) with JetifyTransform
Transforming loader-1.0.0.aar (androidx.loader:loader:1.0.0) with ExtractAarTransform
Transforming loader-1.0.0.aar (androidx.loader:loader:1.0.0) with AarTransform
Transforming lifecycle-livedata-2.7.0.aar (androidx.lifecycle:lifecycle-livedata:2.7.0) with JetifyTransform
Transforming lifecycle-livedata-2.7.0.aar (androidx.lifecycle:lifecycle-livedata:2.7.0) with ExtractAarTransform
Transforming lifecycle-livedata-2.7.0.aar (androidx.lifecycle:lifecycle-livedata:2.7.0) with AarTransform
Transforming lifecycle-livedata-2.7.0.aar (androidx.lifecycle:lifecycle-livedata:2.7.0) with JetifyTransform
Transforming lifecycle-livedata-2.7.0.aar (androidx.lifecycle:lifecycle-livedata:2.7.0) with ExtractAarTransform
Transforming lifecycle-livedata-2.7.0.aar (androidx.lifecycle:lifecycle-livedata:2.7.0) with AarTransform
Transforming savedstate-ktx-1.2.1.aar (androidx.savedstate:savedstate-ktx:1.2.1) with JetifyTransform
Transforming savedstate-ktx-1.2.1.aar (androidx.savedstate:savedstate-ktx:1.2.1) with ExtractAarTransform
Transforming savedstate-ktx-1.2.1.aar (androidx.savedstate:savedstate-ktx:1.2.1) with AarTransform
Transforming savedstate-1.2.1.aar (androidx.savedstate:savedstate:1.2.1) with JetifyTransform
Transforming savedstate-1.2.1.aar (androidx.savedstate:savedstate:1.2.1) with ExtractAarTransform
Transforming savedstate-1.2.1.aar (androidx.savedstate:savedstate:1.2.1) with AarTransform
Caching disabled for AarTransform: C:\Users\user\.gradle\caches\transforms-3\32759966595792c9a2f9091d1711a6d5\transformed\jetified-lifecycle-service-2.7.0 because:
  Build cache is disabled
Caching disabled for AarTransform: C:\Users\user\.gradle\caches\transforms-3\8bdbdf69ffb075614c5a434d355a0f8b\transformed\jetified-lifecycle-livedata-ktx-2.7.0 because:
  Build cache is disabled
Caching disabled for AarTransform: C:\Users\user\.gradle\caches\transforms-3\befba8fbd8bdeb7a931e0ef64310fd03\transformed\jetified-lifecycle-process-2.7.0 because:
  Build cache is disabled
Skipping AarTransform: C:\Users\user\.gradle\caches\transforms-3\32759966595792c9a2f9091d1711a6d5\transformed\jetified-lifecycle-service-2.7.0 as it is up-to-date.
Skipping AarTransform: C:\Users\user\.gradle\caches\transforms-3\befba8fbd8bdeb7a931e0ef64310fd03\transformed\jetified-lifecycle-process-2.7.0 as it is up-to-date.
Caching disabled for AarTransform: C:\Users\user\.gradle\caches\transforms-3\3bde4be5f64196dc9d79c4d702f48306\transformed\jetified-emoji2-1.3.0 because:
  Build cache is disabled
Skipping AarTransform: C:\Users\user\.gradle\caches\transforms-3\3bde4be5f64196dc9d79c4d702f48306\transformed\jetified-emoji2-1.3.0 as it is up-to-date.
Transforming lifecycle-service-2.7.0.aar (androidx.lifecycle:lifecycle-service:2.7.0) with FilterShrinkerRulesTransform
Transforming emoji2-1.3.0.aar (androidx.emoji2:emoji2:1.3.0) with FilterShrinkerRulesTransform
Transforming lifecycle-common-2.7.0.jar (androidx.lifecycle:lifecycle-common:2.7.0) with JetifyTransform
Skipping AarTransform: C:\Users\user\.gradle\caches\transforms-3\8bdbdf69ffb075614c5a434d355a0f8b\transformed\jetified-lifecycle-livedata-ktx-2.7.0 as it is up-to-date.
Transforming lifecycle-common-2.7.0.jar (androidx.lifecycle:lifecycle-common:2.7.0) with ExtractProGuardRulesTransform
Transforming lifecycle-viewmodel-savedstate-2.7.0.aar (androidx.lifecycle:lifecycle-viewmodel-savedstate:2.7.0) with JetifyTransform
Transforming lifecycle-viewmodel-savedstate-2.7.0.aar (androidx.lifecycle:lifecycle-viewmodel-savedstate:2.7.0) with ExtractAarTransform
Transforming lifecycle-livedata-ktx-2.7.0.aar (androidx.lifecycle:lifecycle-livedata-ktx:2.7.0) with FilterShrinkerRulesTransform
Caching disabled for AarTransform: C:\Users\user\.gradle\caches\transforms-3\fefcfe30ff50cfe07535bb3f9f29fec4\transformed\jetified-play-services-ads-base-22.6.0 because:
  Build cache is disabled
Skipping AarTransform: C:\Users\user\.gradle\caches\transforms-3\fefcfe30ff50cfe07535bb3f9f29fec4\transformed\jetified-play-services-ads-base-22.6.0 as it is up-to-date.
Transforming play-services-ads-base-22.6.0.aar (com.google.android.gms:play-services-ads-base:22.6.0) with FilterShrinkerRulesTransform
Transforming lifecycle-process-2.7.0.aar (androidx.lifecycle:lifecycle-process:2.7.0) with FilterShrinkerRulesTransform
Caching disabled for AarTransform: C:\Users\user\.gradle\caches\transforms-3\ce43085ba0af9184b2d8510666d1eb4c\transformed\fragment-1.5.1 because:
  Build cache is disabled
Skipping AarTransform: C:\Users\user\.gradle\caches\transforms-3\ce43085ba0af9184b2d8510666d1eb4c\transformed\fragment-1.5.1 as it is up-to-date.
Transforming lifecycle-viewmodel-savedstate-2.7.0.aar (androidx.lifecycle:lifecycle-viewmodel-savedstate:2.7.0) with AarTransform
Transforming lifecycle-viewmodel-ktx-2.7.0.aar (androidx.lifecycle:lifecycle-viewmodel-ktx:2.7.0) with JetifyTransform
Transforming fragment-1.5.1.aar (androidx.fragment:fragment:1.5.1) with FilterShrinkerRulesTransform
Transforming fragment-1.5.1.aar (androidx.fragment:fragment:1.5.1) with FilterShrinkerRulesTransform
Transforming lifecycle-viewmodel-ktx-2.7.0.aar (androidx.lifecycle:lifecycle-viewmodel-ktx:2.7.0) with ExtractAarTransform
Transforming lifecycle-viewmodel-ktx-2.7.0.aar (androidx.lifecycle:lifecycle-viewmodel-ktx:2.7.0) with AarTransform
Transforming fragment-1.5.1.aar (androidx.fragment:fragment:1.5.1) with FilterShrinkerRulesTransform
Transforming fragment-1.5.1.aar (androidx.fragment:fragment:1.5.1) with FilterShrinkerRulesTransform
Transforming lifecycle-common-java8-2.7.0.jar (androidx.lifecycle:lifecycle-common-java8:2.7.0) with JetifyTransform
Transforming lifecycle-common-java8-2.7.0.jar (androidx.lifecycle:lifecycle-common-java8:2.7.0) with ExtractProGuardRulesTransform
Transforming lifecycle-viewmodel-2.7.0.aar (androidx.lifecycle:lifecycle-viewmodel:2.7.0) with JetifyTransform
Transforming lifecycle-viewmodel-2.7.0.aar (androidx.lifecycle:lifecycle-viewmodel:2.7.0) with ExtractAarTransform
Transforming lifecycle-viewmodel-2.7.0.aar (androidx.lifecycle:lifecycle-viewmodel:2.7.0) with AarTransform
Caching disabled for AarTransform: C:\Users\user\.gradle\caches\transforms-3\aa2ff84b73bdf2fedfb6304d3a34c1c2\transformed\loader-1.0.0 because:
  Build cache is disabled
Skipping AarTransform: C:\Users\user\.gradle\caches\transforms-3\aa2ff84b73bdf2fedfb6304d3a34c1c2\transformed\loader-1.0.0 as it is up-to-date.
Transforming loader-1.0.0.aar (androidx.loader:loader:1.0.0) with FilterShrinkerRulesTransform
Transforming loader-1.0.0.aar (androidx.loader:loader:1.0.0) with FilterShrinkerRulesTransform
Transforming lifecycle-viewmodel-2.7.0.aar (androidx.lifecycle:lifecycle-viewmodel:2.7.0) with JetifyTransform
Transforming lifecycle-viewmodel-2.7.0.aar (androidx.lifecycle:lifecycle-viewmodel:2.7.0) with ExtractAarTransform
Transforming lifecycle-viewmodel-2.7.0.aar (androidx.lifecycle:lifecycle-viewmodel:2.7.0) with AarTransform
Transforming lifecycle-runtime-2.7.0.aar (androidx.lifecycle:lifecycle-runtime:2.7.0) with JetifyTransform
Transforming lifecycle-runtime-2.7.0.aar (androidx.lifecycle:lifecycle-runtime:2.7.0) with ExtractAarTransform
Transforming lifecycle-runtime-2.7.0.aar (androidx.lifecycle:lifecycle-runtime:2.7.0) with AarTransform
Transforming lifecycle-runtime-ktx-2.7.0.aar (androidx.lifecycle:lifecycle-runtime-ktx:2.7.0) with JetifyTransform
Transforming lifecycle-runtime-ktx-2.7.0.aar (androidx.lifecycle:lifecycle-runtime-ktx:2.7.0) with ExtractAarTransform
Transforming lifecycle-runtime-ktx-2.7.0.aar (androidx.lifecycle:lifecycle-runtime-ktx:2.7.0) with AarTransform
Transforming lifecycle-viewmodel-compose-2.7.0.aar (androidx.lifecycle:lifecycle-viewmodel-compose:2.7.0) with JetifyTransform
Transforming lifecycle-viewmodel-compose-2.7.0.aar (androidx.lifecycle:lifecycle-viewmodel-compose:2.7.0) with ExtractAarTransform
Transforming lifecycle-viewmodel-compose-2.7.0.aar (androidx.lifecycle:lifecycle-viewmodel-compose:2.7.0) with AarTransform
Transforming accompanist-drawablepainter-0.32.0.aar (com.google.accompanist:accompanist-drawablepainter:0.32.0) with JetifyTransform
Transforming accompanist-drawablepainter-0.32.0.aar (com.google.accompanist:accompanist-drawablepainter:0.32.0) with ExtractAarTransform
Transforming accompanist-drawablepainter-0.32.0.aar (com.google.accompanist:accompanist-drawablepainter:0.32.0) with AarTransform
Transforming ui-release.aar (androidx.compose.ui:ui-android:1.6.1) with JetifyTransform
Transforming ui-release.aar (androidx.compose.ui:ui-android:1.6.1) with ExtractAarTransform
Transforming ui-release.aar (androidx.compose.ui:ui-android:1.6.1) with AarTransform
Transforming activity-ktx-1.8.2.aar (androidx.activity:activity-ktx:1.8.2) with JetifyTransform
Transforming activity-ktx-1.8.2.aar (androidx.activity:activity-ktx:1.8.2) with ExtractAarTransform
Transforming activity-ktx-1.8.2.aar (androidx.activity:activity-ktx:1.8.2) with AarTransform
Transforming activity-compose-1.8.2.aar (androidx.activity:activity-compose:1.8.2) with JetifyTransform
Transforming activity-compose-1.8.2.aar (androidx.activity:activity-compose:1.8.2) with ExtractAarTransform
Transforming activity-compose-1.8.2.aar (androidx.activity:activity-compose:1.8.2) with AarTransform
Transforming activity-1.8.2.aar (androidx.activity:activity:1.8.2) with JetifyTransform
Transforming activity-1.8.2.aar (androidx.activity:activity:1.8.2) with ExtractAarTransform
Transforming activity-1.8.2.aar (androidx.activity:activity:1.8.2) with AarTransform
Transforming exoplayer-2.19.1.aar (com.google.android.exoplayer:exoplayer:2.19.1) with JetifyTransform
Transforming exoplayer-2.19.1.aar (com.google.android.exoplayer:exoplayer:2.19.1) with ExtractAarTransform
Transforming exoplayer-2.19.1.aar (com.google.android.exoplayer:exoplayer:2.19.1) with AarTransform
Transforming exoplayer-dash-2.19.1.aar (com.google.android.exoplayer:exoplayer-dash:2.19.1) with JetifyTransform
Transforming exoplayer-dash-2.19.1.aar (com.google.android.exoplayer:exoplayer-dash:2.19.1) with ExtractAarTransform
Transforming exoplayer-dash-2.19.1.aar (com.google.android.exoplayer:exoplayer-dash:2.19.1) with AarTransform
Transforming exoplayer-hls-2.19.1.aar (com.google.android.exoplayer:exoplayer-hls:2.19.1) with JetifyTransform
Transforming exoplayer-hls-2.19.1.aar (com.google.android.exoplayer:exoplayer-hls:2.19.1) with ExtractAarTransform
Transforming exoplayer-hls-2.19.1.aar (com.google.android.exoplayer:exoplayer-hls:2.19.1) with AarTransform
Transforming exoplayer-rtsp-2.19.1.aar (com.google.android.exoplayer:exoplayer-rtsp:2.19.1) with JetifyTransform
Transforming exoplayer-rtsp-2.19.1.aar (com.google.android.exoplayer:exoplayer-rtsp:2.19.1) with ExtractAarTransform
Transforming exoplayer-rtsp-2.19.1.aar (com.google.android.exoplayer:exoplayer-rtsp:2.19.1) with AarTransform
Transforming exoplayer-smoothstreaming-2.19.1.aar (com.google.android.exoplayer:exoplayer-smoothstreaming:2.19.1) with JetifyTransform
Transforming exoplayer-smoothstreaming-2.19.1.aar (com.google.android.exoplayer:exoplayer-smoothstreaming:2.19.1) with ExtractAarTransform
Transforming exoplayer-smoothstreaming-2.19.1.aar (com.google.android.exoplayer:exoplayer-smoothstreaming:2.19.1) with AarTransform
Transforming exoplayer-core-2.19.1.aar (com.google.android.exoplayer:exoplayer-core:2.19.1) with JetifyTransform
Transforming exoplayer-core-2.19.1.aar (com.google.android.exoplayer:exoplayer-core:2.19.1) with ExtractAarTransform
Transforming exoplayer-core-2.19.1.aar (com.google.android.exoplayer:exoplayer-core:2.19.1) with AarTransform
Transforming exoplayer-ui-2.19.1.aar (com.google.android.exoplayer:exoplayer-ui:2.19.1) with JetifyTransform
Transforming exoplayer-ui-2.19.1.aar (com.google.android.exoplayer:exoplayer-ui:2.19.1) with ExtractAarTransform
Transforming exoplayer-ui-2.19.1.aar (com.google.android.exoplayer:exoplayer-ui:2.19.1) with AarTransform
Caching disabled for AarTransform: C:\Users\user\.gradle\caches\transforms-3\06eaa3d4db2446ae08073b00af0f9f1e\transformed\legacy-support-core-utils-1.0.0 because:
  Build cache is disabled
Caching disabled for AarTransform: C:\Users\user\.gradle\caches\transforms-3\405ea0b6b50f1060e1e85abd75c2300a\transformed\lifecycle-livedata-core-2.7.0 because:
  Build cache is disabled
Skipping AarTransform: C:\Users\user\.gradle\caches\transforms-3\405ea0b6b50f1060e1e85abd75c2300a\transformed\lifecycle-livedata-core-2.7.0 as it is up-to-date.
Transforming lifecycle-livedata-core-2.7.0.aar (androidx.lifecycle:lifecycle-livedata-core:2.7.0) with FilterShrinkerRulesTransform
Transforming recyclerview-1.3.0.aar (androidx.recyclerview:recyclerview:1.3.0) with JetifyTransform
Transforming recyclerview-1.3.0.aar (androidx.recyclerview:recyclerview:1.3.0) with ExtractAarTransform
Skipping AarTransform: C:\Users\user\.gradle\caches\transforms-3\06eaa3d4db2446ae08073b00af0f9f1e\transformed\legacy-support-core-utils-1.0.0 as it is up-to-date.
Transforming recyclerview-1.3.0.aar (androidx.recyclerview:recyclerview:1.3.0) with AarTransform
Transforming recyclerview-1.3.0.aar (androidx.recyclerview:recyclerview:1.3.0) with JetifyTransform
Caching disabled for FilterShrinkerRulesTransform: C:\Users\user\.gradle\caches\transforms-3\ce43085ba0af9184b2d8510666d1eb4c\transformed\fragment-1.5.1\proguard.txt because:
  Build cache is disabled
Transforming recyclerview-1.3.0.aar (androidx.recyclerview:recyclerview:1.3.0) with ExtractAarTransform
Transforming legacy-support-core-utils-1.0.0.aar (androidx.legacy:legacy-support-core-utils:1.0.0) with FilterShrinkerRulesTransform
Skipping FilterShrinkerRulesTransform: C:\Users\user\.gradle\caches\transforms-3\ce43085ba0af9184b2d8510666d1eb4c\transformed\fragment-1.5.1\proguard.txt as it is up-to-date.
Caching disabled for AarTransform: C:\Users\user\.gradle\caches\transforms-3\be6eabc1e7597f5af8694205534369ad\transformed\lifecycle-livedata-2.7.0 because:
  Build cache is disabled
Skipping AarTransform: C:\Users\user\.gradle\caches\transforms-3\be6eabc1e7597f5af8694205534369ad\transformed\lifecycle-livedata-2.7.0 as it is up-to-date.
Caching disabled for AarTransform: C:\Users\user\.gradle\caches\transforms-3\d13525a792cc64e11bbc6a846969e153\transformed\jetified-savedstate-ktx-1.2.1 because:
  Build cache is disabled
Transforming lifecycle-livedata-2.7.0.aar (androidx.lifecycle:lifecycle-livedata:2.7.0) with FilterShrinkerRulesTransform
Skipping AarTransform: C:\Users\user\.gradle\caches\transforms-3\d13525a792cc64e11bbc6a846969e153\transformed\jetified-savedstate-ktx-1.2.1 as it is up-to-date.
Transforming recyclerview-1.3.0.aar (androidx.recyclerview:recyclerview:1.3.0) with AarTransform
Caching disabled for FilterShrinkerRulesTransform: C:\Users\user\.gradle\caches\transforms-3\befba8fbd8bdeb7a931e0ef64310fd03\transformed\jetified-lifecycle-process-2.7.0\proguard.txt because:
  Build cache is disabled
Transforming savedstate-ktx-1.2.1.aar (androidx.savedstate:savedstate-ktx:1.2.1) with FilterShrinkerRulesTransform
Skipping FilterShrinkerRulesTransform: C:\Users\user\.gradle\caches\transforms-3\befba8fbd8bdeb7a931e0ef64310fd03\transformed\jetified-lifecycle-process-2.7.0\proguard.txt as it is up-to-date.
Caching disabled for AarTransform: C:\Users\user\.gradle\caches\transforms-3\729f0ee4f5c310ded66695d5e416a80a\transformed\jetified-savedstate-1.2.1 because:
  Build cache is disabled
Skipping AarTransform: C:\Users\user\.gradle\caches\transforms-3\729f0ee4f5c310ded66695d5e416a80a\transformed\jetified-savedstate-1.2.1 as it is up-to-date.
Transforming savedstate-1.2.1.aar (androidx.savedstate:savedstate:1.2.1) with FilterShrinkerRulesTransform
Transforming media-1.6.0.aar (androidx.media:media:1.6.0) with JetifyTransform
Transforming media-1.6.0.aar (androidx.media:media:1.6.0) with ExtractAarTransform
Transforming media-1.6.0.aar (androidx.media:media:1.6.0) with AarTransform
Transforming browser-1.4.0.aar (androidx.browser:browser:1.4.0) with JetifyTransform
Transforming browser-1.4.0.aar (androidx.browser:browser:1.4.0) with ExtractAarTransform
Transforming browser-1.4.0.aar (androidx.browser:browser:1.4.0) with AarTransform
Transforming viewpager-1.0.0.aar (androidx.viewpager:viewpager:1.0.0) with JetifyTransform
Transforming viewpager-1.0.0.aar (androidx.viewpager:viewpager:1.0.0) with ExtractAarTransform
Transforming viewpager-1.0.0.aar (androidx.viewpager:viewpager:1.0.0) with AarTransform
Transforming lifecycle-livedata-2.7.0.aar (androidx.lifecycle:lifecycle-livedata:2.7.0) with FilterShrinkerRulesTransform
Caching disabled for FilterShrinkerRulesTransform: C:\Users\user\.gradle\caches\transforms-3\729f0ee4f5c310ded66695d5e416a80a\transformed\jetified-savedstate-1.2.1\proguard.txt because:
  Build cache is disabled
Caching disabled for AarTransform: C:\Users\user\.gradle\caches\transforms-3\91aa7e25739ba49b8c446850083d9968\transformed\jetified-lifecycle-viewmodel-ktx-2.7.0 because:
  Build cache is disabled
Skipping FilterShrinkerRulesTransform: C:\Users\user\.gradle\caches\transforms-3\729f0ee4f5c310ded66695d5e416a80a\transformed\jetified-savedstate-1.2.1\proguard.txt as it is up-to-date.
Skipping AarTransform: C:\Users\user\.gradle\caches\transforms-3\91aa7e25739ba49b8c446850083d9968\transformed\jetified-lifecycle-viewmodel-ktx-2.7.0 as it is up-to-date.
Transforming lifecycle-viewmodel-ktx-2.7.0.aar (androidx.lifecycle:lifecycle-viewmodel-ktx:2.7.0) with FilterShrinkerRulesTransform
Transforming customview-1.1.0.aar (androidx.customview:customview:1.1.0) with JetifyTransform
Caching disabled for AarTransform: C:\Users\user\.gradle\caches\transforms-3\17d74363b6e909a9d3f818c44afa4535\transformed\jetified-lifecycle-viewmodel-savedstate-2.7.0 because:
  Build cache is disabled
Skipping AarTransform: C:\Users\user\.gradle\caches\transforms-3\17d74363b6e909a9d3f818c44afa4535\transformed\jetified-lifecycle-viewmodel-savedstate-2.7.0 as it is up-to-date.
Transforming lifecycle-viewmodel-savedstate-2.7.0.aar (androidx.lifecycle:lifecycle-viewmodel-savedstate:2.7.0) with FilterShrinkerRulesTransform
Caching disabled for AarTransform: C:\Users\user\.gradle\caches\transforms-3\4bea3ad7086dd6310416577e679b27ab\transformed\lifecycle-runtime-2.7.0 because:
  Build cache is disabled
Skipping AarTransform: C:\Users\user\.gradle\caches\transforms-3\4bea3ad7086dd6310416577e679b27ab\transformed\lifecycle-runtime-2.7.0 as it is up-to-date.
Transforming lifecycle-runtime-2.7.0.aar (androidx.lifecycle:lifecycle-runtime:2.7.0) with FilterShrinkerRulesTransform
Caching disabled for AarTransform: C:\Users\user\.gradle\caches\transforms-3\e109843751a45ceb797ac7414dcd1f55\transformed\jetified-lifecycle-runtime-ktx-2.7.0 because:
  Build cache is disabled
Skipping AarTransform: C:\Users\user\.gradle\caches\transforms-3\e109843751a45ceb797ac7414dcd1f55\transformed\jetified-lifecycle-runtime-ktx-2.7.0 as it is up-to-date.
Caching disabled for ExtractProGuardRulesTransform: C:\Users\user\.gradle\caches\modules-2\files-2.1\androidx.lifecycle\lifecycle-common\2.7.0\85334205d65cca70ed0109c3acbd29e22a2d9cb1\lifecycle-common-2.7.0.jar because:
  Build cache is disabled
Caching disabled for AarTransform: C:\Users\user\.gradle\caches\transforms-3\d61403040d3c0a7f14b12e75c497150a\transformed\lifecycle-viewmodel-2.7.0 because:
  Build cache is disabled
Transforming lifecycle-runtime-ktx-2.7.0.aar (androidx.lifecycle:lifecycle-runtime-ktx:2.7.0) with FilterShrinkerRulesTransform
Caching disabled for ExtractProGuardRulesTransform: C:\Users\user\.gradle\caches\modules-2\files-2.1\androidx.lifecycle\lifecycle-common-java8\2.7.0\2ad14aed781c4a73ed4dbb421966d408a0a06686\lifecycle-common-java8-2.7.0.jar because:
  Build cache is disabled
Skipping AarTransform: C:\Users\user\.gradle\caches\transforms-3\d61403040d3c0a7f14b12e75c497150a\transformed\lifecycle-viewmodel-2.7.0 as it is up-to-date.
Skipping ExtractProGuardRulesTransform: C:\Users\user\.gradle\caches\modules-2\files-2.1\androidx.lifecycle\lifecycle-common\2.7.0\85334205d65cca70ed0109c3acbd29e22a2d9cb1\lifecycle-common-2.7.0.jar as it is up-to-date.
Caching disabled for AarTransform: C:\Users\user\.gradle\caches\transforms-3\4d6838555ad24cf15a99513e72d58fa0\transformed\jetified-lifecycle-viewmodel-compose-2.7.0 because:
  Build cache is disabled
Skipping AarTransform: C:\Users\user\.gradle\caches\transforms-3\4d6838555ad24cf15a99513e72d58fa0\transformed\jetified-lifecycle-viewmodel-compose-2.7.0 as it is up-to-date.
Transforming lifecycle-common-2.7.0.jar (androidx.lifecycle:lifecycle-common:2.7.0) with FilterShrinkerRulesTransform
Transforming lifecycle-viewmodel-compose-2.7.0.aar (androidx.lifecycle:lifecycle-viewmodel-compose:2.7.0) with FilterShrinkerRulesTransform
Transforming customview-1.1.0.aar (androidx.customview:customview:1.1.0) with ExtractAarTransform
Transforming customview-1.1.0.aar (androidx.customview:customview:1.1.0) with AarTransform
Transforming customview-1.1.0.aar (androidx.customview:customview:1.1.0) with JetifyTransform
Transforming customview-1.1.0.aar (androidx.customview:customview:1.1.0) with ExtractAarTransform
Transforming lifecycle-viewmodel-2.7.0.aar (androidx.lifecycle:lifecycle-viewmodel:2.7.0) with FilterShrinkerRulesTransform
Transforming lifecycle-viewmodel-2.7.0.aar (androidx.lifecycle:lifecycle-viewmodel:2.7.0) with FilterShrinkerRulesTransform
Skipping ExtractProGuardRulesTransform: C:\Users\user\.gradle\caches\modules-2\files-2.1\androidx.lifecycle\lifecycle-common-java8\2.7.0\2ad14aed781c4a73ed4dbb421966d408a0a06686\lifecycle-common-java8-2.7.0.jar as it is up-to-date.
Transforming customview-1.1.0.aar (androidx.customview:customview:1.1.0) with AarTransform
Transforming customview-1.1.0.aar (androidx.customview:customview:1.1.0) with JetifyTransform
Transforming customview-1.1.0.aar (androidx.customview:customview:1.1.0) with ExtractAarTransform
Transforming lifecycle-common-java8-2.7.0.jar (androidx.lifecycle:lifecycle-common-java8:2.7.0) with FilterShrinkerRulesTransform
Transforming customview-1.1.0.aar (androidx.customview:customview:1.1.0) with AarTransform
Transforming customview-1.1.0.aar (androidx.customview:customview:1.1.0) with JetifyTransform
Transforming customview-1.1.0.aar (androidx.customview:customview:1.1.0) with ExtractAarTransform
Caching disabled for AarTransform: C:\Users\user\.gradle\caches\transforms-3\eb7f95ceb80fe7edaffe686f45c414e3\transformed\jetified-ui-release because:
  Build cache is disabled
Transforming customview-1.1.0.aar (androidx.customview:customview:1.1.0) with AarTransform
Skipping AarTransform: C:\Users\user\.gradle\caches\transforms-3\eb7f95ceb80fe7edaffe686f45c414e3\transformed\jetified-ui-release as it is up-to-date.
Transforming autofill-1.0.0.aar (androidx.autofill:autofill:1.0.0) with JetifyTransform
Transforming autofill-1.0.0.aar (androidx.autofill:autofill:1.0.0) with ExtractAarTransform
Transforming autofill-1.0.0.aar (androidx.autofill:autofill:1.0.0) with AarTransform
Transforming core-1.12.0.aar (androidx.core:core:1.12.0) with JetifyTransform
Transforming core-1.12.0.aar (androidx.core:core:1.12.0) with ExtractAarTransform
Transforming core-1.12.0.aar (androidx.core:core:1.12.0) with AarTransform
Transforming ui-release.aar (androidx.compose.ui:ui-android:1.6.1) with FilterShrinkerRulesTransform
Caching disabled for FilterShrinkerRulesTransform: C:\Users\user\.gradle\caches\transforms-3\d61403040d3c0a7f14b12e75c497150a\transformed\lifecycle-viewmodel-2.7.0\proguard.txt because:
  Build cache is disabled
Skipping FilterShrinkerRulesTransform: C:\Users\user\.gradle\caches\transforms-3\d61403040d3c0a7f14b12e75c497150a\transformed\lifecycle-viewmodel-2.7.0\proguard.txt as it is up-to-date.
Caching disabled for AarTransform: C:\Users\user\.gradle\caches\transforms-3\23d54db28db6fd27500c43cbb98a94ee\transformed\jetified-exoplayer-2.19.1 because:
  Build cache is disabled
Skipping AarTransform: C:\Users\user\.gradle\caches\transforms-3\23d54db28db6fd27500c43cbb98a94ee\transformed\jetified-exoplayer-2.19.1 as it is up-to-date.
Transforming exoplayer-2.19.1.aar (com.google.android.exoplayer:exoplayer:2.19.1) with FilterShrinkerRulesTransform
Caching disabled for AarTransform: C:\Users\user\.gradle\caches\transforms-3\bd4d0516dc82d593dc75d0d58095804e\transformed\jetified-activity-ktx-1.8.2 because:
  Build cache is disabled
Skipping AarTransform: C:\Users\user\.gradle\caches\transforms-3\bd4d0516dc82d593dc75d0d58095804e\transformed\jetified-activity-ktx-1.8.2 as it is up-to-date.
Transforming activity-ktx-1.8.2.aar (androidx.activity:activity-ktx:1.8.2) with FilterShrinkerRulesTransform
Caching disabled for AarTransform: C:\Users\user\.gradle\caches\transforms-3\8f69b11fed3424c2a2d07f943e7b1442\transformed\jetified-accompanist-drawablepainter-0.32.0 because:
  Build cache is disabled
Skipping AarTransform: C:\Users\user\.gradle\caches\transforms-3\8f69b11fed3424c2a2d07f943e7b1442\transformed\jetified-accompanist-drawablepainter-0.32.0 as it is up-to-date.
Transforming accompanist-drawablepainter-0.32.0.aar (com.google.accompanist:accompanist-drawablepainter:0.32.0) with FilterShrinkerRulesTransform
Caching disabled for AarTransform: C:\Users\user\.gradle\caches\transforms-3\3ff7e07e96cbf3c15e17ee90dee7c81e\transformed\jetified-activity-1.8.2 because:
  Build cache is disabled
Skipping AarTransform: C:\Users\user\.gradle\caches\transforms-3\3ff7e07e96cbf3c15e17ee90dee7c81e\transformed\jetified-activity-1.8.2 as it is up-to-date.
Transforming activity-1.8.2.aar (androidx.activity:activity:1.8.2) with FilterShrinkerRulesTransform
Caching disabled for FilterShrinkerRulesTransform: C:\Users\user\.gradle\caches\transforms-3\17d74363b6e909a9d3f818c44afa4535\transformed\jetified-lifecycle-viewmodel-savedstate-2.7.0\proguard.txt because:
  Build cache is disabled
Skipping FilterShrinkerRulesTransform: C:\Users\user\.gradle\caches\transforms-3\17d74363b6e909a9d3f818c44afa4535\transformed\jetified-lifecycle-viewmodel-savedstate-2.7.0\proguard.txt as it is up-to-date.
Caching disabled for AarTransform: C:\Users\user\.gradle\caches\transforms-3\6b9e330e22f5b80af693a9cc1ed78961\transformed\jetified-exoplayer-dash-2.19.1 because:
  Build cache is disabled
Skipping AarTransform: C:\Users\user\.gradle\caches\transforms-3\6b9e330e22f5b80af693a9cc1ed78961\transformed\jetified-exoplayer-dash-2.19.1 as it is up-to-date.
Transforming exoplayer-dash-2.19.1.aar (com.google.android.exoplayer:exoplayer-dash:2.19.1) with FilterShrinkerRulesTransform
Caching disabled for FilterShrinkerRulesTransform: C:\Users\user\.gradle\caches\transforms-3\eb7f95ceb80fe7edaffe686f45c414e3\transformed\jetified-ui-release\proguard.txt because:
  Build cache is disabled
Caching disabled for AarTransform: C:\Users\user\.gradle\caches\transforms-3\86e7631404a3447ccb8c53460349c742\transformed\jetified-exoplayer-hls-2.19.1 because:
  Build cache is disabled
Skipping AarTransform: C:\Users\user\.gradle\caches\transforms-3\86e7631404a3447ccb8c53460349c742\transformed\jetified-exoplayer-hls-2.19.1 as it is up-to-date.
Caching disabled for AarTransform: C:\Users\user\.gradle\caches\transforms-3\cc2b5325880f19f8fa69e371da0fcec2\transformed\jetified-activity-compose-1.8.2 because:
  Build cache is disabled
Skipping AarTransform: C:\Users\user\.gradle\caches\transforms-3\cc2b5325880f19f8fa69e371da0fcec2\transformed\jetified-activity-compose-1.8.2 as it is up-to-date.
Transforming activity-compose-1.8.2.aar (androidx.activity:activity-compose:1.8.2) with FilterShrinkerRulesTransform
Transforming core-1.12.0.aar (androidx.core:core:1.12.0) with JetifyTransform
Transforming core-1.12.0.aar (androidx.core:core:1.12.0) with ExtractAarTransform
Transforming core-1.12.0.aar (androidx.core:core:1.12.0) with AarTransform
Transforming core-1.12.0.aar (androidx.core:core:1.12.0) with JetifyTransform
Transforming core-1.12.0.aar (androidx.core:core:1.12.0) with ExtractAarTransform
Transforming core-1.12.0.aar (androidx.core:core:1.12.0) with AarTransform
Transforming core-1.12.0.aar (androidx.core:core:1.12.0) with JetifyTransform
Transforming core-1.12.0.aar (androidx.core:core:1.12.0) with ExtractAarTransform
Transforming core-1.12.0.aar (androidx.core:core:1.12.0) with AarTransform
Transforming core-1.12.0.aar (androidx.core:core:1.12.0) with JetifyTransform
Transforming core-1.12.0.aar (androidx.core:core:1.12.0) with ExtractAarTransform
Transforming exoplayer-hls-2.19.1.aar (com.google.android.exoplayer:exoplayer-hls:2.19.1) with FilterShrinkerRulesTransform
Skipping FilterShrinkerRulesTransform: C:\Users\user\.gradle\caches\transforms-3\eb7f95ceb80fe7edaffe686f45c414e3\transformed\jetified-ui-release\proguard.txt as it is up-to-date.
Caching disabled for AarTransform: C:\Users\user\.gradle\caches\transforms-3\7988b5c431abeac835ef34d8554a267c\transformed\jetified-exoplayer-rtsp-2.19.1 because:
  Build cache is disabled
Skipping AarTransform: C:\Users\user\.gradle\caches\transforms-3\7988b5c431abeac835ef34d8554a267c\transformed\jetified-exoplayer-rtsp-2.19.1 as it is up-to-date.
Caching disabled for FilterShrinkerRulesTransform: C:\Users\user\.gradle\caches\transforms-3\4bea3ad7086dd6310416577e679b27ab\transformed\lifecycle-runtime-2.7.0\proguard.txt because:
  Build cache is disabled
Transforming exoplayer-rtsp-2.19.1.aar (com.google.android.exoplayer:exoplayer-rtsp:2.19.1) with FilterShrinkerRulesTransform
Skipping FilterShrinkerRulesTransform: C:\Users\user\.gradle\caches\transforms-3\4bea3ad7086dd6310416577e679b27ab\transformed\lifecycle-runtime-2.7.0\proguard.txt as it is up-to-date.
Transforming core-1.12.0.aar (androidx.core:core:1.12.0) with AarTransform
Transforming core-1.12.0.aar (androidx.core:core:1.12.0) with JetifyTransform
Transforming core-1.12.0.aar (androidx.core:core:1.12.0) with ExtractAarTransform
Transforming core-1.12.0.aar (androidx.core:core:1.12.0) with AarTransform
Transforming core-1.12.0.aar (androidx.core:core:1.12.0) with JetifyTransform
Transforming core-1.12.0.aar (androidx.core:core:1.12.0) with ExtractAarTransform
Transforming core-1.12.0.aar (androidx.core:core:1.12.0) with AarTransform
Transforming core-1.12.0.aar (androidx.core:core:1.12.0) with JetifyTransform
Transforming core-1.12.0.aar (androidx.core:core:1.12.0) with ExtractAarTransform
Transforming core-1.12.0.aar (androidx.core:core:1.12.0) with AarTransform
Transforming core-1.12.0.aar (androidx.core:core:1.12.0) with JetifyTransform
Transforming core-1.12.0.aar (androidx.core:core:1.12.0) with ExtractAarTransform
Transforming core-1.12.0.aar (androidx.core:core:1.12.0) with AarTransform
Transforming core-1.12.0.aar (androidx.core:core:1.12.0) with JetifyTransform
Transforming core-1.12.0.aar (androidx.core:core:1.12.0) with ExtractAarTransform
Transforming core-1.12.0.aar (androidx.core:core:1.12.0) with AarTransform
Transforming core-1.12.0.aar (androidx.core:core:1.12.0) with JetifyTransform
Transforming core-1.12.0.aar (androidx.core:core:1.12.0) with ExtractAarTransform
Transforming core-1.12.0.aar (androidx.core:core:1.12.0) with AarTransform
Transforming core-1.12.0.aar (androidx.core:core:1.12.0) with JetifyTransform
Transforming core-1.12.0.aar (androidx.core:core:1.12.0) with ExtractAarTransform
Transforming core-1.12.0.aar (androidx.core:core:1.12.0) with AarTransform
Transforming core-1.12.0.aar (androidx.core:core:1.12.0) with JetifyTransform
Transforming core-1.12.0.aar (androidx.core:core:1.12.0) with ExtractAarTransform
Transforming core-1.12.0.aar (androidx.core:core:1.12.0) with AarTransform
Transforming core-1.12.0.aar (androidx.core:core:1.12.0) with JetifyTransform
Transforming core-1.12.0.aar (androidx.core:core:1.12.0) with ExtractAarTransform
Transforming core-1.12.0.aar (androidx.core:core:1.12.0) with AarTransform
Transforming core-1.12.0.aar (androidx.core:core:1.12.0) with JetifyTransform
Transforming core-1.12.0.aar (androidx.core:core:1.12.0) with ExtractAarTransform
Transforming core-1.12.0.aar (androidx.core:core:1.12.0) with AarTransform
Transforming ads-adservices-java-1.0.0-beta05.aar (androidx.privacysandbox.ads:ads-adservices-java:1.0.0-beta05) with JetifyTransform
Transforming ads-adservices-java-1.0.0-beta05.aar (androidx.privacysandbox.ads:ads-adservices-java:1.0.0-beta05) with ExtractAarTransform
Transforming ads-adservices-java-1.0.0-beta05.aar (androidx.privacysandbox.ads:ads-adservices-java:1.0.0-beta05) with AarTransform
Transforming ads-adservices-1.0.0-beta05.aar (androidx.privacysandbox.ads:ads-adservices:1.0.0-beta05) with JetifyTransform
Transforming ads-adservices-1.0.0-beta05.aar (androidx.privacysandbox.ads:ads-adservices:1.0.0-beta05) with ExtractAarTransform
Transforming ads-adservices-1.0.0-beta05.aar (androidx.privacysandbox.ads:ads-adservices:1.0.0-beta05) with AarTransform
Transforming ads-adservices-1.0.0-beta05.aar (androidx.privacysandbox.ads:ads-adservices:1.0.0-beta05) with JetifyTransform
Transforming ads-adservices-1.0.0-beta05.aar (androidx.privacysandbox.ads:ads-adservices:1.0.0-beta05) with ExtractAarTransform
Transforming ads-adservices-1.0.0-beta05.aar (androidx.privacysandbox.ads:ads-adservices:1.0.0-beta05) with AarTransform
Transforming customview-poolingcontainer-1.0.0.aar (androidx.customview:customview-poolingcontainer:1.0.0) with JetifyTransform
Transforming customview-poolingcontainer-1.0.0.aar (androidx.customview:customview-poolingcontainer:1.0.0) with ExtractAarTransform
Transforming customview-poolingcontainer-1.0.0.aar (androidx.customview:customview-poolingcontainer:1.0.0) with AarTransform
Transforming core-ktx-1.12.0.aar (androidx.core:core-ktx:1.12.0) with JetifyTransform
Transforming core-ktx-1.12.0.aar (androidx.core:core-ktx:1.12.0) with ExtractAarTransform
Transforming core-ktx-1.12.0.aar (androidx.core:core-ktx:1.12.0) with AarTransform
Transforming flexbox-3.0.0.aar (com.google.android.flexbox:flexbox:3.0.0) with JetifyTransform
Transforming flexbox-3.0.0.aar (com.google.android.flexbox:flexbox:3.0.0) with ExtractAarTransform
Transforming flexbox-3.0.0.aar (com.google.android.flexbox:flexbox:3.0.0) with AarTransform
Transforming core-splashscreen-1.0.1.aar (androidx.core:core-splashscreen:1.0.1) with JetifyTransform
Transforming core-splashscreen-1.0.1.aar (androidx.core:core-splashscreen:1.0.1) with ExtractAarTransform
Transforming core-splashscreen-1.0.1.aar (androidx.core:core-splashscreen:1.0.1) with AarTransform
Transforming kotlin-parcelize-runtime-1.9.22.jar (org.jetbrains.kotlin:kotlin-parcelize-runtime:1.9.22) with JetifyTransform
Transforming kotlin-parcelize-runtime-1.9.22.jar (org.jetbrains.kotlin:kotlin-parcelize-runtime:1.9.22) with ExtractProGuardRulesTransform
Transforming sqlite-framework-2.4.0.aar (androidx.sqlite:sqlite-framework:2.4.0) with JetifyTransform
Transforming sqlite-framework-2.4.0.aar (androidx.sqlite:sqlite-framework:2.4.0) with ExtractAarTransform
Transforming sqlite-framework-2.4.0.aar (androidx.sqlite:sqlite-framework:2.4.0) with AarTransform
Transforming sqlite-2.4.0.aar (androidx.sqlite:sqlite:2.4.0) with JetifyTransform
Transforming sqlite-2.4.0.aar (androidx.sqlite:sqlite:2.4.0) with ExtractAarTransform
Transforming sqlite-2.4.0.aar (androidx.sqlite:sqlite:2.4.0) with AarTransform
Transforming logging-interceptor-4.12.0.jar (com.squareup.okhttp3:logging-interceptor:4.12.0) with JetifyTransform
Transforming logging-interceptor-4.12.0.jar (com.squareup.okhttp3:logging-interceptor:4.12.0) with ExtractProGuardRulesTransform
Transforming kotlinx-coroutines-core-jvm-1.7.3.jar (org.jetbrains.kotlinx:kotlinx-coroutines-core-jvm:1.7.3) with JetifyTransform
Transforming kotlinx-coroutines-core-jvm-1.7.3.jar (org.jetbrains.kotlinx:kotlinx-coroutines-core-jvm:1.7.3) with ExtractProGuardRulesTransform
Transforming kotlinx-coroutines-android-1.7.3.jar (org.jetbrains.kotlinx:kotlinx-coroutines-android:1.7.3) with JetifyTransform
Transforming kotlinx-coroutines-android-1.7.3.jar (org.jetbrains.kotlinx:kotlinx-coroutines-android:1.7.3) with ExtractProGuardRulesTransform
Transforming converter-gson-2.9.0.jar (com.squareup.retrofit2:converter-gson:2.9.0) with JetifyTransform
Transforming converter-gson-2.9.0.jar (com.squareup.retrofit2:converter-gson:2.9.0) with ExtractProGuardRulesTransform
Caching disabled for AarTransform: C:\Users\user\.gradle\caches\transforms-3\04830523360f0a9c22bc3d9783abdb1e\transformed\jetified-exoplayer-smoothstreaming-2.19.1 because:
  Build cache is disabled
Skipping AarTransform: C:\Users\user\.gradle\caches\transforms-3\04830523360f0a9c22bc3d9783abdb1e\transformed\jetified-exoplayer-smoothstreaming-2.19.1 as it is up-to-date.
Transforming exoplayer-smoothstreaming-2.19.1.aar (com.google.android.exoplayer:exoplayer-smoothstreaming:2.19.1) with FilterShrinkerRulesTransform
Transforming retrofit-2.9.0.jar (com.squareup.retrofit2:retrofit:2.9.0) with JetifyTransform
Caching disabled for AarTransform: C:\Users\user\.gradle\caches\transforms-3\0f7bbe974198c0e6f5daf78e810cfb8e\transformed\recyclerview-1.3.0 because:
  Build cache is disabled
Skipping AarTransform: C:\Users\user\.gradle\caches\transforms-3\0f7bbe974198c0e6f5daf78e810cfb8e\transformed\recyclerview-1.3.0 as it is up-to-date.
Transforming retrofit-2.9.0.jar (com.squareup.retrofit2:retrofit:2.9.0) with ExtractProGuardRulesTransform
Transforming okhttp-4.12.0.jar (com.squareup.okhttp3:okhttp:4.12.0) with JetifyTransform
Transforming okhttp-4.12.0.jar (com.squareup.okhttp3:okhttp:4.12.0) with ExtractProGuardRulesTransform
Transforming okio-jvm-3.6.0.jar (com.squareup.okio:okio-jvm:3.6.0) with JetifyTransform
Transforming okio-jvm-3.6.0.jar (com.squareup.okio:okio-jvm:3.6.0) with ExtractProGuardRulesTransform
Transforming kotlin-stdlib-jdk8-1.9.10.jar (org.jetbrains.kotlin:kotlin-stdlib-jdk8:1.9.10) with JetifyTransform
Transforming kotlin-stdlib-jdk8-1.9.10.jar (org.jetbrains.kotlin:kotlin-stdlib-jdk8:1.9.10) with ExtractProGuardRulesTransform
Transforming recyclerview-1.3.0.aar (androidx.recyclerview:recyclerview:1.3.0) with FilterShrinkerRulesTransform
Transforming recyclerview-1.3.0.aar (androidx.recyclerview:recyclerview:1.3.0) with FilterShrinkerRulesTransform
Transforming kotlin-android-extensions-runtime-1.9.22.jar (org.jetbrains.kotlin:kotlin-android-extensions-runtime:1.9.22) with JetifyTransform
Transforming kotlin-android-extensions-runtime-1.9.22.jar (org.jetbrains.kotlin:kotlin-android-extensions-runtime:1.9.22) with ExtractProGuardRulesTransform
Transforming kotlin-stdlib-jdk7-1.9.10.jar (org.jetbrains.kotlin:kotlin-stdlib-jdk7:1.9.10) with JetifyTransform
Transforming kotlin-stdlib-jdk7-1.9.10.jar (org.jetbrains.kotlin:kotlin-stdlib-jdk7:1.9.10) with ExtractProGuardRulesTransform
Transforming napier-release.aar (io.github.aakira:napier-android:1.4.1) with JetifyTransform
Caching disabled for AarTransform: C:\Users\user\.gradle\caches\transforms-3\665f08a046034a03c45c1b60402783c2\transformed\jetified-exoplayer-ui-2.19.1 because:
  Build cache is disabled
Transforming napier-release.aar (io.github.aakira:napier-android:1.4.1) with ExtractAarTransform
Skipping AarTransform: C:\Users\user\.gradle\caches\transforms-3\665f08a046034a03c45c1b60402783c2\transformed\jetified-exoplayer-ui-2.19.1 as it is up-to-date.
Transforming napier-release.aar (io.github.aakira:napier-android:1.4.1) with AarTransform
Transforming annotation-experimental-1.4.0.aar (androidx.annotation:annotation-experimental:1.4.0) with JetifyTransform
Caching disabled for AarTransform: C:\Users\user\.gradle\caches\transforms-3\e64e0a3a08ca0f06a8ffeb68df2fb01e\transformed\media-1.6.0 because:
  Build cache is disabled
Skipping AarTransform: C:\Users\user\.gradle\caches\transforms-3\e64e0a3a08ca0f06a8ffeb68df2fb01e\transformed\media-1.6.0 as it is up-to-date.
Transforming media-1.6.0.aar (androidx.media:media:1.6.0) with FilterShrinkerRulesTransform
Caching disabled for AarTransform: C:\Users\user\.gradle\caches\transforms-3\756e4599b46450e09c632b813556cee0\transformed\browser-1.4.0 because:
  Build cache is disabled
Skipping AarTransform: C:\Users\user\.gradle\caches\transforms-3\756e4599b46450e09c632b813556cee0\transformed\browser-1.4.0 as it is up-to-date.
Caching disabled for FilterShrinkerRulesTransform: C:\Users\user\.gradle\caches\transforms-3\0f7bbe974198c0e6f5daf78e810cfb8e\transformed\recyclerview-1.3.0\proguard.txt because:
  Build cache is disabled
Skipping FilterShrinkerRulesTransform: C:\Users\user\.gradle\caches\transforms-3\0f7bbe974198c0e6f5daf78e810cfb8e\transformed\recyclerview-1.3.0\proguard.txt as it is up-to-date.
Transforming browser-1.4.0.aar (androidx.browser:browser:1.4.0) with FilterShrinkerRulesTransform
Caching disabled for AarTransform: C:\Users\user\.gradle\caches\transforms-3\57848645458d68f540459ae62d741e32\transformed\viewpager-1.0.0 because:
  Build cache is disabled
Skipping AarTransform: C:\Users\user\.gradle\caches\transforms-3\57848645458d68f540459ae62d741e32\transformed\viewpager-1.0.0 as it is up-to-date.
Transforming viewpager-1.0.0.aar (androidx.viewpager:viewpager:1.0.0) with FilterShrinkerRulesTransform
Caching disabled for FilterShrinkerRulesTransform: C:\Users\user\.gradle\caches\transforms-3\e64e0a3a08ca0f06a8ffeb68df2fb01e\transformed\media-1.6.0\proguard.txt because:
  Build cache is disabled
Transforming annotation-experimental-1.4.0.aar (androidx.annotation:annotation-experimental:1.4.0) with ExtractAarTransform
Skipping FilterShrinkerRulesTransform: C:\Users\user\.gradle\caches\transforms-3\e64e0a3a08ca0f06a8ffeb68df2fb01e\transformed\media-1.6.0\proguard.txt as it is up-to-date.
Transforming annotation-experimental-1.4.0.aar (androidx.annotation:annotation-experimental:1.4.0) with AarTransform
Caching disabled for AarTransform: C:\Users\user\.gradle\caches\transforms-3\6a39333c6856d532570520fbc2bd1c09\transformed\jetified-exoplayer-core-2.19.1 because:
  Build cache is disabled
Transforming exoplayer-ui-2.19.1.aar (com.google.android.exoplayer:exoplayer-ui:2.19.1) with FilterShrinkerRulesTransform
Skipping AarTransform: C:\Users\user\.gradle\caches\transforms-3\6a39333c6856d532570520fbc2bd1c09\transformed\jetified-exoplayer-core-2.19.1 as it is up-to-date.
Transforming cursoradapter-1.0.0.aar (androidx.cursoradapter:cursoradapter:1.0.0) with JetifyTransform
Transforming cursoradapter-1.0.0.aar (androidx.cursoradapter:cursoradapter:1.0.0) with ExtractAarTransform
Transforming cursoradapter-1.0.0.aar (androidx.cursoradapter:cursoradapter:1.0.0) with AarTransform
Transforming resourceinspection-annotation-1.0.1.jar (androidx.resourceinspection:resourceinspection-annotation:1.0.1) with JetifyTransform
Transforming exoplayer-core-2.19.1.aar (com.google.android.exoplayer:exoplayer-core:2.19.1) with FilterShrinkerRulesTransform
Caching disabled for AarTransform: C:\Users\user\.gradle\caches\transforms-3\a2f4c85d9ee4c6259367ff55f3b32260\transformed\customview-1.1.0 because:
  Build cache is disabled
Caching disabled for AarTransform: C:\Users\user\.gradle\caches\transforms-3\937d7a61b7111c64ca0de305910a85b2\transformed\jetified-autofill-1.0.0 because:
  Build cache is disabled
Skipping AarTransform: C:\Users\user\.gradle\caches\transforms-3\a2f4c85d9ee4c6259367ff55f3b32260\transformed\customview-1.1.0 as it is up-to-date.
Skipping AarTransform: C:\Users\user\.gradle\caches\transforms-3\937d7a61b7111c64ca0de305910a85b2\transformed\jetified-autofill-1.0.0 as it is up-to-date.
Transforming resourceinspection-annotation-1.0.1.jar (androidx.resourceinspection:resourceinspection-annotation:1.0.1) with ExtractProGuardRulesTransform
Transforming cardview-1.0.0.aar (androidx.cardview:cardview:1.0.0) with JetifyTransform
Transforming autofill-1.0.0.aar (androidx.autofill:autofill:1.0.0) with FilterShrinkerRulesTransform
Transforming cardview-1.0.0.aar (androidx.cardview:cardview:1.0.0) with ExtractAarTransform
Transforming customview-1.1.0.aar (androidx.customview:customview:1.1.0) with FilterShrinkerRulesTransform
Transforming customview-1.1.0.aar (androidx.customview:customview:1.1.0) with FilterShrinkerRulesTransform
Caching disabled for AarTransform: C:\Users\user\.gradle\caches\transforms-3\5c5739f4de2f71729af9e79251007f6b\transformed\core-1.12.0 because:
  Build cache is disabled
Transforming cardview-1.0.0.aar (androidx.cardview:cardview:1.0.0) with AarTransform
Transforming core-runtime-2.2.0.aar (androidx.arch.core:core-runtime:2.2.0) with JetifyTransform
Transforming core-runtime-2.2.0.aar (androidx.arch.core:core-runtime:2.2.0) with ExtractAarTransform
Transforming core-runtime-2.2.0.aar (androidx.arch.core:core-runtime:2.2.0) with AarTransform
Transforming exoplayer-datasource-2.19.1.aar (com.google.android.exoplayer:exoplayer-datasource:2.19.1) with JetifyTransform
Transforming exoplayer-datasource-2.19.1.aar (com.google.android.exoplayer:exoplayer-datasource:2.19.1) with ExtractAarTransform
Transforming exoplayer-datasource-2.19.1.aar (com.google.android.exoplayer:exoplayer-datasource:2.19.1) with AarTransform
Skipping AarTransform: C:\Users\user\.gradle\caches\transforms-3\5c5739f4de2f71729af9e79251007f6b\transformed\core-1.12.0 as it is up-to-date.
Transforming exoplayer-database-2.19.1.aar (com.google.android.exoplayer:exoplayer-database:2.19.1) with JetifyTransform
Transforming exoplayer-database-2.19.1.aar (com.google.android.exoplayer:exoplayer-database:2.19.1) with ExtractAarTransform
Transforming exoplayer-database-2.19.1.aar (com.google.android.exoplayer:exoplayer-database:2.19.1) with AarTransform
Transforming exoplayer-extractor-2.19.1.aar (com.google.android.exoplayer:exoplayer-extractor:2.19.1) with JetifyTransform
Transforming exoplayer-extractor-2.19.1.aar (com.google.android.exoplayer:exoplayer-extractor:2.19.1) with ExtractAarTransform
Transforming core-1.12.0.aar (androidx.core:core:1.12.0) with FilterShrinkerRulesTransform
Transforming core-1.12.0.aar (androidx.core:core:1.12.0) with FilterShrinkerRulesTransform
Transforming exoplayer-extractor-2.19.1.aar (com.google.android.exoplayer:exoplayer-extractor:2.19.1) with AarTransform
Transforming exoplayer-decoder-2.19.1.aar (com.google.android.exoplayer:exoplayer-decoder:2.19.1) with JetifyTransform
Transforming exoplayer-decoder-2.19.1.aar (com.google.android.exoplayer:exoplayer-decoder:2.19.1) with ExtractAarTransform
Transforming exoplayer-decoder-2.19.1.aar (com.google.android.exoplayer:exoplayer-decoder:2.19.1) with AarTransform
Transforming exoplayer-container-2.19.1.aar (com.google.android.exoplayer:exoplayer-container:2.19.1) with JetifyTransform
Transforming exoplayer-container-2.19.1.aar (com.google.android.exoplayer:exoplayer-container:2.19.1) with ExtractAarTransform
Transforming exoplayer-container-2.19.1.aar (com.google.android.exoplayer:exoplayer-container:2.19.1) with AarTransform
Transforming exoplayer-common-2.19.1.aar (com.google.android.exoplayer:exoplayer-common:2.19.1) with JetifyTransform
Transforming exoplayer-common-2.19.1.aar (com.google.android.exoplayer:exoplayer-common:2.19.1) with ExtractAarTransform
Transforming exoplayer-common-2.19.1.aar (com.google.android.exoplayer:exoplayer-common:2.19.1) with AarTransform
Transforming interpolator-1.0.0.aar (androidx.interpolator:interpolator:1.0.0) with JetifyTransform
Transforming interpolator-1.0.0.aar (androidx.interpolator:interpolator:1.0.0) with ExtractAarTransform
Transforming interpolator-1.0.0.aar (androidx.interpolator:interpolator:1.0.0) with AarTransform
Transforming interpolator-1.0.0.aar (androidx.interpolator:interpolator:1.0.0) with JetifyTransform
Transforming interpolator-1.0.0.aar (androidx.interpolator:interpolator:1.0.0) with ExtractAarTransform
Transforming interpolator-1.0.0.aar (androidx.interpolator:interpolator:1.0.0) with AarTransform
Caching disabled for FilterShrinkerRulesTransform: C:\Users\user\.gradle\caches\transforms-3\665f08a046034a03c45c1b60402783c2\transformed\jetified-exoplayer-ui-2.19.1\proguard.txt because:
  Build cache is disabled
Caching disabled for FilterShrinkerRulesTransform: C:\Users\user\.gradle\caches\transforms-3\6a39333c6856d532570520fbc2bd1c09\transformed\jetified-exoplayer-core-2.19.1\proguard.txt because:
  Build cache is disabled
Skipping FilterShrinkerRulesTransform: C:\Users\user\.gradle\caches\transforms-3\665f08a046034a03c45c1b60402783c2\transformed\jetified-exoplayer-ui-2.19.1\proguard.txt as it is up-to-date.
Skipping FilterShrinkerRulesTransform: C:\Users\user\.gradle\caches\transforms-3\6a39333c6856d532570520fbc2bd1c09\transformed\jetified-exoplayer-core-2.19.1\proguard.txt as it is up-to-date.
Transforming versionedparcelable-1.1.1.aar (androidx.versionedparcelable:versionedparcelable:1.1.1) with JetifyTransform
Transforming versionedparcelable-1.1.1.aar (androidx.versionedparcelable:versionedparcelable:1.1.1) with ExtractAarTransform
Transforming versionedparcelable-1.1.1.aar (androidx.versionedparcelable:versionedparcelable:1.1.1) with AarTransform
Transforming core-common-2.2.0.jar (androidx.arch.core:core-common:2.2.0) with JetifyTransform
Transforming core-common-2.2.0.jar (androidx.arch.core:core-common:2.2.0) with ExtractProGuardRulesTransform
Transforming profileinstaller-1.3.1.aar (androidx.profileinstaller:profileinstaller:1.3.1) with JetifyTransform
Transforming profileinstaller-1.3.1.aar (androidx.profileinstaller:profileinstaller:1.3.1) with ExtractAarTransform
Transforming profileinstaller-1.3.1.aar (androidx.profileinstaller:profileinstaller:1.3.1) with AarTransform
Caching disabled for FilterShrinkerRulesTransform: C:\Users\user\.gradle\caches\transforms-3\5c5739f4de2f71729af9e79251007f6b\transformed\core-1.12.0\proguard.txt because:
  Build cache is disabled
Transforming startup-runtime-1.1.1.aar (androidx.startup:startup-runtime:1.1.1) with JetifyTransform
Transforming startup-runtime-1.1.1.aar (androidx.startup:startup-runtime:1.1.1) with ExtractAarTransform
Skipping FilterShrinkerRulesTransform: C:\Users\user\.gradle\caches\transforms-3\5c5739f4de2f71729af9e79251007f6b\transformed\core-1.12.0\proguard.txt as it is up-to-date.
Transforming startup-runtime-1.1.1.aar (androidx.startup:startup-runtime:1.1.1) with AarTransform
Transforming tracing-1.0.0.aar (androidx.tracing:tracing:1.0.0) with JetifyTransform
Transforming tracing-1.0.0.aar (androidx.tracing:tracing:1.0.0) with ExtractAarTransform
Transforming tracing-1.0.0.aar (androidx.tracing:tracing:1.0.0) with AarTransform
Transforming concurrent-futures-1.1.0.jar (androidx.concurrent:concurrent-futures:1.1.0) with JetifyTransform
Transforming concurrent-futures-1.1.0.jar (androidx.concurrent:concurrent-futures:1.1.0) with ExtractProGuardRulesTransform
Transforming documentfile-1.0.0.aar (androidx.documentfile:documentfile:1.0.0) with JetifyTransform
Transforming documentfile-1.0.0.aar (androidx.documentfile:documentfile:1.0.0) with ExtractAarTransform
Transforming documentfile-1.0.0.aar (androidx.documentfile:documentfile:1.0.0) with AarTransform
Caching disabled for AarTransform: C:\Users\user\.gradle\caches\transforms-3\bc26dfac284b88af3c813008f6ef1c3e\transformed\jetified-customview-poolingcontainer-1.0.0 because:
  Build cache is disabled
Transforming localbroadcastmanager-1.0.0.aar (androidx.localbroadcastmanager:localbroadcastmanager:1.0.0) with JetifyTransform
Transforming localbroadcastmanager-1.0.0.aar (androidx.localbroadcastmanager:localbroadcastmanager:1.0.0) with ExtractAarTransform
Transforming localbroadcastmanager-1.0.0.aar (androidx.localbroadcastmanager:localbroadcastmanager:1.0.0) with AarTransform
Transforming print-1.0.0.aar (androidx.print:print:1.0.0) with JetifyTransform
Transforming print-1.0.0.aar (androidx.print:print:1.0.0) with ExtractAarTransform
Transforming print-1.0.0.aar (androidx.print:print:1.0.0) with AarTransform
Transforming exifinterface-1.3.6.aar (androidx.exifinterface:exifinterface:1.3.6) with JetifyTransform
Transforming exifinterface-1.3.6.aar (androidx.exifinterface:exifinterface:1.3.6) with ExtractAarTransform
Transforming exifinterface-1.3.6.aar (androidx.exifinterface:exifinterface:1.3.6) with AarTransform
Transforming collection-ktx-1.4.0.jar (androidx.collection:collection-ktx:1.4.0) with JetifyTransform
Transforming collection-ktx-1.4.0.jar (androidx.collection:collection-ktx:1.4.0) with ExtractProGuardRulesTransform
Skipping AarTransform: C:\Users\user\.gradle\caches\transforms-3\bc26dfac284b88af3c813008f6ef1c3e\transformed\jetified-customview-poolingcontainer-1.0.0 as it is up-to-date.
Transforming customview-poolingcontainer-1.0.0.aar (androidx.customview:customview-poolingcontainer:1.0.0) with FilterShrinkerRulesTransform
Caching disabled for AarTransform: C:\Users\user\.gradle\caches\transforms-3\9ab85f199ce6032d85aa0cc0c0e855bb\transformed\jetified-core-ktx-1.12.0 because:
  Build cache is disabled
Skipping AarTransform: C:\Users\user\.gradle\caches\transforms-3\9ab85f199ce6032d85aa0cc0c0e855bb\transformed\jetified-core-ktx-1.12.0 as it is up-to-date.
Transforming core-ktx-1.12.0.aar (androidx.core:core-ktx:1.12.0) with FilterShrinkerRulesTransform
Caching disabled for AarTransform: C:\Users\user\.gradle\caches\transforms-3\71618b46663af3ea0092ee8c6d5590fe\transformed\sqlite-framework-2.4.0 because:
  Build cache is disabled
Skipping AarTransform: C:\Users\user\.gradle\caches\transforms-3\71618b46663af3ea0092ee8c6d5590fe\transformed\sqlite-framework-2.4.0 as it is up-to-date.
Transforming sqlite-framework-2.4.0.aar (androidx.sqlite:sqlite-framework:2.4.0) with FilterShrinkerRulesTransform
Caching disabled for ExtractProGuardRulesTransform: C:\Users\user\.gradle\caches\transforms-3\5f8fb35c0e42efc60950ab6c4084add3\transformed\jetified-logging-interceptor-4.12.0.jar because:
  Build cache is disabled
Skipping ExtractProGuardRulesTransform: C:\Users\user\.gradle\caches\transforms-3\5f8fb35c0e42efc60950ab6c4084add3\transformed\jetified-logging-interceptor-4.12.0.jar as it is up-to-date.
Caching disabled for AarTransform: C:\Users\user\.gradle\caches\transforms-3\c4b75ff235f5060d29e5ddca564ceddc\transformed\jetified-ads-adservices-java-1.0.0-beta05 because:
  Build cache is disabled
Skipping AarTransform: C:\Users\user\.gradle\caches\transforms-3\c4b75ff235f5060d29e5ddca564ceddc\transformed\jetified-ads-adservices-java-1.0.0-beta05 as it is up-to-date.
Caching disabled for AarTransform: C:\Users\user\.gradle\caches\transforms-3\8b9d9cccd9cd11d68aeff198447cb46d\transformed\jetified-core-splashscreen-1.0.1 because:
  Build cache is disabled
Caching disabled for AarTransform: C:\Users\user\.gradle\caches\transforms-3\a03b3d04d2ceca7ea618a06e3d24afa0\transformed\sqlite-2.4.0 because:
  Build cache is disabled
Transforming logging-interceptor-4.12.0.jar (com.squareup.okhttp3:logging-interceptor:4.12.0) with FilterShrinkerRulesTransform
Transforming collection-jvm-1.4.0.jar (androidx.collection:collection-jvm:1.4.0) with JetifyTransform
Skipping AarTransform: C:\Users\user\.gradle\caches\transforms-3\a03b3d04d2ceca7ea618a06e3d24afa0\transformed\sqlite-2.4.0 as it is up-to-date.
Skipping AarTransform: C:\Users\user\.gradle\caches\transforms-3\8b9d9cccd9cd11d68aeff198447cb46d\transformed\jetified-core-splashscreen-1.0.1 as it is up-to-date.
Caching disabled for AarTransform: C:\Users\user\.gradle\caches\transforms-3\88a788eb4554cb70c926faac5961e219\transformed\jetified-ads-adservices-1.0.0-beta05 because:
  Build cache is disabled
Skipping AarTransform: C:\Users\user\.gradle\caches\transforms-3\88a788eb4554cb70c926faac5961e219\transformed\jetified-ads-adservices-1.0.0-beta05 as it is up-to-date.
Transforming ads-adservices-java-1.0.0-beta05.aar (androidx.privacysandbox.ads:ads-adservices-java:1.0.0-beta05) with FilterShrinkerRulesTransform
Caching disabled for AarTransform: C:\Users\user\.gradle\caches\transforms-3\b524aad8313712e1a2099d34ba0009dd\transformed\jetified-flexbox-3.0.0 because:
  Build cache is disabled
Transforming ads-adservices-1.0.0-beta05.aar (androidx.privacysandbox.ads:ads-adservices:1.0.0-beta05) with FilterShrinkerRulesTransform
Transforming ads-adservices-1.0.0-beta05.aar (androidx.privacysandbox.ads:ads-adservices:1.0.0-beta05) with FilterShrinkerRulesTransform
Transforming core-splashscreen-1.0.1.aar (androidx.core:core-splashscreen:1.0.1) with FilterShrinkerRulesTransform
Transforming sqlite-2.4.0.aar (androidx.sqlite:sqlite:2.4.0) with FilterShrinkerRulesTransform
Caching disabled for ExtractProGuardRulesTransform: C:\Users\user\.gradle\caches\transforms-3\76da9a07d1228e29a4beb3200800de48\transformed\jetified-kotlin-parcelize-runtime-1.9.22.jar because:
  Build cache is disabled
Skipping ExtractProGuardRulesTransform: C:\Users\user\.gradle\caches\transforms-3\76da9a07d1228e29a4beb3200800de48\transformed\jetified-kotlin-parcelize-runtime-1.9.22.jar as it is up-to-date.
Transforming collection-jvm-1.4.0.jar (androidx.collection:collection-jvm:1.4.0) with ExtractProGuardRulesTransform
Skipping AarTransform: C:\Users\user\.gradle\caches\transforms-3\b524aad8313712e1a2099d34ba0009dd\transformed\jetified-flexbox-3.0.0 as it is up-to-date.
Transforming annotation-jvm-1.7.0.jar (androidx.annotation:annotation-jvm:1.7.0) with JetifyTransform
Transforming annotation-jvm-1.7.0.jar (androidx.annotation:annotation-jvm:1.7.0) with ExtractProGuardRulesTransform
Transforming kotlin-stdlib-1.9.22.jar (org.jetbrains.kotlin:kotlin-stdlib:1.9.22) with JetifyTransform
Transforming kotlin-stdlib-1.9.22.jar (org.jetbrains.kotlin:kotlin-stdlib:1.9.22) with ExtractProGuardRulesTransform
Transforming volley-1.2.1.aar (com.android.volley:volley:1.2.1) with JetifyTransform
Transforming flexbox-3.0.0.aar (com.google.android.flexbox:flexbox:3.0.0) with FilterShrinkerRulesTransform
Caching disabled for ExtractProGuardRulesTransform: C:\Users\user\.gradle\caches\transforms-3\752749e2153ae499cafc02c721e09a60\transformed\jetified-kotlin-stdlib-jdk8-1.9.10.jar because:
  Build cache is disabled
Transforming kotlin-parcelize-runtime-1.9.22.jar (org.jetbrains.kotlin:kotlin-parcelize-runtime:1.9.22) with FilterShrinkerRulesTransform
Skipping ExtractProGuardRulesTransform: C:\Users\user\.gradle\caches\transforms-3\752749e2153ae499cafc02c721e09a60\transformed\jetified-kotlin-stdlib-jdk8-1.9.10.jar as it is up-to-date.
Transforming volley-1.2.1.aar (com.android.volley:volley:1.2.1) with ExtractAarTransform
Transforming volley-1.2.1.aar (com.android.volley:volley:1.2.1) with AarTransform
Transforming kotlin-stdlib-jdk8-1.9.10.jar (org.jetbrains.kotlin:kotlin-stdlib-jdk8:1.9.10) with FilterShrinkerRulesTransform
Transforming Android-Image-Slider-1.4.0.aar (com.github.smarteist:Android-Image-Slider:1.4.0) with JetifyTransform
Transforming Android-Image-Slider-1.4.0.aar (com.github.smarteist:Android-Image-Slider:1.4.0) with ExtractAarTransform
Transforming Android-Image-Slider-1.4.0.aar (com.github.smarteist:Android-Image-Slider:1.4.0) with AarTransform
Transforming circleimageview-3.1.0.aar (de.hdodenhof:circleimageview:3.1.0) with JetifyTransform
Transforming circleimageview-3.1.0.aar (de.hdodenhof:circleimageview:3.1.0) with ExtractAarTransform
Transforming circleimageview-3.1.0.aar (de.hdodenhof:circleimageview:3.1.0) with AarTransform
Transforming annotations-23.0.0.jar (org.jetbrains:annotations:23.0.0) with JetifyTransform
Transforming annotations-23.0.0.jar (org.jetbrains:annotations:23.0.0) with ExtractProGuardRulesTransform
Caching disabled for ExtractProGuardRulesTransform: C:\Users\user\.gradle\caches\transforms-3\bba663ab8ecedbea7764f0d84209caf8\transformed\jetified-kotlinx-coroutines-android-1.7.3.jar because:
  Build cache is disabled
Transforming guava-31.1-android.jar (com.google.guava:guava:31.1-android) with JetifyTransform
Caching disabled for FilterShrinkerRulesTransform: C:\Users\user\.gradle\caches\transforms-3\b524aad8313712e1a2099d34ba0009dd\transformed\jetified-flexbox-3.0.0\proguard.txt because:
  Build cache is disabled
Caching disabled for ExtractProGuardRulesTransform: C:\Users\user\.gradle\caches\transforms-3\77152a2a635f9881362be8e1412de56f\transformed\jetified-okio-jvm-3.6.0.jar because:
  Build cache is disabled
Skipping FilterShrinkerRulesTransform: C:\Users\user\.gradle\caches\transforms-3\b524aad8313712e1a2099d34ba0009dd\transformed\jetified-flexbox-3.0.0\proguard.txt as it is up-to-date.
Skipping ExtractProGuardRulesTransform: C:\Users\user\.gradle\caches\transforms-3\77152a2a635f9881362be8e1412de56f\transformed\jetified-okio-jvm-3.6.0.jar as it is up-to-date.
Caching disabled for ExtractProGuardRulesTransform: C:\Users\user\.gradle\caches\transforms-3\9d137afe6c7c0b28d85fcf45079e2505\transformed\jetified-kotlin-android-extensions-runtime-1.9.22.jar because:
  Build cache is disabled
Transforming guava-31.1-android.jar (com.google.guava:guava:31.1-android) with ExtractProGuardRulesTransform
Skipping ExtractProGuardRulesTransform: C:\Users\user\.gradle\caches\transforms-3\9d137afe6c7c0b28d85fcf45079e2505\transformed\jetified-kotlin-android-extensions-runtime-1.9.22.jar as it is up-to-date.
Skipping ExtractProGuardRulesTransform: C:\Users\user\.gradle\caches\transforms-3\bba663ab8ecedbea7764f0d84209caf8\transformed\jetified-kotlinx-coroutines-android-1.7.3.jar as it is up-to-date.
Transforming okio-jvm-3.6.0.jar (com.squareup.okio:okio-jvm:3.6.0) with FilterShrinkerRulesTransform
Transforming error_prone_annotations-2.15.0.jar (com.google.errorprone:error_prone_annotations:2.15.0) with JetifyTransform
Transforming error_prone_annotations-2.15.0.jar (com.google.errorprone:error_prone_annotations:2.15.0) with ExtractProGuardRulesTransform
Transforming kotlin-android-extensions-runtime-1.9.22.jar (org.jetbrains.kotlin:kotlin-android-extensions-runtime:1.9.22) with FilterShrinkerRulesTransform
Transforming hilt-core-2.49.jar (com.google.dagger:hilt-core:2.49) with JetifyTransform
Transforming kotlinx-coroutines-android-1.7.3.jar (org.jetbrains.kotlinx:kotlinx-coroutines-android:1.7.3) with FilterShrinkerRulesTransform
Transforming hilt-core-2.49.jar (com.google.dagger:hilt-core:2.49) with ExtractProGuardRulesTransform
Transforming dagger-2.49.jar (com.google.dagger:dagger:2.49) with JetifyTransform
Transforming dagger-2.49.jar (com.google.dagger:dagger:2.49) with ExtractProGuardRulesTransform
Transforming dagger-lint-aar-2.49.aar (com.google.dagger:dagger-lint-aar:2.49) with JetifyTransform
Transforming dagger-lint-aar-2.49.aar (com.google.dagger:dagger-lint-aar:2.49) with ExtractAarTransform
Transforming dagger-lint-aar-2.49.aar (com.google.dagger:dagger-lint-aar:2.49) with AarTransform
Transforming jsr305-3.0.2.jar (com.google.code.findbugs:jsr305:3.0.2) with JetifyTransform
Transforming jsr305-3.0.2.jar (com.google.code.findbugs:jsr305:3.0.2) with ExtractProGuardRulesTransform
Transforming javax.inject-1.jar (javax.inject:javax.inject:1) with JetifyTransform
Transforming javax.inject-1.jar (javax.inject:javax.inject:1) with ExtractProGuardRulesTransform
Caching disabled for ExtractProGuardRulesTransform: C:\Users\user\.gradle\caches\transforms-3\b468f2c4aedee3d560fd4d8f4b5c09e4\transformed\jetified-converter-gson-2.9.0.jar because:
  Build cache is disabled
Skipping ExtractProGuardRulesTransform: C:\Users\user\.gradle\caches\transforms-3\b468f2c4aedee3d560fd4d8f4b5c09e4\transformed\jetified-converter-gson-2.9.0.jar as it is up-to-date.
Transforming converter-gson-2.9.0.jar (com.squareup.retrofit2:converter-gson:2.9.0) with FilterShrinkerRulesTransform
Caching disabled for ExtractProGuardRulesTransform: C:\Users\user\.gradle\caches\transforms-3\7bb0199679dd1c71b81822bc48e5fa07\transformed\jetified-retrofit-2.9.0.jar because:
  Build cache is disabled
Skipping ExtractProGuardRulesTransform: C:\Users\user\.gradle\caches\transforms-3\7bb0199679dd1c71b81822bc48e5fa07\transformed\jetified-retrofit-2.9.0.jar as it is up-to-date.
Transforming retrofit-2.9.0.jar (com.squareup.retrofit2:retrofit:2.9.0) with FilterShrinkerRulesTransform
Caching disabled for AarTransform: C:\Users\user\.gradle\caches\transforms-3\4ec695ed94a8284d6fd7bdbfc66270dc\transformed\jetified-annotation-experimental-1.4.0 because:
  Build cache is disabled
Caching disabled for ExtractProGuardRulesTransform: C:\Users\user\.gradle\caches\transforms-3\e6f1f03f0fed1b56197a2feb492ad572\transformed\jetified-kotlinx-coroutines-core-jvm-1.7.3.jar because:
  Build cache is disabled
Skipping ExtractProGuardRulesTransform: C:\Users\user\.gradle\caches\transforms-3\e6f1f03f0fed1b56197a2feb492ad572\transformed\jetified-kotlinx-coroutines-core-jvm-1.7.3.jar as it is up-to-date.
Caching disabled for AarTransform: C:\Users\user\.gradle\caches\transforms-3\3d44061c8964bbe6cad35f32dd98185c\transformed\jetified-napier-release because:
  Build cache is disabled
Skipping AarTransform: C:\Users\user\.gradle\caches\transforms-3\3d44061c8964bbe6cad35f32dd98185c\transformed\jetified-napier-release as it is up-to-date.
Caching disabled for ExtractProGuardRulesTransform: C:\Users\user\.gradle\caches\transforms-3\6d93db5f7bed33676134b9ab052a2526\transformed\jetified-kotlin-stdlib-jdk7-1.9.10.jar because:
  Build cache is disabled
Transforming napier-release.aar (io.github.aakira:napier-android:1.4.1) with FilterShrinkerRulesTransform
Transforming gson-2.8.5.jar (com.google.code.gson:gson:2.8.5) with JetifyTransform
Transforming gson-2.8.5.jar (com.google.code.gson:gson:2.8.5) with ExtractProGuardRulesTransform
Transforming listenablefuture-9999.0-empty-to-avoid-conflict-with-guava.jar (com.google.guava:listenablefuture:9999.0-empty-to-avoid-conflict-with-guava) with JetifyTransform
Transforming listenablefuture-9999.0-empty-to-avoid-conflict-with-guava.jar (com.google.guava:listenablefuture:9999.0-empty-to-avoid-conflict-with-guava) with ExtractProGuardRulesTransform
Transforming constraintlayout-solver-2.0.1.jar (androidx.constraintlayout:constraintlayout-solver:2.0.1) with JetifyTransform
Transforming constraintlayout-solver-2.0.1.jar (androidx.constraintlayout:constraintlayout-solver:2.0.1) with ExtractProGuardRulesTransform
Transforming failureaccess-1.0.1.jar (com.google.guava:failureaccess:1.0.1) with JetifyTransform
Transforming failureaccess-1.0.1.jar (com.google.guava:failureaccess:1.0.1) with ExtractProGuardRulesTransform
Transforming checker-qual-3.12.0.jar (org.checkerframework:checker-qual:3.12.0) with JetifyTransform
Transforming checker-qual-3.12.0.jar (org.checkerframework:checker-qual:3.12.0) with ExtractProGuardRulesTransform
Skipping ExtractProGuardRulesTransform: C:\Users\user\.gradle\caches\transforms-3\6d93db5f7bed33676134b9ab052a2526\transformed\jetified-kotlin-stdlib-jdk7-1.9.10.jar as it is up-to-date.
Transforming j2objc-annotations-1.3.jar (com.google.j2objc:j2objc-annotations:1.3) with JetifyTransform
Transforming j2objc-annotations-1.3.jar (com.google.j2objc:j2objc-annotations:1.3) with ExtractProGuardRulesTransform
Transforming kotlinx-coroutines-core-jvm-1.7.3.jar (org.jetbrains.kotlinx:kotlinx-coroutines-core-jvm:1.7.3) with FilterShrinkerRulesTransform
Transforming kotlin-stdlib-jdk7-1.9.10.jar (org.jetbrains.kotlin:kotlin-stdlib-jdk7:1.9.10) with FilterShrinkerRulesTransform
Skipping AarTransform: C:\Users\user\.gradle\caches\transforms-3\4ec695ed94a8284d6fd7bdbfc66270dc\transformed\jetified-annotation-experimental-1.4.0 as it is up-to-date.
Transforming annotation-experimental-1.4.0.aar (androidx.annotation:annotation-experimental:1.4.0) with FilterShrinkerRulesTransform
Caching disabled for ExtractProGuardRulesTransform: C:\Users\user\.gradle\caches\transforms-3\8ae3b60496e0dd8965771a4a1ab68581\transformed\jetified-okhttp-4.12.0.jar because:
  Build cache is disabled
Caching disabled for FilterShrinkerRulesTransform: C:\Users\user\.gradle\caches\transforms-3\0fca9d78dceca8452d4d53c1584387cc\transformed\rules because:
  Build cache is disabled
Skipping FilterShrinkerRulesTransform: C:\Users\user\.gradle\caches\transforms-3\0fca9d78dceca8452d4d53c1584387cc\transformed\rules as it is up-to-date.
Caching disabled for AarTransform: C:\Users\user\.gradle\caches\transforms-3\9736755219de9964c187b9748cea348a\transformed\core-runtime-2.2.0 because:
  Build cache is disabled
Skipping AarTransform: C:\Users\user\.gradle\caches\transforms-3\9736755219de9964c187b9748cea348a\transformed\core-runtime-2.2.0 as it is up-to-date.
Skipping ExtractProGuardRulesTransform: C:\Users\user\.gradle\caches\transforms-3\8ae3b60496e0dd8965771a4a1ab68581\transformed\jetified-okhttp-4.12.0.jar as it is up-to-date.
Transforming core-runtime-2.2.0.aar (androidx.arch.core:core-runtime:2.2.0) with FilterShrinkerRulesTransform
Caching disabled for FilterShrinkerRulesTransform: C:\Users\user\.gradle\caches\transforms-3\7a1e47a60e4aae79d2d94895030a12f7\transformed\rules because:
  Build cache is disabled
Transforming okhttp-4.12.0.jar (com.squareup.okhttp3:okhttp:4.12.0) with FilterShrinkerRulesTransform
Skipping FilterShrinkerRulesTransform: C:\Users\user\.gradle\caches\transforms-3\7a1e47a60e4aae79d2d94895030a12f7\transformed\rules as it is up-to-date.
Caching disabled for AarTransform: C:\Users\user\.gradle\caches\transforms-3\43654c406d94ba418e69a2f38c0ce75a\transformed\cursoradapter-1.0.0 because:
  Build cache is disabled
Skipping AarTransform: C:\Users\user\.gradle\caches\transforms-3\43654c406d94ba418e69a2f38c0ce75a\transformed\cursoradapter-1.0.0 as it is up-to-date.
Caching disabled for AarTransform: C:\Users\user\.gradle\caches\transforms-3\22c98dd52680fc31e34a15f54a9f94d2\transformed\cardview-1.0.0 because:
  Build cache is disabled
Transforming cursoradapter-1.0.0.aar (androidx.cursoradapter:cursoradapter:1.0.0) with FilterShrinkerRulesTransform
Skipping AarTransform: C:\Users\user\.gradle\caches\transforms-3\22c98dd52680fc31e34a15f54a9f94d2\transformed\cardview-1.0.0 as it is up-to-date.
Transforming cardview-1.0.0.aar (androidx.cardview:cardview:1.0.0) with FilterShrinkerRulesTransform
Caching disabled for ExtractProGuardRulesTransform: C:\Users\user\.gradle\caches\transforms-3\9c90e71eec87fc9974ddbb15923f6333\transformed\jetified-resourceinspection-annotation-1.0.1.jar because:
  Build cache is disabled
Skipping ExtractProGuardRulesTransform: C:\Users\user\.gradle\caches\transforms-3\9c90e71eec87fc9974ddbb15923f6333\transformed\jetified-resourceinspection-annotation-1.0.1.jar as it is up-to-date.
Transforming resourceinspection-annotation-1.0.1.jar (androidx.resourceinspection:resourceinspection-annotation:1.0.1) with FilterShrinkerRulesTransform
Caching disabled for AarTransform: C:\Users\user\.gradle\caches\transforms-3\2f746cdb46666a5ea31069a92ad1cee2\transformed\jetified-exoplayer-extractor-2.19.1 because:
  Build cache is disabled
Caching disabled for FilterShrinkerRulesTransform: C:\Users\user\.gradle\caches\transforms-3\30c06f618d059653fbf16bcc9efcaa5e\transformed\rules because:
  Build cache is disabled
Skipping AarTransform: C:\Users\user\.gradle\caches\transforms-3\2f746cdb46666a5ea31069a92ad1cee2\transformed\jetified-exoplayer-extractor-2.19.1 as it is up-to-date.
Skipping FilterShrinkerRulesTransform: C:\Users\user\.gradle\caches\transforms-3\30c06f618d059653fbf16bcc9efcaa5e\transformed\rules as it is up-to-date.
Transforming exoplayer-extractor-2.19.1.aar (com.google.android.exoplayer:exoplayer-extractor:2.19.1) with FilterShrinkerRulesTransform
Caching disabled for AarTransform: C:\Users\user\.gradle\caches\transforms-3\0774aba38fbb7a71a2e380171e0b7778\transformed\jetified-exoplayer-decoder-2.19.1 because:
  Build cache is disabled
Skipping AarTransform: C:\Users\user\.gradle\caches\transforms-3\0774aba38fbb7a71a2e380171e0b7778\transformed\jetified-exoplayer-decoder-2.19.1 as it is up-to-date.
Transforming exoplayer-decoder-2.19.1.aar (com.google.android.exoplayer:exoplayer-decoder:2.19.1) with FilterShrinkerRulesTransform
Caching disabled for AarTransform: C:\Users\user\.gradle\caches\transforms-3\7f41368f9514b52c773c9c6d9f2b90c2\transformed\jetified-exoplayer-database-2.19.1 because:
  Build cache is disabled
Skipping AarTransform: C:\Users\user\.gradle\caches\transforms-3\7f41368f9514b52c773c9c6d9f2b90c2\transformed\jetified-exoplayer-database-2.19.1 as it is up-to-date.
Caching disabled for AarTransform: C:\Users\user\.gradle\caches\transforms-3\c3fa91361cece7ab93c5fa0d01671725\transformed\jetified-exoplayer-container-2.19.1 because:
  Build cache is disabled
Skipping AarTransform: C:\Users\user\.gradle\caches\transforms-3\c3fa91361cece7ab93c5fa0d01671725\transformed\jetified-exoplayer-container-2.19.1 as it is up-to-date.
Transforming exoplayer-container-2.19.1.aar (com.google.android.exoplayer:exoplayer-container:2.19.1) with FilterShrinkerRulesTransform
Caching disabled for FilterShrinkerRulesTransform: C:\Users\user\.gradle\caches\transforms-3\87629dae3f1e83be626afdfcb0dfc608\transformed\rules because:
  Build cache is disabled
Skipping FilterShrinkerRulesTransform: C:\Users\user\.gradle\caches\transforms-3\87629dae3f1e83be626afdfcb0dfc608\transformed\rules as it is up-to-date.
Transforming exoplayer-database-2.19.1.aar (com.google.android.exoplayer:exoplayer-database:2.19.1) with FilterShrinkerRulesTransform
Caching disabled for AarTransform: C:\Users\user\.gradle\caches\transforms-3\715d44aa31120efd79cf05422b37b84e\transformed\jetified-exoplayer-common-2.19.1 because:
  Build cache is disabled
Caching disabled for FilterShrinkerRulesTransform: C:\Users\user\.gradle\caches\transforms-3\2f746cdb46666a5ea31069a92ad1cee2\transformed\jetified-exoplayer-extractor-2.19.1\proguard.txt because:
  Build cache is disabled
Skipping AarTransform: C:\Users\user\.gradle\caches\transforms-3\715d44aa31120efd79cf05422b37b84e\transformed\jetified-exoplayer-common-2.19.1 as it is up-to-date.
Skipping FilterShrinkerRulesTransform: C:\Users\user\.gradle\caches\transforms-3\2f746cdb46666a5ea31069a92ad1cee2\transformed\jetified-exoplayer-extractor-2.19.1\proguard.txt as it is up-to-date.
Caching disabled for AarTransform: C:\Users\user\.gradle\caches\transforms-3\378ae54a4a79477d991a76c42d10201e\transformed\jetified-exoplayer-datasource-2.19.1 because:
  Build cache is disabled
Skipping AarTransform: C:\Users\user\.gradle\caches\transforms-3\378ae54a4a79477d991a76c42d10201e\transformed\jetified-exoplayer-datasource-2.19.1 as it is up-to-date.
Transforming exoplayer-datasource-2.19.1.aar (com.google.android.exoplayer:exoplayer-datasource:2.19.1) with FilterShrinkerRulesTransform
Caching disabled for AarTransform: C:\Users\user\.gradle\caches\transforms-3\8eba7c3e4113638c557764cfd1246d65\transformed\interpolator-1.0.0 because:
  Build cache is disabled
Skipping AarTransform: C:\Users\user\.gradle\caches\transforms-3\8eba7c3e4113638c557764cfd1246d65\transformed\interpolator-1.0.0 as it is up-to-date.
Transforming interpolator-1.0.0.aar (androidx.interpolator:interpolator:1.0.0) with FilterShrinkerRulesTransform
Transforming interpolator-1.0.0.aar (androidx.interpolator:interpolator:1.0.0) with FilterShrinkerRulesTransform
Caching disabled for AarTransform: C:\Users\user\.gradle\caches\transforms-3\c8dca9ca411b7b236189b876c168c300\transformed\jetified-profileinstaller-1.3.1 because:
  Build cache is disabled
Skipping AarTransform: C:\Users\user\.gradle\caches\transforms-3\c8dca9ca411b7b236189b876c168c300\transformed\jetified-profileinstaller-1.3.1 as it is up-to-date.
Caching disabled for ExtractProGuardRulesTransform: C:\Users\user\.gradle\caches\modules-2\files-2.1\androidx.arch.core\core-common\2.2.0\5e1b8b81dfd5f52c56a8d53b18ca759c19a301f3\core-common-2.2.0.jar because:
  Build cache is disabled
Skipping ExtractProGuardRulesTransform: C:\Users\user\.gradle\caches\modules-2\files-2.1\androidx.arch.core\core-common\2.2.0\5e1b8b81dfd5f52c56a8d53b18ca759c19a301f3\core-common-2.2.0.jar as it is up-to-date.
Transforming profileinstaller-1.3.1.aar (androidx.profileinstaller:profileinstaller:1.3.1) with FilterShrinkerRulesTransform
Caching disabled for AarTransform: C:\Users\user\.gradle\caches\transforms-3\82d49ae48ad7cd68ccf29f123b5e48ad\transformed\versionedparcelable-1.1.1 because:
  Build cache is disabled
Skipping AarTransform: C:\Users\user\.gradle\caches\transforms-3\82d49ae48ad7cd68ccf29f123b5e48ad\transformed\versionedparcelable-1.1.1 as it is up-to-date.
Transforming exoplayer-common-2.19.1.aar (com.google.android.exoplayer:exoplayer-common:2.19.1) with FilterShrinkerRulesTransform
Transforming versionedparcelable-1.1.1.aar (androidx.versionedparcelable:versionedparcelable:1.1.1) with FilterShrinkerRulesTransform
Transforming core-common-2.2.0.jar (androidx.arch.core:core-common:2.2.0) with FilterShrinkerRulesTransform
Caching disabled for AarTransform: C:\Users\user\.gradle\caches\transforms-3\fe52cfe629053f967703c8ba77285e8b\transformed\jetified-startup-runtime-1.1.1 because:
  Build cache is disabled
Skipping AarTransform: C:\Users\user\.gradle\caches\transforms-3\fe52cfe629053f967703c8ba77285e8b\transformed\jetified-startup-runtime-1.1.1 as it is up-to-date.
Transforming startup-runtime-1.1.1.aar (androidx.startup:startup-runtime:1.1.1) with FilterShrinkerRulesTransform
Caching disabled for AarTransform: C:\Users\user\.gradle\caches\transforms-3\87361d05feba7a7d0f4af0c7c0d3e017\transformed\jetified-tracing-1.0.0 because:
  Build cache is disabled
Caching disabled for AarTransform: C:\Users\user\.gradle\caches\transforms-3\54b5456fddcec85940b2ee402266c816\transformed\documentfile-1.0.0 because:
  Build cache is disabled
Skipping AarTransform: C:\Users\user\.gradle\caches\transforms-3\87361d05feba7a7d0f4af0c7c0d3e017\transformed\jetified-tracing-1.0.0 as it is up-to-date.
Skipping AarTransform: C:\Users\user\.gradle\caches\transforms-3\54b5456fddcec85940b2ee402266c816\transformed\documentfile-1.0.0 as it is up-to-date.
Caching disabled for AarTransform: C:\Users\user\.gradle\caches\transforms-3\56896802246a3dbc3ea0a00275524921\transformed\exifinterface-1.3.6 because:
  Build cache is disabled
Skipping AarTransform: C:\Users\user\.gradle\caches\transforms-3\56896802246a3dbc3ea0a00275524921\transformed\exifinterface-1.3.6 as it is up-to-date.
Transforming documentfile-1.0.0.aar (androidx.documentfile:documentfile:1.0.0) with FilterShrinkerRulesTransform
Caching disabled for AarTransform: C:\Users\user\.gradle\caches\transforms-3\4122ce09f170e8a2afb176a358403d3a\transformed\print-1.0.0 because:
  Build cache is disabled
Skipping AarTransform: C:\Users\user\.gradle\caches\transforms-3\4122ce09f170e8a2afb176a358403d3a\transformed\print-1.0.0 as it is up-to-date.
Transforming exifinterface-1.3.6.aar (androidx.exifinterface:exifinterface:1.3.6) with FilterShrinkerRulesTransform
Transforming print-1.0.0.aar (androidx.print:print:1.0.0) with FilterShrinkerRulesTransform
Transforming tracing-1.0.0.aar (androidx.tracing:tracing:1.0.0) with FilterShrinkerRulesTransform
Caching disabled for FilterShrinkerRulesTransform: C:\Users\user\.gradle\caches\transforms-3\715d44aa31120efd79cf05422b37b84e\transformed\jetified-exoplayer-common-2.19.1\proguard.txt because:
  Build cache is disabled
Caching disabled for ExtractProGuardRulesTransform: C:\Users\user\.gradle\caches\transforms-3\2f4ffbf12272dad9f22d1ec3454e7182\transformed\jetified-collection-ktx-1.4.0.jar because:
  Build cache is disabled
Caching disabled for ExtractProGuardRulesTransform: C:\Users\user\.gradle\caches\transforms-3\42e8d76518df9ea4cb448b1ce9157841\transformed\jetified-collection-jvm-1.4.0.jar because:
  Build cache is disabled
Caching disabled for FilterShrinkerRulesTransform: C:\Users\user\.gradle\caches\transforms-3\378ae54a4a79477d991a76c42d10201e\transformed\jetified-exoplayer-datasource-2.19.1\proguard.txt because:
  Build cache is disabled
Skipping ExtractProGuardRulesTransform: C:\Users\user\.gradle\caches\transforms-3\42e8d76518df9ea4cb448b1ce9157841\transformed\jetified-collection-jvm-1.4.0.jar as it is up-to-date.
Caching disabled for FilterShrinkerRulesTransform: C:\Users\user\.gradle\caches\transforms-3\fe52cfe629053f967703c8ba77285e8b\transformed\jetified-startup-runtime-1.1.1\proguard.txt because:
  Build cache is disabled
Caching disabled for ExtractProGuardRulesTransform: C:\Users\user\.gradle\caches\transforms-3\83f966be81996885906751c46a8853bd\transformed\jetified-annotation-jvm-1.7.0.jar because:
  Build cache is disabled
Skipping FilterShrinkerRulesTransform: C:\Users\user\.gradle\caches\transforms-3\715d44aa31120efd79cf05422b37b84e\transformed\jetified-exoplayer-common-2.19.1\proguard.txt as it is up-to-date.
Caching disabled for ExtractProGuardRulesTransform: C:\Users\user\.gradle\caches\transforms-3\4952dbf39e9f3615bfd2a00d64828bf5\transformed\jetified-concurrent-futures-1.1.0.jar because:
  Build cache is disabled
Skipping ExtractProGuardRulesTransform: C:\Users\user\.gradle\caches\transforms-3\4952dbf39e9f3615bfd2a00d64828bf5\transformed\jetified-concurrent-futures-1.1.0.jar as it is up-to-date.
Skipping ExtractProGuardRulesTransform: C:\Users\user\.gradle\caches\transforms-3\2f4ffbf12272dad9f22d1ec3454e7182\transformed\jetified-collection-ktx-1.4.0.jar as it is up-to-date.
Skipping ExtractProGuardRulesTransform: C:\Users\user\.gradle\caches\transforms-3\83f966be81996885906751c46a8853bd\transformed\jetified-annotation-jvm-1.7.0.jar as it is up-to-date.
Transforming concurrent-futures-1.1.0.jar (androidx.concurrent:concurrent-futures:1.1.0) with FilterShrinkerRulesTransform
Transforming collection-ktx-1.4.0.jar (androidx.collection:collection-ktx:1.4.0) with FilterShrinkerRulesTransform
Caching disabled for AarTransform: C:\Users\user\.gradle\caches\transforms-3\e32c3b5e322944d64bfee37764a5fb00\transformed\jetified-volley-1.2.1 because:
  Build cache is disabled
Caching disabled for ExtractProGuardRulesTransform: C:\Users\user\.gradle\caches\transforms-3\9f16e3865a4dfc170695dda65dfb3e08\transformed\jetified-kotlin-stdlib-1.9.22.jar because:
  Build cache is disabled
Skipping ExtractProGuardRulesTransform: C:\Users\user\.gradle\caches\transforms-3\9f16e3865a4dfc170695dda65dfb3e08\transformed\jetified-kotlin-stdlib-1.9.22.jar as it is up-to-date.
Transforming kotlin-stdlib-1.9.22.jar (org.jetbrains.kotlin:kotlin-stdlib:1.9.22) with FilterShrinkerRulesTransform
Transforming collection-jvm-1.4.0.jar (androidx.collection:collection-jvm:1.4.0) with FilterShrinkerRulesTransform
Skipping FilterShrinkerRulesTransform: C:\Users\user\.gradle\caches\transforms-3\fe52cfe629053f967703c8ba77285e8b\transformed\jetified-startup-runtime-1.1.1\proguard.txt as it is up-to-date.
Skipping FilterShrinkerRulesTransform: C:\Users\user\.gradle\caches\transforms-3\378ae54a4a79477d991a76c42d10201e\transformed\jetified-exoplayer-datasource-2.19.1\proguard.txt as it is up-to-date.
Caching disabled for AarTransform: C:\Users\user\.gradle\caches\transforms-3\77df13c6b2001957f35925c162d5e46d\transformed\jetified-Android-Image-Slider-1.4.0 because:
  Build cache is disabled
Skipping AarTransform: C:\Users\user\.gradle\caches\transforms-3\77df13c6b2001957f35925c162d5e46d\transformed\jetified-Android-Image-Slider-1.4.0 as it is up-to-date.
Transforming Android-Image-Slider-1.4.0.aar (com.github.smarteist:Android-Image-Slider:1.4.0) with FilterShrinkerRulesTransform
Caching disabled for FilterShrinkerRulesTransform: C:\Users\user\.gradle\caches\transforms-3\82d49ae48ad7cd68ccf29f123b5e48ad\transformed\versionedparcelable-1.1.1\proguard.txt because:
  Build cache is disabled
Caching disabled for AarTransform: C:\Users\user\.gradle\caches\transforms-3\2c86103f160590f7e7be532bf55d34f7\transformed\localbroadcastmanager-1.0.0 because:
  Build cache is disabled
Skipping AarTransform: C:\Users\user\.gradle\caches\transforms-3\e32c3b5e322944d64bfee37764a5fb00\transformed\jetified-volley-1.2.1 as it is up-to-date.
Skipping AarTransform: C:\Users\user\.gradle\caches\transforms-3\2c86103f160590f7e7be532bf55d34f7\transformed\localbroadcastmanager-1.0.0 as it is up-to-date.
Transforming annotation-jvm-1.7.0.jar (androidx.annotation:annotation-jvm:1.7.0) with FilterShrinkerRulesTransform
Transforming localbroadcastmanager-1.0.0.aar (androidx.localbroadcastmanager:localbroadcastmanager:1.0.0) with FilterShrinkerRulesTransform
Skipping FilterShrinkerRulesTransform: C:\Users\user\.gradle\caches\transforms-3\82d49ae48ad7cd68ccf29f123b5e48ad\transformed\versionedparcelable-1.1.1\proguard.txt as it is up-to-date.
Transforming volley-1.2.1.aar (com.android.volley:volley:1.2.1) with FilterShrinkerRulesTransform
Caching disabled for ExtractProGuardRulesTransform: C:\Users\user\.gradle\caches\transforms-3\5bcbec75043d4518ba5cb538d57ceed2\transformed\jetified-guava-31.1-android.jar because:
  Build cache is disabled
Caching disabled for AarTransform: C:\Users\user\.gradle\caches\transforms-3\3c8d6d9f40fe01c17d4d4666fd356dbc\transformed\jetified-circleimageview-3.1.0 because:
  Build cache is disabled
Caching disabled for ExtractProGuardRulesTransform: C:\Users\user\.gradle\caches\transforms-3\2e53967e99a2efb836f0fec11a705eb6\transformed\jetified-error_prone_annotations-2.15.0.jar because:
  Build cache is disabled
Skipping AarTransform: C:\Users\user\.gradle\caches\transforms-3\3c8d6d9f40fe01c17d4d4666fd356dbc\transformed\jetified-circleimageview-3.1.0 as it is up-to-date.
Skipping ExtractProGuardRulesTransform: C:\Users\user\.gradle\caches\transforms-3\2e53967e99a2efb836f0fec11a705eb6\transformed\jetified-error_prone_annotations-2.15.0.jar as it is up-to-date.
Caching disabled for ExtractProGuardRulesTransform: C:\Users\user\.gradle\caches\transforms-3\a3d7bd5a9a3e49f43871c691f0fe8576\transformed\jetified-annotations-23.0.0.jar because:
  Build cache is disabled
Skipping ExtractProGuardRulesTransform: C:\Users\user\.gradle\caches\transforms-3\5bcbec75043d4518ba5cb538d57ceed2\transformed\jetified-guava-31.1-android.jar as it is up-to-date.
Skipping ExtractProGuardRulesTransform: C:\Users\user\.gradle\caches\transforms-3\a3d7bd5a9a3e49f43871c691f0fe8576\transformed\jetified-annotations-23.0.0.jar as it is up-to-date.
Transforming guava-31.1-android.jar (com.google.guava:guava:31.1-android) with FilterShrinkerRulesTransform
Transforming circleimageview-3.1.0.aar (de.hdodenhof:circleimageview:3.1.0) with FilterShrinkerRulesTransform
Transforming error_prone_annotations-2.15.0.jar (com.google.errorprone:error_prone_annotations:2.15.0) with FilterShrinkerRulesTransform
Transforming annotations-23.0.0.jar (org.jetbrains:annotations:23.0.0) with FilterShrinkerRulesTransform
Caching disabled for ExtractProGuardRulesTransform: C:\Users\user\.gradle\caches\transforms-3\903d7ba70be6ad17eeb78b6f8808620f\transformed\jetified-hilt-core-2.49.jar because:
  Build cache is disabled
Skipping ExtractProGuardRulesTransform: C:\Users\user\.gradle\caches\transforms-3\903d7ba70be6ad17eeb78b6f8808620f\transformed\jetified-hilt-core-2.49.jar as it is up-to-date.
Transforming hilt-core-2.49.jar (com.google.dagger:hilt-core:2.49) with FilterShrinkerRulesTransform
Caching disabled for FilterShrinkerRulesTransform: C:\Users\user\.gradle\caches\transforms-3\11216cf015fe78421e68ff454342cc6e\transformed\rules because:
  Build cache is disabled
Skipping FilterShrinkerRulesTransform: C:\Users\user\.gradle\caches\transforms-3\11216cf015fe78421e68ff454342cc6e\transformed\rules as it is up-to-date.
Caching disabled for ExtractProGuardRulesTransform: C:\Users\user\.gradle\caches\modules-2\files-2.1\androidx.constraintlayout\constraintlayout-solver\2.0.1\30988fe2d77f3fe3bf7551bb8a8b795fad7e7226\constraintlayout-solver-2.0.1.jar because:
  Build cache is disabled
Caching disabled for ExtractProGuardRulesTransform: C:\Users\user\.gradle\caches\transforms-3\0d8fc86428c6ca6b8589156b99d8617b\transformed\jetified-j2objc-annotations-1.3.jar because:
  Build cache is disabled
Caching disabled for ExtractProGuardRulesTransform: C:\Users\user\.gradle\caches\transforms-3\bceaab695a1c441583b5b8db13947daf\transformed\jetified-gson-2.8.5.jar because:
  Build cache is disabled
Skipping ExtractProGuardRulesTransform: C:\Users\user\.gradle\caches\modules-2\files-2.1\androidx.constraintlayout\constraintlayout-solver\2.0.1\30988fe2d77f3fe3bf7551bb8a8b795fad7e7226\constraintlayout-solver-2.0.1.jar as it is up-to-date.
Skipping ExtractProGuardRulesTransform: C:\Users\user\.gradle\caches\transforms-3\bceaab695a1c441583b5b8db13947daf\transformed\jetified-gson-2.8.5.jar as it is up-to-date.
Skipping ExtractProGuardRulesTransform: C:\Users\user\.gradle\caches\transforms-3\0d8fc86428c6ca6b8589156b99d8617b\transformed\jetified-j2objc-annotations-1.3.jar as it is up-to-date.
Transforming constraintlayout-solver-2.0.1.jar (androidx.constraintlayout:constraintlayout-solver:2.0.1) with FilterShrinkerRulesTransform
Caching disabled for ExtractProGuardRulesTransform: C:\Users\user\.gradle\caches\transforms-3\990fc3dabcc3f8ea1ba468e5491155fd\transformed\jetified-checker-qual-3.12.0.jar because:
  Build cache is disabled
Caching disabled for ExtractProGuardRulesTransform: C:\Users\user\.gradle\caches\transforms-3\d8bd11bc02fdf2283eebd30102bbbade\transformed\jetified-listenablefuture-9999.0-empty-to-avoid-conflict-with-guava.jar because:
  Build cache is disabled
Caching disabled for ExtractProGuardRulesTransform: C:\Users\user\.gradle\caches\transforms-3\40cadb43b1c01898eeeb3529c96d2563\transformed\jetified-javax.inject-1.jar because:
  Build cache is disabled
Skipping ExtractProGuardRulesTransform: C:\Users\user\.gradle\caches\transforms-3\d8bd11bc02fdf2283eebd30102bbbade\transformed\jetified-listenablefuture-9999.0-empty-to-avoid-conflict-with-guava.jar as it is up-to-date.
Skipping ExtractProGuardRulesTransform: C:\Users\user\.gradle\caches\transforms-3\990fc3dabcc3f8ea1ba468e5491155fd\transformed\jetified-checker-qual-3.12.0.jar as it is up-to-date.
Transforming j2objc-annotations-1.3.jar (com.google.j2objc:j2objc-annotations:1.3) with FilterShrinkerRulesTransform
Transforming checker-qual-3.12.0.jar (org.checkerframework:checker-qual:3.12.0) with FilterShrinkerRulesTransform
Caching disabled for ExtractProGuardRulesTransform: C:\Users\user\.gradle\caches\transforms-3\b6da9824ac421333ab94aed5f4016f70\transformed\jetified-failureaccess-1.0.1.jar because:
  Build cache is disabled
Transforming gson-2.8.5.jar (com.google.code.gson:gson:2.8.5) with FilterShrinkerRulesTransform
Skipping ExtractProGuardRulesTransform: C:\Users\user\.gradle\caches\transforms-3\b6da9824ac421333ab94aed5f4016f70\transformed\jetified-failureaccess-1.0.1.jar as it is up-to-date.
Transforming failureaccess-1.0.1.jar (com.google.guava:failureaccess:1.0.1) with FilterShrinkerRulesTransform
Caching disabled for ExtractProGuardRulesTransform: C:\Users\user\.gradle\caches\transforms-3\7936f430f812b202848f563f75f3ce7a\transformed\jetified-dagger-2.49.jar because:
  Build cache is disabled
Skipping ExtractProGuardRulesTransform: C:\Users\user\.gradle\caches\transforms-3\7936f430f812b202848f563f75f3ce7a\transformed\jetified-dagger-2.49.jar as it is up-to-date.
Transforming dagger-2.49.jar (com.google.dagger:dagger:2.49) with FilterShrinkerRulesTransform
Caching disabled for AarTransform: C:\Users\user\.gradle\caches\transforms-3\17460feccaee72c1c7a59c8d3aa5599a\transformed\jetified-dagger-lint-aar-2.49 because:
  Build cache is disabled
Skipping AarTransform: C:\Users\user\.gradle\caches\transforms-3\17460feccaee72c1c7a59c8d3aa5599a\transformed\jetified-dagger-lint-aar-2.49 as it is up-to-date.
Transforming dagger-lint-aar-2.49.aar (com.google.dagger:dagger-lint-aar:2.49) with FilterShrinkerRulesTransform
Caching disabled for AarTransform: C:\Users\user\.gradle\caches\transforms-3\39183825c891526e3de148cba7025d38\transformed\jetified-lifecycle-livedata-core-ktx-2.7.0 because:
  Build cache is disabled
Skipping AarTransform: C:\Users\user\.gradle\caches\transforms-3\39183825c891526e3de148cba7025d38\transformed\jetified-lifecycle-livedata-core-ktx-2.7.0 as it is up-to-date.
Transforming lifecycle-livedata-core-ktx-2.7.0.aar (androidx.lifecycle:lifecycle-livedata-core-ktx:2.7.0) with FilterShrinkerRulesTransform
Caching disabled for ExtractProGuardRulesTransform: C:\Users\user\.gradle\caches\transforms-3\19187101f19803dbcfbd88e4dae1795e\transformed\jetified-jsr305-3.0.2.jar because:
  Build cache is disabled
Skipping ExtractProGuardRulesTransform: C:\Users\user\.gradle\caches\transforms-3\19187101f19803dbcfbd88e4dae1795e\transformed\jetified-jsr305-3.0.2.jar as it is up-to-date.
Transforming jsr305-3.0.2.jar (com.google.code.findbugs:jsr305:3.0.2) with FilterShrinkerRulesTransform
Transforming listenablefuture-9999.0-empty-to-avoid-conflict-with-guava.jar (com.google.guava:listenablefuture:9999.0-empty-to-avoid-conflict-with-guava) with FilterShrinkerRulesTransform
Skipping ExtractProGuardRulesTransform: C:\Users\user\.gradle\caches\transforms-3\40cadb43b1c01898eeeb3529c96d2563\transformed\jetified-javax.inject-1.jar as it is up-to-date.
Caching disabled for FilterShrinkerRulesTransform: C:\Users\user\.gradle\caches\transforms-3\e32c3b5e322944d64bfee37764a5fb00\transformed\jetified-volley-1.2.1\proguard.txt because:
  Build cache is disabled
Skipping FilterShrinkerRulesTransform: C:\Users\user\.gradle\caches\transforms-3\e32c3b5e322944d64bfee37764a5fb00\transformed\jetified-volley-1.2.1\proguard.txt as it is up-to-date.
Transforming javax.inject-1.jar (javax.inject:javax.inject:1) with FilterShrinkerRulesTransform
Caching disabled for task ':app:minifyReleaseWithR8' because:
  Build cache is disabled
Task ':app:minifyReleaseWithR8' is not up-to-date because:
  Task has failed previously.
R8 is a new Android code shrinker. If you experience any issues, please file a bug at
https://issuetracker.google.com, using 'Shrinker (R8)' as component name.
Current version is: 8.2.47 (build 62baf24ba2b71f4e5bc04c7f01930bc5d47b02be from go/r8bot (luci-r8-custom-ci-archive-0-19z6)).

file or directory 'C:\Users\user\Desktop\projects\Football Live Score (Topon)\Live Football\app\build\intermediates\generated_proguard_file\release\proguard.txt', not found
INFO: C:\Users\user\Desktop\projects\Football Live Score (Topon)\Live Football\app\build\intermediates\default_proguard_files\global\proguard-android-optimize.txt-8.2.2:15:1-15: R8: Ignoring option: -optimizations
INFO: C:\Users\user\Desktop\projects\Football Live Score (Topon)\Live Football\app\build\intermediates\default_proguard_files\global\proguard-android-optimize.txt-8.2.2:16:1-22: R8: Ignoring option: -optimizationpasses
INFO: C:\Users\user\Desktop\projects\Football Live Score (Topon)\Live Football\app\build\intermediates\default_proguard_files\global\proguard-android-optimize.txt-8.2.2:32:1-33:1: R8: Proguard configuration rule does not match anything: `-keep public class com.google.vending.licensing.ILicensingService {
  <init>();
}`
INFO: C:\Users\user\Desktop\projects\Football Live Score (Topon)\Live Football\app\build\intermediates\default_proguard_files\global\proguard-android-optimize.txt-8.2.2:33:1-34:1: R8: Proguard configuration rule does not match anything: `-keep public class com.android.vending.licensing.ILicensingService {
  <init>();
}`
INFO: C:\Users\user\Desktop\projects\Football Live Score (Topon)\Live Football\app\build\intermediates\default_proguard_files\global\proguard-android-optimize.txt-8.2.2:34:1-35:1: R8: Proguard configuration rule does not match anything: `-keep public class com.google.android.vending.licensing.ILicensingService {
  <init>();
}`
INFO: C:\Users\user\Desktop\projects\Football Live Score (Topon)\Live Football\app\build\intermediates\default_proguard_files\global\proguard-android-optimize.txt-8.2.2:82:1-83:1: R8: Proguard configuration rule does not match anything: `-keep class android.support.annotation.Keep {
  <init>();
}`
INFO: C:\Users\user\Desktop\projects\Football Live Score (Topon)\Live Football\app\build\intermediates\default_proguard_files\global\proguard-android-optimize.txt-8.2.2:85:1-52: R8: Proguard configuration rule does not match anything: `-keep @android.support.annotation.Keep class * {
  *;
}`
INFO: C:\Users\user\Desktop\projects\Football Live Score (Topon)\Live Football\app\build\intermediates\default_proguard_files\global\proguard-android-optimize.txt-8.2.2:88:1-90:2: R8: Proguard configuration rule does not match anything: `-keepclasseswithmembers class * {
  @android.support.annotation.Keep <methods>;
}`
INFO: C:\Users\user\Desktop\projects\Football Live Score (Topon)\Live Football\app\build\intermediates\default_proguard_files\global\proguard-android-optimize.txt-8.2.2:96:1-98:2: R8: Proguard configuration rule does not match anything: `-keepclasseswithmembers class * {
  @android.support.annotation.Keep <fields>;
}`
INFO: C:\Users\user\Desktop\projects\Football Live Score (Topon)\Live Football\app\build\intermediates\default_proguard_files\global\proguard-android-optimize.txt-8.2.2:100:1-102:2: R8: Proguard configuration rule does not match anything: `-keepclasseswithmembers class * {
  @androidx.annotation.Keep <fields>;
}`
INFO: C:\Users\user\Desktop\projects\Football Live Score (Topon)\Live Football\app\build\intermediates\default_proguard_files\global\proguard-android-optimize.txt-8.2.2:104:1-106:2: R8: Proguard configuration rule does not match anything: `-keepclasseswithmembers class * {
  @android.support.annotation.Keep <init>(...);
}`
INFO: C:\Users\user\Desktop\projects\Football Live Score (Topon)\Live Football\app\build\intermediates\aapt_proguard_file\release\aapt_rules.txt:4:1-89: R8: Proguard configuration rule does not match anything: `-keep class com.tvfootballhd.liveandstream.Activity.AllRecentMatchActivity {
  <init>();
}`
INFO: C:\Users\user\Desktop\projects\Football Live Score (Topon)\Live Football\app\build\intermediates\aapt_proguard_file\release\aapt_rules.txt:5:1-88: R8: Proguard configuration rule does not match anything: `-keep class com.tvfootballhd.liveandstream.Activity.LeagueDetailsActivity {
  <init>();
}`
INFO: C:\Users\user\Desktop\projects\Football Live Score (Topon)\Live Football\app\build\intermediates\aapt_proguard_file\release\aapt_rules.txt:6:1-86: R8: Proguard configuration rule does not match anything: `-keep class com.tvfootballhd.liveandstream.Activity.LiveDetailsActivity {
  <init>();
}`
INFO: C:\Users\user\Desktop\projects\Football Live Score (Topon)\Live Football\app\build\intermediates\aapt_proguard_file\release\aapt_rules.txt:7:1-88: R8: Proguard configuration rule does not match anything: `-keep class com.tvfootballhd.liveandstream.Activity.PlayerDetailsActivity {
  <init>();
}`
INFO: C:\Users\user\Desktop\projects\Football Live Score (Topon)\Live Football\app\build\intermediates\aapt_proguard_file\release\aapt_rules.txt:8:1-88: R8: Proguard configuration rule does not match anything: `-keep class com.tvfootballhd.liveandstream.Activity.PrivacyPolicyActivity {
  <init>();
}`
INFO: C:\Users\user\Desktop\projects\Football Live Score (Topon)\Live Football\app\build\intermediates\aapt_proguard_file\release\aapt_rules.txt:9:1-93: R8: Proguard configuration rule does not match anything: `-keep class com.tvfootballhd.liveandstream.Activity.RecentMatchDetailsActivity {
  <init>();
}`
INFO: C:\Users\user\Desktop\projects\Football Live Score (Topon)\Live Football\app\build\intermediates\aapt_proguard_file\release\aapt_rules.txt:10:1-90: R8: Proguard configuration rule does not match anything: `-keep class com.tvfootballhd.liveandstream.Activity.ScheduleDetailsActivity {
  <init>();
}`
INFO: C:\Users\user\Desktop\projects\Football Live Score (Topon)\Live Football\app\build\intermediates\aapt_proguard_file\release\aapt_rules.txt:11:1-86: R8: Proguard configuration rule does not match anything: `-keep class com.tvfootballhd.liveandstream.Activity.TeamDetailsActivity {
  <init>();
}`
INFO: C:\Users\user\Desktop\projects\Football Live Score (Topon)\Live Football\app\build\intermediates\aapt_proguard_file\release\aapt_rules.txt:12:1-88: R8: Proguard configuration rule does not match anything: `-keep class com.tvfootballhd.liveandstream.Activity.WeeklyFixtureActivity {
  <init>();
}`
INFO: C:\Users\user\Desktop\projects\Football Live Score (Topon)\Live Football\app\build\intermediates\aapt_proguard_file\release\aapt_rules.txt:13:1-87: R8: Proguard configuration rule does not match anything: `-keep class com.tvfootballhd.liveandstream.VideoPlayer.ExoPlayerActivity {
  <init>();
}`
INFO: C:\Users\user\Desktop\projects\Football Live Score (Topon)\Live Football\app\build\intermediates\aapt_proguard_file\release\aapt_rules.txt:14:1-97: R8: Proguard configuration rule does not match anything: `-keep class android.widget.Space {
  <init>(android.content.Context,android.util.AttributeSet);
}`
INFO: C:\Users\user\.gradle\caches\transforms-3\d76c3ac89ac3f5a9a20dcb6973cf40e8\transformed\material-1.11.0\proguard.txt:42:1-45:2: R8: Proguard configuration rule does not match anything: `-if class androidx.appcompat.app.AppCompatViewInflater
-keep class com.google.android.material.theme.MaterialComponentsViewInflater {
  <init>();
}`
INFO: C:\Users\user\.gradle\caches\transforms-3\401ad4d70a412e15a764e8464bd867fe\transformed\jetified-play-services-base-18.2.0\proguard.txt:2:1-4:2: R8: Proguard configuration rule does not match anything: `-keepclassmembers class com.google.android.gms.common.api.internal.BasePendingResult {
  com.google.android.gms.common.api.internal.BasePendingResult$ReleasableResultGuardian mResultGuardian;
}`
INFO: C:\Users\user\.gradle\caches\transforms-3\0f46e4ccc0eeb6bdb32e10768693dbb1\transformed\navigation-common-2.7.6\proguard.txt:16:1-19:2: R8: Proguard configuration rule does not match anything: `-if public class ** implements androidx.navigation.NavArgs
-keepclassmembers public class <1> {
  ** fromBundle(android.os.Bundle);
}`
INFO: C:\Users\user\.gradle\caches\transforms-3\c4b49199efd8b05d152a707fc92393f9\transformed\jetified-play-services-ads-lite-22.6.0\proguard.txt:8:1-10:2: R8: Proguard configuration rule does not match anything: `-keep class * implements com.google.ads.mediation.MediationAdapter {
  public *;
}`
INFO: C:\Users\user\.gradle\caches\transforms-3\c4b49199efd8b05d152a707fc92393f9\transformed\jetified-play-services-ads-lite-22.6.0\proguard.txt:14:1-16:2: R8: Proguard configuration rule does not match anything: `-keep class * implements com.google.ads.mediation.customevent.CustomEvent {
  public *;
}`
INFO: C:\Users\user\.gradle\caches\transforms-3\c4b49199efd8b05d152a707fc92393f9\transformed\jetified-play-services-ads-lite-22.6.0\proguard.txt:17:1-19:2: R8: Proguard configuration rule does not match anything: `-keep class * extends com.google.android.gms.ads.mediation.MediationAdNetworkAdapter {
  public *;
}`
INFO: C:\Users\user\.gradle\caches\transforms-3\7609d0ec1dd432c286d684064b087864\transformed\jetified-hilt-android-2.49\proguard.txt:5:1-6:1: R8: Proguard configuration rule does not match anything: `-keep,allowrepackaging,allowobfuscation,allowshrinking @dagger.hilt.android.EarlyEntryPoint class * {
  <init>();
}`
INFO: C:\Users\user\.gradle\caches\transforms-3\7609d0ec1dd432c286d684064b087864\transformed\jetified-hilt-android-2.49\proguard.txt:8:1-9:1: R8: Proguard configuration rule does not match anything: `-keep,allowrepackaging,allowobfuscation,allowshrinking @dagger.hilt.internal.ComponentEntryPoint class * {
  <init>();
}`
INFO: C:\Users\user\.gradle\caches\transforms-3\a98fef1d1520166b9b08927ea1e4f9aa\transformed\jetified-play-services-basement-18.2.0\proguard.txt:39:1-40:1: R8: Proguard configuration rule does not match anything: `-keep @interface android.support.annotation.Keep {
  <init>();
}`
INFO: C:\Users\user\.gradle\caches\transforms-3\17d74363b6e909a9d3f818c44afa4535\transformed\jetified-lifecycle-viewmodel-savedstate-2.7.0\proguard.txt:5:1-7:2: R8: Proguard configuration rule does not match anything: `-keepclassmembers,allowrepackaging,allowobfuscation class * extends androidx.lifecycle.AndroidViewModel {
  <init>(android.app.Application,androidx.lifecycle.SavedStateHandle);
}`
INFO: C:\Users\user\.gradle\caches\transforms-3\4bea3ad7086dd6310416577e679b27ab\transformed\lifecycle-runtime-2.7.0\proguard.txt:10:1-12:2: R8: Proguard configuration rule does not match anything: `-keep class * implements androidx.lifecycle.GeneratedAdapter {
  <init>(...);
}`
INFO: C:\Users\user\.gradle\caches\transforms-3\4bea3ad7086dd6310416577e679b27ab\transformed\lifecycle-runtime-2.7.0\proguard.txt:14:1-16:2: R8: Proguard configuration rule does not match anything: `-keepclassmembers class ** {
  @androidx.lifecycle.OnLifecycleEvent *;
}`
INFO: C:\Users\user\.gradle\caches\transforms-3\6a39333c6856d532570520fbc2bd1c09\transformed\jetified-exoplayer-core-2.19.1\proguard.txt:5:1-7:2: R8: Proguard configuration rule does not match anything: `-keepclassmembers class com.google.android.exoplayer2.ext.vp9.LibvpxVideoRenderer {
  <init>(long,android.os.Handler,com.google.android.exoplayer2.video.VideoRendererEventListener,int);
}`
INFO: C:\Users\user\.gradle\caches\transforms-3\6a39333c6856d532570520fbc2bd1c09\transformed\jetified-exoplayer-core-2.19.1\proguard.txt:9:1-11:2: R8: Proguard configuration rule does not match anything: `-keepclassmembers class com.google.android.exoplayer2.ext.av1.Libgav1VideoRenderer {
  <init>(long,android.os.Handler,com.google.android.exoplayer2.video.VideoRendererEventListener,int);
}`
INFO: C:\Users\user\.gradle\caches\transforms-3\6a39333c6856d532570520fbc2bd1c09\transformed\jetified-exoplayer-core-2.19.1\proguard.txt:13:1-15:2: R8: Proguard configuration rule does not match anything: `-keepclassmembers class com.google.android.exoplayer2.ext.opus.LibopusAudioRenderer {
  <init>(android.os.Handler,com.google.android.exoplayer2.audio.AudioRendererEventListener,com.google.android.exoplayer2.audio.AudioSink);
}`
INFO: C:\Users\user\.gradle\caches\transforms-3\6a39333c6856d532570520fbc2bd1c09\transformed\jetified-exoplayer-core-2.19.1\proguard.txt:17:1-19:2: R8: Proguard configuration rule does not match anything: `-keepclassmembers class com.google.android.exoplayer2.ext.flac.LibflacAudioRenderer {
  <init>(android.os.Handler,com.google.android.exoplayer2.audio.AudioRendererEventListener,com.google.android.exoplayer2.audio.AudioSink);
}`
INFO: C:\Users\user\.gradle\caches\transforms-3\6a39333c6856d532570520fbc2bd1c09\transformed\jetified-exoplayer-core-2.19.1\proguard.txt:21:1-23:2: R8: Proguard configuration rule does not match anything: `-keepclassmembers class com.google.android.exoplayer2.ext.ffmpeg.FfmpegAudioRenderer {
  <init>(android.os.Handler,com.google.android.exoplayer2.audio.AudioRendererEventListener,com.google.android.exoplayer2.audio.AudioSink);
}`
INFO: C:\Users\user\.gradle\caches\transforms-3\e64e0a3a08ca0f06a8ffeb68df2fb01e\transformed\media-1.6.0\proguard.txt:21:1-23:2: R8: Proguard configuration rule does not match anything: `-keep class androidx.media.** implements android.os.Parcelable {
  public static final android.os.Parcelable$Creator *;
}`
INFO: C:\Users\user\.gradle\caches\transforms-3\378ae54a4a79477d991a76c42d10201e\transformed\jetified-exoplayer-datasource-2.19.1\proguard.txt:10:1-12:2: R8: Proguard configuration rule does not match anything: `-keepclassmembers class com.google.android.exoplayer2.ext.rtmp.RtmpDataSource {
  <init>();
}`
INFO: C:\Users\user\.gradle\caches\transforms-3\2f746cdb46666a5ea31069a92ad1cee2\transformed\jetified-exoplayer-extractor-2.19.1\proguard.txt:5:1-7:2: R8: Proguard configuration rule does not match anything: `-keepclassmembers class com.google.android.exoplayer2.ext.flac.FlacExtractor {
  <init>(int);
}`
INFO: C:\Users\user\.gradle\caches\transforms-3\2f746cdb46666a5ea31069a92ad1cee2\transformed\jetified-exoplayer-extractor-2.19.1\proguard.txt:9:1-11:2: R8: Proguard configuration rule does not match anything: `-keepclassmembers class com.google.android.exoplayer2.ext.flac.FlacLibrary {
  public static boolean isAvailable();
}`

Resolve mutations for :app:lintVitalReportRelease (Thread[#83,included builds,5,main]) started.
:app:lintVitalReportRelease (Thread[#83,included builds,5,main]) started.

> Task :app:lintVitalReportRelease UP-TO-DATE
Caching disabled for task ':app:lintVitalReportRelease' because:
  Build cache is disabled
Skipping task ':app:lintVitalReportRelease' as it is up-to-date.
Resolve mutations for :app:lintVitalRelease (Thread[#83,included builds,5,main]) started.
:app:lintVitalRelease (Thread[#83,included builds,5,main]) started.

> Task :app:lintVitalRelease
Caching disabled for task ':app:lintVitalRelease' because:
  Build cache is disabled
Task ':app:lintVitalRelease' is not up-to-date because:
  Task has not declared any outputs despite executing actions.
AAPT2 aapt2-8.2.2-10154469-windows Daemon #0: shutdown
AAPT2 aapt2-8.2.2-10154469-windows Daemon #1: shutdown
AAPT2 aapt2-8.2.2-10154469-windows Daemon #2: shutdown
AAPT2 aapt2-8.2.2-10154469-windows Daemon #3: shutdown
AAPT2 aapt2-8.2.2-10154469-windows Daemon #4: shutdown
AAPT2 aapt2-8.2.2-10154469-windows Daemon #5: shutdown
AAPT2 aapt2-8.2.2-10154469-windows Daemon #6: shutdown
AAPT2 aapt2-8.2.2-10154469-windows Daemon #7: shutdown

> Task :app:minifyReleaseWithR8
INFO: R8: InnerClasses attribute has entries missing a corresponding EnclosingMethod attribute. Such InnerClasses attribute entries are ignored.
INFO: C:\Users\user\.gradle\caches\transforms-3\6951a28fbeab4f5e0677dbbf51dd5290\transformed\jetified-play-services-ads-22.6.0-runtime.jar: R8: Classes with missing EnclosingMethod: com.google.android.gms.internal.ads.zzfzp$zza
INFO: C:\Users\user\.gradle\caches\transforms-3\6951a28fbeab4f5e0677dbbf51dd5290\transformed\jetified-play-services-ads-22.6.0-runtime.jar: R8: Classes with missing EnclosingMethod: com.google.android.gms.internal.ads.zzfzp$zzb
INFO: C:\Users\user\.gradle\caches\transforms-3\6951a28fbeab4f5e0677dbbf51dd5290\transformed\jetified-play-services-ads-22.6.0-runtime.jar: R8: Classes with missing EnclosingMethod: com.google.android.gms.internal.ads.zzfzp$zzc
INFO: C:\Users\user\.gradle\caches\transforms-3\6951a28fbeab4f5e0677dbbf51dd5290\transformed\jetified-play-services-ads-22.6.0-runtime.jar: R8: Classes with missing EnclosingMethod: com.google.android.gms.internal.ads.zzfzp$zzd
INFO: C:\Users\user\.gradle\caches\transforms-3\6951a28fbeab4f5e0677dbbf51dd5290\transformed\jetified-play-services-ads-22.6.0-runtime.jar: R8: Classes with missing EnclosingMethod: com.google.android.gms.internal.ads.zzfzp$zze
INFO: C:\Users\user\.gradle\caches\transforms-3\6951a28fbeab4f5e0677dbbf51dd5290\transformed\jetified-play-services-ads-22.6.0-runtime.jar: R8: Classes with missing EnclosingMethod: com.google.android.gms.internal.ads.zzfzp$zzf
INFO: C:\Users\user\.gradle\caches\transforms-3\6951a28fbeab4f5e0677dbbf51dd5290\transformed\jetified-play-services-ads-22.6.0-runtime.jar: R8: Classes with missing EnclosingMethod: com.google.android.gms.internal.ads.zzfzp$zzg
INFO: C:\Users\user\.gradle\caches\transforms-3\6951a28fbeab4f5e0677dbbf51dd5290\transformed\jetified-play-services-ads-22.6.0-runtime.jar: R8: Classes with missing EnclosingMethod: com.google.android.gms.internal.ads.zzfzp$zzh
INFO: C:\Users\user\.gradle\caches\transforms-3\6951a28fbeab4f5e0677dbbf51dd5290\transformed\jetified-play-services-ads-22.6.0-runtime.jar: R8: Classes with missing EnclosingMethod: com.google.android.gms.internal.ads.zzfzp$zzi
INFO: C:\Users\user\.gradle\caches\transforms-3\6951a28fbeab4f5e0677dbbf51dd5290\transformed\jetified-play-services-ads-22.6.0-runtime.jar: R8: Classes with missing EnclosingMethod: com.google.android.gms.internal.ads.zzfzp$zzj
INFO: C:\Users\user\.gradle\caches\transforms-3\6951a28fbeab4f5e0677dbbf51dd5290\transformed\jetified-play-services-ads-22.6.0-runtime.jar: R8: Classes with missing EnclosingMethod: com.google.android.gms.internal.ads.zzfzp$zzk
Resolve mutations for :app:compileReleaseArtProfile (Thread[#94,Execution worker Thread 11,5,main]) started.
:app:compileReleaseArtProfile (Thread[#94,Execution worker Thread 11,5,main]) started.

> Task :app:compileReleaseArtProfile
Caching disabled for task ':app:compileReleaseArtProfile' because:
  Build cache is disabled
Task ':app:compileReleaseArtProfile' is not up-to-date because:
  Output property 'binaryArtProfile' file C:\Users\user\Desktop\projects\Football Live Score (Topon)\Live Football\app\build\intermediates\binary_art_profile\release\baseline.prof has been removed.
  Output property 'binaryArtProfileMetadata' file C:\Users\user\Desktop\projects\Football Live Score (Topon)\Live Football\app\build\intermediates\binary_art_profile_metadata\release\baseline.profm has been removed.
Resolve mutations for :app:packageRelease (Thread[#94,Execution worker Thread 11,5,main]) started.
:app:packageRelease (Thread[#94,Execution worker Thread 11,5,main]) started.

> Task :app:packageRelease
Deleting stale output file: C:\Users\user\Desktop\projects\Football Live Score (Topon)\Live Football\app\build\outputs\apk\release
Deleting stale output file: C:\Users\user\Desktop\projects\Football Live Score (Topon)\Live Football\app\build\intermediates\incremental\packageRelease\tmp
Caching disabled for task ':app:packageRelease' because:
  Build cache is disabled
Task ':app:packageRelease' is not up-to-date because:
  No history is available.
The input changes require a full rebuild for incremental task ':app:packageRelease'.
Resolve mutations for :app:createReleaseApkListingFileRedirect (Thread[#94,Execution worker Thread 11,5,main]) started.
:app:createReleaseApkListingFileRedirect (Thread[#94,Execution worker Thread 11,5,main]) started.

> Task :app:createReleaseApkListingFileRedirect
Caching disabled for task ':app:createReleaseApkListingFileRedirect' because:
  Build cache is disabled
Task ':app:createReleaseApkListingFileRedirect' is not up-to-date because:
  No history is available.
Resolve mutations for :app:assembleRelease (Thread[#94,Execution worker Thread 11,5,main]) started.
:app:assembleRelease (Thread[#94,Execution worker Thread 11,5,main]) started.

> Task :app:assembleRelease
Skipping task ':app:assembleRelease' as it has no actions.
Android Lint: Disposing Uast application environment in lint classloader [31.2.2]

BUILD SUCCESSFUL in 6m 35s
46 actionable tasks: 18 executed, 28 up-to-date
Watched directory hierarchies: [C:\Users\user\Desktop\projects\Football Live Score (Topon)\Live Football]
